    scenario
      <char>
1: scenario1
2: scenario2
                                                                                                                                                                                                                                             png
                                                                                                                                                                                                                                          <char>
1: /project/temp/deferiprone_single_oral_25mgkg_designcheck_20260511/validation/design_change_n403030_wtmclustT10_nomix_site403030_nondesignquota_precisionchol_basefitbootinit_preboot_20260521/reports/figures/scenario1_dv_time_by_design.png
2: /project/temp/deferiprone_single_oral_25mgkg_designcheck_20260511/validation/design_change_n403030_wtmclustT10_nomix_site403030_nondesignquota_precisionchol_basefitbootinit_preboot_20260521/reports/figures/scenario2_dv_time_by_design.png
                                                                                                                                                                                                                                             svg
                                                                                                                                                                                                                                          <char>
1: /project/temp/deferiprone_single_oral_25mgkg_designcheck_20260511/validation/design_change_n403030_wtmclustT10_nomix_site403030_nondesignquota_precisionchol_basefitbootinit_preboot_20260521/reports/figures/scenario1_dv_time_by_design.svg
2: /project/temp/deferiprone_single_oral_25mgkg_designcheck_20260511/validation/design_change_n403030_wtmclustT10_nomix_site403030_nondesignquota_precisionchol_basefitbootinit_preboot_20260521/reports/figures/scenario2_dv_time_by_design.svg
                                                                                                                                                                                                                                      nested_png
                                                                                                                                                                                                                                          <char>
1: /project/temp/deferiprone_single_oral_25mgkg_designcheck_20260511/validation/design_change_n403030_wtmclustT10_nomix_site403030_nondesignquota_precisionchol_basefitbootinit_preboot_20260521/reports/figures/scenario1/dv_time_by_design.png
2: /project/temp/deferiprone_single_oral_25mgkg_designcheck_20260511/validation/design_change_n403030_wtmclustT10_nomix_site403030_nondesignquota_precisionchol_basefitbootinit_preboot_20260521/reports/figures/scenario2/dv_time_by_design.png
                                                                                                                                                                                                                                      nested_svg
                                                                                                                                                                                                                                          <char>
1: /project/temp/deferiprone_single_oral_25mgkg_designcheck_20260511/validation/design_change_n403030_wtmclustT10_nomix_site403030_nondesignquota_precisionchol_basefitbootinit_preboot_20260521/reports/figures/scenario1/dv_time_by_design.svg
2: /project/temp/deferiprone_single_oral_25mgkg_designcheck_20260511/validation/design_change_n403030_wtmclustT10_nomix_site403030_nondesignquota_precisionchol_basefitbootinit_preboot_20260521/reports/figures/scenario2/dv_time_by_design.svg
