time="2026-05-24T01:43:23+09:00" level=warning msg="The \"SERVER_CONFIG_PATH\" variable is not set. Defaulting to a blank string."
Compose now can delegate build to bake for better performances
Just set COMPOSE_BAKE=true
#0 building with "default" instance using docker driver

#1 [client1 internal] load build definition from Dockerfile.app
#1 transferring dockerfile: 778B done
#1 DONE 0.0s

#2 [client3 internal] load build definition from Dockerfile.app
#2 transferring dockerfile: 778B done
#2 DONE 0.0s

#3 [client2 internal] load build definition from Dockerfile.app
#3 transferring dockerfile: 778B done
#3 DONE 0.0s

#4 [client2 internal] load metadata for docker.io/fedpoppk/base:0.1.0
#4 DONE 0.0s

#5 [client1 internal] load .dockerignore
#5 transferring context: 2B done
#5 DONE 0.0s

#6 [client3 internal] load .dockerignore
#6 transferring context: 2B done
#6 DONE 0.0s

#7 [client2 internal] load .dockerignore
#7 transferring context: 2B done
#7 DONE 0.0s

#8 [client2 1/8] FROM docker.io/fedpoppk/base:0.1.0
#8 DONE 0.0s

#9 [client2 internal] load build context
#9 ...

#10 [client1 internal] load build context
#10 transferring context: 736.51kB 0.3s done
#10 DONE 0.3s

#9 [client2 internal] load build context
#9 transferring context: 736.51kB 0.3s done
#9 DONE 0.3s

#11 [client3 internal] load build context
#11 transferring context: 736.51kB 0.3s done
#11 DONE 0.3s

#12 [client1 7/8] COPY analysis/ analysis/
#12 CACHED

#13 [client1 4/8] RUN Rscript -e "options(renv.consent=TRUE, Ncpus=parallel::detectCores());                 renv::restore(prompt=FALSE)"
#13 CACHED

#14 [client1 3/8] COPY renv.lock .Rprofile renv/activate.R ./
#14 CACHED

#15 [client1 5/8] COPY apps/ apps/
#15 CACHED

#16 [client1 6/8] COPY R/ R/
#16 CACHED

#17 [client1 2/8] WORKDIR /project
#17 CACHED

#18 [client2 8/8] RUN mkdir -p /project/configs/modes /project/data /project/artifacts /project/result
#18 CACHED

#19 [client1] exporting to image
#19 exporting layers done
#19 writing image sha256:f4084b8365b891da69194c4d0d9b1bcd9fb7bb64fb69dcd3bfecdf900937c6fd done
#19 naming to docker.io/library/defboot_design_change_n403030_wtmclu_scenario2_466_470-client1 0.0s done
#19 DONE 0.0s

#20 [client2] exporting to image
#20 exporting layers done
#20 writing image sha256:f2edcd493d12abd0d30d6a6353e1e316092e715b9ad1aa859b8ff74ef8a90a31 done
#20 naming to docker.io/library/defboot_design_change_n403030_wtmclu_scenario2_466_470-client2 0.0s done
#20 DONE 0.0s

#21 [client3] exporting to image
#21 exporting layers done
#21 writing image sha256:0246c255083d4ba82393481097ed6c633cac0d3f0feaa2830a6f7efe60f95f13 done
#21 naming to docker.io/library/defboot_design_change_n403030_wtmclu_scenario2_466_470-client3 0.0s done
#21 DONE 0.1s

#22 [client3] resolving provenance for metadata file
#22 DONE 0.0s

#23 [client2] resolving provenance for metadata file
#23 DONE 0.0s

#24 [client1] resolving provenance for metadata file
#24 DONE 0.0s

#25 [server internal] load build definition from Dockerfile.app
#25 transferring dockerfile: 778B done
#25 DONE 0.0s

#4 [server internal] load metadata for docker.io/fedpoppk/base:0.1.0
#4 DONE 0.0s

#26 [server internal] load .dockerignore
#26 transferring context: 2B done
#26 DONE 0.0s

#8 [server 1/8] FROM docker.io/fedpoppk/base:0.1.0
#8 DONE 0.0s

#27 [server internal] load build context
#27 transferring context: 736.51kB 0.3s done
#27 DONE 0.3s

#28 [server 5/8] COPY apps/ apps/
#28 CACHED

#29 [server 3/8] COPY renv.lock .Rprofile renv/activate.R ./
#29 CACHED

#30 [server 7/8] COPY analysis/ analysis/
#30 CACHED

#31 [server 4/8] RUN Rscript -e "options(renv.consent=TRUE, Ncpus=parallel::detectCores());                 renv::restore(prompt=FALSE)"
#31 CACHED

#17 [server 2/8] WORKDIR /project
#17 CACHED

#32 [server 6/8] COPY R/ R/
#32 CACHED

#33 [server 8/8] RUN mkdir -p /project/configs/modes /project/data /project/artifacts /project/result
#33 CACHED

#34 [server] exporting to image
#34 exporting layers done
#34 writing image sha256:88ba9a043b990dc8dc2defbb3a52d0df6deae427670853d0a414748aa12826cb done
#34 naming to docker.io/library/defboot_design_change_n403030_wtmclu_scenario2_466_470-server 0.0s done
#34 DONE 0.0s

#35 [server] resolving provenance for metadata file
#35 DONE 0.0s
 client1  Built
 client2  Built
 client3  Built
 server  Built
 Network defboot_design_change_n403030_wtmclu_scenario2_466_470_site3_net  Creating
 Network defboot_design_change_n403030_wtmclu_scenario2_466_470_site3_net  Created
 Network defboot_design_change_n403030_wtmclu_scenario2_466_470_site1_net  Creating
 Network defboot_design_change_n403030_wtmclu_scenario2_466_470_site1_net  Created
 Network defboot_design_change_n403030_wtmclu_scenario2_466_470_site2_net  Creating
 Network defboot_design_change_n403030_wtmclu_scenario2_466_470_site2_net  Created
 Container defboot_design_change_n403030_wtmclu_scenario2_466_470-client3-1  Creating
 Container defboot_design_change_n403030_wtmclu_scenario2_466_470-client1-1  Creating
 Container defboot_design_change_n403030_wtmclu_scenario2_466_470-client2-1  Creating
 Container defboot_design_change_n403030_wtmclu_scenario2_466_470-client2-1  Created
 Container defboot_design_change_n403030_wtmclu_scenario2_466_470-client3-1  Created
 Container defboot_design_change_n403030_wtmclu_scenario2_466_470-client1-1  Created
 Container defboot_design_change_n403030_wtmclu_scenario2_466_470-server-1  Creating
 Container defboot_design_change_n403030_wtmclu_scenario2_466_470-server-1  Created
Attaching to client1-1, client2-1, client3-1, server-1
client3-1  | Running plumber API at http://0.0.0.0:8000
client3-1  | Running swagger Docs at http://127.0.0.1:8000/__docs__/
client1-1  | Running plumber API at http://0.0.0.0:8000
client1-1  | Running swagger Docs at http://127.0.0.1:8000/__docs__/
client2-1  | Running plumber API at http://0.0.0.0:8000
client2-1  | Running swagger Docs at http://127.0.0.1:8000/__docs__/
client1-1  | ℹ parameter labels from comments are typically ignored in non-interactive mode
client1-1  | ℹ Need to run with the source intact to parse comments
client3-1  | ℹ parameter labels from comments are typically ignored in non-interactive mode
client2-1  | ℹ parameter labels from comments are typically ignored in non-interactive mode
client3-1  | ℹ Need to run with the source intact to parse comments
client2-1  | ℹ Need to run with the source intact to parse comments
server-1   | [send_init] http://client1:8000 init succeeded
server-1   | [send_init] http://client2:8000 init succeeded
server-1   | [send_init] http://client3:8000 init succeeded
server-1   | {"schema":{"schema_version":"1.1.0","generated_at":"2026-05-23T16:43:31Z","config_path":"/project/configs/../temp/deferiprone_single_oral_25mgkg_designcheck_20260511/validation/design_change_n403030_wtmclustT10_nomix_site403030_nondesignquota_precisionchol_basefitbootinit_preboot_20260521/configs/resolved/scenario2_bootstrap.json","config_md5":"67e6a296d3935d620e746ed6160f8ca2","seed":4869,"host":"48bd82470168","pid":1,"image_tag":null,"git_sha":null,"git_dirty":null},"aggregation":{"ci_method":"percentile","ci_level":0.95,"quantile_type":7,"estimates_scale":"natural"},"summary":[{"parameter":"(etaLcl,etaLvc)","median":0.062570416809,"p2.5":0.046371045041,"p97.5":0.077512371742},{"parameter":"CcPropSd","median":0.36204454787,"p2.5":0.32271534524,"p97.5":0.40338820618},{"parameter":"etaLcl","median":0.10975724341,"p2.5":0.087341822589,"p97.5":0.12370305956},{"parameter":"etaLvc","median":0.046424707766,"p2.5":0.022412934211,"p97.5":0.05021702869},{"parameter":"lcl","median":2.1537805995,"p2.5":2.1409558034,"p97.5":2.2395575453},{"parameter":"lka","median":2.3130383227,"p2.5":2.2971802709,"p97.5":2.328402621},{"parameter":"lvc","median":3.0218128046,"p2.5":2.9521762496,"p97.5":3.027412874},{"parameter":"rho_(etaLcl,etaLvc)","median":0.98336918582,"p2.5":0.96573961189,"p97.5":0.98462362645}],"runs":[{"tag":"trial_466_20260523-164331","value":2224.2551,"counts":[25,25],"control":{"maxit":100,"factr":1000000000,"pgtol":0,"trace":0,"method":"L-BFGS-B"},"convergence":0,"message":"CONVERGENCE: REL_REDUCTION_OF_F <= FACTR*EPSMCH","nat_par":{"lka":2.3142151823,"lcl":2.1537805995,"lvc":3.0243990321,"CcPropSd":0.36204454787,"etaLcl":0.085638862466,"etaLvc":0.046424707766,"(etaLcl,etaLvc)":0.062004988275,"rho_(etaLcl,etaLvc)":0.98336918582},"failed_clients":[],"attempt":1,"files":{"result":"/project/temp/deferiprone_single_oral_25mgkg_designcheck_20260511/validation/design_change_n403030_wtmclustT10_nomix_site403030_nondesignquota_precisionchol_basefitbootinit_preboot_20260521/runs/scenario2/bootstrap/federated/scenario2/raw_runs/run_20260523-164331/optim_result_trial_466_20260523-164331.json","trace":"/project/temp/deferiprone_single_oral_25mgkg_designcheck_20260511/validation/design_change_n403030_wtmclustT10_nomix_site403030_nondesignquota_precisionchol_basefitbootinit_preboot_20260521/runs/scenario2/bootstrap/federated/scenario2/raw_runs/run_20260523-164331/optim_trace_trial_466_20260523-164331.csv","final":"/project/temp/deferiprone_single_oral_25mgkg_designcheck_20260511/validation/design_change_n403030_wtmclustT10_nomix_site403030_nondesignquota_precisionchol_basefitbootinit_preboot_20260521/runs/scenario2/bootstrap/federated/scenario2/raw_runs/run_20260523-164331/final_params_trial_466_20260523-164331.csv"},"log_n":25,"execution_state":"completed","trial":466,"attempts":1},{"tag":"trial_467_20260523-164641","value":2210.5611,"counts":[22,22],"control":{"maxit":100,"factr":1000000000,"pgtol":0,"trace":0,"method":"L-BFGS-B"},"convergence":0,"message":"CONVERGENCE: REL_REDUCTION_OF_F <= FACTR*EPSMCH","nat_par":{"lka":2.296049863,"lcl":2.1402422168,"lvc":2.9510895031,"CcPropSd":0.31990155616,"etaLcl":0.1026684637,"etaLvc":0.020868673549,"(etaLcl,etaLvc)":0.044633940237,"rho_(etaLcl,etaLvc)":0.96427137175},"failed_clients":[],"attempt":1,"files":{"result":"/project/temp/deferiprone_single_oral_25mgkg_designcheck_20260511/validation/design_change_n403030_wtmclustT10_nomix_site403030_nondesignquota_precisionchol_basefitbootinit_preboot_20260521/runs/scenario2/bootstrap/federated/scenario2/raw_runs/run_20260523-164331/optim_result_trial_467_20260523-164641.json","trace":"/project/temp/deferiprone_single_oral_25mgkg_designcheck_20260511/validation/design_change_n403030_wtmclustT10_nomix_site403030_nondesignquota_precisionchol_basefitbootinit_preboot_20260521/runs/scenario2/bootstrap/federated/scenario2/raw_runs/run_20260523-164331/optim_trace_trial_467_20260523-164641.csv","final":"/project/temp/deferiprone_single_oral_25mgkg_designcheck_20260511/validation/design_change_n403030_wtmclustT10_nomix_site403030_nondesignquota_precisionchol_basefitbootinit_preboot_20260521/runs/scenario2/bootstrap/federated/scenario2/raw_runs/run_20260523-164331/final_params_trial_467_20260523-164641.csv"},"log_n":22,"execution_state":"completed","trial":467,"attempts":1},{"tag":"trial_468_20260523-164928","value":2223.7306,"counts":[24,24],"control":{"maxit":100,"factr":1000000000,"pgtol":0,"trace":0,"method":"L-BFGS-B"},"convergence":0,"message":"CONVERGENCE: REL_REDUCTION_OF_F <= FACTR*EPSMCH","nat_par":{"lka":2.3130383227,"lcl":2.1473780822,"lvc":2.961956968,"CcPropSd":0.34803944696,"etaLcl":0.11250508871,"etaLvc":0.036311280167,"(etaLcl,etaLvc)":0.062570416809,"rho_(etaLcl,etaLvc)":0.97895377314},"failed_clients":[],"attempt":1,"files":{"result":"/project/temp/deferiprone_single_oral_25mgkg_designcheck_20260511/validation/design_change_n403030_wtmclustT10_nomix_site403030_nondesignquota_precisionchol_basefitbootinit_preboot_20260521/runs/scenario2/bootstrap/federated/scenario2/raw_runs/run_20260523-164331/optim_result_trial_468_20260523-164928.json","trace":"/project/temp/deferiprone_single_oral_25mgkg_designcheck_20260511/validation/design_change_n403030_wtmclustT10_nomix_site403030_nondesignquota_precisionchol_basefitbootinit_preboot_20260521/runs/scenario2/bootstrap/federated/scenario2/raw_runs/run_20260523-164331/optim_trace_trial_468_20260523-164928.csv","final":"/project/temp/deferiprone_single_oral_25mgkg_designcheck_20260511/validation/design_change_n403030_wtmclustT10_nomix_site403030_nondesignquota_precisionchol_basefitbootinit_preboot_20260521/runs/scenario2/bootstrap/federated/scenario2/raw_runs/run_20260523-164331/final_params_trial_468_20260523-164928.csv"},"log_n":24,"execution_state":"completed","trial":468,"attempts":1},{"tag":"trial_469_20260523-165229","value":2223.3009,"counts":[22,22],"control":{"maxit":100,"factr":1000000000,"pgtol":0,"trace":0,"method":"L-BFGS-B"},"convergence":0,"message":"CONVERGENCE: REL_REDUCTION_OF_F <= FACTR*EPSMCH","nat_par":{"lka":2.3299790031,"lcl":2.1962166134,"lvc":3.0277477454,"CcPropSd":0.37799156335,"etaLcl":0.10975724341,"etaLvc":0.048310918231,"(etaLcl,etaLvc)":0.071654685349,"rho_(etaLcl,etaLvc)":0.98402323158},"failed_clients":[],"attempt":1,"files":{"result":"/project/temp/deferiprone_single_oral_25mgkg_designcheck_20260511/validation/design_change_n403030_wtmclustT10_nomix_site403030_nondesignquota_precisionchol_basefitbootinit_preboot_20260521/runs/scenario2/bootstrap/federated/scenario2/raw_runs/run_20260523-164331/optim_result_trial_469_20260523-165229.json","trace":"/project/temp/deferiprone_single_oral_25mgkg_designcheck_20260511/validation/design_change_n403030_wtmclustT10_nomix_site403030_nondesignquota_precisionchol_basefitbootinit_preboot_20260521/runs/scenario2/bootstrap/federated/scenario2/raw_runs/run_20260523-164331/optim_trace_trial_469_20260523-165229.csv","final":"/project/temp/deferiprone_single_oral_25mgkg_designcheck_20260511/validation/design_change_n403030_wtmclustT10_nomix_site403030_nondesignquota_precisionchol_basefitbootinit_preboot_20260521/runs/scenario2/bootstrap/federated/scenario2/raw_runs/run_20260523-164331/final_params_trial_469_20260523-165229.csv"},"log_n":22,"execution_state":"completed","trial":469,"attempts":1},{"tag":"trial_470_20260523-165516","value":2253.3603,"counts":[36,36],"control":{"maxit":100,"factr":1000000000,"pgtol":0,"trace":0,"method":"L-BFGS-B"},"convergence":0,"message":"CONVERGENCE: REL_REDUCTION_OF_F <= FACTR*EPSMCH","nat_par":{"lka":2.3073539417,"lcl":2.2443732044,"lvc":3.0218128046,"CcPropSd":0.40621005538,"etaLcl":0.12494727854,"etaLvc":0.050428818741,"(etaLcl,etaLvc)":0.078163225786,"rho_(etaLcl,etaLvc)":0.98469033699},"failed_clients":[],"attempt":1,"files":{"result":"/project/temp/deferiprone_single_oral_25mgkg_designcheck_20260511/validation/design_change_n403030_wtmclustT10_nomix_site403030_nondesignquota_precisionchol_basefitbootinit_preboot_20260521/runs/scenario2/bootstrap/federated/scenario2/raw_runs/run_20260523-164331/optim_result_trial_470_20260523-165516.json","trace":"/project/temp/deferiprone_single_oral_25mgkg_designcheck_20260511/validation/design_change_n403030_wtmclustT10_nomix_site403030_nondesignquota_precisionchol_basefitbootinit_preboot_20260521/runs/scenario2/bootstrap/federated/scenario2/raw_runs/run_20260523-164331/optim_trace_trial_470_20260523-165516.csv","final":"/project/temp/deferiprone_single_oral_25mgkg_designcheck_20260511/validation/design_change_n403030_wtmclustT10_nomix_site403030_nondesignquota_precisionchol_basefitbootinit_preboot_20260521/runs/scenario2/bootstrap/federated/scenario2/raw_runs/run_20260523-164331/final_params_trial_470_20260523-165516.csv"},"log_n":36,"execution_state":"completed","trial":470,"attempts":1}],"trial_status":[{"trial":466,"execution_state":"completed","converged":true,"attempts":1,"convergence":0,"value":2224.2551,"eval_fn":25,"eval_gr":25,"log_n":25,"failed_clients_n":0,"message":"CONVERGENCE: REL_REDUCTION_OF_F <= FACTR*EPSMCH","result_file":"/project/temp/deferiprone_single_oral_25mgkg_designcheck_20260511/validation/design_change_n403030_wtmclustT10_nomix_site403030_nondesignquota_precisionchol_basefitbootinit_preboot_20260521/runs/scenario2/bootstrap/federated/scenario2/raw_runs/run_20260523-164331/optim_result_trial_466_20260523-164331.json","trace_file":"/project/temp/deferiprone_single_oral_25mgkg_designcheck_20260511/validation/design_change_n403030_wtmclustT10_nomix_site403030_nondesignquota_precisionchol_basefitbootinit_preboot_20260521/runs/scenario2/bootstrap/federated/scenario2/raw_runs/run_20260523-164331/optim_trace_trial_466_20260523-164331.csv","final_file":"/project/temp/deferiprone_single_oral_25mgkg_designcheck_20260511/validation/design_change_n403030_wtmclustT10_nomix_site403030_nondesignquota_precisionchol_basefitbootinit_preboot_20260521/runs/scenario2/bootstrap/federated/scenario2/raw_runs/run_20260523-164331/final_params_trial_466_20260523-164331.csv"},{"trial":467,"execution_state":"completed","converged":true,"attempts":1,"convergence":0,"value":2210.5611,"eval_fn":22,"eval_gr":22,"log_n":22,"failed_clients_n":0,"message":"CONVERGENCE: REL_REDUCTION_OF_F <= FACTR*EPSMCH","result_file":"/project/temp/deferiprone_single_oral_25mgkg_designcheck_20260511/validation/design_change_n403030_wtmclustT10_nomix_site403030_nondesignquota_precisionchol_basefitbootinit_preboot_20260521/runs/scenario2/bootstrap/federated/scenario2/raw_runs/run_20260523-164331/optim_result_trial_467_20260523-164641.json","trace_file":"/project/temp/deferiprone_single_oral_25mgkg_designcheck_20260511/validation/design_change_n403030_wtmclustT10_nomix_site403030_nondesignquota_precisionchol_basefitbootinit_preboot_20260521/runs/scenario2/bootstrap/federated/scenario2/raw_runs/run_20260523-164331/optim_trace_trial_467_20260523-164641.csv","final_file":"/project/temp/deferiprone_single_oral_25mgkg_designcheck_20260511/validation/design_change_n403030_wtmclustT10_nomix_site403030_nondesignquota_precisionchol_basefitbootinit_preboot_20260521/runs/scenario2/bootstrap/federated/scenario2/raw_runs/run_20260523-164331/final_params_trial_467_20260523-164641.csv"},{"trial":468,"execution_state":"completed","converged":true,"attempts":1,"convergence":0,"value":2223.7306,"eval_fn":24,"eval_gr":24,"log_n":24,"failed_clients_n":0,"message":"CONVERGENCE: REL_REDUCTION_OF_F <= FACTR*EPSMCH","result_file":"/project/temp/deferiprone_single_oral_25mgkg_designcheck_20260511/validation/design_change_n403030_wtmclustT10_nomix_site403030_nondesignquota_precisionchol_basefitbootinit_preboot_20260521/runs/scenario2/bootstrap/federated/scenario2/raw_runs/run_20260523-164331/optim_result_trial_468_20260523-164928.json","trace_file":"/project/temp/deferiprone_single_oral_25mgkg_designcheck_20260511/validation/design_change_n403030_wtmclustT10_nomix_site403030_nondesignquota_precisionchol_basefitbootinit_preboot_20260521/runs/scenario2/bootstrap/federated/scenario2/raw_runs/run_20260523-164331/optim_trace_trial_468_20260523-164928.csv","final_file":"/project/temp/deferiprone_single_oral_25mgkg_designcheck_20260511/validation/design_change_n403030_wtmclustT10_nomix_site403030_nondesignquota_precisionchol_basefitbootinit_preboot_20260521/runs/scenario2/bootstrap/federated/scenario2/raw_runs/run_20260523-164331/final_params_trial_468_20260523-164928.csv"},{"trial":469,"execution_state":"completed","converged":true,"attempts":1,"convergence":0,"value":2223.3009,"eval_fn":22,"eval_gr":22,"log_n":22,"failed_clients_n":0,"message":"CONVERGENCE: REL_REDUCTION_OF_F <= FACTR*EPSMCH","result_file":"/project/temp/deferiprone_single_oral_25mgkg_designcheck_20260511/validation/design_change_n403030_wtmclustT10_nomix_site403030_nondesignquota_precisionchol_basefitbootinit_preboot_20260521/runs/scenario2/bootstrap/federated/scenario2/raw_runs/run_20260523-164331/optim_result_trial_469_20260523-165229.json","trace_file":"/project/temp/deferiprone_single_oral_25mgkg_designcheck_20260511/validation/design_change_n403030_wtmclustT10_nomix_site403030_nondesignquota_precisionchol_basefitbootinit_preboot_20260521/runs/scenario2/bootstrap/federated/scenario2/raw_runs/run_20260523-164331/optim_trace_trial_469_20260523-165229.csv","final_file":"/project/temp/deferiprone_single_oral_25mgkg_designcheck_20260511/validation/design_change_n403030_wtmclustT10_nomix_site403030_nondesignquota_precisionchol_basefitbootinit_preboot_20260521/runs/scenario2/bootstrap/federated/scenario2/raw_runs/run_20260523-164331/final_params_trial_469_20260523-165229.csv"},{"trial":470,"execution_state":"completed","converged":true,"attempts":1,"convergence":0,"value":2253.3603,"eval_fn":36,"eval_gr":36,"log_n":36,"failed_clients_n":0,"message":"CONVERGENCE: REL_REDUCTION_OF_F <= FACTR*EPSMCH","result_file":"/project/temp/deferiprone_single_oral_25mgkg_designcheck_20260511/validation/design_change_n403030_wtmclustT10_nomix_site403030_nondesignquota_precisionchol_basefitbootinit_preboot_20260521/runs/scenario2/bootstrap/federated/scenario2/raw_runs/run_20260523-164331/optim_result_trial_470_20260523-165516.json","trace_file":"/project/temp/deferiprone_single_oral_25mgkg_designcheck_20260511/validation/design_change_n403030_wtmclustT10_nomix_site403030_nondesignquota_precisionchol_basefitbootinit_preboot_20260521/runs/scenario2/bootstrap/federated/scenario2/raw_runs/run_20260523-164331/optim_trace_trial_470_20260523-165516.csv","final_file":"/project/temp/deferiprone_single_oral_25mgkg_designcheck_20260511/validation/design_change_n403030_wtmclustT10_nomix_site403030_nondesignquota_precisionchol_basefitbootinit_preboot_20260521/runs/scenario2/bootstrap/federated/scenario2/raw_runs/run_20260523-164331/final_params_trial_470_20260523-165516.csv"}],"info":{"run_id":"20260523-164331","log_base_dir":"/project/temp/deferiprone_single_oral_25mgkg_designcheck_20260511/validation/design_change_n403030_wtmclustT10_nomix_site403030_nondesignquota_precisionchol_basefitbootinit_preboot_20260521/runs/scenario2/bootstrap/federated","scenario":"scenario2/raw_runs","total_trials":5,"successes":5,"failures":0,"nonconverged_count":0,"nonconverged_trials":[],"convergence_missing_count":0,"seed_base":4869,"B_per_client":500,"duration_sec":986.5276074409,"host":"48bd82470168","image_tag":null,"communication":{"generated_at":"2026-05-23T16:59:52Z","totals":{"requests":777,"request_bytes":866379,"response_bytes":197353,"total_bytes":1063732,"retries":0},"init":{"requests":3,"request_bytes":8139,"response_bytes":1161,"total_bytes":9300,"retries":0,"median_elapsed_sec":0.36358904839},"init_round_latency":{"n_rounds":1,"median_round_wall_sec":0.36686372757,"p95_round_wall_sec":0.36686372757},"run":{"requests":0,"request_bytes":0,"response_bytes":0,"total_bytes":0,"retries":0,"median_elapsed_sec":"NA"},"run_bootstrap":{"requests":774,"request_bytes":858240,"response_bytes":196192,"total_bytes":1054432,"retries":0,"median_elapsed_sec":3.6524361372},"round_latency":{"n_rounds":258,"median_round_wall_sec":3.7684391737,"p95_round_wall_sec":4.0278640866},"timing_split":{"n_rounds":258,"rounds_with_compute":258,"total_round_wall_sec":975.2921125889,"total_round_compute_wall_sec":966.8902,"total_round_comm_overhead_wall_sec":8.4019125889,"comm_overhead_ratio":0.0086147652385,"compute_ratio":0.99138523476}},"communication_files":{"csv":"/project/temp/deferiprone_single_oral_25mgkg_designcheck_20260511/validation/design_change_n403030_wtmclustT10_nomix_site403030_nondesignquota_precisionchol_basefitbootinit_preboot_20260521/runs/scenario2/bootstrap/federated/scenario2/raw_runs/run_20260523-164331/comm_metrics.csv","json":"/project/temp/deferiprone_single_oral_25mgkg_designcheck_20260511/validation/design_change_n403030_wtmclustT10_nomix_site403030_nondesignquota_precisionchol_basefitbootinit_preboot_20260521/runs/scenario2/bootstrap/federated/scenario2/raw_runs/run_20260523-164331/comm_metrics.json"},"output_files":{"bootstrap_summary_csv":"/project/temp/deferiprone_single_oral_25mgkg_designcheck_20260511/validation/design_change_n403030_wtmclustT10_nomix_site403030_nondesignquota_precisionchol_basefitbootinit_preboot_20260521/runs/scenario2/bootstrap/federated/scenario2/raw_runs/run_20260523-164331/bootstrap_summary.csv","bootstrap_summary_json":"/project/temp/deferiprone_single_oral_25mgkg_designcheck_20260511/validation/design_change_n403030_wtmclustT10_nomix_site403030_nondesignquota_precisionchol_basefitbootinit_preboot_20260521/runs/scenario2/bootstrap/federated/scenario2/raw_runs/run_20260523-164331/bootstrap_summary.json","trial_status_csv":"/project/temp/deferiprone_single_oral_25mgkg_designcheck_20260511/validation/design_change_n403030_wtmclustT10_nomix_site403030_nondesignquota_precisionchol_basefitbootinit_preboot_20260521/runs/scenario2/bootstrap/federated/scenario2/raw_runs/run_20260523-164331/trial_status.csv","failed_trials_csv":"/project/temp/deferiprone_single_oral_25mgkg_designcheck_20260511/validation/design_change_n403030_wtmclustT10_nomix_site403030_nondesignquota_precisionchol_basefitbootinit_preboot_20260521/runs/scenario2/bootstrap/federated/scenario2/raw_runs/run_20260523-164331/failed_trials.csv","trial_estimates_wide_csv":"/project/temp/deferiprone_single_oral_25mgkg_designcheck_20260511/validation/design_change_n403030_wtmclustT10_nomix_site403030_nondesignquota_precisionchol_basefitbootinit_preboot_20260521/runs/scenario2/bootstrap/federated/scenario2/raw_runs/run_20260523-164331/trial_estimates_wide.csv","trial_estimates_long_csv":"/project/temp/deferiprone_single_oral_25mgkg_designcheck_20260511/validation/design_change_n403030_wtmclustT10_nomix_site403030_nondesignquota_precisionchol_basefitbootinit_preboot_20260521/runs/scenario2/bootstrap/federated/scenario2/raw_runs/run_20260523-164331/trial_estimates_long.csv","result_json":"/project/temp/deferiprone_single_oral_25mgkg_designcheck_20260511/validation/design_change_n403030_wtmclustT10_nomix_site403030_nondesignquota_precisionchol_basefitbootinit_preboot_20260521/runs/scenario2/bootstrap/federated/scenario2/raw_runs/run_20260523-164331/result.json"}}}
[Kserver-1 exited with code 0
Aborting on container exit...
 Container defboot_design_change_n403030_wtmclu_scenario2_466_470-server-1  Stopping
 Container defboot_design_change_n403030_wtmclu_scenario2_466_470-server-1  Stopped
 Container defboot_design_change_n403030_wtmclu_scenario2_466_470-client2-1  Stopping
 Container defboot_design_change_n403030_wtmclu_scenario2_466_470-client3-1  Stopping
 Container defboot_design_change_n403030_wtmclu_scenario2_466_470-client1-1  Stopping
 Container defboot_design_change_n403030_wtmclu_scenario2_466_470-client2-1  Stopped
 Container defboot_design_change_n403030_wtmclu_scenario2_466_470-client3-1  Stopped
 Container defboot_design_change_n403030_wtmclu_scenario2_466_470-client1-1  Stopped
time="2026-05-24T02:00:03+09:00" level=warning msg="The \"SERVER_CONFIG_PATH\" variable is not set. Defaulting to a blank string."
 Container defboot_design_change_n403030_wtmclu_scenario2_466_470-server-1  Stopping
 Container defboot_design_change_n403030_wtmclu_scenario2_466_470-server-1  Stopped
 Container defboot_design_change_n403030_wtmclu_scenario2_466_470-server-1  Removing
 Container defboot_design_change_n403030_wtmclu_scenario2_466_470-server-1  Removed
 Container defboot_design_change_n403030_wtmclu_scenario2_466_470-client3-1  Stopping
 Container defboot_design_change_n403030_wtmclu_scenario2_466_470-client1-1  Stopping
 Container defboot_design_change_n403030_wtmclu_scenario2_466_470-client2-1  Stopping
 Container defboot_design_change_n403030_wtmclu_scenario2_466_470-client3-1  Stopped
 Container defboot_design_change_n403030_wtmclu_scenario2_466_470-client3-1  Removing
 Container defboot_design_change_n403030_wtmclu_scenario2_466_470-client1-1  Stopped
 Container defboot_design_change_n403030_wtmclu_scenario2_466_470-client1-1  Removing
 Container defboot_design_change_n403030_wtmclu_scenario2_466_470-client2-1  Stopped
 Container defboot_design_change_n403030_wtmclu_scenario2_466_470-client2-1  Removing
 Container defboot_design_change_n403030_wtmclu_scenario2_466_470-client3-1  Removed
 Container defboot_design_change_n403030_wtmclu_scenario2_466_470-client1-1  Removed
 Container defboot_design_change_n403030_wtmclu_scenario2_466_470-client2-1  Removed
 Network defboot_design_change_n403030_wtmclu_scenario2_466_470_site3_net  Removing
 Network defboot_design_change_n403030_wtmclu_scenario2_466_470_site1_net  Removing
 Network defboot_design_change_n403030_wtmclu_scenario2_466_470_site2_net  Removing
 Network defboot_design_change_n403030_wtmclu_scenario2_466_470_site1_net  Removed
 Network defboot_design_change_n403030_wtmclu_scenario2_466_470_site3_net  Removed
 Network defboot_design_change_n403030_wtmclu_scenario2_466_470_site2_net  Removed
