time="2026-05-23T16:26:13+09:00" level=warning msg="The \"SERVER_CONFIG_PATH\" variable is not set. Defaulting to a blank string."
Compose now can delegate build to bake for better performances
Just set COMPOSE_BAKE=true
#0 building with "default" instance using docker driver

#1 [client1 internal] load build definition from Dockerfile.app
#1 transferring dockerfile: 778B done
#1 DONE 0.0s

#2 [client2 internal] load build definition from Dockerfile.app
#2 transferring dockerfile: 778B done
#2 DONE 0.0s

#3 [client3 internal] load build definition from Dockerfile.app
#3 transferring dockerfile: 778B done
#3 DONE 0.0s

#4 [client3 internal] load metadata for docker.io/fedpoppk/base:0.1.0
#4 DONE 0.0s

#5 [client1 internal] load .dockerignore
#5 transferring context: 2B done
#5 DONE 0.0s

#6 [client2 internal] load .dockerignore
#6 transferring context: 2B done
#6 DONE 0.0s

#7 [client3 1/8] FROM docker.io/fedpoppk/base:0.1.0
#7 DONE 0.0s

#8 [client3 internal] load .dockerignore
#8 transferring context: 2B done
#8 DONE 0.0s

#9 [client1 internal] load build context
#9 transferring context: 736.51kB 0.2s done
#9 DONE 0.3s

#10 [client3 internal] load build context
#10 transferring context: 736.51kB 0.2s done
#10 DONE 0.3s

#11 [client2 internal] load build context
#11 transferring context: 736.51kB 0.2s done
#11 DONE 0.3s

#12 [client1 2/8] WORKDIR /project
#12 CACHED

#13 [client1 5/8] COPY apps/ apps/
#13 CACHED

#14 [client1 4/8] RUN Rscript -e "options(renv.consent=TRUE, Ncpus=parallel::detectCores());                 renv::restore(prompt=FALSE)"
#14 CACHED

#15 [client1 6/8] COPY R/ R/
#15 CACHED

#16 [client1 3/8] COPY renv.lock .Rprofile renv/activate.R ./
#16 CACHED

#17 [client1 7/8] COPY analysis/ analysis/
#17 CACHED

#18 [client2 8/8] RUN mkdir -p /project/configs/modes /project/data /project/artifacts /project/result
#18 CACHED

#19 [client3] exporting to image
#19 exporting layers done
#19 writing image sha256:c5194285a5e10e0759ad789a45eb6142bbb174a374457eb7e2a0ec90c19606e0 done
#19 naming to docker.io/library/defboot_design_change_n403030_wtmclu_scenario2_286_290-client3 0.0s done
#19 DONE 0.0s

#20 [client2] exporting to image
#20 exporting layers done
#20 writing image sha256:b84bcab62fc41f5152a5cb700c5bba0d3f4d5af258abf41de0af8beeaa553aff done
#20 naming to docker.io/library/defboot_design_change_n403030_wtmclu_scenario2_286_290-client2 0.0s done
#20 DONE 0.0s

#21 [client1] exporting to image
#21 exporting layers done
#21 writing image sha256:ac7eae594c63027cfb255b93f7890d2449cbac5bb4dce7f8ece41e9bf8b6e54b done
#21 naming to docker.io/library/defboot_design_change_n403030_wtmclu_scenario2_286_290-client1 0.0s done
#21 DONE 0.1s

#22 [client3] resolving provenance for metadata file
#22 DONE 0.0s

#23 [client1] resolving provenance for metadata file
#23 DONE 0.0s

#24 [client2] resolving provenance for metadata file
#24 DONE 0.0s

#25 [server internal] load build definition from Dockerfile.app
#25 transferring dockerfile: 778B done
#25 DONE 0.0s

#4 [server internal] load metadata for docker.io/fedpoppk/base:0.1.0
#4 DONE 0.0s

#26 [server internal] load .dockerignore
#26 transferring context: 2B done
#26 DONE 0.0s

#7 [server 1/8] FROM docker.io/fedpoppk/base:0.1.0
#7 DONE 0.0s

#27 [server internal] load build context
#27 transferring context: 736.51kB 0.3s done
#27 DONE 0.4s

#28 [server 4/8] RUN Rscript -e "options(renv.consent=TRUE, Ncpus=parallel::detectCores());                 renv::restore(prompt=FALSE)"
#28 CACHED

#29 [server 5/8] COPY apps/ apps/
#29 CACHED

#30 [server 7/8] COPY analysis/ analysis/
#30 CACHED

#12 [server 2/8] WORKDIR /project
#12 CACHED

#31 [server 3/8] COPY renv.lock .Rprofile renv/activate.R ./
#31 CACHED

#32 [server 6/8] COPY R/ R/
#32 CACHED

#33 [server 8/8] RUN mkdir -p /project/configs/modes /project/data /project/artifacts /project/result
#33 CACHED

#34 [server] exporting to image
#34 exporting layers done
#34 writing image sha256:2c69d03130ec5f90aa35b66861a48ab2feb4b109c6e73ccde820c2946f6aa7fb done
#34 naming to docker.io/library/defboot_design_change_n403030_wtmclu_scenario2_286_290-server 0.0s done
#34 DONE 0.0s

#35 [server] resolving provenance for metadata file
#35 DONE 0.0s
 client1  Built
 client2  Built
 client3  Built
 server  Built
 Network defboot_design_change_n403030_wtmclu_scenario2_286_290_site2_net  Creating
 Network defboot_design_change_n403030_wtmclu_scenario2_286_290_site2_net  Created
 Network defboot_design_change_n403030_wtmclu_scenario2_286_290_site3_net  Creating
 Network defboot_design_change_n403030_wtmclu_scenario2_286_290_site3_net  Created
 Network defboot_design_change_n403030_wtmclu_scenario2_286_290_site1_net  Creating
 Network defboot_design_change_n403030_wtmclu_scenario2_286_290_site1_net  Created
 Container defboot_design_change_n403030_wtmclu_scenario2_286_290-client1-1  Creating
 Container defboot_design_change_n403030_wtmclu_scenario2_286_290-client2-1  Creating
 Container defboot_design_change_n403030_wtmclu_scenario2_286_290-client3-1  Creating
 Container defboot_design_change_n403030_wtmclu_scenario2_286_290-client3-1  Created
 Container defboot_design_change_n403030_wtmclu_scenario2_286_290-client2-1  Created
 Container defboot_design_change_n403030_wtmclu_scenario2_286_290-client1-1  Created
 Container defboot_design_change_n403030_wtmclu_scenario2_286_290-server-1  Creating
 Container defboot_design_change_n403030_wtmclu_scenario2_286_290-server-1  Created
Attaching to client1-1, client2-1, client3-1, server-1
client3-1  | Running plumber API at http://0.0.0.0:8000
client2-1  | Running plumber API at http://0.0.0.0:8000
client1-1  | Running plumber API at http://0.0.0.0:8000
client3-1  | Running swagger Docs at http://127.0.0.1:8000/__docs__/
client2-1  | Running swagger Docs at http://127.0.0.1:8000/__docs__/
client1-1  | Running swagger Docs at http://127.0.0.1:8000/__docs__/
client1-1  | ℹ parameter labels from comments are typically ignored in non-interactive mode
client1-1  | ℹ Need to run with the source intact to parse comments
client2-1  | ℹ parameter labels from comments are typically ignored in non-interactive mode
client2-1  | ℹ Need to run with the source intact to parse comments
client3-1  | ℹ parameter labels from comments are typically ignored in non-interactive mode
client3-1  | ℹ Need to run with the source intact to parse comments
server-1   | [send_init] http://client1:8000 init succeeded
server-1   | [send_init] http://client3:8000 init succeeded
server-1   | [send_init] http://client2:8000 init succeeded
server-1   | {"schema":{"schema_version":"1.1.0","generated_at":"2026-05-23T07:26:22Z","config_path":"/project/configs/../temp/deferiprone_single_oral_25mgkg_designcheck_20260511/validation/design_change_n403030_wtmclustT10_nomix_site403030_nondesignquota_precisionchol_basefitbootinit_preboot_20260521/configs/resolved/scenario2_bootstrap.json","config_md5":"67e6a296d3935d620e746ed6160f8ca2","seed":4869,"host":"a35827c47f16","pid":1,"image_tag":null,"git_sha":null,"git_dirty":null},"aggregation":{"ci_method":"percentile","ci_level":0.95,"quantile_type":7,"estimates_scale":"natural"},"summary":[{"parameter":"(etaLcl,etaLvc)","median":0.057310233819,"p2.5":0.049978918795,"p97.5":0.06849178252},{"parameter":"CcPropSd","median":0.36856132918,"p2.5":0.35163086763,"p97.5":0.37231741872},{"parameter":"etaLcl","median":0.090414974911,"p2.5":0.086296229989,"p97.5":0.11772528662},{"parameter":"etaLvc","median":0.039775945414,"p2.5":0.029139034657,"p97.5":0.042584629856},{"parameter":"lcl","median":2.1653602595,"p2.5":2.1329834414,"p97.5":2.2589276704},{"parameter":"lka","median":2.2872139327,"p2.5":2.1754682901,"p97.5":2.4088669883},{"parameter":"lvc","median":2.9815201521,"p2.5":2.9296609607,"p97.5":3.0144769773},{"parameter":"rho_(etaLcl,etaLvc)","median":0.98069455626,"p2.5":0.97393366067,"p97.5":0.98194946739}],"runs":[{"tag":"trial_286_20260523-072622","value":2243.2772,"counts":[21,21],"control":{"maxit":100,"factr":1000000000,"pgtol":0,"trace":0,"method":"L-BFGS-B"},"convergence":0,"message":"CONVERGENCE: REL_REDUCTION_OF_F <= FACTR*EPSMCH","nat_par":{"lka":2.2872139327,"lcl":2.1653602595,"lvc":2.9895313361,"CcPropSd":0.3698816609,"etaLcl":0.11840587956,"etaLvc":0.041226487128,"(etaLcl,etaLvc)":0.068566671582,"rho_(etaLcl,etaLvc)":0.98138240812},"failed_clients":[],"attempt":1,"files":{"result":"/project/temp/deferiprone_single_oral_25mgkg_designcheck_20260511/validation/design_change_n403030_wtmclustT10_nomix_site403030_nondesignquota_precisionchol_basefitbootinit_preboot_20260521/runs/scenario2/bootstrap/federated/scenario2/raw_runs/run_20260523-072622/optim_result_trial_286_20260523-072622.json","trace":"/project/temp/deferiprone_single_oral_25mgkg_designcheck_20260511/validation/design_change_n403030_wtmclustT10_nomix_site403030_nondesignquota_precisionchol_basefitbootinit_preboot_20260521/runs/scenario2/bootstrap/federated/scenario2/raw_runs/run_20260523-072622/optim_trace_trial_286_20260523-072622.csv","final":"/project/temp/deferiprone_single_oral_25mgkg_designcheck_20260511/validation/design_change_n403030_wtmclustT10_nomix_site403030_nondesignquota_precisionchol_basefitbootinit_preboot_20260521/runs/scenario2/bootstrap/federated/scenario2/raw_runs/run_20260523-072622/final_params_trial_286_20260523-072622.csv"},"log_n":21,"execution_state":"completed","trial":286,"attempts":1},{"tag":"trial_287_20260523-072902","value":2214.116,"counts":[26,26],"control":{"maxit":100,"factr":1000000000,"pgtol":0,"trace":0,"method":"L-BFGS-B"},"convergence":0,"message":"CONVERGENCE: REL_REDUCTION_OF_F <= FACTR*EPSMCH","nat_par":{"lka":2.1827281156,"lcl":2.1443362653,"lvc":2.9253669448,"CcPropSd":0.35031680009,"etaLcl":0.090248212461,"etaLvc":0.032214075374,"(etaLcl,etaLvc)":0.052644024634,"rho_(etaLcl,etaLvc)":0.97635317777},"failed_clients":[],"attempt":1,"files":{"result":"/project/temp/deferiprone_single_oral_25mgkg_designcheck_20260511/validation/design_change_n403030_wtmclustT10_nomix_site403030_nondesignquota_precisionchol_basefitbootinit_preboot_20260521/runs/scenario2/bootstrap/federated/scenario2/raw_runs/run_20260523-072622/optim_result_trial_287_20260523-072902.json","trace":"/project/temp/deferiprone_single_oral_25mgkg_designcheck_20260511/validation/design_change_n403030_wtmclustT10_nomix_site403030_nondesignquota_precisionchol_basefitbootinit_preboot_20260521/runs/scenario2/bootstrap/federated/scenario2/raw_runs/run_20260523-072622/optim_trace_trial_287_20260523-072902.csv","final":"/project/temp/deferiprone_single_oral_25mgkg_designcheck_20260511/validation/design_change_n403030_wtmclustT10_nomix_site403030_nondesignquota_precisionchol_basefitbootinit_preboot_20260521/runs/scenario2/bootstrap/federated/scenario2/raw_runs/run_20260523-072622/final_params_trial_287_20260523-072902.csv"},"log_n":26,"execution_state":"completed","trial":287,"attempts":1},{"tag":"trial_288_20260523-073218","value":2227.182,"counts":[16,16],"control":{"maxit":100,"factr":1000000000,"pgtol":0,"trace":0,"method":"L-BFGS-B"},"convergence":0,"message":"CONVERGENCE: REL_REDUCTION_OF_F <= FACTR*EPSMCH","nat_par":{"lka":2.2882848571,"lcl":2.2065250468,"lvc":2.9683071032,"CcPropSd":0.36856132918,"etaLcl":0.11159995016,"etaLvc":0.042735534604,"(etaLcl,etaLvc)":0.067817780967,"rho_(etaLcl,etaLvc)":0.98201247397},"failed_clients":[],"attempt":1,"files":{"result":"/project/temp/deferiprone_single_oral_25mgkg_designcheck_20260511/validation/design_change_n403030_wtmclustT10_nomix_site403030_nondesignquota_precisionchol_basefitbootinit_preboot_20260521/runs/scenario2/bootstrap/federated/scenario2/raw_runs/run_20260523-072622/optim_result_trial_288_20260523-073218.json","trace":"/project/temp/deferiprone_single_oral_25mgkg_designcheck_20260511/validation/design_change_n403030_wtmclustT10_nomix_site403030_nondesignquota_precisionchol_basefitbootinit_preboot_20260521/runs/scenario2/bootstrap/federated/scenario2/raw_runs/run_20260523-072622/optim_trace_trial_288_20260523-073218.csv","final":"/project/temp/deferiprone_single_oral_25mgkg_designcheck_20260511/validation/design_change_n403030_wtmclustT10_nomix_site403030_nondesignquota_precisionchol_basefitbootinit_preboot_20260521/runs/scenario2/bootstrap/federated/scenario2/raw_runs/run_20260523-072622/final_params_trial_288_20260523-073218.csv"},"log_n":16,"execution_state":"completed","trial":288,"attempts":1},{"tag":"trial_289_20260523-073420","value":2248.5057,"counts":[24,24],"control":{"maxit":100,"factr":1000000000,"pgtol":0,"trace":0,"method":"L-BFGS-B"},"convergence":0,"message":"CONVERGENCE: REL_REDUCTION_OF_F <= FACTR*EPSMCH","nat_par":{"lka":2.4222650029,"lcl":2.1317220165,"lvc":2.9815201521,"CcPropSd":0.37258805848,"etaLcl":0.085857120826,"etaLvc":0.039775945414,"(etaLcl,etaLvc)":0.057310233819,"rho_(etaLcl,etaLvc)":0.98069455626},"failed_clients":[],"attempt":1,"files":{"result":"/project/temp/deferiprone_single_oral_25mgkg_designcheck_20260511/validation/design_change_n403030_wtmclustT10_nomix_site403030_nondesignquota_precisionchol_basefitbootinit_preboot_20260521/runs/scenario2/bootstrap/federated/scenario2/raw_runs/run_20260523-072622/optim_result_trial_289_20260523-073420.json","trace":"/project/temp/deferiprone_single_oral_25mgkg_designcheck_20260511/validation/design_change_n403030_wtmclustT10_nomix_site403030_nondesignquota_precisionchol_basefitbootinit_preboot_20260521/runs/scenario2/bootstrap/federated/scenario2/raw_runs/run_20260523-072622/optim_trace_trial_289_20260523-073420.csv","final":"/project/temp/deferiprone_single_oral_25mgkg_designcheck_20260511/validation/design_change_n403030_wtmclustT10_nomix_site403030_nondesignquota_precisionchol_basefitbootinit_preboot_20260521/runs/scenario2/bootstrap/federated/scenario2/raw_runs/run_20260523-072622/final_params_trial_289_20260523-073420.csv"},"log_n":24,"execution_state":"completed","trial":289,"attempts":1},{"tag":"trial_290_20260523-073724","value":2170.5631,"counts":[25,25],"control":{"maxit":100,"factr":1000000000,"pgtol":0,"trace":0,"method":"L-BFGS-B"},"convergence":0,"message":"CONVERGENCE: REL_REDUCTION_OF_F <= FACTR*EPSMCH","nat_par":{"lka":2.1746616429,"lcl":2.2647501841,"lvc":3.0172487152,"CcPropSd":0.36345747548,"etaLcl":0.090414974911,"etaLvc":0.028797363466,"(etaLcl,etaLvc)":0.049682795923,"rho_(etaLcl,etaLvc)":0.97366482543},"failed_clients":[],"attempt":1,"files":{"result":"/project/temp/deferiprone_single_oral_25mgkg_designcheck_20260511/validation/design_change_n403030_wtmclustT10_nomix_site403030_nondesignquota_precisionchol_basefitbootinit_preboot_20260521/runs/scenario2/bootstrap/federated/scenario2/raw_runs/run_20260523-072622/optim_result_trial_290_20260523-073724.json","trace":"/project/temp/deferiprone_single_oral_25mgkg_designcheck_20260511/validation/design_change_n403030_wtmclustT10_nomix_site403030_nondesignquota_precisionchol_basefitbootinit_preboot_20260521/runs/scenario2/bootstrap/federated/scenario2/raw_runs/run_20260523-072622/optim_trace_trial_290_20260523-073724.csv","final":"/project/temp/deferiprone_single_oral_25mgkg_designcheck_20260511/validation/design_change_n403030_wtmclustT10_nomix_site403030_nondesignquota_precisionchol_basefitbootinit_preboot_20260521/runs/scenario2/bootstrap/federated/scenario2/raw_runs/run_20260523-072622/final_params_trial_290_20260523-073724.csv"},"log_n":25,"execution_state":"completed","trial":290,"attempts":1}],"trial_status":[{"trial":286,"execution_state":"completed","converged":true,"attempts":1,"convergence":0,"value":2243.2772,"eval_fn":21,"eval_gr":21,"log_n":21,"failed_clients_n":0,"message":"CONVERGENCE: REL_REDUCTION_OF_F <= FACTR*EPSMCH","result_file":"/project/temp/deferiprone_single_oral_25mgkg_designcheck_20260511/validation/design_change_n403030_wtmclustT10_nomix_site403030_nondesignquota_precisionchol_basefitbootinit_preboot_20260521/runs/scenario2/bootstrap/federated/scenario2/raw_runs/run_20260523-072622/optim_result_trial_286_20260523-072622.json","trace_file":"/project/temp/deferiprone_single_oral_25mgkg_designcheck_20260511/validation/design_change_n403030_wtmclustT10_nomix_site403030_nondesignquota_precisionchol_basefitbootinit_preboot_20260521/runs/scenario2/bootstrap/federated/scenario2/raw_runs/run_20260523-072622/optim_trace_trial_286_20260523-072622.csv","final_file":"/project/temp/deferiprone_single_oral_25mgkg_designcheck_20260511/validation/design_change_n403030_wtmclustT10_nomix_site403030_nondesignquota_precisionchol_basefitbootinit_preboot_20260521/runs/scenario2/bootstrap/federated/scenario2/raw_runs/run_20260523-072622/final_params_trial_286_20260523-072622.csv"},{"trial":287,"execution_state":"completed","converged":true,"attempts":1,"convergence":0,"value":2214.116,"eval_fn":26,"eval_gr":26,"log_n":26,"failed_clients_n":0,"message":"CONVERGENCE: REL_REDUCTION_OF_F <= FACTR*EPSMCH","result_file":"/project/temp/deferiprone_single_oral_25mgkg_designcheck_20260511/validation/design_change_n403030_wtmclustT10_nomix_site403030_nondesignquota_precisionchol_basefitbootinit_preboot_20260521/runs/scenario2/bootstrap/federated/scenario2/raw_runs/run_20260523-072622/optim_result_trial_287_20260523-072902.json","trace_file":"/project/temp/deferiprone_single_oral_25mgkg_designcheck_20260511/validation/design_change_n403030_wtmclustT10_nomix_site403030_nondesignquota_precisionchol_basefitbootinit_preboot_20260521/runs/scenario2/bootstrap/federated/scenario2/raw_runs/run_20260523-072622/optim_trace_trial_287_20260523-072902.csv","final_file":"/project/temp/deferiprone_single_oral_25mgkg_designcheck_20260511/validation/design_change_n403030_wtmclustT10_nomix_site403030_nondesignquota_precisionchol_basefitbootinit_preboot_20260521/runs/scenario2/bootstrap/federated/scenario2/raw_runs/run_20260523-072622/final_params_trial_287_20260523-072902.csv"},{"trial":288,"execution_state":"completed","converged":true,"attempts":1,"convergence":0,"value":2227.182,"eval_fn":16,"eval_gr":16,"log_n":16,"failed_clients_n":0,"message":"CONVERGENCE: REL_REDUCTION_OF_F <= FACTR*EPSMCH","result_file":"/project/temp/deferiprone_single_oral_25mgkg_designcheck_20260511/validation/design_change_n403030_wtmclustT10_nomix_site403030_nondesignquota_precisionchol_basefitbootinit_preboot_20260521/runs/scenario2/bootstrap/federated/scenario2/raw_runs/run_20260523-072622/optim_result_trial_288_20260523-073218.json","trace_file":"/project/temp/deferiprone_single_oral_25mgkg_designcheck_20260511/validation/design_change_n403030_wtmclustT10_nomix_site403030_nondesignquota_precisionchol_basefitbootinit_preboot_20260521/runs/scenario2/bootstrap/federated/scenario2/raw_runs/run_20260523-072622/optim_trace_trial_288_20260523-073218.csv","final_file":"/project/temp/deferiprone_single_oral_25mgkg_designcheck_20260511/validation/design_change_n403030_wtmclustT10_nomix_site403030_nondesignquota_precisionchol_basefitbootinit_preboot_20260521/runs/scenario2/bootstrap/federated/scenario2/raw_runs/run_20260523-072622/final_params_trial_288_20260523-073218.csv"},{"trial":289,"execution_state":"completed","converged":true,"attempts":1,"convergence":0,"value":2248.5057,"eval_fn":24,"eval_gr":24,"log_n":24,"failed_clients_n":0,"message":"CONVERGENCE: REL_REDUCTION_OF_F <= FACTR*EPSMCH","result_file":"/project/temp/deferiprone_single_oral_25mgkg_designcheck_20260511/validation/design_change_n403030_wtmclustT10_nomix_site403030_nondesignquota_precisionchol_basefitbootinit_preboot_20260521/runs/scenario2/bootstrap/federated/scenario2/raw_runs/run_20260523-072622/optim_result_trial_289_20260523-073420.json","trace_file":"/project/temp/deferiprone_single_oral_25mgkg_designcheck_20260511/validation/design_change_n403030_wtmclustT10_nomix_site403030_nondesignquota_precisionchol_basefitbootinit_preboot_20260521/runs/scenario2/bootstrap/federated/scenario2/raw_runs/run_20260523-072622/optim_trace_trial_289_20260523-073420.csv","final_file":"/project/temp/deferiprone_single_oral_25mgkg_designcheck_20260511/validation/design_change_n403030_wtmclustT10_nomix_site403030_nondesignquota_precisionchol_basefitbootinit_preboot_20260521/runs/scenario2/bootstrap/federated/scenario2/raw_runs/run_20260523-072622/final_params_trial_289_20260523-073420.csv"},{"trial":290,"execution_state":"completed","converged":true,"attempts":1,"convergence":0,"value":2170.5631,"eval_fn":25,"eval_gr":25,"log_n":25,"failed_clients_n":0,"message":"CONVERGENCE: REL_REDUCTION_OF_F <= FACTR*EPSMCH","result_file":"/project/temp/deferiprone_single_oral_25mgkg_designcheck_20260511/validation/design_change_n403030_wtmclustT10_nomix_site403030_nondesignquota_precisionchol_basefitbootinit_preboot_20260521/runs/scenario2/bootstrap/federated/scenario2/raw_runs/run_20260523-072622/optim_result_trial_290_20260523-073724.json","trace_file":"/project/temp/deferiprone_single_oral_25mgkg_designcheck_20260511/validation/design_change_n403030_wtmclustT10_nomix_site403030_nondesignquota_precisionchol_basefitbootinit_preboot_20260521/runs/scenario2/bootstrap/federated/scenario2/raw_runs/run_20260523-072622/optim_trace_trial_290_20260523-073724.csv","final_file":"/project/temp/deferiprone_single_oral_25mgkg_designcheck_20260511/validation/design_change_n403030_wtmclustT10_nomix_site403030_nondesignquota_precisionchol_basefitbootinit_preboot_20260521/runs/scenario2/bootstrap/federated/scenario2/raw_runs/run_20260523-072622/final_params_trial_290_20260523-073724.csv"}],"info":{"run_id":"20260523-072622","log_base_dir":"/project/temp/deferiprone_single_oral_25mgkg_designcheck_20260511/validation/design_change_n403030_wtmclustT10_nomix_site403030_nondesignquota_precisionchol_basefitbootinit_preboot_20260521/runs/scenario2/bootstrap/federated","scenario":"scenario2/raw_runs","total_trials":5,"successes":5,"failures":0,"nonconverged_count":0,"nonconverged_trials":[],"convergence_missing_count":0,"seed_base":4869,"B_per_client":500,"duration_sec":862.0825810432,"host":"a35827c47f16","image_tag":null,"communication":{"generated_at":"2026-05-23T07:40:38Z","totals":{"requests":675,"request_bytes":753159,"response_bytes":171325,"total_bytes":924484,"retries":0},"init":{"requests":3,"request_bytes":8139,"response_bytes":1161,"total_bytes":9300,"retries":0,"median_elapsed_sec":0.36327457428},"init_round_latency":{"n_rounds":1,"median_round_wall_sec":0.36864757538,"p95_round_wall_sec":0.36864757538},"run":{"requests":0,"request_bytes":0,"response_bytes":0,"total_bytes":0,"retries":0,"median_elapsed_sec":"NA"},"run_bootstrap":{"requests":672,"request_bytes":745020,"response_bytes":170164,"total_bytes":915184,"retries":0,"median_elapsed_sec":3.6545528173},"round_latency":{"n_rounds":224,"median_round_wall_sec":3.7804621458,"p95_round_wall_sec":4.0839945793},"timing_split":{"n_rounds":224,"rounds_with_compute":224,"total_round_wall_sec":851.356985569,"total_round_compute_wall_sec":843.949,"total_round_comm_overhead_wall_sec":7.407985569,"comm_overhead_ratio":0.0087013857813,"compute_ratio":0.99129861422}},"communication_files":{"csv":"/project/temp/deferiprone_single_oral_25mgkg_designcheck_20260511/validation/design_change_n403030_wtmclustT10_nomix_site403030_nondesignquota_precisionchol_basefitbootinit_preboot_20260521/runs/scenario2/bootstrap/federated/scenario2/raw_runs/run_20260523-072622/comm_metrics.csv","json":"/project/temp/deferiprone_single_oral_25mgkg_designcheck_20260511/validation/design_change_n403030_wtmclustT10_nomix_site403030_nondesignquota_precisionchol_basefitbootinit_preboot_20260521/runs/scenario2/bootstrap/federated/scenario2/raw_runs/run_20260523-072622/comm_metrics.json"},"output_files":{"bootstrap_summary_csv":"/project/temp/deferiprone_single_oral_25mgkg_designcheck_20260511/validation/design_change_n403030_wtmclustT10_nomix_site403030_nondesignquota_precisionchol_basefitbootinit_preboot_20260521/runs/scenario2/bootstrap/federated/scenario2/raw_runs/run_20260523-072622/bootstrap_summary.csv","bootstrap_summary_json":"/project/temp/deferiprone_single_oral_25mgkg_designcheck_20260511/validation/design_change_n403030_wtmclustT10_nomix_site403030_nondesignquota_precisionchol_basefitbootinit_preboot_20260521/runs/scenario2/bootstrap/federated/scenario2/raw_runs/run_20260523-072622/bootstrap_summary.json","trial_status_csv":"/project/temp/deferiprone_single_oral_25mgkg_designcheck_20260511/validation/design_change_n403030_wtmclustT10_nomix_site403030_nondesignquota_precisionchol_basefitbootinit_preboot_20260521/runs/scenario2/bootstrap/federated/scenario2/raw_runs/run_20260523-072622/trial_status.csv","failed_trials_csv":"/project/temp/deferiprone_single_oral_25mgkg_designcheck_20260511/validation/design_change_n403030_wtmclustT10_nomix_site403030_nondesignquota_precisionchol_basefitbootinit_preboot_20260521/runs/scenario2/bootstrap/federated/scenario2/raw_runs/run_20260523-072622/failed_trials.csv","trial_estimates_wide_csv":"/project/temp/deferiprone_single_oral_25mgkg_designcheck_20260511/validation/design_change_n403030_wtmclustT10_nomix_site403030_nondesignquota_precisionchol_basefitbootinit_preboot_20260521/runs/scenario2/bootstrap/federated/scenario2/raw_runs/run_20260523-072622/trial_estimates_wide.csv","trial_estimates_long_csv":"/project/temp/deferiprone_single_oral_25mgkg_designcheck_20260511/validation/design_change_n403030_wtmclustT10_nomix_site403030_nondesignquota_precisionchol_basefitbootinit_preboot_20260521/runs/scenario2/bootstrap/federated/scenario2/raw_runs/run_20260523-072622/trial_estimates_long.csv","result_json":"/project/temp/deferiprone_single_oral_25mgkg_designcheck_20260511/validation/design_change_n403030_wtmclustT10_nomix_site403030_nondesignquota_precisionchol_basefitbootinit_preboot_20260521/runs/scenario2/bootstrap/federated/scenario2/raw_runs/run_20260523-072622/result.json"}}}
[Kserver-1 exited with code 0
Aborting on container exit...
 Container defboot_design_change_n403030_wtmclu_scenario2_286_290-server-1  Stopping
 Container defboot_design_change_n403030_wtmclu_scenario2_286_290-server-1  Stopped
 Container defboot_design_change_n403030_wtmclu_scenario2_286_290-client1-1  Stopping
 Container defboot_design_change_n403030_wtmclu_scenario2_286_290-client2-1  Stopping
 Container defboot_design_change_n403030_wtmclu_scenario2_286_290-client3-1  Stopping
 Container defboot_design_change_n403030_wtmclu_scenario2_286_290-client1-1  Stopped
 Container defboot_design_change_n403030_wtmclu_scenario2_286_290-client3-1  Stopped
 Container defboot_design_change_n403030_wtmclu_scenario2_286_290-client2-1  Stopped
time="2026-05-23T16:40:49+09:00" level=warning msg="The \"SERVER_CONFIG_PATH\" variable is not set. Defaulting to a blank string."
 Container defboot_design_change_n403030_wtmclu_scenario2_286_290-server-1  Stopping
 Container defboot_design_change_n403030_wtmclu_scenario2_286_290-server-1  Stopped
 Container defboot_design_change_n403030_wtmclu_scenario2_286_290-server-1  Removing
 Container defboot_design_change_n403030_wtmclu_scenario2_286_290-server-1  Removed
 Container defboot_design_change_n403030_wtmclu_scenario2_286_290-client3-1  Stopping
 Container defboot_design_change_n403030_wtmclu_scenario2_286_290-client1-1  Stopping
 Container defboot_design_change_n403030_wtmclu_scenario2_286_290-client2-1  Stopping
 Container defboot_design_change_n403030_wtmclu_scenario2_286_290-client3-1  Stopped
 Container defboot_design_change_n403030_wtmclu_scenario2_286_290-client3-1  Removing
 Container defboot_design_change_n403030_wtmclu_scenario2_286_290-client2-1  Stopped
 Container defboot_design_change_n403030_wtmclu_scenario2_286_290-client2-1  Removing
 Container defboot_design_change_n403030_wtmclu_scenario2_286_290-client1-1  Stopped
 Container defboot_design_change_n403030_wtmclu_scenario2_286_290-client1-1  Removing
 Container defboot_design_change_n403030_wtmclu_scenario2_286_290-client3-1  Removed
 Container defboot_design_change_n403030_wtmclu_scenario2_286_290-client2-1  Removed
 Container defboot_design_change_n403030_wtmclu_scenario2_286_290-client1-1  Removed
 Network defboot_design_change_n403030_wtmclu_scenario2_286_290_site1_net  Removing
 Network defboot_design_change_n403030_wtmclu_scenario2_286_290_site2_net  Removing
 Network defboot_design_change_n403030_wtmclu_scenario2_286_290_site3_net  Removing
 Network defboot_design_change_n403030_wtmclu_scenario2_286_290_site1_net  Removed
 Network defboot_design_change_n403030_wtmclu_scenario2_286_290_site2_net  Removed
 Network defboot_design_change_n403030_wtmclu_scenario2_286_290_site3_net  Removed
