time="2026-05-23T23:17:24+09:00" level=warning msg="The \"SERVER_CONFIG_PATH\" variable is not set. Defaulting to a blank string."
Compose now can delegate build to bake for better performances
Just set COMPOSE_BAKE=true
#0 building with "default" instance using docker driver

#1 [client1 internal] load build definition from Dockerfile.app
#1 transferring dockerfile: 778B done
#1 DONE 0.0s

#2 [client2 internal] load build definition from Dockerfile.app
#2 transferring dockerfile: 778B done
#2 DONE 0.0s

#3 [client3 internal] load build definition from Dockerfile.app
#3 transferring dockerfile: 778B done
#3 DONE 0.0s

#4 [client3 internal] load metadata for docker.io/fedpoppk/base:0.1.0
#4 DONE 0.0s

#5 [client1 internal] load .dockerignore
#5 transferring context: 2B done
#5 DONE 0.0s

#6 [client2 internal] load .dockerignore
#6 transferring context: 2B done
#6 DONE 0.0s

#7 [client3 internal] load .dockerignore
#7 transferring context: 2B done
#7 DONE 0.0s

#8 [client3 1/8] FROM docker.io/fedpoppk/base:0.1.0
#8 DONE 0.0s

#9 [client1 internal] load build context
#9 transferring context: 736.51kB 0.3s done
#9 DONE 0.3s

#10 [client3 internal] load build context
#10 transferring context: 736.51kB 0.3s done
#10 DONE 0.3s

#11 [client2 internal] load build context
#11 transferring context: 736.51kB 0.3s done
#11 DONE 0.3s

#12 [client1 5/8] COPY apps/ apps/
#12 CACHED

#13 [client1 6/8] COPY R/ R/
#13 CACHED

#14 [client1 3/8] COPY renv.lock .Rprofile renv/activate.R ./
#14 CACHED

#15 [client1 7/8] COPY analysis/ analysis/
#15 CACHED

#16 [client1 2/8] WORKDIR /project
#16 CACHED

#17 [client1 4/8] RUN Rscript -e "options(renv.consent=TRUE, Ncpus=parallel::detectCores());                 renv::restore(prompt=FALSE)"
#17 CACHED

#18 [client2 8/8] RUN mkdir -p /project/configs/modes /project/data /project/artifacts /project/result
#18 CACHED

#19 [client2] exporting to image
#19 exporting layers done
#19 writing image sha256:2bacbd2d7258136c52835edbf9a877495087b2407dea34ed62e05833f61e33d9 done
#19 naming to docker.io/library/defboot_design_change_n403030_wtmclu_scenario2_421_425-client2 0.0s done
#19 DONE 0.0s

#20 [client3] exporting to image
#20 exporting layers done
#20 writing image sha256:13da210d35fc99a9214a61e7d4eed6ad50432119802ea87913ae4131f84eff13 done
#20 naming to docker.io/library/defboot_design_change_n403030_wtmclu_scenario2_421_425-client3 0.0s done
#20 DONE 0.0s

#21 [client1] exporting to image
#21 exporting layers done
#21 writing image sha256:8f169d9409f2f1ccb63d3b44232704e35e5bebc56a3b4cd2c167ec48b716a8e6 done
#21 naming to docker.io/library/defboot_design_change_n403030_wtmclu_scenario2_421_425-client1 0.0s done
#21 DONE 0.1s

#22 [client2] resolving provenance for metadata file
#22 DONE 0.0s

#23 [client3] resolving provenance for metadata file
#23 DONE 0.0s

#24 [client1] resolving provenance for metadata file
#24 DONE 0.0s

#25 [server internal] load build definition from Dockerfile.app
#25 transferring dockerfile: 778B done
#25 DONE 0.0s

#4 [server internal] load metadata for docker.io/fedpoppk/base:0.1.0
#4 DONE 0.0s

#26 [server internal] load .dockerignore
#26 transferring context: 2B done
#26 DONE 0.0s

#8 [server 1/8] FROM docker.io/fedpoppk/base:0.1.0
#8 DONE 0.0s

#27 [server internal] load build context
#27 transferring context: 736.51kB 0.3s done
#27 DONE 0.4s

#28 [server 4/8] RUN Rscript -e "options(renv.consent=TRUE, Ncpus=parallel::detectCores());                 renv::restore(prompt=FALSE)"
#28 CACHED

#29 [server 7/8] COPY analysis/ analysis/
#29 CACHED

#30 [server 3/8] COPY renv.lock .Rprofile renv/activate.R ./
#30 CACHED

#31 [server 5/8] COPY apps/ apps/
#31 CACHED

#32 [server 6/8] COPY R/ R/
#32 CACHED

#16 [server 2/8] WORKDIR /project
#16 CACHED

#33 [server 8/8] RUN mkdir -p /project/configs/modes /project/data /project/artifacts /project/result
#33 CACHED

#34 [server] exporting to image
#34 exporting layers done
#34 writing image sha256:e95fc9a60fd6ca7bfa30a5fb6e482201562ec24a29b2ef032019f2ffcf7c48b4 done
#34 naming to docker.io/library/defboot_design_change_n403030_wtmclu_scenario2_421_425-server 0.0s done
#34 DONE 0.0s

#35 [server] resolving provenance for metadata file
#35 DONE 0.0s
 client1  Built
 client2  Built
 client3  Built
 server  Built
 Network defboot_design_change_n403030_wtmclu_scenario2_421_425_site1_net  Creating
 Network defboot_design_change_n403030_wtmclu_scenario2_421_425_site1_net  Created
 Network defboot_design_change_n403030_wtmclu_scenario2_421_425_site2_net  Creating
 Network defboot_design_change_n403030_wtmclu_scenario2_421_425_site2_net  Created
 Network defboot_design_change_n403030_wtmclu_scenario2_421_425_site3_net  Creating
 Network defboot_design_change_n403030_wtmclu_scenario2_421_425_site3_net  Created
 Container defboot_design_change_n403030_wtmclu_scenario2_421_425-client3-1  Creating
 Container defboot_design_change_n403030_wtmclu_scenario2_421_425-client1-1  Creating
 Container defboot_design_change_n403030_wtmclu_scenario2_421_425-client2-1  Creating
 Container defboot_design_change_n403030_wtmclu_scenario2_421_425-client2-1  Created
 Container defboot_design_change_n403030_wtmclu_scenario2_421_425-client1-1  Created
 Container defboot_design_change_n403030_wtmclu_scenario2_421_425-client3-1  Created
 Container defboot_design_change_n403030_wtmclu_scenario2_421_425-server-1  Creating
 Container defboot_design_change_n403030_wtmclu_scenario2_421_425-server-1  Created
Attaching to client1-1, client2-1, client3-1, server-1
client1-1  | Running plumber API at http://0.0.0.0:8000
client1-1  | Running swagger Docs at http://127.0.0.1:8000/__docs__/
client2-1  | Running plumber API at http://0.0.0.0:8000
client2-1  | Running swagger Docs at http://127.0.0.1:8000/__docs__/
client3-1  | Running plumber API at http://0.0.0.0:8000
client3-1  | Running swagger Docs at http://127.0.0.1:8000/__docs__/
client1-1  | ℹ parameter labels from comments are typically ignored in non-interactive mode
client2-1  | ℹ parameter labels from comments are typically ignored in non-interactive mode
client1-1  | ℹ Need to run with the source intact to parse comments
client2-1  | ℹ Need to run with the source intact to parse comments
client3-1  | ℹ parameter labels from comments are typically ignored in non-interactive mode
client3-1  | ℹ Need to run with the source intact to parse comments
server-1   | [send_init] http://client2:8000 init succeeded
server-1   | [send_init] http://client1:8000 init succeeded
server-1   | [send_init] http://client3:8000 init succeeded
server-1   | {"schema":{"schema_version":"1.1.0","generated_at":"2026-05-23T14:17:33Z","config_path":"/project/configs/../temp/deferiprone_single_oral_25mgkg_designcheck_20260511/validation/design_change_n403030_wtmclustT10_nomix_site403030_nondesignquota_precisionchol_basefitbootinit_preboot_20260521/configs/resolved/scenario2_bootstrap.json","config_md5":"67e6a296d3935d620e746ed6160f8ca2","seed":4869,"host":"a2841bbb0fbb","pid":1,"image_tag":null,"git_sha":null,"git_dirty":null},"aggregation":{"ci_method":"percentile","ci_level":0.95,"quantile_type":7,"estimates_scale":"natural"},"summary":[{"parameter":"(etaLcl,etaLvc)","median":0.052350754449,"p2.5":0.037153543073,"p97.5":0.074743862972},{"parameter":"CcPropSd","median":0.34989248444,"p2.5":0.33606306569,"p97.5":0.37775114755},{"parameter":"etaLcl","median":0.10986243081,"p2.5":0.07100446696,"p97.5":0.12711782237},{"parameter":"etaLvc","median":0.026433248273,"p2.5":0.020556124543,"p97.5":0.047135208462},{"parameter":"lcl","median":2.157426254,"p2.5":2.0970533557,"p97.5":2.2680971027},{"parameter":"lka","median":2.3089889103,"p2.5":2.0122145212,"p97.5":2.3748688358},{"parameter":"lvc","median":2.9638059153,"p2.5":2.9211191877,"p97.5":3.0400787186},{"parameter":"rho_(etaLcl,etaLvc)","median":0.97145586666,"p2.5":0.96352158034,"p97.5":0.98364783104}],"runs":[{"tag":"trial_421_20260523-141733","value":2179.5919,"counts":[26,26],"control":{"maxit":100,"factr":1000000000,"pgtol":0,"trace":0,"method":"L-BFGS-B"},"convergence":0,"message":"CONVERGENCE: REL_REDUCTION_OF_F <= FACTR*EPSMCH","nat_par":{"lka":2.3089889103,"lcl":2.2269927887,"lvc":3.0052406257,"CcPropSd":0.34989248444,"etaLcl":0.10986243081,"etaLvc":0.026433248273,"(etaLcl,etaLvc)":0.052350754449,"rho_(etaLcl,etaLvc)":0.97145586666},"failed_clients":[],"attempt":1,"files":{"result":"/project/temp/deferiprone_single_oral_25mgkg_designcheck_20260511/validation/design_change_n403030_wtmclustT10_nomix_site403030_nondesignquota_precisionchol_basefitbootinit_preboot_20260521/runs/scenario2/bootstrap/federated/scenario2/raw_runs/run_20260523-141733/optim_result_trial_421_20260523-141733.json","trace":"/project/temp/deferiprone_single_oral_25mgkg_designcheck_20260511/validation/design_change_n403030_wtmclustT10_nomix_site403030_nondesignquota_precisionchol_basefitbootinit_preboot_20260521/runs/scenario2/bootstrap/federated/scenario2/raw_runs/run_20260523-141733/optim_trace_trial_421_20260523-141733.csv","final":"/project/temp/deferiprone_single_oral_25mgkg_designcheck_20260511/validation/design_change_n403030_wtmclustT10_nomix_site403030_nondesignquota_precisionchol_basefitbootinit_preboot_20260521/runs/scenario2/bootstrap/federated/scenario2/raw_runs/run_20260523-141733/final_params_trial_421_20260523-141733.csv"},"log_n":26,"execution_state":"completed","trial":421,"attempts":1},{"tag":"trial_422_20260523-142049","value":2159.3223,"counts":[28,28],"control":{"maxit":100,"factr":1000000000,"pgtol":0,"trace":0,"method":"L-BFGS-B"},"convergence":0,"message":"CONVERGENCE: REL_REDUCTION_OF_F <= FACTR*EPSMCH","nat_par":{"lka":1.9960118906,"lcl":2.157426254,"lvc":2.9638059153,"CcPropSd":0.33635309699,"etaLcl":0.072629403192,"etaLvc":0.020006114798,"(etaLcl,etaLvc)":0.036699029263,"rho_(etaLcl,etaLvc)":0.96275761132},"failed_clients":[],"attempt":1,"files":{"result":"/project/temp/deferiprone_single_oral_25mgkg_designcheck_20260511/validation/design_change_n403030_wtmclustT10_nomix_site403030_nondesignquota_precisionchol_basefitbootinit_preboot_20260521/runs/scenario2/bootstrap/federated/scenario2/raw_runs/run_20260523-141733/optim_result_trial_422_20260523-142049.json","trace":"/project/temp/deferiprone_single_oral_25mgkg_designcheck_20260511/validation/design_change_n403030_wtmclustT10_nomix_site403030_nondesignquota_precisionchol_basefitbootinit_preboot_20260521/runs/scenario2/bootstrap/federated/scenario2/raw_runs/run_20260523-141733/optim_trace_trial_422_20260523-142049.csv","final":"/project/temp/deferiprone_single_oral_25mgkg_designcheck_20260511/validation/design_change_n403030_wtmclustT10_nomix_site403030_nondesignquota_precisionchol_basefitbootinit_preboot_20260521/runs/scenario2/bootstrap/federated/scenario2/raw_runs/run_20260523-141733/final_params_trial_422_20260523-142049.csv"},"log_n":28,"execution_state":"completed","trial":422,"attempts":1},{"tag":"trial_423_20260523-142422","value":2270.1258,"counts":[23,23],"control":{"maxit":100,"factr":1000000000,"pgtol":0,"trace":0,"method":"L-BFGS-B"},"convergence":0,"message":"CONVERGENCE: REL_REDUCTION_OF_F <= FACTR*EPSMCH","nat_par":{"lka":2.1580381966,"lcl":2.1545679258,"lvc":2.942109822,"CcPropSd":0.36510522083,"etaLcl":0.121952421,"etaLvc":0.047398633758,"(etaLcl,etaLvc)":0.074792600154,"rho_(etaLcl,etaLvc)":0.98374039883},"failed_clients":[],"attempt":1,"files":{"result":"/project/temp/deferiprone_single_oral_25mgkg_designcheck_20260511/validation/design_change_n403030_wtmclustT10_nomix_site403030_nondesignquota_precisionchol_basefitbootinit_preboot_20260521/runs/scenario2/bootstrap/federated/scenario2/raw_runs/run_20260523-141733/optim_result_trial_423_20260523-142422.json","trace":"/project/temp/deferiprone_single_oral_25mgkg_designcheck_20260511/validation/design_change_n403030_wtmclustT10_nomix_site403030_nondesignquota_precisionchol_basefitbootinit_preboot_20260521/runs/scenario2/bootstrap/federated/scenario2/raw_runs/run_20260523-141733/optim_trace_trial_423_20260523-142422.csv","final":"/project/temp/deferiprone_single_oral_25mgkg_designcheck_20260511/validation/design_change_n403030_wtmclustT10_nomix_site403030_nondesignquota_precisionchol_basefitbootinit_preboot_20260521/runs/scenario2/bootstrap/federated/scenario2/raw_runs/run_20260523-141733/final_params_trial_423_20260523-142422.csv"},"log_n":23,"execution_state":"completed","trial":423,"attempts":1},{"tag":"trial_424_20260523-142718","value":2208.263,"counts":[17,17],"control":{"maxit":100,"factr":1000000000,"pgtol":0,"trace":0,"method":"L-BFGS-B"},"convergence":0,"message":"CONVERGENCE: REL_REDUCTION_OF_F <= FACTR*EPSMCH","nat_par":{"lka":2.3815572486,"lcl":2.2726642487,"lvc":3.0439496178,"CcPropSd":0.37915625052,"etaLcl":0.12769175586,"etaLvc":0.044764380797,"(etaLcl,etaLvc)":0.074305228332,"rho_(etaLcl,etaLvc)":0.98281472093},"failed_clients":[],"attempt":1,"files":{"result":"/project/temp/deferiprone_single_oral_25mgkg_designcheck_20260511/validation/design_change_n403030_wtmclustT10_nomix_site403030_nondesignquota_precisionchol_basefitbootinit_preboot_20260521/runs/scenario2/bootstrap/federated/scenario2/raw_runs/run_20260523-141733/optim_result_trial_424_20260523-142718.json","trace":"/project/temp/deferiprone_single_oral_25mgkg_designcheck_20260511/validation/design_change_n403030_wtmclustT10_nomix_site403030_nondesignquota_precisionchol_basefitbootinit_preboot_20260521/runs/scenario2/bootstrap/federated/scenario2/raw_runs/run_20260523-141733/optim_trace_trial_424_20260523-142718.csv","final":"/project/temp/deferiprone_single_oral_25mgkg_designcheck_20260511/validation/design_change_n403030_wtmclustT10_nomix_site403030_nondesignquota_precisionchol_basefitbootinit_preboot_20260521/runs/scenario2/bootstrap/federated/scenario2/raw_runs/run_20260523-141733/final_params_trial_424_20260523-142718.csv"},"log_n":17,"execution_state":"completed","trial":424,"attempts":1},{"tag":"trial_425_20260523-142927","value":2207.4259,"counts":[21,21],"control":{"maxit":100,"factr":1000000000,"pgtol":0,"trace":0,"method":"L-BFGS-B"},"convergence":0,"message":"CONVERGENCE: REL_REDUCTION_OF_F <= FACTR*EPSMCH","nat_par":{"lka":2.3146731209,"lcl":2.0906628479,"lvc":2.918786895,"CcPropSd":0.33603083999,"etaLcl":0.07082391849,"etaLvc":0.025506212248,"(etaLcl,etaLvc)":0.041244167369,"rho_(etaLcl,etaLvc)":0.97039730158},"failed_clients":[],"attempt":1,"files":{"result":"/project/temp/deferiprone_single_oral_25mgkg_designcheck_20260511/validation/design_change_n403030_wtmclustT10_nomix_site403030_nondesignquota_precisionchol_basefitbootinit_preboot_20260521/runs/scenario2/bootstrap/federated/scenario2/raw_runs/run_20260523-141733/optim_result_trial_425_20260523-142927.json","trace":"/project/temp/deferiprone_single_oral_25mgkg_designcheck_20260511/validation/design_change_n403030_wtmclustT10_nomix_site403030_nondesignquota_precisionchol_basefitbootinit_preboot_20260521/runs/scenario2/bootstrap/federated/scenario2/raw_runs/run_20260523-141733/optim_trace_trial_425_20260523-142927.csv","final":"/project/temp/deferiprone_single_oral_25mgkg_designcheck_20260511/validation/design_change_n403030_wtmclustT10_nomix_site403030_nondesignquota_precisionchol_basefitbootinit_preboot_20260521/runs/scenario2/bootstrap/federated/scenario2/raw_runs/run_20260523-141733/final_params_trial_425_20260523-142927.csv"},"log_n":21,"execution_state":"completed","trial":425,"attempts":1}],"trial_status":[{"trial":421,"execution_state":"completed","converged":true,"attempts":1,"convergence":0,"value":2179.5919,"eval_fn":26,"eval_gr":26,"log_n":26,"failed_clients_n":0,"message":"CONVERGENCE: REL_REDUCTION_OF_F <= FACTR*EPSMCH","result_file":"/project/temp/deferiprone_single_oral_25mgkg_designcheck_20260511/validation/design_change_n403030_wtmclustT10_nomix_site403030_nondesignquota_precisionchol_basefitbootinit_preboot_20260521/runs/scenario2/bootstrap/federated/scenario2/raw_runs/run_20260523-141733/optim_result_trial_421_20260523-141733.json","trace_file":"/project/temp/deferiprone_single_oral_25mgkg_designcheck_20260511/validation/design_change_n403030_wtmclustT10_nomix_site403030_nondesignquota_precisionchol_basefitbootinit_preboot_20260521/runs/scenario2/bootstrap/federated/scenario2/raw_runs/run_20260523-141733/optim_trace_trial_421_20260523-141733.csv","final_file":"/project/temp/deferiprone_single_oral_25mgkg_designcheck_20260511/validation/design_change_n403030_wtmclustT10_nomix_site403030_nondesignquota_precisionchol_basefitbootinit_preboot_20260521/runs/scenario2/bootstrap/federated/scenario2/raw_runs/run_20260523-141733/final_params_trial_421_20260523-141733.csv"},{"trial":422,"execution_state":"completed","converged":true,"attempts":1,"convergence":0,"value":2159.3223,"eval_fn":28,"eval_gr":28,"log_n":28,"failed_clients_n":0,"message":"CONVERGENCE: REL_REDUCTION_OF_F <= FACTR*EPSMCH","result_file":"/project/temp/deferiprone_single_oral_25mgkg_designcheck_20260511/validation/design_change_n403030_wtmclustT10_nomix_site403030_nondesignquota_precisionchol_basefitbootinit_preboot_20260521/runs/scenario2/bootstrap/federated/scenario2/raw_runs/run_20260523-141733/optim_result_trial_422_20260523-142049.json","trace_file":"/project/temp/deferiprone_single_oral_25mgkg_designcheck_20260511/validation/design_change_n403030_wtmclustT10_nomix_site403030_nondesignquota_precisionchol_basefitbootinit_preboot_20260521/runs/scenario2/bootstrap/federated/scenario2/raw_runs/run_20260523-141733/optim_trace_trial_422_20260523-142049.csv","final_file":"/project/temp/deferiprone_single_oral_25mgkg_designcheck_20260511/validation/design_change_n403030_wtmclustT10_nomix_site403030_nondesignquota_precisionchol_basefitbootinit_preboot_20260521/runs/scenario2/bootstrap/federated/scenario2/raw_runs/run_20260523-141733/final_params_trial_422_20260523-142049.csv"},{"trial":423,"execution_state":"completed","converged":true,"attempts":1,"convergence":0,"value":2270.1258,"eval_fn":23,"eval_gr":23,"log_n":23,"failed_clients_n":0,"message":"CONVERGENCE: REL_REDUCTION_OF_F <= FACTR*EPSMCH","result_file":"/project/temp/deferiprone_single_oral_25mgkg_designcheck_20260511/validation/design_change_n403030_wtmclustT10_nomix_site403030_nondesignquota_precisionchol_basefitbootinit_preboot_20260521/runs/scenario2/bootstrap/federated/scenario2/raw_runs/run_20260523-141733/optim_result_trial_423_20260523-142422.json","trace_file":"/project/temp/deferiprone_single_oral_25mgkg_designcheck_20260511/validation/design_change_n403030_wtmclustT10_nomix_site403030_nondesignquota_precisionchol_basefitbootinit_preboot_20260521/runs/scenario2/bootstrap/federated/scenario2/raw_runs/run_20260523-141733/optim_trace_trial_423_20260523-142422.csv","final_file":"/project/temp/deferiprone_single_oral_25mgkg_designcheck_20260511/validation/design_change_n403030_wtmclustT10_nomix_site403030_nondesignquota_precisionchol_basefitbootinit_preboot_20260521/runs/scenario2/bootstrap/federated/scenario2/raw_runs/run_20260523-141733/final_params_trial_423_20260523-142422.csv"},{"trial":424,"execution_state":"completed","converged":true,"attempts":1,"convergence":0,"value":2208.263,"eval_fn":17,"eval_gr":17,"log_n":17,"failed_clients_n":0,"message":"CONVERGENCE: REL_REDUCTION_OF_F <= FACTR*EPSMCH","result_file":"/project/temp/deferiprone_single_oral_25mgkg_designcheck_20260511/validation/design_change_n403030_wtmclustT10_nomix_site403030_nondesignquota_precisionchol_basefitbootinit_preboot_20260521/runs/scenario2/bootstrap/federated/scenario2/raw_runs/run_20260523-141733/optim_result_trial_424_20260523-142718.json","trace_file":"/project/temp/deferiprone_single_oral_25mgkg_designcheck_20260511/validation/design_change_n403030_wtmclustT10_nomix_site403030_nondesignquota_precisionchol_basefitbootinit_preboot_20260521/runs/scenario2/bootstrap/federated/scenario2/raw_runs/run_20260523-141733/optim_trace_trial_424_20260523-142718.csv","final_file":"/project/temp/deferiprone_single_oral_25mgkg_designcheck_20260511/validation/design_change_n403030_wtmclustT10_nomix_site403030_nondesignquota_precisionchol_basefitbootinit_preboot_20260521/runs/scenario2/bootstrap/federated/scenario2/raw_runs/run_20260523-141733/final_params_trial_424_20260523-142718.csv"},{"trial":425,"execution_state":"completed","converged":true,"attempts":1,"convergence":0,"value":2207.4259,"eval_fn":21,"eval_gr":21,"log_n":21,"failed_clients_n":0,"message":"CONVERGENCE: REL_REDUCTION_OF_F <= FACTR*EPSMCH","result_file":"/project/temp/deferiprone_single_oral_25mgkg_designcheck_20260511/validation/design_change_n403030_wtmclustT10_nomix_site403030_nondesignquota_precisionchol_basefitbootinit_preboot_20260521/runs/scenario2/bootstrap/federated/scenario2/raw_runs/run_20260523-141733/optim_result_trial_425_20260523-142927.json","trace_file":"/project/temp/deferiprone_single_oral_25mgkg_designcheck_20260511/validation/design_change_n403030_wtmclustT10_nomix_site403030_nondesignquota_precisionchol_basefitbootinit_preboot_20260521/runs/scenario2/bootstrap/federated/scenario2/raw_runs/run_20260523-141733/optim_trace_trial_425_20260523-142927.csv","final_file":"/project/temp/deferiprone_single_oral_25mgkg_designcheck_20260511/validation/design_change_n403030_wtmclustT10_nomix_site403030_nondesignquota_precisionchol_basefitbootinit_preboot_20260521/runs/scenario2/bootstrap/federated/scenario2/raw_runs/run_20260523-141733/final_params_trial_425_20260523-142927.csv"}],"info":{"run_id":"20260523-141733","log_base_dir":"/project/temp/deferiprone_single_oral_25mgkg_designcheck_20260511/validation/design_change_n403030_wtmclustT10_nomix_site403030_nondesignquota_precisionchol_basefitbootinit_preboot_20260521/runs/scenario2/bootstrap/federated","scenario":"scenario2/raw_runs","total_trials":5,"successes":5,"failures":0,"nonconverged_count":0,"nonconverged_trials":[],"convergence_missing_count":0,"seed_base":4869,"B_per_client":500,"duration_sec":882.5842795372,"host":"a2841bbb0fbb","image_tag":null,"communication":{"generated_at":"2026-05-23T14:32:10Z","totals":{"requests":693,"request_bytes":772953,"response_bytes":176023,"total_bytes":948976,"retries":0},"init":{"requests":3,"request_bytes":8139,"response_bytes":1161,"total_bytes":9300,"retries":0,"median_elapsed_sec":0.36636757851},"init_round_latency":{"n_rounds":1,"median_round_wall_sec":0.36827969551,"p95_round_wall_sec":0.36827969551},"run":{"requests":0,"request_bytes":0,"response_bytes":0,"total_bytes":0,"retries":0,"median_elapsed_sec":"NA"},"run_bootstrap":{"requests":690,"request_bytes":764814,"response_bytes":174862,"total_bytes":939676,"retries":0,"median_elapsed_sec":3.6489671469},"round_latency":{"n_rounds":230,"median_round_wall_sec":3.7745245695,"p95_round_wall_sec":4.0585368156},"timing_split":{"n_rounds":230,"rounds_with_compute":230,"total_round_wall_sec":871.8809361458,"total_round_compute_wall_sec":864.1978,"total_round_comm_overhead_wall_sec":7.6831361458,"comm_overhead_ratio":0.0088121391663,"compute_ratio":0.99118786083}},"communication_files":{"csv":"/project/temp/deferiprone_single_oral_25mgkg_designcheck_20260511/validation/design_change_n403030_wtmclustT10_nomix_site403030_nondesignquota_precisionchol_basefitbootinit_preboot_20260521/runs/scenario2/bootstrap/federated/scenario2/raw_runs/run_20260523-141733/comm_metrics.csv","json":"/project/temp/deferiprone_single_oral_25mgkg_designcheck_20260511/validation/design_change_n403030_wtmclustT10_nomix_site403030_nondesignquota_precisionchol_basefitbootinit_preboot_20260521/runs/scenario2/bootstrap/federated/scenario2/raw_runs/run_20260523-141733/comm_metrics.json"},"output_files":{"bootstrap_summary_csv":"/project/temp/deferiprone_single_oral_25mgkg_designcheck_20260511/validation/design_change_n403030_wtmclustT10_nomix_site403030_nondesignquota_precisionchol_basefitbootinit_preboot_20260521/runs/scenario2/bootstrap/federated/scenario2/raw_runs/run_20260523-141733/bootstrap_summary.csv","bootstrap_summary_json":"/project/temp/deferiprone_single_oral_25mgkg_designcheck_20260511/validation/design_change_n403030_wtmclustT10_nomix_site403030_nondesignquota_precisionchol_basefitbootinit_preboot_20260521/runs/scenario2/bootstrap/federated/scenario2/raw_runs/run_20260523-141733/bootstrap_summary.json","trial_status_csv":"/project/temp/deferiprone_single_oral_25mgkg_designcheck_20260511/validation/design_change_n403030_wtmclustT10_nomix_site403030_nondesignquota_precisionchol_basefitbootinit_preboot_20260521/runs/scenario2/bootstrap/federated/scenario2/raw_runs/run_20260523-141733/trial_status.csv","failed_trials_csv":"/project/temp/deferiprone_single_oral_25mgkg_designcheck_20260511/validation/design_change_n403030_wtmclustT10_nomix_site403030_nondesignquota_precisionchol_basefitbootinit_preboot_20260521/runs/scenario2/bootstrap/federated/scenario2/raw_runs/run_20260523-141733/failed_trials.csv","trial_estimates_wide_csv":"/project/temp/deferiprone_single_oral_25mgkg_designcheck_20260511/validation/design_change_n403030_wtmclustT10_nomix_site403030_nondesignquota_precisionchol_basefitbootinit_preboot_20260521/runs/scenario2/bootstrap/federated/scenario2/raw_runs/run_20260523-141733/trial_estimates_wide.csv","trial_estimates_long_csv":"/project/temp/deferiprone_single_oral_25mgkg_designcheck_20260511/validation/design_change_n403030_wtmclustT10_nomix_site403030_nondesignquota_precisionchol_basefitbootinit_preboot_20260521/runs/scenario2/bootstrap/federated/scenario2/raw_runs/run_20260523-141733/trial_estimates_long.csv","result_json":"/project/temp/deferiprone_single_oral_25mgkg_designcheck_20260511/validation/design_change_n403030_wtmclustT10_nomix_site403030_nondesignquota_precisionchol_basefitbootinit_preboot_20260521/runs/scenario2/bootstrap/federated/scenario2/raw_runs/run_20260523-141733/result.json"}}}
[Kserver-1 exited with code 0
Aborting on container exit...
 Container defboot_design_change_n403030_wtmclu_scenario2_421_425-server-1  Stopping
 Container defboot_design_change_n403030_wtmclu_scenario2_421_425-server-1  Stopped
 Container defboot_design_change_n403030_wtmclu_scenario2_421_425-client2-1  Stopping
 Container defboot_design_change_n403030_wtmclu_scenario2_421_425-client3-1  Stopping
 Container defboot_design_change_n403030_wtmclu_scenario2_421_425-client1-1  Stopping
 Container defboot_design_change_n403030_wtmclu_scenario2_421_425-client2-1  Stopped
 Container defboot_design_change_n403030_wtmclu_scenario2_421_425-client1-1  Stopped
 Container defboot_design_change_n403030_wtmclu_scenario2_421_425-client3-1  Stopped
time="2026-05-23T23:32:20+09:00" level=warning msg="The \"SERVER_CONFIG_PATH\" variable is not set. Defaulting to a blank string."
 Container defboot_design_change_n403030_wtmclu_scenario2_421_425-server-1  Stopping
 Container defboot_design_change_n403030_wtmclu_scenario2_421_425-server-1  Stopped
 Container defboot_design_change_n403030_wtmclu_scenario2_421_425-server-1  Removing
 Container defboot_design_change_n403030_wtmclu_scenario2_421_425-server-1  Removed
 Container defboot_design_change_n403030_wtmclu_scenario2_421_425-client3-1  Stopping
 Container defboot_design_change_n403030_wtmclu_scenario2_421_425-client1-1  Stopping
 Container defboot_design_change_n403030_wtmclu_scenario2_421_425-client2-1  Stopping
 Container defboot_design_change_n403030_wtmclu_scenario2_421_425-client3-1  Stopped
 Container defboot_design_change_n403030_wtmclu_scenario2_421_425-client3-1  Removing
 Container defboot_design_change_n403030_wtmclu_scenario2_421_425-client2-1  Stopped
 Container defboot_design_change_n403030_wtmclu_scenario2_421_425-client2-1  Removing
 Container defboot_design_change_n403030_wtmclu_scenario2_421_425-client1-1  Stopped
 Container defboot_design_change_n403030_wtmclu_scenario2_421_425-client1-1  Removing
 Container defboot_design_change_n403030_wtmclu_scenario2_421_425-client2-1  Removed
 Container defboot_design_change_n403030_wtmclu_scenario2_421_425-client3-1  Removed
 Container defboot_design_change_n403030_wtmclu_scenario2_421_425-client1-1  Removed
 Network defboot_design_change_n403030_wtmclu_scenario2_421_425_site1_net  Removing
 Network defboot_design_change_n403030_wtmclu_scenario2_421_425_site3_net  Removing
 Network defboot_design_change_n403030_wtmclu_scenario2_421_425_site2_net  Removing
 Network defboot_design_change_n403030_wtmclu_scenario2_421_425_site1_net  Removed
 Network defboot_design_change_n403030_wtmclu_scenario2_421_425_site3_net  Removed
 Network defboot_design_change_n403030_wtmclu_scenario2_421_425_site2_net  Removed
