time="2026-05-23T10:40:27+09:00" level=warning msg="The \"SERVER_CONFIG_PATH\" variable is not set. Defaulting to a blank string."
Compose now can delegate build to bake for better performances
Just set COMPOSE_BAKE=true
#0 building with "default" instance using docker driver

#1 [client2 internal] load build definition from Dockerfile.app
#1 transferring dockerfile: 778B done
#1 DONE 0.0s

#2 [client1 internal] load build definition from Dockerfile.app
#2 transferring dockerfile: 778B done
#2 DONE 0.0s

#3 [client3 internal] load build definition from Dockerfile.app
#3 transferring dockerfile: 778B done
#3 DONE 0.0s

#4 [client3 internal] load metadata for docker.io/fedpoppk/base:0.1.0
#4 DONE 0.0s

#5 [client2 internal] load .dockerignore
#5 transferring context: 2B done
#5 DONE 0.0s

#6 [client1 internal] load .dockerignore
#6 transferring context: 2B done
#6 DONE 0.0s

#7 [client3 1/8] FROM docker.io/fedpoppk/base:0.1.0
#7 DONE 0.0s

#8 [client3 internal] load .dockerignore
#8 transferring context: 2B done
#8 DONE 0.0s

#9 [client2 internal] load build context
#9 transferring context: 736.51kB 0.3s done
#9 DONE 0.3s

#10 [client1 internal] load build context
#10 transferring context: 736.51kB 0.3s done
#10 DONE 0.3s

#11 [client3 internal] load build context
#11 transferring context: 736.51kB 0.3s done
#11 DONE 0.3s

#12 [client2 3/8] COPY renv.lock .Rprofile renv/activate.R ./
#12 CACHED

#13 [client2 2/8] WORKDIR /project
#13 CACHED

#14 [client2 5/8] COPY apps/ apps/
#14 CACHED

#15 [client2 7/8] COPY analysis/ analysis/
#15 CACHED

#16 [client2 4/8] RUN Rscript -e "options(renv.consent=TRUE, Ncpus=parallel::detectCores());                 renv::restore(prompt=FALSE)"
#16 CACHED

#17 [client2 6/8] COPY R/ R/
#17 CACHED

#18 [client3 8/8] RUN mkdir -p /project/configs/modes /project/data /project/artifacts /project/result
#18 CACHED

#19 [client2] exporting to image
#19 exporting layers done
#19 writing image sha256:32b9048760761577a52a6f11ac7aeedfe23c4ab442c8edfe9e0cde8cede4893e done
#19 naming to docker.io/library/defboot_design_change_n403030_wtmclu_scenario2_176_180-client2 0.0s done
#19 DONE 0.0s

#20 [client1] exporting to image
#20 exporting layers done
#20 writing image sha256:0cdad2fea10fbc08bb4a7ef1d1674ee30f0de82b42d94278ab43005c6de3e9b7 done
#20 naming to docker.io/library/defboot_design_change_n403030_wtmclu_scenario2_176_180-client1 0.0s done
#20 DONE 0.0s

#21 [client3] exporting to image
#21 exporting layers done
#21 writing image sha256:e0385d6e104d72f48eb2f78ceeba476c2a43833639b397e0d8b7ac98f3aa07ed done
#21 naming to docker.io/library/defboot_design_change_n403030_wtmclu_scenario2_176_180-client3 0.0s done
#21 DONE 0.1s

#22 [client2] resolving provenance for metadata file
#22 DONE 0.0s

#23 [client1] resolving provenance for metadata file
#23 DONE 0.0s

#24 [client3] resolving provenance for metadata file
#24 DONE 0.0s

#25 [server internal] load build definition from Dockerfile.app
#25 transferring dockerfile: 778B done
#25 DONE 0.0s

#4 [server internal] load metadata for docker.io/fedpoppk/base:0.1.0
#4 DONE 0.0s

#26 [server internal] load .dockerignore
#26 transferring context: 2B done
#26 DONE 0.0s

#7 [server 1/8] FROM docker.io/fedpoppk/base:0.1.0
#7 DONE 0.0s

#27 [server internal] load build context
#27 transferring context: 736.51kB 0.3s done
#27 DONE 0.3s

#28 [server 4/8] RUN Rscript -e "options(renv.consent=TRUE, Ncpus=parallel::detectCores());                 renv::restore(prompt=FALSE)"
#28 CACHED

#29 [server 7/8] COPY analysis/ analysis/
#29 CACHED

#30 [server 3/8] COPY renv.lock .Rprofile renv/activate.R ./
#30 CACHED

#31 [server 5/8] COPY apps/ apps/
#31 CACHED

#13 [server 2/8] WORKDIR /project
#13 CACHED

#32 [server 6/8] COPY R/ R/
#32 CACHED

#33 [server 8/8] RUN mkdir -p /project/configs/modes /project/data /project/artifacts /project/result
#33 CACHED

#34 [server] exporting to image
#34 exporting layers done
#34 writing image sha256:37fbe38755d190915e3ca2f5b28425e0c2b56b5dd321e550bd3f26ddbabc9c94 done
#34 naming to docker.io/library/defboot_design_change_n403030_wtmclu_scenario2_176_180-server 0.0s done
#34 DONE 0.0s

#35 [server] resolving provenance for metadata file
#35 DONE 0.0s
 client1  Built
 client2  Built
 client3  Built
 server  Built
 Network defboot_design_change_n403030_wtmclu_scenario2_176_180_site1_net  Creating
 Network defboot_design_change_n403030_wtmclu_scenario2_176_180_site1_net  Created
 Network defboot_design_change_n403030_wtmclu_scenario2_176_180_site2_net  Creating
 Network defboot_design_change_n403030_wtmclu_scenario2_176_180_site2_net  Created
 Network defboot_design_change_n403030_wtmclu_scenario2_176_180_site3_net  Creating
 Network defboot_design_change_n403030_wtmclu_scenario2_176_180_site3_net  Created
 Container defboot_design_change_n403030_wtmclu_scenario2_176_180-client2-1  Creating
 Container defboot_design_change_n403030_wtmclu_scenario2_176_180-client1-1  Creating
 Container defboot_design_change_n403030_wtmclu_scenario2_176_180-client3-1  Creating
 Container defboot_design_change_n403030_wtmclu_scenario2_176_180-client2-1  Created
 Container defboot_design_change_n403030_wtmclu_scenario2_176_180-client1-1  Created
 Container defboot_design_change_n403030_wtmclu_scenario2_176_180-client3-1  Created
 Container defboot_design_change_n403030_wtmclu_scenario2_176_180-server-1  Creating
 Container defboot_design_change_n403030_wtmclu_scenario2_176_180-server-1  Created
Attaching to client1-1, client2-1, client3-1, server-1
client2-1  | Running plumber API at http://0.0.0.0:8000
client2-1  | Running swagger Docs at http://127.0.0.1:8000/__docs__/
client3-1  | Running plumber API at http://0.0.0.0:8000
client3-1  | Running swagger Docs at http://127.0.0.1:8000/__docs__/
client1-1  | Running plumber API at http://0.0.0.0:8000
client1-1  | Running swagger Docs at http://127.0.0.1:8000/__docs__/
client2-1  | ℹ parameter labels from comments are typically ignored in non-interactive mode
client2-1  | ℹ Need to run with the source intact to parse comments
client1-1  | ℹ parameter labels from comments are typically ignored in non-interactive mode
client1-1  | ℹ Need to run with the source intact to parse comments
client3-1  | ℹ parameter labels from comments are typically ignored in non-interactive mode
client3-1  | ℹ Need to run with the source intact to parse comments
server-1   | [send_init] http://client2:8000 init succeeded
server-1   | [send_init] http://client3:8000 init succeeded
server-1   | [send_init] http://client1:8000 init succeeded
server-1   | {"schema":{"schema_version":"1.1.0","generated_at":"2026-05-23T01:40:36Z","config_path":"/project/configs/../temp/deferiprone_single_oral_25mgkg_designcheck_20260511/validation/design_change_n403030_wtmclustT10_nomix_site403030_nondesignquota_precisionchol_basefitbootinit_preboot_20260521/configs/resolved/scenario2_bootstrap.json","config_md5":"67e6a296d3935d620e746ed6160f8ca2","seed":4869,"host":"e7ee26414de8","pid":1,"image_tag":null,"git_sha":null,"git_dirty":null},"aggregation":{"ci_method":"percentile","ci_level":0.95,"quantile_type":7,"estimates_scale":"natural"},"summary":[{"parameter":"(etaLcl,etaLvc)","median":0.058969720269,"p2.5":0.051608123352,"p97.5":0.061542155573},{"parameter":"CcPropSd","median":0.35516580483,"p2.5":0.33246885263,"p97.5":0.38770133829},{"parameter":"etaLcl","median":0.096225353411,"p2.5":0.091230533381,"p97.5":0.1148374905},{"parameter":"etaLvc","median":0.032750809062,"p2.5":0.029848021822,"p97.5":0.040703135417},{"parameter":"lcl","median":2.1778280971,"p2.5":2.0828081827,"p97.5":2.2119184061},{"parameter":"lka","median":2.2335011178,"p2.5":2.1535541713,"p97.5":2.3758272247},{"parameter":"lvc","median":2.9388072129,"p2.5":2.9130192456,"p97.5":2.9793865776},{"parameter":"rho_(etaLcl,etaLvc)","median":0.97673610671,"p2.5":0.97456161452,"p97.5":0.98112735789}],"runs":[{"tag":"trial_176_20260523-014036","value":2194.5828,"counts":[27,27],"control":{"maxit":100,"factr":1000000000,"pgtol":0,"trace":0,"method":"L-BFGS-B"},"convergence":0,"message":"CONVERGENCE: REL_REDUCTION_OF_F <= FACTR*EPSMCH","nat_par":{"lka":2.3563957187,"lcl":2.1988727444,"lvc":2.9388072129,"CcPropSd":0.3309767882,"etaLcl":0.11643052955,"etaLvc":0.031368360145,"(etaLcl,etaLvc)":0.058969720269,"rho_(etaLcl,etaLvc)":0.97577508203},"failed_clients":[],"attempt":1,"files":{"result":"/project/temp/deferiprone_single_oral_25mgkg_designcheck_20260511/validation/design_change_n403030_wtmclustT10_nomix_site403030_nondesignquota_precisionchol_basefitbootinit_preboot_20260521/runs/scenario2/bootstrap/federated/scenario2/raw_runs/run_20260523-014036/optim_result_trial_176_20260523-014036.json","trace":"/project/temp/deferiprone_single_oral_25mgkg_designcheck_20260511/validation/design_change_n403030_wtmclustT10_nomix_site403030_nondesignquota_precisionchol_basefitbootinit_preboot_20260521/runs/scenario2/bootstrap/federated/scenario2/raw_runs/run_20260523-014036/optim_trace_trial_176_20260523-014036.csv","final":"/project/temp/deferiprone_single_oral_25mgkg_designcheck_20260511/validation/design_change_n403030_wtmclustT10_nomix_site403030_nondesignquota_precisionchol_basefitbootinit_preboot_20260521/runs/scenario2/bootstrap/federated/scenario2/raw_runs/run_20260523-014036/final_params_trial_176_20260523-014036.csv"},"log_n":27,"execution_state":"completed","trial":176,"attempts":1},{"tag":"trial_177_20260523-014402","value":2273.1057,"counts":[23,23],"control":{"maxit":100,"factr":1000000000,"pgtol":0,"trace":0,"method":"L-BFGS-B"},"convergence":0,"message":"CONVERGENCE: REL_REDUCTION_OF_F <= FACTR*EPSMCH","nat_par":{"lka":2.1486552678,"lcl":2.1066912797,"lvc":2.9129975842,"CcPropSd":0.36662755214,"etaLcl":0.091011189825,"etaLvc":0.040843527579,"(etaLcl,etaLvc)":0.059822260488,"rho_(etaLcl,etaLvc)":0.98119155449},"failed_clients":[],"attempt":1,"files":{"result":"/project/temp/deferiprone_single_oral_25mgkg_designcheck_20260511/validation/design_change_n403030_wtmclustT10_nomix_site403030_nondesignquota_precisionchol_basefitbootinit_preboot_20260521/runs/scenario2/bootstrap/federated/scenario2/raw_runs/run_20260523-014036/optim_result_trial_177_20260523-014402.json","trace":"/project/temp/deferiprone_single_oral_25mgkg_designcheck_20260511/validation/design_change_n403030_wtmclustT10_nomix_site403030_nondesignquota_precisionchol_basefitbootinit_preboot_20260521/runs/scenario2/bootstrap/federated/scenario2/raw_runs/run_20260523-014036/optim_trace_trial_177_20260523-014402.csv","final":"/project/temp/deferiprone_single_oral_25mgkg_designcheck_20260511/validation/design_change_n403030_wtmclustT10_nomix_site403030_nondesignquota_precisionchol_basefitbootinit_preboot_20260521/runs/scenario2/bootstrap/federated/scenario2/raw_runs/run_20260523-014036/final_params_trial_177_20260523-014402.csv"},"log_n":23,"execution_state":"completed","trial":177,"attempts":1},{"tag":"trial_178_20260523-014656","value":2223.6078,"counts":[22,22],"control":{"maxit":100,"factr":1000000000,"pgtol":0,"trace":0,"method":"L-BFGS-B"},"convergence":0,"message":"CONVERGENCE: REL_REDUCTION_OF_F <= FACTR*EPSMCH","nat_par":{"lka":2.1976443029,"lcl":2.1778280971,"lvc":2.9797435699,"CcPropSd":0.35516580483,"etaLcl":0.096225353411,"etaLvc":0.032750809062,"(etaLcl,etaLvc)":0.054831864821,"rho_(etaLcl,etaLvc)":0.97673610671},"failed_clients":[],"attempt":1,"files":{"result":"/project/temp/deferiprone_single_oral_25mgkg_designcheck_20260511/validation/design_change_n403030_wtmclustT10_nomix_site403030_nondesignquota_precisionchol_basefitbootinit_preboot_20260521/runs/scenario2/bootstrap/federated/scenario2/raw_runs/run_20260523-014036/optim_result_trial_178_20260523-014656.json","trace":"/project/temp/deferiprone_single_oral_25mgkg_designcheck_20260511/validation/design_change_n403030_wtmclustT10_nomix_site403030_nondesignquota_precisionchol_basefitbootinit_preboot_20260521/runs/scenario2/bootstrap/federated/scenario2/raw_runs/run_20260523-014036/optim_trace_trial_178_20260523-014656.csv","final":"/project/temp/deferiprone_single_oral_25mgkg_designcheck_20260511/validation/design_change_n403030_wtmclustT10_nomix_site403030_nondesignquota_precisionchol_basefitbootinit_preboot_20260521/runs/scenario2/bootstrap/federated/scenario2/raw_runs/run_20260523-014036/final_params_trial_178_20260523-014656.csv"},"log_n":22,"execution_state":"completed","trial":178,"attempts":1},{"tag":"trial_179_20260523-014943","value":2248.9331,"counts":[24,24],"control":{"maxit":100,"factr":1000000000,"pgtol":0,"trace":0,"method":"L-BFGS-B"},"convergence":0,"message":"CONVERGENCE: REL_REDUCTION_OF_F <= FACTR*EPSMCH","nat_par":{"lka":2.2335011178,"lcl":2.213367924,"lvc":2.9761736467,"CcPropSd":0.39004287009,"etaLcl":0.093204625386,"etaLvc":0.029679095341,"(etaLcl,etaLvc)":0.051249929855,"rho_(etaLcl,etaLvc)":0.97442678479},"failed_clients":[],"attempt":1,"files":{"result":"/project/temp/deferiprone_single_oral_25mgkg_designcheck_20260511/validation/design_change_n403030_wtmclustT10_nomix_site403030_nondesignquota_precisionchol_basefitbootinit_preboot_20260521/runs/scenario2/bootstrap/federated/scenario2/raw_runs/run_20260523-014036/optim_result_trial_179_20260523-014943.json","trace":"/project/temp/deferiprone_single_oral_25mgkg_designcheck_20260511/validation/design_change_n403030_wtmclustT10_nomix_site403030_nondesignquota_precisionchol_basefitbootinit_preboot_20260521/runs/scenario2/bootstrap/federated/scenario2/raw_runs/run_20260523-014036/optim_trace_trial_179_20260523-014943.csv","final":"/project/temp/deferiprone_single_oral_25mgkg_designcheck_20260511/validation/design_change_n403030_wtmclustT10_nomix_site403030_nondesignquota_precisionchol_basefitbootinit_preboot_20260521/runs/scenario2/bootstrap/federated/scenario2/raw_runs/run_20260523-014036/final_params_trial_179_20260523-014943.csv"},"log_n":24,"execution_state":"completed","trial":179,"attempts":1},{"tag":"trial_180_20260523-015245","value":2241.4736,"counts":[17,17],"control":{"maxit":100,"factr":1000000000,"pgtol":0,"trace":0,"method":"L-BFGS-B"},"convergence":0,"message":"CONVERGENCE: REL_REDUCTION_OF_F <= FACTR*EPSMCH","nat_par":{"lka":2.3779862809,"lcl":2.0801545053,"lvc":2.9132141988,"CcPropSd":0.3458974325,"etaLcl":0.10050013906,"etaLvc":0.039439605963,"(etaLcl,etaLvc)":0.061733255027,"rho_(etaLcl,etaLvc)":0.98054958845},"failed_clients":[],"attempt":1,"files":{"result":"/project/temp/deferiprone_single_oral_25mgkg_designcheck_20260511/validation/design_change_n403030_wtmclustT10_nomix_site403030_nondesignquota_precisionchol_basefitbootinit_preboot_20260521/runs/scenario2/bootstrap/federated/scenario2/raw_runs/run_20260523-014036/optim_result_trial_180_20260523-015245.json","trace":"/project/temp/deferiprone_single_oral_25mgkg_designcheck_20260511/validation/design_change_n403030_wtmclustT10_nomix_site403030_nondesignquota_precisionchol_basefitbootinit_preboot_20260521/runs/scenario2/bootstrap/federated/scenario2/raw_runs/run_20260523-014036/optim_trace_trial_180_20260523-015245.csv","final":"/project/temp/deferiprone_single_oral_25mgkg_designcheck_20260511/validation/design_change_n403030_wtmclustT10_nomix_site403030_nondesignquota_precisionchol_basefitbootinit_preboot_20260521/runs/scenario2/bootstrap/federated/scenario2/raw_runs/run_20260523-014036/final_params_trial_180_20260523-015245.csv"},"log_n":17,"execution_state":"completed","trial":180,"attempts":1}],"trial_status":[{"trial":176,"execution_state":"completed","converged":true,"attempts":1,"convergence":0,"value":2194.5828,"eval_fn":27,"eval_gr":27,"log_n":27,"failed_clients_n":0,"message":"CONVERGENCE: REL_REDUCTION_OF_F <= FACTR*EPSMCH","result_file":"/project/temp/deferiprone_single_oral_25mgkg_designcheck_20260511/validation/design_change_n403030_wtmclustT10_nomix_site403030_nondesignquota_precisionchol_basefitbootinit_preboot_20260521/runs/scenario2/bootstrap/federated/scenario2/raw_runs/run_20260523-014036/optim_result_trial_176_20260523-014036.json","trace_file":"/project/temp/deferiprone_single_oral_25mgkg_designcheck_20260511/validation/design_change_n403030_wtmclustT10_nomix_site403030_nondesignquota_precisionchol_basefitbootinit_preboot_20260521/runs/scenario2/bootstrap/federated/scenario2/raw_runs/run_20260523-014036/optim_trace_trial_176_20260523-014036.csv","final_file":"/project/temp/deferiprone_single_oral_25mgkg_designcheck_20260511/validation/design_change_n403030_wtmclustT10_nomix_site403030_nondesignquota_precisionchol_basefitbootinit_preboot_20260521/runs/scenario2/bootstrap/federated/scenario2/raw_runs/run_20260523-014036/final_params_trial_176_20260523-014036.csv"},{"trial":177,"execution_state":"completed","converged":true,"attempts":1,"convergence":0,"value":2273.1057,"eval_fn":23,"eval_gr":23,"log_n":23,"failed_clients_n":0,"message":"CONVERGENCE: REL_REDUCTION_OF_F <= FACTR*EPSMCH","result_file":"/project/temp/deferiprone_single_oral_25mgkg_designcheck_20260511/validation/design_change_n403030_wtmclustT10_nomix_site403030_nondesignquota_precisionchol_basefitbootinit_preboot_20260521/runs/scenario2/bootstrap/federated/scenario2/raw_runs/run_20260523-014036/optim_result_trial_177_20260523-014402.json","trace_file":"/project/temp/deferiprone_single_oral_25mgkg_designcheck_20260511/validation/design_change_n403030_wtmclustT10_nomix_site403030_nondesignquota_precisionchol_basefitbootinit_preboot_20260521/runs/scenario2/bootstrap/federated/scenario2/raw_runs/run_20260523-014036/optim_trace_trial_177_20260523-014402.csv","final_file":"/project/temp/deferiprone_single_oral_25mgkg_designcheck_20260511/validation/design_change_n403030_wtmclustT10_nomix_site403030_nondesignquota_precisionchol_basefitbootinit_preboot_20260521/runs/scenario2/bootstrap/federated/scenario2/raw_runs/run_20260523-014036/final_params_trial_177_20260523-014402.csv"},{"trial":178,"execution_state":"completed","converged":true,"attempts":1,"convergence":0,"value":2223.6078,"eval_fn":22,"eval_gr":22,"log_n":22,"failed_clients_n":0,"message":"CONVERGENCE: REL_REDUCTION_OF_F <= FACTR*EPSMCH","result_file":"/project/temp/deferiprone_single_oral_25mgkg_designcheck_20260511/validation/design_change_n403030_wtmclustT10_nomix_site403030_nondesignquota_precisionchol_basefitbootinit_preboot_20260521/runs/scenario2/bootstrap/federated/scenario2/raw_runs/run_20260523-014036/optim_result_trial_178_20260523-014656.json","trace_file":"/project/temp/deferiprone_single_oral_25mgkg_designcheck_20260511/validation/design_change_n403030_wtmclustT10_nomix_site403030_nondesignquota_precisionchol_basefitbootinit_preboot_20260521/runs/scenario2/bootstrap/federated/scenario2/raw_runs/run_20260523-014036/optim_trace_trial_178_20260523-014656.csv","final_file":"/project/temp/deferiprone_single_oral_25mgkg_designcheck_20260511/validation/design_change_n403030_wtmclustT10_nomix_site403030_nondesignquota_precisionchol_basefitbootinit_preboot_20260521/runs/scenario2/bootstrap/federated/scenario2/raw_runs/run_20260523-014036/final_params_trial_178_20260523-014656.csv"},{"trial":179,"execution_state":"completed","converged":true,"attempts":1,"convergence":0,"value":2248.9331,"eval_fn":24,"eval_gr":24,"log_n":24,"failed_clients_n":0,"message":"CONVERGENCE: REL_REDUCTION_OF_F <= FACTR*EPSMCH","result_file":"/project/temp/deferiprone_single_oral_25mgkg_designcheck_20260511/validation/design_change_n403030_wtmclustT10_nomix_site403030_nondesignquota_precisionchol_basefitbootinit_preboot_20260521/runs/scenario2/bootstrap/federated/scenario2/raw_runs/run_20260523-014036/optim_result_trial_179_20260523-014943.json","trace_file":"/project/temp/deferiprone_single_oral_25mgkg_designcheck_20260511/validation/design_change_n403030_wtmclustT10_nomix_site403030_nondesignquota_precisionchol_basefitbootinit_preboot_20260521/runs/scenario2/bootstrap/federated/scenario2/raw_runs/run_20260523-014036/optim_trace_trial_179_20260523-014943.csv","final_file":"/project/temp/deferiprone_single_oral_25mgkg_designcheck_20260511/validation/design_change_n403030_wtmclustT10_nomix_site403030_nondesignquota_precisionchol_basefitbootinit_preboot_20260521/runs/scenario2/bootstrap/federated/scenario2/raw_runs/run_20260523-014036/final_params_trial_179_20260523-014943.csv"},{"trial":180,"execution_state":"completed","converged":true,"attempts":1,"convergence":0,"value":2241.4736,"eval_fn":17,"eval_gr":17,"log_n":17,"failed_clients_n":0,"message":"CONVERGENCE: REL_REDUCTION_OF_F <= FACTR*EPSMCH","result_file":"/project/temp/deferiprone_single_oral_25mgkg_designcheck_20260511/validation/design_change_n403030_wtmclustT10_nomix_site403030_nondesignquota_precisionchol_basefitbootinit_preboot_20260521/runs/scenario2/bootstrap/federated/scenario2/raw_runs/run_20260523-014036/optim_result_trial_180_20260523-015245.json","trace_file":"/project/temp/deferiprone_single_oral_25mgkg_designcheck_20260511/validation/design_change_n403030_wtmclustT10_nomix_site403030_nondesignquota_precisionchol_basefitbootinit_preboot_20260521/runs/scenario2/bootstrap/federated/scenario2/raw_runs/run_20260523-014036/optim_trace_trial_180_20260523-015245.csv","final_file":"/project/temp/deferiprone_single_oral_25mgkg_designcheck_20260511/validation/design_change_n403030_wtmclustT10_nomix_site403030_nondesignquota_precisionchol_basefitbootinit_preboot_20260521/runs/scenario2/bootstrap/federated/scenario2/raw_runs/run_20260523-014036/final_params_trial_180_20260523-015245.csv"}],"info":{"run_id":"20260523-014036","log_base_dir":"/project/temp/deferiprone_single_oral_25mgkg_designcheck_20260511/validation/design_change_n403030_wtmclustT10_nomix_site403030_nondesignquota_precisionchol_basefitbootinit_preboot_20260521/runs/scenario2/bootstrap/federated","scenario":"scenario2/raw_runs","total_trials":5,"successes":5,"failures":0,"nonconverged_count":0,"nonconverged_trials":[],"convergence_missing_count":0,"seed_base":4869,"B_per_client":500,"duration_sec":867.435489893,"host":"e7ee26414de8","image_tag":null,"communication":{"generated_at":"2026-05-23T01:54:57Z","totals":{"requests":681,"request_bytes":759699,"response_bytes":172943,"total_bytes":932642,"retries":0},"init":{"requests":3,"request_bytes":8139,"response_bytes":1161,"total_bytes":9300,"retries":0,"median_elapsed_sec":0.43583703041},"init_round_latency":{"n_rounds":1,"median_round_wall_sec":0.45809316635,"p95_round_wall_sec":0.45809316635},"run":{"requests":0,"request_bytes":0,"response_bytes":0,"total_bytes":0,"retries":0,"median_elapsed_sec":"NA"},"run_bootstrap":{"requests":678,"request_bytes":751560,"response_bytes":171782,"total_bytes":923342,"retries":0,"median_elapsed_sec":3.6459214687},"round_latency":{"n_rounds":226,"median_round_wall_sec":3.774119854,"p95_round_wall_sec":4.0492714643},"timing_split":{"n_rounds":226,"rounds_with_compute":226,"total_round_wall_sec":856.6374695301,"total_round_compute_wall_sec":849.0225,"total_round_comm_overhead_wall_sec":7.6149695301,"comm_overhead_ratio":0.0088893724603,"compute_ratio":0.99111062754}},"communication_files":{"csv":"/project/temp/deferiprone_single_oral_25mgkg_designcheck_20260511/validation/design_change_n403030_wtmclustT10_nomix_site403030_nondesignquota_precisionchol_basefitbootinit_preboot_20260521/runs/scenario2/bootstrap/federated/scenario2/raw_runs/run_20260523-014036/comm_metrics.csv","json":"/project/temp/deferiprone_single_oral_25mgkg_designcheck_20260511/validation/design_change_n403030_wtmclustT10_nomix_site403030_nondesignquota_precisionchol_basefitbootinit_preboot_20260521/runs/scenario2/bootstrap/federated/scenario2/raw_runs/run_20260523-014036/comm_metrics.json"},"output_files":{"bootstrap_summary_csv":"/project/temp/deferiprone_single_oral_25mgkg_designcheck_20260511/validation/design_change_n403030_wtmclustT10_nomix_site403030_nondesignquota_precisionchol_basefitbootinit_preboot_20260521/runs/scenario2/bootstrap/federated/scenario2/raw_runs/run_20260523-014036/bootstrap_summary.csv","bootstrap_summary_json":"/project/temp/deferiprone_single_oral_25mgkg_designcheck_20260511/validation/design_change_n403030_wtmclustT10_nomix_site403030_nondesignquota_precisionchol_basefitbootinit_preboot_20260521/runs/scenario2/bootstrap/federated/scenario2/raw_runs/run_20260523-014036/bootstrap_summary.json","trial_status_csv":"/project/temp/deferiprone_single_oral_25mgkg_designcheck_20260511/validation/design_change_n403030_wtmclustT10_nomix_site403030_nondesignquota_precisionchol_basefitbootinit_preboot_20260521/runs/scenario2/bootstrap/federated/scenario2/raw_runs/run_20260523-014036/trial_status.csv","failed_trials_csv":"/project/temp/deferiprone_single_oral_25mgkg_designcheck_20260511/validation/design_change_n403030_wtmclustT10_nomix_site403030_nondesignquota_precisionchol_basefitbootinit_preboot_20260521/runs/scenario2/bootstrap/federated/scenario2/raw_runs/run_20260523-014036/failed_trials.csv","trial_estimates_wide_csv":"/project/temp/deferiprone_single_oral_25mgkg_designcheck_20260511/validation/design_change_n403030_wtmclustT10_nomix_site403030_nondesignquota_precisionchol_basefitbootinit_preboot_20260521/runs/scenario2/bootstrap/federated/scenario2/raw_runs/run_20260523-014036/trial_estimates_wide.csv","trial_estimates_long_csv":"/project/temp/deferiprone_single_oral_25mgkg_designcheck_20260511/validation/design_change_n403030_wtmclustT10_nomix_site403030_nondesignquota_precisionchol_basefitbootinit_preboot_20260521/runs/scenario2/bootstrap/federated/scenario2/raw_runs/run_20260523-014036/trial_estimates_long.csv","result_json":"/project/temp/deferiprone_single_oral_25mgkg_designcheck_20260511/validation/design_change_n403030_wtmclustT10_nomix_site403030_nondesignquota_precisionchol_basefitbootinit_preboot_20260521/runs/scenario2/bootstrap/federated/scenario2/raw_runs/run_20260523-014036/result.json"}}}
[Kserver-1 exited with code 0
Aborting on container exit...
 Container defboot_design_change_n403030_wtmclu_scenario2_176_180-server-1  Stopping
 Container defboot_design_change_n403030_wtmclu_scenario2_176_180-server-1  Stopped
 Container defboot_design_change_n403030_wtmclu_scenario2_176_180-client3-1  Stopping
 Container defboot_design_change_n403030_wtmclu_scenario2_176_180-client2-1  Stopping
 Container defboot_design_change_n403030_wtmclu_scenario2_176_180-client1-1  Stopping
 Container defboot_design_change_n403030_wtmclu_scenario2_176_180-client3-1  Stopped
 Container defboot_design_change_n403030_wtmclu_scenario2_176_180-client2-1  Stopped
 Container defboot_design_change_n403030_wtmclu_scenario2_176_180-client1-1  Stopped
time="2026-05-23T10:55:08+09:00" level=warning msg="The \"SERVER_CONFIG_PATH\" variable is not set. Defaulting to a blank string."
 Container defboot_design_change_n403030_wtmclu_scenario2_176_180-server-1  Stopping
 Container defboot_design_change_n403030_wtmclu_scenario2_176_180-server-1  Stopped
 Container defboot_design_change_n403030_wtmclu_scenario2_176_180-server-1  Removing
 Container defboot_design_change_n403030_wtmclu_scenario2_176_180-server-1  Removed
 Container defboot_design_change_n403030_wtmclu_scenario2_176_180-client2-1  Stopping
 Container defboot_design_change_n403030_wtmclu_scenario2_176_180-client3-1  Stopping
 Container defboot_design_change_n403030_wtmclu_scenario2_176_180-client1-1  Stopping
 Container defboot_design_change_n403030_wtmclu_scenario2_176_180-client2-1  Stopped
 Container defboot_design_change_n403030_wtmclu_scenario2_176_180-client2-1  Removing
 Container defboot_design_change_n403030_wtmclu_scenario2_176_180-client1-1  Stopped
 Container defboot_design_change_n403030_wtmclu_scenario2_176_180-client1-1  Removing
 Container defboot_design_change_n403030_wtmclu_scenario2_176_180-client3-1  Stopped
 Container defboot_design_change_n403030_wtmclu_scenario2_176_180-client3-1  Removing
 Container defboot_design_change_n403030_wtmclu_scenario2_176_180-client1-1  Removed
 Container defboot_design_change_n403030_wtmclu_scenario2_176_180-client2-1  Removed
 Container defboot_design_change_n403030_wtmclu_scenario2_176_180-client3-1  Removed
 Network defboot_design_change_n403030_wtmclu_scenario2_176_180_site1_net  Removing
 Network defboot_design_change_n403030_wtmclu_scenario2_176_180_site2_net  Removing
 Network defboot_design_change_n403030_wtmclu_scenario2_176_180_site3_net  Removing
 Network defboot_design_change_n403030_wtmclu_scenario2_176_180_site1_net  Removed
 Network defboot_design_change_n403030_wtmclu_scenario2_176_180_site2_net  Removed
 Network defboot_design_change_n403030_wtmclu_scenario2_176_180_site3_net  Removed
