time="2026-05-24T03:02:50+09:00" level=warning msg="The \"SERVER_CONFIG_PATH\" variable is not set. Defaulting to a blank string."
Compose now can delegate build to bake for better performances
Just set COMPOSE_BAKE=true
#0 building with "default" instance using docker driver

#1 [client3 internal] load build definition from Dockerfile.app
#1 transferring dockerfile: 778B done
#1 DONE 0.0s

#2 [client1 internal] load build definition from Dockerfile.app
#2 transferring dockerfile: 778B done
#2 DONE 0.0s

#3 [client2 internal] load build definition from Dockerfile.app
#3 transferring dockerfile: 778B done
#3 DONE 0.0s

#4 [client2 internal] load metadata for docker.io/fedpoppk/base:0.1.0
#4 DONE 0.0s

#5 [client3 internal] load .dockerignore
#5 transferring context: 2B done
#5 DONE 0.0s

#6 [client1 internal] load .dockerignore
#6 transferring context: 2B done
#6 DONE 0.0s

#7 [client2 internal] load .dockerignore
#7 transferring context: 2B done
#7 DONE 0.0s

#8 [client2 1/8] FROM docker.io/fedpoppk/base:0.1.0
#8 DONE 0.0s

#9 [client3 internal] load build context
#9 transferring context: 736.51kB 0.3s done
#9 DONE 0.3s

#10 [client2 internal] load build context
#10 transferring context: 736.51kB 0.3s done
#10 DONE 0.3s

#11 [client1 internal] load build context
#11 transferring context: 736.51kB 0.3s done
#11 DONE 0.3s

#12 [client2 2/8] WORKDIR /project
#12 CACHED

#13 [client2 3/8] COPY renv.lock .Rprofile renv/activate.R ./
#13 CACHED

#14 [client2 6/8] COPY R/ R/
#14 CACHED

#15 [client2 7/8] COPY analysis/ analysis/
#15 CACHED

#16 [client2 4/8] RUN Rscript -e "options(renv.consent=TRUE, Ncpus=parallel::detectCores());                 renv::restore(prompt=FALSE)"
#16 CACHED

#17 [client2 5/8] COPY apps/ apps/
#17 CACHED

#18 [client1 8/8] RUN mkdir -p /project/configs/modes /project/data /project/artifacts /project/result
#18 CACHED

#19 [client2] exporting to image
#19 exporting layers done
#19 writing image sha256:ba0098bb7cce343ae31d7d204d1b76415b350d3cf6d4375fc818d9dd84efddad done
#19 naming to docker.io/library/defboot_design_change_n403030_wtmclu_scenario2_491_495-client2 0.0s done
#19 DONE 0.0s

#20 [client1] exporting to image
#20 exporting layers done
#20 writing image sha256:61a9d94a8bd4168187e15fdad941fbc10d09782109bf6773e2132cd76dba4642 done
#20 naming to docker.io/library/defboot_design_change_n403030_wtmclu_scenario2_491_495-client1 0.0s done
#20 DONE 0.0s

#21 [client3] exporting to image
#21 exporting layers done
#21 writing image sha256:d6c2398ef2236719d91aaa4c828bc327c5d20cad1dba5d15a9505b9d1e6206b2 done
#21 naming to docker.io/library/defboot_design_change_n403030_wtmclu_scenario2_491_495-client3 0.0s done
#21 DONE 0.0s

#22 [client2] resolving provenance for metadata file
#22 DONE 0.0s

#23 [client1] resolving provenance for metadata file
#23 DONE 0.0s

#24 [client3] resolving provenance for metadata file
#24 DONE 0.0s

#25 [server internal] load build definition from Dockerfile.app
#25 transferring dockerfile: 778B done
#25 DONE 0.0s

#4 [server internal] load metadata for docker.io/fedpoppk/base:0.1.0
#4 DONE 0.0s

#26 [server internal] load .dockerignore
#26 transferring context: 2B done
#26 DONE 0.0s

#8 [server 1/8] FROM docker.io/fedpoppk/base:0.1.0
#8 DONE 0.0s

#27 [server internal] load build context
#27 transferring context: 736.51kB 0.2s done
#27 DONE 0.2s

#28 [server 3/8] COPY renv.lock .Rprofile renv/activate.R ./
#28 CACHED

#29 [server 4/8] RUN Rscript -e "options(renv.consent=TRUE, Ncpus=parallel::detectCores());                 renv::restore(prompt=FALSE)"
#29 CACHED

#30 [server 6/8] COPY R/ R/
#30 CACHED

#12 [server 2/8] WORKDIR /project
#12 CACHED

#31 [server 5/8] COPY apps/ apps/
#31 CACHED

#32 [server 7/8] COPY analysis/ analysis/
#32 CACHED

#33 [server 8/8] RUN mkdir -p /project/configs/modes /project/data /project/artifacts /project/result
#33 CACHED

#34 [server] exporting to image
#34 exporting layers done
#34 writing image sha256:739357a6f2387f9ce92483c10bc9e7c5457b774670d0d96ea18a4ad2aab02e3f done
#34 naming to docker.io/library/defboot_design_change_n403030_wtmclu_scenario2_491_495-server 0.0s done
#34 DONE 0.0s

#35 [server] resolving provenance for metadata file
#35 DONE 0.0s
 client1  Built
 client2  Built
 client3  Built
 server  Built
 Network defboot_design_change_n403030_wtmclu_scenario2_491_495_site1_net  Creating
 Network defboot_design_change_n403030_wtmclu_scenario2_491_495_site1_net  Created
 Network defboot_design_change_n403030_wtmclu_scenario2_491_495_site2_net  Creating
 Network defboot_design_change_n403030_wtmclu_scenario2_491_495_site2_net  Created
 Network defboot_design_change_n403030_wtmclu_scenario2_491_495_site3_net  Creating
 Network defboot_design_change_n403030_wtmclu_scenario2_491_495_site3_net  Created
 Container defboot_design_change_n403030_wtmclu_scenario2_491_495-client3-1  Creating
 Container defboot_design_change_n403030_wtmclu_scenario2_491_495-client2-1  Creating
 Container defboot_design_change_n403030_wtmclu_scenario2_491_495-client1-1  Creating
 Container defboot_design_change_n403030_wtmclu_scenario2_491_495-client3-1  Created
 Container defboot_design_change_n403030_wtmclu_scenario2_491_495-client2-1  Created
 Container defboot_design_change_n403030_wtmclu_scenario2_491_495-client1-1  Created
 Container defboot_design_change_n403030_wtmclu_scenario2_491_495-server-1  Creating
 Container defboot_design_change_n403030_wtmclu_scenario2_491_495-server-1  Created
Attaching to client1-1, client2-1, client3-1, server-1
client3-1  | Running plumber API at http://0.0.0.0:8000
client3-1  | Running swagger Docs at http://127.0.0.1:8000/__docs__/
client1-1  | Running plumber API at http://0.0.0.0:8000
client1-1  | Running swagger Docs at http://127.0.0.1:8000/__docs__/
client2-1  | Running plumber API at http://0.0.0.0:8000
client2-1  | Running swagger Docs at http://127.0.0.1:8000/__docs__/
client2-1  | ℹ parameter labels from comments are typically ignored in non-interactive mode
client1-1  | ℹ parameter labels from comments are typically ignored in non-interactive mode
client3-1  | ℹ parameter labels from comments are typically ignored in non-interactive mode
client2-1  | ℹ Need to run with the source intact to parse comments
client1-1  | ℹ Need to run with the source intact to parse comments
client3-1  | ℹ Need to run with the source intact to parse comments
server-1   | [send_init] http://client3:8000 init succeeded
server-1   | [send_init] http://client1:8000 init succeeded
server-1   | [send_init] http://client2:8000 init succeeded
server-1   | {"schema":{"schema_version":"1.1.0","generated_at":"2026-05-23T18:02:59Z","config_path":"/project/configs/../temp/deferiprone_single_oral_25mgkg_designcheck_20260511/validation/design_change_n403030_wtmclustT10_nomix_site403030_nondesignquota_precisionchol_basefitbootinit_preboot_20260521/configs/resolved/scenario2_bootstrap.json","config_md5":"67e6a296d3935d620e746ed6160f8ca2","seed":4869,"host":"ad116e57aa8d","pid":1,"image_tag":null,"git_sha":null,"git_dirty":null},"aggregation":{"ci_method":"percentile","ci_level":0.95,"quantile_type":7,"estimates_scale":"natural"},"summary":[{"parameter":"(etaLcl,etaLvc)","median":0.050047772735,"p2.5":0.035062159196,"p97.5":0.078648512685},{"parameter":"CcPropSd","median":0.37120715721,"p2.5":0.35637711679,"p97.5":0.37519708938},{"parameter":"etaLcl","median":0.099087791198,"p2.5":0.070471484582,"p97.5":0.12427378312},{"parameter":"etaLvc","median":0.031962124889,"p2.5":0.014760531193,"p97.5":0.052305217185},{"parameter":"lcl","median":2.160128734,"p2.5":2.1098692716,"p97.5":2.1873386474},{"parameter":"lka","median":2.1795814363,"p2.5":2.0699831271,"p97.5":2.3051747042},{"parameter":"lvc","median":2.9508568569,"p2.5":2.888793025,"p97.5":2.977563195},{"parameter":"rho_(etaLcl,etaLvc)","median":0.97621362107,"p2.5":0.94737858514,"p97.5":0.98488774745}],"runs":[{"tag":"trial_491_20260523-180259","value":2237.4946,"counts":[40,40],"control":{"maxit":100,"factr":1000000000,"pgtol":0,"trace":0,"method":"L-BFGS-B"},"convergence":0,"message":"CONVERGENCE: REL_REDUCTION_OF_F <= FACTR*EPSMCH","nat_par":{"lka":2.3092258741,"lcl":2.1899317627,"lvc":2.9752362071,"CcPropSd":0.37120715721,"etaLcl":0.12255742615,"etaLvc":0.054472006988,"(etaLcl,etaLvc)":0.080545869029,"rho_(etaLcl,etaLvc)":0.98579535463},"failed_clients":[],"attempt":1,"files":{"result":"/project/temp/deferiprone_single_oral_25mgkg_designcheck_20260511/validation/design_change_n403030_wtmclustT10_nomix_site403030_nondesignquota_precisionchol_basefitbootinit_preboot_20260521/runs/scenario2/bootstrap/federated/scenario2/raw_runs/run_20260523-180259/optim_result_trial_491_20260523-180259.json","trace":"/project/temp/deferiprone_single_oral_25mgkg_designcheck_20260511/validation/design_change_n403030_wtmclustT10_nomix_site403030_nondesignquota_precisionchol_basefitbootinit_preboot_20260521/runs/scenario2/bootstrap/federated/scenario2/raw_runs/run_20260523-180259/optim_trace_trial_491_20260523-180259.csv","final":"/project/temp/deferiprone_single_oral_25mgkg_designcheck_20260511/validation/design_change_n403030_wtmclustT10_nomix_site403030_nondesignquota_precisionchol_basefitbootinit_preboot_20260521/runs/scenario2/bootstrap/federated/scenario2/raw_runs/run_20260523-180259/final_params_trial_491_20260523-180259.csv"},"log_n":40,"execution_state":"completed","trial":491,"attempts":1},{"tag":"trial_492_20260523-180801","value":2228.9385,"counts":[22,22],"control":{"maxit":100,"factr":1000000000,"pgtol":0,"trace":0,"method":"L-BFGS-B"},"convergence":0,"message":"CONVERGENCE: REL_REDUCTION_OF_F <= FACTR*EPSMCH","nat_par":{"lka":2.1795814363,"lcl":2.1640006094,"lvc":2.9508568569,"CcPropSd":0.3595001141,"etaLcl":0.099087791198,"etaLvc":0.012929151605,"(etaLcl,etaLvc)":0.033796913675,"rho_(etaLcl,etaLvc)":0.94423904464},"failed_clients":[],"attempt":1,"files":{"result":"/project/temp/deferiprone_single_oral_25mgkg_designcheck_20260511/validation/design_change_n403030_wtmclustT10_nomix_site403030_nondesignquota_precisionchol_basefitbootinit_preboot_20260521/runs/scenario2/bootstrap/federated/scenario2/raw_runs/run_20260523-180259/optim_result_trial_492_20260523-180801.json","trace":"/project/temp/deferiprone_single_oral_25mgkg_designcheck_20260511/validation/design_change_n403030_wtmclustT10_nomix_site403030_nondesignquota_precisionchol_basefitbootinit_preboot_20260521/runs/scenario2/bootstrap/federated/scenario2/raw_runs/run_20260523-180259/optim_trace_trial_492_20260523-180801.csv","final":"/project/temp/deferiprone_single_oral_25mgkg_designcheck_20260511/validation/design_change_n403030_wtmclustT10_nomix_site403030_nondesignquota_precisionchol_basefitbootinit_preboot_20260521/runs/scenario2/bootstrap/federated/scenario2/raw_runs/run_20260523-180259/final_params_trial_492_20260523-180801.csv"},"log_n":22,"execution_state":"completed","trial":492,"attempts":1},{"tag":"trial_493_20260523-181046","value":2214.3708,"counts":[24,24],"control":{"maxit":100,"factr":1000000000,"pgtol":0,"trace":0,"method":"L-BFGS-B"},"convergence":0,"message":"CONVERGENCE: REL_REDUCTION_OF_F <= FACTR*EPSMCH","nat_par":{"lka":2.1594999225,"lcl":2.160128734,"lvc":2.9778217493,"CcPropSd":0.37273816377,"etaLcl":0.084225433975,"etaLvc":0.031242947482,"(etaLcl,etaLvc)":0.050047772735,"rho_(etaLcl,etaLvc)":0.97563444965},"failed_clients":[],"attempt":1,"files":{"result":"/project/temp/deferiprone_single_oral_25mgkg_designcheck_20260511/validation/design_change_n403030_wtmclustT10_nomix_site403030_nondesignquota_precisionchol_basefitbootinit_preboot_20260521/runs/scenario2/bootstrap/federated/scenario2/raw_runs/run_20260523-180259/optim_result_trial_493_20260523-181046.json","trace":"/project/temp/deferiprone_single_oral_25mgkg_designcheck_20260511/validation/design_change_n403030_wtmclustT10_nomix_site403030_nondesignquota_precisionchol_basefitbootinit_preboot_20260521/runs/scenario2/bootstrap/federated/scenario2/raw_runs/run_20260523-180259/optim_trace_trial_493_20260523-181046.csv","final":"/project/temp/deferiprone_single_oral_25mgkg_designcheck_20260511/validation/design_change_n403030_wtmclustT10_nomix_site403030_nondesignquota_precisionchol_basefitbootinit_preboot_20260521/runs/scenario2/bootstrap/federated/scenario2/raw_runs/run_20260523-180259/final_params_trial_493_20260523-181046.csv"},"log_n":24,"execution_state":"completed","trial":493,"attempts":1},{"tag":"trial_494_20260523-181348","value":2241.8638,"counts":[26,26],"control":{"maxit":100,"factr":1000000000,"pgtol":0,"trace":0,"method":"L-BFGS-B"},"convergence":0,"message":"CONVERGENCE: REL_REDUCTION_OF_F <= FACTR*EPSMCH","nat_par":{"lka":2.2687141747,"lcl":2.129704424,"lvc":2.9162342261,"CcPropSd":0.35603011709,"etaLcl":0.12446448945,"etaLvc":0.031962124889,"(etaLcl,etaLvc)":0.061572305584,"rho_(etaLcl,etaLvc)":0.97621362107},"failed_clients":[],"attempt":1,"files":{"result":"/project/temp/deferiprone_single_oral_25mgkg_designcheck_20260511/validation/design_change_n403030_wtmclustT10_nomix_site403030_nondesignquota_precisionchol_basefitbootinit_preboot_20260521/runs/scenario2/bootstrap/federated/scenario2/raw_runs/run_20260523-180259/optim_result_trial_494_20260523-181348.json","trace":"/project/temp/deferiprone_single_oral_25mgkg_designcheck_20260511/validation/design_change_n403030_wtmclustT10_nomix_site403030_nondesignquota_precisionchol_basefitbootinit_preboot_20260521/runs/scenario2/bootstrap/federated/scenario2/raw_runs/run_20260523-180259/optim_trace_trial_494_20260523-181348.csv","final":"/project/temp/deferiprone_single_oral_25mgkg_designcheck_20260511/validation/design_change_n403030_wtmclustT10_nomix_site403030_nondesignquota_precisionchol_basefitbootinit_preboot_20260521/runs/scenario2/bootstrap/federated/scenario2/raw_runs/run_20260523-180259/final_params_trial_494_20260523-181348.csv"},"log_n":26,"execution_state":"completed","trial":494,"attempts":1},{"tag":"trial_495_20260523-181708","value":2235.9816,"counts":[23,23],"control":{"maxit":100,"factr":1000000000,"pgtol":0,"trace":0,"method":"L-BFGS-B"},"convergence":0,"message":"CONVERGENCE: REL_REDUCTION_OF_F <= FACTR*EPSMCH","nat_par":{"lka":2.0600368165,"lcl":2.1076653658,"lvc":2.8857440027,"CcPropSd":0.37547030334,"etaLcl":0.068943267983,"etaLvc":0.032804108966,"(etaLcl,etaLvc)":0.046449368887,"rho_(etaLcl,etaLvc)":0.97671928286},"failed_clients":[],"attempt":1,"files":{"result":"/project/temp/deferiprone_single_oral_25mgkg_designcheck_20260511/validation/design_change_n403030_wtmclustT10_nomix_site403030_nondesignquota_precisionchol_basefitbootinit_preboot_20260521/runs/scenario2/bootstrap/federated/scenario2/raw_runs/run_20260523-180259/optim_result_trial_495_20260523-181708.json","trace":"/project/temp/deferiprone_single_oral_25mgkg_designcheck_20260511/validation/design_change_n403030_wtmclustT10_nomix_site403030_nondesignquota_precisionchol_basefitbootinit_preboot_20260521/runs/scenario2/bootstrap/federated/scenario2/raw_runs/run_20260523-180259/optim_trace_trial_495_20260523-181708.csv","final":"/project/temp/deferiprone_single_oral_25mgkg_designcheck_20260511/validation/design_change_n403030_wtmclustT10_nomix_site403030_nondesignquota_precisionchol_basefitbootinit_preboot_20260521/runs/scenario2/bootstrap/federated/scenario2/raw_runs/run_20260523-180259/final_params_trial_495_20260523-181708.csv"},"log_n":23,"execution_state":"completed","trial":495,"attempts":1}],"trial_status":[{"trial":491,"execution_state":"completed","converged":true,"attempts":1,"convergence":0,"value":2237.4946,"eval_fn":40,"eval_gr":40,"log_n":40,"failed_clients_n":0,"message":"CONVERGENCE: REL_REDUCTION_OF_F <= FACTR*EPSMCH","result_file":"/project/temp/deferiprone_single_oral_25mgkg_designcheck_20260511/validation/design_change_n403030_wtmclustT10_nomix_site403030_nondesignquota_precisionchol_basefitbootinit_preboot_20260521/runs/scenario2/bootstrap/federated/scenario2/raw_runs/run_20260523-180259/optim_result_trial_491_20260523-180259.json","trace_file":"/project/temp/deferiprone_single_oral_25mgkg_designcheck_20260511/validation/design_change_n403030_wtmclustT10_nomix_site403030_nondesignquota_precisionchol_basefitbootinit_preboot_20260521/runs/scenario2/bootstrap/federated/scenario2/raw_runs/run_20260523-180259/optim_trace_trial_491_20260523-180259.csv","final_file":"/project/temp/deferiprone_single_oral_25mgkg_designcheck_20260511/validation/design_change_n403030_wtmclustT10_nomix_site403030_nondesignquota_precisionchol_basefitbootinit_preboot_20260521/runs/scenario2/bootstrap/federated/scenario2/raw_runs/run_20260523-180259/final_params_trial_491_20260523-180259.csv"},{"trial":492,"execution_state":"completed","converged":true,"attempts":1,"convergence":0,"value":2228.9385,"eval_fn":22,"eval_gr":22,"log_n":22,"failed_clients_n":0,"message":"CONVERGENCE: REL_REDUCTION_OF_F <= FACTR*EPSMCH","result_file":"/project/temp/deferiprone_single_oral_25mgkg_designcheck_20260511/validation/design_change_n403030_wtmclustT10_nomix_site403030_nondesignquota_precisionchol_basefitbootinit_preboot_20260521/runs/scenario2/bootstrap/federated/scenario2/raw_runs/run_20260523-180259/optim_result_trial_492_20260523-180801.json","trace_file":"/project/temp/deferiprone_single_oral_25mgkg_designcheck_20260511/validation/design_change_n403030_wtmclustT10_nomix_site403030_nondesignquota_precisionchol_basefitbootinit_preboot_20260521/runs/scenario2/bootstrap/federated/scenario2/raw_runs/run_20260523-180259/optim_trace_trial_492_20260523-180801.csv","final_file":"/project/temp/deferiprone_single_oral_25mgkg_designcheck_20260511/validation/design_change_n403030_wtmclustT10_nomix_site403030_nondesignquota_precisionchol_basefitbootinit_preboot_20260521/runs/scenario2/bootstrap/federated/scenario2/raw_runs/run_20260523-180259/final_params_trial_492_20260523-180801.csv"},{"trial":493,"execution_state":"completed","converged":true,"attempts":1,"convergence":0,"value":2214.3708,"eval_fn":24,"eval_gr":24,"log_n":24,"failed_clients_n":0,"message":"CONVERGENCE: REL_REDUCTION_OF_F <= FACTR*EPSMCH","result_file":"/project/temp/deferiprone_single_oral_25mgkg_designcheck_20260511/validation/design_change_n403030_wtmclustT10_nomix_site403030_nondesignquota_precisionchol_basefitbootinit_preboot_20260521/runs/scenario2/bootstrap/federated/scenario2/raw_runs/run_20260523-180259/optim_result_trial_493_20260523-181046.json","trace_file":"/project/temp/deferiprone_single_oral_25mgkg_designcheck_20260511/validation/design_change_n403030_wtmclustT10_nomix_site403030_nondesignquota_precisionchol_basefitbootinit_preboot_20260521/runs/scenario2/bootstrap/federated/scenario2/raw_runs/run_20260523-180259/optim_trace_trial_493_20260523-181046.csv","final_file":"/project/temp/deferiprone_single_oral_25mgkg_designcheck_20260511/validation/design_change_n403030_wtmclustT10_nomix_site403030_nondesignquota_precisionchol_basefitbootinit_preboot_20260521/runs/scenario2/bootstrap/federated/scenario2/raw_runs/run_20260523-180259/final_params_trial_493_20260523-181046.csv"},{"trial":494,"execution_state":"completed","converged":true,"attempts":1,"convergence":0,"value":2241.8638,"eval_fn":26,"eval_gr":26,"log_n":26,"failed_clients_n":0,"message":"CONVERGENCE: REL_REDUCTION_OF_F <= FACTR*EPSMCH","result_file":"/project/temp/deferiprone_single_oral_25mgkg_designcheck_20260511/validation/design_change_n403030_wtmclustT10_nomix_site403030_nondesignquota_precisionchol_basefitbootinit_preboot_20260521/runs/scenario2/bootstrap/federated/scenario2/raw_runs/run_20260523-180259/optim_result_trial_494_20260523-181348.json","trace_file":"/project/temp/deferiprone_single_oral_25mgkg_designcheck_20260511/validation/design_change_n403030_wtmclustT10_nomix_site403030_nondesignquota_precisionchol_basefitbootinit_preboot_20260521/runs/scenario2/bootstrap/federated/scenario2/raw_runs/run_20260523-180259/optim_trace_trial_494_20260523-181348.csv","final_file":"/project/temp/deferiprone_single_oral_25mgkg_designcheck_20260511/validation/design_change_n403030_wtmclustT10_nomix_site403030_nondesignquota_precisionchol_basefitbootinit_preboot_20260521/runs/scenario2/bootstrap/federated/scenario2/raw_runs/run_20260523-180259/final_params_trial_494_20260523-181348.csv"},{"trial":495,"execution_state":"completed","converged":true,"attempts":1,"convergence":0,"value":2235.9816,"eval_fn":23,"eval_gr":23,"log_n":23,"failed_clients_n":0,"message":"CONVERGENCE: REL_REDUCTION_OF_F <= FACTR*EPSMCH","result_file":"/project/temp/deferiprone_single_oral_25mgkg_designcheck_20260511/validation/design_change_n403030_wtmclustT10_nomix_site403030_nondesignquota_precisionchol_basefitbootinit_preboot_20260521/runs/scenario2/bootstrap/federated/scenario2/raw_runs/run_20260523-180259/optim_result_trial_495_20260523-181708.json","trace_file":"/project/temp/deferiprone_single_oral_25mgkg_designcheck_20260511/validation/design_change_n403030_wtmclustT10_nomix_site403030_nondesignquota_precisionchol_basefitbootinit_preboot_20260521/runs/scenario2/bootstrap/federated/scenario2/raw_runs/run_20260523-180259/optim_trace_trial_495_20260523-181708.csv","final_file":"/project/temp/deferiprone_single_oral_25mgkg_designcheck_20260511/validation/design_change_n403030_wtmclustT10_nomix_site403030_nondesignquota_precisionchol_basefitbootinit_preboot_20260521/runs/scenario2/bootstrap/federated/scenario2/raw_runs/run_20260523-180259/final_params_trial_495_20260523-181708.csv"}],"info":{"run_id":"20260523-180259","log_base_dir":"/project/temp/deferiprone_single_oral_25mgkg_designcheck_20260511/validation/design_change_n403030_wtmclustT10_nomix_site403030_nondesignquota_precisionchol_basefitbootinit_preboot_20260521/runs/scenario2/bootstrap/federated","scenario":"scenario2/raw_runs","total_trials":5,"successes":5,"failures":0,"nonconverged_count":0,"nonconverged_trials":[],"convergence_missing_count":0,"seed_base":4869,"B_per_client":500,"duration_sec":1031.1178436279,"host":"ad116e57aa8d","image_tag":null,"communication":{"generated_at":"2026-05-23T18:20:04Z","totals":{"requests":813,"request_bytes":906339,"response_bytes":206282,"total_bytes":1112621,"retries":0},"init":{"requests":3,"request_bytes":8139,"response_bytes":1161,"total_bytes":9300,"retries":0,"median_elapsed_sec":0.37407684326},"init_round_latency":{"n_rounds":1,"median_round_wall_sec":0.37488651276,"p95_round_wall_sec":0.37488651276},"run":{"requests":0,"request_bytes":0,"response_bytes":0,"total_bytes":0,"retries":0,"median_elapsed_sec":"NA"},"run_bootstrap":{"requests":810,"request_bytes":898200,"response_bytes":205121,"total_bytes":1103321,"retries":0,"median_elapsed_sec":3.6473096609},"round_latency":{"n_rounds":270,"median_round_wall_sec":3.7560267448,"p95_round_wall_sec":4.0236648321},"timing_split":{"n_rounds":270,"rounds_with_compute":270,"total_round_wall_sec":1019.6557602882,"total_round_compute_wall_sec":1010.7009,"total_round_comm_overhead_wall_sec":8.9548602882,"comm_overhead_ratio":0.0087822387094,"compute_ratio":0.99121776129}},"communication_files":{"csv":"/project/temp/deferiprone_single_oral_25mgkg_designcheck_20260511/validation/design_change_n403030_wtmclustT10_nomix_site403030_nondesignquota_precisionchol_basefitbootinit_preboot_20260521/runs/scenario2/bootstrap/federated/scenario2/raw_runs/run_20260523-180259/comm_metrics.csv","json":"/project/temp/deferiprone_single_oral_25mgkg_designcheck_20260511/validation/design_change_n403030_wtmclustT10_nomix_site403030_nondesignquota_precisionchol_basefitbootinit_preboot_20260521/runs/scenario2/bootstrap/federated/scenario2/raw_runs/run_20260523-180259/comm_metrics.json"},"output_files":{"bootstrap_summary_csv":"/project/temp/deferiprone_single_oral_25mgkg_designcheck_20260511/validation/design_change_n403030_wtmclustT10_nomix_site403030_nondesignquota_precisionchol_basefitbootinit_preboot_20260521/runs/scenario2/bootstrap/federated/scenario2/raw_runs/run_20260523-180259/bootstrap_summary.csv","bootstrap_summary_json":"/project/temp/deferiprone_single_oral_25mgkg_designcheck_20260511/validation/design_change_n403030_wtmclustT10_nomix_site403030_nondesignquota_precisionchol_basefitbootinit_preboot_20260521/runs/scenario2/bootstrap/federated/scenario2/raw_runs/run_20260523-180259/bootstrap_summary.json","trial_status_csv":"/project/temp/deferiprone_single_oral_25mgkg_designcheck_20260511/validation/design_change_n403030_wtmclustT10_nomix_site403030_nondesignquota_precisionchol_basefitbootinit_preboot_20260521/runs/scenario2/bootstrap/federated/scenario2/raw_runs/run_20260523-180259/trial_status.csv","failed_trials_csv":"/project/temp/deferiprone_single_oral_25mgkg_designcheck_20260511/validation/design_change_n403030_wtmclustT10_nomix_site403030_nondesignquota_precisionchol_basefitbootinit_preboot_20260521/runs/scenario2/bootstrap/federated/scenario2/raw_runs/run_20260523-180259/failed_trials.csv","trial_estimates_wide_csv":"/project/temp/deferiprone_single_oral_25mgkg_designcheck_20260511/validation/design_change_n403030_wtmclustT10_nomix_site403030_nondesignquota_precisionchol_basefitbootinit_preboot_20260521/runs/scenario2/bootstrap/federated/scenario2/raw_runs/run_20260523-180259/trial_estimates_wide.csv","trial_estimates_long_csv":"/project/temp/deferiprone_single_oral_25mgkg_designcheck_20260511/validation/design_change_n403030_wtmclustT10_nomix_site403030_nondesignquota_precisionchol_basefitbootinit_preboot_20260521/runs/scenario2/bootstrap/federated/scenario2/raw_runs/run_20260523-180259/trial_estimates_long.csv","result_json":"/project/temp/deferiprone_single_oral_25mgkg_designcheck_20260511/validation/design_change_n403030_wtmclustT10_nomix_site403030_nondesignquota_precisionchol_basefitbootinit_preboot_20260521/runs/scenario2/bootstrap/federated/scenario2/raw_runs/run_20260523-180259/result.json"}}}
[Kserver-1 exited with code 0
Aborting on container exit...
 Container defboot_design_change_n403030_wtmclu_scenario2_491_495-server-1  Stopping
 Container defboot_design_change_n403030_wtmclu_scenario2_491_495-server-1  Stopped
 Container defboot_design_change_n403030_wtmclu_scenario2_491_495-client1-1  Stopping
 Container defboot_design_change_n403030_wtmclu_scenario2_491_495-client3-1  Stopping
 Container defboot_design_change_n403030_wtmclu_scenario2_491_495-client2-1  Stopping
 Container defboot_design_change_n403030_wtmclu_scenario2_491_495-client2-1  Stopped
 Container defboot_design_change_n403030_wtmclu_scenario2_491_495-client1-1  Stopped
 Container defboot_design_change_n403030_wtmclu_scenario2_491_495-client3-1  Stopped
time="2026-05-24T03:20:15+09:00" level=warning msg="The \"SERVER_CONFIG_PATH\" variable is not set. Defaulting to a blank string."
 Container defboot_design_change_n403030_wtmclu_scenario2_491_495-server-1  Stopping
 Container defboot_design_change_n403030_wtmclu_scenario2_491_495-server-1  Stopped
 Container defboot_design_change_n403030_wtmclu_scenario2_491_495-server-1  Removing
 Container defboot_design_change_n403030_wtmclu_scenario2_491_495-server-1  Removed
 Container defboot_design_change_n403030_wtmclu_scenario2_491_495-client3-1  Stopping
 Container defboot_design_change_n403030_wtmclu_scenario2_491_495-client1-1  Stopping
 Container defboot_design_change_n403030_wtmclu_scenario2_491_495-client2-1  Stopping
 Container defboot_design_change_n403030_wtmclu_scenario2_491_495-client3-1  Stopped
 Container defboot_design_change_n403030_wtmclu_scenario2_491_495-client3-1  Removing
 Container defboot_design_change_n403030_wtmclu_scenario2_491_495-client1-1  Stopped
 Container defboot_design_change_n403030_wtmclu_scenario2_491_495-client1-1  Removing
 Container defboot_design_change_n403030_wtmclu_scenario2_491_495-client2-1  Stopped
 Container defboot_design_change_n403030_wtmclu_scenario2_491_495-client2-1  Removing
 Container defboot_design_change_n403030_wtmclu_scenario2_491_495-client3-1  Removed
 Container defboot_design_change_n403030_wtmclu_scenario2_491_495-client2-1  Removed
 Container defboot_design_change_n403030_wtmclu_scenario2_491_495-client1-1  Removed
 Network defboot_design_change_n403030_wtmclu_scenario2_491_495_site1_net  Removing
 Network defboot_design_change_n403030_wtmclu_scenario2_491_495_site2_net  Removing
 Network defboot_design_change_n403030_wtmclu_scenario2_491_495_site3_net  Removing
 Network defboot_design_change_n403030_wtmclu_scenario2_491_495_site2_net  Removed
 Network defboot_design_change_n403030_wtmclu_scenario2_491_495_site1_net  Removed
 Network defboot_design_change_n403030_wtmclu_scenario2_491_495_site3_net  Removed
