time="2026-05-23T15:18:25+09:00" level=warning msg="The \"SERVER_CONFIG_PATH\" variable is not set. Defaulting to a blank string."
Compose now can delegate build to bake for better performances
Just set COMPOSE_BAKE=true
#0 building with "default" instance using docker driver

#1 [client3 internal] load build definition from Dockerfile.app
#1 transferring dockerfile: 778B done
#1 DONE 0.0s

#2 [client1 internal] load build definition from Dockerfile.app
#2 transferring dockerfile: 778B done
#2 DONE 0.0s

#3 [client2 internal] load build definition from Dockerfile.app
#3 transferring dockerfile: 778B done
#3 DONE 0.0s

#4 [client2 internal] load metadata for docker.io/fedpoppk/base:0.1.0
#4 DONE 0.0s

#5 [client3 internal] load .dockerignore
#5 transferring context: 2B done
#5 DONE 0.0s

#6 [client1 internal] load .dockerignore
#6 transferring context: 2B done
#6 DONE 0.0s

#7 [client2 internal] load .dockerignore
#7 transferring context: 2B done
#7 DONE 0.0s

#8 [client2 1/8] FROM docker.io/fedpoppk/base:0.1.0
#8 DONE 0.0s

#9 [client3 internal] load build context
#9 ...

#10 [client1 internal] load build context
#10 transferring context: 736.51kB 0.3s done
#10 DONE 0.3s

#9 [client3 internal] load build context
#9 transferring context: 736.51kB 0.3s done
#9 DONE 0.3s

#11 [client2 internal] load build context
#11 transferring context: 736.51kB 0.3s done
#11 DONE 0.3s

#12 [client1 7/8] COPY analysis/ analysis/
#12 CACHED

#13 [client1 3/8] COPY renv.lock .Rprofile renv/activate.R ./
#13 CACHED

#14 [client1 4/8] RUN Rscript -e "options(renv.consent=TRUE, Ncpus=parallel::detectCores());                 renv::restore(prompt=FALSE)"
#14 CACHED

#15 [client1 6/8] COPY R/ R/
#15 CACHED

#16 [client1 2/8] WORKDIR /project
#16 CACHED

#17 [client1 5/8] COPY apps/ apps/
#17 CACHED

#18 [client3 8/8] RUN mkdir -p /project/configs/modes /project/data /project/artifacts /project/result
#18 CACHED

#19 [client1] exporting to image
#19 exporting layers done
#19 writing image sha256:faa2729c184ccd848b1d7c249ed1297ce268e1e0a640c55507a8e72fe7ef3b03 done
#19 naming to docker.io/library/defboot_design_change_n403030_wtmclu_scenario2_266_270-client1 0.0s done
#19 DONE 0.0s

#20 [client3] exporting to image
#20 exporting layers done
#20 writing image sha256:6d5833295e05e01712b26ddfe3f3d9ddfd122f8123dea566f1298732ad2aef73 done
#20 naming to docker.io/library/defboot_design_change_n403030_wtmclu_scenario2_266_270-client3 0.0s done
#20 DONE 0.0s

#21 [client2] exporting to image
#21 exporting layers done
#21 writing image sha256:c19df0eae5a63417579c733431ac00a28ba2a3b2d37589ee2f5e05b1ed15b846 done
#21 naming to docker.io/library/defboot_design_change_n403030_wtmclu_scenario2_266_270-client2 0.0s done
#21 DONE 0.1s

#22 [client2] resolving provenance for metadata file
#22 DONE 0.0s

#23 [client1] resolving provenance for metadata file
#23 DONE 0.0s

#24 [client3] resolving provenance for metadata file
#24 DONE 0.0s

#25 [server internal] load build definition from Dockerfile.app
#25 transferring dockerfile: 778B done
#25 DONE 0.0s

#4 [server internal] load metadata for docker.io/fedpoppk/base:0.1.0
#4 DONE 0.0s

#26 [server internal] load .dockerignore
#26 transferring context: 2B done
#26 DONE 0.0s

#8 [server 1/8] FROM docker.io/fedpoppk/base:0.1.0
#8 DONE 0.0s

#27 [server internal] load build context
#27 transferring context: 736.51kB 0.3s done
#27 DONE 0.4s

#28 [server 6/8] COPY R/ R/
#28 CACHED

#29 [server 3/8] COPY renv.lock .Rprofile renv/activate.R ./
#29 CACHED

#30 [server 4/8] RUN Rscript -e "options(renv.consent=TRUE, Ncpus=parallel::detectCores());                 renv::restore(prompt=FALSE)"
#30 CACHED

#31 [server 5/8] COPY apps/ apps/
#31 CACHED

#16 [server 2/8] WORKDIR /project
#16 CACHED

#32 [server 7/8] COPY analysis/ analysis/
#32 CACHED

#33 [server 8/8] RUN mkdir -p /project/configs/modes /project/data /project/artifacts /project/result
#33 CACHED

#34 [server] exporting to image
#34 exporting layers done
#34 writing image sha256:138e12642509f4904bddabb4772b618992f5deceaa50bbd18e3c02b5fd251f19 done
#34 naming to docker.io/library/defboot_design_change_n403030_wtmclu_scenario2_266_270-server 0.0s done
#34 DONE 0.0s

#35 [server] resolving provenance for metadata file
#35 DONE 0.0s
 client1  Built
 client2  Built
 client3  Built
 server  Built
 Network defboot_design_change_n403030_wtmclu_scenario2_266_270_site2_net  Creating
 Network defboot_design_change_n403030_wtmclu_scenario2_266_270_site2_net  Created
 Network defboot_design_change_n403030_wtmclu_scenario2_266_270_site3_net  Creating
 Network defboot_design_change_n403030_wtmclu_scenario2_266_270_site3_net  Created
 Network defboot_design_change_n403030_wtmclu_scenario2_266_270_site1_net  Creating
 Network defboot_design_change_n403030_wtmclu_scenario2_266_270_site1_net  Created
 Container defboot_design_change_n403030_wtmclu_scenario2_266_270-client1-1  Creating
 Container defboot_design_change_n403030_wtmclu_scenario2_266_270-client3-1  Creating
 Container defboot_design_change_n403030_wtmclu_scenario2_266_270-client2-1  Creating
 Container defboot_design_change_n403030_wtmclu_scenario2_266_270-client1-1  Created
 Container defboot_design_change_n403030_wtmclu_scenario2_266_270-client2-1  Created
 Container defboot_design_change_n403030_wtmclu_scenario2_266_270-client3-1  Created
 Container defboot_design_change_n403030_wtmclu_scenario2_266_270-server-1  Creating
 Container defboot_design_change_n403030_wtmclu_scenario2_266_270-server-1  Created
Attaching to client1-1, client2-1, client3-1, server-1
client1-1  | Running plumber API at http://0.0.0.0:8000
client1-1  | Running swagger Docs at http://127.0.0.1:8000/__docs__/
client3-1  | Running plumber API at http://0.0.0.0:8000
client3-1  | Running swagger Docs at http://127.0.0.1:8000/__docs__/
client2-1  | Running plumber API at http://0.0.0.0:8000
client2-1  | Running swagger Docs at http://127.0.0.1:8000/__docs__/
client1-1  | ℹ parameter labels from comments are typically ignored in non-interactive mode
client1-1  | ℹ Need to run with the source intact to parse comments
client2-1  | ℹ parameter labels from comments are typically ignored in non-interactive mode
client3-1  | ℹ parameter labels from comments are typically ignored in non-interactive mode
client2-1  | ℹ Need to run with the source intact to parse comments
client3-1  | ℹ Need to run with the source intact to parse comments
server-1   | [send_init] http://client1:8000 init succeeded
server-1   | [send_init] http://client3:8000 init succeeded
server-1   | [send_init] http://client2:8000 init succeeded
server-1   | {"schema":{"schema_version":"1.1.0","generated_at":"2026-05-23T06:18:34Z","config_path":"/project/configs/../temp/deferiprone_single_oral_25mgkg_designcheck_20260511/validation/design_change_n403030_wtmclustT10_nomix_site403030_nondesignquota_precisionchol_basefitbootinit_preboot_20260521/configs/resolved/scenario2_bootstrap.json","config_md5":"67e6a296d3935d620e746ed6160f8ca2","seed":4869,"host":"a4d9460b667b","pid":1,"image_tag":null,"git_sha":null,"git_dirty":null},"aggregation":{"ci_method":"percentile","ci_level":0.95,"quantile_type":7,"estimates_scale":"natural"},"summary":[{"parameter":"(etaLcl,etaLvc)","median":0.05864197077,"p2.5":0.046776400119,"p97.5":0.071112627767},{"parameter":"CcPropSd","median":0.350342275,"p2.5":0.34593366198,"p97.5":0.3863868487},{"parameter":"etaLcl","median":0.096762929422,"p2.5":0.086420452001,"p97.5":0.11678123295},{"parameter":"etaLvc","median":0.041331064701,"p2.5":0.025103802238,"p97.5":0.052835857409},{"parameter":"lcl","median":2.1866572325,"p2.5":2.1423738276,"p97.5":2.2237712953},{"parameter":"lka","median":2.3089359267,"p2.5":2.0884291735,"p97.5":2.4380199152},{"parameter":"lvc","median":2.9894045512,"p2.5":2.9386722479,"p97.5":3.0097731696},{"parameter":"rho_(etaLcl,etaLvc)","median":0.98139480006,"p2.5":0.9699846067,"p97.5":0.98529462089}],"runs":[{"tag":"trial_266_20260523-061834","value":2212.3366,"counts":[31,31],"control":{"maxit":100,"factr":1000000000,"pgtol":0,"trace":0,"method":"L-BFGS-B"},"convergence":0,"message":"CONVERGENCE: REL_REDUCTION_OF_F <= FACTR*EPSMCH","nat_par":{"lka":2.451985407,"lcl":2.1600484041,"lvc":2.9894045512,"CcPropSd":0.34553323992,"etaLcl":0.097700222714,"etaLvc":0.024938499615,"(etaLcl,etaLvc)":0.047870502804,"rho_(etaLcl,etaLvc)":0.96980641287},"failed_clients":[],"attempt":1,"files":{"result":"/project/temp/deferiprone_single_oral_25mgkg_designcheck_20260511/validation/design_change_n403030_wtmclustT10_nomix_site403030_nondesignquota_precisionchol_basefitbootinit_preboot_20260521/runs/scenario2/bootstrap/federated/scenario2/raw_runs/run_20260523-061834/optim_result_trial_266_20260523-061834.json","trace":"/project/temp/deferiprone_single_oral_25mgkg_designcheck_20260511/validation/design_change_n403030_wtmclustT10_nomix_site403030_nondesignquota_precisionchol_basefitbootinit_preboot_20260521/runs/scenario2/bootstrap/federated/scenario2/raw_runs/run_20260523-061834/optim_trace_trial_266_20260523-061834.csv","final":"/project/temp/deferiprone_single_oral_25mgkg_designcheck_20260511/validation/design_change_n403030_wtmclustT10_nomix_site403030_nondesignquota_precisionchol_basefitbootinit_preboot_20260521/runs/scenario2/bootstrap/federated/scenario2/raw_runs/run_20260523-061834/final_params_trial_266_20260523-061834.csv"},"log_n":31,"execution_state":"completed","trial":266,"attempts":1},{"tag":"trial_267_20260523-062230","value":2206.1534,"counts":[37,37],"control":{"maxit":100,"factr":1000000000,"pgtol":0,"trace":0,"method":"L-BFGS-B"},"convergence":0,"message":"CONVERGENCE: REL_REDUCTION_OF_F <= FACTR*EPSMCH","nat_par":{"lka":2.0717435185,"lcl":2.2199146771,"lvc":2.979143505,"CcPropSd":0.36733157814,"etaLcl":0.086713242188,"etaLvc":0.026591525843,"(etaLcl,etaLvc)":0.046654833154,"rho_(etaLcl,etaLvc)":0.97158835117},"failed_clients":[],"attempt":1,"files":{"result":"/project/temp/deferiprone_single_oral_25mgkg_designcheck_20260511/validation/design_change_n403030_wtmclustT10_nomix_site403030_nondesignquota_precisionchol_basefitbootinit_preboot_20260521/runs/scenario2/bootstrap/federated/scenario2/raw_runs/run_20260523-061834/optim_result_trial_267_20260523-062230.json","trace":"/project/temp/deferiprone_single_oral_25mgkg_designcheck_20260511/validation/design_change_n403030_wtmclustT10_nomix_site403030_nondesignquota_precisionchol_basefitbootinit_preboot_20260521/runs/scenario2/bootstrap/federated/scenario2/raw_runs/run_20260523-061834/optim_trace_trial_267_20260523-062230.csv","final":"/project/temp/deferiprone_single_oral_25mgkg_designcheck_20260511/validation/design_change_n403030_wtmclustT10_nomix_site403030_nondesignquota_precisionchol_basefitbootinit_preboot_20260521/runs/scenario2/bootstrap/federated/scenario2/raw_runs/run_20260523-061834/final_params_trial_267_20260523-062230.csv"},"log_n":37,"execution_state":"completed","trial":267,"attempts":1},{"tag":"trial_268_20260523-062712","value":2213.8976,"counts":[23,23],"control":{"maxit":100,"factr":1000000000,"pgtol":0,"trace":0,"method":"L-BFGS-B"},"convergence":0,"message":"CONVERGENCE: REL_REDUCTION_OF_F <= FACTR*EPSMCH","nat_par":{"lka":2.3089359267,"lcl":2.1404099858,"lvc":2.9341754416,"CcPropSd":0.34953746051,"etaLcl":0.096762929422,"etaLvc":0.053861979414,"(etaLcl,etaLvc)":0.071154970972,"rho_(etaLcl,etaLvc)":0.98562018063},"failed_clients":[],"attempt":1,"files":{"result":"/project/temp/deferiprone_single_oral_25mgkg_designcheck_20260511/validation/design_change_n403030_wtmclustT10_nomix_site403030_nondesignquota_precisionchol_basefitbootinit_preboot_20260521/runs/scenario2/bootstrap/federated/scenario2/raw_runs/run_20260523-061834/optim_result_trial_268_20260523-062712.json","trace":"/project/temp/deferiprone_single_oral_25mgkg_designcheck_20260511/validation/design_change_n403030_wtmclustT10_nomix_site403030_nondesignquota_precisionchol_basefitbootinit_preboot_20260521/runs/scenario2/bootstrap/federated/scenario2/raw_runs/run_20260523-061834/optim_trace_trial_268_20260523-062712.csv","final":"/project/temp/deferiprone_single_oral_25mgkg_designcheck_20260511/validation/design_change_n403030_wtmclustT10_nomix_site403030_nondesignquota_precisionchol_basefitbootinit_preboot_20260521/runs/scenario2/bootstrap/federated/scenario2/raw_runs/run_20260523-061834/final_params_trial_268_20260523-062712.csv"},"log_n":23,"execution_state":"completed","trial":268,"attempts":1},{"tag":"trial_269_20260523-063009","value":2275.752,"counts":[17,17],"control":{"maxit":100,"factr":1000000000,"pgtol":0,"trace":0,"method":"L-BFGS-B"},"convergence":0,"message":"CONVERGENCE: REL_REDUCTION_OF_F <= FACTR*EPSMCH","nat_par":{"lka":2.3123304896,"lcl":2.1866572325,"lvc":3.0044647879,"CcPropSd":0.38850410099,"etaLcl":0.1189013452,"etaLvc":0.043600759367,"(etaLcl,etaLvc)":0.070731538928,"rho_(etaLcl,etaLvc)":0.98236458324},"failed_clients":[],"attempt":1,"files":{"result":"/project/temp/deferiprone_single_oral_25mgkg_designcheck_20260511/validation/design_change_n403030_wtmclustT10_nomix_site403030_nondesignquota_precisionchol_basefitbootinit_preboot_20260521/runs/scenario2/bootstrap/federated/scenario2/raw_runs/run_20260523-061834/optim_result_trial_269_20260523-063009.json","trace":"/project/temp/deferiprone_single_oral_25mgkg_designcheck_20260511/validation/design_change_n403030_wtmclustT10_nomix_site403030_nondesignquota_precisionchol_basefitbootinit_preboot_20260521/runs/scenario2/bootstrap/federated/scenario2/raw_runs/run_20260523-061834/optim_trace_trial_269_20260523-063009.csv","final":"/project/temp/deferiprone_single_oral_25mgkg_designcheck_20260511/validation/design_change_n403030_wtmclustT10_nomix_site403030_nondesignquota_precisionchol_basefitbootinit_preboot_20260521/runs/scenario2/bootstrap/federated/scenario2/raw_runs/run_20260523-061834/final_params_trial_269_20260523-063009.csv"},"log_n":17,"execution_state":"completed","trial":269,"attempts":1},{"tag":"trial_270_20260523-063219","value":2160.6603,"counts":[19,19],"control":{"maxit":100,"factr":1000000000,"pgtol":0,"trace":0,"method":"L-BFGS-B"},"convergence":0,"message":"CONVERGENCE: REL_REDUCTION_OF_F <= FACTR*EPSMCH","nat_par":{"lka":2.2386000685,"lcl":2.2241998084,"lvc":3.0103629898,"CcPropSd":0.350342275,"etaLcl":0.086387919758,"etaLvc":0.041331064701,"(etaLcl,etaLvc)":0.05864197077,"rho_(etaLcl,etaLvc)":0.98139480006},"failed_clients":[],"attempt":1,"files":{"result":"/project/temp/deferiprone_single_oral_25mgkg_designcheck_20260511/validation/design_change_n403030_wtmclustT10_nomix_site403030_nondesignquota_precisionchol_basefitbootinit_preboot_20260521/runs/scenario2/bootstrap/federated/scenario2/raw_runs/run_20260523-061834/optim_result_trial_270_20260523-063219.json","trace":"/project/temp/deferiprone_single_oral_25mgkg_designcheck_20260511/validation/design_change_n403030_wtmclustT10_nomix_site403030_nondesignquota_precisionchol_basefitbootinit_preboot_20260521/runs/scenario2/bootstrap/federated/scenario2/raw_runs/run_20260523-061834/optim_trace_trial_270_20260523-063219.csv","final":"/project/temp/deferiprone_single_oral_25mgkg_designcheck_20260511/validation/design_change_n403030_wtmclustT10_nomix_site403030_nondesignquota_precisionchol_basefitbootinit_preboot_20260521/runs/scenario2/bootstrap/federated/scenario2/raw_runs/run_20260523-061834/final_params_trial_270_20260523-063219.csv"},"log_n":19,"execution_state":"completed","trial":270,"attempts":1}],"trial_status":[{"trial":266,"execution_state":"completed","converged":true,"attempts":1,"convergence":0,"value":2212.3366,"eval_fn":31,"eval_gr":31,"log_n":31,"failed_clients_n":0,"message":"CONVERGENCE: REL_REDUCTION_OF_F <= FACTR*EPSMCH","result_file":"/project/temp/deferiprone_single_oral_25mgkg_designcheck_20260511/validation/design_change_n403030_wtmclustT10_nomix_site403030_nondesignquota_precisionchol_basefitbootinit_preboot_20260521/runs/scenario2/bootstrap/federated/scenario2/raw_runs/run_20260523-061834/optim_result_trial_266_20260523-061834.json","trace_file":"/project/temp/deferiprone_single_oral_25mgkg_designcheck_20260511/validation/design_change_n403030_wtmclustT10_nomix_site403030_nondesignquota_precisionchol_basefitbootinit_preboot_20260521/runs/scenario2/bootstrap/federated/scenario2/raw_runs/run_20260523-061834/optim_trace_trial_266_20260523-061834.csv","final_file":"/project/temp/deferiprone_single_oral_25mgkg_designcheck_20260511/validation/design_change_n403030_wtmclustT10_nomix_site403030_nondesignquota_precisionchol_basefitbootinit_preboot_20260521/runs/scenario2/bootstrap/federated/scenario2/raw_runs/run_20260523-061834/final_params_trial_266_20260523-061834.csv"},{"trial":267,"execution_state":"completed","converged":true,"attempts":1,"convergence":0,"value":2206.1534,"eval_fn":37,"eval_gr":37,"log_n":37,"failed_clients_n":0,"message":"CONVERGENCE: REL_REDUCTION_OF_F <= FACTR*EPSMCH","result_file":"/project/temp/deferiprone_single_oral_25mgkg_designcheck_20260511/validation/design_change_n403030_wtmclustT10_nomix_site403030_nondesignquota_precisionchol_basefitbootinit_preboot_20260521/runs/scenario2/bootstrap/federated/scenario2/raw_runs/run_20260523-061834/optim_result_trial_267_20260523-062230.json","trace_file":"/project/temp/deferiprone_single_oral_25mgkg_designcheck_20260511/validation/design_change_n403030_wtmclustT10_nomix_site403030_nondesignquota_precisionchol_basefitbootinit_preboot_20260521/runs/scenario2/bootstrap/federated/scenario2/raw_runs/run_20260523-061834/optim_trace_trial_267_20260523-062230.csv","final_file":"/project/temp/deferiprone_single_oral_25mgkg_designcheck_20260511/validation/design_change_n403030_wtmclustT10_nomix_site403030_nondesignquota_precisionchol_basefitbootinit_preboot_20260521/runs/scenario2/bootstrap/federated/scenario2/raw_runs/run_20260523-061834/final_params_trial_267_20260523-062230.csv"},{"trial":268,"execution_state":"completed","converged":true,"attempts":1,"convergence":0,"value":2213.8976,"eval_fn":23,"eval_gr":23,"log_n":23,"failed_clients_n":0,"message":"CONVERGENCE: REL_REDUCTION_OF_F <= FACTR*EPSMCH","result_file":"/project/temp/deferiprone_single_oral_25mgkg_designcheck_20260511/validation/design_change_n403030_wtmclustT10_nomix_site403030_nondesignquota_precisionchol_basefitbootinit_preboot_20260521/runs/scenario2/bootstrap/federated/scenario2/raw_runs/run_20260523-061834/optim_result_trial_268_20260523-062712.json","trace_file":"/project/temp/deferiprone_single_oral_25mgkg_designcheck_20260511/validation/design_change_n403030_wtmclustT10_nomix_site403030_nondesignquota_precisionchol_basefitbootinit_preboot_20260521/runs/scenario2/bootstrap/federated/scenario2/raw_runs/run_20260523-061834/optim_trace_trial_268_20260523-062712.csv","final_file":"/project/temp/deferiprone_single_oral_25mgkg_designcheck_20260511/validation/design_change_n403030_wtmclustT10_nomix_site403030_nondesignquota_precisionchol_basefitbootinit_preboot_20260521/runs/scenario2/bootstrap/federated/scenario2/raw_runs/run_20260523-061834/final_params_trial_268_20260523-062712.csv"},{"trial":269,"execution_state":"completed","converged":true,"attempts":1,"convergence":0,"value":2275.752,"eval_fn":17,"eval_gr":17,"log_n":17,"failed_clients_n":0,"message":"CONVERGENCE: REL_REDUCTION_OF_F <= FACTR*EPSMCH","result_file":"/project/temp/deferiprone_single_oral_25mgkg_designcheck_20260511/validation/design_change_n403030_wtmclustT10_nomix_site403030_nondesignquota_precisionchol_basefitbootinit_preboot_20260521/runs/scenario2/bootstrap/federated/scenario2/raw_runs/run_20260523-061834/optim_result_trial_269_20260523-063009.json","trace_file":"/project/temp/deferiprone_single_oral_25mgkg_designcheck_20260511/validation/design_change_n403030_wtmclustT10_nomix_site403030_nondesignquota_precisionchol_basefitbootinit_preboot_20260521/runs/scenario2/bootstrap/federated/scenario2/raw_runs/run_20260523-061834/optim_trace_trial_269_20260523-063009.csv","final_file":"/project/temp/deferiprone_single_oral_25mgkg_designcheck_20260511/validation/design_change_n403030_wtmclustT10_nomix_site403030_nondesignquota_precisionchol_basefitbootinit_preboot_20260521/runs/scenario2/bootstrap/federated/scenario2/raw_runs/run_20260523-061834/final_params_trial_269_20260523-063009.csv"},{"trial":270,"execution_state":"completed","converged":true,"attempts":1,"convergence":0,"value":2160.6603,"eval_fn":19,"eval_gr":19,"log_n":19,"failed_clients_n":0,"message":"CONVERGENCE: REL_REDUCTION_OF_F <= FACTR*EPSMCH","result_file":"/project/temp/deferiprone_single_oral_25mgkg_designcheck_20260511/validation/design_change_n403030_wtmclustT10_nomix_site403030_nondesignquota_precisionchol_basefitbootinit_preboot_20260521/runs/scenario2/bootstrap/federated/scenario2/raw_runs/run_20260523-061834/optim_result_trial_270_20260523-063219.json","trace_file":"/project/temp/deferiprone_single_oral_25mgkg_designcheck_20260511/validation/design_change_n403030_wtmclustT10_nomix_site403030_nondesignquota_precisionchol_basefitbootinit_preboot_20260521/runs/scenario2/bootstrap/federated/scenario2/raw_runs/run_20260523-061834/optim_trace_trial_270_20260523-063219.csv","final_file":"/project/temp/deferiprone_single_oral_25mgkg_designcheck_20260511/validation/design_change_n403030_wtmclustT10_nomix_site403030_nondesignquota_precisionchol_basefitbootinit_preboot_20260521/runs/scenario2/bootstrap/federated/scenario2/raw_runs/run_20260523-061834/final_params_trial_270_20260523-063219.csv"}],"info":{"run_id":"20260523-061834","log_base_dir":"/project/temp/deferiprone_single_oral_25mgkg_designcheck_20260511/validation/design_change_n403030_wtmclustT10_nomix_site403030_nondesignquota_precisionchol_basefitbootinit_preboot_20260521/runs/scenario2/bootstrap/federated","scenario":"scenario2/raw_runs","total_trials":5,"successes":5,"failures":0,"nonconverged_count":0,"nonconverged_trials":[],"convergence_missing_count":0,"seed_base":4869,"B_per_client":500,"duration_sec":977.4985153675,"host":"a4d9460b667b","image_tag":null,"communication":{"generated_at":"2026-05-23T06:34:46Z","totals":{"requests":765,"request_bytes":852855,"response_bytes":194722,"total_bytes":1047577,"retries":0},"init":{"requests":3,"request_bytes":8139,"response_bytes":1161,"total_bytes":9300,"retries":0,"median_elapsed_sec":0.37642621994},"init_round_latency":{"n_rounds":1,"median_round_wall_sec":0.38169598579,"p95_round_wall_sec":0.38169598579},"run":{"requests":0,"request_bytes":0,"response_bytes":0,"total_bytes":0,"retries":0,"median_elapsed_sec":"NA"},"run_bootstrap":{"requests":762,"request_bytes":844716,"response_bytes":193561,"total_bytes":1038277,"retries":0,"median_elapsed_sec":3.6558183432},"round_latency":{"n_rounds":254,"median_round_wall_sec":3.7931160927,"p95_round_wall_sec":4.0529376745},"timing_split":{"n_rounds":254,"rounds_with_compute":254,"total_round_wall_sec":966.1875314713,"total_round_compute_wall_sec":957.6145,"total_round_comm_overhead_wall_sec":8.5730314713,"comm_overhead_ratio":0.008873051237,"compute_ratio":0.99112694876}},"communication_files":{"csv":"/project/temp/deferiprone_single_oral_25mgkg_designcheck_20260511/validation/design_change_n403030_wtmclustT10_nomix_site403030_nondesignquota_precisionchol_basefitbootinit_preboot_20260521/runs/scenario2/bootstrap/federated/scenario2/raw_runs/run_20260523-061834/comm_metrics.csv","json":"/project/temp/deferiprone_single_oral_25mgkg_designcheck_20260511/validation/design_change_n403030_wtmclustT10_nomix_site403030_nondesignquota_precisionchol_basefitbootinit_preboot_20260521/runs/scenario2/bootstrap/federated/scenario2/raw_runs/run_20260523-061834/comm_metrics.json"},"output_files":{"bootstrap_summary_csv":"/project/temp/deferiprone_single_oral_25mgkg_designcheck_20260511/validation/design_change_n403030_wtmclustT10_nomix_site403030_nondesignquota_precisionchol_basefitbootinit_preboot_20260521/runs/scenario2/bootstrap/federated/scenario2/raw_runs/run_20260523-061834/bootstrap_summary.csv","bootstrap_summary_json":"/project/temp/deferiprone_single_oral_25mgkg_designcheck_20260511/validation/design_change_n403030_wtmclustT10_nomix_site403030_nondesignquota_precisionchol_basefitbootinit_preboot_20260521/runs/scenario2/bootstrap/federated/scenario2/raw_runs/run_20260523-061834/bootstrap_summary.json","trial_status_csv":"/project/temp/deferiprone_single_oral_25mgkg_designcheck_20260511/validation/design_change_n403030_wtmclustT10_nomix_site403030_nondesignquota_precisionchol_basefitbootinit_preboot_20260521/runs/scenario2/bootstrap/federated/scenario2/raw_runs/run_20260523-061834/trial_status.csv","failed_trials_csv":"/project/temp/deferiprone_single_oral_25mgkg_designcheck_20260511/validation/design_change_n403030_wtmclustT10_nomix_site403030_nondesignquota_precisionchol_basefitbootinit_preboot_20260521/runs/scenario2/bootstrap/federated/scenario2/raw_runs/run_20260523-061834/failed_trials.csv","trial_estimates_wide_csv":"/project/temp/deferiprone_single_oral_25mgkg_designcheck_20260511/validation/design_change_n403030_wtmclustT10_nomix_site403030_nondesignquota_precisionchol_basefitbootinit_preboot_20260521/runs/scenario2/bootstrap/federated/scenario2/raw_runs/run_20260523-061834/trial_estimates_wide.csv","trial_estimates_long_csv":"/project/temp/deferiprone_single_oral_25mgkg_designcheck_20260511/validation/design_change_n403030_wtmclustT10_nomix_site403030_nondesignquota_precisionchol_basefitbootinit_preboot_20260521/runs/scenario2/bootstrap/federated/scenario2/raw_runs/run_20260523-061834/trial_estimates_long.csv","result_json":"/project/temp/deferiprone_single_oral_25mgkg_designcheck_20260511/validation/design_change_n403030_wtmclustT10_nomix_site403030_nondesignquota_precisionchol_basefitbootinit_preboot_20260521/runs/scenario2/bootstrap/federated/scenario2/raw_runs/run_20260523-061834/result.json"}}}
[Kserver-1 exited with code 0
Aborting on container exit...
 Container defboot_design_change_n403030_wtmclu_scenario2_266_270-server-1  Stopping
 Container defboot_design_change_n403030_wtmclu_scenario2_266_270-server-1  Stopped
 Container defboot_design_change_n403030_wtmclu_scenario2_266_270-client2-1  Stopping
 Container defboot_design_change_n403030_wtmclu_scenario2_266_270-client3-1  Stopping
 Container defboot_design_change_n403030_wtmclu_scenario2_266_270-client1-1  Stopping
 Container defboot_design_change_n403030_wtmclu_scenario2_266_270-client3-1  Stopped
 Container defboot_design_change_n403030_wtmclu_scenario2_266_270-client2-1  Stopped
 Container defboot_design_change_n403030_wtmclu_scenario2_266_270-client1-1  Stopped
time="2026-05-23T15:34:57+09:00" level=warning msg="The \"SERVER_CONFIG_PATH\" variable is not set. Defaulting to a blank string."
 Container defboot_design_change_n403030_wtmclu_scenario2_266_270-server-1  Stopping
 Container defboot_design_change_n403030_wtmclu_scenario2_266_270-server-1  Stopped
 Container defboot_design_change_n403030_wtmclu_scenario2_266_270-server-1  Removing
 Container defboot_design_change_n403030_wtmclu_scenario2_266_270-server-1  Removed
 Container defboot_design_change_n403030_wtmclu_scenario2_266_270-client2-1  Stopping
 Container defboot_design_change_n403030_wtmclu_scenario2_266_270-client3-1  Stopping
 Container defboot_design_change_n403030_wtmclu_scenario2_266_270-client1-1  Stopping
 Container defboot_design_change_n403030_wtmclu_scenario2_266_270-client2-1  Stopped
 Container defboot_design_change_n403030_wtmclu_scenario2_266_270-client2-1  Removing
 Container defboot_design_change_n403030_wtmclu_scenario2_266_270-client3-1  Stopped
 Container defboot_design_change_n403030_wtmclu_scenario2_266_270-client3-1  Removing
 Container defboot_design_change_n403030_wtmclu_scenario2_266_270-client1-1  Stopped
 Container defboot_design_change_n403030_wtmclu_scenario2_266_270-client1-1  Removing
 Container defboot_design_change_n403030_wtmclu_scenario2_266_270-client2-1  Removed
 Container defboot_design_change_n403030_wtmclu_scenario2_266_270-client3-1  Removed
 Container defboot_design_change_n403030_wtmclu_scenario2_266_270-client1-1  Removed
 Network defboot_design_change_n403030_wtmclu_scenario2_266_270_site1_net  Removing
 Network defboot_design_change_n403030_wtmclu_scenario2_266_270_site3_net  Removing
 Network defboot_design_change_n403030_wtmclu_scenario2_266_270_site2_net  Removing
 Network defboot_design_change_n403030_wtmclu_scenario2_266_270_site1_net  Removed
 Network defboot_design_change_n403030_wtmclu_scenario2_266_270_site2_net  Removed
 Network defboot_design_change_n403030_wtmclu_scenario2_266_270_site3_net  Removed
