time="2026-05-23T18:54:09+09:00" level=warning msg="The \"SERVER_CONFIG_PATH\" variable is not set. Defaulting to a blank string."
Compose now can delegate build to bake for better performances
Just set COMPOSE_BAKE=true
#0 building with "default" instance using docker driver

#1 [client2 internal] load build definition from Dockerfile.app
#1 transferring dockerfile: 778B done
#1 DONE 0.0s

#2 [client1 internal] load build definition from Dockerfile.app
#2 transferring dockerfile: 778B done
#2 DONE 0.0s

#3 [client3 internal] load build definition from Dockerfile.app
#3 transferring dockerfile: 778B done
#3 DONE 0.0s

#4 [client3 internal] load metadata for docker.io/fedpoppk/base:0.1.0
#4 DONE 0.0s

#5 [client2 internal] load .dockerignore
#5 transferring context: 2B done
#5 DONE 0.0s

#6 [client1 internal] load .dockerignore
#6 transferring context: 2B done
#6 DONE 0.0s

#7 [client3 internal] load .dockerignore
#7 transferring context: 2B done
#7 DONE 0.0s

#8 [client3 1/8] FROM docker.io/fedpoppk/base:0.1.0
#8 DONE 0.0s

#9 [client2 internal] load build context
#9 transferring context: 736.51kB 0.3s done
#9 DONE 0.3s

#10 [client3 internal] load build context
#10 transferring context: 736.51kB 0.3s done
#10 DONE 0.3s

#11 [client1 internal] load build context
#11 transferring context: 736.51kB 0.3s done
#11 DONE 0.3s

#12 [client3 2/8] WORKDIR /project
#12 CACHED

#13 [client3 5/8] COPY apps/ apps/
#13 CACHED

#14 [client3 4/8] RUN Rscript -e "options(renv.consent=TRUE, Ncpus=parallel::detectCores());                 renv::restore(prompt=FALSE)"
#14 CACHED

#15 [client3 3/8] COPY renv.lock .Rprofile renv/activate.R ./
#15 CACHED

#16 [client3 6/8] COPY R/ R/
#16 CACHED

#17 [client3 7/8] COPY analysis/ analysis/
#17 CACHED

#18 [client1 8/8] RUN mkdir -p /project/configs/modes /project/data /project/artifacts /project/result
#18 CACHED

#19 [client3] exporting to image
#19 exporting layers done
#19 writing image sha256:0af2615e55aeecd32c9870d526031c6ba848aaf9e563406dd97b5cc55d4822ae done
#19 naming to docker.io/library/defboot_design_change_n403030_wtmclu_scenario2_336_340-client3 0.0s done
#19 DONE 0.0s

#20 [client2] exporting to image
#20 exporting layers done
#20 writing image sha256:9ee743bddf75cfd24ebe3e5b84de10f989157b4e2006b6674770e8f26bd7d967 done
#20 naming to docker.io/library/defboot_design_change_n403030_wtmclu_scenario2_336_340-client2 0.0s done
#20 DONE 0.0s

#21 [client1] exporting to image
#21 exporting layers done
#21 writing image sha256:c723dcab1fcad5606d29c1d1bf767db7e24f6d78e8e5796b6dad9cdc05983e02 done
#21 naming to docker.io/library/defboot_design_change_n403030_wtmclu_scenario2_336_340-client1 0.0s done
#21 DONE 0.1s

#22 [client2] resolving provenance for metadata file
#22 DONE 0.0s

#23 [client3] resolving provenance for metadata file
#23 DONE 0.0s

#24 [client1] resolving provenance for metadata file
#24 DONE 0.0s

#25 [server internal] load build definition from Dockerfile.app
#25 transferring dockerfile: 778B done
#25 DONE 0.0s

#4 [server internal] load metadata for docker.io/fedpoppk/base:0.1.0
#4 DONE 0.0s

#26 [server internal] load .dockerignore
#26 transferring context: 2B done
#26 DONE 0.0s

#8 [server 1/8] FROM docker.io/fedpoppk/base:0.1.0
#8 DONE 0.0s

#27 [server internal] load build context
#27 transferring context: 736.51kB 0.3s done
#27 DONE 0.3s

#12 [server 2/8] WORKDIR /project
#12 CACHED

#28 [server 3/8] COPY renv.lock .Rprofile renv/activate.R ./
#28 CACHED

#29 [server 5/8] COPY apps/ apps/
#29 CACHED

#30 [server 7/8] COPY analysis/ analysis/
#30 CACHED

#31 [server 6/8] COPY R/ R/
#31 CACHED

#32 [server 4/8] RUN Rscript -e "options(renv.consent=TRUE, Ncpus=parallel::detectCores());                 renv::restore(prompt=FALSE)"
#32 CACHED

#33 [server 8/8] RUN mkdir -p /project/configs/modes /project/data /project/artifacts /project/result
#33 CACHED

#34 [server] exporting to image
#34 exporting layers done
#34 writing image sha256:a4f9e4f09a6cb8f1f11e339a692743e323f8ba4aadaf42b83de89833002e9a6d done
#34 naming to docker.io/library/defboot_design_change_n403030_wtmclu_scenario2_336_340-server 0.0s done
#34 DONE 0.0s

#35 [server] resolving provenance for metadata file
#35 DONE 0.0s
 client1  Built
 client2  Built
 client3  Built
 server  Built
 Network defboot_design_change_n403030_wtmclu_scenario2_336_340_site1_net  Creating
 Network defboot_design_change_n403030_wtmclu_scenario2_336_340_site1_net  Created
 Network defboot_design_change_n403030_wtmclu_scenario2_336_340_site2_net  Creating
 Network defboot_design_change_n403030_wtmclu_scenario2_336_340_site2_net  Created
 Network defboot_design_change_n403030_wtmclu_scenario2_336_340_site3_net  Creating
 Network defboot_design_change_n403030_wtmclu_scenario2_336_340_site3_net  Created
 Container defboot_design_change_n403030_wtmclu_scenario2_336_340-client3-1  Creating
 Container defboot_design_change_n403030_wtmclu_scenario2_336_340-client1-1  Creating
 Container defboot_design_change_n403030_wtmclu_scenario2_336_340-client2-1  Creating
 Container defboot_design_change_n403030_wtmclu_scenario2_336_340-client1-1  Created
 Container defboot_design_change_n403030_wtmclu_scenario2_336_340-client3-1  Created
 Container defboot_design_change_n403030_wtmclu_scenario2_336_340-client2-1  Created
 Container defboot_design_change_n403030_wtmclu_scenario2_336_340-server-1  Creating
 Container defboot_design_change_n403030_wtmclu_scenario2_336_340-server-1  Created
Attaching to client1-1, client2-1, client3-1, server-1
client1-1  | Running plumber API at http://0.0.0.0:8000
client1-1  | Running swagger Docs at http://127.0.0.1:8000/__docs__/
client2-1  | Running plumber API at http://0.0.0.0:8000
client3-1  | Running plumber API at http://0.0.0.0:8000
client2-1  | Running swagger Docs at http://127.0.0.1:8000/__docs__/
client3-1  | Running swagger Docs at http://127.0.0.1:8000/__docs__/
client1-1  | ℹ parameter labels from comments are typically ignored in non-interactive mode
client1-1  | ℹ Need to run with the source intact to parse comments
client2-1  | ℹ parameter labels from comments are typically ignored in non-interactive mode
client2-1  | ℹ Need to run with the source intact to parse comments
client3-1  | ℹ parameter labels from comments are typically ignored in non-interactive mode
client3-1  | ℹ Need to run with the source intact to parse comments
server-1   | [send_init] http://client2:8000 init succeeded
server-1   | [send_init] http://client1:8000 init succeeded
server-1   | [send_init] http://client3:8000 init succeeded
server-1   | {"schema":{"schema_version":"1.1.0","generated_at":"2026-05-23T09:54:18Z","config_path":"/project/configs/../temp/deferiprone_single_oral_25mgkg_designcheck_20260511/validation/design_change_n403030_wtmclustT10_nomix_site403030_nondesignquota_precisionchol_basefitbootinit_preboot_20260521/configs/resolved/scenario2_bootstrap.json","config_md5":"67e6a296d3935d620e746ed6160f8ca2","seed":4869,"host":"b3c7991e6654","pid":1,"image_tag":null,"git_sha":null,"git_dirty":null},"aggregation":{"ci_method":"percentile","ci_level":0.95,"quantile_type":7,"estimates_scale":"natural"},"summary":[{"parameter":"(etaLcl,etaLvc)","median":0.056636157967,"p2.5":0.044514299068,"p97.5":0.073807439914},{"parameter":"CcPropSd","median":0.34886704573,"p2.5":0.33795503807,"p97.5":0.38362498104},{"parameter":"etaLcl","median":0.10458305431,"p2.5":0.092511555621,"p97.5":0.13285839021},{"parameter":"etaLvc","median":0.031630217375,"p2.5":0.022939408999,"p97.5":0.042662427894},{"parameter":"lcl","median":2.1788659952,"p2.5":2.1514787778,"p97.5":2.194040298},{"parameter":"lka","median":2.2342873153,"p2.5":2.0604294047,"p97.5":2.374501766},{"parameter":"lvc","median":2.9647093325,"p2.5":2.928985007,"p97.5":2.9823734297},{"parameter":"rho_(etaLcl,etaLvc)","median":0.97595162972,"p2.5":0.96701727933,"p97.5":0.98199385921}],"runs":[{"tag":"trial_336_20260523-095418","value":2194.3466,"counts":[20,20],"control":{"maxit":100,"factr":1000000000,"pgtol":0,"trace":0,"method":"L-BFGS-B"},"convergence":0,"message":"CONVERGENCE: REL_REDUCTION_OF_F <= FACTR*EPSMCH","nat_par":{"lka":2.2342873153,"lcl":2.1497437584,"lvc":2.9253676481,"CcPropSd":0.33696182914,"etaLcl":0.091880920397,"etaLvc":0.022069305841,"(etaLcl,etaLvc)":0.043503843999,"rho_(etaLcl,etaLvc)":0.96609676482},"failed_clients":[],"attempt":1,"files":{"result":"/project/temp/deferiprone_single_oral_25mgkg_designcheck_20260511/validation/design_change_n403030_wtmclustT10_nomix_site403030_nondesignquota_precisionchol_basefitbootinit_preboot_20260521/runs/scenario2/bootstrap/federated/scenario2/raw_runs/run_20260523-095418/optim_result_trial_336_20260523-095418.json","trace":"/project/temp/deferiprone_single_oral_25mgkg_designcheck_20260511/validation/design_change_n403030_wtmclustT10_nomix_site403030_nondesignquota_precisionchol_basefitbootinit_preboot_20260521/runs/scenario2/bootstrap/federated/scenario2/raw_runs/run_20260523-095418/optim_trace_trial_336_20260523-095418.csv","final":"/project/temp/deferiprone_single_oral_25mgkg_designcheck_20260511/validation/design_change_n403030_wtmclustT10_nomix_site403030_nondesignquota_precisionchol_basefitbootinit_preboot_20260521/runs/scenario2/bootstrap/federated/scenario2/raw_runs/run_20260523-095418/final_params_trial_336_20260523-095418.csv"},"log_n":20,"execution_state":"completed","trial":336,"attempts":1},{"tag":"trial_337_20260523-095651","value":2216.1911,"counts":[34,34],"control":{"maxit":100,"factr":1000000000,"pgtol":0,"trace":0,"method":"L-BFGS-B"},"convergence":0,"message":"CONVERGENCE: REL_REDUCTION_OF_F <= FACTR*EPSMCH","nat_par":{"lka":2.3791712443,"lcl":2.1788659952,"lvc":2.9829525937,"CcPropSd":0.34689391849,"etaLcl":0.10647038022,"etaLvc":0.031630217375,"(etaLcl,etaLvc)":0.056636157967,"rho_(etaLcl,etaLvc)":0.97595162972},"failed_clients":[],"attempt":1,"files":{"result":"/project/temp/deferiprone_single_oral_25mgkg_designcheck_20260511/validation/design_change_n403030_wtmclustT10_nomix_site403030_nondesignquota_precisionchol_basefitbootinit_preboot_20260521/runs/scenario2/bootstrap/federated/scenario2/raw_runs/run_20260523-095418/optim_result_trial_337_20260523-095651.json","trace":"/project/temp/deferiprone_single_oral_25mgkg_designcheck_20260511/validation/design_change_n403030_wtmclustT10_nomix_site403030_nondesignquota_precisionchol_basefitbootinit_preboot_20260521/runs/scenario2/bootstrap/federated/scenario2/raw_runs/run_20260523-095418/optim_trace_trial_337_20260523-095651.csv","final":"/project/temp/deferiprone_single_oral_25mgkg_designcheck_20260511/validation/design_change_n403030_wtmclustT10_nomix_site403030_nondesignquota_precisionchol_basefitbootinit_preboot_20260521/runs/scenario2/bootstrap/federated/scenario2/raw_runs/run_20260523-095418/final_params_trial_337_20260523-095651.csv"},"log_n":34,"execution_state":"completed","trial":337,"attempts":1},{"tag":"trial_338_20260523-100108","value":2255.5573,"counts":[34,34],"control":{"maxit":100,"factr":1000000000,"pgtol":0,"trace":0,"method":"L-BFGS-B"},"convergence":0,"message":"CONVERGENCE: REL_REDUCTION_OF_F <= FACTR*EPSMCH","nat_par":{"lka":2.1132624522,"lcl":2.1838568278,"lvc":2.9771609535,"CcPropSd":0.37325778627,"etaLcl":0.13579039132,"etaLvc":0.042636840047,"(etaLcl,etaLvc)":0.074719954252,"rho_(etaLcl,etaLvc)":0.98199566872},"failed_clients":[],"attempt":1,"files":{"result":"/project/temp/deferiprone_single_oral_25mgkg_designcheck_20260511/validation/design_change_n403030_wtmclustT10_nomix_site403030_nondesignquota_precisionchol_basefitbootinit_preboot_20260521/runs/scenario2/bootstrap/federated/scenario2/raw_runs/run_20260523-095418/optim_result_trial_338_20260523-100108.json","trace":"/project/temp/deferiprone_single_oral_25mgkg_designcheck_20260511/validation/design_change_n403030_wtmclustT10_nomix_site403030_nondesignquota_precisionchol_basefitbootinit_preboot_20260521/runs/scenario2/bootstrap/federated/scenario2/raw_runs/run_20260523-095418/optim_trace_trial_338_20260523-100108.csv","final":"/project/temp/deferiprone_single_oral_25mgkg_designcheck_20260511/validation/design_change_n403030_wtmclustT10_nomix_site403030_nondesignquota_precisionchol_basefitbootinit_preboot_20260521/runs/scenario2/bootstrap/federated/scenario2/raw_runs/run_20260523-095418/final_params_trial_338_20260523-100108.csv"},"log_n":34,"execution_state":"completed","trial":338,"attempts":1},{"tag":"trial_339_20260523-100527","value":2219.3321,"counts":[23,23],"control":{"maxit":100,"factr":1000000000,"pgtol":0,"trace":0,"method":"L-BFGS-B"},"convergence":0,"message":"CONVERGENCE: REL_REDUCTION_OF_F <= FACTR*EPSMCH","nat_par":{"lka":2.332476461,"lcl":2.1670939524,"lvc":2.9615412369,"CcPropSd":0.34886704573,"etaLcl":0.09818727264,"etaLvc":0.030770337426,"(etaLcl,etaLvc)":0.053608394689,"rho_(etaLcl,etaLvc)":0.9753019099},"failed_clients":[],"attempt":1,"files":{"result":"/project/temp/deferiprone_single_oral_25mgkg_designcheck_20260511/validation/design_change_n403030_wtmclustT10_nomix_site403030_nondesignquota_precisionchol_basefitbootinit_preboot_20260521/runs/scenario2/bootstrap/federated/scenario2/raw_runs/run_20260523-095418/optim_result_trial_339_20260523-100527.json","trace":"/project/temp/deferiprone_single_oral_25mgkg_designcheck_20260511/validation/design_change_n403030_wtmclustT10_nomix_site403030_nondesignquota_precisionchol_basefitbootinit_preboot_20260521/runs/scenario2/bootstrap/federated/scenario2/raw_runs/run_20260523-095418/optim_trace_trial_339_20260523-100527.csv","final":"/project/temp/deferiprone_single_oral_25mgkg_designcheck_20260511/validation/design_change_n403030_wtmclustT10_nomix_site403030_nondesignquota_precisionchol_basefitbootinit_preboot_20260521/runs/scenario2/bootstrap/federated/scenario2/raw_runs/run_20260523-095418/final_params_trial_339_20260523-100527.csv"},"log_n":23,"execution_state":"completed","trial":339,"attempts":1},{"tag":"trial_340_20260523-100824","value":2226.8703,"counts":[22,22],"control":{"maxit":100,"factr":1000000000,"pgtol":0,"trace":0,"method":"L-BFGS-B"},"convergence":0,"message":"CONVERGENCE: REL_REDUCTION_OF_F <= FACTR*EPSMCH","nat_par":{"lka":2.0545590661,"lcl":2.1951717947,"lvc":2.9647093325,"CcPropSd":0.38477689157,"etaLcl":0.10458305431,"etaLvc":0.042665270989,"(etaLcl,etaLvc)":0.065594810874,"rho_(etaLcl,etaLvc)":0.98197757356},"failed_clients":[],"attempt":1,"files":{"result":"/project/temp/deferiprone_single_oral_25mgkg_designcheck_20260511/validation/design_change_n403030_wtmclustT10_nomix_site403030_nondesignquota_precisionchol_basefitbootinit_preboot_20260521/runs/scenario2/bootstrap/federated/scenario2/raw_runs/run_20260523-095418/optim_result_trial_340_20260523-100824.json","trace":"/project/temp/deferiprone_single_oral_25mgkg_designcheck_20260511/validation/design_change_n403030_wtmclustT10_nomix_site403030_nondesignquota_precisionchol_basefitbootinit_preboot_20260521/runs/scenario2/bootstrap/federated/scenario2/raw_runs/run_20260523-095418/optim_trace_trial_340_20260523-100824.csv","final":"/project/temp/deferiprone_single_oral_25mgkg_designcheck_20260511/validation/design_change_n403030_wtmclustT10_nomix_site403030_nondesignquota_precisionchol_basefitbootinit_preboot_20260521/runs/scenario2/bootstrap/federated/scenario2/raw_runs/run_20260523-095418/final_params_trial_340_20260523-100824.csv"},"log_n":22,"execution_state":"completed","trial":340,"attempts":1}],"trial_status":[{"trial":336,"execution_state":"completed","converged":true,"attempts":1,"convergence":0,"value":2194.3466,"eval_fn":20,"eval_gr":20,"log_n":20,"failed_clients_n":0,"message":"CONVERGENCE: REL_REDUCTION_OF_F <= FACTR*EPSMCH","result_file":"/project/temp/deferiprone_single_oral_25mgkg_designcheck_20260511/validation/design_change_n403030_wtmclustT10_nomix_site403030_nondesignquota_precisionchol_basefitbootinit_preboot_20260521/runs/scenario2/bootstrap/federated/scenario2/raw_runs/run_20260523-095418/optim_result_trial_336_20260523-095418.json","trace_file":"/project/temp/deferiprone_single_oral_25mgkg_designcheck_20260511/validation/design_change_n403030_wtmclustT10_nomix_site403030_nondesignquota_precisionchol_basefitbootinit_preboot_20260521/runs/scenario2/bootstrap/federated/scenario2/raw_runs/run_20260523-095418/optim_trace_trial_336_20260523-095418.csv","final_file":"/project/temp/deferiprone_single_oral_25mgkg_designcheck_20260511/validation/design_change_n403030_wtmclustT10_nomix_site403030_nondesignquota_precisionchol_basefitbootinit_preboot_20260521/runs/scenario2/bootstrap/federated/scenario2/raw_runs/run_20260523-095418/final_params_trial_336_20260523-095418.csv"},{"trial":337,"execution_state":"completed","converged":true,"attempts":1,"convergence":0,"value":2216.1911,"eval_fn":34,"eval_gr":34,"log_n":34,"failed_clients_n":0,"message":"CONVERGENCE: REL_REDUCTION_OF_F <= FACTR*EPSMCH","result_file":"/project/temp/deferiprone_single_oral_25mgkg_designcheck_20260511/validation/design_change_n403030_wtmclustT10_nomix_site403030_nondesignquota_precisionchol_basefitbootinit_preboot_20260521/runs/scenario2/bootstrap/federated/scenario2/raw_runs/run_20260523-095418/optim_result_trial_337_20260523-095651.json","trace_file":"/project/temp/deferiprone_single_oral_25mgkg_designcheck_20260511/validation/design_change_n403030_wtmclustT10_nomix_site403030_nondesignquota_precisionchol_basefitbootinit_preboot_20260521/runs/scenario2/bootstrap/federated/scenario2/raw_runs/run_20260523-095418/optim_trace_trial_337_20260523-095651.csv","final_file":"/project/temp/deferiprone_single_oral_25mgkg_designcheck_20260511/validation/design_change_n403030_wtmclustT10_nomix_site403030_nondesignquota_precisionchol_basefitbootinit_preboot_20260521/runs/scenario2/bootstrap/federated/scenario2/raw_runs/run_20260523-095418/final_params_trial_337_20260523-095651.csv"},{"trial":338,"execution_state":"completed","converged":true,"attempts":1,"convergence":0,"value":2255.5573,"eval_fn":34,"eval_gr":34,"log_n":34,"failed_clients_n":0,"message":"CONVERGENCE: REL_REDUCTION_OF_F <= FACTR*EPSMCH","result_file":"/project/temp/deferiprone_single_oral_25mgkg_designcheck_20260511/validation/design_change_n403030_wtmclustT10_nomix_site403030_nondesignquota_precisionchol_basefitbootinit_preboot_20260521/runs/scenario2/bootstrap/federated/scenario2/raw_runs/run_20260523-095418/optim_result_trial_338_20260523-100108.json","trace_file":"/project/temp/deferiprone_single_oral_25mgkg_designcheck_20260511/validation/design_change_n403030_wtmclustT10_nomix_site403030_nondesignquota_precisionchol_basefitbootinit_preboot_20260521/runs/scenario2/bootstrap/federated/scenario2/raw_runs/run_20260523-095418/optim_trace_trial_338_20260523-100108.csv","final_file":"/project/temp/deferiprone_single_oral_25mgkg_designcheck_20260511/validation/design_change_n403030_wtmclustT10_nomix_site403030_nondesignquota_precisionchol_basefitbootinit_preboot_20260521/runs/scenario2/bootstrap/federated/scenario2/raw_runs/run_20260523-095418/final_params_trial_338_20260523-100108.csv"},{"trial":339,"execution_state":"completed","converged":true,"attempts":1,"convergence":0,"value":2219.3321,"eval_fn":23,"eval_gr":23,"log_n":23,"failed_clients_n":0,"message":"CONVERGENCE: REL_REDUCTION_OF_F <= FACTR*EPSMCH","result_file":"/project/temp/deferiprone_single_oral_25mgkg_designcheck_20260511/validation/design_change_n403030_wtmclustT10_nomix_site403030_nondesignquota_precisionchol_basefitbootinit_preboot_20260521/runs/scenario2/bootstrap/federated/scenario2/raw_runs/run_20260523-095418/optim_result_trial_339_20260523-100527.json","trace_file":"/project/temp/deferiprone_single_oral_25mgkg_designcheck_20260511/validation/design_change_n403030_wtmclustT10_nomix_site403030_nondesignquota_precisionchol_basefitbootinit_preboot_20260521/runs/scenario2/bootstrap/federated/scenario2/raw_runs/run_20260523-095418/optim_trace_trial_339_20260523-100527.csv","final_file":"/project/temp/deferiprone_single_oral_25mgkg_designcheck_20260511/validation/design_change_n403030_wtmclustT10_nomix_site403030_nondesignquota_precisionchol_basefitbootinit_preboot_20260521/runs/scenario2/bootstrap/federated/scenario2/raw_runs/run_20260523-095418/final_params_trial_339_20260523-100527.csv"},{"trial":340,"execution_state":"completed","converged":true,"attempts":1,"convergence":0,"value":2226.8703,"eval_fn":22,"eval_gr":22,"log_n":22,"failed_clients_n":0,"message":"CONVERGENCE: REL_REDUCTION_OF_F <= FACTR*EPSMCH","result_file":"/project/temp/deferiprone_single_oral_25mgkg_designcheck_20260511/validation/design_change_n403030_wtmclustT10_nomix_site403030_nondesignquota_precisionchol_basefitbootinit_preboot_20260521/runs/scenario2/bootstrap/federated/scenario2/raw_runs/run_20260523-095418/optim_result_trial_340_20260523-100824.json","trace_file":"/project/temp/deferiprone_single_oral_25mgkg_designcheck_20260511/validation/design_change_n403030_wtmclustT10_nomix_site403030_nondesignquota_precisionchol_basefitbootinit_preboot_20260521/runs/scenario2/bootstrap/federated/scenario2/raw_runs/run_20260523-095418/optim_trace_trial_340_20260523-100824.csv","final_file":"/project/temp/deferiprone_single_oral_25mgkg_designcheck_20260511/validation/design_change_n403030_wtmclustT10_nomix_site403030_nondesignquota_precisionchol_basefitbootinit_preboot_20260521/runs/scenario2/bootstrap/federated/scenario2/raw_runs/run_20260523-095418/final_params_trial_340_20260523-100824.csv"}],"info":{"run_id":"20260523-095418","log_base_dir":"/project/temp/deferiprone_single_oral_25mgkg_designcheck_20260511/validation/design_change_n403030_wtmclustT10_nomix_site403030_nondesignquota_precisionchol_basefitbootinit_preboot_20260521/runs/scenario2/bootstrap/federated","scenario":"scenario2/raw_runs","total_trials":5,"successes":5,"failures":0,"nonconverged_count":0,"nonconverged_trials":[],"convergence_missing_count":0,"seed_base":4869,"B_per_client":500,"duration_sec":1019.8866622448,"host":"b3c7991e6654","image_tag":null,"communication":{"generated_at":"2026-05-23T10:11:12Z","totals":{"requests":801,"request_bytes":892791,"response_bytes":202877,"total_bytes":1095668,"retries":0},"init":{"requests":3,"request_bytes":8139,"response_bytes":1161,"total_bytes":9300,"retries":0,"median_elapsed_sec":0.37275576591},"init_round_latency":{"n_rounds":1,"median_round_wall_sec":0.37477874756,"p95_round_wall_sec":0.37477874756},"run":{"requests":0,"request_bytes":0,"response_bytes":0,"total_bytes":0,"retries":0,"median_elapsed_sec":"NA"},"run_bootstrap":{"requests":798,"request_bytes":884652,"response_bytes":201716,"total_bytes":1086368,"retries":0,"median_elapsed_sec":3.6599117517},"round_latency":{"n_rounds":266,"median_round_wall_sec":3.7802453041,"p95_round_wall_sec":4.037488997},"timing_split":{"n_rounds":266,"rounds_with_compute":266,"total_round_wall_sec":1008.4487042427,"total_round_compute_wall_sec":999.685,"total_round_comm_overhead_wall_sec":8.7637042427,"comm_overhead_ratio":0.0086902826151,"compute_ratio":0.99130971738}},"communication_files":{"csv":"/project/temp/deferiprone_single_oral_25mgkg_designcheck_20260511/validation/design_change_n403030_wtmclustT10_nomix_site403030_nondesignquota_precisionchol_basefitbootinit_preboot_20260521/runs/scenario2/bootstrap/federated/scenario2/raw_runs/run_20260523-095418/comm_metrics.csv","json":"/project/temp/deferiprone_single_oral_25mgkg_designcheck_20260511/validation/design_change_n403030_wtmclustT10_nomix_site403030_nondesignquota_precisionchol_basefitbootinit_preboot_20260521/runs/scenario2/bootstrap/federated/scenario2/raw_runs/run_20260523-095418/comm_metrics.json"},"output_files":{"bootstrap_summary_csv":"/project/temp/deferiprone_single_oral_25mgkg_designcheck_20260511/validation/design_change_n403030_wtmclustT10_nomix_site403030_nondesignquota_precisionchol_basefitbootinit_preboot_20260521/runs/scenario2/bootstrap/federated/scenario2/raw_runs/run_20260523-095418/bootstrap_summary.csv","bootstrap_summary_json":"/project/temp/deferiprone_single_oral_25mgkg_designcheck_20260511/validation/design_change_n403030_wtmclustT10_nomix_site403030_nondesignquota_precisionchol_basefitbootinit_preboot_20260521/runs/scenario2/bootstrap/federated/scenario2/raw_runs/run_20260523-095418/bootstrap_summary.json","trial_status_csv":"/project/temp/deferiprone_single_oral_25mgkg_designcheck_20260511/validation/design_change_n403030_wtmclustT10_nomix_site403030_nondesignquota_precisionchol_basefitbootinit_preboot_20260521/runs/scenario2/bootstrap/federated/scenario2/raw_runs/run_20260523-095418/trial_status.csv","failed_trials_csv":"/project/temp/deferiprone_single_oral_25mgkg_designcheck_20260511/validation/design_change_n403030_wtmclustT10_nomix_site403030_nondesignquota_precisionchol_basefitbootinit_preboot_20260521/runs/scenario2/bootstrap/federated/scenario2/raw_runs/run_20260523-095418/failed_trials.csv","trial_estimates_wide_csv":"/project/temp/deferiprone_single_oral_25mgkg_designcheck_20260511/validation/design_change_n403030_wtmclustT10_nomix_site403030_nondesignquota_precisionchol_basefitbootinit_preboot_20260521/runs/scenario2/bootstrap/federated/scenario2/raw_runs/run_20260523-095418/trial_estimates_wide.csv","trial_estimates_long_csv":"/project/temp/deferiprone_single_oral_25mgkg_designcheck_20260511/validation/design_change_n403030_wtmclustT10_nomix_site403030_nondesignquota_precisionchol_basefitbootinit_preboot_20260521/runs/scenario2/bootstrap/federated/scenario2/raw_runs/run_20260523-095418/trial_estimates_long.csv","result_json":"/project/temp/deferiprone_single_oral_25mgkg_designcheck_20260511/validation/design_change_n403030_wtmclustT10_nomix_site403030_nondesignquota_precisionchol_basefitbootinit_preboot_20260521/runs/scenario2/bootstrap/federated/scenario2/raw_runs/run_20260523-095418/result.json"}}}
[Kserver-1 exited with code 0
Aborting on container exit...
 Container defboot_design_change_n403030_wtmclu_scenario2_336_340-server-1  Stopping
 Container defboot_design_change_n403030_wtmclu_scenario2_336_340-server-1  Stopped
 Container defboot_design_change_n403030_wtmclu_scenario2_336_340-client1-1  Stopping
 Container defboot_design_change_n403030_wtmclu_scenario2_336_340-client2-1  Stopping
 Container defboot_design_change_n403030_wtmclu_scenario2_336_340-client3-1  Stopping
 Container defboot_design_change_n403030_wtmclu_scenario2_336_340-client2-1  Stopped
 Container defboot_design_change_n403030_wtmclu_scenario2_336_340-client3-1  Stopped
 Container defboot_design_change_n403030_wtmclu_scenario2_336_340-client1-1  Stopped
time="2026-05-23T19:11:23+09:00" level=warning msg="The \"SERVER_CONFIG_PATH\" variable is not set. Defaulting to a blank string."
 Container defboot_design_change_n403030_wtmclu_scenario2_336_340-server-1  Stopping
 Container defboot_design_change_n403030_wtmclu_scenario2_336_340-server-1  Stopped
 Container defboot_design_change_n403030_wtmclu_scenario2_336_340-server-1  Removing
 Container defboot_design_change_n403030_wtmclu_scenario2_336_340-server-1  Removed
 Container defboot_design_change_n403030_wtmclu_scenario2_336_340-client3-1  Stopping
 Container defboot_design_change_n403030_wtmclu_scenario2_336_340-client1-1  Stopping
 Container defboot_design_change_n403030_wtmclu_scenario2_336_340-client2-1  Stopping
 Container defboot_design_change_n403030_wtmclu_scenario2_336_340-client3-1  Stopped
 Container defboot_design_change_n403030_wtmclu_scenario2_336_340-client3-1  Removing
 Container defboot_design_change_n403030_wtmclu_scenario2_336_340-client1-1  Stopped
 Container defboot_design_change_n403030_wtmclu_scenario2_336_340-client1-1  Removing
 Container defboot_design_change_n403030_wtmclu_scenario2_336_340-client2-1  Stopped
 Container defboot_design_change_n403030_wtmclu_scenario2_336_340-client2-1  Removing
 Container defboot_design_change_n403030_wtmclu_scenario2_336_340-client3-1  Removed
 Container defboot_design_change_n403030_wtmclu_scenario2_336_340-client1-1  Removed
 Container defboot_design_change_n403030_wtmclu_scenario2_336_340-client2-1  Removed
 Network defboot_design_change_n403030_wtmclu_scenario2_336_340_site3_net  Removing
 Network defboot_design_change_n403030_wtmclu_scenario2_336_340_site2_net  Removing
 Network defboot_design_change_n403030_wtmclu_scenario2_336_340_site1_net  Removing
 Network defboot_design_change_n403030_wtmclu_scenario2_336_340_site3_net  Removed
 Network defboot_design_change_n403030_wtmclu_scenario2_336_340_site2_net  Removed
 Network defboot_design_change_n403030_wtmclu_scenario2_336_340_site1_net  Removed
