time="2026-05-23T09:01:34+09:00" level=warning msg="The \"SERVER_CONFIG_PATH\" variable is not set. Defaulting to a blank string."
Compose now can delegate build to bake for better performances
Just set COMPOSE_BAKE=true
#0 building with "default" instance using docker driver

#1 [client2 internal] load build definition from Dockerfile.app
#1 transferring dockerfile: 778B done
#1 DONE 0.0s

#2 [client1 internal] load build definition from Dockerfile.app
#2 transferring dockerfile: 778B done
#2 DONE 0.0s

#3 [client3 internal] load build definition from Dockerfile.app
#3 transferring dockerfile: 778B done
#3 DONE 0.0s

#4 [client2 internal] load .dockerignore
#4 transferring context: 2B done
#4 DONE 0.0s

#5 [client1 internal] load metadata for docker.io/fedpoppk/base:0.1.0
#5 DONE 0.0s

#6 [client1 1/8] FROM docker.io/fedpoppk/base:0.1.0
#6 DONE 0.0s

#7 [client3 internal] load .dockerignore
#7 transferring context: 2B done
#7 DONE 0.0s

#8 [client1 internal] load .dockerignore
#8 transferring context: 2B done
#8 DONE 0.0s

#9 [client2 internal] load build context
#9 transferring context: 736.51kB 0.3s done
#9 DONE 0.3s

#10 [client3 internal] load build context
#10 transferring context: 736.51kB 0.3s done
#10 DONE 0.3s

#11 [client1 internal] load build context
#11 transferring context: 736.51kB 0.3s done
#11 DONE 0.3s

#12 [client3 5/8] COPY apps/ apps/
#12 CACHED

#13 [client3 3/8] COPY renv.lock .Rprofile renv/activate.R ./
#13 CACHED

#14 [client3 4/8] RUN Rscript -e "options(renv.consent=TRUE, Ncpus=parallel::detectCores());                 renv::restore(prompt=FALSE)"
#14 CACHED

#15 [client3 6/8] COPY R/ R/
#15 CACHED

#16 [client3 7/8] COPY analysis/ analysis/
#16 CACHED

#17 [client3 2/8] WORKDIR /project
#17 CACHED

#18 [client1 8/8] RUN mkdir -p /project/configs/modes /project/data /project/artifacts /project/result
#18 CACHED

#19 [client3] exporting to image
#19 exporting layers done
#19 writing image sha256:b274987f25434efca9f99d4773ba95764f88b3128eb5edd5561cb388f61b05c2 done
#19 naming to docker.io/library/defboot_design_change_n403030_wtmclu_scenario2_141_145-client3 0.0s done
#19 DONE 0.0s

#20 [client1] exporting to image
#20 exporting layers done
#20 writing image sha256:1f642cdebe79447ecd69a3733906d61ec775ebe2c0f28b27b946beddc61443d5 done
#20 naming to docker.io/library/defboot_design_change_n403030_wtmclu_scenario2_141_145-client1 0.0s done
#20 DONE 0.0s

#21 [client2] exporting to image
#21 exporting layers done
#21 writing image sha256:edd0ea1ea71dada2c88673ec664606790c8bfaaa73fa8f74ef155991f2697ed6 done
#21 naming to docker.io/library/defboot_design_change_n403030_wtmclu_scenario2_141_145-client2 0.0s done
#21 DONE 0.1s

#22 [client3] resolving provenance for metadata file
#22 DONE 0.0s

#23 [client2] resolving provenance for metadata file
#23 DONE 0.0s

#24 [client1] resolving provenance for metadata file
#24 DONE 0.0s

#25 [server internal] load build definition from Dockerfile.app
#25 transferring dockerfile: 778B done
#25 DONE 0.0s

#5 [server internal] load metadata for docker.io/fedpoppk/base:0.1.0
#5 DONE 0.0s

#26 [server internal] load .dockerignore
#26 transferring context: 2B done
#26 DONE 0.0s

#6 [server 1/8] FROM docker.io/fedpoppk/base:0.1.0
#6 DONE 0.0s

#27 [server internal] load build context
#27 transferring context: 736.51kB 0.4s done
#27 DONE 0.4s

#28 [server 4/8] RUN Rscript -e "options(renv.consent=TRUE, Ncpus=parallel::detectCores());                 renv::restore(prompt=FALSE)"
#28 CACHED

#29 [server 6/8] COPY R/ R/
#29 CACHED

#30 [server 7/8] COPY analysis/ analysis/
#30 CACHED

#17 [server 2/8] WORKDIR /project
#17 CACHED

#31 [server 3/8] COPY renv.lock .Rprofile renv/activate.R ./
#31 CACHED

#32 [server 5/8] COPY apps/ apps/
#32 CACHED

#33 [server 8/8] RUN mkdir -p /project/configs/modes /project/data /project/artifacts /project/result
#33 CACHED

#34 [server] exporting to image
#34 exporting layers done
#34 writing image sha256:1dc6940d6bbd0454e2d30e2752d68ee280cf98c36a88b4fefb43d909ee0410a8 done
#34 naming to docker.io/library/defboot_design_change_n403030_wtmclu_scenario2_141_145-server 0.0s done
#34 DONE 0.0s

#35 [server] resolving provenance for metadata file
#35 DONE 0.0s
 client1  Built
 client2  Built
 client3  Built
 server  Built
 Network defboot_design_change_n403030_wtmclu_scenario2_141_145_site3_net  Creating
 Network defboot_design_change_n403030_wtmclu_scenario2_141_145_site3_net  Created
 Network defboot_design_change_n403030_wtmclu_scenario2_141_145_site2_net  Creating
 Network defboot_design_change_n403030_wtmclu_scenario2_141_145_site2_net  Created
 Network defboot_design_change_n403030_wtmclu_scenario2_141_145_site1_net  Creating
 Network defboot_design_change_n403030_wtmclu_scenario2_141_145_site1_net  Created
 Container defboot_design_change_n403030_wtmclu_scenario2_141_145-client1-1  Creating
 Container defboot_design_change_n403030_wtmclu_scenario2_141_145-client3-1  Creating
 Container defboot_design_change_n403030_wtmclu_scenario2_141_145-client2-1  Creating
 Container defboot_design_change_n403030_wtmclu_scenario2_141_145-client3-1  Created
 Container defboot_design_change_n403030_wtmclu_scenario2_141_145-client1-1  Created
 Container defboot_design_change_n403030_wtmclu_scenario2_141_145-client2-1  Created
 Container defboot_design_change_n403030_wtmclu_scenario2_141_145-server-1  Creating
 Container defboot_design_change_n403030_wtmclu_scenario2_141_145-server-1  Created
Attaching to client1-1, client2-1, client3-1, server-1
client3-1  | Running plumber API at http://0.0.0.0:8000
client3-1  | Running swagger Docs at http://127.0.0.1:8000/__docs__/
client1-1  | Running plumber API at http://0.0.0.0:8000
client1-1  | Running swagger Docs at http://127.0.0.1:8000/__docs__/
client2-1  | Running plumber API at http://0.0.0.0:8000
client2-1  | Running swagger Docs at http://127.0.0.1:8000/__docs__/
client1-1  | ℹ parameter labels from comments are typically ignored in non-interactive mode
client1-1  | ℹ Need to run with the source intact to parse comments
client2-1  | ℹ parameter labels from comments are typically ignored in non-interactive mode
client2-1  | ℹ Need to run with the source intact to parse comments
client3-1  | ℹ parameter labels from comments are typically ignored in non-interactive mode
client3-1  | ℹ Need to run with the source intact to parse comments
server-1   | [send_init] http://client1:8000 init succeeded
server-1   | [send_init] http://client2:8000 init succeeded
server-1   | [send_init] http://client3:8000 init succeeded
server-1   | {"schema":{"schema_version":"1.1.0","generated_at":"2026-05-23T00:01:43Z","config_path":"/project/configs/../temp/deferiprone_single_oral_25mgkg_designcheck_20260511/validation/design_change_n403030_wtmclustT10_nomix_site403030_nondesignquota_precisionchol_basefitbootinit_preboot_20260521/configs/resolved/scenario2_bootstrap.json","config_md5":"67e6a296d3935d620e746ed6160f8ca2","seed":4869,"host":"afd154ec80e5","pid":1,"image_tag":null,"git_sha":null,"git_dirty":null},"aggregation":{"ci_method":"percentile","ci_level":0.95,"quantile_type":7,"estimates_scale":"natural"},"summary":[{"parameter":"(etaLcl,etaLvc)","median":0.062918408009,"p2.5":0.052101101029,"p97.5":0.074006648713},{"parameter":"CcPropSd","median":0.36421831891,"p2.5":0.34885105056,"p97.5":0.39757323962},{"parameter":"etaLcl","median":0.096552735544,"p2.5":0.08475302623,"p97.5":0.12119428281},{"parameter":"etaLvc","median":0.042155664936,"p2.5":0.033381535903,"p97.5":0.04913452472},{"parameter":"lcl","median":2.1880048908,"p2.5":2.1249563435,"p97.5":2.18905404},{"parameter":"lka","median":2.161770544,"p2.5":2.0954428987,"p97.5":2.4793554625},{"parameter":"lvc","median":2.9461799099,"p2.5":2.9290942862,"p97.5":2.9750635363},{"parameter":"rho_(etaLcl,etaLvc)","median":0.98178475574,"p2.5":0.9771106712,"p97.5":0.98427407482}],"runs":[{"tag":"trial_141_20260523-000143","value":2200.6433,"counts":[14,14],"control":{"maxit":100,"factr":1000000000,"pgtol":0,"trace":0,"method":"L-BFGS-B"},"convergence":0,"message":"CONVERGENCE: REL_REDUCTION_OF_F <= FACTR*EPSMCH","nat_par":{"lka":2.0934850676,"lcl":2.1880048908,"lvc":2.9367026484,"CcPropSd":0.3491573725,"etaLcl":0.096552735544,"etaLvc":0.03753052422,"(etaLcl,etaLvc)":0.0589683491,"rho_(etaLcl,etaLvc)":0.97959004408},"failed_clients":[],"attempt":1,"files":{"result":"/project/temp/deferiprone_single_oral_25mgkg_designcheck_20260511/validation/design_change_n403030_wtmclustT10_nomix_site403030_nondesignquota_precisionchol_basefitbootinit_preboot_20260521/runs/scenario2/bootstrap/federated/scenario2/raw_runs/run_20260523-000143/optim_result_trial_141_20260523-000143.json","trace":"/project/temp/deferiprone_single_oral_25mgkg_designcheck_20260511/validation/design_change_n403030_wtmclustT10_nomix_site403030_nondesignquota_precisionchol_basefitbootinit_preboot_20260521/runs/scenario2/bootstrap/federated/scenario2/raw_runs/run_20260523-000143/optim_trace_trial_141_20260523-000143.csv","final":"/project/temp/deferiprone_single_oral_25mgkg_designcheck_20260511/validation/design_change_n403030_wtmclustT10_nomix_site403030_nondesignquota_precisionchol_basefitbootinit_preboot_20260521/runs/scenario2/bootstrap/federated/scenario2/raw_runs/run_20260523-000143/final_params_trial_141_20260523-000143.csv"},"log_n":14,"execution_state":"completed","trial":141,"attempts":1},{"tag":"trial_142_20260523-000331","value":2250.4033,"counts":[19,19],"control":{"maxit":100,"factr":1000000000,"pgtol":0,"trace":0,"method":"L-BFGS-B"},"convergence":0,"message":"CONVERGENCE: REL_REDUCTION_OF_F <= FACTR*EPSMCH","nat_par":{"lka":2.277584782,"lcl":2.1890587098,"lvc":2.9461799099,"CcPropSd":0.37299240706,"etaLcl":0.12187876581,"etaLvc":0.042155664936,"(etaLcl,etaLvc)":0.070373358912,"rho_(etaLcl,etaLvc)":0.98178475574},"failed_clients":[],"attempt":1,"files":{"result":"/project/temp/deferiprone_single_oral_25mgkg_designcheck_20260511/validation/design_change_n403030_wtmclustT10_nomix_site403030_nondesignquota_precisionchol_basefitbootinit_preboot_20260521/runs/scenario2/bootstrap/federated/scenario2/raw_runs/run_20260523-000143/optim_result_trial_142_20260523-000331.json","trace":"/project/temp/deferiprone_single_oral_25mgkg_designcheck_20260511/validation/design_change_n403030_wtmclustT10_nomix_site403030_nondesignquota_precisionchol_basefitbootinit_preboot_20260521/runs/scenario2/bootstrap/federated/scenario2/raw_runs/run_20260523-000143/optim_trace_trial_142_20260523-000331.csv","final":"/project/temp/deferiprone_single_oral_25mgkg_designcheck_20260511/validation/design_change_n403030_wtmclustT10_nomix_site403030_nondesignquota_precisionchol_basefitbootinit_preboot_20260521/runs/scenario2/bootstrap/federated/scenario2/raw_runs/run_20260523-000143/final_params_trial_142_20260523-000331.csv"},"log_n":19,"execution_state":"completed","trial":142,"attempts":1},{"tag":"trial_143_20260523-000554","value":2222.825,"counts":[19,19],"control":{"maxit":100,"factr":1000000000,"pgtol":0,"trace":0,"method":"L-BFGS-B"},"convergence":0,"message":"CONVERGENCE: REL_REDUCTION_OF_F <= FACTR*EPSMCH","nat_par":{"lka":2.161770544,"lcl":2.1890120117,"lvc":2.9769560892,"CcPropSd":0.36421831891,"etaLcl":0.1150339358,"etaLvc":0.049664721286,"(etaLcl,etaLvc)":0.07441034758,"rho_(etaLcl,etaLvc)":0.98445607275},"failed_clients":[],"attempt":1,"files":{"result":"/project/temp/deferiprone_single_oral_25mgkg_designcheck_20260511/validation/design_change_n403030_wtmclustT10_nomix_site403030_nondesignquota_precisionchol_basefitbootinit_preboot_20260521/runs/scenario2/bootstrap/federated/scenario2/raw_runs/run_20260523-000143/optim_result_trial_143_20260523-000554.json","trace":"/project/temp/deferiprone_single_oral_25mgkg_designcheck_20260511/validation/design_change_n403030_wtmclustT10_nomix_site403030_nondesignquota_precisionchol_basefitbootinit_preboot_20260521/runs/scenario2/bootstrap/federated/scenario2/raw_runs/run_20260523-000143/optim_trace_trial_143_20260523-000554.csv","final":"/project/temp/deferiprone_single_oral_25mgkg_designcheck_20260511/validation/design_change_n403030_wtmclustT10_nomix_site403030_nondesignquota_precisionchol_basefitbootinit_preboot_20260521/runs/scenario2/bootstrap/federated/scenario2/raw_runs/run_20260523-000143/final_params_trial_143_20260523-000554.csv"},"log_n":19,"execution_state":"completed","trial":143,"attempts":1},{"tag":"trial_144_20260523-000818","value":2203.2791,"counts":[22,22],"control":{"maxit":100,"factr":1000000000,"pgtol":0,"trace":0,"method":"L-BFGS-B"},"convergence":0,"message":"CONVERGENCE: REL_REDUCTION_OF_F <= FACTR*EPSMCH","nat_par":{"lka":2.501774427,"lcl":2.119669979,"lvc":2.9282489126,"CcPropSd":0.34881701479,"etaLcl":0.083901481987,"etaLvc":0.032920537201,"(etaLcl,etaLvc)":0.051338073466,"rho_(etaLcl,etaLvc)":0.97683518532},"failed_clients":[],"attempt":1,"files":{"result":"/project/temp/deferiprone_single_oral_25mgkg_designcheck_20260511/validation/design_change_n403030_wtmclustT10_nomix_site403030_nondesignquota_precisionchol_basefitbootinit_preboot_20260521/runs/scenario2/bootstrap/federated/scenario2/raw_runs/run_20260523-000143/optim_result_trial_144_20260523-000818.json","trace":"/project/temp/deferiprone_single_oral_25mgkg_designcheck_20260511/validation/design_change_n403030_wtmclustT10_nomix_site403030_nondesignquota_precisionchol_basefitbootinit_preboot_20260521/runs/scenario2/bootstrap/federated/scenario2/raw_runs/run_20260523-000143/optim_trace_trial_144_20260523-000818.csv","final":"/project/temp/deferiprone_single_oral_25mgkg_designcheck_20260511/validation/design_change_n403030_wtmclustT10_nomix_site403030_nondesignquota_precisionchol_basefitbootinit_preboot_20260521/runs/scenario2/bootstrap/federated/scenario2/raw_runs/run_20260523-000143/final_params_trial_144_20260523-000818.csv"},"log_n":22,"execution_state":"completed","trial":144,"attempts":1},{"tag":"trial_145_20260523-001105","value":2241.7089,"counts":[37,37],"control":{"maxit":100,"factr":1000000000,"pgtol":0,"trace":0,"method":"L-BFGS-B"},"convergence":0,"message":"CONVERGENCE: REL_REDUCTION_OF_F <= FACTR*EPSMCH","nat_par":{"lka":2.1130633791,"lcl":2.1725336248,"lvc":2.9580305611,"CcPropSd":0.40030444324,"etaLcl":0.092416924416,"etaLvc":0.044362755626,"(etaLcl,etaLvc)":0.062918408009,"rho_(etaLcl,etaLvc)":0.98263609345},"failed_clients":[],"attempt":1,"files":{"result":"/project/temp/deferiprone_single_oral_25mgkg_designcheck_20260511/validation/design_change_n403030_wtmclustT10_nomix_site403030_nondesignquota_precisionchol_basefitbootinit_preboot_20260521/runs/scenario2/bootstrap/federated/scenario2/raw_runs/run_20260523-000143/optim_result_trial_145_20260523-001105.json","trace":"/project/temp/deferiprone_single_oral_25mgkg_designcheck_20260511/validation/design_change_n403030_wtmclustT10_nomix_site403030_nondesignquota_precisionchol_basefitbootinit_preboot_20260521/runs/scenario2/bootstrap/federated/scenario2/raw_runs/run_20260523-000143/optim_trace_trial_145_20260523-001105.csv","final":"/project/temp/deferiprone_single_oral_25mgkg_designcheck_20260511/validation/design_change_n403030_wtmclustT10_nomix_site403030_nondesignquota_precisionchol_basefitbootinit_preboot_20260521/runs/scenario2/bootstrap/federated/scenario2/raw_runs/run_20260523-000143/final_params_trial_145_20260523-001105.csv"},"log_n":36,"execution_state":"completed","trial":145,"attempts":1}],"trial_status":[{"trial":141,"execution_state":"completed","converged":true,"attempts":1,"convergence":0,"value":2200.6433,"eval_fn":14,"eval_gr":14,"log_n":14,"failed_clients_n":0,"message":"CONVERGENCE: REL_REDUCTION_OF_F <= FACTR*EPSMCH","result_file":"/project/temp/deferiprone_single_oral_25mgkg_designcheck_20260511/validation/design_change_n403030_wtmclustT10_nomix_site403030_nondesignquota_precisionchol_basefitbootinit_preboot_20260521/runs/scenario2/bootstrap/federated/scenario2/raw_runs/run_20260523-000143/optim_result_trial_141_20260523-000143.json","trace_file":"/project/temp/deferiprone_single_oral_25mgkg_designcheck_20260511/validation/design_change_n403030_wtmclustT10_nomix_site403030_nondesignquota_precisionchol_basefitbootinit_preboot_20260521/runs/scenario2/bootstrap/federated/scenario2/raw_runs/run_20260523-000143/optim_trace_trial_141_20260523-000143.csv","final_file":"/project/temp/deferiprone_single_oral_25mgkg_designcheck_20260511/validation/design_change_n403030_wtmclustT10_nomix_site403030_nondesignquota_precisionchol_basefitbootinit_preboot_20260521/runs/scenario2/bootstrap/federated/scenario2/raw_runs/run_20260523-000143/final_params_trial_141_20260523-000143.csv"},{"trial":142,"execution_state":"completed","converged":true,"attempts":1,"convergence":0,"value":2250.4033,"eval_fn":19,"eval_gr":19,"log_n":19,"failed_clients_n":0,"message":"CONVERGENCE: REL_REDUCTION_OF_F <= FACTR*EPSMCH","result_file":"/project/temp/deferiprone_single_oral_25mgkg_designcheck_20260511/validation/design_change_n403030_wtmclustT10_nomix_site403030_nondesignquota_precisionchol_basefitbootinit_preboot_20260521/runs/scenario2/bootstrap/federated/scenario2/raw_runs/run_20260523-000143/optim_result_trial_142_20260523-000331.json","trace_file":"/project/temp/deferiprone_single_oral_25mgkg_designcheck_20260511/validation/design_change_n403030_wtmclustT10_nomix_site403030_nondesignquota_precisionchol_basefitbootinit_preboot_20260521/runs/scenario2/bootstrap/federated/scenario2/raw_runs/run_20260523-000143/optim_trace_trial_142_20260523-000331.csv","final_file":"/project/temp/deferiprone_single_oral_25mgkg_designcheck_20260511/validation/design_change_n403030_wtmclustT10_nomix_site403030_nondesignquota_precisionchol_basefitbootinit_preboot_20260521/runs/scenario2/bootstrap/federated/scenario2/raw_runs/run_20260523-000143/final_params_trial_142_20260523-000331.csv"},{"trial":143,"execution_state":"completed","converged":true,"attempts":1,"convergence":0,"value":2222.825,"eval_fn":19,"eval_gr":19,"log_n":19,"failed_clients_n":0,"message":"CONVERGENCE: REL_REDUCTION_OF_F <= FACTR*EPSMCH","result_file":"/project/temp/deferiprone_single_oral_25mgkg_designcheck_20260511/validation/design_change_n403030_wtmclustT10_nomix_site403030_nondesignquota_precisionchol_basefitbootinit_preboot_20260521/runs/scenario2/bootstrap/federated/scenario2/raw_runs/run_20260523-000143/optim_result_trial_143_20260523-000554.json","trace_file":"/project/temp/deferiprone_single_oral_25mgkg_designcheck_20260511/validation/design_change_n403030_wtmclustT10_nomix_site403030_nondesignquota_precisionchol_basefitbootinit_preboot_20260521/runs/scenario2/bootstrap/federated/scenario2/raw_runs/run_20260523-000143/optim_trace_trial_143_20260523-000554.csv","final_file":"/project/temp/deferiprone_single_oral_25mgkg_designcheck_20260511/validation/design_change_n403030_wtmclustT10_nomix_site403030_nondesignquota_precisionchol_basefitbootinit_preboot_20260521/runs/scenario2/bootstrap/federated/scenario2/raw_runs/run_20260523-000143/final_params_trial_143_20260523-000554.csv"},{"trial":144,"execution_state":"completed","converged":true,"attempts":1,"convergence":0,"value":2203.2791,"eval_fn":22,"eval_gr":22,"log_n":22,"failed_clients_n":0,"message":"CONVERGENCE: REL_REDUCTION_OF_F <= FACTR*EPSMCH","result_file":"/project/temp/deferiprone_single_oral_25mgkg_designcheck_20260511/validation/design_change_n403030_wtmclustT10_nomix_site403030_nondesignquota_precisionchol_basefitbootinit_preboot_20260521/runs/scenario2/bootstrap/federated/scenario2/raw_runs/run_20260523-000143/optim_result_trial_144_20260523-000818.json","trace_file":"/project/temp/deferiprone_single_oral_25mgkg_designcheck_20260511/validation/design_change_n403030_wtmclustT10_nomix_site403030_nondesignquota_precisionchol_basefitbootinit_preboot_20260521/runs/scenario2/bootstrap/federated/scenario2/raw_runs/run_20260523-000143/optim_trace_trial_144_20260523-000818.csv","final_file":"/project/temp/deferiprone_single_oral_25mgkg_designcheck_20260511/validation/design_change_n403030_wtmclustT10_nomix_site403030_nondesignquota_precisionchol_basefitbootinit_preboot_20260521/runs/scenario2/bootstrap/federated/scenario2/raw_runs/run_20260523-000143/final_params_trial_144_20260523-000818.csv"},{"trial":145,"execution_state":"completed","converged":true,"attempts":1,"convergence":0,"value":2241.7089,"eval_fn":37,"eval_gr":37,"log_n":36,"failed_clients_n":0,"message":"CONVERGENCE: REL_REDUCTION_OF_F <= FACTR*EPSMCH","result_file":"/project/temp/deferiprone_single_oral_25mgkg_designcheck_20260511/validation/design_change_n403030_wtmclustT10_nomix_site403030_nondesignquota_precisionchol_basefitbootinit_preboot_20260521/runs/scenario2/bootstrap/federated/scenario2/raw_runs/run_20260523-000143/optim_result_trial_145_20260523-001105.json","trace_file":"/project/temp/deferiprone_single_oral_25mgkg_designcheck_20260511/validation/design_change_n403030_wtmclustT10_nomix_site403030_nondesignquota_precisionchol_basefitbootinit_preboot_20260521/runs/scenario2/bootstrap/federated/scenario2/raw_runs/run_20260523-000143/optim_trace_trial_145_20260523-001105.csv","final_file":"/project/temp/deferiprone_single_oral_25mgkg_designcheck_20260511/validation/design_change_n403030_wtmclustT10_nomix_site403030_nondesignquota_precisionchol_basefitbootinit_preboot_20260521/runs/scenario2/bootstrap/federated/scenario2/raw_runs/run_20260523-000143/final_params_trial_145_20260523-001105.csv"}],"info":{"run_id":"20260523-000143","log_base_dir":"/project/temp/deferiprone_single_oral_25mgkg_designcheck_20260511/validation/design_change_n403030_wtmclustT10_nomix_site403030_nondesignquota_precisionchol_basefitbootinit_preboot_20260521/runs/scenario2/bootstrap/federated","scenario":"scenario2/raw_runs","total_trials":5,"successes":5,"failures":0,"nonconverged_count":0,"nonconverged_trials":[],"convergence_missing_count":0,"seed_base":4869,"B_per_client":500,"duration_sec":844.3426861763,"host":"afd154ec80e5","image_tag":null,"communication":{"generated_at":"2026-05-23T00:15:42Z","totals":{"requests":663,"request_bytes":739785,"response_bytes":168634,"total_bytes":908419,"retries":0},"init":{"requests":3,"request_bytes":8139,"response_bytes":1161,"total_bytes":9300,"retries":0,"median_elapsed_sec":0.36562681198},"init_round_latency":{"n_rounds":1,"median_round_wall_sec":0.36999392509,"p95_round_wall_sec":0.36999392509},"run":{"requests":0,"request_bytes":0,"response_bytes":0,"total_bytes":0,"retries":0,"median_elapsed_sec":"NA"},"run_bootstrap":{"requests":660,"request_bytes":731646,"response_bytes":167473,"total_bytes":899119,"retries":0,"median_elapsed_sec":3.6557660103},"round_latency":{"n_rounds":220,"median_round_wall_sec":3.7746458054,"p95_round_wall_sec":4.0453957677},"timing_split":{"n_rounds":220,"rounds_with_compute":220,"total_round_wall_sec":833.9536700249,"total_round_compute_wall_sec":826.6862,"total_round_comm_overhead_wall_sec":7.2674700249,"comm_overhead_ratio":0.0087144769381,"compute_ratio":0.99128552306}},"communication_files":{"csv":"/project/temp/deferiprone_single_oral_25mgkg_designcheck_20260511/validation/design_change_n403030_wtmclustT10_nomix_site403030_nondesignquota_precisionchol_basefitbootinit_preboot_20260521/runs/scenario2/bootstrap/federated/scenario2/raw_runs/run_20260523-000143/comm_metrics.csv","json":"/project/temp/deferiprone_single_oral_25mgkg_designcheck_20260511/validation/design_change_n403030_wtmclustT10_nomix_site403030_nondesignquota_precisionchol_basefitbootinit_preboot_20260521/runs/scenario2/bootstrap/federated/scenario2/raw_runs/run_20260523-000143/comm_metrics.json"},"output_files":{"bootstrap_summary_csv":"/project/temp/deferiprone_single_oral_25mgkg_designcheck_20260511/validation/design_change_n403030_wtmclustT10_nomix_site403030_nondesignquota_precisionchol_basefitbootinit_preboot_20260521/runs/scenario2/bootstrap/federated/scenario2/raw_runs/run_20260523-000143/bootstrap_summary.csv","bootstrap_summary_json":"/project/temp/deferiprone_single_oral_25mgkg_designcheck_20260511/validation/design_change_n403030_wtmclustT10_nomix_site403030_nondesignquota_precisionchol_basefitbootinit_preboot_20260521/runs/scenario2/bootstrap/federated/scenario2/raw_runs/run_20260523-000143/bootstrap_summary.json","trial_status_csv":"/project/temp/deferiprone_single_oral_25mgkg_designcheck_20260511/validation/design_change_n403030_wtmclustT10_nomix_site403030_nondesignquota_precisionchol_basefitbootinit_preboot_20260521/runs/scenario2/bootstrap/federated/scenario2/raw_runs/run_20260523-000143/trial_status.csv","failed_trials_csv":"/project/temp/deferiprone_single_oral_25mgkg_designcheck_20260511/validation/design_change_n403030_wtmclustT10_nomix_site403030_nondesignquota_precisionchol_basefitbootinit_preboot_20260521/runs/scenario2/bootstrap/federated/scenario2/raw_runs/run_20260523-000143/failed_trials.csv","trial_estimates_wide_csv":"/project/temp/deferiprone_single_oral_25mgkg_designcheck_20260511/validation/design_change_n403030_wtmclustT10_nomix_site403030_nondesignquota_precisionchol_basefitbootinit_preboot_20260521/runs/scenario2/bootstrap/federated/scenario2/raw_runs/run_20260523-000143/trial_estimates_wide.csv","trial_estimates_long_csv":"/project/temp/deferiprone_single_oral_25mgkg_designcheck_20260511/validation/design_change_n403030_wtmclustT10_nomix_site403030_nondesignquota_precisionchol_basefitbootinit_preboot_20260521/runs/scenario2/bootstrap/federated/scenario2/raw_runs/run_20260523-000143/trial_estimates_long.csv","result_json":"/project/temp/deferiprone_single_oral_25mgkg_designcheck_20260511/validation/design_change_n403030_wtmclustT10_nomix_site403030_nondesignquota_precisionchol_basefitbootinit_preboot_20260521/runs/scenario2/bootstrap/federated/scenario2/raw_runs/run_20260523-000143/result.json"}}}
[Kserver-1 exited with code 0
Aborting on container exit...
 Container defboot_design_change_n403030_wtmclu_scenario2_141_145-server-1  Stopping
 Container defboot_design_change_n403030_wtmclu_scenario2_141_145-server-1  Stopped
 Container defboot_design_change_n403030_wtmclu_scenario2_141_145-client1-1  Stopping
 Container defboot_design_change_n403030_wtmclu_scenario2_141_145-client3-1  Stopping
 Container defboot_design_change_n403030_wtmclu_scenario2_141_145-client2-1  Stopping
 Container defboot_design_change_n403030_wtmclu_scenario2_141_145-client1-1  Stopped
 Container defboot_design_change_n403030_wtmclu_scenario2_141_145-client3-1  Stopped
 Container defboot_design_change_n403030_wtmclu_scenario2_141_145-client2-1  Stopped
time="2026-05-23T09:15:52+09:00" level=warning msg="The \"SERVER_CONFIG_PATH\" variable is not set. Defaulting to a blank string."
 Container defboot_design_change_n403030_wtmclu_scenario2_141_145-server-1  Stopping
 Container defboot_design_change_n403030_wtmclu_scenario2_141_145-server-1  Stopped
 Container defboot_design_change_n403030_wtmclu_scenario2_141_145-server-1  Removing
 Container defboot_design_change_n403030_wtmclu_scenario2_141_145-server-1  Removed
 Container defboot_design_change_n403030_wtmclu_scenario2_141_145-client2-1  Stopping
 Container defboot_design_change_n403030_wtmclu_scenario2_141_145-client3-1  Stopping
 Container defboot_design_change_n403030_wtmclu_scenario2_141_145-client1-1  Stopping
 Container defboot_design_change_n403030_wtmclu_scenario2_141_145-client2-1  Stopped
 Container defboot_design_change_n403030_wtmclu_scenario2_141_145-client2-1  Removing
 Container defboot_design_change_n403030_wtmclu_scenario2_141_145-client3-1  Stopped
 Container defboot_design_change_n403030_wtmclu_scenario2_141_145-client3-1  Removing
 Container defboot_design_change_n403030_wtmclu_scenario2_141_145-client1-1  Stopped
 Container defboot_design_change_n403030_wtmclu_scenario2_141_145-client1-1  Removing
 Container defboot_design_change_n403030_wtmclu_scenario2_141_145-client3-1  Removed
 Container defboot_design_change_n403030_wtmclu_scenario2_141_145-client2-1  Removed
 Container defboot_design_change_n403030_wtmclu_scenario2_141_145-client1-1  Removed
 Network defboot_design_change_n403030_wtmclu_scenario2_141_145_site2_net  Removing
 Network defboot_design_change_n403030_wtmclu_scenario2_141_145_site1_net  Removing
 Network defboot_design_change_n403030_wtmclu_scenario2_141_145_site3_net  Removing
 Network defboot_design_change_n403030_wtmclu_scenario2_141_145_site2_net  Removed
 Network defboot_design_change_n403030_wtmclu_scenario2_141_145_site3_net  Removed
 Network defboot_design_change_n403030_wtmclu_scenario2_141_145_site1_net  Removed
