time="2026-05-23T12:41:07+09:00" level=warning msg="The \"SERVER_CONFIG_PATH\" variable is not set. Defaulting to a blank string."
Compose now can delegate build to bake for better performances
Just set COMPOSE_BAKE=true
#0 building with "default" instance using docker driver

#1 [client3 internal] load build definition from Dockerfile.app
#1 transferring dockerfile: 778B done
#1 DONE 0.0s

#2 [client2 internal] load build definition from Dockerfile.app
#2 transferring dockerfile: 778B done
#2 DONE 0.0s

#3 [client1 internal] load build definition from Dockerfile.app
#3 transferring dockerfile: 778B done
#3 DONE 0.0s

#4 [client1 internal] load metadata for docker.io/fedpoppk/base:0.1.0
#4 DONE 0.0s

#5 [client3 internal] load .dockerignore
#5 transferring context: 2B done
#5 DONE 0.0s

#6 [client2 internal] load .dockerignore
#6 transferring context: 2B done
#6 DONE 0.0s

#7 [client1 1/8] FROM docker.io/fedpoppk/base:0.1.0
#7 DONE 0.0s

#8 [client1 internal] load .dockerignore
#8 transferring context: 2B done
#8 DONE 0.0s

#9 [client1 internal] load build context
#9 ...

#10 [client3 internal] load build context
#10 transferring context: 736.51kB 0.3s done
#10 DONE 0.3s

#9 [client1 internal] load build context
#9 transferring context: 736.51kB 0.3s done
#9 DONE 0.3s

#11 [client2 internal] load build context
#11 transferring context: 736.51kB 0.3s done
#11 DONE 0.3s

#12 [client3 3/8] COPY renv.lock .Rprofile renv/activate.R ./
#12 CACHED

#13 [client3 6/8] COPY R/ R/
#13 CACHED

#14 [client3 7/8] COPY analysis/ analysis/
#14 CACHED

#15 [client3 2/8] WORKDIR /project
#15 CACHED

#16 [client3 5/8] COPY apps/ apps/
#16 CACHED

#17 [client3 4/8] RUN Rscript -e "options(renv.consent=TRUE, Ncpus=parallel::detectCores());                 renv::restore(prompt=FALSE)"
#17 CACHED

#18 [client2 8/8] RUN mkdir -p /project/configs/modes /project/data /project/artifacts /project/result
#18 CACHED

#19 [client3] exporting to image
#19 exporting layers done
#19 writing image sha256:e8ff4bed207a0913e6e508e4bb4fd6e046fd1de3ffc4cc9e21094869edad6ed2 done
#19 naming to docker.io/library/defboot_design_change_n403030_wtmclu_scenario2_216_220-client3 0.0s done
#19 DONE 0.0s

#20 [client1] exporting to image
#20 exporting layers done
#20 writing image sha256:6b0ab19880bbc383dce1f0b99c48adb55d615f4ae55e432e3df784de4361e7a3 done
#20 naming to docker.io/library/defboot_design_change_n403030_wtmclu_scenario2_216_220-client1 0.0s done
#20 DONE 0.0s

#21 [client2] exporting to image
#21 exporting layers done
#21 writing image sha256:5e4658f22b9a8ebe778e6725fe2a24f37a1b6016a22a145df6368c0bc63dc6a9 done
#21 naming to docker.io/library/defboot_design_change_n403030_wtmclu_scenario2_216_220-client2 0.1s done
#21 DONE 0.1s

#22 [client3] resolving provenance for metadata file
#22 DONE 0.0s

#23 [client1] resolving provenance for metadata file
#23 DONE 0.0s

#24 [client2] resolving provenance for metadata file
#24 DONE 0.0s

#25 [server internal] load build definition from Dockerfile.app
#25 transferring dockerfile: 778B done
#25 DONE 0.0s

#4 [server internal] load metadata for docker.io/fedpoppk/base:0.1.0
#4 DONE 0.0s

#26 [server internal] load .dockerignore
#26 transferring context: 2B done
#26 DONE 0.0s

#7 [server 1/8] FROM docker.io/fedpoppk/base:0.1.0
#7 DONE 0.0s

#27 [server internal] load build context
#27 transferring context: 736.51kB 0.3s done
#27 DONE 0.3s

#28 [server 5/8] COPY apps/ apps/
#28 CACHED

#29 [server 7/8] COPY analysis/ analysis/
#29 CACHED

#15 [server 2/8] WORKDIR /project
#15 CACHED

#30 [server 6/8] COPY R/ R/
#30 CACHED

#31 [server 3/8] COPY renv.lock .Rprofile renv/activate.R ./
#31 CACHED

#32 [server 4/8] RUN Rscript -e "options(renv.consent=TRUE, Ncpus=parallel::detectCores());                 renv::restore(prompt=FALSE)"
#32 CACHED

#33 [server 8/8] RUN mkdir -p /project/configs/modes /project/data /project/artifacts /project/result
#33 CACHED

#34 [server] exporting to image
#34 exporting layers done
#34 writing image sha256:c330b1503f325ce896c8c0a1d3e0ceb26abd81ebe30545698fecbabc50a66209 done
#34 naming to docker.io/library/defboot_design_change_n403030_wtmclu_scenario2_216_220-server 0.0s done
#34 DONE 0.0s

#35 [server] resolving provenance for metadata file
#35 DONE 0.0s
 client1  Built
 client2  Built
 client3  Built
 server  Built
 Network defboot_design_change_n403030_wtmclu_scenario2_216_220_site1_net  Creating
 Network defboot_design_change_n403030_wtmclu_scenario2_216_220_site1_net  Created
 Network defboot_design_change_n403030_wtmclu_scenario2_216_220_site2_net  Creating
 Network defboot_design_change_n403030_wtmclu_scenario2_216_220_site2_net  Created
 Network defboot_design_change_n403030_wtmclu_scenario2_216_220_site3_net  Creating
 Network defboot_design_change_n403030_wtmclu_scenario2_216_220_site3_net  Created
 Container defboot_design_change_n403030_wtmclu_scenario2_216_220-client3-1  Creating
 Container defboot_design_change_n403030_wtmclu_scenario2_216_220-client1-1  Creating
 Container defboot_design_change_n403030_wtmclu_scenario2_216_220-client2-1  Creating
 Container defboot_design_change_n403030_wtmclu_scenario2_216_220-client3-1  Created
 Container defboot_design_change_n403030_wtmclu_scenario2_216_220-client2-1  Created
 Container defboot_design_change_n403030_wtmclu_scenario2_216_220-client1-1  Created
 Container defboot_design_change_n403030_wtmclu_scenario2_216_220-server-1  Creating
 Container defboot_design_change_n403030_wtmclu_scenario2_216_220-server-1  Created
Attaching to client1-1, client2-1, client3-1, server-1
client1-1  | Running plumber API at http://0.0.0.0:8000
client2-1  | Running plumber API at http://0.0.0.0:8000
client1-1  | Running swagger Docs at http://127.0.0.1:8000/__docs__/
client2-1  | Running swagger Docs at http://127.0.0.1:8000/__docs__/
client3-1  | Running plumber API at http://0.0.0.0:8000
client3-1  | Running swagger Docs at http://127.0.0.1:8000/__docs__/
client1-1  | ℹ parameter labels from comments are typically ignored in non-interactive mode
client1-1  | ℹ Need to run with the source intact to parse comments
client3-1  | ℹ parameter labels from comments are typically ignored in non-interactive mode
client2-1  | ℹ parameter labels from comments are typically ignored in non-interactive mode
client3-1  | ℹ Need to run with the source intact to parse comments
client2-1  | ℹ Need to run with the source intact to parse comments
server-1   | [send_init] http://client1:8000 init succeeded
server-1   | [send_init] http://client2:8000 init succeeded
server-1   | [send_init] http://client3:8000 init succeeded
server-1   | {"schema":{"schema_version":"1.1.0","generated_at":"2026-05-23T03:41:16Z","config_path":"/project/configs/../temp/deferiprone_single_oral_25mgkg_designcheck_20260511/validation/design_change_n403030_wtmclustT10_nomix_site403030_nondesignquota_precisionchol_basefitbootinit_preboot_20260521/configs/resolved/scenario2_bootstrap.json","config_md5":"67e6a296d3935d620e746ed6160f8ca2","seed":4869,"host":"ef39454b06f0","pid":1,"image_tag":null,"git_sha":null,"git_dirty":null},"aggregation":{"ci_method":"percentile","ci_level":0.95,"quantile_type":7,"estimates_scale":"natural"},"summary":[{"parameter":"(etaLcl,etaLvc)","median":0.066078775776,"p2.5":0.05074874031,"p97.5":0.084593151847},{"parameter":"CcPropSd","median":0.36560074507,"p2.5":0.31821837332,"p97.5":0.36750288164},{"parameter":"etaLcl","median":0.11211975239,"p2.5":0.087484547305,"p97.5":0.12590994387},{"parameter":"etaLvc","median":0.038942902135,"p2.5":0.027092937007,"p97.5":0.064809717255},{"parameter":"lcl","median":2.2216863248,"p2.5":2.1344967477,"p97.5":2.2338796595},{"parameter":"lka","median":2.3112601683,"p2.5":2.2496227667,"p97.5":2.4207721193},{"parameter":"lvc","median":2.9893696367,"p2.5":2.9646760629,"p97.5":3.0374562902},{"parameter":"rho_(etaLcl,etaLvc)","median":0.98032423727,"p2.5":0.97182231754,"p97.5":0.98789519761}],"runs":[{"tag":"trial_216_20260523-034116","value":2213.7799,"counts":[25,25],"control":{"maxit":100,"factr":1000000000,"pgtol":0,"trace":0,"method":"L-BFGS-B"},"convergence":0,"message":"CONVERGENCE: REL_REDUCTION_OF_F <= FACTR*EPSMCH","nat_par":{"lka":2.3276983653,"lcl":2.1993907885,"lvc":2.970517824,"CcPropSd":0.33271661831,"etaLcl":0.12693669429,"etaLvc":0.048242888858,"(etaLcl,etaLvc)":0.077004302822,"rho_(etaLcl,etaLvc)":0.98402186389},"failed_clients":[],"attempt":1,"files":{"result":"/project/temp/deferiprone_single_oral_25mgkg_designcheck_20260511/validation/design_change_n403030_wtmclustT10_nomix_site403030_nondesignquota_precisionchol_basefitbootinit_preboot_20260521/runs/scenario2/bootstrap/federated/scenario2/raw_runs/run_20260523-034116/optim_result_trial_216_20260523-034116.json","trace":"/project/temp/deferiprone_single_oral_25mgkg_designcheck_20260511/validation/design_change_n403030_wtmclustT10_nomix_site403030_nondesignquota_precisionchol_basefitbootinit_preboot_20260521/runs/scenario2/bootstrap/federated/scenario2/raw_runs/run_20260523-034116/optim_trace_trial_216_20260523-034116.csv","final":"/project/temp/deferiprone_single_oral_25mgkg_designcheck_20260511/validation/design_change_n403030_wtmclustT10_nomix_site403030_nondesignquota_precisionchol_basefitbootinit_preboot_20260521/runs/scenario2/bootstrap/federated/scenario2/raw_runs/run_20260523-034116/final_params_trial_216_20260523-034116.csv"},"log_n":25,"execution_state":"completed","trial":216,"attempts":1},{"tag":"trial_217_20260523-034426","value":2130.7304,"counts":[26,26],"control":{"maxit":100,"factr":1000000000,"pgtol":0,"trace":0,"method":"L-BFGS-B"},"convergence":0,"message":"CONVERGENCE: REL_REDUCTION_OF_F <= FACTR*EPSMCH","nat_par":{"lka":2.244822031,"lcl":2.2216863248,"lvc":2.9893696367,"CcPropSd":0.31660745721,"etaLcl":0.10307421675,"etaLvc":0.025990560734,"(etaLcl,etaLvc)":0.050257193592,"rho_(etaLcl,etaLvc)":0.97099140849},"failed_clients":[],"attempt":1,"files":{"result":"/project/temp/deferiprone_single_oral_25mgkg_designcheck_20260511/validation/design_change_n403030_wtmclustT10_nomix_site403030_nondesignquota_precisionchol_basefitbootinit_preboot_20260521/runs/scenario2/bootstrap/federated/scenario2/raw_runs/run_20260523-034116/optim_result_trial_217_20260523-034426.json","trace":"/project/temp/deferiprone_single_oral_25mgkg_designcheck_20260511/validation/design_change_n403030_wtmclustT10_nomix_site403030_nondesignquota_precisionchol_basefitbootinit_preboot_20260521/runs/scenario2/bootstrap/federated/scenario2/raw_runs/run_20260523-034116/optim_trace_trial_217_20260523-034426.csv","final":"/project/temp/deferiprone_single_oral_25mgkg_designcheck_20260511/validation/design_change_n403030_wtmclustT10_nomix_site403030_nondesignquota_precisionchol_basefitbootinit_preboot_20260521/runs/scenario2/bootstrap/federated/scenario2/raw_runs/run_20260523-034116/final_params_trial_217_20260523-034426.csv"},"log_n":26,"execution_state":"completed","trial":217,"attempts":1},{"tag":"trial_218_20260523-034743","value":2187.8188,"counts":[24,24],"control":{"maxit":100,"factr":1000000000,"pgtol":0,"trace":0,"method":"L-BFGS-B"},"convergence":0,"message":"CONVERGENCE: REL_REDUCTION_OF_F <= FACTR*EPSMCH","nat_par":{"lka":2.4311136475,"lcl":2.2237615365,"lvc":3.0427441564,"CcPropSd":0.36768033908,"etaLcl":0.085752361811,"etaLvc":0.03701432346,"(etaLcl,etaLvc)":0.055172660771,"rho_(etaLcl,etaLvc)":0.97930049895},"failed_clients":[],"attempt":1,"files":{"result":"/project/temp/deferiprone_single_oral_25mgkg_designcheck_20260511/validation/design_change_n403030_wtmclustT10_nomix_site403030_nondesignquota_precisionchol_basefitbootinit_preboot_20260521/runs/scenario2/bootstrap/federated/scenario2/raw_runs/run_20260523-034116/optim_result_trial_218_20260523-034743.json","trace":"/project/temp/deferiprone_single_oral_25mgkg_designcheck_20260511/validation/design_change_n403030_wtmclustT10_nomix_site403030_nondesignquota_precisionchol_basefitbootinit_preboot_20260521/runs/scenario2/bootstrap/federated/scenario2/raw_runs/run_20260523-034116/optim_trace_trial_218_20260523-034743.csv","final":"/project/temp/deferiprone_single_oral_25mgkg_designcheck_20260511/validation/design_change_n403030_wtmclustT10_nomix_site403030_nondesignquota_precisionchol_basefitbootinit_preboot_20260521/runs/scenario2/bootstrap/federated/scenario2/raw_runs/run_20260523-034116/final_params_trial_218_20260523-034743.csv"},"log_n":24,"execution_state":"completed","trial":218,"attempts":1},{"tag":"trial_219_20260523-035044","value":2271.6602,"counts":[23,23],"control":{"maxit":100,"factr":1000000000,"pgtol":0,"trace":0,"method":"L-BFGS-B"},"convergence":0,"message":"CONVERGENCE: REL_REDUCTION_OF_F <= FACTR*EPSMCH","nat_par":{"lka":2.3112601683,"lcl":2.1272862987,"lvc":2.9640269783,"CcPropSd":0.36560074507,"etaLcl":0.11666919011,"etaLvc":0.038942902135,"(etaLcl,etaLvc)":0.066078775776,"rho_(etaLcl,etaLvc)":0.98032423727},"failed_clients":[],"attempt":1,"files":{"result":"/project/temp/deferiprone_single_oral_25mgkg_designcheck_20260511/validation/design_change_n403030_wtmclustT10_nomix_site403030_nondesignquota_precisionchol_basefitbootinit_preboot_20260521/runs/scenario2/bootstrap/federated/scenario2/raw_runs/run_20260523-034116/optim_result_trial_219_20260523-035044.json","trace":"/project/temp/deferiprone_single_oral_25mgkg_designcheck_20260511/validation/design_change_n403030_wtmclustT10_nomix_site403030_nondesignquota_precisionchol_basefitbootinit_preboot_20260521/runs/scenario2/bootstrap/federated/scenario2/raw_runs/run_20260523-034116/optim_trace_trial_219_20260523-035044.csv","final":"/project/temp/deferiprone_single_oral_25mgkg_designcheck_20260511/validation/design_change_n403030_wtmclustT10_nomix_site403030_nondesignquota_precisionchol_basefitbootinit_preboot_20260521/runs/scenario2/bootstrap/federated/scenario2/raw_runs/run_20260523-034116/final_params_trial_219_20260523-035044.csv"},"log_n":23,"execution_state":"completed","trial":219,"attempts":1},{"tag":"trial_220_20260523-035341","value":2189.5689,"counts":[22,22],"control":{"maxit":100,"factr":1000000000,"pgtol":0,"trace":0,"method":"L-BFGS-B"},"convergence":0,"message":"CONVERGENCE: REL_REDUCTION_OF_F <= FACTR*EPSMCH","nat_par":{"lka":2.2928293876,"lcl":2.2350038954,"lvc":2.9898654946,"CcPropSd":0.36590576468,"etaLcl":0.11211975239,"etaLvc":0.066650475966,"(etaLcl,etaLvc)":0.085436357294,"rho_(etaLcl,etaLvc)":0.98832556803},"failed_clients":[],"attempt":1,"files":{"result":"/project/temp/deferiprone_single_oral_25mgkg_designcheck_20260511/validation/design_change_n403030_wtmclustT10_nomix_site403030_nondesignquota_precisionchol_basefitbootinit_preboot_20260521/runs/scenario2/bootstrap/federated/scenario2/raw_runs/run_20260523-034116/optim_result_trial_220_20260523-035341.json","trace":"/project/temp/deferiprone_single_oral_25mgkg_designcheck_20260511/validation/design_change_n403030_wtmclustT10_nomix_site403030_nondesignquota_precisionchol_basefitbootinit_preboot_20260521/runs/scenario2/bootstrap/federated/scenario2/raw_runs/run_20260523-034116/optim_trace_trial_220_20260523-035341.csv","final":"/project/temp/deferiprone_single_oral_25mgkg_designcheck_20260511/validation/design_change_n403030_wtmclustT10_nomix_site403030_nondesignquota_precisionchol_basefitbootinit_preboot_20260521/runs/scenario2/bootstrap/federated/scenario2/raw_runs/run_20260523-034116/final_params_trial_220_20260523-035341.csv"},"log_n":22,"execution_state":"completed","trial":220,"attempts":1}],"trial_status":[{"trial":216,"execution_state":"completed","converged":true,"attempts":1,"convergence":0,"value":2213.7799,"eval_fn":25,"eval_gr":25,"log_n":25,"failed_clients_n":0,"message":"CONVERGENCE: REL_REDUCTION_OF_F <= FACTR*EPSMCH","result_file":"/project/temp/deferiprone_single_oral_25mgkg_designcheck_20260511/validation/design_change_n403030_wtmclustT10_nomix_site403030_nondesignquota_precisionchol_basefitbootinit_preboot_20260521/runs/scenario2/bootstrap/federated/scenario2/raw_runs/run_20260523-034116/optim_result_trial_216_20260523-034116.json","trace_file":"/project/temp/deferiprone_single_oral_25mgkg_designcheck_20260511/validation/design_change_n403030_wtmclustT10_nomix_site403030_nondesignquota_precisionchol_basefitbootinit_preboot_20260521/runs/scenario2/bootstrap/federated/scenario2/raw_runs/run_20260523-034116/optim_trace_trial_216_20260523-034116.csv","final_file":"/project/temp/deferiprone_single_oral_25mgkg_designcheck_20260511/validation/design_change_n403030_wtmclustT10_nomix_site403030_nondesignquota_precisionchol_basefitbootinit_preboot_20260521/runs/scenario2/bootstrap/federated/scenario2/raw_runs/run_20260523-034116/final_params_trial_216_20260523-034116.csv"},{"trial":217,"execution_state":"completed","converged":true,"attempts":1,"convergence":0,"value":2130.7304,"eval_fn":26,"eval_gr":26,"log_n":26,"failed_clients_n":0,"message":"CONVERGENCE: REL_REDUCTION_OF_F <= FACTR*EPSMCH","result_file":"/project/temp/deferiprone_single_oral_25mgkg_designcheck_20260511/validation/design_change_n403030_wtmclustT10_nomix_site403030_nondesignquota_precisionchol_basefitbootinit_preboot_20260521/runs/scenario2/bootstrap/federated/scenario2/raw_runs/run_20260523-034116/optim_result_trial_217_20260523-034426.json","trace_file":"/project/temp/deferiprone_single_oral_25mgkg_designcheck_20260511/validation/design_change_n403030_wtmclustT10_nomix_site403030_nondesignquota_precisionchol_basefitbootinit_preboot_20260521/runs/scenario2/bootstrap/federated/scenario2/raw_runs/run_20260523-034116/optim_trace_trial_217_20260523-034426.csv","final_file":"/project/temp/deferiprone_single_oral_25mgkg_designcheck_20260511/validation/design_change_n403030_wtmclustT10_nomix_site403030_nondesignquota_precisionchol_basefitbootinit_preboot_20260521/runs/scenario2/bootstrap/federated/scenario2/raw_runs/run_20260523-034116/final_params_trial_217_20260523-034426.csv"},{"trial":218,"execution_state":"completed","converged":true,"attempts":1,"convergence":0,"value":2187.8188,"eval_fn":24,"eval_gr":24,"log_n":24,"failed_clients_n":0,"message":"CONVERGENCE: REL_REDUCTION_OF_F <= FACTR*EPSMCH","result_file":"/project/temp/deferiprone_single_oral_25mgkg_designcheck_20260511/validation/design_change_n403030_wtmclustT10_nomix_site403030_nondesignquota_precisionchol_basefitbootinit_preboot_20260521/runs/scenario2/bootstrap/federated/scenario2/raw_runs/run_20260523-034116/optim_result_trial_218_20260523-034743.json","trace_file":"/project/temp/deferiprone_single_oral_25mgkg_designcheck_20260511/validation/design_change_n403030_wtmclustT10_nomix_site403030_nondesignquota_precisionchol_basefitbootinit_preboot_20260521/runs/scenario2/bootstrap/federated/scenario2/raw_runs/run_20260523-034116/optim_trace_trial_218_20260523-034743.csv","final_file":"/project/temp/deferiprone_single_oral_25mgkg_designcheck_20260511/validation/design_change_n403030_wtmclustT10_nomix_site403030_nondesignquota_precisionchol_basefitbootinit_preboot_20260521/runs/scenario2/bootstrap/federated/scenario2/raw_runs/run_20260523-034116/final_params_trial_218_20260523-034743.csv"},{"trial":219,"execution_state":"completed","converged":true,"attempts":1,"convergence":0,"value":2271.6602,"eval_fn":23,"eval_gr":23,"log_n":23,"failed_clients_n":0,"message":"CONVERGENCE: REL_REDUCTION_OF_F <= FACTR*EPSMCH","result_file":"/project/temp/deferiprone_single_oral_25mgkg_designcheck_20260511/validation/design_change_n403030_wtmclustT10_nomix_site403030_nondesignquota_precisionchol_basefitbootinit_preboot_20260521/runs/scenario2/bootstrap/federated/scenario2/raw_runs/run_20260523-034116/optim_result_trial_219_20260523-035044.json","trace_file":"/project/temp/deferiprone_single_oral_25mgkg_designcheck_20260511/validation/design_change_n403030_wtmclustT10_nomix_site403030_nondesignquota_precisionchol_basefitbootinit_preboot_20260521/runs/scenario2/bootstrap/federated/scenario2/raw_runs/run_20260523-034116/optim_trace_trial_219_20260523-035044.csv","final_file":"/project/temp/deferiprone_single_oral_25mgkg_designcheck_20260511/validation/design_change_n403030_wtmclustT10_nomix_site403030_nondesignquota_precisionchol_basefitbootinit_preboot_20260521/runs/scenario2/bootstrap/federated/scenario2/raw_runs/run_20260523-034116/final_params_trial_219_20260523-035044.csv"},{"trial":220,"execution_state":"completed","converged":true,"attempts":1,"convergence":0,"value":2189.5689,"eval_fn":22,"eval_gr":22,"log_n":22,"failed_clients_n":0,"message":"CONVERGENCE: REL_REDUCTION_OF_F <= FACTR*EPSMCH","result_file":"/project/temp/deferiprone_single_oral_25mgkg_designcheck_20260511/validation/design_change_n403030_wtmclustT10_nomix_site403030_nondesignquota_precisionchol_basefitbootinit_preboot_20260521/runs/scenario2/bootstrap/federated/scenario2/raw_runs/run_20260523-034116/optim_result_trial_220_20260523-035341.json","trace_file":"/project/temp/deferiprone_single_oral_25mgkg_designcheck_20260511/validation/design_change_n403030_wtmclustT10_nomix_site403030_nondesignquota_precisionchol_basefitbootinit_preboot_20260521/runs/scenario2/bootstrap/federated/scenario2/raw_runs/run_20260523-034116/optim_trace_trial_220_20260523-035341.csv","final_file":"/project/temp/deferiprone_single_oral_25mgkg_designcheck_20260511/validation/design_change_n403030_wtmclustT10_nomix_site403030_nondesignquota_precisionchol_basefitbootinit_preboot_20260521/runs/scenario2/bootstrap/federated/scenario2/raw_runs/run_20260523-034116/final_params_trial_220_20260523-035341.csv"}],"info":{"run_id":"20260523-034116","log_base_dir":"/project/temp/deferiprone_single_oral_25mgkg_designcheck_20260511/validation/design_change_n403030_wtmclustT10_nomix_site403030_nondesignquota_precisionchol_basefitbootinit_preboot_20260521/runs/scenario2/bootstrap/federated","scenario":"scenario2/raw_runs","total_trials":5,"successes":5,"failures":0,"nonconverged_count":0,"nonconverged_trials":[],"convergence_missing_count":0,"seed_base":4869,"B_per_client":500,"duration_sec":920.9635326862,"host":"ef39454b06f0","image_tag":null,"communication":{"generated_at":"2026-05-23T03:56:31Z","totals":{"requests":723,"request_bytes":806139,"response_bytes":183502,"total_bytes":989641,"retries":0},"init":{"requests":3,"request_bytes":8139,"response_bytes":1161,"total_bytes":9300,"retries":0,"median_elapsed_sec":0.36778926849},"init_round_latency":{"n_rounds":1,"median_round_wall_sec":0.37171077728,"p95_round_wall_sec":0.37171077728},"run":{"requests":0,"request_bytes":0,"response_bytes":0,"total_bytes":0,"retries":0,"median_elapsed_sec":"NA"},"run_bootstrap":{"requests":720,"request_bytes":798000,"response_bytes":182341,"total_bytes":980341,"retries":0,"median_elapsed_sec":3.659952879},"round_latency":{"n_rounds":240,"median_round_wall_sec":3.7641273737,"p95_round_wall_sec":4.063208437},"timing_split":{"n_rounds":240,"rounds_with_compute":240,"total_round_wall_sec":910.1016254425,"total_round_compute_wall_sec":902.1631,"total_round_comm_overhead_wall_sec":7.9385254425,"comm_overhead_ratio":0.0087226802157,"compute_ratio":0.99127731978}},"communication_files":{"csv":"/project/temp/deferiprone_single_oral_25mgkg_designcheck_20260511/validation/design_change_n403030_wtmclustT10_nomix_site403030_nondesignquota_precisionchol_basefitbootinit_preboot_20260521/runs/scenario2/bootstrap/federated/scenario2/raw_runs/run_20260523-034116/comm_metrics.csv","json":"/project/temp/deferiprone_single_oral_25mgkg_designcheck_20260511/validation/design_change_n403030_wtmclustT10_nomix_site403030_nondesignquota_precisionchol_basefitbootinit_preboot_20260521/runs/scenario2/bootstrap/federated/scenario2/raw_runs/run_20260523-034116/comm_metrics.json"},"output_files":{"bootstrap_summary_csv":"/project/temp/deferiprone_single_oral_25mgkg_designcheck_20260511/validation/design_change_n403030_wtmclustT10_nomix_site403030_nondesignquota_precisionchol_basefitbootinit_preboot_20260521/runs/scenario2/bootstrap/federated/scenario2/raw_runs/run_20260523-034116/bootstrap_summary.csv","bootstrap_summary_json":"/project/temp/deferiprone_single_oral_25mgkg_designcheck_20260511/validation/design_change_n403030_wtmclustT10_nomix_site403030_nondesignquota_precisionchol_basefitbootinit_preboot_20260521/runs/scenario2/bootstrap/federated/scenario2/raw_runs/run_20260523-034116/bootstrap_summary.json","trial_status_csv":"/project/temp/deferiprone_single_oral_25mgkg_designcheck_20260511/validation/design_change_n403030_wtmclustT10_nomix_site403030_nondesignquota_precisionchol_basefitbootinit_preboot_20260521/runs/scenario2/bootstrap/federated/scenario2/raw_runs/run_20260523-034116/trial_status.csv","failed_trials_csv":"/project/temp/deferiprone_single_oral_25mgkg_designcheck_20260511/validation/design_change_n403030_wtmclustT10_nomix_site403030_nondesignquota_precisionchol_basefitbootinit_preboot_20260521/runs/scenario2/bootstrap/federated/scenario2/raw_runs/run_20260523-034116/failed_trials.csv","trial_estimates_wide_csv":"/project/temp/deferiprone_single_oral_25mgkg_designcheck_20260511/validation/design_change_n403030_wtmclustT10_nomix_site403030_nondesignquota_precisionchol_basefitbootinit_preboot_20260521/runs/scenario2/bootstrap/federated/scenario2/raw_runs/run_20260523-034116/trial_estimates_wide.csv","trial_estimates_long_csv":"/project/temp/deferiprone_single_oral_25mgkg_designcheck_20260511/validation/design_change_n403030_wtmclustT10_nomix_site403030_nondesignquota_precisionchol_basefitbootinit_preboot_20260521/runs/scenario2/bootstrap/federated/scenario2/raw_runs/run_20260523-034116/trial_estimates_long.csv","result_json":"/project/temp/deferiprone_single_oral_25mgkg_designcheck_20260511/validation/design_change_n403030_wtmclustT10_nomix_site403030_nondesignquota_precisionchol_basefitbootinit_preboot_20260521/runs/scenario2/bootstrap/federated/scenario2/raw_runs/run_20260523-034116/result.json"}}}
[Kserver-1 exited with code 0
Aborting on container exit...
 Container defboot_design_change_n403030_wtmclu_scenario2_216_220-server-1  Stopping
 Container defboot_design_change_n403030_wtmclu_scenario2_216_220-server-1  Stopped
 Container defboot_design_change_n403030_wtmclu_scenario2_216_220-client1-1  Stopping
 Container defboot_design_change_n403030_wtmclu_scenario2_216_220-client3-1  Stopping
 Container defboot_design_change_n403030_wtmclu_scenario2_216_220-client2-1  Stopping
 Container defboot_design_change_n403030_wtmclu_scenario2_216_220-client1-1  Stopped
 Container defboot_design_change_n403030_wtmclu_scenario2_216_220-client2-1  Stopped
 Container defboot_design_change_n403030_wtmclu_scenario2_216_220-client3-1  Stopped
time="2026-05-23T12:56:42+09:00" level=warning msg="The \"SERVER_CONFIG_PATH\" variable is not set. Defaulting to a blank string."
 Container defboot_design_change_n403030_wtmclu_scenario2_216_220-server-1  Stopping
 Container defboot_design_change_n403030_wtmclu_scenario2_216_220-server-1  Stopped
 Container defboot_design_change_n403030_wtmclu_scenario2_216_220-server-1  Removing
 Container defboot_design_change_n403030_wtmclu_scenario2_216_220-server-1  Removed
 Container defboot_design_change_n403030_wtmclu_scenario2_216_220-client3-1  Stopping
 Container defboot_design_change_n403030_wtmclu_scenario2_216_220-client1-1  Stopping
 Container defboot_design_change_n403030_wtmclu_scenario2_216_220-client2-1  Stopping
 Container defboot_design_change_n403030_wtmclu_scenario2_216_220-client3-1  Stopped
 Container defboot_design_change_n403030_wtmclu_scenario2_216_220-client3-1  Removing
 Container defboot_design_change_n403030_wtmclu_scenario2_216_220-client2-1  Stopped
 Container defboot_design_change_n403030_wtmclu_scenario2_216_220-client2-1  Removing
 Container defboot_design_change_n403030_wtmclu_scenario2_216_220-client1-1  Stopped
 Container defboot_design_change_n403030_wtmclu_scenario2_216_220-client1-1  Removing
 Container defboot_design_change_n403030_wtmclu_scenario2_216_220-client3-1  Removed
 Container defboot_design_change_n403030_wtmclu_scenario2_216_220-client2-1  Removed
 Container defboot_design_change_n403030_wtmclu_scenario2_216_220-client1-1  Removed
 Network defboot_design_change_n403030_wtmclu_scenario2_216_220_site2_net  Removing
 Network defboot_design_change_n403030_wtmclu_scenario2_216_220_site1_net  Removing
 Network defboot_design_change_n403030_wtmclu_scenario2_216_220_site3_net  Removing
 Network defboot_design_change_n403030_wtmclu_scenario2_216_220_site2_net  Removed
 Network defboot_design_change_n403030_wtmclu_scenario2_216_220_site3_net  Removed
 Network defboot_design_change_n403030_wtmclu_scenario2_216_220_site1_net  Removed
