time="2026-05-23T03:44:50+09:00" level=warning msg="The \"SERVER_CONFIG_PATH\" variable is not set. Defaulting to a blank string."
Compose now can delegate build to bake for better performances
Just set COMPOSE_BAKE=true
#0 building with "default" instance using docker driver

#1 [client3 internal] load build definition from Dockerfile.app
#1 transferring dockerfile: 778B done
#1 DONE 0.0s

#2 [client1 internal] load build definition from Dockerfile.app
#2 transferring dockerfile: 778B done
#2 DONE 0.0s

#3 [client2 internal] load build definition from Dockerfile.app
#3 transferring dockerfile: 778B done
#3 DONE 0.0s

#4 [client1 internal] load metadata for docker.io/fedpoppk/base:0.1.0
#4 DONE 0.0s

#5 [client3 internal] load .dockerignore
#5 transferring context: 2B done
#5 DONE 0.0s

#6 [client1 internal] load .dockerignore
#6 transferring context: 2B done
#6 DONE 0.0s

#7 [client2 internal] load .dockerignore
#7 transferring context: 2B done
#7 DONE 0.0s

#8 [client2 1/8] FROM docker.io/fedpoppk/base:0.1.0
#8 DONE 0.0s

#9 [client3 internal] load build context
#9 transferring context: 736.51kB 0.3s done
#9 DONE 0.3s

#10 [client2 internal] load build context
#10 transferring context: 736.51kB 0.3s done
#10 DONE 0.3s

#11 [client1 internal] load build context
#11 transferring context: 736.51kB 0.3s done
#11 DONE 0.3s

#12 [client3 7/8] COPY analysis/ analysis/
#12 CACHED

#13 [client3 6/8] COPY R/ R/
#13 CACHED

#14 [client3 2/8] WORKDIR /project
#14 CACHED

#15 [client3 3/8] COPY renv.lock .Rprofile renv/activate.R ./
#15 CACHED

#16 [client3 4/8] RUN Rscript -e "options(renv.consent=TRUE, Ncpus=parallel::detectCores());                 renv::restore(prompt=FALSE)"
#16 CACHED

#17 [client3 5/8] COPY apps/ apps/
#17 CACHED

#18 [client1 8/8] RUN mkdir -p /project/configs/modes /project/data /project/artifacts /project/result
#18 CACHED

#19 [client3] exporting to image
#19 exporting layers done
#19 writing image sha256:f1911dd8ba16e67c6e1dc173c15df6742ec9acce787b78a2596ecfec1e913f27 done
#19 naming to docker.io/library/defboot_design_change_n403030_wtmclu_scenario2_36_40-client3 0.0s done
#19 DONE 0.0s

#20 [client2] exporting to image
#20 exporting layers done
#20 writing image sha256:5081453b7b81138dfc34c29f058e07b3158f95263ccc6b9be2c8fb8ef0f32654 done
#20 naming to docker.io/library/defboot_design_change_n403030_wtmclu_scenario2_36_40-client2 0.0s done
#20 DONE 0.0s

#21 [client1] exporting to image
#21 exporting layers done
#21 writing image sha256:ac30ea2499ee3bf6fab99a849e3750f4f7b226b28e07e7a7d2771d2a33cad80d done
#21 naming to docker.io/library/defboot_design_change_n403030_wtmclu_scenario2_36_40-client1 0.0s done
#21 DONE 0.1s

#22 [client3] resolving provenance for metadata file
#22 DONE 0.0s

#23 [client1] resolving provenance for metadata file
#23 DONE 0.0s

#24 [client2] resolving provenance for metadata file
#24 DONE 0.0s

#25 [server internal] load build definition from Dockerfile.app
#25 transferring dockerfile: 778B done
#25 DONE 0.0s

#4 [server internal] load metadata for docker.io/fedpoppk/base:0.1.0
#4 DONE 0.0s

#26 [server internal] load .dockerignore
#26 transferring context: 2B done
#26 DONE 0.0s

#8 [server 1/8] FROM docker.io/fedpoppk/base:0.1.0
#8 DONE 0.0s

#27 [server internal] load build context
#27 transferring context: 736.51kB 0.4s done
#27 DONE 0.4s

#28 [server 4/8] RUN Rscript -e "options(renv.consent=TRUE, Ncpus=parallel::detectCores());                 renv::restore(prompt=FALSE)"
#28 CACHED

#29 [server 5/8] COPY apps/ apps/
#29 CACHED

#30 [server 6/8] COPY R/ R/
#30 CACHED

#31 [server 3/8] COPY renv.lock .Rprofile renv/activate.R ./
#31 CACHED

#32 [server 7/8] COPY analysis/ analysis/
#32 CACHED

#14 [server 2/8] WORKDIR /project
#14 CACHED

#33 [server 8/8] RUN mkdir -p /project/configs/modes /project/data /project/artifacts /project/result
#33 CACHED

#34 [server] exporting to image
#34 exporting layers done
#34 writing image sha256:9c1610c592979f766a36756aaae8a75f42d207dbf1d4cc97fb4a3c373e65762e done
#34 naming to docker.io/library/defboot_design_change_n403030_wtmclu_scenario2_36_40-server 0.0s done
#34 DONE 0.0s

#35 [server] resolving provenance for metadata file
#35 DONE 0.0s
 client1  Built
 client2  Built
 client3  Built
 server  Built
 Network defboot_design_change_n403030_wtmclu_scenario2_36_40_site1_net  Creating
 Network defboot_design_change_n403030_wtmclu_scenario2_36_40_site1_net  Created
 Network defboot_design_change_n403030_wtmclu_scenario2_36_40_site2_net  Creating
 Network defboot_design_change_n403030_wtmclu_scenario2_36_40_site2_net  Created
 Network defboot_design_change_n403030_wtmclu_scenario2_36_40_site3_net  Creating
 Network defboot_design_change_n403030_wtmclu_scenario2_36_40_site3_net  Created
 Container defboot_design_change_n403030_wtmclu_scenario2_36_40-client2-1  Creating
 Container defboot_design_change_n403030_wtmclu_scenario2_36_40-client1-1  Creating
 Container defboot_design_change_n403030_wtmclu_scenario2_36_40-client3-1  Creating
 Container defboot_design_change_n403030_wtmclu_scenario2_36_40-client3-1  Created
 Container defboot_design_change_n403030_wtmclu_scenario2_36_40-client2-1  Created
 Container defboot_design_change_n403030_wtmclu_scenario2_36_40-client1-1  Created
 Container defboot_design_change_n403030_wtmclu_scenario2_36_40-server-1  Creating
 Container defboot_design_change_n403030_wtmclu_scenario2_36_40-server-1  Created
Attaching to client1-1, client2-1, client3-1, server-1
client1-1  | Running plumber API at http://0.0.0.0:8000
client1-1  | Running swagger Docs at http://127.0.0.1:8000/__docs__/
client2-1  | Running plumber API at http://0.0.0.0:8000
client2-1  | Running swagger Docs at http://127.0.0.1:8000/__docs__/
client3-1  | Running plumber API at http://0.0.0.0:8000
client3-1  | Running swagger Docs at http://127.0.0.1:8000/__docs__/
client1-1  | ℹ parameter labels from comments are typically ignored in non-interactive mode
client1-1  | ℹ Need to run with the source intact to parse comments
client2-1  | ℹ parameter labels from comments are typically ignored in non-interactive mode
client2-1  | ℹ Need to run with the source intact to parse comments
client3-1  | ℹ parameter labels from comments are typically ignored in non-interactive mode
client3-1  | ℹ Need to run with the source intact to parse comments
server-1   | [send_init] http://client1:8000 init succeeded
server-1   | [send_init] http://client2:8000 init succeeded
server-1   | [send_init] http://client3:8000 init succeeded
server-1   | {"schema":{"schema_version":"1.1.0","generated_at":"2026-05-22T18:44:58Z","config_path":"/project/configs/../temp/deferiprone_single_oral_25mgkg_designcheck_20260511/validation/design_change_n403030_wtmclustT10_nomix_site403030_nondesignquota_precisionchol_basefitbootinit_preboot_20260521/configs/resolved/scenario2_bootstrap.json","config_md5":"67e6a296d3935d620e746ed6160f8ca2","seed":4869,"host":"85f3fcda6ee1","pid":1,"image_tag":null,"git_sha":null,"git_dirty":null},"aggregation":{"ci_method":"percentile","ci_level":0.95,"quantile_type":7,"estimates_scale":"natural"},"summary":[{"parameter":"(etaLcl,etaLvc)","median":0.062334743124,"p2.5":0.047315180844,"p97.5":0.072862038964},{"parameter":"CcPropSd","median":0.36155540034,"p2.5":0.32772250596,"p97.5":0.38945790786},{"parameter":"etaLcl","median":0.11442495618,"p2.5":0.078070721807,"p97.5":0.12439679126},{"parameter":"etaLvc","median":0.033215297654,"p2.5":0.030206709156,"p97.5":0.044498222797},{"parameter":"lcl","median":2.1681030559,"p2.5":2.126014626,"p97.5":2.2315333986},{"parameter":"lka","median":2.2846944992,"p2.5":2.1780849357,"p97.5":2.411629674},{"parameter":"lvc","median":2.9614892514,"p2.5":2.916037117,"p97.5":3.0517928946},{"parameter":"rho_(etaLcl,etaLvc)","median":0.9770709177,"p2.5":0.97482916112,"p97.5":0.98264489992}],"runs":[{"tag":"trial_036_20260522-184458","value":2240.8559,"counts":[22,22],"control":{"maxit":100,"factr":1000000000,"pgtol":0,"trace":0,"method":"L-BFGS-B"},"convergence":0,"message":"CONVERGENCE: REL_REDUCTION_OF_F <= FACTR*EPSMCH","nat_par":{"lka":2.2846944992,"lcl":2.2360703289,"lvc":3.0549950462,"CcPropSd":0.39207276194,"etaLcl":0.11442495618,"etaLvc":0.036611455103,"(etaLcl,etaLvc)":0.063372838075,"rho_(etaLcl,etaLvc)":0.97911630875},"failed_clients":[],"attempt":1,"files":{"result":"/project/temp/deferiprone_single_oral_25mgkg_designcheck_20260511/validation/design_change_n403030_wtmclustT10_nomix_site403030_nondesignquota_precisionchol_basefitbootinit_preboot_20260521/runs/scenario2/bootstrap/federated/scenario2/raw_runs/run_20260522-184458/optim_result_trial_036_20260522-184458.json","trace":"/project/temp/deferiprone_single_oral_25mgkg_designcheck_20260511/validation/design_change_n403030_wtmclustT10_nomix_site403030_nondesignquota_precisionchol_basefitbootinit_preboot_20260521/runs/scenario2/bootstrap/federated/scenario2/raw_runs/run_20260522-184458/optim_trace_trial_036_20260522-184458.csv","final":"/project/temp/deferiprone_single_oral_25mgkg_designcheck_20260511/validation/design_change_n403030_wtmclustT10_nomix_site403030_nondesignquota_precisionchol_basefitbootinit_preboot_20260521/runs/scenario2/bootstrap/federated/scenario2/raw_runs/run_20260522-184458/final_params_trial_036_20260522-184458.csv"},"log_n":22,"execution_state":"completed","trial":36,"attempts":1},{"tag":"trial_037_20260522-184745","value":2232.1231,"counts":[25,25],"control":{"maxit":100,"factr":1000000000,"pgtol":0,"trace":0,"method":"L-BFGS-B"},"convergence":0,"message":"CONVERGENCE: REL_REDUCTION_OF_F <= FACTR*EPSMCH","nat_par":{"lka":2.4176052281,"lcl":2.1907010263,"lvc":3.0229735301,"CcPropSd":0.36155540034,"etaLcl":0.12253778508,"etaLvc":0.033215297654,"(etaLcl,etaLvc)":0.062334743124,"rho_(etaLcl,etaLvc)":0.9770709177},"failed_clients":[],"attempt":1,"files":{"result":"/project/temp/deferiprone_single_oral_25mgkg_designcheck_20260511/validation/design_change_n403030_wtmclustT10_nomix_site403030_nondesignquota_precisionchol_basefitbootinit_preboot_20260521/runs/scenario2/bootstrap/federated/scenario2/raw_runs/run_20260522-184458/optim_result_trial_037_20260522-184745.json","trace":"/project/temp/deferiprone_single_oral_25mgkg_designcheck_20260511/validation/design_change_n403030_wtmclustT10_nomix_site403030_nondesignquota_precisionchol_basefitbootinit_preboot_20260521/runs/scenario2/bootstrap/federated/scenario2/raw_runs/run_20260522-184458/optim_trace_trial_037_20260522-184745.csv","final":"/project/temp/deferiprone_single_oral_25mgkg_designcheck_20260511/validation/design_change_n403030_wtmclustT10_nomix_site403030_nondesignquota_precisionchol_basefitbootinit_preboot_20260521/runs/scenario2/bootstrap/federated/scenario2/raw_runs/run_20260522-184458/final_params_trial_037_20260522-184745.csv"},"log_n":25,"execution_state":"completed","trial":37,"attempts":1},{"tag":"trial_038_20260522-185056","value":2180.4344,"counts":[25,25],"control":{"maxit":100,"factr":1000000000,"pgtol":0,"trace":0,"method":"L-BFGS-B"},"convergence":0,"message":"CONVERGENCE: REL_REDUCTION_OF_F <= FACTR*EPSMCH","nat_par":{"lka":2.2774623572,"lcl":2.1215677397,"lvc":2.9155975658,"CcPropSd":0.32527414325,"etaLcl":0.076217108981,"etaLvc":0.030168827647,"(etaLcl,etaLvc)":0.0467432985,"rho_(etaLcl,etaLvc)":0.97479636946},"failed_clients":[],"attempt":1,"files":{"result":"/project/temp/deferiprone_single_oral_25mgkg_designcheck_20260511/validation/design_change_n403030_wtmclustT10_nomix_site403030_nondesignquota_precisionchol_basefitbootinit_preboot_20260521/runs/scenario2/bootstrap/federated/scenario2/raw_runs/run_20260522-184458/optim_result_trial_038_20260522-185056.json","trace":"/project/temp/deferiprone_single_oral_25mgkg_designcheck_20260511/validation/design_change_n403030_wtmclustT10_nomix_site403030_nondesignquota_precisionchol_basefitbootinit_preboot_20260521/runs/scenario2/bootstrap/federated/scenario2/raw_runs/run_20260522-184458/optim_trace_trial_038_20260522-185056.csv","final":"/project/temp/deferiprone_single_oral_25mgkg_designcheck_20260511/validation/design_change_n403030_wtmclustT10_nomix_site403030_nondesignquota_precisionchol_basefitbootinit_preboot_20260521/runs/scenario2/bootstrap/federated/scenario2/raw_runs/run_20260522-184458/final_params_trial_038_20260522-185056.csv"},"log_n":25,"execution_state":"completed","trial":38,"attempts":1},{"tag":"trial_039_20260522-185406","value":2229.2476,"counts":[14,14],"control":{"maxit":100,"factr":1000000000,"pgtol":0,"trace":0,"method":"L-BFGS-B"},"convergence":0,"message":"CONVERGENCE: REL_REDUCTION_OF_F <= FACTR*EPSMCH","nat_par":{"lka":2.3578496868,"lcl":2.1681030559,"lvc":2.9614892514,"CcPropSd":0.34975777043,"etaLcl":0.1246033475,"etaLvc":0.045374530318,"(etaLcl,etaLvc)":0.073916394619,"rho_(etaLcl,etaLvc)":0.98303696561},"failed_clients":[],"attempt":1,"files":{"result":"/project/temp/deferiprone_single_oral_25mgkg_designcheck_20260511/validation/design_change_n403030_wtmclustT10_nomix_site403030_nondesignquota_precisionchol_basefitbootinit_preboot_20260521/runs/scenario2/bootstrap/federated/scenario2/raw_runs/run_20260522-184458/optim_result_trial_039_20260522-185406.json","trace":"/project/temp/deferiprone_single_oral_25mgkg_designcheck_20260511/validation/design_change_n403030_wtmclustT10_nomix_site403030_nondesignquota_precisionchol_basefitbootinit_preboot_20260521/runs/scenario2/bootstrap/federated/scenario2/raw_runs/run_20260522-184458/optim_trace_trial_039_20260522-185406.csv","final":"/project/temp/deferiprone_single_oral_25mgkg_designcheck_20260511/validation/design_change_n403030_wtmclustT10_nomix_site403030_nondesignquota_precisionchol_basefitbootinit_preboot_20260521/runs/scenario2/bootstrap/federated/scenario2/raw_runs/run_20260522-184458/final_params_trial_039_20260522-185406.csv"},"log_n":14,"execution_state":"completed","trial":39,"attempts":1},{"tag":"trial_040_20260522-185553","value":2231.8517,"counts":[22,22],"control":{"maxit":100,"factr":1000000000,"pgtol":0,"trace":0,"method":"L-BFGS-B"},"convergence":0,"message":"CONVERGENCE: REL_REDUCTION_OF_F <= FACTR*EPSMCH","nat_par":{"lka":2.1670429999,"lcl":2.1660366026,"lvc":2.9199930779,"CcPropSd":0.36592422112,"etaLcl":0.094753237235,"etaLvc":0.030547642737,"(etaLcl,etaLvc)":0.052462121947,"rho_(etaLcl,etaLvc)":0.97512428612},"failed_clients":[],"attempt":1,"files":{"result":"/project/temp/deferiprone_single_oral_25mgkg_designcheck_20260511/validation/design_change_n403030_wtmclustT10_nomix_site403030_nondesignquota_precisionchol_basefitbootinit_preboot_20260521/runs/scenario2/bootstrap/federated/scenario2/raw_runs/run_20260522-184458/optim_result_trial_040_20260522-185553.json","trace":"/project/temp/deferiprone_single_oral_25mgkg_designcheck_20260511/validation/design_change_n403030_wtmclustT10_nomix_site403030_nondesignquota_precisionchol_basefitbootinit_preboot_20260521/runs/scenario2/bootstrap/federated/scenario2/raw_runs/run_20260522-184458/optim_trace_trial_040_20260522-185553.csv","final":"/project/temp/deferiprone_single_oral_25mgkg_designcheck_20260511/validation/design_change_n403030_wtmclustT10_nomix_site403030_nondesignquota_precisionchol_basefitbootinit_preboot_20260521/runs/scenario2/bootstrap/federated/scenario2/raw_runs/run_20260522-184458/final_params_trial_040_20260522-185553.csv"},"log_n":22,"execution_state":"completed","trial":40,"attempts":1}],"trial_status":[{"trial":36,"execution_state":"completed","converged":true,"attempts":1,"convergence":0,"value":2240.8559,"eval_fn":22,"eval_gr":22,"log_n":22,"failed_clients_n":0,"message":"CONVERGENCE: REL_REDUCTION_OF_F <= FACTR*EPSMCH","result_file":"/project/temp/deferiprone_single_oral_25mgkg_designcheck_20260511/validation/design_change_n403030_wtmclustT10_nomix_site403030_nondesignquota_precisionchol_basefitbootinit_preboot_20260521/runs/scenario2/bootstrap/federated/scenario2/raw_runs/run_20260522-184458/optim_result_trial_036_20260522-184458.json","trace_file":"/project/temp/deferiprone_single_oral_25mgkg_designcheck_20260511/validation/design_change_n403030_wtmclustT10_nomix_site403030_nondesignquota_precisionchol_basefitbootinit_preboot_20260521/runs/scenario2/bootstrap/federated/scenario2/raw_runs/run_20260522-184458/optim_trace_trial_036_20260522-184458.csv","final_file":"/project/temp/deferiprone_single_oral_25mgkg_designcheck_20260511/validation/design_change_n403030_wtmclustT10_nomix_site403030_nondesignquota_precisionchol_basefitbootinit_preboot_20260521/runs/scenario2/bootstrap/federated/scenario2/raw_runs/run_20260522-184458/final_params_trial_036_20260522-184458.csv"},{"trial":37,"execution_state":"completed","converged":true,"attempts":1,"convergence":0,"value":2232.1231,"eval_fn":25,"eval_gr":25,"log_n":25,"failed_clients_n":0,"message":"CONVERGENCE: REL_REDUCTION_OF_F <= FACTR*EPSMCH","result_file":"/project/temp/deferiprone_single_oral_25mgkg_designcheck_20260511/validation/design_change_n403030_wtmclustT10_nomix_site403030_nondesignquota_precisionchol_basefitbootinit_preboot_20260521/runs/scenario2/bootstrap/federated/scenario2/raw_runs/run_20260522-184458/optim_result_trial_037_20260522-184745.json","trace_file":"/project/temp/deferiprone_single_oral_25mgkg_designcheck_20260511/validation/design_change_n403030_wtmclustT10_nomix_site403030_nondesignquota_precisionchol_basefitbootinit_preboot_20260521/runs/scenario2/bootstrap/federated/scenario2/raw_runs/run_20260522-184458/optim_trace_trial_037_20260522-184745.csv","final_file":"/project/temp/deferiprone_single_oral_25mgkg_designcheck_20260511/validation/design_change_n403030_wtmclustT10_nomix_site403030_nondesignquota_precisionchol_basefitbootinit_preboot_20260521/runs/scenario2/bootstrap/federated/scenario2/raw_runs/run_20260522-184458/final_params_trial_037_20260522-184745.csv"},{"trial":38,"execution_state":"completed","converged":true,"attempts":1,"convergence":0,"value":2180.4344,"eval_fn":25,"eval_gr":25,"log_n":25,"failed_clients_n":0,"message":"CONVERGENCE: REL_REDUCTION_OF_F <= FACTR*EPSMCH","result_file":"/project/temp/deferiprone_single_oral_25mgkg_designcheck_20260511/validation/design_change_n403030_wtmclustT10_nomix_site403030_nondesignquota_precisionchol_basefitbootinit_preboot_20260521/runs/scenario2/bootstrap/federated/scenario2/raw_runs/run_20260522-184458/optim_result_trial_038_20260522-185056.json","trace_file":"/project/temp/deferiprone_single_oral_25mgkg_designcheck_20260511/validation/design_change_n403030_wtmclustT10_nomix_site403030_nondesignquota_precisionchol_basefitbootinit_preboot_20260521/runs/scenario2/bootstrap/federated/scenario2/raw_runs/run_20260522-184458/optim_trace_trial_038_20260522-185056.csv","final_file":"/project/temp/deferiprone_single_oral_25mgkg_designcheck_20260511/validation/design_change_n403030_wtmclustT10_nomix_site403030_nondesignquota_precisionchol_basefitbootinit_preboot_20260521/runs/scenario2/bootstrap/federated/scenario2/raw_runs/run_20260522-184458/final_params_trial_038_20260522-185056.csv"},{"trial":39,"execution_state":"completed","converged":true,"attempts":1,"convergence":0,"value":2229.2476,"eval_fn":14,"eval_gr":14,"log_n":14,"failed_clients_n":0,"message":"CONVERGENCE: REL_REDUCTION_OF_F <= FACTR*EPSMCH","result_file":"/project/temp/deferiprone_single_oral_25mgkg_designcheck_20260511/validation/design_change_n403030_wtmclustT10_nomix_site403030_nondesignquota_precisionchol_basefitbootinit_preboot_20260521/runs/scenario2/bootstrap/federated/scenario2/raw_runs/run_20260522-184458/optim_result_trial_039_20260522-185406.json","trace_file":"/project/temp/deferiprone_single_oral_25mgkg_designcheck_20260511/validation/design_change_n403030_wtmclustT10_nomix_site403030_nondesignquota_precisionchol_basefitbootinit_preboot_20260521/runs/scenario2/bootstrap/federated/scenario2/raw_runs/run_20260522-184458/optim_trace_trial_039_20260522-185406.csv","final_file":"/project/temp/deferiprone_single_oral_25mgkg_designcheck_20260511/validation/design_change_n403030_wtmclustT10_nomix_site403030_nondesignquota_precisionchol_basefitbootinit_preboot_20260521/runs/scenario2/bootstrap/federated/scenario2/raw_runs/run_20260522-184458/final_params_trial_039_20260522-185406.csv"},{"trial":40,"execution_state":"completed","converged":true,"attempts":1,"convergence":0,"value":2231.8517,"eval_fn":22,"eval_gr":22,"log_n":22,"failed_clients_n":0,"message":"CONVERGENCE: REL_REDUCTION_OF_F <= FACTR*EPSMCH","result_file":"/project/temp/deferiprone_single_oral_25mgkg_designcheck_20260511/validation/design_change_n403030_wtmclustT10_nomix_site403030_nondesignquota_precisionchol_basefitbootinit_preboot_20260521/runs/scenario2/bootstrap/federated/scenario2/raw_runs/run_20260522-184458/optim_result_trial_040_20260522-185553.json","trace_file":"/project/temp/deferiprone_single_oral_25mgkg_designcheck_20260511/validation/design_change_n403030_wtmclustT10_nomix_site403030_nondesignquota_precisionchol_basefitbootinit_preboot_20260521/runs/scenario2/bootstrap/federated/scenario2/raw_runs/run_20260522-184458/optim_trace_trial_040_20260522-185553.csv","final_file":"/project/temp/deferiprone_single_oral_25mgkg_designcheck_20260511/validation/design_change_n403030_wtmclustT10_nomix_site403030_nondesignquota_precisionchol_basefitbootinit_preboot_20260521/runs/scenario2/bootstrap/federated/scenario2/raw_runs/run_20260522-184458/final_params_trial_040_20260522-185553.csv"}],"info":{"run_id":"20260522-184458","log_base_dir":"/project/temp/deferiprone_single_oral_25mgkg_designcheck_20260511/validation/design_change_n403030_wtmclustT10_nomix_site403030_nondesignquota_precisionchol_basefitbootinit_preboot_20260521/runs/scenario2/bootstrap/federated","scenario":"scenario2/raw_runs","total_trials":5,"successes":5,"failures":0,"nonconverged_count":0,"nonconverged_trials":[],"convergence_missing_count":0,"seed_base":4869,"B_per_client":500,"duration_sec":828.5766968727,"host":"85f3fcda6ee1","image_tag":null,"communication":{"generated_at":"2026-05-22T18:58:41Z","totals":{"requests":651,"request_bytes":725763,"response_bytes":165064,"total_bytes":890827,"retries":0},"init":{"requests":3,"request_bytes":8139,"response_bytes":1161,"total_bytes":9300,"retries":0,"median_elapsed_sec":0.36529755592},"init_round_latency":{"n_rounds":1,"median_round_wall_sec":0.37352442741,"p95_round_wall_sec":0.37352442741},"run":{"requests":0,"request_bytes":0,"response_bytes":0,"total_bytes":0,"retries":0,"median_elapsed_sec":"NA"},"run_bootstrap":{"requests":648,"request_bytes":717624,"response_bytes":163903,"total_bytes":881527,"retries":0,"median_elapsed_sec":3.641415},"round_latency":{"n_rounds":216,"median_round_wall_sec":3.7666711807,"p95_round_wall_sec":4.0549080968},"timing_split":{"n_rounds":216,"rounds_with_compute":216,"total_round_wall_sec":818.1856203079,"total_round_compute_wall_sec":811.1334,"total_round_comm_overhead_wall_sec":7.0522203079,"comm_overhead_ratio":0.0086193403219,"compute_ratio":0.99138065968}},"communication_files":{"csv":"/project/temp/deferiprone_single_oral_25mgkg_designcheck_20260511/validation/design_change_n403030_wtmclustT10_nomix_site403030_nondesignquota_precisionchol_basefitbootinit_preboot_20260521/runs/scenario2/bootstrap/federated/scenario2/raw_runs/run_20260522-184458/comm_metrics.csv","json":"/project/temp/deferiprone_single_oral_25mgkg_designcheck_20260511/validation/design_change_n403030_wtmclustT10_nomix_site403030_nondesignquota_precisionchol_basefitbootinit_preboot_20260521/runs/scenario2/bootstrap/federated/scenario2/raw_runs/run_20260522-184458/comm_metrics.json"},"output_files":{"bootstrap_summary_csv":"/project/temp/deferiprone_single_oral_25mgkg_designcheck_20260511/validation/design_change_n403030_wtmclustT10_nomix_site403030_nondesignquota_precisionchol_basefitbootinit_preboot_20260521/runs/scenario2/bootstrap/federated/scenario2/raw_runs/run_20260522-184458/bootstrap_summary.csv","bootstrap_summary_json":"/project/temp/deferiprone_single_oral_25mgkg_designcheck_20260511/validation/design_change_n403030_wtmclustT10_nomix_site403030_nondesignquota_precisionchol_basefitbootinit_preboot_20260521/runs/scenario2/bootstrap/federated/scenario2/raw_runs/run_20260522-184458/bootstrap_summary.json","trial_status_csv":"/project/temp/deferiprone_single_oral_25mgkg_designcheck_20260511/validation/design_change_n403030_wtmclustT10_nomix_site403030_nondesignquota_precisionchol_basefitbootinit_preboot_20260521/runs/scenario2/bootstrap/federated/scenario2/raw_runs/run_20260522-184458/trial_status.csv","failed_trials_csv":"/project/temp/deferiprone_single_oral_25mgkg_designcheck_20260511/validation/design_change_n403030_wtmclustT10_nomix_site403030_nondesignquota_precisionchol_basefitbootinit_preboot_20260521/runs/scenario2/bootstrap/federated/scenario2/raw_runs/run_20260522-184458/failed_trials.csv","trial_estimates_wide_csv":"/project/temp/deferiprone_single_oral_25mgkg_designcheck_20260511/validation/design_change_n403030_wtmclustT10_nomix_site403030_nondesignquota_precisionchol_basefitbootinit_preboot_20260521/runs/scenario2/bootstrap/federated/scenario2/raw_runs/run_20260522-184458/trial_estimates_wide.csv","trial_estimates_long_csv":"/project/temp/deferiprone_single_oral_25mgkg_designcheck_20260511/validation/design_change_n403030_wtmclustT10_nomix_site403030_nondesignquota_precisionchol_basefitbootinit_preboot_20260521/runs/scenario2/bootstrap/federated/scenario2/raw_runs/run_20260522-184458/trial_estimates_long.csv","result_json":"/project/temp/deferiprone_single_oral_25mgkg_designcheck_20260511/validation/design_change_n403030_wtmclustT10_nomix_site403030_nondesignquota_precisionchol_basefitbootinit_preboot_20260521/runs/scenario2/bootstrap/federated/scenario2/raw_runs/run_20260522-184458/result.json"}}}
[Kserver-1 exited with code 0
Aborting on container exit...
 Container defboot_design_change_n403030_wtmclu_scenario2_36_40-server-1  Stopping
 Container defboot_design_change_n403030_wtmclu_scenario2_36_40-server-1  Stopped
 Container defboot_design_change_n403030_wtmclu_scenario2_36_40-client1-1  Stopping
 Container defboot_design_change_n403030_wtmclu_scenario2_36_40-client2-1  Stopping
 Container defboot_design_change_n403030_wtmclu_scenario2_36_40-client3-1  Stopping
 Container defboot_design_change_n403030_wtmclu_scenario2_36_40-client1-1  Stopped
 Container defboot_design_change_n403030_wtmclu_scenario2_36_40-client3-1  Stopped
 Container defboot_design_change_n403030_wtmclu_scenario2_36_40-client2-1  Stopped
time="2026-05-23T03:58:52+09:00" level=warning msg="The \"SERVER_CONFIG_PATH\" variable is not set. Defaulting to a blank string."
 Container defboot_design_change_n403030_wtmclu_scenario2_36_40-server-1  Stopping
 Container defboot_design_change_n403030_wtmclu_scenario2_36_40-server-1  Stopped
 Container defboot_design_change_n403030_wtmclu_scenario2_36_40-server-1  Removing
 Container defboot_design_change_n403030_wtmclu_scenario2_36_40-server-1  Removed
 Container defboot_design_change_n403030_wtmclu_scenario2_36_40-client2-1  Stopping
 Container defboot_design_change_n403030_wtmclu_scenario2_36_40-client1-1  Stopping
 Container defboot_design_change_n403030_wtmclu_scenario2_36_40-client3-1  Stopping
 Container defboot_design_change_n403030_wtmclu_scenario2_36_40-client2-1  Stopped
 Container defboot_design_change_n403030_wtmclu_scenario2_36_40-client2-1  Removing
 Container defboot_design_change_n403030_wtmclu_scenario2_36_40-client1-1  Stopped
 Container defboot_design_change_n403030_wtmclu_scenario2_36_40-client1-1  Removing
 Container defboot_design_change_n403030_wtmclu_scenario2_36_40-client3-1  Stopped
 Container defboot_design_change_n403030_wtmclu_scenario2_36_40-client3-1  Removing
 Container defboot_design_change_n403030_wtmclu_scenario2_36_40-client2-1  Removed
 Container defboot_design_change_n403030_wtmclu_scenario2_36_40-client1-1  Removed
 Container defboot_design_change_n403030_wtmclu_scenario2_36_40-client3-1  Removed
 Network defboot_design_change_n403030_wtmclu_scenario2_36_40_site2_net  Removing
 Network defboot_design_change_n403030_wtmclu_scenario2_36_40_site3_net  Removing
 Network defboot_design_change_n403030_wtmclu_scenario2_36_40_site1_net  Removing
 Network defboot_design_change_n403030_wtmclu_scenario2_36_40_site2_net  Removed
 Network defboot_design_change_n403030_wtmclu_scenario2_36_40_site1_net  Removed
 Network defboot_design_change_n403030_wtmclu_scenario2_36_40_site3_net  Removed
