time="2026-05-23T16:56:09+09:00" level=warning msg="The \"SERVER_CONFIG_PATH\" variable is not set. Defaulting to a blank string."
Compose now can delegate build to bake for better performances
Just set COMPOSE_BAKE=true
#0 building with "default" instance using docker driver

#1 [client3 internal] load build definition from Dockerfile.app
#1 transferring dockerfile: 778B done
#1 DONE 0.0s

#2 [client2 internal] load build definition from Dockerfile.app
#2 transferring dockerfile: 778B done
#2 DONE 0.0s

#3 [client1 internal] load build definition from Dockerfile.app
#3 transferring dockerfile: 778B done
#3 DONE 0.0s

#4 [client1 internal] load metadata for docker.io/fedpoppk/base:0.1.0
#4 DONE 0.0s

#5 [client3 internal] load .dockerignore
#5 transferring context: 2B done
#5 DONE 0.0s

#6 [client2 internal] load .dockerignore
#6 transferring context: 2B done
#6 DONE 0.0s

#7 [client1 internal] load .dockerignore
#7 transferring context: 2B done
#7 DONE 0.0s

#8 [client1 1/8] FROM docker.io/fedpoppk/base:0.1.0
#8 DONE 0.0s

#9 [client3 internal] load build context
#9 transferring context: 736.51kB 0.3s done
#9 DONE 0.3s

#10 [client2 internal] load build context
#10 transferring context: 736.51kB 0.3s done
#10 DONE 0.3s

#11 [client1 internal] load build context
#11 transferring context: 736.51kB 0.3s done
#11 DONE 0.3s

#12 [client3 5/8] COPY apps/ apps/
#12 CACHED

#13 [client3 6/8] COPY R/ R/
#13 CACHED

#14 [client3 7/8] COPY analysis/ analysis/
#14 CACHED

#15 [client3 2/8] WORKDIR /project
#15 CACHED

#16 [client3 3/8] COPY renv.lock .Rprofile renv/activate.R ./
#16 CACHED

#17 [client3 4/8] RUN Rscript -e "options(renv.consent=TRUE, Ncpus=parallel::detectCores());                 renv::restore(prompt=FALSE)"
#17 CACHED

#18 [client2 8/8] RUN mkdir -p /project/configs/modes /project/data /project/artifacts /project/result
#18 CACHED

#19 [client3] exporting to image
#19 exporting layers done
#19 writing image sha256:3c58a2e806d8be9e170f9eff3aa0b91bf1e67ed4478f86db0e8c7f1c8264e211 done
#19 naming to docker.io/library/defboot_design_change_n403030_wtmclu_scenario2_296_300-client3 0.0s done
#19 DONE 0.0s

#20 [client2] exporting to image
#20 exporting layers done
#20 writing image sha256:4ae442d8f6b25e1d3ca3b5a1e2d8976e92e0829821fe6bd0946f85ccf3a757f5 done
#20 naming to docker.io/library/defboot_design_change_n403030_wtmclu_scenario2_296_300-client2 0.0s done
#20 DONE 0.0s

#21 [client1] exporting to image
#21 exporting layers done
#21 writing image sha256:e217a0d29ac9b49c192e21df4c6f8719147d209fa435fa74db5ec92256e9246a done
#21 naming to docker.io/library/defboot_design_change_n403030_wtmclu_scenario2_296_300-client1 0.0s done
#21 DONE 0.1s

#22 [client3] resolving provenance for metadata file
#22 DONE 0.0s

#23 [client2] resolving provenance for metadata file
#23 DONE 0.0s

#24 [client1] resolving provenance for metadata file
#24 DONE 0.0s

#25 [server internal] load build definition from Dockerfile.app
#25 transferring dockerfile: 778B done
#25 DONE 0.0s

#4 [server internal] load metadata for docker.io/fedpoppk/base:0.1.0
#4 DONE 0.0s

#26 [server internal] load .dockerignore
#26 DONE 0.0s

#26 [server internal] load .dockerignore
#26 transferring context: 2B done
#26 DONE 0.0s

#8 [server 1/8] FROM docker.io/fedpoppk/base:0.1.0
#8 DONE 0.0s

#27 [server internal] load build context
#27 transferring context: 736.51kB 0.2s done
#27 DONE 0.3s

#28 [server 6/8] COPY R/ R/
#28 CACHED

#29 [server 7/8] COPY analysis/ analysis/
#29 CACHED

#15 [server 2/8] WORKDIR /project
#15 CACHED

#30 [server 5/8] COPY apps/ apps/
#30 CACHED

#31 [server 4/8] RUN Rscript -e "options(renv.consent=TRUE, Ncpus=parallel::detectCores());                 renv::restore(prompt=FALSE)"
#31 CACHED

#32 [server 3/8] COPY renv.lock .Rprofile renv/activate.R ./
#32 CACHED

#33 [server 8/8] RUN mkdir -p /project/configs/modes /project/data /project/artifacts /project/result
#33 CACHED

#34 [server] exporting to image
#34 exporting layers done
#34 writing image sha256:57bf63d6c49b52e48247cfd6a41bb22fdffc74553e4201776bcac35887d7cbf1 done
#34 naming to docker.io/library/defboot_design_change_n403030_wtmclu_scenario2_296_300-server 0.0s done
#34 DONE 0.0s

#35 [server] resolving provenance for metadata file
#35 DONE 0.0s
 client1  Built
 client2  Built
 client3  Built
 server  Built
 Network defboot_design_change_n403030_wtmclu_scenario2_296_300_site1_net  Creating
 Network defboot_design_change_n403030_wtmclu_scenario2_296_300_site1_net  Created
 Network defboot_design_change_n403030_wtmclu_scenario2_296_300_site2_net  Creating
 Network defboot_design_change_n403030_wtmclu_scenario2_296_300_site2_net  Created
 Network defboot_design_change_n403030_wtmclu_scenario2_296_300_site3_net  Creating
 Network defboot_design_change_n403030_wtmclu_scenario2_296_300_site3_net  Created
 Container defboot_design_change_n403030_wtmclu_scenario2_296_300-client3-1  Creating
 Container defboot_design_change_n403030_wtmclu_scenario2_296_300-client2-1  Creating
 Container defboot_design_change_n403030_wtmclu_scenario2_296_300-client1-1  Creating
 Container defboot_design_change_n403030_wtmclu_scenario2_296_300-client2-1  Created
 Container defboot_design_change_n403030_wtmclu_scenario2_296_300-client3-1  Created
 Container defboot_design_change_n403030_wtmclu_scenario2_296_300-client1-1  Created
 Container defboot_design_change_n403030_wtmclu_scenario2_296_300-server-1  Creating
 Container defboot_design_change_n403030_wtmclu_scenario2_296_300-server-1  Created
Attaching to client1-1, client2-1, client3-1, server-1
client1-1  | Running plumber API at http://0.0.0.0:8000
client1-1  | Running swagger Docs at http://127.0.0.1:8000/__docs__/
client2-1  | Running plumber API at http://0.0.0.0:8000
client3-1  | Running plumber API at http://0.0.0.0:8000
client2-1  | Running swagger Docs at http://127.0.0.1:8000/__docs__/
client3-1  | Running swagger Docs at http://127.0.0.1:8000/__docs__/
client1-1  | ℹ parameter labels from comments are typically ignored in non-interactive mode
client1-1  | ℹ Need to run with the source intact to parse comments
client3-1  | ℹ parameter labels from comments are typically ignored in non-interactive mode
client3-1  | ℹ Need to run with the source intact to parse comments
client2-1  | ℹ parameter labels from comments are typically ignored in non-interactive mode
client2-1  | ℹ Need to run with the source intact to parse comments
server-1   | [send_init] http://client2:8000 init succeeded
server-1   | [send_init] http://client1:8000 init succeeded
server-1   | [send_init] http://client3:8000 init succeeded
server-1   | {"schema":{"schema_version":"1.1.0","generated_at":"2026-05-23T07:56:18Z","config_path":"/project/configs/../temp/deferiprone_single_oral_25mgkg_designcheck_20260511/validation/design_change_n403030_wtmclustT10_nomix_site403030_nondesignquota_precisionchol_basefitbootinit_preboot_20260521/configs/resolved/scenario2_bootstrap.json","config_md5":"67e6a296d3935d620e746ed6160f8ca2","seed":4869,"host":"64f4ae96f29e","pid":1,"image_tag":null,"git_sha":null,"git_dirty":null},"aggregation":{"ci_method":"percentile","ci_level":0.95,"quantile_type":7,"estimates_scale":"natural"},"summary":[{"parameter":"(etaLcl,etaLvc)","median":0.06433498082,"p2.5":0.038049883751,"p97.5":0.068184598119},{"parameter":"CcPropSd","median":0.36572474516,"p2.5":0.32515058516,"p97.5":0.41177246824},{"parameter":"etaLcl","median":0.097778983063,"p2.5":0.093190489198,"p97.5":0.11938541389},{"parameter":"etaLvc","median":0.040211728057,"p2.5":0.01739270579,"p97.5":0.044027661046},{"parameter":"lcl","median":2.1776046309,"p2.5":2.1443772082,"p97.5":2.198664517},{"parameter":"lka","median":2.1749930614,"p2.5":2.0250853826,"p97.5":2.4883049955},{"parameter":"lvc","median":2.9535071395,"p2.5":2.9127920883,"p97.5":3.0199974663},{"parameter":"rho_(etaLcl,etaLvc)","median":0.98093112468,"p2.5":0.95451771665,"p97.5":0.9824985122}],"runs":[{"tag":"trial_296_20260523-075618","value":2206.0004,"counts":[24,24],"control":{"maxit":100,"factr":1000000000,"pgtol":0,"trace":0,"method":"L-BFGS-B"},"convergence":0,"message":"CONVERGENCE: REL_REDUCTION_OF_F <= FACTR*EPSMCH","nat_par":{"lka":2.5138542353,"lcl":2.1992276068,"lvc":3.0217692244,"CcPropSd":0.34791727464,"etaLcl":0.11923910444,"etaLvc":0.040211728057,"(etaLcl,etaLvc)":0.067924153696,"rho_(etaLcl,etaLvc)":0.98093112468},"failed_clients":[],"attempt":1,"files":{"result":"/project/temp/deferiprone_single_oral_25mgkg_designcheck_20260511/validation/design_change_n403030_wtmclustT10_nomix_site403030_nondesignquota_precisionchol_basefitbootinit_preboot_20260521/runs/scenario2/bootstrap/federated/scenario2/raw_runs/run_20260523-075618/optim_result_trial_296_20260523-075618.json","trace":"/project/temp/deferiprone_single_oral_25mgkg_designcheck_20260511/validation/design_change_n403030_wtmclustT10_nomix_site403030_nondesignquota_precisionchol_basefitbootinit_preboot_20260521/runs/scenario2/bootstrap/federated/scenario2/raw_runs/run_20260523-075618/optim_trace_trial_296_20260523-075618.csv","final":"/project/temp/deferiprone_single_oral_25mgkg_designcheck_20260511/validation/design_change_n403030_wtmclustT10_nomix_site403030_nondesignquota_precisionchol_basefitbootinit_preboot_20260521/runs/scenario2/bootstrap/federated/scenario2/raw_runs/run_20260523-075618/final_params_trial_296_20260523-075618.csv"},"log_n":24,"execution_state":"completed","trial":296,"attempts":1},{"tag":"trial_297_20260523-075920","value":2271.6428,"counts":[24,24],"control":{"maxit":100,"factr":1000000000,"pgtol":0,"trace":0,"method":"L-BFGS-B"},"convergence":0,"message":"CONVERGENCE: REL_REDUCTION_OF_F <= FACTR*EPSMCH","nat_par":{"lka":2.0922338406,"lcl":2.1935967088,"lvc":3.0040516425,"CcPropSd":0.41433694621,"etaLcl":0.096494526026,"etaLvc":0.044420803271,"(etaLcl,etaLvc)":0.06433498082,"rho_(etaLcl,etaLvc)":0.98265854114},"failed_clients":[],"attempt":1,"files":{"result":"/project/temp/deferiprone_single_oral_25mgkg_designcheck_20260511/validation/design_change_n403030_wtmclustT10_nomix_site403030_nondesignquota_precisionchol_basefitbootinit_preboot_20260521/runs/scenario2/bootstrap/federated/scenario2/raw_runs/run_20260523-075618/optim_result_trial_297_20260523-075920.json","trace":"/project/temp/deferiprone_single_oral_25mgkg_designcheck_20260511/validation/design_change_n403030_wtmclustT10_nomix_site403030_nondesignquota_precisionchol_basefitbootinit_preboot_20260521/runs/scenario2/bootstrap/federated/scenario2/raw_runs/run_20260523-075618/optim_trace_trial_297_20260523-075920.csv","final":"/project/temp/deferiprone_single_oral_25mgkg_designcheck_20260511/validation/design_change_n403030_wtmclustT10_nomix_site403030_nondesignquota_precisionchol_basefitbootinit_preboot_20260521/runs/scenario2/bootstrap/federated/scenario2/raw_runs/run_20260523-075618/final_params_trial_297_20260523-075920.csv"},"log_n":24,"execution_state":"completed","trial":297,"attempts":1},{"tag":"trial_298_20260523-080222","value":2187.3491,"counts":[20,20],"control":{"maxit":100,"factr":1000000000,"pgtol":0,"trace":0,"method":"L-BFGS-B"},"convergence":0,"message":"CONVERGENCE: REL_REDUCTION_OF_F <= FACTR*EPSMCH","nat_par":{"lka":2.1749930614,"lcl":2.1776046309,"lvc":2.9535071395,"CcPropSd":0.322620953,"etaLcl":0.092823373995,"etaLvc":0.015122783143,"(etaLcl,etaLvc)":0.035657537016,"rho_(etaLcl,etaLvc)":0.95171475894},"failed_clients":[],"attempt":1,"files":{"result":"/project/temp/deferiprone_single_oral_25mgkg_designcheck_20260511/validation/design_change_n403030_wtmclustT10_nomix_site403030_nondesignquota_precisionchol_basefitbootinit_preboot_20260521/runs/scenario2/bootstrap/federated/scenario2/raw_runs/run_20260523-075618/optim_result_trial_298_20260523-080222.json","trace":"/project/temp/deferiprone_single_oral_25mgkg_designcheck_20260511/validation/design_change_n403030_wtmclustT10_nomix_site403030_nondesignquota_precisionchol_basefitbootinit_preboot_20260521/runs/scenario2/bootstrap/federated/scenario2/raw_runs/run_20260523-075618/optim_trace_trial_298_20260523-080222.csv","final":"/project/temp/deferiprone_single_oral_25mgkg_designcheck_20260511/validation/design_change_n403030_wtmclustT10_nomix_site403030_nondesignquota_precisionchol_basefitbootinit_preboot_20260521/runs/scenario2/bootstrap/federated/scenario2/raw_runs/run_20260523-075618/final_params_trial_298_20260523-080222.csv"},"log_n":20,"execution_state":"completed","trial":298,"attempts":1},{"tag":"trial_299_20260523-080454","value":2271.197,"counts":[33,33],"control":{"maxit":100,"factr":1000000000,"pgtol":0,"trace":0,"method":"L-BFGS-B"},"convergence":0,"message":"CONVERGENCE: REL_REDUCTION_OF_F <= FACTR*EPSMCH","nat_par":{"lka":2.0176244428,"lcl":2.1410647239,"lvc":2.9083904594,"CcPropSd":0.38869216649,"etaLcl":0.1194016705,"etaLvc":0.040489381021,"(etaLcl,etaLvc)":0.068213536388,"rho_(etaLcl,etaLvc)":0.98105825169},"failed_clients":[],"attempt":1,"files":{"result":"/project/temp/deferiprone_single_oral_25mgkg_designcheck_20260511/validation/design_change_n403030_wtmclustT10_nomix_site403030_nondesignquota_precisionchol_basefitbootinit_preboot_20260521/runs/scenario2/bootstrap/federated/scenario2/raw_runs/run_20260523-075618/optim_result_trial_299_20260523-080454.json","trace":"/project/temp/deferiprone_single_oral_25mgkg_designcheck_20260511/validation/design_change_n403030_wtmclustT10_nomix_site403030_nondesignquota_precisionchol_basefitbootinit_preboot_20260521/runs/scenario2/bootstrap/federated/scenario2/raw_runs/run_20260523-075618/optim_trace_trial_299_20260523-080454.csv","final":"/project/temp/deferiprone_single_oral_25mgkg_designcheck_20260511/validation/design_change_n403030_wtmclustT10_nomix_site403030_nondesignquota_precisionchol_basefitbootinit_preboot_20260521/runs/scenario2/bootstrap/federated/scenario2/raw_runs/run_20260523-075618/final_params_trial_299_20260523-080454.csv"},"log_n":33,"execution_state":"completed","trial":299,"attempts":1},{"tag":"trial_300_20260523-080907","value":2238.6211,"counts":[17,17],"control":{"maxit":100,"factr":1000000000,"pgtol":0,"trace":0,"method":"L-BFGS-B"},"convergence":0,"message":"CONVERGENCE: REL_REDUCTION_OF_F <= FACTR*EPSMCH","nat_par":{"lka":2.258361837,"lcl":2.1741895665,"lvc":2.9524067487,"CcPropSd":0.36572474516,"etaLcl":0.097778983063,"etaLvc":0.037822009615,"(etaLcl,etaLvc)":0.059581004363,"rho_(etaLcl,etaLvc)":0.97974433604},"failed_clients":[],"attempt":1,"files":{"result":"/project/temp/deferiprone_single_oral_25mgkg_designcheck_20260511/validation/design_change_n403030_wtmclustT10_nomix_site403030_nondesignquota_precisionchol_basefitbootinit_preboot_20260521/runs/scenario2/bootstrap/federated/scenario2/raw_runs/run_20260523-075618/optim_result_trial_300_20260523-080907.json","trace":"/project/temp/deferiprone_single_oral_25mgkg_designcheck_20260511/validation/design_change_n403030_wtmclustT10_nomix_site403030_nondesignquota_precisionchol_basefitbootinit_preboot_20260521/runs/scenario2/bootstrap/federated/scenario2/raw_runs/run_20260523-075618/optim_trace_trial_300_20260523-080907.csv","final":"/project/temp/deferiprone_single_oral_25mgkg_designcheck_20260511/validation/design_change_n403030_wtmclustT10_nomix_site403030_nondesignquota_precisionchol_basefitbootinit_preboot_20260521/runs/scenario2/bootstrap/federated/scenario2/raw_runs/run_20260523-075618/final_params_trial_300_20260523-080907.csv"},"log_n":17,"execution_state":"completed","trial":300,"attempts":1}],"trial_status":[{"trial":296,"execution_state":"completed","converged":true,"attempts":1,"convergence":0,"value":2206.0004,"eval_fn":24,"eval_gr":24,"log_n":24,"failed_clients_n":0,"message":"CONVERGENCE: REL_REDUCTION_OF_F <= FACTR*EPSMCH","result_file":"/project/temp/deferiprone_single_oral_25mgkg_designcheck_20260511/validation/design_change_n403030_wtmclustT10_nomix_site403030_nondesignquota_precisionchol_basefitbootinit_preboot_20260521/runs/scenario2/bootstrap/federated/scenario2/raw_runs/run_20260523-075618/optim_result_trial_296_20260523-075618.json","trace_file":"/project/temp/deferiprone_single_oral_25mgkg_designcheck_20260511/validation/design_change_n403030_wtmclustT10_nomix_site403030_nondesignquota_precisionchol_basefitbootinit_preboot_20260521/runs/scenario2/bootstrap/federated/scenario2/raw_runs/run_20260523-075618/optim_trace_trial_296_20260523-075618.csv","final_file":"/project/temp/deferiprone_single_oral_25mgkg_designcheck_20260511/validation/design_change_n403030_wtmclustT10_nomix_site403030_nondesignquota_precisionchol_basefitbootinit_preboot_20260521/runs/scenario2/bootstrap/federated/scenario2/raw_runs/run_20260523-075618/final_params_trial_296_20260523-075618.csv"},{"trial":297,"execution_state":"completed","converged":true,"attempts":1,"convergence":0,"value":2271.6428,"eval_fn":24,"eval_gr":24,"log_n":24,"failed_clients_n":0,"message":"CONVERGENCE: REL_REDUCTION_OF_F <= FACTR*EPSMCH","result_file":"/project/temp/deferiprone_single_oral_25mgkg_designcheck_20260511/validation/design_change_n403030_wtmclustT10_nomix_site403030_nondesignquota_precisionchol_basefitbootinit_preboot_20260521/runs/scenario2/bootstrap/federated/scenario2/raw_runs/run_20260523-075618/optim_result_trial_297_20260523-075920.json","trace_file":"/project/temp/deferiprone_single_oral_25mgkg_designcheck_20260511/validation/design_change_n403030_wtmclustT10_nomix_site403030_nondesignquota_precisionchol_basefitbootinit_preboot_20260521/runs/scenario2/bootstrap/federated/scenario2/raw_runs/run_20260523-075618/optim_trace_trial_297_20260523-075920.csv","final_file":"/project/temp/deferiprone_single_oral_25mgkg_designcheck_20260511/validation/design_change_n403030_wtmclustT10_nomix_site403030_nondesignquota_precisionchol_basefitbootinit_preboot_20260521/runs/scenario2/bootstrap/federated/scenario2/raw_runs/run_20260523-075618/final_params_trial_297_20260523-075920.csv"},{"trial":298,"execution_state":"completed","converged":true,"attempts":1,"convergence":0,"value":2187.3491,"eval_fn":20,"eval_gr":20,"log_n":20,"failed_clients_n":0,"message":"CONVERGENCE: REL_REDUCTION_OF_F <= FACTR*EPSMCH","result_file":"/project/temp/deferiprone_single_oral_25mgkg_designcheck_20260511/validation/design_change_n403030_wtmclustT10_nomix_site403030_nondesignquota_precisionchol_basefitbootinit_preboot_20260521/runs/scenario2/bootstrap/federated/scenario2/raw_runs/run_20260523-075618/optim_result_trial_298_20260523-080222.json","trace_file":"/project/temp/deferiprone_single_oral_25mgkg_designcheck_20260511/validation/design_change_n403030_wtmclustT10_nomix_site403030_nondesignquota_precisionchol_basefitbootinit_preboot_20260521/runs/scenario2/bootstrap/federated/scenario2/raw_runs/run_20260523-075618/optim_trace_trial_298_20260523-080222.csv","final_file":"/project/temp/deferiprone_single_oral_25mgkg_designcheck_20260511/validation/design_change_n403030_wtmclustT10_nomix_site403030_nondesignquota_precisionchol_basefitbootinit_preboot_20260521/runs/scenario2/bootstrap/federated/scenario2/raw_runs/run_20260523-075618/final_params_trial_298_20260523-080222.csv"},{"trial":299,"execution_state":"completed","converged":true,"attempts":1,"convergence":0,"value":2271.197,"eval_fn":33,"eval_gr":33,"log_n":33,"failed_clients_n":0,"message":"CONVERGENCE: REL_REDUCTION_OF_F <= FACTR*EPSMCH","result_file":"/project/temp/deferiprone_single_oral_25mgkg_designcheck_20260511/validation/design_change_n403030_wtmclustT10_nomix_site403030_nondesignquota_precisionchol_basefitbootinit_preboot_20260521/runs/scenario2/bootstrap/federated/scenario2/raw_runs/run_20260523-075618/optim_result_trial_299_20260523-080454.json","trace_file":"/project/temp/deferiprone_single_oral_25mgkg_designcheck_20260511/validation/design_change_n403030_wtmclustT10_nomix_site403030_nondesignquota_precisionchol_basefitbootinit_preboot_20260521/runs/scenario2/bootstrap/federated/scenario2/raw_runs/run_20260523-075618/optim_trace_trial_299_20260523-080454.csv","final_file":"/project/temp/deferiprone_single_oral_25mgkg_designcheck_20260511/validation/design_change_n403030_wtmclustT10_nomix_site403030_nondesignquota_precisionchol_basefitbootinit_preboot_20260521/runs/scenario2/bootstrap/federated/scenario2/raw_runs/run_20260523-075618/final_params_trial_299_20260523-080454.csv"},{"trial":300,"execution_state":"completed","converged":true,"attempts":1,"convergence":0,"value":2238.6211,"eval_fn":17,"eval_gr":17,"log_n":17,"failed_clients_n":0,"message":"CONVERGENCE: REL_REDUCTION_OF_F <= FACTR*EPSMCH","result_file":"/project/temp/deferiprone_single_oral_25mgkg_designcheck_20260511/validation/design_change_n403030_wtmclustT10_nomix_site403030_nondesignquota_precisionchol_basefitbootinit_preboot_20260521/runs/scenario2/bootstrap/federated/scenario2/raw_runs/run_20260523-075618/optim_result_trial_300_20260523-080907.json","trace_file":"/project/temp/deferiprone_single_oral_25mgkg_designcheck_20260511/validation/design_change_n403030_wtmclustT10_nomix_site403030_nondesignquota_precisionchol_basefitbootinit_preboot_20260521/runs/scenario2/bootstrap/federated/scenario2/raw_runs/run_20260523-075618/optim_trace_trial_300_20260523-080907.csv","final_file":"/project/temp/deferiprone_single_oral_25mgkg_designcheck_20260511/validation/design_change_n403030_wtmclustT10_nomix_site403030_nondesignquota_precisionchol_basefitbootinit_preboot_20260521/runs/scenario2/bootstrap/federated/scenario2/raw_runs/run_20260523-075618/final_params_trial_300_20260523-080907.csv"}],"info":{"run_id":"20260523-075618","log_base_dir":"/project/temp/deferiprone_single_oral_25mgkg_designcheck_20260511/validation/design_change_n403030_wtmclustT10_nomix_site403030_nondesignquota_precisionchol_basefitbootinit_preboot_20260521/runs/scenario2/bootstrap/federated","scenario":"scenario2/raw_runs","total_trials":5,"successes":5,"failures":0,"nonconverged_count":0,"nonconverged_trials":[],"convergence_missing_count":0,"seed_base":4869,"B_per_client":500,"duration_sec":905.5438709259,"host":"64f4ae96f29e","image_tag":null,"communication":{"generated_at":"2026-05-23T08:11:18Z","totals":{"requests":711,"request_bytes":793095,"response_bytes":180289,"total_bytes":973384,"retries":0},"init":{"requests":3,"request_bytes":8139,"response_bytes":1161,"total_bytes":9300,"retries":0,"median_elapsed_sec":0.36556315422},"init_round_latency":{"n_rounds":1,"median_round_wall_sec":0.3693561554,"p95_round_wall_sec":0.3693561554},"run":{"requests":0,"request_bytes":0,"response_bytes":0,"total_bytes":0,"retries":0,"median_elapsed_sec":"NA"},"run_bootstrap":{"requests":708,"request_bytes":784956,"response_bytes":179128,"total_bytes":964084,"retries":0,"median_elapsed_sec":3.6498450041},"round_latency":{"n_rounds":236,"median_round_wall_sec":3.7737498283,"p95_round_wall_sec":4.062381506},"timing_split":{"n_rounds":236,"rounds_with_compute":236,"total_round_wall_sec":894.7175190449,"total_round_compute_wall_sec":886.9345,"total_round_comm_overhead_wall_sec":7.7830190449,"comm_overhead_ratio":0.0086988562079,"compute_ratio":0.99130114379}},"communication_files":{"csv":"/project/temp/deferiprone_single_oral_25mgkg_designcheck_20260511/validation/design_change_n403030_wtmclustT10_nomix_site403030_nondesignquota_precisionchol_basefitbootinit_preboot_20260521/runs/scenario2/bootstrap/federated/scenario2/raw_runs/run_20260523-075618/comm_metrics.csv","json":"/project/temp/deferiprone_single_oral_25mgkg_designcheck_20260511/validation/design_change_n403030_wtmclustT10_nomix_site403030_nondesignquota_precisionchol_basefitbootinit_preboot_20260521/runs/scenario2/bootstrap/federated/scenario2/raw_runs/run_20260523-075618/comm_metrics.json"},"output_files":{"bootstrap_summary_csv":"/project/temp/deferiprone_single_oral_25mgkg_designcheck_20260511/validation/design_change_n403030_wtmclustT10_nomix_site403030_nondesignquota_precisionchol_basefitbootinit_preboot_20260521/runs/scenario2/bootstrap/federated/scenario2/raw_runs/run_20260523-075618/bootstrap_summary.csv","bootstrap_summary_json":"/project/temp/deferiprone_single_oral_25mgkg_designcheck_20260511/validation/design_change_n403030_wtmclustT10_nomix_site403030_nondesignquota_precisionchol_basefitbootinit_preboot_20260521/runs/scenario2/bootstrap/federated/scenario2/raw_runs/run_20260523-075618/bootstrap_summary.json","trial_status_csv":"/project/temp/deferiprone_single_oral_25mgkg_designcheck_20260511/validation/design_change_n403030_wtmclustT10_nomix_site403030_nondesignquota_precisionchol_basefitbootinit_preboot_20260521/runs/scenario2/bootstrap/federated/scenario2/raw_runs/run_20260523-075618/trial_status.csv","failed_trials_csv":"/project/temp/deferiprone_single_oral_25mgkg_designcheck_20260511/validation/design_change_n403030_wtmclustT10_nomix_site403030_nondesignquota_precisionchol_basefitbootinit_preboot_20260521/runs/scenario2/bootstrap/federated/scenario2/raw_runs/run_20260523-075618/failed_trials.csv","trial_estimates_wide_csv":"/project/temp/deferiprone_single_oral_25mgkg_designcheck_20260511/validation/design_change_n403030_wtmclustT10_nomix_site403030_nondesignquota_precisionchol_basefitbootinit_preboot_20260521/runs/scenario2/bootstrap/federated/scenario2/raw_runs/run_20260523-075618/trial_estimates_wide.csv","trial_estimates_long_csv":"/project/temp/deferiprone_single_oral_25mgkg_designcheck_20260511/validation/design_change_n403030_wtmclustT10_nomix_site403030_nondesignquota_precisionchol_basefitbootinit_preboot_20260521/runs/scenario2/bootstrap/federated/scenario2/raw_runs/run_20260523-075618/trial_estimates_long.csv","result_json":"/project/temp/deferiprone_single_oral_25mgkg_designcheck_20260511/validation/design_change_n403030_wtmclustT10_nomix_site403030_nondesignquota_precisionchol_basefitbootinit_preboot_20260521/runs/scenario2/bootstrap/federated/scenario2/raw_runs/run_20260523-075618/result.json"}}}
[Kserver-1 exited with code 0
Aborting on container exit...
 Container defboot_design_change_n403030_wtmclu_scenario2_296_300-server-1  Stopping
 Container defboot_design_change_n403030_wtmclu_scenario2_296_300-server-1  Stopped
 Container defboot_design_change_n403030_wtmclu_scenario2_296_300-client1-1  Stopping
 Container defboot_design_change_n403030_wtmclu_scenario2_296_300-client2-1  Stopping
 Container defboot_design_change_n403030_wtmclu_scenario2_296_300-client3-1  Stopping
 Container defboot_design_change_n403030_wtmclu_scenario2_296_300-client2-1  Stopped
 Container defboot_design_change_n403030_wtmclu_scenario2_296_300-client1-1  Stopped
 Container defboot_design_change_n403030_wtmclu_scenario2_296_300-client3-1  Stopped
time="2026-05-23T17:11:28+09:00" level=warning msg="The \"SERVER_CONFIG_PATH\" variable is not set. Defaulting to a blank string."
 Container defboot_design_change_n403030_wtmclu_scenario2_296_300-server-1  Stopping
 Container defboot_design_change_n403030_wtmclu_scenario2_296_300-server-1  Stopped
 Container defboot_design_change_n403030_wtmclu_scenario2_296_300-server-1  Removing
 Container defboot_design_change_n403030_wtmclu_scenario2_296_300-server-1  Removed
 Container defboot_design_change_n403030_wtmclu_scenario2_296_300-client1-1  Stopping
 Container defboot_design_change_n403030_wtmclu_scenario2_296_300-client2-1  Stopping
 Container defboot_design_change_n403030_wtmclu_scenario2_296_300-client3-1  Stopping
 Container defboot_design_change_n403030_wtmclu_scenario2_296_300-client1-1  Stopped
 Container defboot_design_change_n403030_wtmclu_scenario2_296_300-client1-1  Removing
 Container defboot_design_change_n403030_wtmclu_scenario2_296_300-client3-1  Stopped
 Container defboot_design_change_n403030_wtmclu_scenario2_296_300-client3-1  Removing
 Container defboot_design_change_n403030_wtmclu_scenario2_296_300-client2-1  Stopped
 Container defboot_design_change_n403030_wtmclu_scenario2_296_300-client2-1  Removing
 Container defboot_design_change_n403030_wtmclu_scenario2_296_300-client3-1  Removed
 Container defboot_design_change_n403030_wtmclu_scenario2_296_300-client1-1  Removed
 Container defboot_design_change_n403030_wtmclu_scenario2_296_300-client2-1  Removed
 Network defboot_design_change_n403030_wtmclu_scenario2_296_300_site3_net  Removing
 Network defboot_design_change_n403030_wtmclu_scenario2_296_300_site2_net  Removing
 Network defboot_design_change_n403030_wtmclu_scenario2_296_300_site1_net  Removing
 Network defboot_design_change_n403030_wtmclu_scenario2_296_300_site2_net  Removed
 Network defboot_design_change_n403030_wtmclu_scenario2_296_300_site3_net  Removed
 Network defboot_design_change_n403030_wtmclu_scenario2_296_300_site1_net  Removed
