time="2026-05-23T09:30:13+09:00" level=warning msg="The \"SERVER_CONFIG_PATH\" variable is not set. Defaulting to a blank string."
Compose now can delegate build to bake for better performances
Just set COMPOSE_BAKE=true
#0 building with "default" instance using docker driver

#1 [client1 internal] load build definition from Dockerfile.app
#1 transferring dockerfile: 778B done
#1 DONE 0.0s

#2 [client2 internal] load build definition from Dockerfile.app
#2 transferring dockerfile: 778B done
#2 DONE 0.0s

#3 [client3 internal] load build definition from Dockerfile.app
#3 transferring dockerfile: 778B done
#3 DONE 0.0s

#4 [client3 internal] load metadata for docker.io/fedpoppk/base:0.1.0
#4 DONE 0.0s

#5 [client1 internal] load .dockerignore
#5 transferring context: 2B done
#5 DONE 0.0s

#6 [client2 internal] load .dockerignore
#6 transferring context: 2B done
#6 DONE 0.0s

#7 [client3 internal] load .dockerignore
#7 transferring context: 2B done
#7 DONE 0.0s

#8 [client2 1/8] FROM docker.io/fedpoppk/base:0.1.0
#8 DONE 0.0s

#9 [client1 internal] load build context
#9 transferring context: 736.51kB 0.3s done
#9 DONE 0.3s

#10 [client3 internal] load build context
#10 transferring context: 736.51kB 0.3s done
#10 DONE 0.3s

#11 [client2 internal] load build context
#11 transferring context: 736.51kB 0.3s done
#11 DONE 0.3s

#12 [client3 6/8] COPY R/ R/
#12 CACHED

#13 [client3 5/8] COPY apps/ apps/
#13 CACHED

#14 [client3 7/8] COPY analysis/ analysis/
#14 CACHED

#15 [client3 3/8] COPY renv.lock .Rprofile renv/activate.R ./
#15 CACHED

#16 [client3 4/8] RUN Rscript -e "options(renv.consent=TRUE, Ncpus=parallel::detectCores());                 renv::restore(prompt=FALSE)"
#16 CACHED

#17 [client3 2/8] WORKDIR /project
#17 CACHED

#18 [client1 8/8] RUN mkdir -p /project/configs/modes /project/data /project/artifacts /project/result
#18 CACHED

#19 [client2] exporting to image
#19 exporting layers done
#19 writing image sha256:e424bf98a77d9bc29a56c8ad9d8adb7e57da36f59a4077f18c033c0c951d54fa done
#19 naming to docker.io/library/defboot_design_change_n403030_wtmclu_scenario2_151_155-client2 0.0s done
#19 DONE 0.0s

#20 [client1] exporting to image
#20 exporting layers done
#20 writing image sha256:cf3bec42adc7393b6630d93761183380c1deec6b5ad62cd66e9244310c363e72 done
#20 naming to docker.io/library/defboot_design_change_n403030_wtmclu_scenario2_151_155-client1 0.0s done
#20 DONE 0.1s

#21 [client3] exporting to image
#21 exporting layers done
#21 writing image sha256:bc46d557d560fc67743f9173a6f21ba0ff2b5a8dc0c8729360ae48b9337d5c6f done
#21 naming to docker.io/library/defboot_design_change_n403030_wtmclu_scenario2_151_155-client3 0.1s done
#21 DONE 0.1s

#22 [client2] resolving provenance for metadata file
#22 DONE 0.0s

#23 [client1] resolving provenance for metadata file
#23 DONE 0.0s

#24 [client3] resolving provenance for metadata file
#24 DONE 0.0s

#25 [server internal] load build definition from Dockerfile.app
#25 transferring dockerfile: 778B done
#25 DONE 0.0s

#4 [server internal] load metadata for docker.io/fedpoppk/base:0.1.0
#4 DONE 0.0s

#26 [server internal] load .dockerignore
#26 transferring context: 2B done
#26 DONE 0.0s

#8 [server 1/8] FROM docker.io/fedpoppk/base:0.1.0
#8 DONE 0.0s

#27 [server internal] load build context
#27 transferring context: 736.51kB 0.3s done
#27 DONE 0.4s

#28 [server 5/8] COPY apps/ apps/
#28 CACHED

#29 [server 4/8] RUN Rscript -e "options(renv.consent=TRUE, Ncpus=parallel::detectCores());                 renv::restore(prompt=FALSE)"
#29 CACHED

#30 [server 3/8] COPY renv.lock .Rprofile renv/activate.R ./
#30 CACHED

#31 [server 6/8] COPY R/ R/
#31 CACHED

#32 [server 7/8] COPY analysis/ analysis/
#32 CACHED

#17 [server 2/8] WORKDIR /project
#17 CACHED

#33 [server 8/8] RUN mkdir -p /project/configs/modes /project/data /project/artifacts /project/result
#33 CACHED

#34 [server] exporting to image
#34 exporting layers done
#34 writing image sha256:7b1b3f2204621c92ffb406d9666d32342e121c56293891607d8286d07bb51803 done
#34 naming to docker.io/library/defboot_design_change_n403030_wtmclu_scenario2_151_155-server 0.0s done
#34 DONE 0.0s

#35 [server] resolving provenance for metadata file
#35 DONE 0.0s
 client1  Built
 client2  Built
 client3  Built
 server  Built
 Network defboot_design_change_n403030_wtmclu_scenario2_151_155_site2_net  Creating
 Network defboot_design_change_n403030_wtmclu_scenario2_151_155_site2_net  Created
 Network defboot_design_change_n403030_wtmclu_scenario2_151_155_site3_net  Creating
 Network defboot_design_change_n403030_wtmclu_scenario2_151_155_site3_net  Created
 Network defboot_design_change_n403030_wtmclu_scenario2_151_155_site1_net  Creating
 Network defboot_design_change_n403030_wtmclu_scenario2_151_155_site1_net  Created
 Container defboot_design_change_n403030_wtmclu_scenario2_151_155-client3-1  Creating
 Container defboot_design_change_n403030_wtmclu_scenario2_151_155-client1-1  Creating
 Container defboot_design_change_n403030_wtmclu_scenario2_151_155-client2-1  Creating
 Container defboot_design_change_n403030_wtmclu_scenario2_151_155-client2-1  Created
 Container defboot_design_change_n403030_wtmclu_scenario2_151_155-client1-1  Created
 Container defboot_design_change_n403030_wtmclu_scenario2_151_155-client3-1  Created
 Container defboot_design_change_n403030_wtmclu_scenario2_151_155-server-1  Creating
 Container defboot_design_change_n403030_wtmclu_scenario2_151_155-server-1  Created
Attaching to client1-1, client2-1, client3-1, server-1
client3-1  | Running plumber API at http://0.0.0.0:8000
client3-1  | Running swagger Docs at http://127.0.0.1:8000/__docs__/
client1-1  | Running plumber API at http://0.0.0.0:8000
client1-1  | Running swagger Docs at http://127.0.0.1:8000/__docs__/
client2-1  | Running plumber API at http://0.0.0.0:8000
client2-1  | Running swagger Docs at http://127.0.0.1:8000/__docs__/
client1-1  | ℹ parameter labels from comments are typically ignored in non-interactive mode
client1-1  | ℹ Need to run with the source intact to parse comments
client3-1  | ℹ parameter labels from comments are typically ignored in non-interactive mode
client2-1  | ℹ parameter labels from comments are typically ignored in non-interactive mode
client3-1  | ℹ Need to run with the source intact to parse comments
client2-1  | ℹ Need to run with the source intact to parse comments
server-1   | [send_init] http://client1:8000 init succeeded
server-1   | [send_init] http://client2:8000 init succeeded
server-1   | [send_init] http://client3:8000 init succeeded
server-1   | {"schema":{"schema_version":"1.1.0","generated_at":"2026-05-23T00:30:22Z","config_path":"/project/configs/../temp/deferiprone_single_oral_25mgkg_designcheck_20260511/validation/design_change_n403030_wtmclustT10_nomix_site403030_nondesignquota_precisionchol_basefitbootinit_preboot_20260521/configs/resolved/scenario2_bootstrap.json","config_md5":"67e6a296d3935d620e746ed6160f8ca2","seed":4869,"host":"1c325fb9a221","pid":1,"image_tag":null,"git_sha":null,"git_dirty":null},"aggregation":{"ci_method":"percentile","ci_level":0.95,"quantile_type":7,"estimates_scale":"natural"},"summary":[{"parameter":"(etaLcl,etaLvc)","median":0.062215112888,"p2.5":0.049912329196,"p97.5":0.066424410189},{"parameter":"CcPropSd","median":0.37643289875,"p2.5":0.34987037015,"p97.5":0.39809666196},{"parameter":"etaLcl","median":0.1054457973,"p2.5":0.086608178453,"p97.5":0.10991103478},{"parameter":"etaLvc","median":0.038224975844,"p2.5":0.029816492572,"p97.5":0.043726675868},{"parameter":"lcl","median":2.1771915651,"p2.5":2.1362890844,"p97.5":2.2127713299},{"parameter":"lka","median":2.2332849566,"p2.5":2.0745770831,"p97.5":2.6863535733},{"parameter":"lvc","median":2.9605958627,"p2.5":2.9222087598,"p97.5":3.0205253386},{"parameter":"rho_(etaLcl,etaLvc)","median":0.97995841407,"p2.5":0.97451356691,"p97.5":0.98238752493}],"runs":[{"tag":"trial_151_20260523-003022","value":2236.0528,"counts":[21,21],"control":{"maxit":100,"factr":1000000000,"pgtol":0,"trace":0,"method":"L-BFGS-B"},"convergence":0,"message":"CONVERGENCE: REL_REDUCTION_OF_F <= FACTR*EPSMCH","nat_par":{"lka":2.3768246158,"lcl":2.1801032665,"lvc":2.9605958627,"CcPropSd":0.3772683254,"etaLcl":0.1054457973,"etaLvc":0.038224975844,"(etaLcl,etaLvc)":0.062215112888,"rho_(etaLcl,etaLvc)":0.97995841407},"failed_clients":[],"attempt":1,"files":{"result":"/project/temp/deferiprone_single_oral_25mgkg_designcheck_20260511/validation/design_change_n403030_wtmclustT10_nomix_site403030_nondesignquota_precisionchol_basefitbootinit_preboot_20260521/runs/scenario2/bootstrap/federated/scenario2/raw_runs/run_20260523-003022/optim_result_trial_151_20260523-003022.json","trace":"/project/temp/deferiprone_single_oral_25mgkg_designcheck_20260511/validation/design_change_n403030_wtmclustT10_nomix_site403030_nondesignquota_precisionchol_basefitbootinit_preboot_20260521/runs/scenario2/bootstrap/federated/scenario2/raw_runs/run_20260523-003022/optim_trace_trial_151_20260523-003022.csv","final":"/project/temp/deferiprone_single_oral_25mgkg_designcheck_20260511/validation/design_change_n403030_wtmclustT10_nomix_site403030_nondesignquota_precisionchol_basefitbootinit_preboot_20260521/runs/scenario2/bootstrap/federated/scenario2/raw_runs/run_20260523-003022/final_params_trial_151_20260523-003022.csv"},"log_n":21,"execution_state":"completed","trial":151,"attempts":1},{"tag":"trial_152_20260523-003301","value":2206.2966,"counts":[23,23],"control":{"maxit":100,"factr":1000000000,"pgtol":0,"trace":0,"method":"L-BFGS-B"},"convergence":0,"message":"CONVERGENCE: REL_REDUCTION_OF_F <= FACTR*EPSMCH","nat_par":{"lka":2.7207456797,"lcl":2.1771915651,"lvc":3.0270670233,"CcPropSd":0.34886505664,"etaLcl":0.10695890062,"etaLvc":0.032168750296,"(etaLcl,etaLvc)":0.057269900658,"rho_(etaLcl,etaLvc)":0.97633952199},"failed_clients":[],"attempt":1,"files":{"result":"/project/temp/deferiprone_single_oral_25mgkg_designcheck_20260511/validation/design_change_n403030_wtmclustT10_nomix_site403030_nondesignquota_precisionchol_basefitbootinit_preboot_20260521/runs/scenario2/bootstrap/federated/scenario2/raw_runs/run_20260523-003022/optim_result_trial_152_20260523-003301.json","trace":"/project/temp/deferiprone_single_oral_25mgkg_designcheck_20260511/validation/design_change_n403030_wtmclustT10_nomix_site403030_nondesignquota_precisionchol_basefitbootinit_preboot_20260521/runs/scenario2/bootstrap/federated/scenario2/raw_runs/run_20260523-003022/optim_trace_trial_152_20260523-003301.csv","final":"/project/temp/deferiprone_single_oral_25mgkg_designcheck_20260511/validation/design_change_n403030_wtmclustT10_nomix_site403030_nondesignquota_precisionchol_basefitbootinit_preboot_20260521/runs/scenario2/bootstrap/federated/scenario2/raw_runs/run_20260523-003022/final_params_trial_152_20260523-003301.csv"},"log_n":23,"execution_state":"completed","trial":152,"attempts":1},{"tag":"trial_153_20260523-003555","value":2229.6612,"counts":[14,14],"control":{"maxit":100,"factr":1000000000,"pgtol":0,"trace":0,"method":"L-BFGS-B"},"convergence":0,"message":"CONVERGENCE: REL_REDUCTION_OF_F <= FACTR*EPSMCH","nat_par":{"lka":2.0645824234,"lcl":2.1321822314,"lvc":2.9186535956,"CcPropSd":0.35891819171,"etaLcl":0.11023904968,"etaLvc":0.042040340968,"(etaLcl,etaLvc)":0.066832792985,"rho_(etaLcl,etaLvc)":0.9817225476},"failed_clients":[],"attempt":1,"files":{"result":"/project/temp/deferiprone_single_oral_25mgkg_designcheck_20260511/validation/design_change_n403030_wtmclustT10_nomix_site403030_nondesignquota_precisionchol_basefitbootinit_preboot_20260521/runs/scenario2/bootstrap/federated/scenario2/raw_runs/run_20260523-003022/optim_result_trial_153_20260523-003555.json","trace":"/project/temp/deferiprone_single_oral_25mgkg_designcheck_20260511/validation/design_change_n403030_wtmclustT10_nomix_site403030_nondesignquota_precisionchol_basefitbootinit_preboot_20260521/runs/scenario2/bootstrap/federated/scenario2/raw_runs/run_20260523-003022/optim_trace_trial_153_20260523-003555.csv","final":"/project/temp/deferiprone_single_oral_25mgkg_designcheck_20260511/validation/design_change_n403030_wtmclustT10_nomix_site403030_nondesignquota_precisionchol_basefitbootinit_preboot_20260521/runs/scenario2/bootstrap/federated/scenario2/raw_runs/run_20260523-003022/final_params_trial_153_20260523-003555.csv"},"log_n":14,"execution_state":"completed","trial":153,"attempts":1},{"tag":"trial_154_20260523-003740","value":2231.6794,"counts":[24,24],"control":{"maxit":100,"factr":1000000000,"pgtol":0,"trace":0,"method":"L-BFGS-B"},"convergence":0,"message":"CONVERGENCE: REL_REDUCTION_OF_F <= FACTR*EPSMCH","nat_par":{"lka":2.2332849566,"lcl":2.1732507613,"lvc":2.9542052374,"CcPropSd":0.37643289875,"etaLcl":0.085909967474,"etaLvc":0.029555130602,"(etaLcl,etaLvc)":0.049094821255,"rho_(etaLcl,etaLvc)":0.97431068301},"failed_clients":[],"attempt":1,"files":{"result":"/project/temp/deferiprone_single_oral_25mgkg_designcheck_20260511/validation/design_change_n403030_wtmclustT10_nomix_site403030_nondesignquota_precisionchol_basefitbootinit_preboot_20260521/runs/scenario2/bootstrap/federated/scenario2/raw_runs/run_20260523-003022/optim_result_trial_154_20260523-003740.json","trace":"/project/temp/deferiprone_single_oral_25mgkg_designcheck_20260511/validation/design_change_n403030_wtmclustT10_nomix_site403030_nondesignquota_precisionchol_basefitbootinit_preboot_20260521/runs/scenario2/bootstrap/federated/scenario2/raw_runs/run_20260523-003022/optim_trace_trial_154_20260523-003740.csv","final":"/project/temp/deferiprone_single_oral_25mgkg_designcheck_20260511/validation/design_change_n403030_wtmclustT10_nomix_site403030_nondesignquota_precisionchol_basefitbootinit_preboot_20260521/runs/scenario2/bootstrap/federated/scenario2/raw_runs/run_20260523-003022/final_params_trial_154_20260523-003740.csv"},"log_n":24,"execution_state":"completed","trial":154,"attempts":1},{"tag":"trial_155_20260523-004044","value":2226.7535,"counts":[24,24],"control":{"maxit":100,"factr":1000000000,"pgtol":0,"trace":0,"method":"L-BFGS-B"},"convergence":0,"message":"CONVERGENCE: REL_REDUCTION_OF_F <= FACTR*EPSMCH","nat_par":{"lka":2.1645290209,"lcl":2.2164011148,"lvc":2.9616501761,"CcPropSd":0.40041092157,"etaLcl":0.092892077273,"etaLvc":0.043914046412,"(etaLcl,etaLvc)":0.062748965025,"rho_(etaLcl,etaLvc)":0.9824614113},"failed_clients":[],"attempt":1,"files":{"result":"/project/temp/deferiprone_single_oral_25mgkg_designcheck_20260511/validation/design_change_n403030_wtmclustT10_nomix_site403030_nondesignquota_precisionchol_basefitbootinit_preboot_20260521/runs/scenario2/bootstrap/federated/scenario2/raw_runs/run_20260523-003022/optim_result_trial_155_20260523-004044.json","trace":"/project/temp/deferiprone_single_oral_25mgkg_designcheck_20260511/validation/design_change_n403030_wtmclustT10_nomix_site403030_nondesignquota_precisionchol_basefitbootinit_preboot_20260521/runs/scenario2/bootstrap/federated/scenario2/raw_runs/run_20260523-003022/optim_trace_trial_155_20260523-004044.csv","final":"/project/temp/deferiprone_single_oral_25mgkg_designcheck_20260511/validation/design_change_n403030_wtmclustT10_nomix_site403030_nondesignquota_precisionchol_basefitbootinit_preboot_20260521/runs/scenario2/bootstrap/federated/scenario2/raw_runs/run_20260523-003022/final_params_trial_155_20260523-004044.csv"},"log_n":24,"execution_state":"completed","trial":155,"attempts":1}],"trial_status":[{"trial":151,"execution_state":"completed","converged":true,"attempts":1,"convergence":0,"value":2236.0528,"eval_fn":21,"eval_gr":21,"log_n":21,"failed_clients_n":0,"message":"CONVERGENCE: REL_REDUCTION_OF_F <= FACTR*EPSMCH","result_file":"/project/temp/deferiprone_single_oral_25mgkg_designcheck_20260511/validation/design_change_n403030_wtmclustT10_nomix_site403030_nondesignquota_precisionchol_basefitbootinit_preboot_20260521/runs/scenario2/bootstrap/federated/scenario2/raw_runs/run_20260523-003022/optim_result_trial_151_20260523-003022.json","trace_file":"/project/temp/deferiprone_single_oral_25mgkg_designcheck_20260511/validation/design_change_n403030_wtmclustT10_nomix_site403030_nondesignquota_precisionchol_basefitbootinit_preboot_20260521/runs/scenario2/bootstrap/federated/scenario2/raw_runs/run_20260523-003022/optim_trace_trial_151_20260523-003022.csv","final_file":"/project/temp/deferiprone_single_oral_25mgkg_designcheck_20260511/validation/design_change_n403030_wtmclustT10_nomix_site403030_nondesignquota_precisionchol_basefitbootinit_preboot_20260521/runs/scenario2/bootstrap/federated/scenario2/raw_runs/run_20260523-003022/final_params_trial_151_20260523-003022.csv"},{"trial":152,"execution_state":"completed","converged":true,"attempts":1,"convergence":0,"value":2206.2966,"eval_fn":23,"eval_gr":23,"log_n":23,"failed_clients_n":0,"message":"CONVERGENCE: REL_REDUCTION_OF_F <= FACTR*EPSMCH","result_file":"/project/temp/deferiprone_single_oral_25mgkg_designcheck_20260511/validation/design_change_n403030_wtmclustT10_nomix_site403030_nondesignquota_precisionchol_basefitbootinit_preboot_20260521/runs/scenario2/bootstrap/federated/scenario2/raw_runs/run_20260523-003022/optim_result_trial_152_20260523-003301.json","trace_file":"/project/temp/deferiprone_single_oral_25mgkg_designcheck_20260511/validation/design_change_n403030_wtmclustT10_nomix_site403030_nondesignquota_precisionchol_basefitbootinit_preboot_20260521/runs/scenario2/bootstrap/federated/scenario2/raw_runs/run_20260523-003022/optim_trace_trial_152_20260523-003301.csv","final_file":"/project/temp/deferiprone_single_oral_25mgkg_designcheck_20260511/validation/design_change_n403030_wtmclustT10_nomix_site403030_nondesignquota_precisionchol_basefitbootinit_preboot_20260521/runs/scenario2/bootstrap/federated/scenario2/raw_runs/run_20260523-003022/final_params_trial_152_20260523-003301.csv"},{"trial":153,"execution_state":"completed","converged":true,"attempts":1,"convergence":0,"value":2229.6612,"eval_fn":14,"eval_gr":14,"log_n":14,"failed_clients_n":0,"message":"CONVERGENCE: REL_REDUCTION_OF_F <= FACTR*EPSMCH","result_file":"/project/temp/deferiprone_single_oral_25mgkg_designcheck_20260511/validation/design_change_n403030_wtmclustT10_nomix_site403030_nondesignquota_precisionchol_basefitbootinit_preboot_20260521/runs/scenario2/bootstrap/federated/scenario2/raw_runs/run_20260523-003022/optim_result_trial_153_20260523-003555.json","trace_file":"/project/temp/deferiprone_single_oral_25mgkg_designcheck_20260511/validation/design_change_n403030_wtmclustT10_nomix_site403030_nondesignquota_precisionchol_basefitbootinit_preboot_20260521/runs/scenario2/bootstrap/federated/scenario2/raw_runs/run_20260523-003022/optim_trace_trial_153_20260523-003555.csv","final_file":"/project/temp/deferiprone_single_oral_25mgkg_designcheck_20260511/validation/design_change_n403030_wtmclustT10_nomix_site403030_nondesignquota_precisionchol_basefitbootinit_preboot_20260521/runs/scenario2/bootstrap/federated/scenario2/raw_runs/run_20260523-003022/final_params_trial_153_20260523-003555.csv"},{"trial":154,"execution_state":"completed","converged":true,"attempts":1,"convergence":0,"value":2231.6794,"eval_fn":24,"eval_gr":24,"log_n":24,"failed_clients_n":0,"message":"CONVERGENCE: REL_REDUCTION_OF_F <= FACTR*EPSMCH","result_file":"/project/temp/deferiprone_single_oral_25mgkg_designcheck_20260511/validation/design_change_n403030_wtmclustT10_nomix_site403030_nondesignquota_precisionchol_basefitbootinit_preboot_20260521/runs/scenario2/bootstrap/federated/scenario2/raw_runs/run_20260523-003022/optim_result_trial_154_20260523-003740.json","trace_file":"/project/temp/deferiprone_single_oral_25mgkg_designcheck_20260511/validation/design_change_n403030_wtmclustT10_nomix_site403030_nondesignquota_precisionchol_basefitbootinit_preboot_20260521/runs/scenario2/bootstrap/federated/scenario2/raw_runs/run_20260523-003022/optim_trace_trial_154_20260523-003740.csv","final_file":"/project/temp/deferiprone_single_oral_25mgkg_designcheck_20260511/validation/design_change_n403030_wtmclustT10_nomix_site403030_nondesignquota_precisionchol_basefitbootinit_preboot_20260521/runs/scenario2/bootstrap/federated/scenario2/raw_runs/run_20260523-003022/final_params_trial_154_20260523-003740.csv"},{"trial":155,"execution_state":"completed","converged":true,"attempts":1,"convergence":0,"value":2226.7535,"eval_fn":24,"eval_gr":24,"log_n":24,"failed_clients_n":0,"message":"CONVERGENCE: REL_REDUCTION_OF_F <= FACTR*EPSMCH","result_file":"/project/temp/deferiprone_single_oral_25mgkg_designcheck_20260511/validation/design_change_n403030_wtmclustT10_nomix_site403030_nondesignquota_precisionchol_basefitbootinit_preboot_20260521/runs/scenario2/bootstrap/federated/scenario2/raw_runs/run_20260523-003022/optim_result_trial_155_20260523-004044.json","trace_file":"/project/temp/deferiprone_single_oral_25mgkg_designcheck_20260511/validation/design_change_n403030_wtmclustT10_nomix_site403030_nondesignquota_precisionchol_basefitbootinit_preboot_20260521/runs/scenario2/bootstrap/federated/scenario2/raw_runs/run_20260523-003022/optim_trace_trial_155_20260523-004044.csv","final_file":"/project/temp/deferiprone_single_oral_25mgkg_designcheck_20260511/validation/design_change_n403030_wtmclustT10_nomix_site403030_nondesignquota_precisionchol_basefitbootinit_preboot_20260521/runs/scenario2/bootstrap/federated/scenario2/raw_runs/run_20260523-003022/final_params_trial_155_20260523-004044.csv"}],"info":{"run_id":"20260523-003022","log_base_dir":"/project/temp/deferiprone_single_oral_25mgkg_designcheck_20260511/validation/design_change_n403030_wtmclustT10_nomix_site403030_nondesignquota_precisionchol_basefitbootinit_preboot_20260521/runs/scenario2/bootstrap/federated","scenario":"scenario2/raw_runs","total_trials":5,"successes":5,"failures":0,"nonconverged_count":0,"nonconverged_trials":[],"convergence_missing_count":0,"seed_base":4869,"B_per_client":500,"duration_sec":812.0076255798,"host":"1c325fb9a221","image_tag":null,"communication":{"generated_at":"2026-05-23T00:43:48Z","totals":{"requests":639,"request_bytes":713391,"response_bytes":162343,"total_bytes":875734,"retries":0},"init":{"requests":3,"request_bytes":8139,"response_bytes":1161,"total_bytes":9300,"retries":0,"median_elapsed_sec":0.37308692932},"init_round_latency":{"n_rounds":1,"median_round_wall_sec":0.37650775909,"p95_round_wall_sec":0.37650775909},"run":{"requests":0,"request_bytes":0,"response_bytes":0,"total_bytes":0,"retries":0,"median_elapsed_sec":"NA"},"run_bootstrap":{"requests":636,"request_bytes":705252,"response_bytes":161182,"total_bytes":866434,"retries":0,"median_elapsed_sec":3.6460330486},"round_latency":{"n_rounds":212,"median_round_wall_sec":3.7513514757,"p95_round_wall_sec":4.0093028426},"timing_split":{"n_rounds":212,"rounds_with_compute":212,"total_round_wall_sec":801.657971859,"total_round_compute_wall_sec":794.6349,"total_round_comm_overhead_wall_sec":7.023071859,"comm_overhead_ratio":0.0087606836151,"compute_ratio":0.99123931638}},"communication_files":{"csv":"/project/temp/deferiprone_single_oral_25mgkg_designcheck_20260511/validation/design_change_n403030_wtmclustT10_nomix_site403030_nondesignquota_precisionchol_basefitbootinit_preboot_20260521/runs/scenario2/bootstrap/federated/scenario2/raw_runs/run_20260523-003022/comm_metrics.csv","json":"/project/temp/deferiprone_single_oral_25mgkg_designcheck_20260511/validation/design_change_n403030_wtmclustT10_nomix_site403030_nondesignquota_precisionchol_basefitbootinit_preboot_20260521/runs/scenario2/bootstrap/federated/scenario2/raw_runs/run_20260523-003022/comm_metrics.json"},"output_files":{"bootstrap_summary_csv":"/project/temp/deferiprone_single_oral_25mgkg_designcheck_20260511/validation/design_change_n403030_wtmclustT10_nomix_site403030_nondesignquota_precisionchol_basefitbootinit_preboot_20260521/runs/scenario2/bootstrap/federated/scenario2/raw_runs/run_20260523-003022/bootstrap_summary.csv","bootstrap_summary_json":"/project/temp/deferiprone_single_oral_25mgkg_designcheck_20260511/validation/design_change_n403030_wtmclustT10_nomix_site403030_nondesignquota_precisionchol_basefitbootinit_preboot_20260521/runs/scenario2/bootstrap/federated/scenario2/raw_runs/run_20260523-003022/bootstrap_summary.json","trial_status_csv":"/project/temp/deferiprone_single_oral_25mgkg_designcheck_20260511/validation/design_change_n403030_wtmclustT10_nomix_site403030_nondesignquota_precisionchol_basefitbootinit_preboot_20260521/runs/scenario2/bootstrap/federated/scenario2/raw_runs/run_20260523-003022/trial_status.csv","failed_trials_csv":"/project/temp/deferiprone_single_oral_25mgkg_designcheck_20260511/validation/design_change_n403030_wtmclustT10_nomix_site403030_nondesignquota_precisionchol_basefitbootinit_preboot_20260521/runs/scenario2/bootstrap/federated/scenario2/raw_runs/run_20260523-003022/failed_trials.csv","trial_estimates_wide_csv":"/project/temp/deferiprone_single_oral_25mgkg_designcheck_20260511/validation/design_change_n403030_wtmclustT10_nomix_site403030_nondesignquota_precisionchol_basefitbootinit_preboot_20260521/runs/scenario2/bootstrap/federated/scenario2/raw_runs/run_20260523-003022/trial_estimates_wide.csv","trial_estimates_long_csv":"/project/temp/deferiprone_single_oral_25mgkg_designcheck_20260511/validation/design_change_n403030_wtmclustT10_nomix_site403030_nondesignquota_precisionchol_basefitbootinit_preboot_20260521/runs/scenario2/bootstrap/federated/scenario2/raw_runs/run_20260523-003022/trial_estimates_long.csv","result_json":"/project/temp/deferiprone_single_oral_25mgkg_designcheck_20260511/validation/design_change_n403030_wtmclustT10_nomix_site403030_nondesignquota_precisionchol_basefitbootinit_preboot_20260521/runs/scenario2/bootstrap/federated/scenario2/raw_runs/run_20260523-003022/result.json"}}}
[Kserver-1 exited with code 0
Aborting on container exit...
 Container defboot_design_change_n403030_wtmclu_scenario2_151_155-server-1  Stopping
 Container defboot_design_change_n403030_wtmclu_scenario2_151_155-server-1  Stopped
 Container defboot_design_change_n403030_wtmclu_scenario2_151_155-client1-1  Stopping
 Container defboot_design_change_n403030_wtmclu_scenario2_151_155-client2-1  Stopping
 Container defboot_design_change_n403030_wtmclu_scenario2_151_155-client3-1  Stopping
 Container defboot_design_change_n403030_wtmclu_scenario2_151_155-client1-1  Stopped
 Container defboot_design_change_n403030_wtmclu_scenario2_151_155-client2-1  Stopped
 Container defboot_design_change_n403030_wtmclu_scenario2_151_155-client3-1  Stopped
time="2026-05-23T09:43:58+09:00" level=warning msg="The \"SERVER_CONFIG_PATH\" variable is not set. Defaulting to a blank string."
 Container defboot_design_change_n403030_wtmclu_scenario2_151_155-server-1  Stopping
 Container defboot_design_change_n403030_wtmclu_scenario2_151_155-server-1  Stopped
 Container defboot_design_change_n403030_wtmclu_scenario2_151_155-server-1  Removing
 Container defboot_design_change_n403030_wtmclu_scenario2_151_155-server-1  Removed
 Container defboot_design_change_n403030_wtmclu_scenario2_151_155-client2-1  Stopping
 Container defboot_design_change_n403030_wtmclu_scenario2_151_155-client3-1  Stopping
 Container defboot_design_change_n403030_wtmclu_scenario2_151_155-client1-1  Stopping
 Container defboot_design_change_n403030_wtmclu_scenario2_151_155-client2-1  Stopped
 Container defboot_design_change_n403030_wtmclu_scenario2_151_155-client2-1  Removing
 Container defboot_design_change_n403030_wtmclu_scenario2_151_155-client3-1  Stopped
 Container defboot_design_change_n403030_wtmclu_scenario2_151_155-client3-1  Removing
 Container defboot_design_change_n403030_wtmclu_scenario2_151_155-client1-1  Stopped
 Container defboot_design_change_n403030_wtmclu_scenario2_151_155-client1-1  Removing
 Container defboot_design_change_n403030_wtmclu_scenario2_151_155-client3-1  Removed
 Container defboot_design_change_n403030_wtmclu_scenario2_151_155-client2-1  Removed
 Container defboot_design_change_n403030_wtmclu_scenario2_151_155-client1-1  Removed
 Network defboot_design_change_n403030_wtmclu_scenario2_151_155_site3_net  Removing
 Network defboot_design_change_n403030_wtmclu_scenario2_151_155_site2_net  Removing
 Network defboot_design_change_n403030_wtmclu_scenario2_151_155_site1_net  Removing
 Network defboot_design_change_n403030_wtmclu_scenario2_151_155_site3_net  Removed
 Network defboot_design_change_n403030_wtmclu_scenario2_151_155_site1_net  Removed
 Network defboot_design_change_n403030_wtmclu_scenario2_151_155_site2_net  Removed
