time="2026-05-23T07:57:52+09:00" level=warning msg="The \"SERVER_CONFIG_PATH\" variable is not set. Defaulting to a blank string."
Compose now can delegate build to bake for better performances
Just set COMPOSE_BAKE=true
#0 building with "default" instance using docker driver

#1 [client1 internal] load build definition from Dockerfile.app
#1 transferring dockerfile: 778B done
#1 DONE 0.0s

#2 [client3 internal] load build definition from Dockerfile.app
#2 transferring dockerfile: 778B done
#2 DONE 0.0s

#3 [client2 internal] load build definition from Dockerfile.app
#3 transferring dockerfile: 778B done
#3 DONE 0.0s

#4 [client2 internal] load metadata for docker.io/fedpoppk/base:0.1.0
#4 DONE 0.0s

#5 [client1 internal] load .dockerignore
#5 transferring context: 2B done
#5 DONE 0.0s

#6 [client3 internal] load .dockerignore
#6 transferring context: 2B done
#6 DONE 0.0s

#7 [client2 1/8] FROM docker.io/fedpoppk/base:0.1.0
#7 DONE 0.0s

#8 [client2 internal] load .dockerignore
#8 transferring context: 2B done
#8 DONE 0.0s

#9 [client1 internal] load build context
#9 ...

#10 [client3 internal] load build context
#10 transferring context: 736.51kB 0.3s done
#10 DONE 0.3s

#9 [client1 internal] load build context
#9 transferring context: 736.51kB 0.3s done
#9 DONE 0.3s

#11 [client2 internal] load build context
#11 transferring context: 736.51kB 0.3s done
#11 DONE 0.3s

#12 [client3 7/8] COPY analysis/ analysis/
#12 CACHED

#13 [client3 2/8] WORKDIR /project
#13 CACHED

#14 [client3 3/8] COPY renv.lock .Rprofile renv/activate.R ./
#14 CACHED

#15 [client3 5/8] COPY apps/ apps/
#15 CACHED

#16 [client3 4/8] RUN Rscript -e "options(renv.consent=TRUE, Ncpus=parallel::detectCores());                 renv::restore(prompt=FALSE)"
#16 CACHED

#17 [client3 6/8] COPY R/ R/
#17 CACHED

#18 [client1 8/8] RUN mkdir -p /project/configs/modes /project/data /project/artifacts /project/result
#18 CACHED

#19 [client3] exporting to image
#19 exporting layers done
#19 writing image sha256:e6707624ac95ea070caab2629dfe8aa924edaa7a1c667573f55737e9fdd3414c done
#19 naming to docker.io/library/defboot_design_change_n403030_wtmclu_scenario2_121_125-client3 0.0s done
#19 DONE 0.0s

#20 [client2] exporting to image
#20 exporting layers done
#20 writing image sha256:7d8beff6e692931e7a6159c7fed9b648e9cb12bd7f78cd44f773c2255fb74d15 done
#20 naming to docker.io/library/defboot_design_change_n403030_wtmclu_scenario2_121_125-client2 0.0s done
#20 DONE 0.0s

#21 [client1] exporting to image
#21 exporting layers done
#21 writing image sha256:94d8dbb9fcdf7ca2606ee6ead0c34b2bca5b4292acf8db99d60b794a9b1e2ac1 done
#21 naming to docker.io/library/defboot_design_change_n403030_wtmclu_scenario2_121_125-client1 0.0s done
#21 DONE 0.1s

#22 [client3] resolving provenance for metadata file
#22 DONE 0.0s

#23 [client1] resolving provenance for metadata file
#23 DONE 0.0s

#24 [client2] resolving provenance for metadata file
#24 DONE 0.0s

#25 [server internal] load build definition from Dockerfile.app
#25 transferring dockerfile: 778B done
#25 DONE 0.0s

#4 [server internal] load metadata for docker.io/fedpoppk/base:0.1.0
#4 DONE 0.0s

#26 [server internal] load .dockerignore
#26 transferring context: 2B done
#26 DONE 0.0s

#7 [server 1/8] FROM docker.io/fedpoppk/base:0.1.0
#7 DONE 0.0s

#27 [server internal] load build context
#27 transferring context: 736.51kB 0.3s done
#27 DONE 0.4s

#28 [server 5/8] COPY apps/ apps/
#28 CACHED

#13 [server 2/8] WORKDIR /project
#13 CACHED

#29 [server 7/8] COPY analysis/ analysis/
#29 CACHED

#30 [server 3/8] COPY renv.lock .Rprofile renv/activate.R ./
#30 CACHED

#31 [server 4/8] RUN Rscript -e "options(renv.consent=TRUE, Ncpus=parallel::detectCores());                 renv::restore(prompt=FALSE)"
#31 CACHED

#32 [server 6/8] COPY R/ R/
#32 CACHED

#33 [server 8/8] RUN mkdir -p /project/configs/modes /project/data /project/artifacts /project/result
#33 CACHED

#34 [server] exporting to image
#34 exporting layers done
#34 writing image sha256:94100190a030ef27e36dda751ec5882c017598cc4c0db56c4a8faa4df8f1dcdf done
#34 naming to docker.io/library/defboot_design_change_n403030_wtmclu_scenario2_121_125-server 0.0s done
#34 DONE 0.0s

#35 [server] resolving provenance for metadata file
#35 DONE 0.0s
 client1  Built
 client2  Built
 client3  Built
 server  Built
 Network defboot_design_change_n403030_wtmclu_scenario2_121_125_site2_net  Creating
 Network defboot_design_change_n403030_wtmclu_scenario2_121_125_site2_net  Created
 Network defboot_design_change_n403030_wtmclu_scenario2_121_125_site3_net  Creating
 Network defboot_design_change_n403030_wtmclu_scenario2_121_125_site3_net  Created
 Network defboot_design_change_n403030_wtmclu_scenario2_121_125_site1_net  Creating
 Network defboot_design_change_n403030_wtmclu_scenario2_121_125_site1_net  Created
 Container defboot_design_change_n403030_wtmclu_scenario2_121_125-client1-1  Creating
 Container defboot_design_change_n403030_wtmclu_scenario2_121_125-client3-1  Creating
 Container defboot_design_change_n403030_wtmclu_scenario2_121_125-client2-1  Creating
 Container defboot_design_change_n403030_wtmclu_scenario2_121_125-client2-1  Created
 Container defboot_design_change_n403030_wtmclu_scenario2_121_125-client3-1  Created
 Container defboot_design_change_n403030_wtmclu_scenario2_121_125-client1-1  Created
 Container defboot_design_change_n403030_wtmclu_scenario2_121_125-server-1  Creating
 Container defboot_design_change_n403030_wtmclu_scenario2_121_125-server-1  Created
Attaching to client1-1, client2-1, client3-1, server-1
client3-1  | Running plumber API at http://0.0.0.0:8000
client3-1  | Running swagger Docs at http://127.0.0.1:8000/__docs__/
client1-1  | Running plumber API at http://0.0.0.0:8000
client1-1  | Running swagger Docs at http://127.0.0.1:8000/__docs__/
client2-1  | Running plumber API at http://0.0.0.0:8000
client2-1  | Running swagger Docs at http://127.0.0.1:8000/__docs__/
client1-1  | ℹ parameter labels from comments are typically ignored in non-interactive mode
client1-1  | ℹ Need to run with the source intact to parse comments
client2-1  | ℹ parameter labels from comments are typically ignored in non-interactive mode
client3-1  | ℹ parameter labels from comments are typically ignored in non-interactive mode
client2-1  | ℹ Need to run with the source intact to parse comments
client3-1  | ℹ Need to run with the source intact to parse comments
server-1   | [send_init] http://client1:8000 init succeeded
server-1   | [send_init] http://client3:8000 init succeeded
server-1   | [send_init] http://client2:8000 init succeeded
server-1   | {"schema":{"schema_version":"1.1.0","generated_at":"2026-05-22T22:58:01Z","config_path":"/project/configs/../temp/deferiprone_single_oral_25mgkg_designcheck_20260511/validation/design_change_n403030_wtmclustT10_nomix_site403030_nondesignquota_precisionchol_basefitbootinit_preboot_20260521/configs/resolved/scenario2_bootstrap.json","config_md5":"67e6a296d3935d620e746ed6160f8ca2","seed":4869,"host":"ba1c3fbb46a6","pid":1,"image_tag":null,"git_sha":null,"git_dirty":null},"aggregation":{"ci_method":"percentile","ci_level":0.95,"quantile_type":7,"estimates_scale":"natural"},"summary":[{"parameter":"(etaLcl,etaLvc)","median":0.068226578051,"p2.5":0.040124111677,"p97.5":0.07433892664},{"parameter":"CcPropSd","median":0.34958056625,"p2.5":0.30189306191,"p97.5":0.36623945156},{"parameter":"etaLcl","median":0.10532236075,"p2.5":0.079093904922,"p97.5":0.12772774246},{"parameter":"etaLvc","median":0.039488967564,"p2.5":0.021710169221,"p97.5":0.050510013791},{"parameter":"lcl","median":2.183325748,"p2.5":2.1397516782,"p97.5":2.2479479519},{"parameter":"lka","median":2.3210436357,"p2.5":2.0405868153,"p97.5":2.4573378421},{"parameter":"lvc","median":2.9572759748,"p2.5":2.9271948416,"p97.5":2.9972326176},{"parameter":"rho_(etaLcl,etaLvc)","median":0.98059375952,"p2.5":0.9645700841,"p97.5":0.98468001007}],"runs":[{"tag":"trial_121_20260522-225801","value":2212.1136,"counts":[20,20],"control":{"maxit":100,"factr":1000000000,"pgtol":0,"trace":0,"method":"L-BFGS-B"},"convergence":0,"message":"CONVERGENCE: REL_REDUCTION_OF_F <= FACTR*EPSMCH","nat_par":{"lka":2.1781079349,"lcl":2.1385336939,"lvc":2.9572759748,"CcPropSd":0.34958056625,"etaLcl":0.10532236075,"etaLvc":0.051137270242,"(etaLcl,etaLvc)":0.072279277628,"rho_(etaLcl,etaLvc)":0.98488322489},"failed_clients":[],"attempt":1,"files":{"result":"/project/temp/deferiprone_single_oral_25mgkg_designcheck_20260511/validation/design_change_n403030_wtmclustT10_nomix_site403030_nondesignquota_precisionchol_basefitbootinit_preboot_20260521/runs/scenario2/bootstrap/federated/scenario2/raw_runs/run_20260522-225801/optim_result_trial_121_20260522-225801.json","trace":"/project/temp/deferiprone_single_oral_25mgkg_designcheck_20260511/validation/design_change_n403030_wtmclustT10_nomix_site403030_nondesignquota_precisionchol_basefitbootinit_preboot_20260521/runs/scenario2/bootstrap/federated/scenario2/raw_runs/run_20260522-225801/optim_trace_trial_121_20260522-225801.csv","final":"/project/temp/deferiprone_single_oral_25mgkg_designcheck_20260511/validation/design_change_n403030_wtmclustT10_nomix_site403030_nondesignquota_precisionchol_basefitbootinit_preboot_20260521/runs/scenario2/bootstrap/federated/scenario2/raw_runs/run_20260522-225801/final_params_trial_121_20260522-225801.csv"},"log_n":20,"execution_state":"completed","trial":121,"attempts":1},{"tag":"trial_122_20260522-230034","value":2187.8437,"counts":[59,59],"control":{"maxit":100,"factr":1000000000,"pgtol":0,"trace":0,"method":"L-BFGS-B"},"convergence":0,"message":"CONVERGENCE: REL_REDUCTION_OF_F <= FACTR*EPSMCH","nat_par":{"lka":2.3210436357,"lcl":2.183325748,"lvc":2.9539728014,"CcPropSd":0.32780962764,"etaLcl":0.12258946495,"etaLvc":0.039488967564,"(etaLcl,etaLvc)":0.068226578051,"rho_(etaLcl,etaLvc)":0.98059375952},"failed_clients":[],"attempt":1,"files":{"result":"/project/temp/deferiprone_single_oral_25mgkg_designcheck_20260511/validation/design_change_n403030_wtmclustT10_nomix_site403030_nondesignquota_precisionchol_basefitbootinit_preboot_20260521/runs/scenario2/bootstrap/federated/scenario2/raw_runs/run_20260522-225801/optim_result_trial_122_20260522-230034.json","trace":"/project/temp/deferiprone_single_oral_25mgkg_designcheck_20260511/validation/design_change_n403030_wtmclustT10_nomix_site403030_nondesignquota_precisionchol_basefitbootinit_preboot_20260521/runs/scenario2/bootstrap/federated/scenario2/raw_runs/run_20260522-225801/optim_trace_trial_122_20260522-230034.csv","final":"/project/temp/deferiprone_single_oral_25mgkg_designcheck_20260511/validation/design_change_n403030_wtmclustT10_nomix_site403030_nondesignquota_precisionchol_basefitbootinit_preboot_20260521/runs/scenario2/bootstrap/federated/scenario2/raw_runs/run_20260522-225801/final_params_trial_122_20260522-230034.csv"},"log_n":59,"execution_state":"completed","trial":122,"attempts":1},{"tag":"trial_123_20260522-230804","value":2175.295,"counts":[17,17],"control":{"maxit":100,"factr":1000000000,"pgtol":0,"trace":0,"method":"L-BFGS-B"},"convergence":0,"message":"CONVERGENCE: REL_REDUCTION_OF_F <= FACTR*EPSMCH","nat_par":{"lka":2.4683928905,"lcl":2.1507135369,"lvc":2.9242195128,"CcPropSd":0.29901344349,"etaLcl":0.12829866218,"etaLvc":0.044864705733,"(etaLcl,etaLvc)":0.07456777653,"rho_(etaLcl,etaLvc)":0.98285107664},"failed_clients":[],"attempt":1,"files":{"result":"/project/temp/deferiprone_single_oral_25mgkg_designcheck_20260511/validation/design_change_n403030_wtmclustT10_nomix_site403030_nondesignquota_precisionchol_basefitbootinit_preboot_20260521/runs/scenario2/bootstrap/federated/scenario2/raw_runs/run_20260522-225801/optim_result_trial_123_20260522-230804.json","trace":"/project/temp/deferiprone_single_oral_25mgkg_designcheck_20260511/validation/design_change_n403030_wtmclustT10_nomix_site403030_nondesignquota_precisionchol_basefitbootinit_preboot_20260521/runs/scenario2/bootstrap/federated/scenario2/raw_runs/run_20260522-225801/optim_trace_trial_123_20260522-230804.csv","final":"/project/temp/deferiprone_single_oral_25mgkg_designcheck_20260511/validation/design_change_n403030_wtmclustT10_nomix_site403030_nondesignquota_precisionchol_basefitbootinit_preboot_20260521/runs/scenario2/bootstrap/federated/scenario2/raw_runs/run_20260522-225801/final_params_trial_123_20260522-230804.csv"},"log_n":17,"execution_state":"completed","trial":123,"attempts":1},{"tag":"trial_124_20260522-231014","value":2219.1337,"counts":[22,22],"control":{"maxit":100,"factr":1000000000,"pgtol":0,"trace":0,"method":"L-BFGS-B"},"convergence":0,"message":"CONVERGENCE: REL_REDUCTION_OF_F <= FACTR*EPSMCH","nat_par":{"lka":2.3578424069,"lcl":2.1837125333,"lvc":2.9996875425,"CcPropSd":0.35686185943,"etaLcl":0.080594170084,"etaLvc":0.020143241627,"(etaLcl,etaLvc)":0.038801335655,"rho_(etaLcl,etaLvc)":0.96300863344},"failed_clients":[],"attempt":1,"files":{"result":"/project/temp/deferiprone_single_oral_25mgkg_designcheck_20260511/validation/design_change_n403030_wtmclustT10_nomix_site403030_nondesignquota_precisionchol_basefitbootinit_preboot_20260521/runs/scenario2/bootstrap/federated/scenario2/raw_runs/run_20260522-225801/optim_result_trial_124_20260522-231014.json","trace":"/project/temp/deferiprone_single_oral_25mgkg_designcheck_20260511/validation/design_change_n403030_wtmclustT10_nomix_site403030_nondesignquota_precisionchol_basefitbootinit_preboot_20260521/runs/scenario2/bootstrap/federated/scenario2/raw_runs/run_20260522-225801/optim_trace_trial_124_20260522-231014.csv","final":"/project/temp/deferiprone_single_oral_25mgkg_designcheck_20260511/validation/design_change_n403030_wtmclustT10_nomix_site403030_nondesignquota_precisionchol_basefitbootinit_preboot_20260521/runs/scenario2/bootstrap/federated/scenario2/raw_runs/run_20260522-225801/final_params_trial_124_20260522-231014.csv"},"log_n":22,"execution_state":"completed","trial":124,"attempts":1},{"tag":"trial_125_20260522-231304","value":2156.4605,"counts":[25,25],"control":{"maxit":100,"factr":1000000000,"pgtol":0,"trace":0,"method":"L-BFGS-B"},"convergence":0,"message":"CONVERGENCE: REL_REDUCTION_OF_F <= FACTR*EPSMCH","nat_par":{"lka":2.0253066909,"lcl":2.2550852207,"lvc":2.9751382938,"CcPropSd":0.36728140624,"etaLcl":0.078927208793,"etaLvc":0.035812517573,"(etaLcl,etaLvc)":0.052029095876,"rho_(etaLcl,etaLvc)":0.97862313996},"failed_clients":[],"attempt":1,"files":{"result":"/project/temp/deferiprone_single_oral_25mgkg_designcheck_20260511/validation/design_change_n403030_wtmclustT10_nomix_site403030_nondesignquota_precisionchol_basefitbootinit_preboot_20260521/runs/scenario2/bootstrap/federated/scenario2/raw_runs/run_20260522-225801/optim_result_trial_125_20260522-231304.json","trace":"/project/temp/deferiprone_single_oral_25mgkg_designcheck_20260511/validation/design_change_n403030_wtmclustT10_nomix_site403030_nondesignquota_precisionchol_basefitbootinit_preboot_20260521/runs/scenario2/bootstrap/federated/scenario2/raw_runs/run_20260522-225801/optim_trace_trial_125_20260522-231304.csv","final":"/project/temp/deferiprone_single_oral_25mgkg_designcheck_20260511/validation/design_change_n403030_wtmclustT10_nomix_site403030_nondesignquota_precisionchol_basefitbootinit_preboot_20260521/runs/scenario2/bootstrap/federated/scenario2/raw_runs/run_20260522-225801/final_params_trial_125_20260522-231304.csv"},"log_n":25,"execution_state":"completed","trial":125,"attempts":1}],"trial_status":[{"trial":121,"execution_state":"completed","converged":true,"attempts":1,"convergence":0,"value":2212.1136,"eval_fn":20,"eval_gr":20,"log_n":20,"failed_clients_n":0,"message":"CONVERGENCE: REL_REDUCTION_OF_F <= FACTR*EPSMCH","result_file":"/project/temp/deferiprone_single_oral_25mgkg_designcheck_20260511/validation/design_change_n403030_wtmclustT10_nomix_site403030_nondesignquota_precisionchol_basefitbootinit_preboot_20260521/runs/scenario2/bootstrap/federated/scenario2/raw_runs/run_20260522-225801/optim_result_trial_121_20260522-225801.json","trace_file":"/project/temp/deferiprone_single_oral_25mgkg_designcheck_20260511/validation/design_change_n403030_wtmclustT10_nomix_site403030_nondesignquota_precisionchol_basefitbootinit_preboot_20260521/runs/scenario2/bootstrap/federated/scenario2/raw_runs/run_20260522-225801/optim_trace_trial_121_20260522-225801.csv","final_file":"/project/temp/deferiprone_single_oral_25mgkg_designcheck_20260511/validation/design_change_n403030_wtmclustT10_nomix_site403030_nondesignquota_precisionchol_basefitbootinit_preboot_20260521/runs/scenario2/bootstrap/federated/scenario2/raw_runs/run_20260522-225801/final_params_trial_121_20260522-225801.csv"},{"trial":122,"execution_state":"completed","converged":true,"attempts":1,"convergence":0,"value":2187.8437,"eval_fn":59,"eval_gr":59,"log_n":59,"failed_clients_n":0,"message":"CONVERGENCE: REL_REDUCTION_OF_F <= FACTR*EPSMCH","result_file":"/project/temp/deferiprone_single_oral_25mgkg_designcheck_20260511/validation/design_change_n403030_wtmclustT10_nomix_site403030_nondesignquota_precisionchol_basefitbootinit_preboot_20260521/runs/scenario2/bootstrap/federated/scenario2/raw_runs/run_20260522-225801/optim_result_trial_122_20260522-230034.json","trace_file":"/project/temp/deferiprone_single_oral_25mgkg_designcheck_20260511/validation/design_change_n403030_wtmclustT10_nomix_site403030_nondesignquota_precisionchol_basefitbootinit_preboot_20260521/runs/scenario2/bootstrap/federated/scenario2/raw_runs/run_20260522-225801/optim_trace_trial_122_20260522-230034.csv","final_file":"/project/temp/deferiprone_single_oral_25mgkg_designcheck_20260511/validation/design_change_n403030_wtmclustT10_nomix_site403030_nondesignquota_precisionchol_basefitbootinit_preboot_20260521/runs/scenario2/bootstrap/federated/scenario2/raw_runs/run_20260522-225801/final_params_trial_122_20260522-230034.csv"},{"trial":123,"execution_state":"completed","converged":true,"attempts":1,"convergence":0,"value":2175.295,"eval_fn":17,"eval_gr":17,"log_n":17,"failed_clients_n":0,"message":"CONVERGENCE: REL_REDUCTION_OF_F <= FACTR*EPSMCH","result_file":"/project/temp/deferiprone_single_oral_25mgkg_designcheck_20260511/validation/design_change_n403030_wtmclustT10_nomix_site403030_nondesignquota_precisionchol_basefitbootinit_preboot_20260521/runs/scenario2/bootstrap/federated/scenario2/raw_runs/run_20260522-225801/optim_result_trial_123_20260522-230804.json","trace_file":"/project/temp/deferiprone_single_oral_25mgkg_designcheck_20260511/validation/design_change_n403030_wtmclustT10_nomix_site403030_nondesignquota_precisionchol_basefitbootinit_preboot_20260521/runs/scenario2/bootstrap/federated/scenario2/raw_runs/run_20260522-225801/optim_trace_trial_123_20260522-230804.csv","final_file":"/project/temp/deferiprone_single_oral_25mgkg_designcheck_20260511/validation/design_change_n403030_wtmclustT10_nomix_site403030_nondesignquota_precisionchol_basefitbootinit_preboot_20260521/runs/scenario2/bootstrap/federated/scenario2/raw_runs/run_20260522-225801/final_params_trial_123_20260522-230804.csv"},{"trial":124,"execution_state":"completed","converged":true,"attempts":1,"convergence":0,"value":2219.1337,"eval_fn":22,"eval_gr":22,"log_n":22,"failed_clients_n":0,"message":"CONVERGENCE: REL_REDUCTION_OF_F <= FACTR*EPSMCH","result_file":"/project/temp/deferiprone_single_oral_25mgkg_designcheck_20260511/validation/design_change_n403030_wtmclustT10_nomix_site403030_nondesignquota_precisionchol_basefitbootinit_preboot_20260521/runs/scenario2/bootstrap/federated/scenario2/raw_runs/run_20260522-225801/optim_result_trial_124_20260522-231014.json","trace_file":"/project/temp/deferiprone_single_oral_25mgkg_designcheck_20260511/validation/design_change_n403030_wtmclustT10_nomix_site403030_nondesignquota_precisionchol_basefitbootinit_preboot_20260521/runs/scenario2/bootstrap/federated/scenario2/raw_runs/run_20260522-225801/optim_trace_trial_124_20260522-231014.csv","final_file":"/project/temp/deferiprone_single_oral_25mgkg_designcheck_20260511/validation/design_change_n403030_wtmclustT10_nomix_site403030_nondesignquota_precisionchol_basefitbootinit_preboot_20260521/runs/scenario2/bootstrap/federated/scenario2/raw_runs/run_20260522-225801/final_params_trial_124_20260522-231014.csv"},{"trial":125,"execution_state":"completed","converged":true,"attempts":1,"convergence":0,"value":2156.4605,"eval_fn":25,"eval_gr":25,"log_n":25,"failed_clients_n":0,"message":"CONVERGENCE: REL_REDUCTION_OF_F <= FACTR*EPSMCH","result_file":"/project/temp/deferiprone_single_oral_25mgkg_designcheck_20260511/validation/design_change_n403030_wtmclustT10_nomix_site403030_nondesignquota_precisionchol_basefitbootinit_preboot_20260521/runs/scenario2/bootstrap/federated/scenario2/raw_runs/run_20260522-225801/optim_result_trial_125_20260522-231304.json","trace_file":"/project/temp/deferiprone_single_oral_25mgkg_designcheck_20260511/validation/design_change_n403030_wtmclustT10_nomix_site403030_nondesignquota_precisionchol_basefitbootinit_preboot_20260521/runs/scenario2/bootstrap/federated/scenario2/raw_runs/run_20260522-225801/optim_trace_trial_125_20260522-231304.csv","final_file":"/project/temp/deferiprone_single_oral_25mgkg_designcheck_20260511/validation/design_change_n403030_wtmclustT10_nomix_site403030_nondesignquota_precisionchol_basefitbootinit_preboot_20260521/runs/scenario2/bootstrap/federated/scenario2/raw_runs/run_20260522-225801/final_params_trial_125_20260522-231304.csv"}],"info":{"run_id":"20260522-225801","log_base_dir":"/project/temp/deferiprone_single_oral_25mgkg_designcheck_20260511/validation/design_change_n403030_wtmclustT10_nomix_site403030_nondesignquota_precisionchol_basefitbootinit_preboot_20260521/runs/scenario2/bootstrap/federated","scenario":"scenario2/raw_runs","total_trials":5,"successes":5,"failures":0,"nonconverged_count":0,"nonconverged_trials":[],"convergence_missing_count":0,"seed_base":4869,"B_per_client":500,"duration_sec":1101.768122673,"host":"ba1c3fbb46a6","image_tag":null,"communication":{"generated_at":"2026-05-22T23:16:17Z","totals":{"requests":861,"request_bytes":959157,"response_bytes":218321,"total_bytes":1177478,"retries":0},"init":{"requests":3,"request_bytes":8139,"response_bytes":1161,"total_bytes":9300,"retries":0,"median_elapsed_sec":0.36489653587},"init_round_latency":{"n_rounds":1,"median_round_wall_sec":0.37524008751,"p95_round_wall_sec":0.37524008751},"run":{"requests":0,"request_bytes":0,"response_bytes":0,"total_bytes":0,"retries":0,"median_elapsed_sec":"NA"},"run_bootstrap":{"requests":858,"request_bytes":951018,"response_bytes":217160,"total_bytes":1168178,"retries":0,"median_elapsed_sec":3.6699895859},"round_latency":{"n_rounds":286,"median_round_wall_sec":3.7842892408,"p95_round_wall_sec":4.0795747042},"timing_split":{"n_rounds":286,"rounds_with_compute":286,"total_round_wall_sec":1089.8467354774,"total_round_compute_wall_sec":1080.1617,"total_round_comm_overhead_wall_sec":9.6850354774,"comm_overhead_ratio":0.0088866031912,"compute_ratio":0.99111339681}},"communication_files":{"csv":"/project/temp/deferiprone_single_oral_25mgkg_designcheck_20260511/validation/design_change_n403030_wtmclustT10_nomix_site403030_nondesignquota_precisionchol_basefitbootinit_preboot_20260521/runs/scenario2/bootstrap/federated/scenario2/raw_runs/run_20260522-225801/comm_metrics.csv","json":"/project/temp/deferiprone_single_oral_25mgkg_designcheck_20260511/validation/design_change_n403030_wtmclustT10_nomix_site403030_nondesignquota_precisionchol_basefitbootinit_preboot_20260521/runs/scenario2/bootstrap/federated/scenario2/raw_runs/run_20260522-225801/comm_metrics.json"},"output_files":{"bootstrap_summary_csv":"/project/temp/deferiprone_single_oral_25mgkg_designcheck_20260511/validation/design_change_n403030_wtmclustT10_nomix_site403030_nondesignquota_precisionchol_basefitbootinit_preboot_20260521/runs/scenario2/bootstrap/federated/scenario2/raw_runs/run_20260522-225801/bootstrap_summary.csv","bootstrap_summary_json":"/project/temp/deferiprone_single_oral_25mgkg_designcheck_20260511/validation/design_change_n403030_wtmclustT10_nomix_site403030_nondesignquota_precisionchol_basefitbootinit_preboot_20260521/runs/scenario2/bootstrap/federated/scenario2/raw_runs/run_20260522-225801/bootstrap_summary.json","trial_status_csv":"/project/temp/deferiprone_single_oral_25mgkg_designcheck_20260511/validation/design_change_n403030_wtmclustT10_nomix_site403030_nondesignquota_precisionchol_basefitbootinit_preboot_20260521/runs/scenario2/bootstrap/federated/scenario2/raw_runs/run_20260522-225801/trial_status.csv","failed_trials_csv":"/project/temp/deferiprone_single_oral_25mgkg_designcheck_20260511/validation/design_change_n403030_wtmclustT10_nomix_site403030_nondesignquota_precisionchol_basefitbootinit_preboot_20260521/runs/scenario2/bootstrap/federated/scenario2/raw_runs/run_20260522-225801/failed_trials.csv","trial_estimates_wide_csv":"/project/temp/deferiprone_single_oral_25mgkg_designcheck_20260511/validation/design_change_n403030_wtmclustT10_nomix_site403030_nondesignquota_precisionchol_basefitbootinit_preboot_20260521/runs/scenario2/bootstrap/federated/scenario2/raw_runs/run_20260522-225801/trial_estimates_wide.csv","trial_estimates_long_csv":"/project/temp/deferiprone_single_oral_25mgkg_designcheck_20260511/validation/design_change_n403030_wtmclustT10_nomix_site403030_nondesignquota_precisionchol_basefitbootinit_preboot_20260521/runs/scenario2/bootstrap/federated/scenario2/raw_runs/run_20260522-225801/trial_estimates_long.csv","result_json":"/project/temp/deferiprone_single_oral_25mgkg_designcheck_20260511/validation/design_change_n403030_wtmclustT10_nomix_site403030_nondesignquota_precisionchol_basefitbootinit_preboot_20260521/runs/scenario2/bootstrap/federated/scenario2/raw_runs/run_20260522-225801/result.json"}}}
[Kserver-1 exited with code 0
Aborting on container exit...
 Container defboot_design_change_n403030_wtmclu_scenario2_121_125-server-1  Stopping
 Container defboot_design_change_n403030_wtmclu_scenario2_121_125-server-1  Stopped
 Container defboot_design_change_n403030_wtmclu_scenario2_121_125-client1-1  Stopping
 Container defboot_design_change_n403030_wtmclu_scenario2_121_125-client2-1  Stopping
 Container defboot_design_change_n403030_wtmclu_scenario2_121_125-client3-1  Stopping
 Container defboot_design_change_n403030_wtmclu_scenario2_121_125-client3-1  Stopped
 Container defboot_design_change_n403030_wtmclu_scenario2_121_125-client2-1  Stopped
 Container defboot_design_change_n403030_wtmclu_scenario2_121_125-client1-1  Stopped
time="2026-05-23T08:16:28+09:00" level=warning msg="The \"SERVER_CONFIG_PATH\" variable is not set. Defaulting to a blank string."
 Container defboot_design_change_n403030_wtmclu_scenario2_121_125-server-1  Stopping
 Container defboot_design_change_n403030_wtmclu_scenario2_121_125-server-1  Stopped
 Container defboot_design_change_n403030_wtmclu_scenario2_121_125-server-1  Removing
 Container defboot_design_change_n403030_wtmclu_scenario2_121_125-server-1  Removed
 Container defboot_design_change_n403030_wtmclu_scenario2_121_125-client3-1  Stopping
 Container defboot_design_change_n403030_wtmclu_scenario2_121_125-client1-1  Stopping
 Container defboot_design_change_n403030_wtmclu_scenario2_121_125-client2-1  Stopping
 Container defboot_design_change_n403030_wtmclu_scenario2_121_125-client3-1  Stopped
 Container defboot_design_change_n403030_wtmclu_scenario2_121_125-client3-1  Removing
 Container defboot_design_change_n403030_wtmclu_scenario2_121_125-client1-1  Stopped
 Container defboot_design_change_n403030_wtmclu_scenario2_121_125-client1-1  Removing
 Container defboot_design_change_n403030_wtmclu_scenario2_121_125-client2-1  Stopped
 Container defboot_design_change_n403030_wtmclu_scenario2_121_125-client2-1  Removing
 Container defboot_design_change_n403030_wtmclu_scenario2_121_125-client3-1  Removed
 Container defboot_design_change_n403030_wtmclu_scenario2_121_125-client2-1  Removed
 Container defboot_design_change_n403030_wtmclu_scenario2_121_125-client1-1  Removed
 Network defboot_design_change_n403030_wtmclu_scenario2_121_125_site1_net  Removing
 Network defboot_design_change_n403030_wtmclu_scenario2_121_125_site3_net  Removing
 Network defboot_design_change_n403030_wtmclu_scenario2_121_125_site2_net  Removing
 Network defboot_design_change_n403030_wtmclu_scenario2_121_125_site1_net  Removed
 Network defboot_design_change_n403030_wtmclu_scenario2_121_125_site3_net  Removed
 Network defboot_design_change_n403030_wtmclu_scenario2_121_125_site2_net  Removed
