time="2026-05-23T19:11:24+09:00" level=warning msg="The \"SERVER_CONFIG_PATH\" variable is not set. Defaulting to a blank string."
Compose now can delegate build to bake for better performances
Just set COMPOSE_BAKE=true
#0 building with "default" instance using docker driver

#1 [client3 internal] load build definition from Dockerfile.app
#1 transferring dockerfile: 778B done
#1 DONE 0.0s

#2 [client2 internal] load build definition from Dockerfile.app
#2 transferring dockerfile: 778B done
#2 DONE 0.0s

#3 [client1 internal] load build definition from Dockerfile.app
#3 transferring dockerfile: 778B done
#3 DONE 0.0s

#4 [client1 internal] load metadata for docker.io/fedpoppk/base:0.1.0
#4 DONE 0.0s

#5 [client3 internal] load .dockerignore
#5 transferring context: 2B done
#5 DONE 0.0s

#6 [client2 internal] load .dockerignore
#6 transferring context: 2B done
#6 DONE 0.0s

#7 [client1 internal] load .dockerignore
#7 transferring context: 2B done
#7 DONE 0.0s

#8 [client2 1/8] FROM docker.io/fedpoppk/base:0.1.0
#8 DONE 0.0s

#9 [client3 internal] load build context
#9 transferring context: 736.51kB 0.3s done
#9 DONE 0.3s

#10 [client2 internal] load build context
#10 transferring context: 736.51kB 0.3s done
#10 DONE 0.3s

#11 [client1 internal] load build context
#11 transferring context: 736.51kB 0.3s done
#11 DONE 0.3s

#12 [client3 7/8] COPY analysis/ analysis/
#12 CACHED

#13 [client3 2/8] WORKDIR /project
#13 CACHED

#14 [client3 5/8] COPY apps/ apps/
#14 CACHED

#15 [client3 6/8] COPY R/ R/
#15 CACHED

#16 [client3 3/8] COPY renv.lock .Rprofile renv/activate.R ./
#16 CACHED

#17 [client3 4/8] RUN Rscript -e "options(renv.consent=TRUE, Ncpus=parallel::detectCores());                 renv::restore(prompt=FALSE)"
#17 CACHED

#18 [client2 8/8] RUN mkdir -p /project/configs/modes /project/data /project/artifacts /project/result
#18 CACHED

#19 [client3] exporting to image
#19 exporting layers done
#19 writing image sha256:9fc33c3554441acf8821bc38ca30459d71daa916690fa01016bd8a6854a43e4d done
#19 naming to docker.io/library/defboot_design_change_n403030_wtmclu_scenario2_341_345-client3 0.0s done
#19 DONE 0.0s

#20 [client1] exporting to image
#20 exporting layers done
#20 writing image sha256:d547d39d0c8b3436f7f27d94cdeb9542b57ccec70b4b16d082097d9f3b7fd03f done
#20 naming to docker.io/library/defboot_design_change_n403030_wtmclu_scenario2_341_345-client1 0.0s done
#20 DONE 0.0s

#21 [client2] exporting to image
#21 exporting layers done
#21 writing image sha256:760a44b33bf573922ecd8d5aa5c5dc612bd2560a09400fd9216bfe38b68633b1 done
#21 naming to docker.io/library/defboot_design_change_n403030_wtmclu_scenario2_341_345-client2 0.0s done
#21 DONE 0.1s

#22 [client3] resolving provenance for metadata file
#22 DONE 0.0s

#23 [client1] resolving provenance for metadata file
#23 DONE 0.0s

#24 [client2] resolving provenance for metadata file
#24 DONE 0.0s

#25 [server internal] load build definition from Dockerfile.app
#25 transferring dockerfile: 778B done
#25 DONE 0.0s

#4 [server internal] load metadata for docker.io/fedpoppk/base:0.1.0
#4 DONE 0.0s

#26 [server internal] load .dockerignore
#26 transferring context: 2B done
#26 DONE 0.0s

#8 [server 1/8] FROM docker.io/fedpoppk/base:0.1.0
#8 DONE 0.0s

#27 [server internal] load build context
#27 transferring context: 736.51kB 0.3s done
#27 DONE 0.3s

#28 [server 4/8] RUN Rscript -e "options(renv.consent=TRUE, Ncpus=parallel::detectCores());                 renv::restore(prompt=FALSE)"
#28 CACHED

#29 [server 6/8] COPY R/ R/
#29 CACHED

#30 [server 7/8] COPY analysis/ analysis/
#30 CACHED

#31 [server 5/8] COPY apps/ apps/
#31 CACHED

#13 [server 2/8] WORKDIR /project
#13 CACHED

#32 [server 3/8] COPY renv.lock .Rprofile renv/activate.R ./
#32 CACHED

#33 [server 8/8] RUN mkdir -p /project/configs/modes /project/data /project/artifacts /project/result
#33 CACHED

#34 [server] exporting to image
#34 exporting layers done
#34 writing image sha256:a030ddb76c083719552bb7a1b336658dda2db4a336a89fa19d3720fb29f8dcb1 done
#34 naming to docker.io/library/defboot_design_change_n403030_wtmclu_scenario2_341_345-server 0.0s done
#34 DONE 0.0s

#35 [server] resolving provenance for metadata file
#35 DONE 0.0s
 client1  Built
 client2  Built
 client3  Built
 server  Built
 Network defboot_design_change_n403030_wtmclu_scenario2_341_345_site1_net  Creating
 Network defboot_design_change_n403030_wtmclu_scenario2_341_345_site1_net  Created
 Network defboot_design_change_n403030_wtmclu_scenario2_341_345_site2_net  Creating
 Network defboot_design_change_n403030_wtmclu_scenario2_341_345_site2_net  Created
 Network defboot_design_change_n403030_wtmclu_scenario2_341_345_site3_net  Creating
 Network defboot_design_change_n403030_wtmclu_scenario2_341_345_site3_net  Created
 Container defboot_design_change_n403030_wtmclu_scenario2_341_345-client1-1  Creating
 Container defboot_design_change_n403030_wtmclu_scenario2_341_345-client2-1  Creating
 Container defboot_design_change_n403030_wtmclu_scenario2_341_345-client3-1  Creating
 Container defboot_design_change_n403030_wtmclu_scenario2_341_345-client2-1  Created
 Container defboot_design_change_n403030_wtmclu_scenario2_341_345-client3-1  Created
 Container defboot_design_change_n403030_wtmclu_scenario2_341_345-client1-1  Created
 Container defboot_design_change_n403030_wtmclu_scenario2_341_345-server-1  Creating
 Container defboot_design_change_n403030_wtmclu_scenario2_341_345-server-1  Created
Attaching to client1-1, client2-1, client3-1, server-1
client2-1  | Running plumber API at http://0.0.0.0:8000
client2-1  | Running swagger Docs at http://127.0.0.1:8000/__docs__/
client3-1  | Running plumber API at http://0.0.0.0:8000
client3-1  | Running swagger Docs at http://127.0.0.1:8000/__docs__/
client1-1  | Running plumber API at http://0.0.0.0:8000
client1-1  | Running swagger Docs at http://127.0.0.1:8000/__docs__/
client2-1  | ℹ parameter labels from comments are typically ignored in non-interactive mode
client2-1  | ℹ Need to run with the source intact to parse comments
client3-1  | ℹ parameter labels from comments are typically ignored in non-interactive mode
client3-1  | ℹ Need to run with the source intact to parse comments
client1-1  | ℹ parameter labels from comments are typically ignored in non-interactive mode
client1-1  | ℹ Need to run with the source intact to parse comments
server-1   | [send_init] http://client2:8000 init succeeded
server-1   | [send_init] http://client3:8000 init succeeded
server-1   | [send_init] http://client1:8000 init succeeded
server-1   | {"schema":{"schema_version":"1.1.0","generated_at":"2026-05-23T10:11:32Z","config_path":"/project/configs/../temp/deferiprone_single_oral_25mgkg_designcheck_20260511/validation/design_change_n403030_wtmclustT10_nomix_site403030_nondesignquota_precisionchol_basefitbootinit_preboot_20260521/configs/resolved/scenario2_bootstrap.json","config_md5":"67e6a296d3935d620e746ed6160f8ca2","seed":4869,"host":"75ca251cf5da","pid":1,"image_tag":null,"git_sha":null,"git_dirty":null},"aggregation":{"ci_method":"percentile","ci_level":0.95,"quantile_type":7,"estimates_scale":"natural"},"summary":[{"parameter":"(etaLcl,etaLvc)","median":0.063415554773,"p2.5":0.049608628039,"p97.5":0.078171685109},{"parameter":"CcPropSd","median":0.36263172022,"p2.5":0.34371437723,"p97.5":0.37705839695},{"parameter":"etaLcl","median":0.10931872455,"p2.5":0.091442053839,"p97.5":0.1317335604},{"parameter":"etaLvc","median":0.038303891163,"p2.5":0.028409435223,"p97.5":0.050621671843},{"parameter":"lcl","median":2.1558051328,"p2.5":2.1366232915,"p97.5":2.2596980436},{"parameter":"lka","median":2.1499205718,"p2.5":2.0575453467,"p97.5":2.3014897613},{"parameter":"lvc","median":2.971676411,"p2.5":2.9192043301,"p97.5":3.0148973026},{"parameter":"rho_(etaLcl,etaLvc)","median":0.98000224536,"p2.5":0.97330444814,"p97.5":0.98472032147}],"runs":[{"tag":"trial_341_20260523-101132","value":2195.2517,"counts":[21,21],"control":{"maxit":100,"factr":1000000000,"pgtol":0,"trace":0,"method":"L-BFGS-B"},"convergence":0,"message":"CONVERGENCE: REL_REDUCTION_OF_F <= FACTR*EPSMCH","nat_par":{"lka":2.051794786,"lcl":2.2681519983,"lvc":3.0189884333,"CcPropSd":0.37481636819,"etaLcl":0.10931872455,"etaLvc":0.038303891163,"(etaLcl,etaLvc)":0.063415554773,"rho_(etaLcl,etaLvc)":0.98000224536},"failed_clients":[],"attempt":1,"files":{"result":"/project/temp/deferiprone_single_oral_25mgkg_designcheck_20260511/validation/design_change_n403030_wtmclustT10_nomix_site403030_nondesignquota_precisionchol_basefitbootinit_preboot_20260521/runs/scenario2/bootstrap/federated/scenario2/raw_runs/run_20260523-101132/optim_result_trial_341_20260523-101132.json","trace":"/project/temp/deferiprone_single_oral_25mgkg_designcheck_20260511/validation/design_change_n403030_wtmclustT10_nomix_site403030_nondesignquota_precisionchol_basefitbootinit_preboot_20260521/runs/scenario2/bootstrap/federated/scenario2/raw_runs/run_20260523-101132/optim_trace_trial_341_20260523-101132.csv","final":"/project/temp/deferiprone_single_oral_25mgkg_designcheck_20260511/validation/design_change_n403030_wtmclustT10_nomix_site403030_nondesignquota_precisionchol_basefitbootinit_preboot_20260521/runs/scenario2/bootstrap/federated/scenario2/raw_runs/run_20260523-101132/final_params_trial_341_20260523-101132.csv"},"log_n":21,"execution_state":"completed","trial":341,"attempts":1},{"tag":"trial_342_20260523-101411","value":2244.187,"counts":[28,28],"control":{"maxit":100,"factr":1000000000,"pgtol":0,"trace":0,"method":"L-BFGS-B"},"convergence":0,"message":"CONVERGENCE: REL_REDUCTION_OF_F <= FACTR*EPSMCH","nat_par":{"lka":2.1093003933,"lcl":2.1558051328,"lvc":2.9170040634,"CcPropSd":0.37730751125,"etaLcl":0.090712356243,"etaLvc":0.028072572367,"(etaLcl,etaLvc)":0.049102006516,"rho_(etaLcl,etaLvc)":0.97302704305},"failed_clients":[],"attempt":1,"files":{"result":"/project/temp/deferiprone_single_oral_25mgkg_designcheck_20260511/validation/design_change_n403030_wtmclustT10_nomix_site403030_nondesignquota_precisionchol_basefitbootinit_preboot_20260521/runs/scenario2/bootstrap/federated/scenario2/raw_runs/run_20260523-101132/optim_result_trial_342_20260523-101411.json","trace":"/project/temp/deferiprone_single_oral_25mgkg_designcheck_20260511/validation/design_change_n403030_wtmclustT10_nomix_site403030_nondesignquota_precisionchol_basefitbootinit_preboot_20260521/runs/scenario2/bootstrap/federated/scenario2/raw_runs/run_20260523-101132/optim_trace_trial_342_20260523-101411.csv","final":"/project/temp/deferiprone_single_oral_25mgkg_designcheck_20260511/validation/design_change_n403030_wtmclustT10_nomix_site403030_nondesignquota_precisionchol_basefitbootinit_preboot_20260521/runs/scenario2/bootstrap/federated/scenario2/raw_runs/run_20260523-101132/final_params_trial_342_20260523-101411.csv"},"log_n":28,"execution_state":"completed","trial":342,"attempts":1},{"tag":"trial_343_20260523-101744","value":2266.4555,"counts":[41,41],"control":{"maxit":100,"factr":1000000000,"pgtol":0,"trace":0,"method":"L-BFGS-B"},"convergence":0,"message":"CONVERGENCE: REL_REDUCTION_OF_F <= FACTR*EPSMCH","nat_par":{"lka":2.1499205718,"lcl":2.1397173948,"lvc":2.978077126,"CcPropSd":0.36263172022,"etaLcl":0.12371682219,"etaLvc":0.051287574403,"(etaLcl,etaLvc)":0.078456504546,"rho_(etaLcl,etaLvc)":0.98493710147},"failed_clients":[],"attempt":1,"files":{"result":"/project/temp/deferiprone_single_oral_25mgkg_designcheck_20260511/validation/design_change_n403030_wtmclustT10_nomix_site403030_nondesignquota_precisionchol_basefitbootinit_preboot_20260521/runs/scenario2/bootstrap/federated/scenario2/raw_runs/run_20260523-101132/optim_result_trial_343_20260523-101744.json","trace":"/project/temp/deferiprone_single_oral_25mgkg_designcheck_20260511/validation/design_change_n403030_wtmclustT10_nomix_site403030_nondesignquota_precisionchol_basefitbootinit_preboot_20260521/runs/scenario2/bootstrap/federated/scenario2/raw_runs/run_20260523-101132/optim_trace_trial_343_20260523-101744.csv","final":"/project/temp/deferiprone_single_oral_25mgkg_designcheck_20260511/validation/design_change_n403030_wtmclustT10_nomix_site403030_nondesignquota_precisionchol_basefitbootinit_preboot_20260521/runs/scenario2/bootstrap/federated/scenario2/raw_runs/run_20260523-101132/final_params_trial_343_20260523-101744.csv"},"log_n":40,"execution_state":"completed","trial":343,"attempts":1},{"tag":"trial_344_20260523-102249","value":2231.3755,"counts":[35,35],"control":{"maxit":100,"factr":1000000000,"pgtol":0,"trace":0,"method":"L-BFGS-B"},"convergence":0,"message":"CONVERGENCE: REL_REDUCTION_OF_F <= FACTR*EPSMCH","nat_par":{"lka":2.3036385475,"lcl":2.1362795022,"lvc":2.9390067303,"CcPropSd":0.35451006602,"etaLcl":0.098009332206,"etaLvc":0.031441200926,"(etaLcl,etaLvc)":0.05416822175,"rho_(etaLcl,etaLvc)":0.97580109392},"failed_clients":[],"attempt":1,"files":{"result":"/project/temp/deferiprone_single_oral_25mgkg_designcheck_20260511/validation/design_change_n403030_wtmclustT10_nomix_site403030_nondesignquota_precisionchol_basefitbootinit_preboot_20260521/runs/scenario2/bootstrap/federated/scenario2/raw_runs/run_20260523-101132/optim_result_trial_344_20260523-102249.json","trace":"/project/temp/deferiprone_single_oral_25mgkg_designcheck_20260511/validation/design_change_n403030_wtmclustT10_nomix_site403030_nondesignquota_precisionchol_basefitbootinit_preboot_20260521/runs/scenario2/bootstrap/federated/scenario2/raw_runs/run_20260523-101132/optim_trace_trial_344_20260523-102249.csv","final":"/project/temp/deferiprone_single_oral_25mgkg_designcheck_20260511/validation/design_change_n403030_wtmclustT10_nomix_site403030_nondesignquota_precisionchol_basefitbootinit_preboot_20260521/runs/scenario2/bootstrap/federated/scenario2/raw_runs/run_20260523-101132/final_params_trial_344_20260523-102249.csv"},"log_n":35,"execution_state":"completed","trial":344,"attempts":1},{"tag":"trial_345_20260523-102717","value":2224.3142,"counts":[19,19],"control":{"maxit":100,"factr":1000000000,"pgtol":0,"trace":0,"method":"L-BFGS-B"},"convergence":0,"message":"CONVERGENCE: REL_REDUCTION_OF_F <= FACTR*EPSMCH","nat_par":{"lka":2.2821506863,"lcl":2.1836124509,"lvc":2.971676411,"CcPropSd":0.34251485626,"etaLcl":0.13262430909,"etaLvc":0.044628548806,"(etaLcl,etaLvc)":0.075608310174,"rho_(etaLcl,etaLvc)":0.98276930146},"failed_clients":[],"attempt":1,"files":{"result":"/project/temp/deferiprone_single_oral_25mgkg_designcheck_20260511/validation/design_change_n403030_wtmclustT10_nomix_site403030_nondesignquota_precisionchol_basefitbootinit_preboot_20260521/runs/scenario2/bootstrap/federated/scenario2/raw_runs/run_20260523-101132/optim_result_trial_345_20260523-102717.json","trace":"/project/temp/deferiprone_single_oral_25mgkg_designcheck_20260511/validation/design_change_n403030_wtmclustT10_nomix_site403030_nondesignquota_precisionchol_basefitbootinit_preboot_20260521/runs/scenario2/bootstrap/federated/scenario2/raw_runs/run_20260523-101132/optim_trace_trial_345_20260523-102717.csv","final":"/project/temp/deferiprone_single_oral_25mgkg_designcheck_20260511/validation/design_change_n403030_wtmclustT10_nomix_site403030_nondesignquota_precisionchol_basefitbootinit_preboot_20260521/runs/scenario2/bootstrap/federated/scenario2/raw_runs/run_20260523-101132/final_params_trial_345_20260523-102717.csv"},"log_n":19,"execution_state":"completed","trial":345,"attempts":1}],"trial_status":[{"trial":341,"execution_state":"completed","converged":true,"attempts":1,"convergence":0,"value":2195.2517,"eval_fn":21,"eval_gr":21,"log_n":21,"failed_clients_n":0,"message":"CONVERGENCE: REL_REDUCTION_OF_F <= FACTR*EPSMCH","result_file":"/project/temp/deferiprone_single_oral_25mgkg_designcheck_20260511/validation/design_change_n403030_wtmclustT10_nomix_site403030_nondesignquota_precisionchol_basefitbootinit_preboot_20260521/runs/scenario2/bootstrap/federated/scenario2/raw_runs/run_20260523-101132/optim_result_trial_341_20260523-101132.json","trace_file":"/project/temp/deferiprone_single_oral_25mgkg_designcheck_20260511/validation/design_change_n403030_wtmclustT10_nomix_site403030_nondesignquota_precisionchol_basefitbootinit_preboot_20260521/runs/scenario2/bootstrap/federated/scenario2/raw_runs/run_20260523-101132/optim_trace_trial_341_20260523-101132.csv","final_file":"/project/temp/deferiprone_single_oral_25mgkg_designcheck_20260511/validation/design_change_n403030_wtmclustT10_nomix_site403030_nondesignquota_precisionchol_basefitbootinit_preboot_20260521/runs/scenario2/bootstrap/federated/scenario2/raw_runs/run_20260523-101132/final_params_trial_341_20260523-101132.csv"},{"trial":342,"execution_state":"completed","converged":true,"attempts":1,"convergence":0,"value":2244.187,"eval_fn":28,"eval_gr":28,"log_n":28,"failed_clients_n":0,"message":"CONVERGENCE: REL_REDUCTION_OF_F <= FACTR*EPSMCH","result_file":"/project/temp/deferiprone_single_oral_25mgkg_designcheck_20260511/validation/design_change_n403030_wtmclustT10_nomix_site403030_nondesignquota_precisionchol_basefitbootinit_preboot_20260521/runs/scenario2/bootstrap/federated/scenario2/raw_runs/run_20260523-101132/optim_result_trial_342_20260523-101411.json","trace_file":"/project/temp/deferiprone_single_oral_25mgkg_designcheck_20260511/validation/design_change_n403030_wtmclustT10_nomix_site403030_nondesignquota_precisionchol_basefitbootinit_preboot_20260521/runs/scenario2/bootstrap/federated/scenario2/raw_runs/run_20260523-101132/optim_trace_trial_342_20260523-101411.csv","final_file":"/project/temp/deferiprone_single_oral_25mgkg_designcheck_20260511/validation/design_change_n403030_wtmclustT10_nomix_site403030_nondesignquota_precisionchol_basefitbootinit_preboot_20260521/runs/scenario2/bootstrap/federated/scenario2/raw_runs/run_20260523-101132/final_params_trial_342_20260523-101411.csv"},{"trial":343,"execution_state":"completed","converged":true,"attempts":1,"convergence":0,"value":2266.4555,"eval_fn":41,"eval_gr":41,"log_n":40,"failed_clients_n":0,"message":"CONVERGENCE: REL_REDUCTION_OF_F <= FACTR*EPSMCH","result_file":"/project/temp/deferiprone_single_oral_25mgkg_designcheck_20260511/validation/design_change_n403030_wtmclustT10_nomix_site403030_nondesignquota_precisionchol_basefitbootinit_preboot_20260521/runs/scenario2/bootstrap/federated/scenario2/raw_runs/run_20260523-101132/optim_result_trial_343_20260523-101744.json","trace_file":"/project/temp/deferiprone_single_oral_25mgkg_designcheck_20260511/validation/design_change_n403030_wtmclustT10_nomix_site403030_nondesignquota_precisionchol_basefitbootinit_preboot_20260521/runs/scenario2/bootstrap/federated/scenario2/raw_runs/run_20260523-101132/optim_trace_trial_343_20260523-101744.csv","final_file":"/project/temp/deferiprone_single_oral_25mgkg_designcheck_20260511/validation/design_change_n403030_wtmclustT10_nomix_site403030_nondesignquota_precisionchol_basefitbootinit_preboot_20260521/runs/scenario2/bootstrap/federated/scenario2/raw_runs/run_20260523-101132/final_params_trial_343_20260523-101744.csv"},{"trial":344,"execution_state":"completed","converged":true,"attempts":1,"convergence":0,"value":2231.3755,"eval_fn":35,"eval_gr":35,"log_n":35,"failed_clients_n":0,"message":"CONVERGENCE: REL_REDUCTION_OF_F <= FACTR*EPSMCH","result_file":"/project/temp/deferiprone_single_oral_25mgkg_designcheck_20260511/validation/design_change_n403030_wtmclustT10_nomix_site403030_nondesignquota_precisionchol_basefitbootinit_preboot_20260521/runs/scenario2/bootstrap/federated/scenario2/raw_runs/run_20260523-101132/optim_result_trial_344_20260523-102249.json","trace_file":"/project/temp/deferiprone_single_oral_25mgkg_designcheck_20260511/validation/design_change_n403030_wtmclustT10_nomix_site403030_nondesignquota_precisionchol_basefitbootinit_preboot_20260521/runs/scenario2/bootstrap/federated/scenario2/raw_runs/run_20260523-101132/optim_trace_trial_344_20260523-102249.csv","final_file":"/project/temp/deferiprone_single_oral_25mgkg_designcheck_20260511/validation/design_change_n403030_wtmclustT10_nomix_site403030_nondesignquota_precisionchol_basefitbootinit_preboot_20260521/runs/scenario2/bootstrap/federated/scenario2/raw_runs/run_20260523-101132/final_params_trial_344_20260523-102249.csv"},{"trial":345,"execution_state":"completed","converged":true,"attempts":1,"convergence":0,"value":2224.3142,"eval_fn":19,"eval_gr":19,"log_n":19,"failed_clients_n":0,"message":"CONVERGENCE: REL_REDUCTION_OF_F <= FACTR*EPSMCH","result_file":"/project/temp/deferiprone_single_oral_25mgkg_designcheck_20260511/validation/design_change_n403030_wtmclustT10_nomix_site403030_nondesignquota_precisionchol_basefitbootinit_preboot_20260521/runs/scenario2/bootstrap/federated/scenario2/raw_runs/run_20260523-101132/optim_result_trial_345_20260523-102717.json","trace_file":"/project/temp/deferiprone_single_oral_25mgkg_designcheck_20260511/validation/design_change_n403030_wtmclustT10_nomix_site403030_nondesignquota_precisionchol_basefitbootinit_preboot_20260521/runs/scenario2/bootstrap/federated/scenario2/raw_runs/run_20260523-101132/optim_trace_trial_345_20260523-102717.csv","final_file":"/project/temp/deferiprone_single_oral_25mgkg_designcheck_20260511/validation/design_change_n403030_wtmclustT10_nomix_site403030_nondesignquota_precisionchol_basefitbootinit_preboot_20260521/runs/scenario2/bootstrap/federated/scenario2/raw_runs/run_20260523-101132/final_params_trial_345_20260523-102717.csv"}],"info":{"run_id":"20260523-101132","log_base_dir":"/project/temp/deferiprone_single_oral_25mgkg_designcheck_20260511/validation/design_change_n403030_wtmclustT10_nomix_site403030_nondesignquota_precisionchol_basefitbootinit_preboot_20260521/runs/scenario2/bootstrap/federated","scenario":"scenario2/raw_runs","total_trials":5,"successes":5,"failures":0,"nonconverged_count":0,"nonconverged_trials":[],"convergence_missing_count":0,"seed_base":4869,"B_per_client":500,"duration_sec":1096.6953396797,"host":"75ca251cf5da","image_tag":null,"communication":{"generated_at":"2026-05-23T10:29:43Z","totals":{"requests":861,"request_bytes":959295,"response_bytes":218895,"total_bytes":1178190,"retries":0},"init":{"requests":3,"request_bytes":8139,"response_bytes":1161,"total_bytes":9300,"retries":0,"median_elapsed_sec":0.36837673187},"init_round_latency":{"n_rounds":1,"median_round_wall_sec":0.37243628502,"p95_round_wall_sec":0.37243628502},"run":{"requests":0,"request_bytes":0,"response_bytes":0,"total_bytes":0,"retries":0,"median_elapsed_sec":"NA"},"run_bootstrap":{"requests":858,"request_bytes":951156,"response_bytes":217734,"total_bytes":1168890,"retries":0,"median_elapsed_sec":3.6524760723},"round_latency":{"n_rounds":286,"median_round_wall_sec":3.7752641439,"p95_round_wall_sec":4.0454887748},"timing_split":{"n_rounds":286,"rounds_with_compute":286,"total_round_wall_sec":1084.8691916466,"total_round_compute_wall_sec":1075.4597,"total_round_comm_overhead_wall_sec":9.4094916466,"comm_overhead_ratio":0.0086733882011,"compute_ratio":0.9913266118}},"communication_files":{"csv":"/project/temp/deferiprone_single_oral_25mgkg_designcheck_20260511/validation/design_change_n403030_wtmclustT10_nomix_site403030_nondesignquota_precisionchol_basefitbootinit_preboot_20260521/runs/scenario2/bootstrap/federated/scenario2/raw_runs/run_20260523-101132/comm_metrics.csv","json":"/project/temp/deferiprone_single_oral_25mgkg_designcheck_20260511/validation/design_change_n403030_wtmclustT10_nomix_site403030_nondesignquota_precisionchol_basefitbootinit_preboot_20260521/runs/scenario2/bootstrap/federated/scenario2/raw_runs/run_20260523-101132/comm_metrics.json"},"output_files":{"bootstrap_summary_csv":"/project/temp/deferiprone_single_oral_25mgkg_designcheck_20260511/validation/design_change_n403030_wtmclustT10_nomix_site403030_nondesignquota_precisionchol_basefitbootinit_preboot_20260521/runs/scenario2/bootstrap/federated/scenario2/raw_runs/run_20260523-101132/bootstrap_summary.csv","bootstrap_summary_json":"/project/temp/deferiprone_single_oral_25mgkg_designcheck_20260511/validation/design_change_n403030_wtmclustT10_nomix_site403030_nondesignquota_precisionchol_basefitbootinit_preboot_20260521/runs/scenario2/bootstrap/federated/scenario2/raw_runs/run_20260523-101132/bootstrap_summary.json","trial_status_csv":"/project/temp/deferiprone_single_oral_25mgkg_designcheck_20260511/validation/design_change_n403030_wtmclustT10_nomix_site403030_nondesignquota_precisionchol_basefitbootinit_preboot_20260521/runs/scenario2/bootstrap/federated/scenario2/raw_runs/run_20260523-101132/trial_status.csv","failed_trials_csv":"/project/temp/deferiprone_single_oral_25mgkg_designcheck_20260511/validation/design_change_n403030_wtmclustT10_nomix_site403030_nondesignquota_precisionchol_basefitbootinit_preboot_20260521/runs/scenario2/bootstrap/federated/scenario2/raw_runs/run_20260523-101132/failed_trials.csv","trial_estimates_wide_csv":"/project/temp/deferiprone_single_oral_25mgkg_designcheck_20260511/validation/design_change_n403030_wtmclustT10_nomix_site403030_nondesignquota_precisionchol_basefitbootinit_preboot_20260521/runs/scenario2/bootstrap/federated/scenario2/raw_runs/run_20260523-101132/trial_estimates_wide.csv","trial_estimates_long_csv":"/project/temp/deferiprone_single_oral_25mgkg_designcheck_20260511/validation/design_change_n403030_wtmclustT10_nomix_site403030_nondesignquota_precisionchol_basefitbootinit_preboot_20260521/runs/scenario2/bootstrap/federated/scenario2/raw_runs/run_20260523-101132/trial_estimates_long.csv","result_json":"/project/temp/deferiprone_single_oral_25mgkg_designcheck_20260511/validation/design_change_n403030_wtmclustT10_nomix_site403030_nondesignquota_precisionchol_basefitbootinit_preboot_20260521/runs/scenario2/bootstrap/federated/scenario2/raw_runs/run_20260523-101132/result.json"}}}
[Kserver-1 exited with code 0
Aborting on container exit...
 Container defboot_design_change_n403030_wtmclu_scenario2_341_345-server-1  Stopping
 Container defboot_design_change_n403030_wtmclu_scenario2_341_345-server-1  Stopped
 Container defboot_design_change_n403030_wtmclu_scenario2_341_345-client3-1  Stopping
 Container defboot_design_change_n403030_wtmclu_scenario2_341_345-client2-1  Stopping
 Container defboot_design_change_n403030_wtmclu_scenario2_341_345-client1-1  Stopping
 Container defboot_design_change_n403030_wtmclu_scenario2_341_345-client1-1  Stopped
 Container defboot_design_change_n403030_wtmclu_scenario2_341_345-client2-1  Stopped
 Container defboot_design_change_n403030_wtmclu_scenario2_341_345-client3-1  Stopped
time="2026-05-23T19:29:54+09:00" level=warning msg="The \"SERVER_CONFIG_PATH\" variable is not set. Defaulting to a blank string."
 Container defboot_design_change_n403030_wtmclu_scenario2_341_345-server-1  Stopping
 Container defboot_design_change_n403030_wtmclu_scenario2_341_345-server-1  Stopped
 Container defboot_design_change_n403030_wtmclu_scenario2_341_345-server-1  Removing
 Container defboot_design_change_n403030_wtmclu_scenario2_341_345-server-1  Removed
 Container defboot_design_change_n403030_wtmclu_scenario2_341_345-client2-1  Stopping
 Container defboot_design_change_n403030_wtmclu_scenario2_341_345-client3-1  Stopping
 Container defboot_design_change_n403030_wtmclu_scenario2_341_345-client1-1  Stopping
 Container defboot_design_change_n403030_wtmclu_scenario2_341_345-client2-1  Stopped
 Container defboot_design_change_n403030_wtmclu_scenario2_341_345-client2-1  Removing
 Container defboot_design_change_n403030_wtmclu_scenario2_341_345-client3-1  Stopped
 Container defboot_design_change_n403030_wtmclu_scenario2_341_345-client3-1  Removing
 Container defboot_design_change_n403030_wtmclu_scenario2_341_345-client1-1  Stopped
 Container defboot_design_change_n403030_wtmclu_scenario2_341_345-client1-1  Removing
 Container defboot_design_change_n403030_wtmclu_scenario2_341_345-client1-1  Removed
 Container defboot_design_change_n403030_wtmclu_scenario2_341_345-client3-1  Removed
 Container defboot_design_change_n403030_wtmclu_scenario2_341_345-client2-1  Removed
 Network defboot_design_change_n403030_wtmclu_scenario2_341_345_site1_net  Removing
 Network defboot_design_change_n403030_wtmclu_scenario2_341_345_site3_net  Removing
 Network defboot_design_change_n403030_wtmclu_scenario2_341_345_site2_net  Removing
 Network defboot_design_change_n403030_wtmclu_scenario2_341_345_site3_net  Removed
 Network defboot_design_change_n403030_wtmclu_scenario2_341_345_site1_net  Removed
 Network defboot_design_change_n403030_wtmclu_scenario2_341_345_site2_net  Removed
