time="2026-05-24T02:00:04+09:00" level=warning msg="The \"SERVER_CONFIG_PATH\" variable is not set. Defaulting to a blank string."
Compose now can delegate build to bake for better performances
Just set COMPOSE_BAKE=true
#0 building with "default" instance using docker driver

#1 [client3 internal] load build definition from Dockerfile.app
#1 transferring dockerfile: 778B done
#1 DONE 0.0s

#2 [client2 internal] load build definition from Dockerfile.app
#2 transferring dockerfile: 778B done
#2 DONE 0.0s

#3 [client1 internal] load build definition from Dockerfile.app
#3 transferring dockerfile: 778B done
#3 DONE 0.0s

#4 [client1 internal] load metadata for docker.io/fedpoppk/base:0.1.0
#4 DONE 0.0s

#5 [client3 internal] load .dockerignore
#5 transferring context: 2B done
#5 DONE 0.0s

#6 [client2 internal] load .dockerignore
#6 transferring context: 2B done
#6 DONE 0.0s

#7 [client1 internal] load .dockerignore
#7 transferring context: 2B done
#7 DONE 0.0s

#8 [client1 1/8] FROM docker.io/fedpoppk/base:0.1.0
#8 DONE 0.0s

#9 [client3 internal] load build context
#9 transferring context: 736.51kB 0.3s done
#9 DONE 0.3s

#10 [client2 internal] load build context
#10 transferring context: 736.51kB 0.3s done
#10 DONE 0.3s

#11 [client1 internal] load build context
#11 transferring context: 736.51kB 0.3s done
#11 DONE 0.3s

#12 [client2 5/8] COPY apps/ apps/
#12 CACHED

#13 [client2 2/8] WORKDIR /project
#13 CACHED

#14 [client2 4/8] RUN Rscript -e "options(renv.consent=TRUE, Ncpus=parallel::detectCores());                 renv::restore(prompt=FALSE)"
#14 CACHED

#15 [client2 3/8] COPY renv.lock .Rprofile renv/activate.R ./
#15 CACHED

#16 [client2 6/8] COPY R/ R/
#16 CACHED

#17 [client2 7/8] COPY analysis/ analysis/
#17 CACHED

#18 [client1 8/8] RUN mkdir -p /project/configs/modes /project/data /project/artifacts /project/result
#18 CACHED

#19 [client2] exporting to image
#19 exporting layers done
#19 writing image sha256:38f9a541fa9fd094c3b5604750780857b75113d70c7b6e2dc6880c8a2540b9ed done
#19 naming to docker.io/library/defboot_design_change_n403030_wtmclu_scenario2_471_475-client2 0.0s done
#19 DONE 0.0s

#20 [client3] exporting to image
#20 exporting layers done
#20 writing image sha256:d58d42f976639d1064b968c9226a95997c151afec8ae9442aabdbb0b0aab253e done
#20 naming to docker.io/library/defboot_design_change_n403030_wtmclu_scenario2_471_475-client3 0.0s done
#20 DONE 0.1s

#21 [client1] exporting to image
#21 exporting layers done
#21 writing image sha256:2b94d9fe10d8b40b3b60c7607350fb858eeee8d5a60bf584ada8231e0b02528e done
#21 naming to docker.io/library/defboot_design_change_n403030_wtmclu_scenario2_471_475-client1 0.1s done
#21 DONE 0.1s

#22 [client1] resolving provenance for metadata file
#22 DONE 0.0s

#23 [client3] resolving provenance for metadata file
#23 DONE 0.0s

#24 [client2] resolving provenance for metadata file
#24 DONE 0.0s

#25 [server internal] load build definition from Dockerfile.app
#25 transferring dockerfile: 778B done
#25 DONE 0.0s

#4 [server internal] load metadata for docker.io/fedpoppk/base:0.1.0
#4 DONE 0.0s

#26 [server internal] load .dockerignore
#26 transferring context: 2B done
#26 DONE 0.0s

#8 [server 1/8] FROM docker.io/fedpoppk/base:0.1.0
#8 DONE 0.0s

#27 [server internal] load build context
#27 transferring context: 736.51kB 0.4s done
#27 DONE 0.4s

#13 [server 2/8] WORKDIR /project
#13 CACHED

#28 [server 3/8] COPY renv.lock .Rprofile renv/activate.R ./
#28 CACHED

#29 [server 5/8] COPY apps/ apps/
#29 CACHED

#30 [server 6/8] COPY R/ R/
#30 CACHED

#31 [server 7/8] COPY analysis/ analysis/
#31 CACHED

#32 [server 4/8] RUN Rscript -e "options(renv.consent=TRUE, Ncpus=parallel::detectCores());                 renv::restore(prompt=FALSE)"
#32 CACHED

#33 [server 8/8] RUN mkdir -p /project/configs/modes /project/data /project/artifacts /project/result
#33 CACHED

#34 [server] exporting to image
#34 exporting layers done
#34 writing image sha256:b74c916ed09c9100d5e740d301dc85aedc6b68f07220f98b56d2e883f2c2ea91 done
#34 naming to docker.io/library/defboot_design_change_n403030_wtmclu_scenario2_471_475-server 0.0s done
#34 DONE 0.0s

#35 [server] resolving provenance for metadata file
#35 DONE 0.0s
 client1  Built
 client2  Built
 client3  Built
 server  Built
 Network defboot_design_change_n403030_wtmclu_scenario2_471_475_site1_net  Creating
 Network defboot_design_change_n403030_wtmclu_scenario2_471_475_site1_net  Created
 Network defboot_design_change_n403030_wtmclu_scenario2_471_475_site2_net  Creating
 Network defboot_design_change_n403030_wtmclu_scenario2_471_475_site2_net  Created
 Network defboot_design_change_n403030_wtmclu_scenario2_471_475_site3_net  Creating
 Network defboot_design_change_n403030_wtmclu_scenario2_471_475_site3_net  Created
 Container defboot_design_change_n403030_wtmclu_scenario2_471_475-client3-1  Creating
 Container defboot_design_change_n403030_wtmclu_scenario2_471_475-client1-1  Creating
 Container defboot_design_change_n403030_wtmclu_scenario2_471_475-client2-1  Creating
 Container defboot_design_change_n403030_wtmclu_scenario2_471_475-client1-1  Created
 Container defboot_design_change_n403030_wtmclu_scenario2_471_475-client3-1  Created
 Container defboot_design_change_n403030_wtmclu_scenario2_471_475-client2-1  Created
 Container defboot_design_change_n403030_wtmclu_scenario2_471_475-server-1  Creating
 Container defboot_design_change_n403030_wtmclu_scenario2_471_475-server-1  Created
Attaching to client1-1, client2-1, client3-1, server-1
client3-1  | Running plumber API at http://0.0.0.0:8000
client3-1  | Running swagger Docs at http://127.0.0.1:8000/__docs__/
client2-1  | Running plumber API at http://0.0.0.0:8000
client1-1  | Running plumber API at http://0.0.0.0:8000
client2-1  | Running swagger Docs at http://127.0.0.1:8000/__docs__/
client1-1  | Running swagger Docs at http://127.0.0.1:8000/__docs__/
client2-1  | ℹ parameter labels from comments are typically ignored in non-interactive mode
client2-1  | ℹ Need to run with the source intact to parse comments
client3-1  | ℹ parameter labels from comments are typically ignored in non-interactive mode
client1-1  | ℹ parameter labels from comments are typically ignored in non-interactive mode
client3-1  | ℹ Need to run with the source intact to parse comments
client1-1  | ℹ Need to run with the source intact to parse comments
server-1   | [send_init] http://client1:8000 init succeeded
server-1   | [send_init] http://client3:8000 init succeeded
server-1   | [send_init] http://client2:8000 init succeeded
server-1   | {"schema":{"schema_version":"1.1.0","generated_at":"2026-05-23T17:00:12Z","config_path":"/project/configs/../temp/deferiprone_single_oral_25mgkg_designcheck_20260511/validation/design_change_n403030_wtmclustT10_nomix_site403030_nondesignquota_precisionchol_basefitbootinit_preboot_20260521/configs/resolved/scenario2_bootstrap.json","config_md5":"67e6a296d3935d620e746ed6160f8ca2","seed":4869,"host":"574389d121c6","pid":1,"image_tag":null,"git_sha":null,"git_dirty":null},"aggregation":{"ci_method":"percentile","ci_level":0.95,"quantile_type":7,"estimates_scale":"natural"},"summary":[{"parameter":"(etaLcl,etaLvc)","median":0.063182738423,"p2.5":0.046622819716,"p97.5":0.078867154341},{"parameter":"CcPropSd","median":0.36386704363,"p2.5":0.34701603237,"p97.5":0.38216494859},{"parameter":"etaLcl","median":0.10505035864,"p2.5":0.10015989517,"p97.5":0.13082535476},{"parameter":"etaLvc","median":0.041503286383,"p2.5":0.022751279069,"p97.5":0.050287221894},{"parameter":"lcl","median":2.1677208877,"p2.5":2.1304252469,"p97.5":2.2024953156},{"parameter":"lka","median":2.2015756273,"p2.5":2.0392766997,"p97.5":2.3940406181},{"parameter":"lvc","median":2.957387768,"p2.5":2.9033723711,"p97.5":2.9822381458},{"parameter":"rho_(etaLcl,etaLvc)","median":0.98148562068,"p2.5":0.96614754713,"p97.5":0.98460610815}],"runs":[{"tag":"trial_471_20260523-170013","value":2196.4452,"counts":[21,21],"control":{"maxit":100,"factr":1000000000,"pgtol":0,"trace":0,"method":"L-BFGS-B"},"convergence":0,"message":"CONVERGENCE: REL_REDUCTION_OF_F <= FACTR*EPSMCH","nat_par":{"lka":2.1505051404,"lcl":2.2053977276,"lvc":2.9651856164,"CcPropSd":0.34664536687,"etaLcl":0.13121472828,"etaLvc":0.042412711433,"(etaLcl,etaLvc)":0.073249694231,"rho_(etaLcl,etaLvc)":0.98189829201},"failed_clients":[],"attempt":1,"files":{"result":"/project/temp/deferiprone_single_oral_25mgkg_designcheck_20260511/validation/design_change_n403030_wtmclustT10_nomix_site403030_nondesignquota_precisionchol_basefitbootinit_preboot_20260521/runs/scenario2/bootstrap/federated/scenario2/raw_runs/run_20260523-170012/optim_result_trial_471_20260523-170013.json","trace":"/project/temp/deferiprone_single_oral_25mgkg_designcheck_20260511/validation/design_change_n403030_wtmclustT10_nomix_site403030_nondesignquota_precisionchol_basefitbootinit_preboot_20260521/runs/scenario2/bootstrap/federated/scenario2/raw_runs/run_20260523-170012/optim_trace_trial_471_20260523-170013.csv","final":"/project/temp/deferiprone_single_oral_25mgkg_designcheck_20260511/validation/design_change_n403030_wtmclustT10_nomix_site403030_nondesignquota_precisionchol_basefitbootinit_preboot_20260521/runs/scenario2/bootstrap/federated/scenario2/raw_runs/run_20260523-170012/final_params_trial_471_20260523-170013.csv"},"log_n":21,"execution_state":"completed","trial":471,"attempts":1},{"tag":"trial_472_20260523-170253","value":2249.3816,"counts":[36,36],"control":{"maxit":100,"factr":1000000000,"pgtol":0,"trace":0,"method":"L-BFGS-B"},"convergence":0,"message":"CONVERGENCE: REL_REDUCTION_OF_F <= FACTR*EPSMCH","nat_par":{"lka":2.4118518978,"lcl":2.1677208877,"lvc":2.9841328713,"CcPropSd":0.3503520218,"etaLcl":0.12732099305,"etaLvc":0.051162167501,"(etaLcl,etaLvc)":0.079491316575,"rho_(etaLcl,etaLvc)":0.98490697661},"failed_clients":[],"attempt":1,"files":{"result":"/project/temp/deferiprone_single_oral_25mgkg_designcheck_20260511/validation/design_change_n403030_wtmclustT10_nomix_site403030_nondesignquota_precisionchol_basefitbootinit_preboot_20260521/runs/scenario2/bootstrap/federated/scenario2/raw_runs/run_20260523-170012/optim_result_trial_472_20260523-170253.json","trace":"/project/temp/deferiprone_single_oral_25mgkg_designcheck_20260511/validation/design_change_n403030_wtmclustT10_nomix_site403030_nondesignquota_precisionchol_basefitbootinit_preboot_20260521/runs/scenario2/bootstrap/federated/scenario2/raw_runs/run_20260523-170012/optim_trace_trial_472_20260523-170253.csv","final":"/project/temp/deferiprone_single_oral_25mgkg_designcheck_20260511/validation/design_change_n403030_wtmclustT10_nomix_site403030_nondesignquota_precisionchol_basefitbootinit_preboot_20260521/runs/scenario2/bootstrap/federated/scenario2/raw_runs/run_20260523-170012/final_params_trial_472_20260523-170253.csv"},"log_n":36,"execution_state":"completed","trial":472,"attempts":1},{"tag":"trial_473_20260523-170725","value":2257.3319,"counts":[33,33],"control":{"maxit":100,"factr":1000000000,"pgtol":0,"trace":0,"method":"L-BFGS-B"},"convergence":0,"message":"CONVERGENCE: REL_REDUCTION_OF_F <= FACTR*EPSMCH","nat_par":{"lka":2.233739101,"lcl":2.1269286498,"lvc":2.8991928444,"CcPropSd":0.36386704363,"etaLcl":0.10295215735,"etaLvc":0.021103541537,"(etaLcl,etaLvc)":0.044964044186,"rho_(etaLcl,etaLvc)":0.96465044359},"failed_clients":[],"attempt":1,"files":{"result":"/project/temp/deferiprone_single_oral_25mgkg_designcheck_20260511/validation/design_change_n403030_wtmclustT10_nomix_site403030_nondesignquota_precisionchol_basefitbootinit_preboot_20260521/runs/scenario2/bootstrap/federated/scenario2/raw_runs/run_20260523-170012/optim_result_trial_473_20260523-170725.json","trace":"/project/temp/deferiprone_single_oral_25mgkg_designcheck_20260511/validation/design_change_n403030_wtmclustT10_nomix_site403030_nondesignquota_precisionchol_basefitbootinit_preboot_20260521/runs/scenario2/bootstrap/federated/scenario2/raw_runs/run_20260523-170012/optim_trace_trial_473_20260523-170725.csv","final":"/project/temp/deferiprone_single_oral_25mgkg_designcheck_20260511/validation/design_change_n403030_wtmclustT10_nomix_site403030_nondesignquota_precisionchol_basefitbootinit_preboot_20260521/runs/scenario2/bootstrap/federated/scenario2/raw_runs/run_20260523-170012/final_params_trial_473_20260523-170725.csv"},"log_n":33,"execution_state":"completed","trial":473,"attempts":1},{"tag":"trial_474_20260523-171137","value":2257.5126,"counts":[20,20],"control":{"maxit":100,"factr":1000000000,"pgtol":0,"trace":0,"method":"L-BFGS-B"},"convergence":0,"message":"CONVERGENCE: REL_REDUCTION_OF_F <= FACTR*EPSMCH","nat_par":{"lka":2.026917984,"lcl":2.161894621,"lvc":2.9409881122,"CcPropSd":0.38322015458,"etaLcl":0.10505035864,"etaLvc":0.037580916858,"(etaLcl,etaLvc)":0.061551799488,"rho_(etaLcl,etaLvc)":0.979621479},"failed_clients":[],"attempt":1,"files":{"result":"/project/temp/deferiprone_single_oral_25mgkg_designcheck_20260511/validation/design_change_n403030_wtmclustT10_nomix_site403030_nondesignquota_precisionchol_basefitbootinit_preboot_20260521/runs/scenario2/bootstrap/federated/scenario2/raw_runs/run_20260523-170012/optim_result_trial_474_20260523-171137.json","trace":"/project/temp/deferiprone_single_oral_25mgkg_designcheck_20260511/validation/design_change_n403030_wtmclustT10_nomix_site403030_nondesignquota_precisionchol_basefitbootinit_preboot_20260521/runs/scenario2/bootstrap/federated/scenario2/raw_runs/run_20260523-170012/optim_trace_trial_474_20260523-171137.csv","final":"/project/temp/deferiprone_single_oral_25mgkg_designcheck_20260511/validation/design_change_n403030_wtmclustT10_nomix_site403030_nondesignquota_precisionchol_basefitbootinit_preboot_20260521/runs/scenario2/bootstrap/federated/scenario2/raw_runs/run_20260523-170012/final_params_trial_474_20260523-171137.csv"},"log_n":20,"execution_state":"completed","trial":474,"attempts":1},{"tag":"trial_475_20260523-171410","value":2240.6111,"counts":[20,20],"control":{"maxit":100,"factr":1000000000,"pgtol":0,"trace":0,"method":"L-BFGS-B"},"convergence":0,"message":"CONVERGENCE: REL_REDUCTION_OF_F <= FACTR*EPSMCH","nat_par":{"lka":2.2015756273,"lcl":2.1763736076,"lvc":2.957387768,"CcPropSd":0.37266809467,"etaLcl":0.099849643813,"etaLvc":0.041503286383,"(etaLcl,etaLvc)":0.063182738423,"rho_(etaLcl,etaLvc)":0.98148562068},"failed_clients":[],"attempt":1,"files":{"result":"/project/temp/deferiprone_single_oral_25mgkg_designcheck_20260511/validation/design_change_n403030_wtmclustT10_nomix_site403030_nondesignquota_precisionchol_basefitbootinit_preboot_20260521/runs/scenario2/bootstrap/federated/scenario2/raw_runs/run_20260523-170012/optim_result_trial_475_20260523-171410.json","trace":"/project/temp/deferiprone_single_oral_25mgkg_designcheck_20260511/validation/design_change_n403030_wtmclustT10_nomix_site403030_nondesignquota_precisionchol_basefitbootinit_preboot_20260521/runs/scenario2/bootstrap/federated/scenario2/raw_runs/run_20260523-170012/optim_trace_trial_475_20260523-171410.csv","final":"/project/temp/deferiprone_single_oral_25mgkg_designcheck_20260511/validation/design_change_n403030_wtmclustT10_nomix_site403030_nondesignquota_precisionchol_basefitbootinit_preboot_20260521/runs/scenario2/bootstrap/federated/scenario2/raw_runs/run_20260523-170012/final_params_trial_475_20260523-171410.csv"},"log_n":20,"execution_state":"completed","trial":475,"attempts":1}],"trial_status":[{"trial":471,"execution_state":"completed","converged":true,"attempts":1,"convergence":0,"value":2196.4452,"eval_fn":21,"eval_gr":21,"log_n":21,"failed_clients_n":0,"message":"CONVERGENCE: REL_REDUCTION_OF_F <= FACTR*EPSMCH","result_file":"/project/temp/deferiprone_single_oral_25mgkg_designcheck_20260511/validation/design_change_n403030_wtmclustT10_nomix_site403030_nondesignquota_precisionchol_basefitbootinit_preboot_20260521/runs/scenario2/bootstrap/federated/scenario2/raw_runs/run_20260523-170012/optim_result_trial_471_20260523-170013.json","trace_file":"/project/temp/deferiprone_single_oral_25mgkg_designcheck_20260511/validation/design_change_n403030_wtmclustT10_nomix_site403030_nondesignquota_precisionchol_basefitbootinit_preboot_20260521/runs/scenario2/bootstrap/federated/scenario2/raw_runs/run_20260523-170012/optim_trace_trial_471_20260523-170013.csv","final_file":"/project/temp/deferiprone_single_oral_25mgkg_designcheck_20260511/validation/design_change_n403030_wtmclustT10_nomix_site403030_nondesignquota_precisionchol_basefitbootinit_preboot_20260521/runs/scenario2/bootstrap/federated/scenario2/raw_runs/run_20260523-170012/final_params_trial_471_20260523-170013.csv"},{"trial":472,"execution_state":"completed","converged":true,"attempts":1,"convergence":0,"value":2249.3816,"eval_fn":36,"eval_gr":36,"log_n":36,"failed_clients_n":0,"message":"CONVERGENCE: REL_REDUCTION_OF_F <= FACTR*EPSMCH","result_file":"/project/temp/deferiprone_single_oral_25mgkg_designcheck_20260511/validation/design_change_n403030_wtmclustT10_nomix_site403030_nondesignquota_precisionchol_basefitbootinit_preboot_20260521/runs/scenario2/bootstrap/federated/scenario2/raw_runs/run_20260523-170012/optim_result_trial_472_20260523-170253.json","trace_file":"/project/temp/deferiprone_single_oral_25mgkg_designcheck_20260511/validation/design_change_n403030_wtmclustT10_nomix_site403030_nondesignquota_precisionchol_basefitbootinit_preboot_20260521/runs/scenario2/bootstrap/federated/scenario2/raw_runs/run_20260523-170012/optim_trace_trial_472_20260523-170253.csv","final_file":"/project/temp/deferiprone_single_oral_25mgkg_designcheck_20260511/validation/design_change_n403030_wtmclustT10_nomix_site403030_nondesignquota_precisionchol_basefitbootinit_preboot_20260521/runs/scenario2/bootstrap/federated/scenario2/raw_runs/run_20260523-170012/final_params_trial_472_20260523-170253.csv"},{"trial":473,"execution_state":"completed","converged":true,"attempts":1,"convergence":0,"value":2257.3319,"eval_fn":33,"eval_gr":33,"log_n":33,"failed_clients_n":0,"message":"CONVERGENCE: REL_REDUCTION_OF_F <= FACTR*EPSMCH","result_file":"/project/temp/deferiprone_single_oral_25mgkg_designcheck_20260511/validation/design_change_n403030_wtmclustT10_nomix_site403030_nondesignquota_precisionchol_basefitbootinit_preboot_20260521/runs/scenario2/bootstrap/federated/scenario2/raw_runs/run_20260523-170012/optim_result_trial_473_20260523-170725.json","trace_file":"/project/temp/deferiprone_single_oral_25mgkg_designcheck_20260511/validation/design_change_n403030_wtmclustT10_nomix_site403030_nondesignquota_precisionchol_basefitbootinit_preboot_20260521/runs/scenario2/bootstrap/federated/scenario2/raw_runs/run_20260523-170012/optim_trace_trial_473_20260523-170725.csv","final_file":"/project/temp/deferiprone_single_oral_25mgkg_designcheck_20260511/validation/design_change_n403030_wtmclustT10_nomix_site403030_nondesignquota_precisionchol_basefitbootinit_preboot_20260521/runs/scenario2/bootstrap/federated/scenario2/raw_runs/run_20260523-170012/final_params_trial_473_20260523-170725.csv"},{"trial":474,"execution_state":"completed","converged":true,"attempts":1,"convergence":0,"value":2257.5126,"eval_fn":20,"eval_gr":20,"log_n":20,"failed_clients_n":0,"message":"CONVERGENCE: REL_REDUCTION_OF_F <= FACTR*EPSMCH","result_file":"/project/temp/deferiprone_single_oral_25mgkg_designcheck_20260511/validation/design_change_n403030_wtmclustT10_nomix_site403030_nondesignquota_precisionchol_basefitbootinit_preboot_20260521/runs/scenario2/bootstrap/federated/scenario2/raw_runs/run_20260523-170012/optim_result_trial_474_20260523-171137.json","trace_file":"/project/temp/deferiprone_single_oral_25mgkg_designcheck_20260511/validation/design_change_n403030_wtmclustT10_nomix_site403030_nondesignquota_precisionchol_basefitbootinit_preboot_20260521/runs/scenario2/bootstrap/federated/scenario2/raw_runs/run_20260523-170012/optim_trace_trial_474_20260523-171137.csv","final_file":"/project/temp/deferiprone_single_oral_25mgkg_designcheck_20260511/validation/design_change_n403030_wtmclustT10_nomix_site403030_nondesignquota_precisionchol_basefitbootinit_preboot_20260521/runs/scenario2/bootstrap/federated/scenario2/raw_runs/run_20260523-170012/final_params_trial_474_20260523-171137.csv"},{"trial":475,"execution_state":"completed","converged":true,"attempts":1,"convergence":0,"value":2240.6111,"eval_fn":20,"eval_gr":20,"log_n":20,"failed_clients_n":0,"message":"CONVERGENCE: REL_REDUCTION_OF_F <= FACTR*EPSMCH","result_file":"/project/temp/deferiprone_single_oral_25mgkg_designcheck_20260511/validation/design_change_n403030_wtmclustT10_nomix_site403030_nondesignquota_precisionchol_basefitbootinit_preboot_20260521/runs/scenario2/bootstrap/federated/scenario2/raw_runs/run_20260523-170012/optim_result_trial_475_20260523-171410.json","trace_file":"/project/temp/deferiprone_single_oral_25mgkg_designcheck_20260511/validation/design_change_n403030_wtmclustT10_nomix_site403030_nondesignquota_precisionchol_basefitbootinit_preboot_20260521/runs/scenario2/bootstrap/federated/scenario2/raw_runs/run_20260523-170012/optim_trace_trial_475_20260523-171410.csv","final_file":"/project/temp/deferiprone_single_oral_25mgkg_designcheck_20260511/validation/design_change_n403030_wtmclustT10_nomix_site403030_nondesignquota_precisionchol_basefitbootinit_preboot_20260521/runs/scenario2/bootstrap/federated/scenario2/raw_runs/run_20260523-170012/final_params_trial_475_20260523-171410.csv"}],"info":{"run_id":"20260523-170012","log_base_dir":"/project/temp/deferiprone_single_oral_25mgkg_designcheck_20260511/validation/design_change_n403030_wtmclustT10_nomix_site403030_nondesignquota_precisionchol_basefitbootinit_preboot_20260521/runs/scenario2/bootstrap/federated","scenario":"scenario2/raw_runs","total_trials":5,"successes":5,"failures":0,"nonconverged_count":0,"nonconverged_trials":[],"convergence_missing_count":0,"seed_base":4869,"B_per_client":500,"duration_sec":996.3025865555,"host":"574389d121c6","image_tag":null,"communication":{"generated_at":"2026-05-23T17:16:43Z","totals":{"requests":783,"request_bytes":872841,"response_bytes":198955,"total_bytes":1071796,"retries":0},"init":{"requests":3,"request_bytes":8139,"response_bytes":1161,"total_bytes":9300,"retries":0,"median_elapsed_sec":0.37090682983},"init_round_latency":{"n_rounds":1,"median_round_wall_sec":0.37386989594,"p95_round_wall_sec":0.37386989594},"run":{"requests":0,"request_bytes":0,"response_bytes":0,"total_bytes":0,"retries":0,"median_elapsed_sec":"NA"},"run_bootstrap":{"requests":780,"request_bytes":864702,"response_bytes":197794,"total_bytes":1062496,"retries":0,"median_elapsed_sec":3.6616148949},"round_latency":{"n_rounds":260,"median_round_wall_sec":3.7602728605,"p95_round_wall_sec":4.069312489},"timing_split":{"n_rounds":260,"rounds_with_compute":260,"total_round_wall_sec":985.009344101,"total_round_compute_wall_sec":976.3854,"total_round_comm_overhead_wall_sec":8.623944101,"comm_overhead_ratio":0.0087551901437,"compute_ratio":0.99124480986}},"communication_files":{"csv":"/project/temp/deferiprone_single_oral_25mgkg_designcheck_20260511/validation/design_change_n403030_wtmclustT10_nomix_site403030_nondesignquota_precisionchol_basefitbootinit_preboot_20260521/runs/scenario2/bootstrap/federated/scenario2/raw_runs/run_20260523-170012/comm_metrics.csv","json":"/project/temp/deferiprone_single_oral_25mgkg_designcheck_20260511/validation/design_change_n403030_wtmclustT10_nomix_site403030_nondesignquota_precisionchol_basefitbootinit_preboot_20260521/runs/scenario2/bootstrap/federated/scenario2/raw_runs/run_20260523-170012/comm_metrics.json"},"output_files":{"bootstrap_summary_csv":"/project/temp/deferiprone_single_oral_25mgkg_designcheck_20260511/validation/design_change_n403030_wtmclustT10_nomix_site403030_nondesignquota_precisionchol_basefitbootinit_preboot_20260521/runs/scenario2/bootstrap/federated/scenario2/raw_runs/run_20260523-170012/bootstrap_summary.csv","bootstrap_summary_json":"/project/temp/deferiprone_single_oral_25mgkg_designcheck_20260511/validation/design_change_n403030_wtmclustT10_nomix_site403030_nondesignquota_precisionchol_basefitbootinit_preboot_20260521/runs/scenario2/bootstrap/federated/scenario2/raw_runs/run_20260523-170012/bootstrap_summary.json","trial_status_csv":"/project/temp/deferiprone_single_oral_25mgkg_designcheck_20260511/validation/design_change_n403030_wtmclustT10_nomix_site403030_nondesignquota_precisionchol_basefitbootinit_preboot_20260521/runs/scenario2/bootstrap/federated/scenario2/raw_runs/run_20260523-170012/trial_status.csv","failed_trials_csv":"/project/temp/deferiprone_single_oral_25mgkg_designcheck_20260511/validation/design_change_n403030_wtmclustT10_nomix_site403030_nondesignquota_precisionchol_basefitbootinit_preboot_20260521/runs/scenario2/bootstrap/federated/scenario2/raw_runs/run_20260523-170012/failed_trials.csv","trial_estimates_wide_csv":"/project/temp/deferiprone_single_oral_25mgkg_designcheck_20260511/validation/design_change_n403030_wtmclustT10_nomix_site403030_nondesignquota_precisionchol_basefitbootinit_preboot_20260521/runs/scenario2/bootstrap/federated/scenario2/raw_runs/run_20260523-170012/trial_estimates_wide.csv","trial_estimates_long_csv":"/project/temp/deferiprone_single_oral_25mgkg_designcheck_20260511/validation/design_change_n403030_wtmclustT10_nomix_site403030_nondesignquota_precisionchol_basefitbootinit_preboot_20260521/runs/scenario2/bootstrap/federated/scenario2/raw_runs/run_20260523-170012/trial_estimates_long.csv","result_json":"/project/temp/deferiprone_single_oral_25mgkg_designcheck_20260511/validation/design_change_n403030_wtmclustT10_nomix_site403030_nondesignquota_precisionchol_basefitbootinit_preboot_20260521/runs/scenario2/bootstrap/federated/scenario2/raw_runs/run_20260523-170012/result.json"}}}
[Kserver-1 exited with code 0
Aborting on container exit...
 Container defboot_design_change_n403030_wtmclu_scenario2_471_475-server-1  Stopping
 Container defboot_design_change_n403030_wtmclu_scenario2_471_475-server-1  Stopped
 Container defboot_design_change_n403030_wtmclu_scenario2_471_475-client3-1  Stopping
 Container defboot_design_change_n403030_wtmclu_scenario2_471_475-client2-1  Stopping
 Container defboot_design_change_n403030_wtmclu_scenario2_471_475-client1-1  Stopping
 Container defboot_design_change_n403030_wtmclu_scenario2_471_475-client2-1  Stopped
 Container defboot_design_change_n403030_wtmclu_scenario2_471_475-client3-1  Stopped
 Container defboot_design_change_n403030_wtmclu_scenario2_471_475-client1-1  Stopped
time="2026-05-24T02:16:54+09:00" level=warning msg="The \"SERVER_CONFIG_PATH\" variable is not set. Defaulting to a blank string."
 Container defboot_design_change_n403030_wtmclu_scenario2_471_475-server-1  Stopping
 Container defboot_design_change_n403030_wtmclu_scenario2_471_475-server-1  Stopped
 Container defboot_design_change_n403030_wtmclu_scenario2_471_475-server-1  Removing
 Container defboot_design_change_n403030_wtmclu_scenario2_471_475-server-1  Removed
 Container defboot_design_change_n403030_wtmclu_scenario2_471_475-client2-1  Stopping
 Container defboot_design_change_n403030_wtmclu_scenario2_471_475-client3-1  Stopping
 Container defboot_design_change_n403030_wtmclu_scenario2_471_475-client1-1  Stopping
 Container defboot_design_change_n403030_wtmclu_scenario2_471_475-client2-1  Stopped
 Container defboot_design_change_n403030_wtmclu_scenario2_471_475-client2-1  Removing
 Container defboot_design_change_n403030_wtmclu_scenario2_471_475-client3-1  Stopped
 Container defboot_design_change_n403030_wtmclu_scenario2_471_475-client3-1  Removing
 Container defboot_design_change_n403030_wtmclu_scenario2_471_475-client1-1  Stopped
 Container defboot_design_change_n403030_wtmclu_scenario2_471_475-client1-1  Removing
 Container defboot_design_change_n403030_wtmclu_scenario2_471_475-client2-1  Removed
 Container defboot_design_change_n403030_wtmclu_scenario2_471_475-client3-1  Removed
 Container defboot_design_change_n403030_wtmclu_scenario2_471_475-client1-1  Removed
 Network defboot_design_change_n403030_wtmclu_scenario2_471_475_site2_net  Removing
 Network defboot_design_change_n403030_wtmclu_scenario2_471_475_site3_net  Removing
 Network defboot_design_change_n403030_wtmclu_scenario2_471_475_site1_net  Removing
 Network defboot_design_change_n403030_wtmclu_scenario2_471_475_site2_net  Removed
 Network defboot_design_change_n403030_wtmclu_scenario2_471_475_site1_net  Removed
 Network defboot_design_change_n403030_wtmclu_scenario2_471_475_site3_net  Removed
