time="2026-05-23T23:00:00+09:00" level=warning msg="The \"SERVER_CONFIG_PATH\" variable is not set. Defaulting to a blank string."
Compose now can delegate build to bake for better performances
Just set COMPOSE_BAKE=true
#0 building with "default" instance using docker driver

#1 [client3 internal] load build definition from Dockerfile.app
#1 transferring dockerfile: 778B done
#1 DONE 0.0s

#2 [client2 internal] load build definition from Dockerfile.app
#2 transferring dockerfile: 778B done
#2 DONE 0.0s

#3 [client1 internal] load build definition from Dockerfile.app
#3 transferring dockerfile: 778B done
#3 DONE 0.0s

#4 [client1 internal] load metadata for docker.io/fedpoppk/base:0.1.0
#4 DONE 0.0s

#5 [client3 internal] load .dockerignore
#5 transferring context: 2B done
#5 DONE 0.0s

#6 [client2 internal] load .dockerignore
#6 transferring context: 2B done
#6 DONE 0.0s

#7 [client1 1/8] FROM docker.io/fedpoppk/base:0.1.0
#7 DONE 0.0s

#8 [client1 internal] load .dockerignore
#8 transferring context: 2B done
#8 DONE 0.0s

#9 [client3 internal] load build context
#9 transferring context: 736.51kB 0.3s done
#9 DONE 0.3s

#10 [client2 internal] load build context
#10 transferring context: 736.51kB 0.3s done
#10 DONE 0.3s

#11 [client1 internal] load build context
#11 transferring context: 736.51kB 0.3s done
#11 DONE 0.3s

#12 [client2 2/8] WORKDIR /project
#12 CACHED

#13 [client2 4/8] RUN Rscript -e "options(renv.consent=TRUE, Ncpus=parallel::detectCores());                 renv::restore(prompt=FALSE)"
#13 CACHED

#14 [client2 5/8] COPY apps/ apps/
#14 CACHED

#15 [client2 6/8] COPY R/ R/
#15 CACHED

#16 [client2 3/8] COPY renv.lock .Rprofile renv/activate.R ./
#16 CACHED

#17 [client2 7/8] COPY analysis/ analysis/
#17 CACHED

#18 [client3 8/8] RUN mkdir -p /project/configs/modes /project/data /project/artifacts /project/result
#18 CACHED

#19 [client2] exporting to image
#19 exporting layers done
#19 writing image sha256:adfcc9de8453f7ba58a1bf0225c0ac6a73054162e86cb374e90ad388bbf6e754 done
#19 naming to docker.io/library/defboot_design_change_n403030_wtmclu_scenario2_416_420-client2 0.0s done
#19 DONE 0.0s

#20 [client3] exporting to image
#20 exporting layers done
#20 writing image sha256:afb5151d7b2fef0590f240c624224e3cc4c65402af867304286e244fef6ea234 done
#20 naming to docker.io/library/defboot_design_change_n403030_wtmclu_scenario2_416_420-client3 0.0s done
#20 DONE 0.0s

#21 [client1] exporting to image
#21 exporting layers done
#21 writing image sha256:ce0417b91e47cde6776ff88e624b2f102c0e193a6a35878091ac6b01948d0601 done
#21 naming to docker.io/library/defboot_design_change_n403030_wtmclu_scenario2_416_420-client1 0.0s done
#21 DONE 0.0s

#22 [client2] resolving provenance for metadata file
#22 DONE 0.0s

#23 [client1] resolving provenance for metadata file
#23 DONE 0.0s

#24 [client3] resolving provenance for metadata file
#24 DONE 0.0s

#25 [server internal] load build definition from Dockerfile.app
#25 transferring dockerfile: 778B done
#25 DONE 0.0s

#4 [server internal] load metadata for docker.io/fedpoppk/base:0.1.0
#4 DONE 0.0s

#26 [server internal] load .dockerignore
#26 transferring context: 2B done
#26 DONE 0.0s

#7 [server 1/8] FROM docker.io/fedpoppk/base:0.1.0
#7 DONE 0.0s

#27 [server internal] load build context
#27 transferring context: 736.51kB 0.3s done
#27 DONE 0.4s

#28 [server 3/8] COPY renv.lock .Rprofile renv/activate.R ./
#28 CACHED

#29 [server 6/8] COPY R/ R/
#29 CACHED

#12 [server 2/8] WORKDIR /project
#12 CACHED

#30 [server 4/8] RUN Rscript -e "options(renv.consent=TRUE, Ncpus=parallel::detectCores());                 renv::restore(prompt=FALSE)"
#30 CACHED

#31 [server 5/8] COPY apps/ apps/
#31 CACHED

#32 [server 7/8] COPY analysis/ analysis/
#32 CACHED

#33 [server 8/8] RUN mkdir -p /project/configs/modes /project/data /project/artifacts /project/result
#33 CACHED

#34 [server] exporting to image
#34 exporting layers done
#34 writing image sha256:57094db109c5c5c538e539de1dcd26a2bb7492d9a15d89216153de59d506cc20 done
#34 naming to docker.io/library/defboot_design_change_n403030_wtmclu_scenario2_416_420-server 0.0s done
#34 DONE 0.0s

#35 [server] resolving provenance for metadata file
#35 DONE 0.0s
 client1  Built
 client2  Built
 client3  Built
 server  Built
 Network defboot_design_change_n403030_wtmclu_scenario2_416_420_site2_net  Creating
 Network defboot_design_change_n403030_wtmclu_scenario2_416_420_site2_net  Created
 Network defboot_design_change_n403030_wtmclu_scenario2_416_420_site3_net  Creating
 Network defboot_design_change_n403030_wtmclu_scenario2_416_420_site3_net  Created
 Network defboot_design_change_n403030_wtmclu_scenario2_416_420_site1_net  Creating
 Network defboot_design_change_n403030_wtmclu_scenario2_416_420_site1_net  Created
 Container defboot_design_change_n403030_wtmclu_scenario2_416_420-client1-1  Creating
 Container defboot_design_change_n403030_wtmclu_scenario2_416_420-client3-1  Creating
 Container defboot_design_change_n403030_wtmclu_scenario2_416_420-client2-1  Creating
 Container defboot_design_change_n403030_wtmclu_scenario2_416_420-client3-1  Created
 Container defboot_design_change_n403030_wtmclu_scenario2_416_420-client2-1  Created
 Container defboot_design_change_n403030_wtmclu_scenario2_416_420-client1-1  Created
 Container defboot_design_change_n403030_wtmclu_scenario2_416_420-server-1  Creating
 Container defboot_design_change_n403030_wtmclu_scenario2_416_420-server-1  Created
Attaching to client1-1, client2-1, client3-1, server-1
client1-1  | Running plumber API at http://0.0.0.0:8000
client1-1  | Running swagger Docs at http://127.0.0.1:8000/__docs__/
client3-1  | Running plumber API at http://0.0.0.0:8000
client3-1  | Running swagger Docs at http://127.0.0.1:8000/__docs__/
client2-1  | Running plumber API at http://0.0.0.0:8000
client2-1  | Running swagger Docs at http://127.0.0.1:8000/__docs__/
client1-1  | ℹ parameter labels from comments are typically ignored in non-interactive mode
client2-1  | ℹ parameter labels from comments are typically ignored in non-interactive mode
client1-1  | ℹ Need to run with the source intact to parse comments
client2-1  | ℹ Need to run with the source intact to parse comments
client3-1  | ℹ parameter labels from comments are typically ignored in non-interactive mode
client3-1  | ℹ Need to run with the source intact to parse comments
server-1   | [send_init] http://client3:8000 init succeeded
server-1   | [send_init] http://client1:8000 init succeeded
server-1   | [send_init] http://client2:8000 init succeeded
server-1   | {"schema":{"schema_version":"1.1.0","generated_at":"2026-05-23T14:00:09Z","config_path":"/project/configs/../temp/deferiprone_single_oral_25mgkg_designcheck_20260511/validation/design_change_n403030_wtmclustT10_nomix_site403030_nondesignquota_precisionchol_basefitbootinit_preboot_20260521/configs/resolved/scenario2_bootstrap.json","config_md5":"67e6a296d3935d620e746ed6160f8ca2","seed":4869,"host":"09216f02d838","pid":1,"image_tag":null,"git_sha":null,"git_dirty":null},"aggregation":{"ci_method":"percentile","ci_level":0.95,"quantile_type":7,"estimates_scale":"natural"},"summary":[{"parameter":"(etaLcl,etaLvc)","median":0.05785250401,"p2.5":0.045264426625,"p97.5":0.073638361085},{"parameter":"CcPropSd","median":0.34818909598,"p2.5":0.34627257633,"p97.5":0.36251242853},{"parameter":"etaLcl","median":0.11368642427,"p2.5":0.06779118956,"p97.5":0.12053039204},{"parameter":"etaLvc","median":0.033624363216,"p2.5":0.029397031879,"p97.5":0.048363723096},{"parameter":"lcl","median":2.2010412468,"p2.5":2.1762997619,"p97.5":2.2395451572},{"parameter":"lka","median":2.1424563002,"p2.5":2.0921838716,"p97.5":2.2609006615},{"parameter":"lvc","median":2.9715446345,"p2.5":2.9410701357,"p97.5":3.0201983887},{"parameter":"rho_(etaLcl,etaLvc)","median":0.97730733626,"p2.5":0.97420170961,"p97.5":0.98396045694}],"runs":[{"tag":"trial_416_20260523-140009","value":2161.3274,"counts":[28,28],"control":{"maxit":100,"factr":1000000000,"pgtol":0,"trace":0,"method":"L-BFGS-B"},"convergence":0,"message":"CONVERGENCE: REL_REDUCTION_OF_F <= FACTR*EPSMCH","nat_par":{"lka":2.1261778008,"lcl":2.2416238404,"lvc":3.0094874695,"CcPropSd":0.36364467313,"etaLcl":0.064944846998,"etaLvc":0.031599070281,"(etaLcl,etaLvc)":0.044208137988,"rho_(etaLcl,etaLvc)":0.97587169542},"failed_clients":[],"attempt":1,"files":{"result":"/project/temp/deferiprone_single_oral_25mgkg_designcheck_20260511/validation/design_change_n403030_wtmclustT10_nomix_site403030_nondesignquota_precisionchol_basefitbootinit_preboot_20260521/runs/scenario2/bootstrap/federated/scenario2/raw_runs/run_20260523-140009/optim_result_trial_416_20260523-140009.json","trace":"/project/temp/deferiprone_single_oral_25mgkg_designcheck_20260511/validation/design_change_n403030_wtmclustT10_nomix_site403030_nondesignquota_precisionchol_basefitbootinit_preboot_20260521/runs/scenario2/bootstrap/federated/scenario2/raw_runs/run_20260523-140009/optim_trace_trial_416_20260523-140009.csv","final":"/project/temp/deferiprone_single_oral_25mgkg_designcheck_20260511/validation/design_change_n403030_wtmclustT10_nomix_site403030_nondesignquota_precisionchol_basefitbootinit_preboot_20260521/runs/scenario2/bootstrap/federated/scenario2/raw_runs/run_20260523-140009/final_params_trial_416_20260523-140009.csv"},"log_n":28,"execution_state":"completed","trial":416,"attempts":1},{"tag":"trial_417_20260523-140340","value":2206.6168,"counts":[31,31],"control":{"maxit":100,"factr":1000000000,"pgtol":0,"trace":0,"method":"L-BFGS-B"},"convergence":0,"message":"CONVERGENCE: REL_REDUCTION_OF_F <= FACTR*EPSMCH","nat_par":{"lka":2.0884067683,"lcl":2.1751375379,"lvc":2.9558163373,"CcPropSd":0.34689254186,"etaLcl":0.11617126822,"etaLvc":0.049483035618,"(etaLcl,etaLvc)":0.074636183952,"rho_(etaLcl,etaLvc)":0.98440065506},"failed_clients":[],"attempt":1,"files":{"result":"/project/temp/deferiprone_single_oral_25mgkg_designcheck_20260511/validation/design_change_n403030_wtmclustT10_nomix_site403030_nondesignquota_precisionchol_basefitbootinit_preboot_20260521/runs/scenario2/bootstrap/federated/scenario2/raw_runs/run_20260523-140009/optim_result_trial_417_20260523-140340.json","trace":"/project/temp/deferiprone_single_oral_25mgkg_designcheck_20260511/validation/design_change_n403030_wtmclustT10_nomix_site403030_nondesignquota_precisionchol_basefitbootinit_preboot_20260521/runs/scenario2/bootstrap/federated/scenario2/raw_runs/run_20260523-140009/optim_trace_trial_417_20260523-140340.csv","final":"/project/temp/deferiprone_single_oral_25mgkg_designcheck_20260511/validation/design_change_n403030_wtmclustT10_nomix_site403030_nondesignquota_precisionchol_basefitbootinit_preboot_20260521/runs/scenario2/bootstrap/federated/scenario2/raw_runs/run_20260523-140009/final_params_trial_417_20260523-140340.csv"},"log_n":30,"execution_state":"completed","trial":417,"attempts":1},{"tag":"trial_418_20260523-140728","value":2230.5875,"counts":[27,27],"control":{"maxit":100,"factr":1000000000,"pgtol":0,"trace":0,"method":"L-BFGS-B"},"convergence":0,"message":"CONVERGENCE: REL_REDUCTION_OF_F <= FACTR*EPSMCH","nat_par":{"lka":2.2241701106,"lcl":2.2010412468,"lvc":2.9715446345,"CcPropSd":0.34620369127,"etaLcl":0.12101473913,"etaLvc":0.029152360945,"(etaLcl,etaLvc)":0.05785250401,"rho_(etaLcl,etaLvc)":0.97401615563},"failed_clients":[],"attempt":1,"files":{"result":"/project/temp/deferiprone_single_oral_25mgkg_designcheck_20260511/validation/design_change_n403030_wtmclustT10_nomix_site403030_nondesignquota_precisionchol_basefitbootinit_preboot_20260521/runs/scenario2/bootstrap/federated/scenario2/raw_runs/run_20260523-140009/optim_result_trial_418_20260523-140728.json","trace":"/project/temp/deferiprone_single_oral_25mgkg_designcheck_20260511/validation/design_change_n403030_wtmclustT10_nomix_site403030_nondesignquota_precisionchol_basefitbootinit_preboot_20260521/runs/scenario2/bootstrap/federated/scenario2/raw_runs/run_20260523-140009/optim_trace_trial_418_20260523-140728.csv","final":"/project/temp/deferiprone_single_oral_25mgkg_designcheck_20260511/validation/design_change_n403030_wtmclustT10_nomix_site403030_nondesignquota_precisionchol_basefitbootinit_preboot_20260521/runs/scenario2/bootstrap/federated/scenario2/raw_runs/run_20260523-140009/final_params_trial_418_20260523-140728.csv"},"log_n":27,"execution_state":"completed","trial":418,"attempts":1},{"tag":"trial_419_20260523-141055","value":2212.5267,"counts":[22,22],"control":{"maxit":100,"factr":1000000000,"pgtol":0,"trace":0,"method":"L-BFGS-B"},"convergence":0,"message":"CONVERGENCE: REL_REDUCTION_OF_F <= FACTR*EPSMCH","nat_par":{"lka":2.2649818338,"lcl":2.1867597777,"lvc":3.0213884908,"CcPropSd":0.35232222716,"etaLcl":0.11368642427,"etaLvc":0.038289910398,"(etaLcl,etaLvc)":0.064657955285,"rho_(etaLcl,etaLvc)":0.97999867389},"failed_clients":[],"attempt":1,"files":{"result":"/project/temp/deferiprone_single_oral_25mgkg_designcheck_20260511/validation/design_change_n403030_wtmclustT10_nomix_site403030_nondesignquota_precisionchol_basefitbootinit_preboot_20260521/runs/scenario2/bootstrap/federated/scenario2/raw_runs/run_20260523-140009/optim_result_trial_419_20260523-141055.json","trace":"/project/temp/deferiprone_single_oral_25mgkg_designcheck_20260511/validation/design_change_n403030_wtmclustT10_nomix_site403030_nondesignquota_precisionchol_basefitbootinit_preboot_20260521/runs/scenario2/bootstrap/federated/scenario2/raw_runs/run_20260523-140009/optim_trace_trial_419_20260523-141055.csv","final":"/project/temp/deferiprone_single_oral_25mgkg_designcheck_20260511/validation/design_change_n403030_wtmclustT10_nomix_site403030_nondesignquota_precisionchol_basefitbootinit_preboot_20260521/runs/scenario2/bootstrap/federated/scenario2/raw_runs/run_20260523-140009/final_params_trial_419_20260523-141055.csv"},"log_n":22,"execution_state":"completed","trial":419,"attempts":1},{"tag":"trial_420_20260523-141344","value":2161.9766,"counts":[27,27],"control":{"maxit":100,"factr":1000000000,"pgtol":0,"trace":0,"method":"L-BFGS-B"},"convergence":0,"message":"CONVERGENCE: REL_REDUCTION_OF_F <= FACTR*EPSMCH","nat_par":{"lka":2.1424563002,"lcl":2.2208370075,"lvc":2.9394316689,"CcPropSd":0.34818909598,"etaLcl":0.093408272621,"etaLvc":0.033624363216,"(etaLcl,etaLvc)":0.054771024362,"rho_(etaLcl,etaLvc)":0.97730733626},"failed_clients":[],"attempt":1,"files":{"result":"/project/temp/deferiprone_single_oral_25mgkg_designcheck_20260511/validation/design_change_n403030_wtmclustT10_nomix_site403030_nondesignquota_precisionchol_basefitbootinit_preboot_20260521/runs/scenario2/bootstrap/federated/scenario2/raw_runs/run_20260523-140009/optim_result_trial_420_20260523-141344.json","trace":"/project/temp/deferiprone_single_oral_25mgkg_designcheck_20260511/validation/design_change_n403030_wtmclustT10_nomix_site403030_nondesignquota_precisionchol_basefitbootinit_preboot_20260521/runs/scenario2/bootstrap/federated/scenario2/raw_runs/run_20260523-140009/optim_trace_trial_420_20260523-141344.csv","final":"/project/temp/deferiprone_single_oral_25mgkg_designcheck_20260511/validation/design_change_n403030_wtmclustT10_nomix_site403030_nondesignquota_precisionchol_basefitbootinit_preboot_20260521/runs/scenario2/bootstrap/federated/scenario2/raw_runs/run_20260523-140009/final_params_trial_420_20260523-141344.csv"},"log_n":27,"execution_state":"completed","trial":420,"attempts":1}],"trial_status":[{"trial":416,"execution_state":"completed","converged":true,"attempts":1,"convergence":0,"value":2161.3274,"eval_fn":28,"eval_gr":28,"log_n":28,"failed_clients_n":0,"message":"CONVERGENCE: REL_REDUCTION_OF_F <= FACTR*EPSMCH","result_file":"/project/temp/deferiprone_single_oral_25mgkg_designcheck_20260511/validation/design_change_n403030_wtmclustT10_nomix_site403030_nondesignquota_precisionchol_basefitbootinit_preboot_20260521/runs/scenario2/bootstrap/federated/scenario2/raw_runs/run_20260523-140009/optim_result_trial_416_20260523-140009.json","trace_file":"/project/temp/deferiprone_single_oral_25mgkg_designcheck_20260511/validation/design_change_n403030_wtmclustT10_nomix_site403030_nondesignquota_precisionchol_basefitbootinit_preboot_20260521/runs/scenario2/bootstrap/federated/scenario2/raw_runs/run_20260523-140009/optim_trace_trial_416_20260523-140009.csv","final_file":"/project/temp/deferiprone_single_oral_25mgkg_designcheck_20260511/validation/design_change_n403030_wtmclustT10_nomix_site403030_nondesignquota_precisionchol_basefitbootinit_preboot_20260521/runs/scenario2/bootstrap/federated/scenario2/raw_runs/run_20260523-140009/final_params_trial_416_20260523-140009.csv"},{"trial":417,"execution_state":"completed","converged":true,"attempts":1,"convergence":0,"value":2206.6168,"eval_fn":31,"eval_gr":31,"log_n":30,"failed_clients_n":0,"message":"CONVERGENCE: REL_REDUCTION_OF_F <= FACTR*EPSMCH","result_file":"/project/temp/deferiprone_single_oral_25mgkg_designcheck_20260511/validation/design_change_n403030_wtmclustT10_nomix_site403030_nondesignquota_precisionchol_basefitbootinit_preboot_20260521/runs/scenario2/bootstrap/federated/scenario2/raw_runs/run_20260523-140009/optim_result_trial_417_20260523-140340.json","trace_file":"/project/temp/deferiprone_single_oral_25mgkg_designcheck_20260511/validation/design_change_n403030_wtmclustT10_nomix_site403030_nondesignquota_precisionchol_basefitbootinit_preboot_20260521/runs/scenario2/bootstrap/federated/scenario2/raw_runs/run_20260523-140009/optim_trace_trial_417_20260523-140340.csv","final_file":"/project/temp/deferiprone_single_oral_25mgkg_designcheck_20260511/validation/design_change_n403030_wtmclustT10_nomix_site403030_nondesignquota_precisionchol_basefitbootinit_preboot_20260521/runs/scenario2/bootstrap/federated/scenario2/raw_runs/run_20260523-140009/final_params_trial_417_20260523-140340.csv"},{"trial":418,"execution_state":"completed","converged":true,"attempts":1,"convergence":0,"value":2230.5875,"eval_fn":27,"eval_gr":27,"log_n":27,"failed_clients_n":0,"message":"CONVERGENCE: REL_REDUCTION_OF_F <= FACTR*EPSMCH","result_file":"/project/temp/deferiprone_single_oral_25mgkg_designcheck_20260511/validation/design_change_n403030_wtmclustT10_nomix_site403030_nondesignquota_precisionchol_basefitbootinit_preboot_20260521/runs/scenario2/bootstrap/federated/scenario2/raw_runs/run_20260523-140009/optim_result_trial_418_20260523-140728.json","trace_file":"/project/temp/deferiprone_single_oral_25mgkg_designcheck_20260511/validation/design_change_n403030_wtmclustT10_nomix_site403030_nondesignquota_precisionchol_basefitbootinit_preboot_20260521/runs/scenario2/bootstrap/federated/scenario2/raw_runs/run_20260523-140009/optim_trace_trial_418_20260523-140728.csv","final_file":"/project/temp/deferiprone_single_oral_25mgkg_designcheck_20260511/validation/design_change_n403030_wtmclustT10_nomix_site403030_nondesignquota_precisionchol_basefitbootinit_preboot_20260521/runs/scenario2/bootstrap/federated/scenario2/raw_runs/run_20260523-140009/final_params_trial_418_20260523-140728.csv"},{"trial":419,"execution_state":"completed","converged":true,"attempts":1,"convergence":0,"value":2212.5267,"eval_fn":22,"eval_gr":22,"log_n":22,"failed_clients_n":0,"message":"CONVERGENCE: REL_REDUCTION_OF_F <= FACTR*EPSMCH","result_file":"/project/temp/deferiprone_single_oral_25mgkg_designcheck_20260511/validation/design_change_n403030_wtmclustT10_nomix_site403030_nondesignquota_precisionchol_basefitbootinit_preboot_20260521/runs/scenario2/bootstrap/federated/scenario2/raw_runs/run_20260523-140009/optim_result_trial_419_20260523-141055.json","trace_file":"/project/temp/deferiprone_single_oral_25mgkg_designcheck_20260511/validation/design_change_n403030_wtmclustT10_nomix_site403030_nondesignquota_precisionchol_basefitbootinit_preboot_20260521/runs/scenario2/bootstrap/federated/scenario2/raw_runs/run_20260523-140009/optim_trace_trial_419_20260523-141055.csv","final_file":"/project/temp/deferiprone_single_oral_25mgkg_designcheck_20260511/validation/design_change_n403030_wtmclustT10_nomix_site403030_nondesignquota_precisionchol_basefitbootinit_preboot_20260521/runs/scenario2/bootstrap/federated/scenario2/raw_runs/run_20260523-140009/final_params_trial_419_20260523-141055.csv"},{"trial":420,"execution_state":"completed","converged":true,"attempts":1,"convergence":0,"value":2161.9766,"eval_fn":27,"eval_gr":27,"log_n":27,"failed_clients_n":0,"message":"CONVERGENCE: REL_REDUCTION_OF_F <= FACTR*EPSMCH","result_file":"/project/temp/deferiprone_single_oral_25mgkg_designcheck_20260511/validation/design_change_n403030_wtmclustT10_nomix_site403030_nondesignquota_precisionchol_basefitbootinit_preboot_20260521/runs/scenario2/bootstrap/federated/scenario2/raw_runs/run_20260523-140009/optim_result_trial_420_20260523-141344.json","trace_file":"/project/temp/deferiprone_single_oral_25mgkg_designcheck_20260511/validation/design_change_n403030_wtmclustT10_nomix_site403030_nondesignquota_precisionchol_basefitbootinit_preboot_20260521/runs/scenario2/bootstrap/federated/scenario2/raw_runs/run_20260523-140009/optim_trace_trial_420_20260523-141344.csv","final_file":"/project/temp/deferiprone_single_oral_25mgkg_designcheck_20260511/validation/design_change_n403030_wtmclustT10_nomix_site403030_nondesignquota_precisionchol_basefitbootinit_preboot_20260521/runs/scenario2/bootstrap/federated/scenario2/raw_runs/run_20260523-140009/final_params_trial_420_20260523-141344.csv"}],"info":{"run_id":"20260523-140009","log_base_dir":"/project/temp/deferiprone_single_oral_25mgkg_designcheck_20260511/validation/design_change_n403030_wtmclustT10_nomix_site403030_nondesignquota_precisionchol_basefitbootinit_preboot_20260521/runs/scenario2/bootstrap/federated","scenario":"scenario2/raw_runs","total_trials":5,"successes":5,"failures":0,"nonconverged_count":0,"nonconverged_trials":[],"convergence_missing_count":0,"seed_base":4869,"B_per_client":500,"duration_sec":1029.4350345135,"host":"09216f02d838","image_tag":null,"communication":{"generated_at":"2026-05-23T14:17:12Z","totals":{"requests":807,"request_bytes":899163,"response_bytes":204522,"total_bytes":1103685,"retries":0},"init":{"requests":3,"request_bytes":8139,"response_bytes":1161,"total_bytes":9300,"retries":0,"median_elapsed_sec":0.36750197411},"init_round_latency":{"n_rounds":1,"median_round_wall_sec":0.36894392967,"p95_round_wall_sec":0.36894392967},"run":{"requests":0,"request_bytes":0,"response_bytes":0,"total_bytes":0,"retries":0,"median_elapsed_sec":"NA"},"run_bootstrap":{"requests":804,"request_bytes":891024,"response_bytes":203361,"total_bytes":1094385,"retries":0,"median_elapsed_sec":3.6634119749},"round_latency":{"n_rounds":268,"median_round_wall_sec":3.7702463865,"p95_round_wall_sec":4.0851345301},"timing_split":{"n_rounds":268,"rounds_with_compute":268,"total_round_wall_sec":1017.9285984039,"total_round_compute_wall_sec":1009.1218,"total_round_comm_overhead_wall_sec":8.8067984039,"comm_overhead_ratio":0.0086516858036,"compute_ratio":0.9913483142}},"communication_files":{"csv":"/project/temp/deferiprone_single_oral_25mgkg_designcheck_20260511/validation/design_change_n403030_wtmclustT10_nomix_site403030_nondesignquota_precisionchol_basefitbootinit_preboot_20260521/runs/scenario2/bootstrap/federated/scenario2/raw_runs/run_20260523-140009/comm_metrics.csv","json":"/project/temp/deferiprone_single_oral_25mgkg_designcheck_20260511/validation/design_change_n403030_wtmclustT10_nomix_site403030_nondesignquota_precisionchol_basefitbootinit_preboot_20260521/runs/scenario2/bootstrap/federated/scenario2/raw_runs/run_20260523-140009/comm_metrics.json"},"output_files":{"bootstrap_summary_csv":"/project/temp/deferiprone_single_oral_25mgkg_designcheck_20260511/validation/design_change_n403030_wtmclustT10_nomix_site403030_nondesignquota_precisionchol_basefitbootinit_preboot_20260521/runs/scenario2/bootstrap/federated/scenario2/raw_runs/run_20260523-140009/bootstrap_summary.csv","bootstrap_summary_json":"/project/temp/deferiprone_single_oral_25mgkg_designcheck_20260511/validation/design_change_n403030_wtmclustT10_nomix_site403030_nondesignquota_precisionchol_basefitbootinit_preboot_20260521/runs/scenario2/bootstrap/federated/scenario2/raw_runs/run_20260523-140009/bootstrap_summary.json","trial_status_csv":"/project/temp/deferiprone_single_oral_25mgkg_designcheck_20260511/validation/design_change_n403030_wtmclustT10_nomix_site403030_nondesignquota_precisionchol_basefitbootinit_preboot_20260521/runs/scenario2/bootstrap/federated/scenario2/raw_runs/run_20260523-140009/trial_status.csv","failed_trials_csv":"/project/temp/deferiprone_single_oral_25mgkg_designcheck_20260511/validation/design_change_n403030_wtmclustT10_nomix_site403030_nondesignquota_precisionchol_basefitbootinit_preboot_20260521/runs/scenario2/bootstrap/federated/scenario2/raw_runs/run_20260523-140009/failed_trials.csv","trial_estimates_wide_csv":"/project/temp/deferiprone_single_oral_25mgkg_designcheck_20260511/validation/design_change_n403030_wtmclustT10_nomix_site403030_nondesignquota_precisionchol_basefitbootinit_preboot_20260521/runs/scenario2/bootstrap/federated/scenario2/raw_runs/run_20260523-140009/trial_estimates_wide.csv","trial_estimates_long_csv":"/project/temp/deferiprone_single_oral_25mgkg_designcheck_20260511/validation/design_change_n403030_wtmclustT10_nomix_site403030_nondesignquota_precisionchol_basefitbootinit_preboot_20260521/runs/scenario2/bootstrap/federated/scenario2/raw_runs/run_20260523-140009/trial_estimates_long.csv","result_json":"/project/temp/deferiprone_single_oral_25mgkg_designcheck_20260511/validation/design_change_n403030_wtmclustT10_nomix_site403030_nondesignquota_precisionchol_basefitbootinit_preboot_20260521/runs/scenario2/bootstrap/federated/scenario2/raw_runs/run_20260523-140009/result.json"}}}
[Kserver-1 exited with code 0
Aborting on container exit...
 Container defboot_design_change_n403030_wtmclu_scenario2_416_420-server-1  Stopping
 Container defboot_design_change_n403030_wtmclu_scenario2_416_420-server-1  Stopped
 Container defboot_design_change_n403030_wtmclu_scenario2_416_420-client3-1  Stopping
 Container defboot_design_change_n403030_wtmclu_scenario2_416_420-client2-1  Stopping
 Container defboot_design_change_n403030_wtmclu_scenario2_416_420-client1-1  Stopping
 Container defboot_design_change_n403030_wtmclu_scenario2_416_420-client3-1  Stopped
 Container defboot_design_change_n403030_wtmclu_scenario2_416_420-client2-1  Stopped
 Container defboot_design_change_n403030_wtmclu_scenario2_416_420-client1-1  Stopped
time="2026-05-23T23:17:23+09:00" level=warning msg="The \"SERVER_CONFIG_PATH\" variable is not set. Defaulting to a blank string."
 Container defboot_design_change_n403030_wtmclu_scenario2_416_420-server-1  Stopping
 Container defboot_design_change_n403030_wtmclu_scenario2_416_420-server-1  Stopped
 Container defboot_design_change_n403030_wtmclu_scenario2_416_420-server-1  Removing
 Container defboot_design_change_n403030_wtmclu_scenario2_416_420-server-1  Removed
 Container defboot_design_change_n403030_wtmclu_scenario2_416_420-client3-1  Stopping
 Container defboot_design_change_n403030_wtmclu_scenario2_416_420-client2-1  Stopping
 Container defboot_design_change_n403030_wtmclu_scenario2_416_420-client1-1  Stopping
 Container defboot_design_change_n403030_wtmclu_scenario2_416_420-client3-1  Stopped
 Container defboot_design_change_n403030_wtmclu_scenario2_416_420-client3-1  Removing
 Container defboot_design_change_n403030_wtmclu_scenario2_416_420-client2-1  Stopped
 Container defboot_design_change_n403030_wtmclu_scenario2_416_420-client2-1  Removing
 Container defboot_design_change_n403030_wtmclu_scenario2_416_420-client1-1  Stopped
 Container defboot_design_change_n403030_wtmclu_scenario2_416_420-client1-1  Removing
 Container defboot_design_change_n403030_wtmclu_scenario2_416_420-client3-1  Removed
 Container defboot_design_change_n403030_wtmclu_scenario2_416_420-client1-1  Removed
 Container defboot_design_change_n403030_wtmclu_scenario2_416_420-client2-1  Removed
 Network defboot_design_change_n403030_wtmclu_scenario2_416_420_site2_net  Removing
 Network defboot_design_change_n403030_wtmclu_scenario2_416_420_site3_net  Removing
 Network defboot_design_change_n403030_wtmclu_scenario2_416_420_site1_net  Removing
 Network defboot_design_change_n403030_wtmclu_scenario2_416_420_site2_net  Removed
 Network defboot_design_change_n403030_wtmclu_scenario2_416_420_site3_net  Removed
 Network defboot_design_change_n403030_wtmclu_scenario2_416_420_site1_net  Removed
