time="2026-05-23T17:11:29+09:00" level=warning msg="The \"SERVER_CONFIG_PATH\" variable is not set. Defaulting to a blank string."
Compose now can delegate build to bake for better performances
Just set COMPOSE_BAKE=true
#0 building with "default" instance using docker driver

#1 [client1 internal] load build definition from Dockerfile.app
#1 transferring dockerfile: 778B done
#1 DONE 0.0s

#2 [client3 internal] load build definition from Dockerfile.app
#2 transferring dockerfile: 778B done
#2 DONE 0.0s

#3 [client2 internal] load build definition from Dockerfile.app
#3 transferring dockerfile: 778B done
#3 DONE 0.0s

#4 [client2 internal] load metadata for docker.io/fedpoppk/base:0.1.0
#4 DONE 0.0s

#5 [client1 internal] load .dockerignore
#5 transferring context: 2B done
#5 DONE 0.0s

#6 [client3 internal] load .dockerignore
#6 transferring context: 2B done
#6 DONE 0.0s

#7 [client2 internal] load .dockerignore
#7 transferring context: 2B done
#7 DONE 0.0s

#8 [client3 1/8] FROM docker.io/fedpoppk/base:0.1.0
#8 DONE 0.0s

#9 [client3 internal] load build context
#9 transferring context: 736.51kB 0.3s done
#9 DONE 0.3s

#10 [client1 internal] load build context
#10 transferring context: 736.51kB 0.3s done
#10 DONE 0.3s

#11 [client2 internal] load build context
#11 transferring context: 736.51kB 0.3s done
#11 DONE 0.3s

#12 [client1 6/8] COPY R/ R/
#12 CACHED

#13 [client1 2/8] WORKDIR /project
#13 CACHED

#14 [client1 5/8] COPY apps/ apps/
#14 CACHED

#15 [client1 4/8] RUN Rscript -e "options(renv.consent=TRUE, Ncpus=parallel::detectCores());                 renv::restore(prompt=FALSE)"
#15 CACHED

#16 [client1 7/8] COPY analysis/ analysis/
#16 CACHED

#17 [client1 3/8] COPY renv.lock .Rprofile renv/activate.R ./
#17 CACHED

#18 [client2 8/8] RUN mkdir -p /project/configs/modes /project/data /project/artifacts /project/result
#18 CACHED

#19 [client3] exporting to image
#19 exporting layers done
#19 writing image sha256:b35300e31e47fb01ae566a1f72691c3d0399ab3543bdcec35b4bb81062922975 done
#19 naming to docker.io/library/defboot_design_change_n403030_wtmclu_scenario2_301_305-client3 0.0s done
#19 DONE 0.0s

#20 [client2] exporting to image
#20 exporting layers done
#20 writing image sha256:663257a68bc55f0e2af62c675811eb9c9c32f6a25bb8e9ee66e7b966c6f1a62d done
#20 naming to docker.io/library/defboot_design_change_n403030_wtmclu_scenario2_301_305-client2 0.0s done
#20 DONE 0.0s

#21 [client1] exporting to image
#21 exporting layers done
#21 writing image sha256:f3b2f44f48d14cfb41a3834d7115962a7b888f45798b5d8e781ebdd7786d901d done
#21 naming to docker.io/library/defboot_design_change_n403030_wtmclu_scenario2_301_305-client1 0.0s done
#21 DONE 0.1s

#22 [client1] resolving provenance for metadata file
#22 DONE 0.0s

#23 [client2] resolving provenance for metadata file
#23 DONE 0.0s

#24 [client3] resolving provenance for metadata file
#24 DONE 0.0s

#25 [server internal] load build definition from Dockerfile.app
#25 transferring dockerfile: 778B done
#25 DONE 0.0s

#4 [server internal] load metadata for docker.io/fedpoppk/base:0.1.0
#4 DONE 0.0s

#26 [server internal] load .dockerignore
#26 transferring context: 2B done
#26 DONE 0.0s

#8 [server 1/8] FROM docker.io/fedpoppk/base:0.1.0
#8 DONE 0.0s

#27 [server internal] load build context
#27 transferring context: 736.51kB 0.3s done
#27 DONE 0.3s

#28 [server 4/8] RUN Rscript -e "options(renv.consent=TRUE, Ncpus=parallel::detectCores());                 renv::restore(prompt=FALSE)"
#28 CACHED

#29 [server 5/8] COPY apps/ apps/
#29 CACHED

#30 [server 7/8] COPY analysis/ analysis/
#30 CACHED

#13 [server 2/8] WORKDIR /project
#13 CACHED

#31 [server 6/8] COPY R/ R/
#31 CACHED

#32 [server 3/8] COPY renv.lock .Rprofile renv/activate.R ./
#32 CACHED

#33 [server 8/8] RUN mkdir -p /project/configs/modes /project/data /project/artifacts /project/result
#33 CACHED

#34 [server] exporting to image
#34 exporting layers done
#34 writing image sha256:5017e695345d92b07c4a981d490fea9a7af61d840bc739c3814656721015f1f4 done
#34 naming to docker.io/library/defboot_design_change_n403030_wtmclu_scenario2_301_305-server 0.0s done
#34 DONE 0.0s

#35 [server] resolving provenance for metadata file
#35 DONE 0.0s
 client1  Built
 client2  Built
 client3  Built
 server  Built
 Network defboot_design_change_n403030_wtmclu_scenario2_301_305_site1_net  Creating
 Network defboot_design_change_n403030_wtmclu_scenario2_301_305_site1_net  Created
 Network defboot_design_change_n403030_wtmclu_scenario2_301_305_site2_net  Creating
 Network defboot_design_change_n403030_wtmclu_scenario2_301_305_site2_net  Created
 Network defboot_design_change_n403030_wtmclu_scenario2_301_305_site3_net  Creating
 Network defboot_design_change_n403030_wtmclu_scenario2_301_305_site3_net  Created
 Container defboot_design_change_n403030_wtmclu_scenario2_301_305-client3-1  Creating
 Container defboot_design_change_n403030_wtmclu_scenario2_301_305-client2-1  Creating
 Container defboot_design_change_n403030_wtmclu_scenario2_301_305-client1-1  Creating
 Container defboot_design_change_n403030_wtmclu_scenario2_301_305-client3-1  Created
 Container defboot_design_change_n403030_wtmclu_scenario2_301_305-client2-1  Created
 Container defboot_design_change_n403030_wtmclu_scenario2_301_305-client1-1  Created
 Container defboot_design_change_n403030_wtmclu_scenario2_301_305-server-1  Creating
 Container defboot_design_change_n403030_wtmclu_scenario2_301_305-server-1  Created
Attaching to client1-1, client2-1, client3-1, server-1
client3-1  | Running plumber API at http://0.0.0.0:8000
client3-1  | Running swagger Docs at http://127.0.0.1:8000/__docs__/
client2-1  | Running plumber API at http://0.0.0.0:8000
client2-1  | Running swagger Docs at http://127.0.0.1:8000/__docs__/
client1-1  | Running plumber API at http://0.0.0.0:8000
client1-1  | Running swagger Docs at http://127.0.0.1:8000/__docs__/
client1-1  | ℹ parameter labels from comments are typically ignored in non-interactive mode
client1-1  | ℹ Need to run with the source intact to parse comments
client2-1  | ℹ parameter labels from comments are typically ignored in non-interactive mode
client2-1  | ℹ Need to run with the source intact to parse comments
client3-1  | ℹ parameter labels from comments are typically ignored in non-interactive mode
client3-1  | ℹ Need to run with the source intact to parse comments
server-1   | [send_init] http://client1:8000 init succeeded
server-1   | [send_init] http://client2:8000 init succeeded
server-1   | [send_init] http://client3:8000 init succeeded
server-1   | {"schema":{"schema_version":"1.1.0","generated_at":"2026-05-23T08:11:38Z","config_path":"/project/configs/../temp/deferiprone_single_oral_25mgkg_designcheck_20260511/validation/design_change_n403030_wtmclustT10_nomix_site403030_nondesignquota_precisionchol_basefitbootinit_preboot_20260521/configs/resolved/scenario2_bootstrap.json","config_md5":"67e6a296d3935d620e746ed6160f8ca2","seed":4869,"host":"169c3d8910e2","pid":1,"image_tag":null,"git_sha":null,"git_dirty":null},"aggregation":{"ci_method":"percentile","ci_level":0.95,"quantile_type":7,"estimates_scale":"natural"},"summary":[{"parameter":"(etaLcl,etaLvc)","median":0.055122040802,"p2.5":0.046144471815,"p97.5":0.075224781975},{"parameter":"CcPropSd","median":0.34697465554,"p2.5":0.33258835616,"p97.5":0.35420642563},{"parameter":"etaLcl","median":0.10544360756,"p2.5":0.078762059428,"p97.5":0.108290934},{"parameter":"etaLvc","median":0.036870040602,"p2.5":0.023421909075,"p97.5":0.055136429174},{"parameter":"lcl","median":2.1646546316,"p2.5":2.1128593831,"p97.5":2.223091648},{"parameter":"lka","median":2.2003018355,"p2.5":2.0637577838,"p97.5":2.3190016739},{"parameter":"lvc","median":2.9754400553,"p2.5":2.8659942413,"p97.5":3.009339751},{"parameter":"rho_(etaLcl,etaLvc)","median":0.97925386721,"p2.5":0.96778373488,"p97.5":0.98578755276}],"runs":[{"tag":"trial_301_20260523-081138","value":2200.831,"counts":[38,38],"control":{"maxit":100,"factr":1000000000,"pgtol":0,"trace":0,"method":"L-BFGS-B"},"convergence":0,"message":"CONVERGENCE: REL_REDUCTION_OF_F <= FACTR*EPSMCH","nat_par":{"lka":2.2003018355,"lcl":2.2265306158,"lvc":3.0119378938,"CcPropSd":0.35016313078,"etaLcl":0.10847752883,"etaLvc":0.029506980199,"(etaLcl,etaLvc)":0.055122040802,"rho_(etaLcl,etaLvc)":0.9743006987},"failed_clients":[],"attempt":1,"files":{"result":"/project/temp/deferiprone_single_oral_25mgkg_designcheck_20260511/validation/design_change_n403030_wtmclustT10_nomix_site403030_nondesignquota_precisionchol_basefitbootinit_preboot_20260521/runs/scenario2/bootstrap/federated/scenario2/raw_runs/run_20260523-081138/optim_result_trial_301_20260523-081138.json","trace":"/project/temp/deferiprone_single_oral_25mgkg_designcheck_20260511/validation/design_change_n403030_wtmclustT10_nomix_site403030_nondesignquota_precisionchol_basefitbootinit_preboot_20260521/runs/scenario2/bootstrap/federated/scenario2/raw_runs/run_20260523-081138/optim_trace_trial_301_20260523-081138.csv","final":"/project/temp/deferiprone_single_oral_25mgkg_designcheck_20260511/validation/design_change_n403030_wtmclustT10_nomix_site403030_nondesignquota_precisionchol_basefitbootinit_preboot_20260521/runs/scenario2/bootstrap/federated/scenario2/raw_runs/run_20260523-081138/final_params_trial_301_20260523-081138.csv"},"log_n":37,"execution_state":"completed","trial":301,"attempts":1},{"tag":"trial_302_20260523-081617","value":2207.7223,"counts":[21,21],"control":{"maxit":100,"factr":1000000000,"pgtol":0,"trace":0,"method":"L-BFGS-B"},"convergence":0,"message":"CONVERGENCE: REL_REDUCTION_OF_F <= FACTR*EPSMCH","nat_par":{"lka":2.0712402671,"lcl":2.1108391499,"lvc":2.8614808134,"CcPropSd":0.33145702041,"etaLcl":0.096310901762,"etaLvc":0.022745790062,"(etaLcl,etaLvc)":0.045262807763,"rho_(etaLcl,etaLvc)":0.96705962779},"failed_clients":[],"attempt":1,"files":{"result":"/project/temp/deferiprone_single_oral_25mgkg_designcheck_20260511/validation/design_change_n403030_wtmclustT10_nomix_site403030_nondesignquota_precisionchol_basefitbootinit_preboot_20260521/runs/scenario2/bootstrap/federated/scenario2/raw_runs/run_20260523-081138/optim_result_trial_302_20260523-081617.json","trace":"/project/temp/deferiprone_single_oral_25mgkg_designcheck_20260511/validation/design_change_n403030_wtmclustT10_nomix_site403030_nondesignquota_precisionchol_basefitbootinit_preboot_20260521/runs/scenario2/bootstrap/federated/scenario2/raw_runs/run_20260523-081138/optim_trace_trial_302_20260523-081617.csv","final":"/project/temp/deferiprone_single_oral_25mgkg_designcheck_20260511/validation/design_change_n403030_wtmclustT10_nomix_site403030_nondesignquota_precisionchol_basefitbootinit_preboot_20260521/runs/scenario2/bootstrap/federated/scenario2/raw_runs/run_20260523-081138/final_params_trial_302_20260523-081617.csv"},"log_n":21,"execution_state":"completed","trial":302,"attempts":1},{"tag":"trial_303_20260523-081855","value":2202.6234,"counts":[21,21],"control":{"maxit":100,"factr":1000000000,"pgtol":0,"trace":0,"method":"L-BFGS-B"},"convergence":0,"message":"CONVERGENCE: REL_REDUCTION_OF_F <= FACTR*EPSMCH","nat_par":{"lka":2.3081859428,"lcl":2.1646546316,"lvc":2.9859564657,"CcPropSd":0.34697465554,"etaLcl":0.10544360756,"etaLvc":0.036870040602,"(etaLcl,etaLvc)":0.061057951739,"rho_(etaLcl,etaLvc)":0.97925386721},"failed_clients":[],"attempt":1,"files":{"result":"/project/temp/deferiprone_single_oral_25mgkg_designcheck_20260511/validation/design_change_n403030_wtmclustT10_nomix_site403030_nondesignquota_precisionchol_basefitbootinit_preboot_20260521/runs/scenario2/bootstrap/federated/scenario2/raw_runs/run_20260523-081138/optim_result_trial_303_20260523-081855.json","trace":"/project/temp/deferiprone_single_oral_25mgkg_designcheck_20260511/validation/design_change_n403030_wtmclustT10_nomix_site403030_nondesignquota_precisionchol_basefitbootinit_preboot_20260521/runs/scenario2/bootstrap/federated/scenario2/raw_runs/run_20260523-081138/optim_trace_trial_303_20260523-081855.csv","final":"/project/temp/deferiprone_single_oral_25mgkg_designcheck_20260511/validation/design_change_n403030_wtmclustT10_nomix_site403030_nondesignquota_precisionchol_basefitbootinit_preboot_20260521/runs/scenario2/bootstrap/federated/scenario2/raw_runs/run_20260523-081138/final_params_trial_303_20260523-081855.csv"},"log_n":21,"execution_state":"completed","trial":303,"attempts":1},{"tag":"trial_304_20260523-082136","value":2215.0404,"counts":[20,20],"control":{"maxit":100,"factr":1000000000,"pgtol":0,"trace":0,"method":"L-BFGS-B"},"convergence":0,"message":"CONVERGENCE: REL_REDUCTION_OF_F <= FACTR*EPSMCH","nat_par":{"lka":2.0629263968,"lcl":2.1310414818,"lvc":2.9066150922,"CcPropSd":0.34277037786,"etaLcl":0.10661158049,"etaLvc":0.056863143211,"(etaLcl,etaLvc)":0.076798874223,"rho_(etaLcl,etaLvc)":0.98636404239},"failed_clients":[],"attempt":1,"files":{"result":"/project/temp/deferiprone_single_oral_25mgkg_designcheck_20260511/validation/design_change_n403030_wtmclustT10_nomix_site403030_nondesignquota_precisionchol_basefitbootinit_preboot_20260521/runs/scenario2/bootstrap/federated/scenario2/raw_runs/run_20260523-081138/optim_result_trial_304_20260523-082136.json","trace":"/project/temp/deferiprone_single_oral_25mgkg_designcheck_20260511/validation/design_change_n403030_wtmclustT10_nomix_site403030_nondesignquota_precisionchol_basefitbootinit_preboot_20260521/runs/scenario2/bootstrap/federated/scenario2/raw_runs/run_20260523-081138/optim_trace_trial_304_20260523-082136.csv","final":"/project/temp/deferiprone_single_oral_25mgkg_designcheck_20260511/validation/design_change_n403030_wtmclustT10_nomix_site403030_nondesignquota_precisionchol_basefitbootinit_preboot_20260521/runs/scenario2/bootstrap/federated/scenario2/raw_runs/run_20260523-081138/final_params_trial_304_20260523-082136.csv"},"log_n":20,"execution_state":"completed","trial":304,"attempts":1},{"tag":"trial_305_20260523-082408","value":2191.4311,"counts":[23,23],"control":{"maxit":100,"factr":1000000000,"pgtol":0,"trace":0,"method":"L-BFGS-B"},"convergence":0,"message":"CONVERGENCE: REL_REDUCTION_OF_F <= FACTR*EPSMCH","nat_par":{"lka":2.3202034218,"lcl":2.1921409369,"lvc":2.9754400553,"CcPropSd":0.35465568062,"etaLcl":0.076812188057,"etaLvc":0.039596002837,"(etaLcl,etaLvc)":0.054079448286,"rho_(etaLcl,etaLvc)":0.98059914606},"failed_clients":[],"attempt":1,"files":{"result":"/project/temp/deferiprone_single_oral_25mgkg_designcheck_20260511/validation/design_change_n403030_wtmclustT10_nomix_site403030_nondesignquota_precisionchol_basefitbootinit_preboot_20260521/runs/scenario2/bootstrap/federated/scenario2/raw_runs/run_20260523-081138/optim_result_trial_305_20260523-082408.json","trace":"/project/temp/deferiprone_single_oral_25mgkg_designcheck_20260511/validation/design_change_n403030_wtmclustT10_nomix_site403030_nondesignquota_precisionchol_basefitbootinit_preboot_20260521/runs/scenario2/bootstrap/federated/scenario2/raw_runs/run_20260523-081138/optim_trace_trial_305_20260523-082408.csv","final":"/project/temp/deferiprone_single_oral_25mgkg_designcheck_20260511/validation/design_change_n403030_wtmclustT10_nomix_site403030_nondesignquota_precisionchol_basefitbootinit_preboot_20260521/runs/scenario2/bootstrap/federated/scenario2/raw_runs/run_20260523-081138/final_params_trial_305_20260523-082408.csv"},"log_n":23,"execution_state":"completed","trial":305,"attempts":1}],"trial_status":[{"trial":301,"execution_state":"completed","converged":true,"attempts":1,"convergence":0,"value":2200.831,"eval_fn":38,"eval_gr":38,"log_n":37,"failed_clients_n":0,"message":"CONVERGENCE: REL_REDUCTION_OF_F <= FACTR*EPSMCH","result_file":"/project/temp/deferiprone_single_oral_25mgkg_designcheck_20260511/validation/design_change_n403030_wtmclustT10_nomix_site403030_nondesignquota_precisionchol_basefitbootinit_preboot_20260521/runs/scenario2/bootstrap/federated/scenario2/raw_runs/run_20260523-081138/optim_result_trial_301_20260523-081138.json","trace_file":"/project/temp/deferiprone_single_oral_25mgkg_designcheck_20260511/validation/design_change_n403030_wtmclustT10_nomix_site403030_nondesignquota_precisionchol_basefitbootinit_preboot_20260521/runs/scenario2/bootstrap/federated/scenario2/raw_runs/run_20260523-081138/optim_trace_trial_301_20260523-081138.csv","final_file":"/project/temp/deferiprone_single_oral_25mgkg_designcheck_20260511/validation/design_change_n403030_wtmclustT10_nomix_site403030_nondesignquota_precisionchol_basefitbootinit_preboot_20260521/runs/scenario2/bootstrap/federated/scenario2/raw_runs/run_20260523-081138/final_params_trial_301_20260523-081138.csv"},{"trial":302,"execution_state":"completed","converged":true,"attempts":1,"convergence":0,"value":2207.7223,"eval_fn":21,"eval_gr":21,"log_n":21,"failed_clients_n":0,"message":"CONVERGENCE: REL_REDUCTION_OF_F <= FACTR*EPSMCH","result_file":"/project/temp/deferiprone_single_oral_25mgkg_designcheck_20260511/validation/design_change_n403030_wtmclustT10_nomix_site403030_nondesignquota_precisionchol_basefitbootinit_preboot_20260521/runs/scenario2/bootstrap/federated/scenario2/raw_runs/run_20260523-081138/optim_result_trial_302_20260523-081617.json","trace_file":"/project/temp/deferiprone_single_oral_25mgkg_designcheck_20260511/validation/design_change_n403030_wtmclustT10_nomix_site403030_nondesignquota_precisionchol_basefitbootinit_preboot_20260521/runs/scenario2/bootstrap/federated/scenario2/raw_runs/run_20260523-081138/optim_trace_trial_302_20260523-081617.csv","final_file":"/project/temp/deferiprone_single_oral_25mgkg_designcheck_20260511/validation/design_change_n403030_wtmclustT10_nomix_site403030_nondesignquota_precisionchol_basefitbootinit_preboot_20260521/runs/scenario2/bootstrap/federated/scenario2/raw_runs/run_20260523-081138/final_params_trial_302_20260523-081617.csv"},{"trial":303,"execution_state":"completed","converged":true,"attempts":1,"convergence":0,"value":2202.6234,"eval_fn":21,"eval_gr":21,"log_n":21,"failed_clients_n":0,"message":"CONVERGENCE: REL_REDUCTION_OF_F <= FACTR*EPSMCH","result_file":"/project/temp/deferiprone_single_oral_25mgkg_designcheck_20260511/validation/design_change_n403030_wtmclustT10_nomix_site403030_nondesignquota_precisionchol_basefitbootinit_preboot_20260521/runs/scenario2/bootstrap/federated/scenario2/raw_runs/run_20260523-081138/optim_result_trial_303_20260523-081855.json","trace_file":"/project/temp/deferiprone_single_oral_25mgkg_designcheck_20260511/validation/design_change_n403030_wtmclustT10_nomix_site403030_nondesignquota_precisionchol_basefitbootinit_preboot_20260521/runs/scenario2/bootstrap/federated/scenario2/raw_runs/run_20260523-081138/optim_trace_trial_303_20260523-081855.csv","final_file":"/project/temp/deferiprone_single_oral_25mgkg_designcheck_20260511/validation/design_change_n403030_wtmclustT10_nomix_site403030_nondesignquota_precisionchol_basefitbootinit_preboot_20260521/runs/scenario2/bootstrap/federated/scenario2/raw_runs/run_20260523-081138/final_params_trial_303_20260523-081855.csv"},{"trial":304,"execution_state":"completed","converged":true,"attempts":1,"convergence":0,"value":2215.0404,"eval_fn":20,"eval_gr":20,"log_n":20,"failed_clients_n":0,"message":"CONVERGENCE: REL_REDUCTION_OF_F <= FACTR*EPSMCH","result_file":"/project/temp/deferiprone_single_oral_25mgkg_designcheck_20260511/validation/design_change_n403030_wtmclustT10_nomix_site403030_nondesignquota_precisionchol_basefitbootinit_preboot_20260521/runs/scenario2/bootstrap/federated/scenario2/raw_runs/run_20260523-081138/optim_result_trial_304_20260523-082136.json","trace_file":"/project/temp/deferiprone_single_oral_25mgkg_designcheck_20260511/validation/design_change_n403030_wtmclustT10_nomix_site403030_nondesignquota_precisionchol_basefitbootinit_preboot_20260521/runs/scenario2/bootstrap/federated/scenario2/raw_runs/run_20260523-081138/optim_trace_trial_304_20260523-082136.csv","final_file":"/project/temp/deferiprone_single_oral_25mgkg_designcheck_20260511/validation/design_change_n403030_wtmclustT10_nomix_site403030_nondesignquota_precisionchol_basefitbootinit_preboot_20260521/runs/scenario2/bootstrap/federated/scenario2/raw_runs/run_20260523-081138/final_params_trial_304_20260523-082136.csv"},{"trial":305,"execution_state":"completed","converged":true,"attempts":1,"convergence":0,"value":2191.4311,"eval_fn":23,"eval_gr":23,"log_n":23,"failed_clients_n":0,"message":"CONVERGENCE: REL_REDUCTION_OF_F <= FACTR*EPSMCH","result_file":"/project/temp/deferiprone_single_oral_25mgkg_designcheck_20260511/validation/design_change_n403030_wtmclustT10_nomix_site403030_nondesignquota_precisionchol_basefitbootinit_preboot_20260521/runs/scenario2/bootstrap/federated/scenario2/raw_runs/run_20260523-081138/optim_result_trial_305_20260523-082408.json","trace_file":"/project/temp/deferiprone_single_oral_25mgkg_designcheck_20260511/validation/design_change_n403030_wtmclustT10_nomix_site403030_nondesignquota_precisionchol_basefitbootinit_preboot_20260521/runs/scenario2/bootstrap/federated/scenario2/raw_runs/run_20260523-081138/optim_trace_trial_305_20260523-082408.csv","final_file":"/project/temp/deferiprone_single_oral_25mgkg_designcheck_20260511/validation/design_change_n403030_wtmclustT10_nomix_site403030_nondesignquota_precisionchol_basefitbootinit_preboot_20260521/runs/scenario2/bootstrap/federated/scenario2/raw_runs/run_20260523-081138/final_params_trial_305_20260523-082408.csv"}],"info":{"run_id":"20260523-081138","log_base_dir":"/project/temp/deferiprone_single_oral_25mgkg_designcheck_20260511/validation/design_change_n403030_wtmclustT10_nomix_site403030_nondesignquota_precisionchol_basefitbootinit_preboot_20260521/runs/scenario2/bootstrap/federated","scenario":"scenario2/raw_runs","total_trials":5,"successes":5,"failures":0,"nonconverged_count":0,"nonconverged_trials":[],"convergence_missing_count":0,"seed_base":4869,"B_per_client":500,"duration_sec":932.816639185,"host":"169c3d8910e2","image_tag":null,"communication":{"generated_at":"2026-05-23T08:27:05Z","totals":{"requests":735,"request_bytes":819285,"response_bytes":186319,"total_bytes":1005604,"retries":0},"init":{"requests":3,"request_bytes":8139,"response_bytes":1161,"total_bytes":9300,"retries":0,"median_elapsed_sec":0.36932706833},"init_round_latency":{"n_rounds":1,"median_round_wall_sec":0.37949776649,"p95_round_wall_sec":0.37949776649},"run":{"requests":0,"request_bytes":0,"response_bytes":0,"total_bytes":0,"retries":0,"median_elapsed_sec":"NA"},"run_bootstrap":{"requests":732,"request_bytes":811146,"response_bytes":185158,"total_bytes":996304,"retries":0,"median_elapsed_sec":3.638751626},"round_latency":{"n_rounds":244,"median_round_wall_sec":3.7572618723,"p95_round_wall_sec":4.0321756124},"timing_split":{"n_rounds":244,"rounds_with_compute":244,"total_round_wall_sec":921.8946294785,"total_round_compute_wall_sec":913.9746,"total_round_comm_overhead_wall_sec":7.9200294785,"comm_overhead_ratio":0.0085910354884,"compute_ratio":0.99140896451}},"communication_files":{"csv":"/project/temp/deferiprone_single_oral_25mgkg_designcheck_20260511/validation/design_change_n403030_wtmclustT10_nomix_site403030_nondesignquota_precisionchol_basefitbootinit_preboot_20260521/runs/scenario2/bootstrap/federated/scenario2/raw_runs/run_20260523-081138/comm_metrics.csv","json":"/project/temp/deferiprone_single_oral_25mgkg_designcheck_20260511/validation/design_change_n403030_wtmclustT10_nomix_site403030_nondesignquota_precisionchol_basefitbootinit_preboot_20260521/runs/scenario2/bootstrap/federated/scenario2/raw_runs/run_20260523-081138/comm_metrics.json"},"output_files":{"bootstrap_summary_csv":"/project/temp/deferiprone_single_oral_25mgkg_designcheck_20260511/validation/design_change_n403030_wtmclustT10_nomix_site403030_nondesignquota_precisionchol_basefitbootinit_preboot_20260521/runs/scenario2/bootstrap/federated/scenario2/raw_runs/run_20260523-081138/bootstrap_summary.csv","bootstrap_summary_json":"/project/temp/deferiprone_single_oral_25mgkg_designcheck_20260511/validation/design_change_n403030_wtmclustT10_nomix_site403030_nondesignquota_precisionchol_basefitbootinit_preboot_20260521/runs/scenario2/bootstrap/federated/scenario2/raw_runs/run_20260523-081138/bootstrap_summary.json","trial_status_csv":"/project/temp/deferiprone_single_oral_25mgkg_designcheck_20260511/validation/design_change_n403030_wtmclustT10_nomix_site403030_nondesignquota_precisionchol_basefitbootinit_preboot_20260521/runs/scenario2/bootstrap/federated/scenario2/raw_runs/run_20260523-081138/trial_status.csv","failed_trials_csv":"/project/temp/deferiprone_single_oral_25mgkg_designcheck_20260511/validation/design_change_n403030_wtmclustT10_nomix_site403030_nondesignquota_precisionchol_basefitbootinit_preboot_20260521/runs/scenario2/bootstrap/federated/scenario2/raw_runs/run_20260523-081138/failed_trials.csv","trial_estimates_wide_csv":"/project/temp/deferiprone_single_oral_25mgkg_designcheck_20260511/validation/design_change_n403030_wtmclustT10_nomix_site403030_nondesignquota_precisionchol_basefitbootinit_preboot_20260521/runs/scenario2/bootstrap/federated/scenario2/raw_runs/run_20260523-081138/trial_estimates_wide.csv","trial_estimates_long_csv":"/project/temp/deferiprone_single_oral_25mgkg_designcheck_20260511/validation/design_change_n403030_wtmclustT10_nomix_site403030_nondesignquota_precisionchol_basefitbootinit_preboot_20260521/runs/scenario2/bootstrap/federated/scenario2/raw_runs/run_20260523-081138/trial_estimates_long.csv","result_json":"/project/temp/deferiprone_single_oral_25mgkg_designcheck_20260511/validation/design_change_n403030_wtmclustT10_nomix_site403030_nondesignquota_precisionchol_basefitbootinit_preboot_20260521/runs/scenario2/bootstrap/federated/scenario2/raw_runs/run_20260523-081138/result.json"}}}
[Kserver-1 exited with code 0
Aborting on container exit...
 Container defboot_design_change_n403030_wtmclu_scenario2_301_305-server-1  Stopping
 Container defboot_design_change_n403030_wtmclu_scenario2_301_305-server-1  Stopped
 Container defboot_design_change_n403030_wtmclu_scenario2_301_305-client1-1  Stopping
 Container defboot_design_change_n403030_wtmclu_scenario2_301_305-client3-1  Stopping
 Container defboot_design_change_n403030_wtmclu_scenario2_301_305-client2-1  Stopping
 Container defboot_design_change_n403030_wtmclu_scenario2_301_305-client2-1  Stopped
 Container defboot_design_change_n403030_wtmclu_scenario2_301_305-client3-1  Stopped
 Container defboot_design_change_n403030_wtmclu_scenario2_301_305-client1-1  Stopped
time="2026-05-23T17:27:15+09:00" level=warning msg="The \"SERVER_CONFIG_PATH\" variable is not set. Defaulting to a blank string."
 Container defboot_design_change_n403030_wtmclu_scenario2_301_305-server-1  Stopping
 Container defboot_design_change_n403030_wtmclu_scenario2_301_305-server-1  Stopped
 Container defboot_design_change_n403030_wtmclu_scenario2_301_305-server-1  Removing
 Container defboot_design_change_n403030_wtmclu_scenario2_301_305-server-1  Removed
 Container defboot_design_change_n403030_wtmclu_scenario2_301_305-client2-1  Stopping
 Container defboot_design_change_n403030_wtmclu_scenario2_301_305-client3-1  Stopping
 Container defboot_design_change_n403030_wtmclu_scenario2_301_305-client1-1  Stopping
 Container defboot_design_change_n403030_wtmclu_scenario2_301_305-client3-1  Stopped
 Container defboot_design_change_n403030_wtmclu_scenario2_301_305-client3-1  Removing
 Container defboot_design_change_n403030_wtmclu_scenario2_301_305-client2-1  Stopped
 Container defboot_design_change_n403030_wtmclu_scenario2_301_305-client2-1  Removing
 Container defboot_design_change_n403030_wtmclu_scenario2_301_305-client1-1  Stopped
 Container defboot_design_change_n403030_wtmclu_scenario2_301_305-client1-1  Removing
 Container defboot_design_change_n403030_wtmclu_scenario2_301_305-client3-1  Removed
 Container defboot_design_change_n403030_wtmclu_scenario2_301_305-client1-1  Removed
 Container defboot_design_change_n403030_wtmclu_scenario2_301_305-client2-1  Removed
 Network defboot_design_change_n403030_wtmclu_scenario2_301_305_site2_net  Removing
 Network defboot_design_change_n403030_wtmclu_scenario2_301_305_site1_net  Removing
 Network defboot_design_change_n403030_wtmclu_scenario2_301_305_site3_net  Removing
 Network defboot_design_change_n403030_wtmclu_scenario2_301_305_site1_net  Removed
 Network defboot_design_change_n403030_wtmclu_scenario2_301_305_site2_net  Removed
 Network defboot_design_change_n403030_wtmclu_scenario2_301_305_site3_net  Removed
