time="2026-05-24T01:25:39+09:00" level=warning msg="The \"SERVER_CONFIG_PATH\" variable is not set. Defaulting to a blank string."
Compose now can delegate build to bake for better performances
Just set COMPOSE_BAKE=true
#0 building with "default" instance using docker driver

#1 [client2 internal] load build definition from Dockerfile.app
#1 transferring dockerfile: 778B done
#1 DONE 0.0s

#2 [client1 internal] load build definition from Dockerfile.app
#2 transferring dockerfile: 778B done
#2 DONE 0.0s

#3 [client3 internal] load build definition from Dockerfile.app
#3 transferring dockerfile: 778B done
#3 DONE 0.0s

#4 [client3 internal] load metadata for docker.io/fedpoppk/base:0.1.0
#4 DONE 0.0s

#5 [client2 internal] load .dockerignore
#5 transferring context: 2B done
#5 DONE 0.0s

#6 [client1 internal] load .dockerignore
#6 transferring context: 2B done
#6 DONE 0.0s

#7 [client3 1/8] FROM docker.io/fedpoppk/base:0.1.0
#7 DONE 0.0s

#8 [client3 internal] load .dockerignore
#8 transferring context: 2B done
#8 DONE 0.0s

#9 [client2 internal] load build context
#9 transferring context: 736.51kB 0.3s done
#9 DONE 0.3s

#10 [client1 internal] load build context
#10 transferring context: 736.51kB 0.3s done
#10 DONE 0.3s

#11 [client3 internal] load build context
#11 transferring context: 736.51kB 0.3s done
#11 DONE 0.3s

#12 [client1 3/8] COPY renv.lock .Rprofile renv/activate.R ./
#12 CACHED

#13 [client1 5/8] COPY apps/ apps/
#13 CACHED

#14 [client1 7/8] COPY analysis/ analysis/
#14 CACHED

#15 [client1 6/8] COPY R/ R/
#15 CACHED

#16 [client1 2/8] WORKDIR /project
#16 CACHED

#17 [client1 4/8] RUN Rscript -e "options(renv.consent=TRUE, Ncpus=parallel::detectCores());                 renv::restore(prompt=FALSE)"
#17 CACHED

#18 [client3 8/8] RUN mkdir -p /project/configs/modes /project/data /project/artifacts /project/result
#18 CACHED

#19 [client1] exporting to image
#19 exporting layers done
#19 writing image sha256:55b1ca95fc7d6efd17a980702884cba9cb936d1808609e6f515fe1dc53fa691f done
#19 naming to docker.io/library/defboot_design_change_n403030_wtmclu_scenario2_461_465-client1 0.0s done
#19 DONE 0.0s

#20 [client2] exporting to image
#20 exporting layers done
#20 writing image sha256:44a16be297f9c6d4f0e6c87111f3980fad9ba2835ae5de5e564ac92fef904b0e done
#20 naming to docker.io/library/defboot_design_change_n403030_wtmclu_scenario2_461_465-client2 0.0s done
#20 DONE 0.0s

#21 [client3] exporting to image
#21 exporting layers done
#21 writing image sha256:fe2efffbdca6709faac85b29a03e4bc38ee3b39846760c73a4dd29e1ef052f8c done
#21 naming to docker.io/library/defboot_design_change_n403030_wtmclu_scenario2_461_465-client3
#21 naming to docker.io/library/defboot_design_change_n403030_wtmclu_scenario2_461_465-client3 0.0s done
#21 DONE 0.1s

#22 [client3] resolving provenance for metadata file
#22 DONE 0.0s

#23 [client2] resolving provenance for metadata file
#23 DONE 0.0s

#24 [client1] resolving provenance for metadata file
#24 DONE 0.0s

#25 [server internal] load build definition from Dockerfile.app
#25 transferring dockerfile: 778B done
#25 DONE 0.0s

#4 [server internal] load metadata for docker.io/fedpoppk/base:0.1.0
#4 DONE 0.0s

#26 [server internal] load .dockerignore
#26 transferring context: 2B done
#26 DONE 0.0s

#7 [server 1/8] FROM docker.io/fedpoppk/base:0.1.0
#7 DONE 0.0s

#27 [server internal] load build context
#27 transferring context: 736.51kB 0.4s done
#27 DONE 0.4s

#16 [server 2/8] WORKDIR /project
#16 CACHED

#28 [server 4/8] RUN Rscript -e "options(renv.consent=TRUE, Ncpus=parallel::detectCores());                 renv::restore(prompt=FALSE)"
#28 CACHED

#29 [server 5/8] COPY apps/ apps/
#29 CACHED

#30 [server 6/8] COPY R/ R/
#30 CACHED

#31 [server 7/8] COPY analysis/ analysis/
#31 CACHED

#32 [server 3/8] COPY renv.lock .Rprofile renv/activate.R ./
#32 CACHED

#33 [server 8/8] RUN mkdir -p /project/configs/modes /project/data /project/artifacts /project/result
#33 CACHED

#34 [server] exporting to image
#34 exporting layers done
#34 writing image sha256:3d6579f28b4fff44bef9fc3efbea7b3279c9c3a353619ee9fff5ecdbd7919e6f done
#34 naming to docker.io/library/defboot_design_change_n403030_wtmclu_scenario2_461_465-server 0.0s done
#34 DONE 0.0s

#35 [server] resolving provenance for metadata file
#35 DONE 0.0s
 client1  Built
 client2  Built
 client3  Built
 server  Built
 Network defboot_design_change_n403030_wtmclu_scenario2_461_465_site3_net  Creating
 Network defboot_design_change_n403030_wtmclu_scenario2_461_465_site3_net  Created
 Network defboot_design_change_n403030_wtmclu_scenario2_461_465_site1_net  Creating
 Network defboot_design_change_n403030_wtmclu_scenario2_461_465_site1_net  Created
 Network defboot_design_change_n403030_wtmclu_scenario2_461_465_site2_net  Creating
 Network defboot_design_change_n403030_wtmclu_scenario2_461_465_site2_net  Created
 Container defboot_design_change_n403030_wtmclu_scenario2_461_465-client1-1  Creating
 Container defboot_design_change_n403030_wtmclu_scenario2_461_465-client2-1  Creating
 Container defboot_design_change_n403030_wtmclu_scenario2_461_465-client3-1  Creating
 Container defboot_design_change_n403030_wtmclu_scenario2_461_465-client1-1  Created
 Container defboot_design_change_n403030_wtmclu_scenario2_461_465-client2-1  Created
 Container defboot_design_change_n403030_wtmclu_scenario2_461_465-client3-1  Created
 Container defboot_design_change_n403030_wtmclu_scenario2_461_465-server-1  Creating
 Container defboot_design_change_n403030_wtmclu_scenario2_461_465-server-1  Created
Attaching to client1-1, client2-1, client3-1, server-1
client3-1  | Running plumber API at http://0.0.0.0:8000
client3-1  | Running swagger Docs at http://127.0.0.1:8000/__docs__/
client2-1  | Running plumber API at http://0.0.0.0:8000
client2-1  | Running swagger Docs at http://127.0.0.1:8000/__docs__/
client1-1  | Running plumber API at http://0.0.0.0:8000
client1-1  | Running swagger Docs at http://127.0.0.1:8000/__docs__/
client1-1  | ℹ parameter labels from comments are typically ignored in non-interactive mode
client1-1  | ℹ Need to run with the source intact to parse comments
client2-1  | ℹ parameter labels from comments are typically ignored in non-interactive mode
client2-1  | ℹ Need to run with the source intact to parse comments
client3-1  | ℹ parameter labels from comments are typically ignored in non-interactive mode
client3-1  | ℹ Need to run with the source intact to parse comments
server-1   | [send_init] http://client1:8000 init succeeded
server-1   | [send_init] http://client2:8000 init succeeded
server-1   | [send_init] http://client3:8000 init succeeded
server-1   | {"schema":{"schema_version":"1.1.0","generated_at":"2026-05-23T16:25:48Z","config_path":"/project/configs/../temp/deferiprone_single_oral_25mgkg_designcheck_20260511/validation/design_change_n403030_wtmclustT10_nomix_site403030_nondesignquota_precisionchol_basefitbootinit_preboot_20260521/configs/resolved/scenario2_bootstrap.json","config_md5":"67e6a296d3935d620e746ed6160f8ca2","seed":4869,"host":"a2292347a086","pid":1,"image_tag":null,"git_sha":null,"git_dirty":null},"aggregation":{"ci_method":"percentile","ci_level":0.95,"quantile_type":7,"estimates_scale":"natural"},"summary":[{"parameter":"(etaLcl,etaLvc)","median":0.060057969766,"p2.5":0.04317169356,"p97.5":0.06972547074},{"parameter":"CcPropSd","median":0.3596068602,"p2.5":0.33735110875,"p97.5":0.3808675927},{"parameter":"etaLcl","median":0.093544815473,"p2.5":0.082292487907,"p97.5":0.12447771033},{"parameter":"etaLvc","median":0.035607391323,"p2.5":0.023935228864,"p97.5":0.043152931641},{"parameter":"lcl","median":2.1819340657,"p2.5":2.1725028431,"p97.5":2.2482325578},{"parameter":"lka","median":2.3459593867,"p2.5":2.1740980925,"p97.5":2.4349064708},{"parameter":"lvc","median":2.9871823662,"p2.5":2.9295424601,"p97.5":3.0263923448},{"parameter":"rho_(etaLcl,etaLvc)","median":0.97853588031,"p2.5":0.96855830683,"p97.5":0.982158019}],"runs":[{"tag":"trial_461_20260523-162548","value":2235.0481,"counts":[37,37],"control":{"maxit":100,"factr":1000000000,"pgtol":0,"trace":0,"method":"L-BFGS-B"},"convergence":0,"message":"CONVERGENCE: REL_REDUCTION_OF_F <= FACTR*EPSMCH","nat_par":{"lka":2.1717827482,"lcl":2.1720235442,"lvc":2.9336722364,"CcPropSd":0.36632994197,"etaLcl":0.10579073319,"etaLvc":0.035607391323,"(etaLcl,etaLvc)":0.060057969766,"rho_(etaLcl,etaLvc)":0.97853588031},"failed_clients":[],"attempt":1,"files":{"result":"/project/temp/deferiprone_single_oral_25mgkg_designcheck_20260511/validation/design_change_n403030_wtmclustT10_nomix_site403030_nondesignquota_precisionchol_basefitbootinit_preboot_20260521/runs/scenario2/bootstrap/federated/scenario2/raw_runs/run_20260523-162548/optim_result_trial_461_20260523-162548.json","trace":"/project/temp/deferiprone_single_oral_25mgkg_designcheck_20260511/validation/design_change_n403030_wtmclustT10_nomix_site403030_nondesignquota_precisionchol_basefitbootinit_preboot_20260521/runs/scenario2/bootstrap/federated/scenario2/raw_runs/run_20260523-162548/optim_trace_trial_461_20260523-162548.csv","final":"/project/temp/deferiprone_single_oral_25mgkg_designcheck_20260511/validation/design_change_n403030_wtmclustT10_nomix_site403030_nondesignquota_precisionchol_basefitbootinit_preboot_20260521/runs/scenario2/bootstrap/federated/scenario2/raw_runs/run_20260523-162548/final_params_trial_461_20260523-162548.csv"},"log_n":37,"execution_state":"completed","trial":461,"attempts":1},{"tag":"trial_462_20260523-163028","value":2227.6431,"counts":[23,23],"control":{"maxit":100,"factr":1000000000,"pgtol":0,"trace":0,"method":"L-BFGS-B"},"convergence":0,"message":"CONVERGENCE: REL_REDUCTION_OF_F <= FACTR*EPSMCH","nat_par":{"lka":2.1949361918,"lcl":2.1768165336,"lvc":2.9871823662,"CcPropSd":0.35814110827,"etaLcl":0.086487841825,"etaLvc":0.043379339043,"(etaLcl,etaLvc)":0.060164543361,"rho_(etaLcl,etaLvc)":0.98224907733},"failed_clients":[],"attempt":1,"files":{"result":"/project/temp/deferiprone_single_oral_25mgkg_designcheck_20260511/validation/design_change_n403030_wtmclustT10_nomix_site403030_nondesignquota_precisionchol_basefitbootinit_preboot_20260521/runs/scenario2/bootstrap/federated/scenario2/raw_runs/run_20260523-162548/optim_result_trial_462_20260523-163028.json","trace":"/project/temp/deferiprone_single_oral_25mgkg_designcheck_20260511/validation/design_change_n403030_wtmclustT10_nomix_site403030_nondesignquota_precisionchol_basefitbootinit_preboot_20260521/runs/scenario2/bootstrap/federated/scenario2/raw_runs/run_20260523-162548/optim_trace_trial_462_20260523-163028.csv","final":"/project/temp/deferiprone_single_oral_25mgkg_designcheck_20260511/validation/design_change_n403030_wtmclustT10_nomix_site403030_nondesignquota_precisionchol_basefitbootinit_preboot_20260521/runs/scenario2/bootstrap/federated/scenario2/raw_runs/run_20260523-162548/final_params_trial_462_20260523-163028.csv"},"log_n":23,"execution_state":"completed","trial":462,"attempts":1},{"tag":"trial_463_20260523-163323","value":2219.5006,"counts":[32,32],"control":{"maxit":100,"factr":1000000000,"pgtol":0,"trace":0,"method":"L-BFGS-B"},"convergence":0,"message":"CONVERGENCE: REL_REDUCTION_OF_F <= FACTR*EPSMCH","nat_par":{"lka":2.4226523817,"lcl":2.1963263507,"lvc":3.0230584179,"CcPropSd":0.38248288723,"etaLcl":0.081826337472,"etaLvc":0.023611736018,"(etaLcl,etaLvc)":0.042557128571,"rho_(etaLcl,etaLvc)":0.96819269486},"failed_clients":[],"attempt":1,"files":{"result":"/project/temp/deferiprone_single_oral_25mgkg_designcheck_20260511/validation/design_change_n403030_wtmclustT10_nomix_site403030_nondesignquota_precisionchol_basefitbootinit_preboot_20260521/runs/scenario2/bootstrap/federated/scenario2/raw_runs/run_20260523-162548/optim_result_trial_463_20260523-163323.json","trace":"/project/temp/deferiprone_single_oral_25mgkg_designcheck_20260511/validation/design_change_n403030_wtmclustT10_nomix_site403030_nondesignquota_precisionchol_basefitbootinit_preboot_20260521/runs/scenario2/bootstrap/federated/scenario2/raw_runs/run_20260523-162548/optim_trace_trial_463_20260523-163323.csv","final":"/project/temp/deferiprone_single_oral_25mgkg_designcheck_20260511/validation/design_change_n403030_wtmclustT10_nomix_site403030_nondesignquota_precisionchol_basefitbootinit_preboot_20260521/runs/scenario2/bootstrap/federated/scenario2/raw_runs/run_20260523-162548/final_params_trial_463_20260523-163323.csv"},"log_n":32,"execution_state":"completed","trial":463,"attempts":1},{"tag":"trial_464_20260523-163727","value":2199.7914,"counts":[21,21],"control":{"maxit":100,"factr":1000000000,"pgtol":0,"trace":0,"method":"L-BFGS-B"},"convergence":0,"message":"CONVERGENCE: REL_REDUCTION_OF_F <= FACTR*EPSMCH","nat_par":{"lka":2.3459593867,"lcl":2.2539999142,"lvc":3.0267627811,"CcPropSd":0.3596068602,"etaLcl":0.12655404112,"etaLvc":0.041115265026,"(etaLcl,etaLvc)":0.070787796004,"rho_(etaLcl,etaLvc)":0.98133849408},"failed_clients":[],"attempt":1,"files":{"result":"/project/temp/deferiprone_single_oral_25mgkg_designcheck_20260511/validation/design_change_n403030_wtmclustT10_nomix_site403030_nondesignquota_precisionchol_basefitbootinit_preboot_20260521/runs/scenario2/bootstrap/federated/scenario2/raw_runs/run_20260523-162548/optim_result_trial_464_20260523-163727.json","trace":"/project/temp/deferiprone_single_oral_25mgkg_designcheck_20260511/validation/design_change_n403030_wtmclustT10_nomix_site403030_nondesignquota_precisionchol_basefitbootinit_preboot_20260521/runs/scenario2/bootstrap/federated/scenario2/raw_runs/run_20260523-162548/optim_trace_trial_464_20260523-163727.csv","final":"/project/temp/deferiprone_single_oral_25mgkg_designcheck_20260511/validation/design_change_n403030_wtmclustT10_nomix_site403030_nondesignquota_precisionchol_basefitbootinit_preboot_20260521/runs/scenario2/bootstrap/federated/scenario2/raw_runs/run_20260523-162548/final_params_trial_464_20260523-163727.csv"},"log_n":21,"execution_state":"completed","trial":464,"attempts":1},{"tag":"trial_465_20260523-164008","value":2167.581,"counts":[24,24],"control":{"maxit":100,"factr":1000000000,"pgtol":0,"trace":0,"method":"L-BFGS-B"},"convergence":0,"message":"CONVERGENCE: REL_REDUCTION_OF_F <= FACTR*EPSMCH","nat_par":{"lka":2.4362680362,"lcl":2.1819340657,"lvc":2.9290835961,"CcPropSd":0.3350411088,"etaLcl":0.093544815473,"etaLvc":0.02684666448,"(etaLcl,etaLvc)":0.048702778464,"rho_(etaLcl,etaLvc)":0.97184881455},"failed_clients":[],"attempt":1,"files":{"result":"/project/temp/deferiprone_single_oral_25mgkg_designcheck_20260511/validation/design_change_n403030_wtmclustT10_nomix_site403030_nondesignquota_precisionchol_basefitbootinit_preboot_20260521/runs/scenario2/bootstrap/federated/scenario2/raw_runs/run_20260523-162548/optim_result_trial_465_20260523-164008.json","trace":"/project/temp/deferiprone_single_oral_25mgkg_designcheck_20260511/validation/design_change_n403030_wtmclustT10_nomix_site403030_nondesignquota_precisionchol_basefitbootinit_preboot_20260521/runs/scenario2/bootstrap/federated/scenario2/raw_runs/run_20260523-162548/optim_trace_trial_465_20260523-164008.csv","final":"/project/temp/deferiprone_single_oral_25mgkg_designcheck_20260511/validation/design_change_n403030_wtmclustT10_nomix_site403030_nondesignquota_precisionchol_basefitbootinit_preboot_20260521/runs/scenario2/bootstrap/federated/scenario2/raw_runs/run_20260523-162548/final_params_trial_465_20260523-164008.csv"},"log_n":24,"execution_state":"completed","trial":465,"attempts":1}],"trial_status":[{"trial":461,"execution_state":"completed","converged":true,"attempts":1,"convergence":0,"value":2235.0481,"eval_fn":37,"eval_gr":37,"log_n":37,"failed_clients_n":0,"message":"CONVERGENCE: REL_REDUCTION_OF_F <= FACTR*EPSMCH","result_file":"/project/temp/deferiprone_single_oral_25mgkg_designcheck_20260511/validation/design_change_n403030_wtmclustT10_nomix_site403030_nondesignquota_precisionchol_basefitbootinit_preboot_20260521/runs/scenario2/bootstrap/federated/scenario2/raw_runs/run_20260523-162548/optim_result_trial_461_20260523-162548.json","trace_file":"/project/temp/deferiprone_single_oral_25mgkg_designcheck_20260511/validation/design_change_n403030_wtmclustT10_nomix_site403030_nondesignquota_precisionchol_basefitbootinit_preboot_20260521/runs/scenario2/bootstrap/federated/scenario2/raw_runs/run_20260523-162548/optim_trace_trial_461_20260523-162548.csv","final_file":"/project/temp/deferiprone_single_oral_25mgkg_designcheck_20260511/validation/design_change_n403030_wtmclustT10_nomix_site403030_nondesignquota_precisionchol_basefitbootinit_preboot_20260521/runs/scenario2/bootstrap/federated/scenario2/raw_runs/run_20260523-162548/final_params_trial_461_20260523-162548.csv"},{"trial":462,"execution_state":"completed","converged":true,"attempts":1,"convergence":0,"value":2227.6431,"eval_fn":23,"eval_gr":23,"log_n":23,"failed_clients_n":0,"message":"CONVERGENCE: REL_REDUCTION_OF_F <= FACTR*EPSMCH","result_file":"/project/temp/deferiprone_single_oral_25mgkg_designcheck_20260511/validation/design_change_n403030_wtmclustT10_nomix_site403030_nondesignquota_precisionchol_basefitbootinit_preboot_20260521/runs/scenario2/bootstrap/federated/scenario2/raw_runs/run_20260523-162548/optim_result_trial_462_20260523-163028.json","trace_file":"/project/temp/deferiprone_single_oral_25mgkg_designcheck_20260511/validation/design_change_n403030_wtmclustT10_nomix_site403030_nondesignquota_precisionchol_basefitbootinit_preboot_20260521/runs/scenario2/bootstrap/federated/scenario2/raw_runs/run_20260523-162548/optim_trace_trial_462_20260523-163028.csv","final_file":"/project/temp/deferiprone_single_oral_25mgkg_designcheck_20260511/validation/design_change_n403030_wtmclustT10_nomix_site403030_nondesignquota_precisionchol_basefitbootinit_preboot_20260521/runs/scenario2/bootstrap/federated/scenario2/raw_runs/run_20260523-162548/final_params_trial_462_20260523-163028.csv"},{"trial":463,"execution_state":"completed","converged":true,"attempts":1,"convergence":0,"value":2219.5006,"eval_fn":32,"eval_gr":32,"log_n":32,"failed_clients_n":0,"message":"CONVERGENCE: REL_REDUCTION_OF_F <= FACTR*EPSMCH","result_file":"/project/temp/deferiprone_single_oral_25mgkg_designcheck_20260511/validation/design_change_n403030_wtmclustT10_nomix_site403030_nondesignquota_precisionchol_basefitbootinit_preboot_20260521/runs/scenario2/bootstrap/federated/scenario2/raw_runs/run_20260523-162548/optim_result_trial_463_20260523-163323.json","trace_file":"/project/temp/deferiprone_single_oral_25mgkg_designcheck_20260511/validation/design_change_n403030_wtmclustT10_nomix_site403030_nondesignquota_precisionchol_basefitbootinit_preboot_20260521/runs/scenario2/bootstrap/federated/scenario2/raw_runs/run_20260523-162548/optim_trace_trial_463_20260523-163323.csv","final_file":"/project/temp/deferiprone_single_oral_25mgkg_designcheck_20260511/validation/design_change_n403030_wtmclustT10_nomix_site403030_nondesignquota_precisionchol_basefitbootinit_preboot_20260521/runs/scenario2/bootstrap/federated/scenario2/raw_runs/run_20260523-162548/final_params_trial_463_20260523-163323.csv"},{"trial":464,"execution_state":"completed","converged":true,"attempts":1,"convergence":0,"value":2199.7914,"eval_fn":21,"eval_gr":21,"log_n":21,"failed_clients_n":0,"message":"CONVERGENCE: REL_REDUCTION_OF_F <= FACTR*EPSMCH","result_file":"/project/temp/deferiprone_single_oral_25mgkg_designcheck_20260511/validation/design_change_n403030_wtmclustT10_nomix_site403030_nondesignquota_precisionchol_basefitbootinit_preboot_20260521/runs/scenario2/bootstrap/federated/scenario2/raw_runs/run_20260523-162548/optim_result_trial_464_20260523-163727.json","trace_file":"/project/temp/deferiprone_single_oral_25mgkg_designcheck_20260511/validation/design_change_n403030_wtmclustT10_nomix_site403030_nondesignquota_precisionchol_basefitbootinit_preboot_20260521/runs/scenario2/bootstrap/federated/scenario2/raw_runs/run_20260523-162548/optim_trace_trial_464_20260523-163727.csv","final_file":"/project/temp/deferiprone_single_oral_25mgkg_designcheck_20260511/validation/design_change_n403030_wtmclustT10_nomix_site403030_nondesignquota_precisionchol_basefitbootinit_preboot_20260521/runs/scenario2/bootstrap/federated/scenario2/raw_runs/run_20260523-162548/final_params_trial_464_20260523-163727.csv"},{"trial":465,"execution_state":"completed","converged":true,"attempts":1,"convergence":0,"value":2167.581,"eval_fn":24,"eval_gr":24,"log_n":24,"failed_clients_n":0,"message":"CONVERGENCE: REL_REDUCTION_OF_F <= FACTR*EPSMCH","result_file":"/project/temp/deferiprone_single_oral_25mgkg_designcheck_20260511/validation/design_change_n403030_wtmclustT10_nomix_site403030_nondesignquota_precisionchol_basefitbootinit_preboot_20260521/runs/scenario2/bootstrap/federated/scenario2/raw_runs/run_20260523-162548/optim_result_trial_465_20260523-164008.json","trace_file":"/project/temp/deferiprone_single_oral_25mgkg_designcheck_20260511/validation/design_change_n403030_wtmclustT10_nomix_site403030_nondesignquota_precisionchol_basefitbootinit_preboot_20260521/runs/scenario2/bootstrap/federated/scenario2/raw_runs/run_20260523-162548/optim_trace_trial_465_20260523-164008.csv","final_file":"/project/temp/deferiprone_single_oral_25mgkg_designcheck_20260511/validation/design_change_n403030_wtmclustT10_nomix_site403030_nondesignquota_precisionchol_basefitbootinit_preboot_20260521/runs/scenario2/bootstrap/federated/scenario2/raw_runs/run_20260523-162548/final_params_trial_465_20260523-164008.csv"}],"info":{"run_id":"20260523-162548","log_base_dir":"/project/temp/deferiprone_single_oral_25mgkg_designcheck_20260511/validation/design_change_n403030_wtmclustT10_nomix_site403030_nondesignquota_precisionchol_basefitbootinit_preboot_20260521/runs/scenario2/bootstrap/federated","scenario":"scenario2/raw_runs","total_trials":5,"successes":5,"failures":0,"nonconverged_count":0,"nonconverged_trials":[],"convergence_missing_count":0,"seed_base":4869,"B_per_client":500,"duration_sec":1048.9011452198,"host":"a2292347a086","image_tag":null,"communication":{"generated_at":"2026-05-23T16:43:11Z","totals":{"requests":825,"request_bytes":919257,"response_bytes":208755,"total_bytes":1128012,"retries":0},"init":{"requests":3,"request_bytes":8139,"response_bytes":1161,"total_bytes":9300,"retries":0,"median_elapsed_sec":0.36480593681},"init_round_latency":{"n_rounds":1,"median_round_wall_sec":0.36861586571,"p95_round_wall_sec":0.36861586571},"run":{"requests":0,"request_bytes":0,"response_bytes":0,"total_bytes":0,"retries":0,"median_elapsed_sec":"NA"},"run_bootstrap":{"requests":822,"request_bytes":911118,"response_bytes":207594,"total_bytes":1118712,"retries":0,"median_elapsed_sec":3.6493922472},"round_latency":{"n_rounds":274,"median_round_wall_sec":3.763526082,"p95_round_wall_sec":4.048611784},"timing_split":{"n_rounds":274,"rounds_with_compute":274,"total_round_wall_sec":1037.3286852837,"total_round_compute_wall_sec":1028.379,"total_round_comm_overhead_wall_sec":8.9496852837,"comm_overhead_ratio":0.0086276272995,"compute_ratio":0.9913723727}},"communication_files":{"csv":"/project/temp/deferiprone_single_oral_25mgkg_designcheck_20260511/validation/design_change_n403030_wtmclustT10_nomix_site403030_nondesignquota_precisionchol_basefitbootinit_preboot_20260521/runs/scenario2/bootstrap/federated/scenario2/raw_runs/run_20260523-162548/comm_metrics.csv","json":"/project/temp/deferiprone_single_oral_25mgkg_designcheck_20260511/validation/design_change_n403030_wtmclustT10_nomix_site403030_nondesignquota_precisionchol_basefitbootinit_preboot_20260521/runs/scenario2/bootstrap/federated/scenario2/raw_runs/run_20260523-162548/comm_metrics.json"},"output_files":{"bootstrap_summary_csv":"/project/temp/deferiprone_single_oral_25mgkg_designcheck_20260511/validation/design_change_n403030_wtmclustT10_nomix_site403030_nondesignquota_precisionchol_basefitbootinit_preboot_20260521/runs/scenario2/bootstrap/federated/scenario2/raw_runs/run_20260523-162548/bootstrap_summary.csv","bootstrap_summary_json":"/project/temp/deferiprone_single_oral_25mgkg_designcheck_20260511/validation/design_change_n403030_wtmclustT10_nomix_site403030_nondesignquota_precisionchol_basefitbootinit_preboot_20260521/runs/scenario2/bootstrap/federated/scenario2/raw_runs/run_20260523-162548/bootstrap_summary.json","trial_status_csv":"/project/temp/deferiprone_single_oral_25mgkg_designcheck_20260511/validation/design_change_n403030_wtmclustT10_nomix_site403030_nondesignquota_precisionchol_basefitbootinit_preboot_20260521/runs/scenario2/bootstrap/federated/scenario2/raw_runs/run_20260523-162548/trial_status.csv","failed_trials_csv":"/project/temp/deferiprone_single_oral_25mgkg_designcheck_20260511/validation/design_change_n403030_wtmclustT10_nomix_site403030_nondesignquota_precisionchol_basefitbootinit_preboot_20260521/runs/scenario2/bootstrap/federated/scenario2/raw_runs/run_20260523-162548/failed_trials.csv","trial_estimates_wide_csv":"/project/temp/deferiprone_single_oral_25mgkg_designcheck_20260511/validation/design_change_n403030_wtmclustT10_nomix_site403030_nondesignquota_precisionchol_basefitbootinit_preboot_20260521/runs/scenario2/bootstrap/federated/scenario2/raw_runs/run_20260523-162548/trial_estimates_wide.csv","trial_estimates_long_csv":"/project/temp/deferiprone_single_oral_25mgkg_designcheck_20260511/validation/design_change_n403030_wtmclustT10_nomix_site403030_nondesignquota_precisionchol_basefitbootinit_preboot_20260521/runs/scenario2/bootstrap/federated/scenario2/raw_runs/run_20260523-162548/trial_estimates_long.csv","result_json":"/project/temp/deferiprone_single_oral_25mgkg_designcheck_20260511/validation/design_change_n403030_wtmclustT10_nomix_site403030_nondesignquota_precisionchol_basefitbootinit_preboot_20260521/runs/scenario2/bootstrap/federated/scenario2/raw_runs/run_20260523-162548/result.json"}}}
[Kserver-1 exited with code 0
Aborting on container exit...
 Container defboot_design_change_n403030_wtmclu_scenario2_461_465-server-1  Stopping
 Container defboot_design_change_n403030_wtmclu_scenario2_461_465-server-1  Stopped
 Container defboot_design_change_n403030_wtmclu_scenario2_461_465-client1-1  Stopping
 Container defboot_design_change_n403030_wtmclu_scenario2_461_465-client2-1  Stopping
 Container defboot_design_change_n403030_wtmclu_scenario2_461_465-client3-1  Stopping
 Container defboot_design_change_n403030_wtmclu_scenario2_461_465-client3-1  Stopped
 Container defboot_design_change_n403030_wtmclu_scenario2_461_465-client1-1  Stopped
 Container defboot_design_change_n403030_wtmclu_scenario2_461_465-client2-1  Stopped
time="2026-05-24T01:43:22+09:00" level=warning msg="The \"SERVER_CONFIG_PATH\" variable is not set. Defaulting to a blank string."
 Container defboot_design_change_n403030_wtmclu_scenario2_461_465-server-1  Stopping
 Container defboot_design_change_n403030_wtmclu_scenario2_461_465-server-1  Stopped
 Container defboot_design_change_n403030_wtmclu_scenario2_461_465-server-1  Removing
 Container defboot_design_change_n403030_wtmclu_scenario2_461_465-server-1  Removed
 Container defboot_design_change_n403030_wtmclu_scenario2_461_465-client2-1  Stopping
 Container defboot_design_change_n403030_wtmclu_scenario2_461_465-client3-1  Stopping
 Container defboot_design_change_n403030_wtmclu_scenario2_461_465-client1-1  Stopping
 Container defboot_design_change_n403030_wtmclu_scenario2_461_465-client2-1  Stopped
 Container defboot_design_change_n403030_wtmclu_scenario2_461_465-client2-1  Removing
 Container defboot_design_change_n403030_wtmclu_scenario2_461_465-client3-1  Stopped
 Container defboot_design_change_n403030_wtmclu_scenario2_461_465-client3-1  Removing
 Container defboot_design_change_n403030_wtmclu_scenario2_461_465-client1-1  Stopped
 Container defboot_design_change_n403030_wtmclu_scenario2_461_465-client1-1  Removing
 Container defboot_design_change_n403030_wtmclu_scenario2_461_465-client3-1  Removed
 Container defboot_design_change_n403030_wtmclu_scenario2_461_465-client2-1  Removed
 Container defboot_design_change_n403030_wtmclu_scenario2_461_465-client1-1  Removed
 Network defboot_design_change_n403030_wtmclu_scenario2_461_465_site3_net  Removing
 Network defboot_design_change_n403030_wtmclu_scenario2_461_465_site2_net  Removing
 Network defboot_design_change_n403030_wtmclu_scenario2_461_465_site1_net  Removing
 Network defboot_design_change_n403030_wtmclu_scenario2_461_465_site3_net  Removed
 Network defboot_design_change_n403030_wtmclu_scenario2_461_465_site2_net  Removed
 Network defboot_design_change_n403030_wtmclu_scenario2_461_465_site1_net  Removed
