time="2026-05-23T22:46:35+09:00" level=warning msg="The \"SERVER_CONFIG_PATH\" variable is not set. Defaulting to a blank string."
Compose now can delegate build to bake for better performances
Just set COMPOSE_BAKE=true
#0 building with "default" instance using docker driver

#1 [client3 internal] load build definition from Dockerfile.app
#1 transferring dockerfile: 778B done
#1 DONE 0.0s

#2 [client1 internal] load build definition from Dockerfile.app
#2 transferring dockerfile: 778B done
#2 DONE 0.0s

#3 [client2 internal] load build definition from Dockerfile.app
#3 transferring dockerfile: 778B done
#3 DONE 0.0s

#4 [client2 internal] load metadata for docker.io/fedpoppk/base:0.1.0
#4 DONE 0.0s

#5 [client3 internal] load .dockerignore
#5 transferring context: 2B done
#5 DONE 0.0s

#6 [client1 internal] load .dockerignore
#6 transferring context: 2B done
#6 DONE 0.0s

#7 [client2 internal] load .dockerignore
#7 transferring context: 2B done
#7 DONE 0.0s

#8 [client2 1/8] FROM docker.io/fedpoppk/base:0.1.0
#8 DONE 0.0s

#9 [client3 internal] load build context
#9 transferring context: 736.51kB 0.3s done
#9 DONE 0.3s

#10 [client1 internal] load build context
#10 transferring context: 736.51kB 0.3s done
#10 DONE 0.3s

#11 [client2 internal] load build context
#11 transferring context: 736.51kB 0.3s done
#11 DONE 0.3s

#12 [client3 4/8] RUN Rscript -e "options(renv.consent=TRUE, Ncpus=parallel::detectCores());                 renv::restore(prompt=FALSE)"
#12 CACHED

#13 [client3 2/8] WORKDIR /project
#13 CACHED

#14 [client3 7/8] COPY analysis/ analysis/
#14 CACHED

#15 [client3 3/8] COPY renv.lock .Rprofile renv/activate.R ./
#15 CACHED

#16 [client3 5/8] COPY apps/ apps/
#16 CACHED

#17 [client3 6/8] COPY R/ R/
#17 CACHED

#18 [client2 8/8] RUN mkdir -p /project/configs/modes /project/data /project/artifacts /project/result
#18 CACHED

#19 [client3] exporting to image
#19 exporting layers done
#19 writing image sha256:ade1b3ca0f4f0c5f637b10ef8aebb0825630f62d790503a039a52b290939606e done
#19 naming to docker.io/library/defboot_design_change_n403030_wtmclu_scenario2_411_415-client3 0.0s done
#19 DONE 0.0s

#20 [client2] exporting to image
#20 exporting layers done
#20 writing image sha256:6f18d1f10b986983cb4b42f1adff6a5c5fd323cc2c01aa76732de4a8e776a889 done
#20 naming to docker.io/library/defboot_design_change_n403030_wtmclu_scenario2_411_415-client2 0.0s done
#20 DONE 0.0s

#21 [client1] exporting to image
#21 exporting layers done
#21 writing image sha256:098ad3b3c0c6f8bd22d5568a78386da81814068406fdfa31d1a54259ee14fb53 done
#21 naming to docker.io/library/defboot_design_change_n403030_wtmclu_scenario2_411_415-client1 0.0s done
#21 DONE 0.1s

#22 [client1] resolving provenance for metadata file
#22 DONE 0.0s

#23 [client3] resolving provenance for metadata file
#23 DONE 0.0s

#24 [client2] resolving provenance for metadata file
#24 DONE 0.0s

#25 [server internal] load build definition from Dockerfile.app
#25 transferring dockerfile: 778B done
#25 DONE 0.0s

#4 [server internal] load metadata for docker.io/fedpoppk/base:0.1.0
#4 DONE 0.0s

#26 [server internal] load .dockerignore
#26 transferring context: 2B done
#26 DONE 0.0s

#8 [server 1/8] FROM docker.io/fedpoppk/base:0.1.0
#8 DONE 0.0s

#27 [server internal] load build context
#27 transferring context: 736.51kB 0.3s done
#27 DONE 0.4s

#13 [server 2/8] WORKDIR /project
#13 CACHED

#28 [server 4/8] RUN Rscript -e "options(renv.consent=TRUE, Ncpus=parallel::detectCores());                 renv::restore(prompt=FALSE)"
#28 CACHED

#29 [server 6/8] COPY R/ R/
#29 CACHED

#30 [server 3/8] COPY renv.lock .Rprofile renv/activate.R ./
#30 CACHED

#31 [server 7/8] COPY analysis/ analysis/
#31 CACHED

#32 [server 5/8] COPY apps/ apps/
#32 CACHED

#33 [server 8/8] RUN mkdir -p /project/configs/modes /project/data /project/artifacts /project/result
#33 CACHED

#34 [server] exporting to image
#34 exporting layers done
#34 writing image sha256:301ac7e712e107b60f209922a35f5e99a589c4c0490c3a15443f5f2c64f52c7c done
#34 naming to docker.io/library/defboot_design_change_n403030_wtmclu_scenario2_411_415-server 0.0s done
#34 DONE 0.0s

#35 [server] resolving provenance for metadata file
#35 DONE 0.0s
 client1  Built
 client2  Built
 client3  Built
 server  Built
 Network defboot_design_change_n403030_wtmclu_scenario2_411_415_site3_net  Creating
 Network defboot_design_change_n403030_wtmclu_scenario2_411_415_site3_net  Created
 Network defboot_design_change_n403030_wtmclu_scenario2_411_415_site2_net  Creating
 Network defboot_design_change_n403030_wtmclu_scenario2_411_415_site2_net  Created
 Network defboot_design_change_n403030_wtmclu_scenario2_411_415_site1_net  Creating
 Network defboot_design_change_n403030_wtmclu_scenario2_411_415_site1_net  Created
 Container defboot_design_change_n403030_wtmclu_scenario2_411_415-client2-1  Creating
 Container defboot_design_change_n403030_wtmclu_scenario2_411_415-client3-1  Creating
 Container defboot_design_change_n403030_wtmclu_scenario2_411_415-client1-1  Creating
 Container defboot_design_change_n403030_wtmclu_scenario2_411_415-client1-1  Created
 Container defboot_design_change_n403030_wtmclu_scenario2_411_415-client2-1  Created
 Container defboot_design_change_n403030_wtmclu_scenario2_411_415-client3-1  Created
 Container defboot_design_change_n403030_wtmclu_scenario2_411_415-server-1  Creating
 Container defboot_design_change_n403030_wtmclu_scenario2_411_415-server-1  Created
Attaching to client1-1, client2-1, client3-1, server-1
client3-1  | Running plumber API at http://0.0.0.0:8000
client1-1  | Running plumber API at http://0.0.0.0:8000
client3-1  | Running swagger Docs at http://127.0.0.1:8000/__docs__/
client1-1  | Running swagger Docs at http://127.0.0.1:8000/__docs__/
client2-1  | Running plumber API at http://0.0.0.0:8000
client2-1  | Running swagger Docs at http://127.0.0.1:8000/__docs__/
client3-1  | ℹ parameter labels from comments are typically ignored in non-interactive mode
client1-1  | ℹ parameter labels from comments are typically ignored in non-interactive mode
client1-1  | ℹ Need to run with the source intact to parse comments
client3-1  | ℹ Need to run with the source intact to parse comments
client2-1  | ℹ parameter labels from comments are typically ignored in non-interactive mode
client2-1  | ℹ Need to run with the source intact to parse comments
server-1   | [send_init] http://client1:8000 init succeeded
server-1   | [send_init] http://client3:8000 init succeeded
server-1   | [send_init] http://client2:8000 init succeeded
server-1   | {"schema":{"schema_version":"1.1.0","generated_at":"2026-05-23T13:46:44Z","config_path":"/project/configs/../temp/deferiprone_single_oral_25mgkg_designcheck_20260511/validation/design_change_n403030_wtmclustT10_nomix_site403030_nondesignquota_precisionchol_basefitbootinit_preboot_20260521/configs/resolved/scenario2_bootstrap.json","config_md5":"67e6a296d3935d620e746ed6160f8ca2","seed":4869,"host":"16402858aaeb","pid":1,"image_tag":null,"git_sha":null,"git_dirty":null},"aggregation":{"ci_method":"percentile","ci_level":0.95,"quantile_type":7,"estimates_scale":"natural"},"summary":[{"parameter":"(etaLcl,etaLvc)","median":0.062982157864,"p2.5":0.052273381802,"p97.5":0.073590819464},{"parameter":"CcPropSd","median":0.35567724466,"p2.5":0.3249716124,"p97.5":0.38305736132},{"parameter":"etaLcl","median":0.12019925676,"p2.5":0.091179061499,"p97.5":0.12571962762},{"parameter":"etaLvc","median":0.038249724551,"p2.5":0.031101599221,"p97.5":0.044612733183},{"parameter":"lcl","median":2.1988974286,"p2.5":2.1371769609,"p97.5":2.2149518128},{"parameter":"lka","median":2.246940304,"p2.5":2.0769215319,"p97.5":2.2974231017},{"parameter":"lvc","median":3.0062666155,"p2.5":2.9126912117,"p97.5":3.0138353165},{"parameter":"rho_(etaLcl,etaLvc)","median":0.97997063973,"p2.5":0.97551644259,"p97.5":0.9827410093}],"runs":[{"tag":"trial_411_20260523-134644","value":2202.716,"counts":[23,23],"control":{"maxit":100,"factr":1000000000,"pgtol":0,"trace":0,"method":"L-BFGS-B"},"convergence":0,"message":"CONVERGENCE: REL_REDUCTION_OF_F <= FACTR*EPSMCH","nat_par":{"lka":2.0760377242,"lcl":2.2161267191,"lvc":3.0131251968,"CcPropSd":0.36941925165,"etaLcl":0.089616051924,"etaLvc":0.030722893657,"(etaLcl,etaLvc)":0.051172970861,"rho_(etaLcl,etaLvc)":0.9752515933},"failed_clients":[],"attempt":1,"files":{"result":"/project/temp/deferiprone_single_oral_25mgkg_designcheck_20260511/validation/design_change_n403030_wtmclustT10_nomix_site403030_nondesignquota_precisionchol_basefitbootinit_preboot_20260521/runs/scenario2/bootstrap/federated/scenario2/raw_runs/run_20260523-134644/optim_result_trial_411_20260523-134644.json","trace":"/project/temp/deferiprone_single_oral_25mgkg_designcheck_20260511/validation/design_change_n403030_wtmclustT10_nomix_site403030_nondesignquota_precisionchol_basefitbootinit_preboot_20260521/runs/scenario2/bootstrap/federated/scenario2/raw_runs/run_20260523-134644/optim_trace_trial_411_20260523-134644.csv","final":"/project/temp/deferiprone_single_oral_25mgkg_designcheck_20260511/validation/design_change_n403030_wtmclustT10_nomix_site403030_nondesignquota_precisionchol_basefitbootinit_preboot_20260521/runs/scenario2/bootstrap/federated/scenario2/raw_runs/run_20260523-134644/final_params_trial_411_20260523-134644.csv"},"log_n":23,"execution_state":"completed","trial":411,"attempts":1},{"tag":"trial_412_20260523-134939","value":2196.0262,"counts":[22,22],"control":{"maxit":100,"factr":1000000000,"pgtol":0,"trace":0,"method":"L-BFGS-B"},"convergence":0,"message":"CONVERGENCE: REL_REDUCTION_OF_F <= FACTR*EPSMCH","nat_par":{"lka":2.0848758017,"lcl":2.1844507941,"lvc":2.9409734629,"CcPropSd":0.35567724466,"etaLcl":0.10524614767,"etaLvc":0.038249724551,"(etaLcl,etaLvc)":0.062177080265,"rho_(etaLcl,etaLvc)":0.97997063973},"failed_clients":[],"attempt":1,"files":{"result":"/project/temp/deferiprone_single_oral_25mgkg_designcheck_20260511/validation/design_change_n403030_wtmclustT10_nomix_site403030_nondesignquota_precisionchol_basefitbootinit_preboot_20260521/runs/scenario2/bootstrap/federated/scenario2/raw_runs/run_20260523-134644/optim_result_trial_412_20260523-134939.json","trace":"/project/temp/deferiprone_single_oral_25mgkg_designcheck_20260511/validation/design_change_n403030_wtmclustT10_nomix_site403030_nondesignquota_precisionchol_basefitbootinit_preboot_20260521/runs/scenario2/bootstrap/federated/scenario2/raw_runs/run_20260523-134644/optim_trace_trial_412_20260523-134939.csv","final":"/project/temp/deferiprone_single_oral_25mgkg_designcheck_20260511/validation/design_change_n403030_wtmclustT10_nomix_site403030_nondesignquota_precisionchol_basefitbootinit_preboot_20260521/runs/scenario2/bootstrap/federated/scenario2/raw_runs/run_20260523-134644/final_params_trial_412_20260523-134939.csv"},"log_n":22,"execution_state":"completed","trial":412,"attempts":1},{"tag":"trial_413_20260523-135225","value":2219.1213,"counts":[17,17],"control":{"maxit":100,"factr":1000000000,"pgtol":0,"trace":0,"method":"L-BFGS-B"},"convergence":0,"message":"CONVERGENCE: REL_REDUCTION_OF_F <= FACTR*EPSMCH","nat_par":{"lka":2.2762877599,"lcl":2.1319243127,"lvc":2.9095487394,"CcPropSd":0.32192418735,"etaLcl":0.12573873104,"etaLvc":0.04506216388,"(etaLcl,etaLvc)":0.07398784942,"rho_(etaLcl,etaLvc)":0.98292378902},"failed_clients":[],"attempt":1,"files":{"result":"/project/temp/deferiprone_single_oral_25mgkg_designcheck_20260511/validation/design_change_n403030_wtmclustT10_nomix_site403030_nondesignquota_precisionchol_basefitbootinit_preboot_20260521/runs/scenario2/bootstrap/federated/scenario2/raw_runs/run_20260523-134644/optim_result_trial_413_20260523-135225.json","trace":"/project/temp/deferiprone_single_oral_25mgkg_designcheck_20260511/validation/design_change_n403030_wtmclustT10_nomix_site403030_nondesignquota_precisionchol_basefitbootinit_preboot_20260521/runs/scenario2/bootstrap/federated/scenario2/raw_runs/run_20260523-134644/optim_trace_trial_413_20260523-135225.csv","final":"/project/temp/deferiprone_single_oral_25mgkg_designcheck_20260511/validation/design_change_n403030_wtmclustT10_nomix_site403030_nondesignquota_precisionchol_basefitbootinit_preboot_20260521/runs/scenario2/bootstrap/federated/scenario2/raw_runs/run_20260523-134644/final_params_trial_413_20260523-135225.csv"},"log_n":17,"execution_state":"completed","trial":413,"attempts":1},{"tag":"trial_414_20260523-135434","value":2221.5553,"counts":[18,18],"control":{"maxit":100,"factr":1000000000,"pgtol":0,"trace":0,"method":"L-BFGS-B"},"convergence":0,"message":"CONVERGENCE: REL_REDUCTION_OF_F <= FACTR*EPSMCH","nat_par":{"lka":2.246940304,"lcl":2.2043776559,"lvc":3.0139142187,"CcPropSd":0.35239843776,"etaLcl":0.12554769684,"etaLvc":0.040567856914,"(etaLcl,etaLvc)":0.070017549863,"rho_(etaLcl,etaLvc)":0.98109599187},"failed_clients":[],"attempt":1,"files":{"result":"/project/temp/deferiprone_single_oral_25mgkg_designcheck_20260511/validation/design_change_n403030_wtmclustT10_nomix_site403030_nondesignquota_precisionchol_basefitbootinit_preboot_20260521/runs/scenario2/bootstrap/federated/scenario2/raw_runs/run_20260523-134644/optim_result_trial_414_20260523-135434.json","trace":"/project/temp/deferiprone_single_oral_25mgkg_designcheck_20260511/validation/design_change_n403030_wtmclustT10_nomix_site403030_nondesignquota_precisionchol_basefitbootinit_preboot_20260521/runs/scenario2/bootstrap/federated/scenario2/raw_runs/run_20260523-134644/optim_trace_trial_414_20260523-135434.csv","final":"/project/temp/deferiprone_single_oral_25mgkg_designcheck_20260511/validation/design_change_n403030_wtmclustT10_nomix_site403030_nondesignquota_precisionchol_basefitbootinit_preboot_20260521/runs/scenario2/bootstrap/federated/scenario2/raw_runs/run_20260523-134644/final_params_trial_414_20260523-135434.csv"},"log_n":18,"execution_state":"completed","trial":414,"attempts":1},{"tag":"trial_415_20260523-135653","value":2255.4914,"counts":[23,23],"control":{"maxit":100,"factr":1000000000,"pgtol":0,"trace":0,"method":"L-BFGS-B"},"convergence":0,"message":"CONVERGENCE: REL_REDUCTION_OF_F <= FACTR*EPSMCH","nat_par":{"lka":2.299771473,"lcl":2.1988974286,"lvc":3.0062666155,"CcPropSd":0.38457270684,"etaLcl":0.12019925676,"etaLvc":0.034509949296,"(etaLcl,etaLvc)":0.062982157864,"rho_(etaLcl,etaLvc)":0.97790008622},"failed_clients":[],"attempt":1,"files":{"result":"/project/temp/deferiprone_single_oral_25mgkg_designcheck_20260511/validation/design_change_n403030_wtmclustT10_nomix_site403030_nondesignquota_precisionchol_basefitbootinit_preboot_20260521/runs/scenario2/bootstrap/federated/scenario2/raw_runs/run_20260523-134644/optim_result_trial_415_20260523-135653.json","trace":"/project/temp/deferiprone_single_oral_25mgkg_designcheck_20260511/validation/design_change_n403030_wtmclustT10_nomix_site403030_nondesignquota_precisionchol_basefitbootinit_preboot_20260521/runs/scenario2/bootstrap/federated/scenario2/raw_runs/run_20260523-134644/optim_trace_trial_415_20260523-135653.csv","final":"/project/temp/deferiprone_single_oral_25mgkg_designcheck_20260511/validation/design_change_n403030_wtmclustT10_nomix_site403030_nondesignquota_precisionchol_basefitbootinit_preboot_20260521/runs/scenario2/bootstrap/federated/scenario2/raw_runs/run_20260523-134644/final_params_trial_415_20260523-135653.csv"},"log_n":23,"execution_state":"completed","trial":415,"attempts":1}],"trial_status":[{"trial":411,"execution_state":"completed","converged":true,"attempts":1,"convergence":0,"value":2202.716,"eval_fn":23,"eval_gr":23,"log_n":23,"failed_clients_n":0,"message":"CONVERGENCE: REL_REDUCTION_OF_F <= FACTR*EPSMCH","result_file":"/project/temp/deferiprone_single_oral_25mgkg_designcheck_20260511/validation/design_change_n403030_wtmclustT10_nomix_site403030_nondesignquota_precisionchol_basefitbootinit_preboot_20260521/runs/scenario2/bootstrap/federated/scenario2/raw_runs/run_20260523-134644/optim_result_trial_411_20260523-134644.json","trace_file":"/project/temp/deferiprone_single_oral_25mgkg_designcheck_20260511/validation/design_change_n403030_wtmclustT10_nomix_site403030_nondesignquota_precisionchol_basefitbootinit_preboot_20260521/runs/scenario2/bootstrap/federated/scenario2/raw_runs/run_20260523-134644/optim_trace_trial_411_20260523-134644.csv","final_file":"/project/temp/deferiprone_single_oral_25mgkg_designcheck_20260511/validation/design_change_n403030_wtmclustT10_nomix_site403030_nondesignquota_precisionchol_basefitbootinit_preboot_20260521/runs/scenario2/bootstrap/federated/scenario2/raw_runs/run_20260523-134644/final_params_trial_411_20260523-134644.csv"},{"trial":412,"execution_state":"completed","converged":true,"attempts":1,"convergence":0,"value":2196.0262,"eval_fn":22,"eval_gr":22,"log_n":22,"failed_clients_n":0,"message":"CONVERGENCE: REL_REDUCTION_OF_F <= FACTR*EPSMCH","result_file":"/project/temp/deferiprone_single_oral_25mgkg_designcheck_20260511/validation/design_change_n403030_wtmclustT10_nomix_site403030_nondesignquota_precisionchol_basefitbootinit_preboot_20260521/runs/scenario2/bootstrap/federated/scenario2/raw_runs/run_20260523-134644/optim_result_trial_412_20260523-134939.json","trace_file":"/project/temp/deferiprone_single_oral_25mgkg_designcheck_20260511/validation/design_change_n403030_wtmclustT10_nomix_site403030_nondesignquota_precisionchol_basefitbootinit_preboot_20260521/runs/scenario2/bootstrap/federated/scenario2/raw_runs/run_20260523-134644/optim_trace_trial_412_20260523-134939.csv","final_file":"/project/temp/deferiprone_single_oral_25mgkg_designcheck_20260511/validation/design_change_n403030_wtmclustT10_nomix_site403030_nondesignquota_precisionchol_basefitbootinit_preboot_20260521/runs/scenario2/bootstrap/federated/scenario2/raw_runs/run_20260523-134644/final_params_trial_412_20260523-134939.csv"},{"trial":413,"execution_state":"completed","converged":true,"attempts":1,"convergence":0,"value":2219.1213,"eval_fn":17,"eval_gr":17,"log_n":17,"failed_clients_n":0,"message":"CONVERGENCE: REL_REDUCTION_OF_F <= FACTR*EPSMCH","result_file":"/project/temp/deferiprone_single_oral_25mgkg_designcheck_20260511/validation/design_change_n403030_wtmclustT10_nomix_site403030_nondesignquota_precisionchol_basefitbootinit_preboot_20260521/runs/scenario2/bootstrap/federated/scenario2/raw_runs/run_20260523-134644/optim_result_trial_413_20260523-135225.json","trace_file":"/project/temp/deferiprone_single_oral_25mgkg_designcheck_20260511/validation/design_change_n403030_wtmclustT10_nomix_site403030_nondesignquota_precisionchol_basefitbootinit_preboot_20260521/runs/scenario2/bootstrap/federated/scenario2/raw_runs/run_20260523-134644/optim_trace_trial_413_20260523-135225.csv","final_file":"/project/temp/deferiprone_single_oral_25mgkg_designcheck_20260511/validation/design_change_n403030_wtmclustT10_nomix_site403030_nondesignquota_precisionchol_basefitbootinit_preboot_20260521/runs/scenario2/bootstrap/federated/scenario2/raw_runs/run_20260523-134644/final_params_trial_413_20260523-135225.csv"},{"trial":414,"execution_state":"completed","converged":true,"attempts":1,"convergence":0,"value":2221.5553,"eval_fn":18,"eval_gr":18,"log_n":18,"failed_clients_n":0,"message":"CONVERGENCE: REL_REDUCTION_OF_F <= FACTR*EPSMCH","result_file":"/project/temp/deferiprone_single_oral_25mgkg_designcheck_20260511/validation/design_change_n403030_wtmclustT10_nomix_site403030_nondesignquota_precisionchol_basefitbootinit_preboot_20260521/runs/scenario2/bootstrap/federated/scenario2/raw_runs/run_20260523-134644/optim_result_trial_414_20260523-135434.json","trace_file":"/project/temp/deferiprone_single_oral_25mgkg_designcheck_20260511/validation/design_change_n403030_wtmclustT10_nomix_site403030_nondesignquota_precisionchol_basefitbootinit_preboot_20260521/runs/scenario2/bootstrap/federated/scenario2/raw_runs/run_20260523-134644/optim_trace_trial_414_20260523-135434.csv","final_file":"/project/temp/deferiprone_single_oral_25mgkg_designcheck_20260511/validation/design_change_n403030_wtmclustT10_nomix_site403030_nondesignquota_precisionchol_basefitbootinit_preboot_20260521/runs/scenario2/bootstrap/federated/scenario2/raw_runs/run_20260523-134644/final_params_trial_414_20260523-135434.csv"},{"trial":415,"execution_state":"completed","converged":true,"attempts":1,"convergence":0,"value":2255.4914,"eval_fn":23,"eval_gr":23,"log_n":23,"failed_clients_n":0,"message":"CONVERGENCE: REL_REDUCTION_OF_F <= FACTR*EPSMCH","result_file":"/project/temp/deferiprone_single_oral_25mgkg_designcheck_20260511/validation/design_change_n403030_wtmclustT10_nomix_site403030_nondesignquota_precisionchol_basefitbootinit_preboot_20260521/runs/scenario2/bootstrap/federated/scenario2/raw_runs/run_20260523-134644/optim_result_trial_415_20260523-135653.json","trace_file":"/project/temp/deferiprone_single_oral_25mgkg_designcheck_20260511/validation/design_change_n403030_wtmclustT10_nomix_site403030_nondesignquota_precisionchol_basefitbootinit_preboot_20260521/runs/scenario2/bootstrap/federated/scenario2/raw_runs/run_20260523-134644/optim_trace_trial_415_20260523-135653.csv","final_file":"/project/temp/deferiprone_single_oral_25mgkg_designcheck_20260511/validation/design_change_n403030_wtmclustT10_nomix_site403030_nondesignquota_precisionchol_basefitbootinit_preboot_20260521/runs/scenario2/bootstrap/federated/scenario2/raw_runs/run_20260523-134644/final_params_trial_415_20260523-135653.csv"}],"info":{"run_id":"20260523-134644","log_base_dir":"/project/temp/deferiprone_single_oral_25mgkg_designcheck_20260511/validation/design_change_n403030_wtmclustT10_nomix_site403030_nondesignquota_precisionchol_basefitbootinit_preboot_20260521/runs/scenario2/bootstrap/federated","scenario":"scenario2/raw_runs","total_trials":5,"successes":5,"failures":0,"nonconverged_count":0,"nonconverged_trials":[],"convergence_missing_count":0,"seed_base":4869,"B_per_client":500,"duration_sec":790.5649271011,"host":"16402858aaeb","image_tag":null,"communication":{"generated_at":"2026-05-23T13:59:48Z","totals":{"requests":621,"request_bytes":693231,"response_bytes":157534,"total_bytes":850765,"retries":0},"init":{"requests":3,"request_bytes":8139,"response_bytes":1161,"total_bytes":9300,"retries":0,"median_elapsed_sec":0.37306809425},"init_round_latency":{"n_rounds":1,"median_round_wall_sec":0.37661504745,"p95_round_wall_sec":0.37661504745},"run":{"requests":0,"request_bytes":0,"response_bytes":0,"total_bytes":0,"retries":0,"median_elapsed_sec":"NA"},"run_bootstrap":{"requests":618,"request_bytes":685092,"response_bytes":156373,"total_bytes":841465,"retries":0,"median_elapsed_sec":3.6455363035},"round_latency":{"n_rounds":206,"median_round_wall_sec":3.772424221,"p95_round_wall_sec":4.0385253429},"timing_split":{"n_rounds":206,"rounds_with_compute":206,"total_round_wall_sec":780.3029048443,"total_round_compute_wall_sec":773.5223,"total_round_comm_overhead_wall_sec":6.7806048443,"comm_overhead_ratio":0.0086897085762,"compute_ratio":0.99131029142}},"communication_files":{"csv":"/project/temp/deferiprone_single_oral_25mgkg_designcheck_20260511/validation/design_change_n403030_wtmclustT10_nomix_site403030_nondesignquota_precisionchol_basefitbootinit_preboot_20260521/runs/scenario2/bootstrap/federated/scenario2/raw_runs/run_20260523-134644/comm_metrics.csv","json":"/project/temp/deferiprone_single_oral_25mgkg_designcheck_20260511/validation/design_change_n403030_wtmclustT10_nomix_site403030_nondesignquota_precisionchol_basefitbootinit_preboot_20260521/runs/scenario2/bootstrap/federated/scenario2/raw_runs/run_20260523-134644/comm_metrics.json"},"output_files":{"bootstrap_summary_csv":"/project/temp/deferiprone_single_oral_25mgkg_designcheck_20260511/validation/design_change_n403030_wtmclustT10_nomix_site403030_nondesignquota_precisionchol_basefitbootinit_preboot_20260521/runs/scenario2/bootstrap/federated/scenario2/raw_runs/run_20260523-134644/bootstrap_summary.csv","bootstrap_summary_json":"/project/temp/deferiprone_single_oral_25mgkg_designcheck_20260511/validation/design_change_n403030_wtmclustT10_nomix_site403030_nondesignquota_precisionchol_basefitbootinit_preboot_20260521/runs/scenario2/bootstrap/federated/scenario2/raw_runs/run_20260523-134644/bootstrap_summary.json","trial_status_csv":"/project/temp/deferiprone_single_oral_25mgkg_designcheck_20260511/validation/design_change_n403030_wtmclustT10_nomix_site403030_nondesignquota_precisionchol_basefitbootinit_preboot_20260521/runs/scenario2/bootstrap/federated/scenario2/raw_runs/run_20260523-134644/trial_status.csv","failed_trials_csv":"/project/temp/deferiprone_single_oral_25mgkg_designcheck_20260511/validation/design_change_n403030_wtmclustT10_nomix_site403030_nondesignquota_precisionchol_basefitbootinit_preboot_20260521/runs/scenario2/bootstrap/federated/scenario2/raw_runs/run_20260523-134644/failed_trials.csv","trial_estimates_wide_csv":"/project/temp/deferiprone_single_oral_25mgkg_designcheck_20260511/validation/design_change_n403030_wtmclustT10_nomix_site403030_nondesignquota_precisionchol_basefitbootinit_preboot_20260521/runs/scenario2/bootstrap/federated/scenario2/raw_runs/run_20260523-134644/trial_estimates_wide.csv","trial_estimates_long_csv":"/project/temp/deferiprone_single_oral_25mgkg_designcheck_20260511/validation/design_change_n403030_wtmclustT10_nomix_site403030_nondesignquota_precisionchol_basefitbootinit_preboot_20260521/runs/scenario2/bootstrap/federated/scenario2/raw_runs/run_20260523-134644/trial_estimates_long.csv","result_json":"/project/temp/deferiprone_single_oral_25mgkg_designcheck_20260511/validation/design_change_n403030_wtmclustT10_nomix_site403030_nondesignquota_precisionchol_basefitbootinit_preboot_20260521/runs/scenario2/bootstrap/federated/scenario2/raw_runs/run_20260523-134644/result.json"}}}
[Kserver-1 exited with code 0
Aborting on container exit...
 Container defboot_design_change_n403030_wtmclu_scenario2_411_415-server-1  Stopping
 Container defboot_design_change_n403030_wtmclu_scenario2_411_415-server-1  Stopped
 Container defboot_design_change_n403030_wtmclu_scenario2_411_415-client2-1  Stopping
 Container defboot_design_change_n403030_wtmclu_scenario2_411_415-client3-1  Stopping
 Container defboot_design_change_n403030_wtmclu_scenario2_411_415-client1-1  Stopping
 Container defboot_design_change_n403030_wtmclu_scenario2_411_415-client2-1  Stopped
 Container defboot_design_change_n403030_wtmclu_scenario2_411_415-client3-1  Stopped
 Container defboot_design_change_n403030_wtmclu_scenario2_411_415-client1-1  Stopped
time="2026-05-23T22:59:59+09:00" level=warning msg="The \"SERVER_CONFIG_PATH\" variable is not set. Defaulting to a blank string."
 Container defboot_design_change_n403030_wtmclu_scenario2_411_415-server-1  Stopping
 Container defboot_design_change_n403030_wtmclu_scenario2_411_415-server-1  Stopped
 Container defboot_design_change_n403030_wtmclu_scenario2_411_415-server-1  Removing
 Container defboot_design_change_n403030_wtmclu_scenario2_411_415-server-1  Removed
 Container defboot_design_change_n403030_wtmclu_scenario2_411_415-client3-1  Stopping
 Container defboot_design_change_n403030_wtmclu_scenario2_411_415-client2-1  Stopping
 Container defboot_design_change_n403030_wtmclu_scenario2_411_415-client1-1  Stopping
 Container defboot_design_change_n403030_wtmclu_scenario2_411_415-client3-1  Stopped
 Container defboot_design_change_n403030_wtmclu_scenario2_411_415-client3-1  Removing
 Container defboot_design_change_n403030_wtmclu_scenario2_411_415-client1-1  Stopped
 Container defboot_design_change_n403030_wtmclu_scenario2_411_415-client1-1  Removing
 Container defboot_design_change_n403030_wtmclu_scenario2_411_415-client2-1  Stopped
 Container defboot_design_change_n403030_wtmclu_scenario2_411_415-client2-1  Removing
 Container defboot_design_change_n403030_wtmclu_scenario2_411_415-client3-1  Removed
 Container defboot_design_change_n403030_wtmclu_scenario2_411_415-client1-1  Removed
 Container defboot_design_change_n403030_wtmclu_scenario2_411_415-client2-1  Removed
 Network defboot_design_change_n403030_wtmclu_scenario2_411_415_site3_net  Removing
 Network defboot_design_change_n403030_wtmclu_scenario2_411_415_site2_net  Removing
 Network defboot_design_change_n403030_wtmclu_scenario2_411_415_site1_net  Removing
 Network defboot_design_change_n403030_wtmclu_scenario2_411_415_site2_net  Removed
 Network defboot_design_change_n403030_wtmclu_scenario2_411_415_site1_net  Removed
 Network defboot_design_change_n403030_wtmclu_scenario2_411_415_site3_net  Removed
