time="2026-05-23T14:01:48+09:00" level=warning msg="The \"SERVER_CONFIG_PATH\" variable is not set. Defaulting to a blank string."
Compose now can delegate build to bake for better performances
Just set COMPOSE_BAKE=true
#0 building with "default" instance using docker driver

#1 [client2 internal] load build definition from Dockerfile.app
#1 transferring dockerfile: 778B done
#1 DONE 0.0s

#2 [client3 internal] load build definition from Dockerfile.app
#2 transferring dockerfile: 778B done
#2 DONE 0.0s

#3 [client1 internal] load build definition from Dockerfile.app
#3 transferring dockerfile: 778B done
#3 DONE 0.0s

#4 [client1 internal] load metadata for docker.io/fedpoppk/base:0.1.0
#4 DONE 0.0s

#5 [client2 internal] load .dockerignore
#5 transferring context: 2B done
#5 DONE 0.0s

#6 [client3 internal] load .dockerignore
#6 transferring context: 2B done
#6 DONE 0.0s

#7 [client1 internal] load .dockerignore
#7 transferring context: 2B done
#7 DONE 0.0s

#8 [client1 1/8] FROM docker.io/fedpoppk/base:0.1.0
#8 DONE 0.0s

#9 [client2 internal] load build context
#9 transferring context: 736.51kB 0.3s done
#9 DONE 0.3s

#10 [client3 internal] load build context
#10 transferring context: 736.51kB 0.3s done
#10 DONE 0.3s

#11 [client1 internal] load build context
#11 transferring context: 736.51kB 0.3s done
#11 DONE 0.3s

#12 [client3 6/8] COPY R/ R/
#12 CACHED

#13 [client3 3/8] COPY renv.lock .Rprofile renv/activate.R ./
#13 CACHED

#14 [client3 4/8] RUN Rscript -e "options(renv.consent=TRUE, Ncpus=parallel::detectCores());                 renv::restore(prompt=FALSE)"
#14 CACHED

#15 [client3 2/8] WORKDIR /project
#15 CACHED

#16 [client3 5/8] COPY apps/ apps/
#16 CACHED

#17 [client3 7/8] COPY analysis/ analysis/
#17 CACHED

#18 [client1 8/8] RUN mkdir -p /project/configs/modes /project/data /project/artifacts /project/result
#18 CACHED

#19 [client2] exporting to image
#19 exporting layers done
#19 writing image sha256:cc2de5560dc9fa0ba4b2b89ab4867db6e8d1647b1e15ceef16902e6013d2b7f5 done
#19 naming to docker.io/library/defboot_design_change_n403030_wtmclu_scenario2_241_245-client2 0.0s done
#19 DONE 0.0s

#20 [client1] exporting to image
#20 exporting layers done
#20 writing image sha256:0d7508527931fc4b35cb5e8b37bb429cf396daedbc3d95de47467ad603fd81ed done
#20 naming to docker.io/library/defboot_design_change_n403030_wtmclu_scenario2_241_245-client1 0.0s done
#20 DONE 0.1s

#21 [client3] exporting to image
#21 exporting layers done
#21 writing image sha256:ce7e784ef9fd80c9e3b7b7e7420ec6841a68c834a9d58d6fa29e98834ad6e98a done
#21 naming to docker.io/library/defboot_design_change_n403030_wtmclu_scenario2_241_245-client3 0.1s done
#21 DONE 0.1s

#22 [client2] resolving provenance for metadata file
#22 DONE 0.0s

#23 [client1] resolving provenance for metadata file
#23 DONE 0.0s

#24 [client3] resolving provenance for metadata file
#24 DONE 0.0s

#25 [server internal] load build definition from Dockerfile.app
#25 transferring dockerfile: 778B done
#25 DONE 0.0s

#4 [server internal] load metadata for docker.io/fedpoppk/base:0.1.0
#4 DONE 0.0s

#26 [server internal] load .dockerignore
#26 transferring context: 2B done
#26 DONE 0.0s

#8 [server 1/8] FROM docker.io/fedpoppk/base:0.1.0
#8 DONE 0.0s

#27 [server internal] load build context
#27 transferring context: 736.51kB 0.3s done
#27 DONE 0.4s

#28 [server 6/8] COPY R/ R/
#28 CACHED

#29 [server 7/8] COPY analysis/ analysis/
#29 CACHED

#30 [server 3/8] COPY renv.lock .Rprofile renv/activate.R ./
#30 CACHED

#31 [server 5/8] COPY apps/ apps/
#31 CACHED

#32 [server 4/8] RUN Rscript -e "options(renv.consent=TRUE, Ncpus=parallel::detectCores());                 renv::restore(prompt=FALSE)"
#32 CACHED

#15 [server 2/8] WORKDIR /project
#15 CACHED

#33 [server 8/8] RUN mkdir -p /project/configs/modes /project/data /project/artifacts /project/result
#33 CACHED

#34 [server] exporting to image
#34 exporting layers done
#34 writing image sha256:6095ad3b3fb462131f9747edb31802287925abb3cf95c814841acb33930e5fd0 done
#34 naming to docker.io/library/defboot_design_change_n403030_wtmclu_scenario2_241_245-server 0.0s done
#34 DONE 0.0s

#35 [server] resolving provenance for metadata file
#35 DONE 0.0s
 client1  Built
 client2  Built
 client3  Built
 server  Built
 Network defboot_design_change_n403030_wtmclu_scenario2_241_245_site2_net  Creating
 Network defboot_design_change_n403030_wtmclu_scenario2_241_245_site2_net  Created
 Network defboot_design_change_n403030_wtmclu_scenario2_241_245_site3_net  Creating
 Network defboot_design_change_n403030_wtmclu_scenario2_241_245_site3_net  Created
 Network defboot_design_change_n403030_wtmclu_scenario2_241_245_site1_net  Creating
 Network defboot_design_change_n403030_wtmclu_scenario2_241_245_site1_net  Created
 Container defboot_design_change_n403030_wtmclu_scenario2_241_245-client1-1  Creating
 Container defboot_design_change_n403030_wtmclu_scenario2_241_245-client2-1  Creating
 Container defboot_design_change_n403030_wtmclu_scenario2_241_245-client3-1  Creating
 Container defboot_design_change_n403030_wtmclu_scenario2_241_245-client2-1  Created
 Container defboot_design_change_n403030_wtmclu_scenario2_241_245-client3-1  Created
 Container defboot_design_change_n403030_wtmclu_scenario2_241_245-client1-1  Created
 Container defboot_design_change_n403030_wtmclu_scenario2_241_245-server-1  Creating
 Container defboot_design_change_n403030_wtmclu_scenario2_241_245-server-1  Created
Attaching to client1-1, client2-1, client3-1, server-1
client1-1  | Running plumber API at http://0.0.0.0:8000
client1-1  | Running swagger Docs at http://127.0.0.1:8000/__docs__/
client3-1  | Running plumber API at http://0.0.0.0:8000
client3-1  | Running swagger Docs at http://127.0.0.1:8000/__docs__/
client2-1  | Running plumber API at http://0.0.0.0:8000
client2-1  | Running swagger Docs at http://127.0.0.1:8000/__docs__/
client1-1  | ℹ parameter labels from comments are typically ignored in non-interactive mode
client1-1  | ℹ Need to run with the source intact to parse comments
client2-1  | ℹ parameter labels from comments are typically ignored in non-interactive mode
client2-1  | ℹ Need to run with the source intact to parse comments
client3-1  | ℹ parameter labels from comments are typically ignored in non-interactive mode
client3-1  | ℹ Need to run with the source intact to parse comments
server-1   | [send_init] http://client2:8000 init succeeded
server-1   | [send_init] http://client1:8000 init succeeded
server-1   | [send_init] http://client3:8000 init succeeded
server-1   | {"schema":{"schema_version":"1.1.0","generated_at":"2026-05-23T05:01:57Z","config_path":"/project/configs/../temp/deferiprone_single_oral_25mgkg_designcheck_20260511/validation/design_change_n403030_wtmclustT10_nomix_site403030_nondesignquota_precisionchol_basefitbootinit_preboot_20260521/configs/resolved/scenario2_bootstrap.json","config_md5":"67e6a296d3935d620e746ed6160f8ca2","seed":4869,"host":"ad6e918029d7","pid":1,"image_tag":null,"git_sha":null,"git_dirty":null},"aggregation":{"ci_method":"percentile","ci_level":0.95,"quantile_type":7,"estimates_scale":"natural"},"summary":[{"parameter":"(etaLcl,etaLvc)","median":0.051497272548,"p2.5":0.049030631294,"p97.5":0.05788843499},{"parameter":"CcPropSd","median":0.34434250235,"p2.5":0.33541027536,"p97.5":0.3572710167},{"parameter":"etaLcl","median":0.096324774184,"p2.5":0.083786013603,"p97.5":0.099515186296},{"parameter":"etaLvc","median":0.028111894029,"p2.5":0.02639078413,"p97.5":0.036983121879},{"parameter":"lcl","median":2.1669247491,"p2.5":2.1023042073,"p97.5":2.1878468427},{"parameter":"lka","median":2.2703818301,"p2.5":2.1689491341,"p97.5":2.5092296928},{"parameter":"lvc","median":2.9762867242,"p2.5":2.8971652696,"p97.5":3.0118955855},{"parameter":"rho_(etaLcl,etaLvc)","median":0.97306885134,"p2.5":0.9713881095,"p97.5":0.9792951153}],"runs":[{"tag":"trial_241_20260523-050157","value":2204.9954,"counts":[38,38],"control":{"maxit":100,"factr":1000000000,"pgtol":0,"trace":0,"method":"L-BFGS-B"},"convergence":0,"message":"CONVERGENCE: REL_REDUCTION_OF_F <= FACTR*EPSMCH","nat_par":{"lka":2.5326809294,"lcl":2.1888839383,"lvc":3.0024686525,"CcPropSd":0.35856850515,"etaLcl":0.098479638369,"etaLvc":0.02793683508,"(etaLcl,etaLvc)":0.051030986954,"rho_(etaLcl,etaLvc)":0.97290882595},"failed_clients":[],"attempt":1,"files":{"result":"/project/temp/deferiprone_single_oral_25mgkg_designcheck_20260511/validation/design_change_n403030_wtmclustT10_nomix_site403030_nondesignquota_precisionchol_basefitbootinit_preboot_20260521/runs/scenario2/bootstrap/federated/scenario2/raw_runs/run_20260523-050157/optim_result_trial_241_20260523-050157.json","trace":"/project/temp/deferiprone_single_oral_25mgkg_designcheck_20260511/validation/design_change_n403030_wtmclustT10_nomix_site403030_nondesignquota_precisionchol_basefitbootinit_preboot_20260521/runs/scenario2/bootstrap/federated/scenario2/raw_runs/run_20260523-050157/optim_trace_trial_241_20260523-050157.csv","final":"/project/temp/deferiprone_single_oral_25mgkg_designcheck_20260511/validation/design_change_n403030_wtmclustT10_nomix_site403030_nondesignquota_precisionchol_basefitbootinit_preboot_20260521/runs/scenario2/bootstrap/federated/scenario2/raw_runs/run_20260523-050157/final_params_trial_241_20260523-050157.csv"},"log_n":37,"execution_state":"completed","trial":241,"attempts":1},{"tag":"trial_242_20260523-050638","value":2251.1243,"counts":[22,22],"control":{"maxit":100,"factr":1000000000,"pgtol":0,"trace":0,"method":"L-BFGS-B"},"convergence":0,"message":"CONVERGENCE: REL_REDUCTION_OF_F <= FACTR*EPSMCH","nat_par":{"lka":2.2579203678,"lcl":2.0951371651,"lvc":2.889784762,"CcPropSd":0.33591052629,"etaLcl":0.099630247177,"etaLvc":0.028111894029,"(etaLcl,etaLvc)":0.051497272548,"rho_(etaLcl,etaLvc)":0.97306885134},"failed_clients":[],"attempt":1,"files":{"result":"/project/temp/deferiprone_single_oral_25mgkg_designcheck_20260511/validation/design_change_n403030_wtmclustT10_nomix_site403030_nondesignquota_precisionchol_basefitbootinit_preboot_20260521/runs/scenario2/bootstrap/federated/scenario2/raw_runs/run_20260523-050157/optim_result_trial_242_20260523-050638.json","trace":"/project/temp/deferiprone_single_oral_25mgkg_designcheck_20260511/validation/design_change_n403030_wtmclustT10_nomix_site403030_nondesignquota_precisionchol_basefitbootinit_preboot_20260521/runs/scenario2/bootstrap/federated/scenario2/raw_runs/run_20260523-050157/optim_trace_trial_242_20260523-050638.csv","final":"/project/temp/deferiprone_single_oral_25mgkg_designcheck_20260511/validation/design_change_n403030_wtmclustT10_nomix_site403030_nondesignquota_precisionchol_basefitbootinit_preboot_20260521/runs/scenario2/bootstrap/federated/scenario2/raw_runs/run_20260523-050157/final_params_trial_242_20260523-050638.csv"},"log_n":22,"execution_state":"completed","trial":242,"attempts":1},{"tag":"trial_243_20260523-050926","value":2194.4901,"counts":[15,15],"control":{"maxit":100,"factr":1000000000,"pgtol":0,"trace":0,"method":"L-BFGS-B"},"convergence":0,"message":"CONVERGENCE: REL_REDUCTION_OF_F <= FACTR*EPSMCH","nat_par":{"lka":2.2981685626,"lcl":2.1668075872,"lvc":2.9635898381,"CcPropSd":0.33535469192,"etaLcl":0.095851233518,"etaLvc":0.037092838704,"(etaLcl,etaLvc)":0.058396259103,"rho_(etaLcl,etaLvc)":0.97935723996},"failed_clients":[],"attempt":1,"files":{"result":"/project/temp/deferiprone_single_oral_25mgkg_designcheck_20260511/validation/design_change_n403030_wtmclustT10_nomix_site403030_nondesignquota_precisionchol_basefitbootinit_preboot_20260521/runs/scenario2/bootstrap/federated/scenario2/raw_runs/run_20260523-050157/optim_result_trial_243_20260523-050926.json","trace":"/project/temp/deferiprone_single_oral_25mgkg_designcheck_20260511/validation/design_change_n403030_wtmclustT10_nomix_site403030_nondesignquota_precisionchol_basefitbootinit_preboot_20260521/runs/scenario2/bootstrap/federated/scenario2/raw_runs/run_20260523-050157/optim_trace_trial_243_20260523-050926.csv","final":"/project/temp/deferiprone_single_oral_25mgkg_designcheck_20260511/validation/design_change_n403030_wtmclustT10_nomix_site403030_nondesignquota_precisionchol_basefitbootinit_preboot_20260521/runs/scenario2/bootstrap/federated/scenario2/raw_runs/run_20260523-050157/final_params_trial_243_20260523-050926.csv"},"log_n":15,"execution_state":"completed","trial":243,"attempts":1},{"tag":"trial_244_20260523-051121","value":2177.0158,"counts":[28,28],"control":{"maxit":100,"factr":1000000000,"pgtol":0,"trace":0,"method":"L-BFGS-B"},"convergence":0,"message":"CONVERGENCE: REL_REDUCTION_OF_F <= FACTR*EPSMCH","nat_par":{"lka":2.1590634415,"lcl":2.1785129826,"lvc":2.9762867242,"CcPropSd":0.34559362071,"etaLcl":0.082445433612,"etaLvc":0.035995670449,"(etaLcl,etaLvc)":0.053318017973,"rho_(etaLcl,etaLvc)":0.97873599336},"failed_clients":[],"attempt":1,"files":{"result":"/project/temp/deferiprone_single_oral_25mgkg_designcheck_20260511/validation/design_change_n403030_wtmclustT10_nomix_site403030_nondesignquota_precisionchol_basefitbootinit_preboot_20260521/runs/scenario2/bootstrap/federated/scenario2/raw_runs/run_20260523-050157/optim_result_trial_244_20260523-051121.json","trace":"/project/temp/deferiprone_single_oral_25mgkg_designcheck_20260511/validation/design_change_n403030_wtmclustT10_nomix_site403030_nondesignquota_precisionchol_basefitbootinit_preboot_20260521/runs/scenario2/bootstrap/federated/scenario2/raw_runs/run_20260523-050157/optim_trace_trial_244_20260523-051121.csv","final":"/project/temp/deferiprone_single_oral_25mgkg_designcheck_20260511/validation/design_change_n403030_wtmclustT10_nomix_site403030_nondesignquota_precisionchol_basefitbootinit_preboot_20260521/runs/scenario2/bootstrap/federated/scenario2/raw_runs/run_20260523-050157/final_params_trial_244_20260523-051121.csv"},"log_n":28,"execution_state":"completed","trial":244,"attempts":1},{"tag":"trial_245_20260523-051455","value":2211.4904,"counts":[38,38],"control":{"maxit":100,"factr":1000000000,"pgtol":0,"trace":0,"method":"L-BFGS-B"},"convergence":0,"message":"CONVERGENCE: REL_REDUCTION_OF_F <= FACTR*EPSMCH","nat_par":{"lka":2.2703818301,"lcl":2.1669247491,"lvc":3.0129430225,"CcPropSd":0.34434250235,"etaLcl":0.096324774184,"etaLvc":0.026219000691,"(etaLcl,etaLvc)":0.048808369554,"rho_(etaLcl,etaLvc)":0.971219141},"failed_clients":[],"attempt":1,"files":{"result":"/project/temp/deferiprone_single_oral_25mgkg_designcheck_20260511/validation/design_change_n403030_wtmclustT10_nomix_site403030_nondesignquota_precisionchol_basefitbootinit_preboot_20260521/runs/scenario2/bootstrap/federated/scenario2/raw_runs/run_20260523-050157/optim_result_trial_245_20260523-051455.json","trace":"/project/temp/deferiprone_single_oral_25mgkg_designcheck_20260511/validation/design_change_n403030_wtmclustT10_nomix_site403030_nondesignquota_precisionchol_basefitbootinit_preboot_20260521/runs/scenario2/bootstrap/federated/scenario2/raw_runs/run_20260523-050157/optim_trace_trial_245_20260523-051455.csv","final":"/project/temp/deferiprone_single_oral_25mgkg_designcheck_20260511/validation/design_change_n403030_wtmclustT10_nomix_site403030_nondesignquota_precisionchol_basefitbootinit_preboot_20260521/runs/scenario2/bootstrap/federated/scenario2/raw_runs/run_20260523-050157/final_params_trial_245_20260523-051455.csv"},"log_n":38,"execution_state":"completed","trial":245,"attempts":1}],"trial_status":[{"trial":241,"execution_state":"completed","converged":true,"attempts":1,"convergence":0,"value":2204.9954,"eval_fn":38,"eval_gr":38,"log_n":37,"failed_clients_n":0,"message":"CONVERGENCE: REL_REDUCTION_OF_F <= FACTR*EPSMCH","result_file":"/project/temp/deferiprone_single_oral_25mgkg_designcheck_20260511/validation/design_change_n403030_wtmclustT10_nomix_site403030_nondesignquota_precisionchol_basefitbootinit_preboot_20260521/runs/scenario2/bootstrap/federated/scenario2/raw_runs/run_20260523-050157/optim_result_trial_241_20260523-050157.json","trace_file":"/project/temp/deferiprone_single_oral_25mgkg_designcheck_20260511/validation/design_change_n403030_wtmclustT10_nomix_site403030_nondesignquota_precisionchol_basefitbootinit_preboot_20260521/runs/scenario2/bootstrap/federated/scenario2/raw_runs/run_20260523-050157/optim_trace_trial_241_20260523-050157.csv","final_file":"/project/temp/deferiprone_single_oral_25mgkg_designcheck_20260511/validation/design_change_n403030_wtmclustT10_nomix_site403030_nondesignquota_precisionchol_basefitbootinit_preboot_20260521/runs/scenario2/bootstrap/federated/scenario2/raw_runs/run_20260523-050157/final_params_trial_241_20260523-050157.csv"},{"trial":242,"execution_state":"completed","converged":true,"attempts":1,"convergence":0,"value":2251.1243,"eval_fn":22,"eval_gr":22,"log_n":22,"failed_clients_n":0,"message":"CONVERGENCE: REL_REDUCTION_OF_F <= FACTR*EPSMCH","result_file":"/project/temp/deferiprone_single_oral_25mgkg_designcheck_20260511/validation/design_change_n403030_wtmclustT10_nomix_site403030_nondesignquota_precisionchol_basefitbootinit_preboot_20260521/runs/scenario2/bootstrap/federated/scenario2/raw_runs/run_20260523-050157/optim_result_trial_242_20260523-050638.json","trace_file":"/project/temp/deferiprone_single_oral_25mgkg_designcheck_20260511/validation/design_change_n403030_wtmclustT10_nomix_site403030_nondesignquota_precisionchol_basefitbootinit_preboot_20260521/runs/scenario2/bootstrap/federated/scenario2/raw_runs/run_20260523-050157/optim_trace_trial_242_20260523-050638.csv","final_file":"/project/temp/deferiprone_single_oral_25mgkg_designcheck_20260511/validation/design_change_n403030_wtmclustT10_nomix_site403030_nondesignquota_precisionchol_basefitbootinit_preboot_20260521/runs/scenario2/bootstrap/federated/scenario2/raw_runs/run_20260523-050157/final_params_trial_242_20260523-050638.csv"},{"trial":243,"execution_state":"completed","converged":true,"attempts":1,"convergence":0,"value":2194.4901,"eval_fn":15,"eval_gr":15,"log_n":15,"failed_clients_n":0,"message":"CONVERGENCE: REL_REDUCTION_OF_F <= FACTR*EPSMCH","result_file":"/project/temp/deferiprone_single_oral_25mgkg_designcheck_20260511/validation/design_change_n403030_wtmclustT10_nomix_site403030_nondesignquota_precisionchol_basefitbootinit_preboot_20260521/runs/scenario2/bootstrap/federated/scenario2/raw_runs/run_20260523-050157/optim_result_trial_243_20260523-050926.json","trace_file":"/project/temp/deferiprone_single_oral_25mgkg_designcheck_20260511/validation/design_change_n403030_wtmclustT10_nomix_site403030_nondesignquota_precisionchol_basefitbootinit_preboot_20260521/runs/scenario2/bootstrap/federated/scenario2/raw_runs/run_20260523-050157/optim_trace_trial_243_20260523-050926.csv","final_file":"/project/temp/deferiprone_single_oral_25mgkg_designcheck_20260511/validation/design_change_n403030_wtmclustT10_nomix_site403030_nondesignquota_precisionchol_basefitbootinit_preboot_20260521/runs/scenario2/bootstrap/federated/scenario2/raw_runs/run_20260523-050157/final_params_trial_243_20260523-050926.csv"},{"trial":244,"execution_state":"completed","converged":true,"attempts":1,"convergence":0,"value":2177.0158,"eval_fn":28,"eval_gr":28,"log_n":28,"failed_clients_n":0,"message":"CONVERGENCE: REL_REDUCTION_OF_F <= FACTR*EPSMCH","result_file":"/project/temp/deferiprone_single_oral_25mgkg_designcheck_20260511/validation/design_change_n403030_wtmclustT10_nomix_site403030_nondesignquota_precisionchol_basefitbootinit_preboot_20260521/runs/scenario2/bootstrap/federated/scenario2/raw_runs/run_20260523-050157/optim_result_trial_244_20260523-051121.json","trace_file":"/project/temp/deferiprone_single_oral_25mgkg_designcheck_20260511/validation/design_change_n403030_wtmclustT10_nomix_site403030_nondesignquota_precisionchol_basefitbootinit_preboot_20260521/runs/scenario2/bootstrap/federated/scenario2/raw_runs/run_20260523-050157/optim_trace_trial_244_20260523-051121.csv","final_file":"/project/temp/deferiprone_single_oral_25mgkg_designcheck_20260511/validation/design_change_n403030_wtmclustT10_nomix_site403030_nondesignquota_precisionchol_basefitbootinit_preboot_20260521/runs/scenario2/bootstrap/federated/scenario2/raw_runs/run_20260523-050157/final_params_trial_244_20260523-051121.csv"},{"trial":245,"execution_state":"completed","converged":true,"attempts":1,"convergence":0,"value":2211.4904,"eval_fn":38,"eval_gr":38,"log_n":38,"failed_clients_n":0,"message":"CONVERGENCE: REL_REDUCTION_OF_F <= FACTR*EPSMCH","result_file":"/project/temp/deferiprone_single_oral_25mgkg_designcheck_20260511/validation/design_change_n403030_wtmclustT10_nomix_site403030_nondesignquota_precisionchol_basefitbootinit_preboot_20260521/runs/scenario2/bootstrap/federated/scenario2/raw_runs/run_20260523-050157/optim_result_trial_245_20260523-051455.json","trace_file":"/project/temp/deferiprone_single_oral_25mgkg_designcheck_20260511/validation/design_change_n403030_wtmclustT10_nomix_site403030_nondesignquota_precisionchol_basefitbootinit_preboot_20260521/runs/scenario2/bootstrap/federated/scenario2/raw_runs/run_20260523-050157/optim_trace_trial_245_20260523-051455.csv","final_file":"/project/temp/deferiprone_single_oral_25mgkg_designcheck_20260511/validation/design_change_n403030_wtmclustT10_nomix_site403030_nondesignquota_precisionchol_basefitbootinit_preboot_20260521/runs/scenario2/bootstrap/federated/scenario2/raw_runs/run_20260523-050157/final_params_trial_245_20260523-051455.csv"}],"info":{"run_id":"20260523-050157","log_base_dir":"/project/temp/deferiprone_single_oral_25mgkg_designcheck_20260511/validation/design_change_n403030_wtmclustT10_nomix_site403030_nondesignquota_precisionchol_basefitbootinit_preboot_20260521/runs/scenario2/bootstrap/federated","scenario":"scenario2/raw_runs","total_trials":5,"successes":5,"failures":0,"nonconverged_count":0,"nonconverged_trials":[],"convergence_missing_count":0,"seed_base":4869,"B_per_client":500,"duration_sec":1075.7474827766,"host":"ad6e918029d7","image_tag":null,"communication":{"generated_at":"2026-05-23T05:19:47Z","totals":{"requests":843,"request_bytes":939027,"response_bytes":213083,"total_bytes":1152110,"retries":0},"init":{"requests":3,"request_bytes":8139,"response_bytes":1161,"total_bytes":9300,"retries":0,"median_elapsed_sec":0.36444091797},"init_round_latency":{"n_rounds":1,"median_round_wall_sec":0.36779332161,"p95_round_wall_sec":0.36779332161},"run":{"requests":0,"request_bytes":0,"response_bytes":0,"total_bytes":0,"retries":0,"median_elapsed_sec":"NA"},"run_bootstrap":{"requests":840,"request_bytes":930888,"response_bytes":211922,"total_bytes":1142810,"retries":0,"median_elapsed_sec":3.6600176096},"round_latency":{"n_rounds":280,"median_round_wall_sec":3.788942337,"p95_round_wall_sec":4.0092640996},"timing_split":{"n_rounds":280,"rounds_with_compute":280,"total_round_wall_sec":1064.0484390259,"total_round_compute_wall_sec":1054.6628,"total_round_comm_overhead_wall_sec":9.3856390259,"comm_overhead_ratio":0.0088206877447,"compute_ratio":0.99117931226}},"communication_files":{"csv":"/project/temp/deferiprone_single_oral_25mgkg_designcheck_20260511/validation/design_change_n403030_wtmclustT10_nomix_site403030_nondesignquota_precisionchol_basefitbootinit_preboot_20260521/runs/scenario2/bootstrap/federated/scenario2/raw_runs/run_20260523-050157/comm_metrics.csv","json":"/project/temp/deferiprone_single_oral_25mgkg_designcheck_20260511/validation/design_change_n403030_wtmclustT10_nomix_site403030_nondesignquota_precisionchol_basefitbootinit_preboot_20260521/runs/scenario2/bootstrap/federated/scenario2/raw_runs/run_20260523-050157/comm_metrics.json"},"output_files":{"bootstrap_summary_csv":"/project/temp/deferiprone_single_oral_25mgkg_designcheck_20260511/validation/design_change_n403030_wtmclustT10_nomix_site403030_nondesignquota_precisionchol_basefitbootinit_preboot_20260521/runs/scenario2/bootstrap/federated/scenario2/raw_runs/run_20260523-050157/bootstrap_summary.csv","bootstrap_summary_json":"/project/temp/deferiprone_single_oral_25mgkg_designcheck_20260511/validation/design_change_n403030_wtmclustT10_nomix_site403030_nondesignquota_precisionchol_basefitbootinit_preboot_20260521/runs/scenario2/bootstrap/federated/scenario2/raw_runs/run_20260523-050157/bootstrap_summary.json","trial_status_csv":"/project/temp/deferiprone_single_oral_25mgkg_designcheck_20260511/validation/design_change_n403030_wtmclustT10_nomix_site403030_nondesignquota_precisionchol_basefitbootinit_preboot_20260521/runs/scenario2/bootstrap/federated/scenario2/raw_runs/run_20260523-050157/trial_status.csv","failed_trials_csv":"/project/temp/deferiprone_single_oral_25mgkg_designcheck_20260511/validation/design_change_n403030_wtmclustT10_nomix_site403030_nondesignquota_precisionchol_basefitbootinit_preboot_20260521/runs/scenario2/bootstrap/federated/scenario2/raw_runs/run_20260523-050157/failed_trials.csv","trial_estimates_wide_csv":"/project/temp/deferiprone_single_oral_25mgkg_designcheck_20260511/validation/design_change_n403030_wtmclustT10_nomix_site403030_nondesignquota_precisionchol_basefitbootinit_preboot_20260521/runs/scenario2/bootstrap/federated/scenario2/raw_runs/run_20260523-050157/trial_estimates_wide.csv","trial_estimates_long_csv":"/project/temp/deferiprone_single_oral_25mgkg_designcheck_20260511/validation/design_change_n403030_wtmclustT10_nomix_site403030_nondesignquota_precisionchol_basefitbootinit_preboot_20260521/runs/scenario2/bootstrap/federated/scenario2/raw_runs/run_20260523-050157/trial_estimates_long.csv","result_json":"/project/temp/deferiprone_single_oral_25mgkg_designcheck_20260511/validation/design_change_n403030_wtmclustT10_nomix_site403030_nondesignquota_precisionchol_basefitbootinit_preboot_20260521/runs/scenario2/bootstrap/federated/scenario2/raw_runs/run_20260523-050157/result.json"}}}
[Kserver-1 exited with code 0
Aborting on container exit...
 Container defboot_design_change_n403030_wtmclu_scenario2_241_245-server-1  Stopping
 Container defboot_design_change_n403030_wtmclu_scenario2_241_245-server-1  Stopped
 Container defboot_design_change_n403030_wtmclu_scenario2_241_245-client1-1  Stopping
 Container defboot_design_change_n403030_wtmclu_scenario2_241_245-client2-1  Stopping
 Container defboot_design_change_n403030_wtmclu_scenario2_241_245-client3-1  Stopping
 Container defboot_design_change_n403030_wtmclu_scenario2_241_245-client3-1  Stopped
 Container defboot_design_change_n403030_wtmclu_scenario2_241_245-client1-1  Stopped
 Container defboot_design_change_n403030_wtmclu_scenario2_241_245-client2-1  Stopped
time="2026-05-23T14:19:58+09:00" level=warning msg="The \"SERVER_CONFIG_PATH\" variable is not set. Defaulting to a blank string."
 Container defboot_design_change_n403030_wtmclu_scenario2_241_245-server-1  Stopping
 Container defboot_design_change_n403030_wtmclu_scenario2_241_245-server-1  Stopped
 Container defboot_design_change_n403030_wtmclu_scenario2_241_245-server-1  Removing
 Container defboot_design_change_n403030_wtmclu_scenario2_241_245-server-1  Removed
 Container defboot_design_change_n403030_wtmclu_scenario2_241_245-client1-1  Stopping
 Container defboot_design_change_n403030_wtmclu_scenario2_241_245-client2-1  Stopping
 Container defboot_design_change_n403030_wtmclu_scenario2_241_245-client3-1  Stopping
 Container defboot_design_change_n403030_wtmclu_scenario2_241_245-client1-1  Stopped
 Container defboot_design_change_n403030_wtmclu_scenario2_241_245-client1-1  Removing
 Container defboot_design_change_n403030_wtmclu_scenario2_241_245-client2-1  Stopped
 Container defboot_design_change_n403030_wtmclu_scenario2_241_245-client2-1  Removing
 Container defboot_design_change_n403030_wtmclu_scenario2_241_245-client3-1  Stopped
 Container defboot_design_change_n403030_wtmclu_scenario2_241_245-client3-1  Removing
 Container defboot_design_change_n403030_wtmclu_scenario2_241_245-client1-1  Removed
 Container defboot_design_change_n403030_wtmclu_scenario2_241_245-client2-1  Removed
 Container defboot_design_change_n403030_wtmclu_scenario2_241_245-client3-1  Removed
 Network defboot_design_change_n403030_wtmclu_scenario2_241_245_site3_net  Removing
 Network defboot_design_change_n403030_wtmclu_scenario2_241_245_site1_net  Removing
 Network defboot_design_change_n403030_wtmclu_scenario2_241_245_site2_net  Removing
 Network defboot_design_change_n403030_wtmclu_scenario2_241_245_site3_net  Removed
 Network defboot_design_change_n403030_wtmclu_scenario2_241_245_site1_net  Removed
 Network defboot_design_change_n403030_wtmclu_scenario2_241_245_site2_net  Removed
