time="2026-05-23T15:49:17+09:00" level=warning msg="The \"SERVER_CONFIG_PATH\" variable is not set. Defaulting to a blank string."
Compose now can delegate build to bake for better performances
Just set COMPOSE_BAKE=true
#0 building with "default" instance using docker driver

#1 [client2 internal] load build definition from Dockerfile.app
#1 transferring dockerfile: 778B done
#1 DONE 0.0s

#2 [client1 internal] load build definition from Dockerfile.app
#2 transferring dockerfile: 778B done
#2 DONE 0.0s

#3 [client3 internal] load build definition from Dockerfile.app
#3 transferring dockerfile: 778B done
#3 DONE 0.0s

#4 [client3 internal] load metadata for docker.io/fedpoppk/base:0.1.0
#4 DONE 0.0s

#5 [client2 internal] load .dockerignore
#5 transferring context: 2B done
#5 DONE 0.0s

#6 [client1 internal] load .dockerignore
#6 transferring context: 2B done
#6 DONE 0.0s

#7 [client3 1/8] FROM docker.io/fedpoppk/base:0.1.0
#7 DONE 0.0s

#8 [client3 internal] load .dockerignore
#8 transferring context: 2B done
#8 DONE 0.0s

#9 [client2 internal] load build context
#9 transferring context: 736.51kB 0.3s done
#9 DONE 0.4s

#10 [client3 internal] load build context
#10 transferring context: 736.51kB 0.3s done
#10 DONE 0.3s

#11 [client1 internal] load build context
#11 transferring context: 736.51kB 0.3s done
#11 DONE 0.4s

#12 [client2 2/8] WORKDIR /project
#12 CACHED

#13 [client2 7/8] COPY analysis/ analysis/
#13 CACHED

#14 [client2 3/8] COPY renv.lock .Rprofile renv/activate.R ./
#14 CACHED

#15 [client2 6/8] COPY R/ R/
#15 CACHED

#16 [client2 4/8] RUN Rscript -e "options(renv.consent=TRUE, Ncpus=parallel::detectCores());                 renv::restore(prompt=FALSE)"
#16 CACHED

#17 [client2 5/8] COPY apps/ apps/
#17 CACHED

#18 [client3 8/8] RUN mkdir -p /project/configs/modes /project/data /project/artifacts /project/result
#18 CACHED

#19 [client2] exporting to image
#19 exporting layers done
#19 writing image sha256:3a7d2f1019746e9ac236cd24241184debd1089563440cd329d532f8c34a0505e done
#19 naming to docker.io/library/defboot_design_change_n403030_wtmclu_scenario2_276_280-client2 0.0s done
#19 DONE 0.0s

#20 [client1] exporting to image
#20 exporting layers done
#20 writing image sha256:36f5536327ba010624414cfc5c614bc102f8d2b299d7249eb931189a42057320 done
#20 naming to docker.io/library/defboot_design_change_n403030_wtmclu_scenario2_276_280-client1 0.0s done
#20 DONE 0.0s

#21 [client3] exporting to image
#21 exporting layers done
#21 writing image sha256:3e2858eba6e60bafde8c9a7d4f358ffbd2d6ff511dca26a178b68b1b5eac6f55 done
#21 naming to docker.io/library/defboot_design_change_n403030_wtmclu_scenario2_276_280-client3 0.0s done
#21 DONE 0.0s

#22 [client3] resolving provenance for metadata file
#22 DONE 0.0s

#23 [client2] resolving provenance for metadata file
#23 DONE 0.0s

#24 [client1] resolving provenance for metadata file
#24 DONE 0.0s

#25 [server internal] load build definition from Dockerfile.app
#25 transferring dockerfile: 778B done
#25 DONE 0.0s

#4 [server internal] load metadata for docker.io/fedpoppk/base:0.1.0
#4 DONE 0.0s

#26 [server internal] load .dockerignore
#26 transferring context: 2B done
#26 DONE 0.0s

#7 [server 1/8] FROM docker.io/fedpoppk/base:0.1.0
#7 DONE 0.0s

#27 [server internal] load build context
#27 transferring context: 736.51kB 0.3s done
#27 DONE 0.3s

#28 [server 3/8] COPY renv.lock .Rprofile renv/activate.R ./
#28 CACHED

#29 [server 4/8] RUN Rscript -e "options(renv.consent=TRUE, Ncpus=parallel::detectCores());                 renv::restore(prompt=FALSE)"
#29 CACHED

#30 [server 5/8] COPY apps/ apps/
#30 CACHED

#12 [server 2/8] WORKDIR /project
#12 CACHED

#31 [server 6/8] COPY R/ R/
#31 CACHED

#32 [server 7/8] COPY analysis/ analysis/
#32 CACHED

#33 [server 8/8] RUN mkdir -p /project/configs/modes /project/data /project/artifacts /project/result
#33 CACHED

#34 [server] exporting to image
#34 exporting layers done
#34 writing image sha256:a1acddd6f0689583a36db784184ef32ac99ec66f49e12634e6f6c669e829a136 done
#34 naming to docker.io/library/defboot_design_change_n403030_wtmclu_scenario2_276_280-server 0.0s done
#34 DONE 0.0s

#35 [server] resolving provenance for metadata file
#35 DONE 0.0s
 client1  Built
 client2  Built
 client3  Built
 server  Built
 Network defboot_design_change_n403030_wtmclu_scenario2_276_280_site3_net  Creating
 Network defboot_design_change_n403030_wtmclu_scenario2_276_280_site3_net  Created
 Network defboot_design_change_n403030_wtmclu_scenario2_276_280_site1_net  Creating
 Network defboot_design_change_n403030_wtmclu_scenario2_276_280_site1_net  Created
 Network defboot_design_change_n403030_wtmclu_scenario2_276_280_site2_net  Creating
 Network defboot_design_change_n403030_wtmclu_scenario2_276_280_site2_net  Created
 Container defboot_design_change_n403030_wtmclu_scenario2_276_280-client3-1  Creating
 Container defboot_design_change_n403030_wtmclu_scenario2_276_280-client1-1  Creating
 Container defboot_design_change_n403030_wtmclu_scenario2_276_280-client2-1  Creating
 Container defboot_design_change_n403030_wtmclu_scenario2_276_280-client2-1  Created
 Container defboot_design_change_n403030_wtmclu_scenario2_276_280-client3-1  Created
 Container defboot_design_change_n403030_wtmclu_scenario2_276_280-client1-1  Created
 Container defboot_design_change_n403030_wtmclu_scenario2_276_280-server-1  Creating
 Container defboot_design_change_n403030_wtmclu_scenario2_276_280-server-1  Created
Attaching to client1-1, client2-1, client3-1, server-1
client1-1  | Running plumber API at http://0.0.0.0:8000
client1-1  | Running swagger Docs at http://127.0.0.1:8000/__docs__/
client3-1  | Running plumber API at http://0.0.0.0:8000
client3-1  | Running swagger Docs at http://127.0.0.1:8000/__docs__/
client2-1  | Running plumber API at http://0.0.0.0:8000
client2-1  | Running swagger Docs at http://127.0.0.1:8000/__docs__/
client1-1  | ℹ parameter labels from comments are typically ignored in non-interactive mode
client1-1  | ℹ Need to run with the source intact to parse comments
client2-1  | ℹ parameter labels from comments are typically ignored in non-interactive mode
client2-1  | ℹ Need to run with the source intact to parse comments
client3-1  | ℹ parameter labels from comments are typically ignored in non-interactive mode
client3-1  | ℹ Need to run with the source intact to parse comments
server-1   | [send_init] http://client1:8000 init succeeded
server-1   | [send_init] http://client2:8000 init succeeded
server-1   | [send_init] http://client3:8000 init succeeded
server-1   | {"schema":{"schema_version":"1.1.0","generated_at":"2026-05-23T06:49:26Z","config_path":"/project/configs/../temp/deferiprone_single_oral_25mgkg_designcheck_20260511/validation/design_change_n403030_wtmclustT10_nomix_site403030_nondesignquota_precisionchol_basefitbootinit_preboot_20260521/configs/resolved/scenario2_bootstrap.json","config_md5":"67e6a296d3935d620e746ed6160f8ca2","seed":4869,"host":"773e7e158cf8","pid":1,"image_tag":null,"git_sha":null,"git_dirty":null},"aggregation":{"ci_method":"percentile","ci_level":0.95,"quantile_type":7,"estimates_scale":"natural"},"summary":[{"parameter":"(etaLcl,etaLvc)","median":0.050010380133,"p2.5":0.039478306421,"p97.5":0.070710530958},{"parameter":"CcPropSd","median":0.3594434624,"p2.5":0.34052160019,"p97.5":0.37774255923},{"parameter":"etaLcl","median":0.094786297609,"p2.5":0.074806197581,"p97.5":0.12867546814},{"parameter":"etaLvc","median":0.035470775332,"p2.5":0.018160106338,"p97.5":0.041944901005},{"parameter":"lcl","median":2.1574603568,"p2.5":2.1117160704,"p97.5":2.1963748804},{"parameter":"lka","median":2.2302511829,"p2.5":2.1659721347,"p97.5":2.2988781722},{"parameter":"lvc","median":2.9698393556,"p2.5":2.9020374933,"p97.5":2.9917959925},{"parameter":"rho_(etaLcl,etaLvc)","median":0.97841798326,"p2.5":0.95884701504,"p97.5":0.98168475331}],"runs":[{"tag":"trial_276_20260523-064926","value":2243.2167,"counts":[37,37],"control":{"maxit":100,"factr":1000000000,"pgtol":0,"trace":0,"method":"L-BFGS-B"},"convergence":0,"message":"CONVERGENCE: REL_REDUCTION_OF_F <= FACTR*EPSMCH","nat_par":{"lka":2.3030439664,"lcl":2.1574603568,"lvc":2.960728088,"CcPropSd":0.34902728435,"etaLcl":0.13027241917,"etaLvc":0.040210883755,"(etaLcl,etaLvc)":0.070996665196,"rho_(etaLcl,etaLvc)":0.98093425724},"failed_clients":[],"attempt":1,"files":{"result":"/project/temp/deferiprone_single_oral_25mgkg_designcheck_20260511/validation/design_change_n403030_wtmclustT10_nomix_site403030_nondesignquota_precisionchol_basefitbootinit_preboot_20260521/runs/scenario2/bootstrap/federated/scenario2/raw_runs/run_20260523-064926/optim_result_trial_276_20260523-064926.json","trace":"/project/temp/deferiprone_single_oral_25mgkg_designcheck_20260511/validation/design_change_n403030_wtmclustT10_nomix_site403030_nondesignquota_precisionchol_basefitbootinit_preboot_20260521/runs/scenario2/bootstrap/federated/scenario2/raw_runs/run_20260523-064926/optim_trace_trial_276_20260523-064926.csv","final":"/project/temp/deferiprone_single_oral_25mgkg_designcheck_20260511/validation/design_change_n403030_wtmclustT10_nomix_site403030_nondesignquota_precisionchol_basefitbootinit_preboot_20260521/runs/scenario2/bootstrap/federated/scenario2/raw_runs/run_20260523-064926/final_params_trial_276_20260523-064926.csv"},"log_n":37,"execution_state":"completed","trial":276,"attempts":1},{"tag":"trial_277_20260523-065405","value":2246.7076,"counts":[27,27],"control":{"maxit":100,"factr":1000000000,"pgtol":0,"trace":0,"method":"L-BFGS-B"},"convergence":0,"message":"CONVERGENCE: REL_REDUCTION_OF_F <= FACTR*EPSMCH","nat_par":{"lka":2.1637226194,"lcl":2.107893329,"lvc":2.8955163161,"CcPropSd":0.36866084352,"etaLcl":0.085169199507,"etaLvc":0.02492730429,"(etaLcl,etaLvc)":0.044684079104,"rho_(etaLcl,etaLvc)":0.96978144779},"failed_clients":[],"attempt":1,"files":{"result":"/project/temp/deferiprone_single_oral_25mgkg_designcheck_20260511/validation/design_change_n403030_wtmclustT10_nomix_site403030_nondesignquota_precisionchol_basefitbootinit_preboot_20260521/runs/scenario2/bootstrap/federated/scenario2/raw_runs/run_20260523-064926/optim_result_trial_277_20260523-065405.json","trace":"/project/temp/deferiprone_single_oral_25mgkg_designcheck_20260511/validation/design_change_n403030_wtmclustT10_nomix_site403030_nondesignquota_precisionchol_basefitbootinit_preboot_20260521/runs/scenario2/bootstrap/federated/scenario2/raw_runs/run_20260523-064926/optim_trace_trial_277_20260523-065405.csv","final":"/project/temp/deferiprone_single_oral_25mgkg_designcheck_20260511/validation/design_change_n403030_wtmclustT10_nomix_site403030_nondesignquota_precisionchol_basefitbootinit_preboot_20260521/runs/scenario2/bootstrap/federated/scenario2/raw_runs/run_20260523-064926/final_params_trial_277_20260523-065405.csv"},"log_n":27,"execution_state":"completed","trial":277,"attempts":1},{"tag":"trial_278_20260523-065731","value":2180.8301,"counts":[43,43],"control":{"maxit":100,"factr":1000000000,"pgtol":0,"trace":0,"method":"L-BFGS-B"},"convergence":0,"message":"CONVERGENCE: REL_REDUCTION_OF_F <= FACTR*EPSMCH","nat_par":{"lka":2.1862177716,"lcl":2.1978722385,"lvc":2.9698393556,"CcPropSd":0.33957652418,"etaLcl":0.094786297609,"etaLvc":0.017408195454,"(etaLcl,etaLvc)":0.038899887234,"rho_(etaLcl,etaLvc)":0.95763207807},"failed_clients":[],"attempt":1,"files":{"result":"/project/temp/deferiprone_single_oral_25mgkg_designcheck_20260511/validation/design_change_n403030_wtmclustT10_nomix_site403030_nondesignquota_precisionchol_basefitbootinit_preboot_20260521/runs/scenario2/bootstrap/federated/scenario2/raw_runs/run_20260523-064926/optim_result_trial_278_20260523-065731.json","trace":"/project/temp/deferiprone_single_oral_25mgkg_designcheck_20260511/validation/design_change_n403030_wtmclustT10_nomix_site403030_nondesignquota_precisionchol_basefitbootinit_preboot_20260521/runs/scenario2/bootstrap/federated/scenario2/raw_runs/run_20260523-064926/optim_trace_trial_278_20260523-065731.csv","final":"/project/temp/deferiprone_single_oral_25mgkg_designcheck_20260511/validation/design_change_n403030_wtmclustT10_nomix_site403030_nondesignquota_precisionchol_basefitbootinit_preboot_20260521/runs/scenario2/bootstrap/federated/scenario2/raw_runs/run_20260523-064926/final_params_trial_278_20260523-065731.csv"},"log_n":42,"execution_state":"completed","trial":278,"attempts":1},{"tag":"trial_279_20260523-070251","value":2223.3351,"counts":[19,19],"control":{"maxit":100,"factr":1000000000,"pgtol":0,"trace":0,"method":"L-BFGS-B"},"convergence":0,"message":"CONVERGENCE: REL_REDUCTION_OF_F <= FACTR*EPSMCH","nat_par":{"lka":2.2302511829,"lcl":2.1828986568,"lvc":2.9800827036,"CcPropSd":0.3594434624,"etaLcl":0.11430290884,"etaLvc":0.042137569588,"(etaLcl,etaLvc)":0.068135322821,"rho_(etaLcl,etaLvc)":0.98176814177},"failed_clients":[],"attempt":1,"files":{"result":"/project/temp/deferiprone_single_oral_25mgkg_designcheck_20260511/validation/design_change_n403030_wtmclustT10_nomix_site403030_nondesignquota_precisionchol_basefitbootinit_preboot_20260521/runs/scenario2/bootstrap/federated/scenario2/raw_runs/run_20260523-064926/optim_result_trial_279_20260523-070251.json","trace":"/project/temp/deferiprone_single_oral_25mgkg_designcheck_20260511/validation/design_change_n403030_wtmclustT10_nomix_site403030_nondesignquota_precisionchol_basefitbootinit_preboot_20260521/runs/scenario2/bootstrap/federated/scenario2/raw_runs/run_20260523-064926/optim_trace_trial_279_20260523-070251.csv","final":"/project/temp/deferiprone_single_oral_25mgkg_designcheck_20260511/validation/design_change_n403030_wtmclustT10_nomix_site403030_nondesignquota_precisionchol_basefitbootinit_preboot_20260521/runs/scenario2/bootstrap/federated/scenario2/raw_runs/run_20260523-064926/final_params_trial_279_20260523-070251.csv"},"log_n":19,"execution_state":"completed","trial":279,"attempts":1},{"tag":"trial_280_20260523-070518","value":2232.6178,"counts":[30,30],"control":{"maxit":100,"factr":1000000000,"pgtol":0,"trace":0,"method":"L-BFGS-B"},"convergence":0,"message":"CONVERGENCE: REL_REDUCTION_OF_F <= FACTR*EPSMCH","nat_par":{"lka":2.2613860246,"lcl":2.1461207429,"lvc":2.993097469,"CcPropSd":0.37875163875,"etaLcl":0.073654752922,"etaLvc":0.035470775332,"(etaLcl,etaLvc)":0.050010380133,"rho_(etaLcl,etaLvc)":0.97841798326},"failed_clients":[],"attempt":1,"files":{"result":"/project/temp/deferiprone_single_oral_25mgkg_designcheck_20260511/validation/design_change_n403030_wtmclustT10_nomix_site403030_nondesignquota_precisionchol_basefitbootinit_preboot_20260521/runs/scenario2/bootstrap/federated/scenario2/raw_runs/run_20260523-064926/optim_result_trial_280_20260523-070518.json","trace":"/project/temp/deferiprone_single_oral_25mgkg_designcheck_20260511/validation/design_change_n403030_wtmclustT10_nomix_site403030_nondesignquota_precisionchol_basefitbootinit_preboot_20260521/runs/scenario2/bootstrap/federated/scenario2/raw_runs/run_20260523-064926/optim_trace_trial_280_20260523-070518.csv","final":"/project/temp/deferiprone_single_oral_25mgkg_designcheck_20260511/validation/design_change_n403030_wtmclustT10_nomix_site403030_nondesignquota_precisionchol_basefitbootinit_preboot_20260521/runs/scenario2/bootstrap/federated/scenario2/raw_runs/run_20260523-064926/final_params_trial_280_20260523-070518.csv"},"log_n":30,"execution_state":"completed","trial":280,"attempts":1}],"trial_status":[{"trial":276,"execution_state":"completed","converged":true,"attempts":1,"convergence":0,"value":2243.2167,"eval_fn":37,"eval_gr":37,"log_n":37,"failed_clients_n":0,"message":"CONVERGENCE: REL_REDUCTION_OF_F <= FACTR*EPSMCH","result_file":"/project/temp/deferiprone_single_oral_25mgkg_designcheck_20260511/validation/design_change_n403030_wtmclustT10_nomix_site403030_nondesignquota_precisionchol_basefitbootinit_preboot_20260521/runs/scenario2/bootstrap/federated/scenario2/raw_runs/run_20260523-064926/optim_result_trial_276_20260523-064926.json","trace_file":"/project/temp/deferiprone_single_oral_25mgkg_designcheck_20260511/validation/design_change_n403030_wtmclustT10_nomix_site403030_nondesignquota_precisionchol_basefitbootinit_preboot_20260521/runs/scenario2/bootstrap/federated/scenario2/raw_runs/run_20260523-064926/optim_trace_trial_276_20260523-064926.csv","final_file":"/project/temp/deferiprone_single_oral_25mgkg_designcheck_20260511/validation/design_change_n403030_wtmclustT10_nomix_site403030_nondesignquota_precisionchol_basefitbootinit_preboot_20260521/runs/scenario2/bootstrap/federated/scenario2/raw_runs/run_20260523-064926/final_params_trial_276_20260523-064926.csv"},{"trial":277,"execution_state":"completed","converged":true,"attempts":1,"convergence":0,"value":2246.7076,"eval_fn":27,"eval_gr":27,"log_n":27,"failed_clients_n":0,"message":"CONVERGENCE: REL_REDUCTION_OF_F <= FACTR*EPSMCH","result_file":"/project/temp/deferiprone_single_oral_25mgkg_designcheck_20260511/validation/design_change_n403030_wtmclustT10_nomix_site403030_nondesignquota_precisionchol_basefitbootinit_preboot_20260521/runs/scenario2/bootstrap/federated/scenario2/raw_runs/run_20260523-064926/optim_result_trial_277_20260523-065405.json","trace_file":"/project/temp/deferiprone_single_oral_25mgkg_designcheck_20260511/validation/design_change_n403030_wtmclustT10_nomix_site403030_nondesignquota_precisionchol_basefitbootinit_preboot_20260521/runs/scenario2/bootstrap/federated/scenario2/raw_runs/run_20260523-064926/optim_trace_trial_277_20260523-065405.csv","final_file":"/project/temp/deferiprone_single_oral_25mgkg_designcheck_20260511/validation/design_change_n403030_wtmclustT10_nomix_site403030_nondesignquota_precisionchol_basefitbootinit_preboot_20260521/runs/scenario2/bootstrap/federated/scenario2/raw_runs/run_20260523-064926/final_params_trial_277_20260523-065405.csv"},{"trial":278,"execution_state":"completed","converged":true,"attempts":1,"convergence":0,"value":2180.8301,"eval_fn":43,"eval_gr":43,"log_n":42,"failed_clients_n":0,"message":"CONVERGENCE: REL_REDUCTION_OF_F <= FACTR*EPSMCH","result_file":"/project/temp/deferiprone_single_oral_25mgkg_designcheck_20260511/validation/design_change_n403030_wtmclustT10_nomix_site403030_nondesignquota_precisionchol_basefitbootinit_preboot_20260521/runs/scenario2/bootstrap/federated/scenario2/raw_runs/run_20260523-064926/optim_result_trial_278_20260523-065731.json","trace_file":"/project/temp/deferiprone_single_oral_25mgkg_designcheck_20260511/validation/design_change_n403030_wtmclustT10_nomix_site403030_nondesignquota_precisionchol_basefitbootinit_preboot_20260521/runs/scenario2/bootstrap/federated/scenario2/raw_runs/run_20260523-064926/optim_trace_trial_278_20260523-065731.csv","final_file":"/project/temp/deferiprone_single_oral_25mgkg_designcheck_20260511/validation/design_change_n403030_wtmclustT10_nomix_site403030_nondesignquota_precisionchol_basefitbootinit_preboot_20260521/runs/scenario2/bootstrap/federated/scenario2/raw_runs/run_20260523-064926/final_params_trial_278_20260523-065731.csv"},{"trial":279,"execution_state":"completed","converged":true,"attempts":1,"convergence":0,"value":2223.3351,"eval_fn":19,"eval_gr":19,"log_n":19,"failed_clients_n":0,"message":"CONVERGENCE: REL_REDUCTION_OF_F <= FACTR*EPSMCH","result_file":"/project/temp/deferiprone_single_oral_25mgkg_designcheck_20260511/validation/design_change_n403030_wtmclustT10_nomix_site403030_nondesignquota_precisionchol_basefitbootinit_preboot_20260521/runs/scenario2/bootstrap/federated/scenario2/raw_runs/run_20260523-064926/optim_result_trial_279_20260523-070251.json","trace_file":"/project/temp/deferiprone_single_oral_25mgkg_designcheck_20260511/validation/design_change_n403030_wtmclustT10_nomix_site403030_nondesignquota_precisionchol_basefitbootinit_preboot_20260521/runs/scenario2/bootstrap/federated/scenario2/raw_runs/run_20260523-064926/optim_trace_trial_279_20260523-070251.csv","final_file":"/project/temp/deferiprone_single_oral_25mgkg_designcheck_20260511/validation/design_change_n403030_wtmclustT10_nomix_site403030_nondesignquota_precisionchol_basefitbootinit_preboot_20260521/runs/scenario2/bootstrap/federated/scenario2/raw_runs/run_20260523-064926/final_params_trial_279_20260523-070251.csv"},{"trial":280,"execution_state":"completed","converged":true,"attempts":1,"convergence":0,"value":2232.6178,"eval_fn":30,"eval_gr":30,"log_n":30,"failed_clients_n":0,"message":"CONVERGENCE: REL_REDUCTION_OF_F <= FACTR*EPSMCH","result_file":"/project/temp/deferiprone_single_oral_25mgkg_designcheck_20260511/validation/design_change_n403030_wtmclustT10_nomix_site403030_nondesignquota_precisionchol_basefitbootinit_preboot_20260521/runs/scenario2/bootstrap/federated/scenario2/raw_runs/run_20260523-064926/optim_result_trial_280_20260523-070518.json","trace_file":"/project/temp/deferiprone_single_oral_25mgkg_designcheck_20260511/validation/design_change_n403030_wtmclustT10_nomix_site403030_nondesignquota_precisionchol_basefitbootinit_preboot_20260521/runs/scenario2/bootstrap/federated/scenario2/raw_runs/run_20260523-064926/optim_trace_trial_280_20260523-070518.csv","final_file":"/project/temp/deferiprone_single_oral_25mgkg_designcheck_20260511/validation/design_change_n403030_wtmclustT10_nomix_site403030_nondesignquota_precisionchol_basefitbootinit_preboot_20260521/runs/scenario2/bootstrap/federated/scenario2/raw_runs/run_20260523-064926/final_params_trial_280_20260523-070518.csv"}],"info":{"run_id":"20260523-064926","log_base_dir":"/project/temp/deferiprone_single_oral_25mgkg_designcheck_20260511/validation/design_change_n403030_wtmclustT10_nomix_site403030_nondesignquota_precisionchol_basefitbootinit_preboot_20260521/runs/scenario2/bootstrap/federated","scenario":"scenario2/raw_runs","total_trials":5,"successes":5,"failures":0,"nonconverged_count":0,"nonconverged_trials":[],"convergence_missing_count":0,"seed_base":4869,"B_per_client":500,"duration_sec":1187.3753111362,"host":"773e7e158cf8","image_tag":null,"communication":{"generated_at":"2026-05-23T07:09:07Z","totals":{"requests":933,"request_bytes":1039083,"response_bytes":235939,"total_bytes":1275022,"retries":0},"init":{"requests":3,"request_bytes":8139,"response_bytes":1161,"total_bytes":9300,"retries":0,"median_elapsed_sec":0.36637377739},"init_round_latency":{"n_rounds":1,"median_round_wall_sec":0.37270212173,"p95_round_wall_sec":0.37270212173},"run":{"requests":0,"request_bytes":0,"response_bytes":0,"total_bytes":0,"retries":0,"median_elapsed_sec":"NA"},"run_bootstrap":{"requests":930,"request_bytes":1030944,"response_bytes":234778,"total_bytes":1265722,"retries":0,"median_elapsed_sec":3.6638228893},"round_latency":{"n_rounds":310,"median_round_wall_sec":3.7646032572,"p95_round_wall_sec":4.0272342324},"timing_split":{"n_rounds":310,"rounds_with_compute":310,"total_round_wall_sec":1175.081454277,"total_round_compute_wall_sec":1164.9628,"total_round_comm_overhead_wall_sec":10.118654277,"comm_overhead_ratio":0.0086110237211,"compute_ratio":0.99138897628}},"communication_files":{"csv":"/project/temp/deferiprone_single_oral_25mgkg_designcheck_20260511/validation/design_change_n403030_wtmclustT10_nomix_site403030_nondesignquota_precisionchol_basefitbootinit_preboot_20260521/runs/scenario2/bootstrap/federated/scenario2/raw_runs/run_20260523-064926/comm_metrics.csv","json":"/project/temp/deferiprone_single_oral_25mgkg_designcheck_20260511/validation/design_change_n403030_wtmclustT10_nomix_site403030_nondesignquota_precisionchol_basefitbootinit_preboot_20260521/runs/scenario2/bootstrap/federated/scenario2/raw_runs/run_20260523-064926/comm_metrics.json"},"output_files":{"bootstrap_summary_csv":"/project/temp/deferiprone_single_oral_25mgkg_designcheck_20260511/validation/design_change_n403030_wtmclustT10_nomix_site403030_nondesignquota_precisionchol_basefitbootinit_preboot_20260521/runs/scenario2/bootstrap/federated/scenario2/raw_runs/run_20260523-064926/bootstrap_summary.csv","bootstrap_summary_json":"/project/temp/deferiprone_single_oral_25mgkg_designcheck_20260511/validation/design_change_n403030_wtmclustT10_nomix_site403030_nondesignquota_precisionchol_basefitbootinit_preboot_20260521/runs/scenario2/bootstrap/federated/scenario2/raw_runs/run_20260523-064926/bootstrap_summary.json","trial_status_csv":"/project/temp/deferiprone_single_oral_25mgkg_designcheck_20260511/validation/design_change_n403030_wtmclustT10_nomix_site403030_nondesignquota_precisionchol_basefitbootinit_preboot_20260521/runs/scenario2/bootstrap/federated/scenario2/raw_runs/run_20260523-064926/trial_status.csv","failed_trials_csv":"/project/temp/deferiprone_single_oral_25mgkg_designcheck_20260511/validation/design_change_n403030_wtmclustT10_nomix_site403030_nondesignquota_precisionchol_basefitbootinit_preboot_20260521/runs/scenario2/bootstrap/federated/scenario2/raw_runs/run_20260523-064926/failed_trials.csv","trial_estimates_wide_csv":"/project/temp/deferiprone_single_oral_25mgkg_designcheck_20260511/validation/design_change_n403030_wtmclustT10_nomix_site403030_nondesignquota_precisionchol_basefitbootinit_preboot_20260521/runs/scenario2/bootstrap/federated/scenario2/raw_runs/run_20260523-064926/trial_estimates_wide.csv","trial_estimates_long_csv":"/project/temp/deferiprone_single_oral_25mgkg_designcheck_20260511/validation/design_change_n403030_wtmclustT10_nomix_site403030_nondesignquota_precisionchol_basefitbootinit_preboot_20260521/runs/scenario2/bootstrap/federated/scenario2/raw_runs/run_20260523-064926/trial_estimates_long.csv","result_json":"/project/temp/deferiprone_single_oral_25mgkg_designcheck_20260511/validation/design_change_n403030_wtmclustT10_nomix_site403030_nondesignquota_precisionchol_basefitbootinit_preboot_20260521/runs/scenario2/bootstrap/federated/scenario2/raw_runs/run_20260523-064926/result.json"}}}
[Kserver-1 exited with code 0
Aborting on container exit...
 Container defboot_design_change_n403030_wtmclu_scenario2_276_280-server-1  Stopping
 Container defboot_design_change_n403030_wtmclu_scenario2_276_280-server-1  Stopped
 Container defboot_design_change_n403030_wtmclu_scenario2_276_280-client2-1  Stopping
 Container defboot_design_change_n403030_wtmclu_scenario2_276_280-client3-1  Stopping
 Container defboot_design_change_n403030_wtmclu_scenario2_276_280-client1-1  Stopping
 Container defboot_design_change_n403030_wtmclu_scenario2_276_280-client3-1  Stopped
 Container defboot_design_change_n403030_wtmclu_scenario2_276_280-client1-1  Stopped
 Container defboot_design_change_n403030_wtmclu_scenario2_276_280-client2-1  Stopped
time="2026-05-23T16:09:18+09:00" level=warning msg="The \"SERVER_CONFIG_PATH\" variable is not set. Defaulting to a blank string."
 Container defboot_design_change_n403030_wtmclu_scenario2_276_280-server-1  Stopping
 Container defboot_design_change_n403030_wtmclu_scenario2_276_280-server-1  Stopped
 Container defboot_design_change_n403030_wtmclu_scenario2_276_280-server-1  Removing
 Container defboot_design_change_n403030_wtmclu_scenario2_276_280-server-1  Removed
 Container defboot_design_change_n403030_wtmclu_scenario2_276_280-client2-1  Stopping
 Container defboot_design_change_n403030_wtmclu_scenario2_276_280-client1-1  Stopping
 Container defboot_design_change_n403030_wtmclu_scenario2_276_280-client3-1  Stopping
 Container defboot_design_change_n403030_wtmclu_scenario2_276_280-client2-1  Stopped
 Container defboot_design_change_n403030_wtmclu_scenario2_276_280-client2-1  Removing
 Container defboot_design_change_n403030_wtmclu_scenario2_276_280-client3-1  Stopped
 Container defboot_design_change_n403030_wtmclu_scenario2_276_280-client3-1  Removing
 Container defboot_design_change_n403030_wtmclu_scenario2_276_280-client1-1  Stopped
 Container defboot_design_change_n403030_wtmclu_scenario2_276_280-client1-1  Removing
 Container defboot_design_change_n403030_wtmclu_scenario2_276_280-client3-1  Removed
 Container defboot_design_change_n403030_wtmclu_scenario2_276_280-client2-1  Removed
 Container defboot_design_change_n403030_wtmclu_scenario2_276_280-client1-1  Removed
 Network defboot_design_change_n403030_wtmclu_scenario2_276_280_site1_net  Removing
 Network defboot_design_change_n403030_wtmclu_scenario2_276_280_site2_net  Removing
 Network defboot_design_change_n403030_wtmclu_scenario2_276_280_site3_net  Removing
 Network defboot_design_change_n403030_wtmclu_scenario2_276_280_site1_net  Removed
 Network defboot_design_change_n403030_wtmclu_scenario2_276_280_site3_net  Removed
 Network defboot_design_change_n403030_wtmclu_scenario2_276_280_site2_net  Removed
