time="2026-05-23T02:09:05+09:00" level=warning msg="The \"SERVER_CONFIG_PATH\" variable is not set. Defaulting to a blank string."
Compose now can delegate build to bake for better performances
Just set COMPOSE_BAKE=true
#0 building with "default" instance using docker driver

#1 [client3 internal] load build definition from Dockerfile.app
#1 transferring dockerfile: 778B done
#1 DONE 0.0s

#2 [client2 internal] load build definition from Dockerfile.app
#2 transferring dockerfile: 778B done
#2 DONE 0.0s

#3 [client1 internal] load build definition from Dockerfile.app
#3 transferring dockerfile: 778B done
#3 DONE 0.0s

#4 [client1 internal] load metadata for docker.io/fedpoppk/base:0.1.0
#4 DONE 0.0s

#5 [client3 internal] load .dockerignore
#5 transferring context: 2B done
#5 DONE 0.0s

#6 [client2 internal] load .dockerignore
#6 transferring context: 2B done
#6 DONE 0.0s

#7 [client1 1/8] FROM docker.io/fedpoppk/base:0.1.0
#7 DONE 0.0s

#8 [client1 internal] load .dockerignore
#8 transferring context: 2B done
#8 DONE 0.0s

#9 [client3 internal] load build context
#9 transferring context: 736.51kB 0.3s done
#9 DONE 0.3s

#10 [client1 internal] load build context
#10 transferring context: 736.51kB 0.3s done
#10 DONE 0.3s

#11 [client2 internal] load build context
#11 transferring context: 736.51kB 0.3s done
#11 DONE 0.3s

#12 [client1 5/8] COPY apps/ apps/
#12 CACHED

#13 [client1 6/8] COPY R/ R/
#13 CACHED

#14 [client1 3/8] COPY renv.lock .Rprofile renv/activate.R ./
#14 CACHED

#15 [client1 2/8] WORKDIR /project
#15 CACHED

#16 [client1 4/8] RUN Rscript -e "options(renv.consent=TRUE, Ncpus=parallel::detectCores());                 renv::restore(prompt=FALSE)"
#16 CACHED

#17 [client1 7/8] COPY analysis/ analysis/
#17 CACHED

#18 [client2 8/8] RUN mkdir -p /project/configs/modes /project/data /project/artifacts /project/result
#18 CACHED

#19 [client2] exporting to image
#19 exporting layers done
#19 writing image sha256:a0134c195e4e5e26366151f2647260fbca6cd3b6d138f1b0aab9306ad970be4c done
#19 naming to docker.io/library/defboot_design_change_n403030_wtmclu_scenario2_6_10-client2
#19 naming to docker.io/library/defboot_design_change_n403030_wtmclu_scenario2_6_10-client2 0.0s done
#19 DONE 0.1s

#20 [client1] exporting to image
#20 exporting layers done
#20 writing image sha256:472edf05a9ca1b82827d54ddb685e9af12e032b55b36721bfd58d4c48abd08c9 done
#20 naming to docker.io/library/defboot_design_change_n403030_wtmclu_scenario2_6_10-client1 0.0s done
#20 DONE 0.0s

#21 [client3] exporting to image
#21 exporting layers done
#21 writing image sha256:a81bce6b4a0fa9d3d2b3681e0b422121e43df8a607c96e0c78d8b93dea75f337 done
#21 naming to docker.io/library/defboot_design_change_n403030_wtmclu_scenario2_6_10-client3 0.0s done
#21 DONE 0.0s

#22 [client1] resolving provenance for metadata file
#22 DONE 0.0s

#23 [client3] resolving provenance for metadata file
#23 DONE 0.0s

#24 [client2] resolving provenance for metadata file
#24 DONE 0.0s

#25 [server internal] load build definition from Dockerfile.app
#25 transferring dockerfile: 778B done
#25 DONE 0.0s

#4 [server internal] load metadata for docker.io/fedpoppk/base:0.1.0
#4 DONE 0.0s

#26 [server internal] load .dockerignore
#26 transferring context: 2B done
#26 DONE 0.0s

#7 [server 1/8] FROM docker.io/fedpoppk/base:0.1.0
#7 DONE 0.0s

#27 [server internal] load build context
#27 transferring context: 736.51kB 0.4s done
#27 DONE 0.4s

#28 [server 5/8] COPY apps/ apps/
#28 CACHED

#29 [server 6/8] COPY R/ R/
#29 CACHED

#30 [server 7/8] COPY analysis/ analysis/
#30 CACHED

#31 [server 4/8] RUN Rscript -e "options(renv.consent=TRUE, Ncpus=parallel::detectCores());                 renv::restore(prompt=FALSE)"
#31 CACHED

#32 [server 3/8] COPY renv.lock .Rprofile renv/activate.R ./
#32 CACHED

#15 [server 2/8] WORKDIR /project
#15 CACHED

#33 [server 8/8] RUN mkdir -p /project/configs/modes /project/data /project/artifacts /project/result
#33 CACHED

#34 [server] exporting to image
#34 exporting layers done
#34 writing image sha256:da31d25cd7203b66c1596ec7b2b621dd912a2e8f862b97027de19f683b8f6c51 done
#34 naming to docker.io/library/defboot_design_change_n403030_wtmclu_scenario2_6_10-server 0.0s done
#34 DONE 0.0s

#35 [server] resolving provenance for metadata file
#35 DONE 0.0s
 client1  Built
 client2  Built
 client3  Built
 server  Built
 Network defboot_design_change_n403030_wtmclu_scenario2_6_10_site1_net  Creating
 Network defboot_design_change_n403030_wtmclu_scenario2_6_10_site1_net  Created
 Network defboot_design_change_n403030_wtmclu_scenario2_6_10_site2_net  Creating
 Network defboot_design_change_n403030_wtmclu_scenario2_6_10_site2_net  Created
 Network defboot_design_change_n403030_wtmclu_scenario2_6_10_site3_net  Creating
 Network defboot_design_change_n403030_wtmclu_scenario2_6_10_site3_net  Created
 Container defboot_design_change_n403030_wtmclu_scenario2_6_10-client1-1  Creating
 Container defboot_design_change_n403030_wtmclu_scenario2_6_10-client3-1  Creating
 Container defboot_design_change_n403030_wtmclu_scenario2_6_10-client2-1  Creating
 Container defboot_design_change_n403030_wtmclu_scenario2_6_10-client3-1  Created
 Container defboot_design_change_n403030_wtmclu_scenario2_6_10-client1-1  Created
 Container defboot_design_change_n403030_wtmclu_scenario2_6_10-client2-1  Created
 Container defboot_design_change_n403030_wtmclu_scenario2_6_10-server-1  Creating
 Container defboot_design_change_n403030_wtmclu_scenario2_6_10-server-1  Created
Attaching to client1-1, client2-1, client3-1, server-1
client3-1  | Running plumber API at http://0.0.0.0:8000
client2-1  | Running plumber API at http://0.0.0.0:8000
client3-1  | Running swagger Docs at http://127.0.0.1:8000/__docs__/
client2-1  | Running swagger Docs at http://127.0.0.1:8000/__docs__/
client1-1  | Running plumber API at http://0.0.0.0:8000
client1-1  | Running swagger Docs at http://127.0.0.1:8000/__docs__/
client2-1  | ℹ parameter labels from comments are typically ignored in non-interactive mode
client2-1  | ℹ Need to run with the source intact to parse comments
client1-1  | ℹ parameter labels from comments are typically ignored in non-interactive mode
client1-1  | ℹ Need to run with the source intact to parse comments
client3-1  | ℹ parameter labels from comments are typically ignored in non-interactive mode
client3-1  | ℹ Need to run with the source intact to parse comments
server-1   | [send_init] http://client3:8000 init succeeded
server-1   | [send_init] http://client2:8000 init succeeded
server-1   | [send_init] http://client1:8000 init succeeded
server-1   | {"schema":{"schema_version":"1.1.0","generated_at":"2026-05-22T17:09:14Z","config_path":"/project/configs/../temp/deferiprone_single_oral_25mgkg_designcheck_20260511/validation/design_change_n403030_wtmclustT10_nomix_site403030_nondesignquota_precisionchol_basefitbootinit_preboot_20260521/configs/resolved/scenario2_bootstrap.json","config_md5":"67e6a296d3935d620e746ed6160f8ca2","seed":4869,"host":"85d02cc8331b","pid":1,"image_tag":null,"git_sha":null,"git_dirty":null},"aggregation":{"ci_method":"percentile","ci_level":0.95,"quantile_type":7,"estimates_scale":"natural"},"summary":[{"parameter":"(etaLcl,etaLvc)","median":0.058483980851,"p2.5":0.052415029055,"p97.5":0.061075869097},{"parameter":"CcPropSd","median":0.33573415597,"p2.5":0.32597975663,"p97.5":0.37411492204},{"parameter":"etaLcl","median":0.095977469679,"p2.5":0.081482970574,"p97.5":0.11884017589},{"parameter":"etaLvc","median":0.036978711923,"p2.5":0.025476882557,"p97.5":0.040999406591},{"parameter":"lcl","median":2.1907105937,"p2.5":2.1424837415,"p97.5":2.2259382006},{"parameter":"lka","median":2.3014468687,"p2.5":2.1531831996,"p97.5":2.4914495012},{"parameter":"lvc","median":2.9736462211,"p2.5":2.9153530444,"p97.5":3.022295143},{"parameter":"rho_(etaLcl,etaLvc)","median":0.97930662069,"p2.5":0.9700362927,"p97.5":0.98123911355}],"runs":[{"tag":"trial_006_20260522-170914","value":2198.8809,"counts":[16,16],"control":{"maxit":100,"factr":1000000000,"pgtol":0,"trace":0,"method":"L-BFGS-B"},"convergence":0,"message":"CONVERGENCE: REL_REDUCTION_OF_F <= FACTR*EPSMCH","nat_par":{"lka":2.3518428179,"lcl":2.1416222447,"lvc":2.9094938141,"CcPropSd":0.32653952588,"etaLcl":0.095977469679,"etaLvc":0.037152875434,"(etaLcl,etaLvc)":0.058483980851,"rho_(etaLcl,etaLvc)":0.97939089544},"failed_clients":[],"attempt":1,"files":{"result":"/project/temp/deferiprone_single_oral_25mgkg_designcheck_20260511/validation/design_change_n403030_wtmclustT10_nomix_site403030_nondesignquota_precisionchol_basefitbootinit_preboot_20260521/runs/scenario2/bootstrap/federated/scenario2/raw_runs/run_20260522-170914/optim_result_trial_006_20260522-170914.json","trace":"/project/temp/deferiprone_single_oral_25mgkg_designcheck_20260511/validation/design_change_n403030_wtmclustT10_nomix_site403030_nondesignquota_precisionchol_basefitbootinit_preboot_20260521/runs/scenario2/bootstrap/federated/scenario2/raw_runs/run_20260522-170914/optim_trace_trial_006_20260522-170914.csv","final":"/project/temp/deferiprone_single_oral_25mgkg_designcheck_20260511/validation/design_change_n403030_wtmclustT10_nomix_site403030_nondesignquota_precisionchol_basefitbootinit_preboot_20260521/runs/scenario2/bootstrap/federated/scenario2/raw_runs/run_20260522-170914/final_params_trial_006_20260522-170914.csv"},"log_n":16,"execution_state":"completed","trial":6,"attempts":1},{"tag":"trial_007_20260522-171116","value":2192.557,"counts":[23,23],"control":{"maxit":100,"factr":1000000000,"pgtol":0,"trace":0,"method":"L-BFGS-B"},"convergence":0,"message":"CONVERGENCE: REL_REDUCTION_OF_F <= FACTR*EPSMCH","nat_par":{"lka":2.5069613549,"lcl":2.1907105937,"lvc":2.9736462211,"CcPropSd":0.33573415597,"etaLcl":0.12035551886,"etaLvc":0.024254515016,"(etaLcl,etaLvc)":0.052356536961,"rho_(etaLcl,etaLvc)":0.96903979164},"failed_clients":[],"attempt":1,"files":{"result":"/project/temp/deferiprone_single_oral_25mgkg_designcheck_20260511/validation/design_change_n403030_wtmclustT10_nomix_site403030_nondesignquota_precisionchol_basefitbootinit_preboot_20260521/runs/scenario2/bootstrap/federated/scenario2/raw_runs/run_20260522-170914/optim_result_trial_007_20260522-171116.json","trace":"/project/temp/deferiprone_single_oral_25mgkg_designcheck_20260511/validation/design_change_n403030_wtmclustT10_nomix_site403030_nondesignquota_precisionchol_basefitbootinit_preboot_20260521/runs/scenario2/bootstrap/federated/scenario2/raw_runs/run_20260522-170914/optim_trace_trial_007_20260522-171116.csv","final":"/project/temp/deferiprone_single_oral_25mgkg_designcheck_20260511/validation/design_change_n403030_wtmclustT10_nomix_site403030_nondesignquota_precisionchol_basefitbootinit_preboot_20260521/runs/scenario2/bootstrap/federated/scenario2/raw_runs/run_20260522-170914/final_params_trial_007_20260522-171116.csv"},"log_n":23,"execution_state":"completed","trial":7,"attempts":1},{"tag":"trial_008_20260522-171410","value":2206.3905,"counts":[25,25],"control":{"maxit":100,"factr":1000000000,"pgtol":0,"trace":0,"method":"L-BFGS-B"},"convergence":0,"message":"CONVERGENCE: REL_REDUCTION_OF_F <= FACTR*EPSMCH","nat_par":{"lka":2.1447020196,"lcl":2.2264909813,"lvc":3.0003253385,"CcPropSd":0.37437133467,"etaLcl":0.080165750565,"etaLvc":0.036478190426,"(etaLcl,etaLvc)":0.052941457904,"rho_(etaLcl,etaLvc)":0.97900480229},"failed_clients":[],"attempt":1,"files":{"result":"/project/temp/deferiprone_single_oral_25mgkg_designcheck_20260511/validation/design_change_n403030_wtmclustT10_nomix_site403030_nondesignquota_precisionchol_basefitbootinit_preboot_20260521/runs/scenario2/bootstrap/federated/scenario2/raw_runs/run_20260522-170914/optim_result_trial_008_20260522-171410.json","trace":"/project/temp/deferiprone_single_oral_25mgkg_designcheck_20260511/validation/design_change_n403030_wtmclustT10_nomix_site403030_nondesignquota_precisionchol_basefitbootinit_preboot_20260521/runs/scenario2/bootstrap/federated/scenario2/raw_runs/run_20260522-170914/optim_trace_trial_008_20260522-171410.csv","final":"/project/temp/deferiprone_single_oral_25mgkg_designcheck_20260511/validation/design_change_n403030_wtmclustT10_nomix_site403030_nondesignquota_precisionchol_basefitbootinit_preboot_20260521/runs/scenario2/bootstrap/federated/scenario2/raw_runs/run_20260522-170914/final_params_trial_008_20260522-171410.csv"},"log_n":25,"execution_state":"completed","trial":8,"attempts":1},{"tag":"trial_009_20260522-171719","value":2188.9124,"counts":[18,18],"control":{"maxit":100,"factr":1000000000,"pgtol":0,"trace":0,"method":"L-BFGS-B"},"convergence":0,"message":"CONVERGENCE: REL_REDUCTION_OF_F <= FACTR*EPSMCH","nat_par":{"lka":2.2295138194,"lcl":2.1502372128,"lvc":2.9680861168,"CcPropSd":0.32591756004,"etaLcl":0.10520208914,"etaLvc":0.036978711923,"(etaLcl,etaLvc)":0.061081087737,"rho_(etaLcl,etaLvc)":0.97930662069},"failed_clients":[],"attempt":1,"files":{"result":"/project/temp/deferiprone_single_oral_25mgkg_designcheck_20260511/validation/design_change_n403030_wtmclustT10_nomix_site403030_nondesignquota_precisionchol_basefitbootinit_preboot_20260521/runs/scenario2/bootstrap/federated/scenario2/raw_runs/run_20260522-170914/optim_result_trial_009_20260522-171719.json","trace":"/project/temp/deferiprone_single_oral_25mgkg_designcheck_20260511/validation/design_change_n403030_wtmclustT10_nomix_site403030_nondesignquota_precisionchol_basefitbootinit_preboot_20260521/runs/scenario2/bootstrap/federated/scenario2/raw_runs/run_20260522-170914/optim_trace_trial_009_20260522-171719.csv","final":"/project/temp/deferiprone_single_oral_25mgkg_designcheck_20260511/validation/design_change_n403030_wtmclustT10_nomix_site403030_nondesignquota_precisionchol_basefitbootinit_preboot_20260521/runs/scenario2/bootstrap/federated/scenario2/raw_runs/run_20260522-170914/final_params_trial_009_20260522-171719.csv"},"log_n":18,"execution_state":"completed","trial":9,"attempts":1},{"tag":"trial_010_20260522-171937","value":2194.3021,"counts":[36,36],"control":{"maxit":100,"factr":1000000000,"pgtol":0,"trace":0,"method":"L-BFGS-B"},"convergence":0,"message":"CONVERGENCE: REL_REDUCTION_OF_F <= FACTR*EPSMCH","nat_par":{"lka":2.3014468687,"lcl":2.2209631743,"lvc":3.0247362324,"CcPropSd":0.37180720844,"etaLcl":0.093337950654,"etaLvc":0.041426798941,"(etaLcl,etaLvc)":0.061028901333,"rho_(etaLcl,etaLvc)":0.98144447112},"failed_clients":[],"attempt":1,"files":{"result":"/project/temp/deferiprone_single_oral_25mgkg_designcheck_20260511/validation/design_change_n403030_wtmclustT10_nomix_site403030_nondesignquota_precisionchol_basefitbootinit_preboot_20260521/runs/scenario2/bootstrap/federated/scenario2/raw_runs/run_20260522-170914/optim_result_trial_010_20260522-171937.json","trace":"/project/temp/deferiprone_single_oral_25mgkg_designcheck_20260511/validation/design_change_n403030_wtmclustT10_nomix_site403030_nondesignquota_precisionchol_basefitbootinit_preboot_20260521/runs/scenario2/bootstrap/federated/scenario2/raw_runs/run_20260522-170914/optim_trace_trial_010_20260522-171937.csv","final":"/project/temp/deferiprone_single_oral_25mgkg_designcheck_20260511/validation/design_change_n403030_wtmclustT10_nomix_site403030_nondesignquota_precisionchol_basefitbootinit_preboot_20260521/runs/scenario2/bootstrap/federated/scenario2/raw_runs/run_20260522-170914/final_params_trial_010_20260522-171937.csv"},"log_n":36,"execution_state":"completed","trial":10,"attempts":1}],"trial_status":[{"trial":6,"execution_state":"completed","converged":true,"attempts":1,"convergence":0,"value":2198.8809,"eval_fn":16,"eval_gr":16,"log_n":16,"failed_clients_n":0,"message":"CONVERGENCE: REL_REDUCTION_OF_F <= FACTR*EPSMCH","result_file":"/project/temp/deferiprone_single_oral_25mgkg_designcheck_20260511/validation/design_change_n403030_wtmclustT10_nomix_site403030_nondesignquota_precisionchol_basefitbootinit_preboot_20260521/runs/scenario2/bootstrap/federated/scenario2/raw_runs/run_20260522-170914/optim_result_trial_006_20260522-170914.json","trace_file":"/project/temp/deferiprone_single_oral_25mgkg_designcheck_20260511/validation/design_change_n403030_wtmclustT10_nomix_site403030_nondesignquota_precisionchol_basefitbootinit_preboot_20260521/runs/scenario2/bootstrap/federated/scenario2/raw_runs/run_20260522-170914/optim_trace_trial_006_20260522-170914.csv","final_file":"/project/temp/deferiprone_single_oral_25mgkg_designcheck_20260511/validation/design_change_n403030_wtmclustT10_nomix_site403030_nondesignquota_precisionchol_basefitbootinit_preboot_20260521/runs/scenario2/bootstrap/federated/scenario2/raw_runs/run_20260522-170914/final_params_trial_006_20260522-170914.csv"},{"trial":7,"execution_state":"completed","converged":true,"attempts":1,"convergence":0,"value":2192.557,"eval_fn":23,"eval_gr":23,"log_n":23,"failed_clients_n":0,"message":"CONVERGENCE: REL_REDUCTION_OF_F <= FACTR*EPSMCH","result_file":"/project/temp/deferiprone_single_oral_25mgkg_designcheck_20260511/validation/design_change_n403030_wtmclustT10_nomix_site403030_nondesignquota_precisionchol_basefitbootinit_preboot_20260521/runs/scenario2/bootstrap/federated/scenario2/raw_runs/run_20260522-170914/optim_result_trial_007_20260522-171116.json","trace_file":"/project/temp/deferiprone_single_oral_25mgkg_designcheck_20260511/validation/design_change_n403030_wtmclustT10_nomix_site403030_nondesignquota_precisionchol_basefitbootinit_preboot_20260521/runs/scenario2/bootstrap/federated/scenario2/raw_runs/run_20260522-170914/optim_trace_trial_007_20260522-171116.csv","final_file":"/project/temp/deferiprone_single_oral_25mgkg_designcheck_20260511/validation/design_change_n403030_wtmclustT10_nomix_site403030_nondesignquota_precisionchol_basefitbootinit_preboot_20260521/runs/scenario2/bootstrap/federated/scenario2/raw_runs/run_20260522-170914/final_params_trial_007_20260522-171116.csv"},{"trial":8,"execution_state":"completed","converged":true,"attempts":1,"convergence":0,"value":2206.3905,"eval_fn":25,"eval_gr":25,"log_n":25,"failed_clients_n":0,"message":"CONVERGENCE: REL_REDUCTION_OF_F <= FACTR*EPSMCH","result_file":"/project/temp/deferiprone_single_oral_25mgkg_designcheck_20260511/validation/design_change_n403030_wtmclustT10_nomix_site403030_nondesignquota_precisionchol_basefitbootinit_preboot_20260521/runs/scenario2/bootstrap/federated/scenario2/raw_runs/run_20260522-170914/optim_result_trial_008_20260522-171410.json","trace_file":"/project/temp/deferiprone_single_oral_25mgkg_designcheck_20260511/validation/design_change_n403030_wtmclustT10_nomix_site403030_nondesignquota_precisionchol_basefitbootinit_preboot_20260521/runs/scenario2/bootstrap/federated/scenario2/raw_runs/run_20260522-170914/optim_trace_trial_008_20260522-171410.csv","final_file":"/project/temp/deferiprone_single_oral_25mgkg_designcheck_20260511/validation/design_change_n403030_wtmclustT10_nomix_site403030_nondesignquota_precisionchol_basefitbootinit_preboot_20260521/runs/scenario2/bootstrap/federated/scenario2/raw_runs/run_20260522-170914/final_params_trial_008_20260522-171410.csv"},{"trial":9,"execution_state":"completed","converged":true,"attempts":1,"convergence":0,"value":2188.9124,"eval_fn":18,"eval_gr":18,"log_n":18,"failed_clients_n":0,"message":"CONVERGENCE: REL_REDUCTION_OF_F <= FACTR*EPSMCH","result_file":"/project/temp/deferiprone_single_oral_25mgkg_designcheck_20260511/validation/design_change_n403030_wtmclustT10_nomix_site403030_nondesignquota_precisionchol_basefitbootinit_preboot_20260521/runs/scenario2/bootstrap/federated/scenario2/raw_runs/run_20260522-170914/optim_result_trial_009_20260522-171719.json","trace_file":"/project/temp/deferiprone_single_oral_25mgkg_designcheck_20260511/validation/design_change_n403030_wtmclustT10_nomix_site403030_nondesignquota_precisionchol_basefitbootinit_preboot_20260521/runs/scenario2/bootstrap/federated/scenario2/raw_runs/run_20260522-170914/optim_trace_trial_009_20260522-171719.csv","final_file":"/project/temp/deferiprone_single_oral_25mgkg_designcheck_20260511/validation/design_change_n403030_wtmclustT10_nomix_site403030_nondesignquota_precisionchol_basefitbootinit_preboot_20260521/runs/scenario2/bootstrap/federated/scenario2/raw_runs/run_20260522-170914/final_params_trial_009_20260522-171719.csv"},{"trial":10,"execution_state":"completed","converged":true,"attempts":1,"convergence":0,"value":2194.3021,"eval_fn":36,"eval_gr":36,"log_n":36,"failed_clients_n":0,"message":"CONVERGENCE: REL_REDUCTION_OF_F <= FACTR*EPSMCH","result_file":"/project/temp/deferiprone_single_oral_25mgkg_designcheck_20260511/validation/design_change_n403030_wtmclustT10_nomix_site403030_nondesignquota_precisionchol_basefitbootinit_preboot_20260521/runs/scenario2/bootstrap/federated/scenario2/raw_runs/run_20260522-170914/optim_result_trial_010_20260522-171937.json","trace_file":"/project/temp/deferiprone_single_oral_25mgkg_designcheck_20260511/validation/design_change_n403030_wtmclustT10_nomix_site403030_nondesignquota_precisionchol_basefitbootinit_preboot_20260521/runs/scenario2/bootstrap/federated/scenario2/raw_runs/run_20260522-170914/optim_trace_trial_010_20260522-171937.csv","final_file":"/project/temp/deferiprone_single_oral_25mgkg_designcheck_20260511/validation/design_change_n403030_wtmclustT10_nomix_site403030_nondesignquota_precisionchol_basefitbootinit_preboot_20260521/runs/scenario2/bootstrap/federated/scenario2/raw_runs/run_20260522-170914/final_params_trial_010_20260522-171937.csv"}],"info":{"run_id":"20260522-170914","log_base_dir":"/project/temp/deferiprone_single_oral_25mgkg_designcheck_20260511/validation/design_change_n403030_wtmclustT10_nomix_site403030_nondesignquota_precisionchol_basefitbootinit_preboot_20260521/runs/scenario2/bootstrap/federated","scenario":"scenario2/raw_runs","total_trials":5,"successes":5,"failures":0,"nonconverged_count":0,"nonconverged_trials":[],"convergence_missing_count":0,"seed_base":4869,"B_per_client":500,"duration_sec":905.2721407413,"host":"85d02cc8331b","image_tag":null,"communication":{"generated_at":"2026-05-22T17:24:13Z","totals":{"requests":711,"request_bytes":791955,"response_bytes":180291,"total_bytes":972246,"retries":0},"init":{"requests":3,"request_bytes":8139,"response_bytes":1161,"total_bytes":9300,"retries":0,"median_elapsed_sec":0.36555409431},"init_round_latency":{"n_rounds":1,"median_round_wall_sec":0.36986804008,"p95_round_wall_sec":0.36986804008},"run":{"requests":0,"request_bytes":0,"response_bytes":0,"total_bytes":0,"retries":0,"median_elapsed_sec":"NA"},"run_bootstrap":{"requests":708,"request_bytes":783816,"response_bytes":179130,"total_bytes":962946,"retries":0,"median_elapsed_sec":3.643540144},"round_latency":{"n_rounds":236,"median_round_wall_sec":3.7755864859,"p95_round_wall_sec":4.0533014536},"timing_split":{"n_rounds":236,"rounds_with_compute":236,"total_round_wall_sec":894.4335758686,"total_round_compute_wall_sec":886.6725,"total_round_comm_overhead_wall_sec":7.7610758686,"comm_overhead_ratio":0.008677084669,"compute_ratio":0.99132291533}},"communication_files":{"csv":"/project/temp/deferiprone_single_oral_25mgkg_designcheck_20260511/validation/design_change_n403030_wtmclustT10_nomix_site403030_nondesignquota_precisionchol_basefitbootinit_preboot_20260521/runs/scenario2/bootstrap/federated/scenario2/raw_runs/run_20260522-170914/comm_metrics.csv","json":"/project/temp/deferiprone_single_oral_25mgkg_designcheck_20260511/validation/design_change_n403030_wtmclustT10_nomix_site403030_nondesignquota_precisionchol_basefitbootinit_preboot_20260521/runs/scenario2/bootstrap/federated/scenario2/raw_runs/run_20260522-170914/comm_metrics.json"},"output_files":{"bootstrap_summary_csv":"/project/temp/deferiprone_single_oral_25mgkg_designcheck_20260511/validation/design_change_n403030_wtmclustT10_nomix_site403030_nondesignquota_precisionchol_basefitbootinit_preboot_20260521/runs/scenario2/bootstrap/federated/scenario2/raw_runs/run_20260522-170914/bootstrap_summary.csv","bootstrap_summary_json":"/project/temp/deferiprone_single_oral_25mgkg_designcheck_20260511/validation/design_change_n403030_wtmclustT10_nomix_site403030_nondesignquota_precisionchol_basefitbootinit_preboot_20260521/runs/scenario2/bootstrap/federated/scenario2/raw_runs/run_20260522-170914/bootstrap_summary.json","trial_status_csv":"/project/temp/deferiprone_single_oral_25mgkg_designcheck_20260511/validation/design_change_n403030_wtmclustT10_nomix_site403030_nondesignquota_precisionchol_basefitbootinit_preboot_20260521/runs/scenario2/bootstrap/federated/scenario2/raw_runs/run_20260522-170914/trial_status.csv","failed_trials_csv":"/project/temp/deferiprone_single_oral_25mgkg_designcheck_20260511/validation/design_change_n403030_wtmclustT10_nomix_site403030_nondesignquota_precisionchol_basefitbootinit_preboot_20260521/runs/scenario2/bootstrap/federated/scenario2/raw_runs/run_20260522-170914/failed_trials.csv","trial_estimates_wide_csv":"/project/temp/deferiprone_single_oral_25mgkg_designcheck_20260511/validation/design_change_n403030_wtmclustT10_nomix_site403030_nondesignquota_precisionchol_basefitbootinit_preboot_20260521/runs/scenario2/bootstrap/federated/scenario2/raw_runs/run_20260522-170914/trial_estimates_wide.csv","trial_estimates_long_csv":"/project/temp/deferiprone_single_oral_25mgkg_designcheck_20260511/validation/design_change_n403030_wtmclustT10_nomix_site403030_nondesignquota_precisionchol_basefitbootinit_preboot_20260521/runs/scenario2/bootstrap/federated/scenario2/raw_runs/run_20260522-170914/trial_estimates_long.csv","result_json":"/project/temp/deferiprone_single_oral_25mgkg_designcheck_20260511/validation/design_change_n403030_wtmclustT10_nomix_site403030_nondesignquota_precisionchol_basefitbootinit_preboot_20260521/runs/scenario2/bootstrap/federated/scenario2/raw_runs/run_20260522-170914/result.json"}}}
[Kserver-1 exited with code 0
Aborting on container exit...
 Container defboot_design_change_n403030_wtmclu_scenario2_6_10-server-1  Stopping
 Container defboot_design_change_n403030_wtmclu_scenario2_6_10-server-1  Stopped
 Container defboot_design_change_n403030_wtmclu_scenario2_6_10-client3-1  Stopping
 Container defboot_design_change_n403030_wtmclu_scenario2_6_10-client1-1  Stopping
 Container defboot_design_change_n403030_wtmclu_scenario2_6_10-client2-1  Stopping
 Container defboot_design_change_n403030_wtmclu_scenario2_6_10-client3-1  Stopped
 Container defboot_design_change_n403030_wtmclu_scenario2_6_10-client2-1  Stopped
 Container defboot_design_change_n403030_wtmclu_scenario2_6_10-client1-1  Stopped
time="2026-05-23T02:24:24+09:00" level=warning msg="The \"SERVER_CONFIG_PATH\" variable is not set. Defaulting to a blank string."
 Container defboot_design_change_n403030_wtmclu_scenario2_6_10-server-1  Stopping
 Container defboot_design_change_n403030_wtmclu_scenario2_6_10-server-1  Stopped
 Container defboot_design_change_n403030_wtmclu_scenario2_6_10-server-1  Removing
 Container defboot_design_change_n403030_wtmclu_scenario2_6_10-server-1  Removed
 Container defboot_design_change_n403030_wtmclu_scenario2_6_10-client3-1  Stopping
 Container defboot_design_change_n403030_wtmclu_scenario2_6_10-client2-1  Stopping
 Container defboot_design_change_n403030_wtmclu_scenario2_6_10-client1-1  Stopping
 Container defboot_design_change_n403030_wtmclu_scenario2_6_10-client3-1  Stopped
 Container defboot_design_change_n403030_wtmclu_scenario2_6_10-client3-1  Removing
 Container defboot_design_change_n403030_wtmclu_scenario2_6_10-client2-1  Stopped
 Container defboot_design_change_n403030_wtmclu_scenario2_6_10-client2-1  Removing
 Container defboot_design_change_n403030_wtmclu_scenario2_6_10-client1-1  Stopped
 Container defboot_design_change_n403030_wtmclu_scenario2_6_10-client1-1  Removing
 Container defboot_design_change_n403030_wtmclu_scenario2_6_10-client3-1  Removed
 Container defboot_design_change_n403030_wtmclu_scenario2_6_10-client2-1  Removed
 Container defboot_design_change_n403030_wtmclu_scenario2_6_10-client1-1  Removed
 Network defboot_design_change_n403030_wtmclu_scenario2_6_10_site3_net  Removing
 Network defboot_design_change_n403030_wtmclu_scenario2_6_10_site1_net  Removing
 Network defboot_design_change_n403030_wtmclu_scenario2_6_10_site2_net  Removing
 Network defboot_design_change_n403030_wtmclu_scenario2_6_10_site3_net  Removed
 Network defboot_design_change_n403030_wtmclu_scenario2_6_10_site1_net  Removed
 Network defboot_design_change_n403030_wtmclu_scenario2_6_10_site2_net  Removed
