time="2026-05-23T08:16:29+09:00" level=warning msg="The \"SERVER_CONFIG_PATH\" variable is not set. Defaulting to a blank string."
Compose now can delegate build to bake for better performances
Just set COMPOSE_BAKE=true
#0 building with "default" instance using docker driver

#1 [client1 internal] load build definition from Dockerfile.app
#1 transferring dockerfile: 778B done
#1 DONE 0.0s

#2 [client3 internal] load build definition from Dockerfile.app
#2 transferring dockerfile: 778B done
#2 DONE 0.0s

#3 [client2 internal] load build definition from Dockerfile.app
#3 transferring dockerfile: 778B done
#3 DONE 0.0s

#4 [client2 internal] load metadata for docker.io/fedpoppk/base:0.1.0
#4 DONE 0.0s

#5 [client1 internal] load .dockerignore
#5 transferring context: 2B done
#5 DONE 0.0s

#6 [client3 internal] load .dockerignore
#6 transferring context: 2B done
#6 DONE 0.0s

#7 [client2 internal] load .dockerignore
#7 transferring context: 2B done
#7 DONE 0.0s

#8 [client2 1/8] FROM docker.io/fedpoppk/base:0.1.0
#8 DONE 0.0s

#9 [client1 internal] load build context
#9 transferring context: 736.51kB 0.3s done
#9 DONE 0.3s

#10 [client2 internal] load build context
#10 transferring context: 736.51kB 0.3s done
#10 DONE 0.3s

#11 [client3 internal] load build context
#11 transferring context: 736.51kB 0.3s done
#11 DONE 0.3s

#12 [client2 5/8] COPY apps/ apps/
#12 CACHED

#13 [client2 2/8] WORKDIR /project
#13 CACHED

#14 [client2 6/8] COPY R/ R/
#14 CACHED

#15 [client2 3/8] COPY renv.lock .Rprofile renv/activate.R ./
#15 CACHED

#16 [client2 7/8] COPY analysis/ analysis/
#16 CACHED

#17 [client2 4/8] RUN Rscript -e "options(renv.consent=TRUE, Ncpus=parallel::detectCores());                 renv::restore(prompt=FALSE)"
#17 CACHED

#18 [client1 8/8] RUN mkdir -p /project/configs/modes /project/data /project/artifacts /project/result
#18 CACHED

#19 [client3] exporting to image
#19 exporting layers done
#19 writing image sha256:e646b4dd254b19d9136027866815a66407bf8ea230dcd22965763b8409fc551e done
#19 naming to docker.io/library/defboot_design_change_n403030_wtmclu_scenario2_126_130-client3 0.0s done
#19 DONE 0.0s

#20 [client2] exporting to image
#20 exporting layers done
#20 writing image sha256:2317388dd2346a23a98cf2915c77cbb4702cc8bc2df5f9d01340311a087f7d4a done
#20 naming to docker.io/library/defboot_design_change_n403030_wtmclu_scenario2_126_130-client2 0.0s done
#20 DONE 0.0s

#21 [client1] exporting to image
#21 exporting layers done
#21 writing image sha256:eefb852a908995d945cfe9d180ebf1c3178e6676ffaef00dd98621e1a448dfee done
#21 naming to docker.io/library/defboot_design_change_n403030_wtmclu_scenario2_126_130-client1 0.0s done
#21 DONE 0.0s

#22 [client3] resolving provenance for metadata file
#22 DONE 0.0s

#23 [client1] resolving provenance for metadata file
#23 DONE 0.0s

#24 [client2] resolving provenance for metadata file
#24 DONE 0.0s

#25 [server internal] load build definition from Dockerfile.app
#25 transferring dockerfile: 778B done
#25 DONE 0.0s

#4 [server internal] load metadata for docker.io/fedpoppk/base:0.1.0
#4 DONE 0.0s

#26 [server internal] load .dockerignore
#26 transferring context: 2B done
#26 DONE 0.0s

#8 [server 1/8] FROM docker.io/fedpoppk/base:0.1.0
#8 DONE 0.0s

#27 [server internal] load build context
#27 transferring context: 736.51kB 0.3s done
#27 DONE 0.3s

#28 [server 4/8] RUN Rscript -e "options(renv.consent=TRUE, Ncpus=parallel::detectCores());                 renv::restore(prompt=FALSE)"
#28 CACHED

#29 [server 5/8] COPY apps/ apps/
#29 CACHED

#30 [server 6/8] COPY R/ R/
#30 CACHED

#31 [server 7/8] COPY analysis/ analysis/
#31 CACHED

#32 [server 3/8] COPY renv.lock .Rprofile renv/activate.R ./
#32 CACHED

#13 [server 2/8] WORKDIR /project
#13 CACHED

#33 [server 8/8] RUN mkdir -p /project/configs/modes /project/data /project/artifacts /project/result
#33 CACHED

#34 [server] exporting to image
#34 exporting layers done
#34 writing image sha256:c32ccfd32e10d4afacb5093337fadf46eb2ec5e45a9929437fde1dc7207cf22e done
#34 naming to docker.io/library/defboot_design_change_n403030_wtmclu_scenario2_126_130-server 0.0s done
#34 DONE 0.0s

#35 [server] resolving provenance for metadata file
#35 DONE 0.0s
 client1  Built
 client2  Built
 client3  Built
 server  Built
 Network defboot_design_change_n403030_wtmclu_scenario2_126_130_site3_net  Creating
 Network defboot_design_change_n403030_wtmclu_scenario2_126_130_site3_net  Created
 Network defboot_design_change_n403030_wtmclu_scenario2_126_130_site2_net  Creating
 Network defboot_design_change_n403030_wtmclu_scenario2_126_130_site2_net  Created
 Network defboot_design_change_n403030_wtmclu_scenario2_126_130_site1_net  Creating
 Network defboot_design_change_n403030_wtmclu_scenario2_126_130_site1_net  Created
 Container defboot_design_change_n403030_wtmclu_scenario2_126_130-client3-1  Creating
 Container defboot_design_change_n403030_wtmclu_scenario2_126_130-client1-1  Creating
 Container defboot_design_change_n403030_wtmclu_scenario2_126_130-client2-1  Creating
 Container defboot_design_change_n403030_wtmclu_scenario2_126_130-client2-1  Created
 Container defboot_design_change_n403030_wtmclu_scenario2_126_130-client3-1  Created
 Container defboot_design_change_n403030_wtmclu_scenario2_126_130-client1-1  Created
 Container defboot_design_change_n403030_wtmclu_scenario2_126_130-server-1  Creating
 Container defboot_design_change_n403030_wtmclu_scenario2_126_130-server-1  Created
Attaching to client1-1, client2-1, client3-1, server-1
client2-1  | Running plumber API at http://0.0.0.0:8000
client2-1  | Running swagger Docs at http://127.0.0.1:8000/__docs__/
client3-1  | Running plumber API at http://0.0.0.0:8000
client3-1  | Running swagger Docs at http://127.0.0.1:8000/__docs__/
client1-1  | Running plumber API at http://0.0.0.0:8000
client1-1  | Running swagger Docs at http://127.0.0.1:8000/__docs__/
client1-1  | ℹ parameter labels from comments are typically ignored in non-interactive mode
client2-1  | ℹ parameter labels from comments are typically ignored in non-interactive mode
client1-1  | ℹ Need to run with the source intact to parse comments
client2-1  | ℹ Need to run with the source intact to parse comments
client3-1  | ℹ parameter labels from comments are typically ignored in non-interactive mode
client3-1  | ℹ Need to run with the source intact to parse comments
server-1   | [send_init] http://client1:8000 init succeeded
server-1   | [send_init] http://client2:8000 init succeeded
server-1   | [send_init] http://client3:8000 init succeeded
server-1   | {"schema":{"schema_version":"1.1.0","generated_at":"2026-05-22T23:16:37Z","config_path":"/project/configs/../temp/deferiprone_single_oral_25mgkg_designcheck_20260511/validation/design_change_n403030_wtmclustT10_nomix_site403030_nondesignquota_precisionchol_basefitbootinit_preboot_20260521/configs/resolved/scenario2_bootstrap.json","config_md5":"67e6a296d3935d620e746ed6160f8ca2","seed":4869,"host":"f7b8dbc3275f","pid":1,"image_tag":null,"git_sha":null,"git_dirty":null},"aggregation":{"ci_method":"percentile","ci_level":0.95,"quantile_type":7,"estimates_scale":"natural"},"summary":[{"parameter":"(etaLcl,etaLvc)","median":0.063099267012,"p2.5":0.046567635728,"p97.5":0.073973309038},{"parameter":"CcPropSd","median":0.3425147955,"p2.5":0.33419799655,"p97.5":0.37383398124},{"parameter":"etaLcl","median":0.11412133276,"p2.5":0.092933559224,"p97.5":0.12598325841},{"parameter":"etaLvc","median":0.032870777927,"p2.5":0.021115327473,"p97.5":0.048421090893},{"parameter":"lcl","median":2.15577258,"p2.5":2.1048853795,"p97.5":2.1933375145},{"parameter":"lka","median":2.2867628716,"p2.5":2.0177651761,"p97.5":2.416154923},{"parameter":"lvc","median":2.9521138433,"p2.5":2.9300860858,"p97.5":2.9560867142},{"parameter":"rho_(etaLcl,etaLvc)","median":0.97685008677,"p2.5":0.96403116494,"p97.5":0.98406246595}],"runs":[{"tag":"trial_126_20260522-231637","value":2286.1616,"counts":[24,24],"control":{"maxit":100,"factr":1000000000,"pgtol":0,"trace":0,"method":"L-BFGS-B"},"convergence":0,"message":"CONVERGENCE: REL_REDUCTION_OF_F <= FACTR*EPSMCH","nat_par":{"lka":2.4272293928,"lcl":2.1011003256,"lvc":2.9290485464,"CcPropSd":0.37641799177,"etaLcl":0.11741384838,"etaLvc":0.048771995514,"(etaLcl,etaLvc)":0.074476704907,"rho_(etaLcl,etaLvc)":0.98418225372},"failed_clients":[],"attempt":1,"files":{"result":"/project/temp/deferiprone_single_oral_25mgkg_designcheck_20260511/validation/design_change_n403030_wtmclustT10_nomix_site403030_nondesignquota_precisionchol_basefitbootinit_preboot_20260521/runs/scenario2/bootstrap/federated/scenario2/raw_runs/run_20260522-231637/optim_result_trial_126_20260522-231637.json","trace":"/project/temp/deferiprone_single_oral_25mgkg_designcheck_20260511/validation/design_change_n403030_wtmclustT10_nomix_site403030_nondesignquota_precisionchol_basefitbootinit_preboot_20260521/runs/scenario2/bootstrap/federated/scenario2/raw_runs/run_20260522-231637/optim_trace_trial_126_20260522-231637.csv","final":"/project/temp/deferiprone_single_oral_25mgkg_designcheck_20260511/validation/design_change_n403030_wtmclustT10_nomix_site403030_nondesignquota_precisionchol_basefitbootinit_preboot_20260521/runs/scenario2/bootstrap/federated/scenario2/raw_runs/run_20260522-231637/final_params_trial_126_20260522-231637.csv"},"log_n":24,"execution_state":"completed","trial":126,"attempts":1},{"tag":"trial_127_20260522-231939","value":2187.4637,"counts":[21,21],"control":{"maxit":100,"factr":1000000000,"pgtol":0,"trace":0,"method":"L-BFGS-B"},"convergence":0,"message":"CONVERGENCE: REL_REDUCTION_OF_F <= FACTR*EPSMCH","nat_par":{"lka":2.1326195419,"lcl":2.1848150535,"lvc":2.9394239409,"CcPropSd":0.3425147955,"etaLcl":0.11025992576,"etaLvc":0.045262949304,"(etaLcl,etaLvc)":0.069442746216,"rho_(etaLcl,etaLvc)":0.98298437601},"failed_clients":[],"attempt":1,"files":{"result":"/project/temp/deferiprone_single_oral_25mgkg_designcheck_20260511/validation/design_change_n403030_wtmclustT10_nomix_site403030_nondesignquota_precisionchol_basefitbootinit_preboot_20260521/runs/scenario2/bootstrap/federated/scenario2/raw_runs/run_20260522-231637/optim_result_trial_127_20260522-231939.json","trace":"/project/temp/deferiprone_single_oral_25mgkg_designcheck_20260511/validation/design_change_n403030_wtmclustT10_nomix_site403030_nondesignquota_precisionchol_basefitbootinit_preboot_20260521/runs/scenario2/bootstrap/federated/scenario2/raw_runs/run_20260522-231637/optim_trace_trial_127_20260522-231939.csv","final":"/project/temp/deferiprone_single_oral_25mgkg_designcheck_20260511/validation/design_change_n403030_wtmclustT10_nomix_site403030_nondesignquota_precisionchol_basefitbootinit_preboot_20260521/runs/scenario2/bootstrap/federated/scenario2/raw_runs/run_20260522-231637/final_params_trial_127_20260522-231939.csv"},"log_n":21,"execution_state":"completed","trial":127,"attempts":1},{"tag":"trial_128_20260522-232219","value":2201.5449,"counts":[38,38],"control":{"maxit":100,"factr":1000000000,"pgtol":0,"trace":0,"method":"L-BFGS-B"},"convergence":0,"message":"CONVERGENCE: REL_REDUCTION_OF_F <= FACTR*EPSMCH","nat_par":{"lka":2.3164846944,"lcl":2.1389508641,"lvc":2.9561134533,"CcPropSd":0.3346643875,"etaLcl":0.11412133276,"etaLvc":0.019921088023,"(etaLcl,etaLvc)":0.045901423417,"rho_(etaLcl,etaLvc)":0.96268944162},"failed_clients":[],"attempt":1,"files":{"result":"/project/temp/deferiprone_single_oral_25mgkg_designcheck_20260511/validation/design_change_n403030_wtmclustT10_nomix_site403030_nondesignquota_precisionchol_basefitbootinit_preboot_20260521/runs/scenario2/bootstrap/federated/scenario2/raw_runs/run_20260522-231637/optim_result_trial_128_20260522-232219.json","trace":"/project/temp/deferiprone_single_oral_25mgkg_designcheck_20260511/validation/design_change_n403030_wtmclustT10_nomix_site403030_nondesignquota_precisionchol_basefitbootinit_preboot_20260521/runs/scenario2/bootstrap/federated/scenario2/raw_runs/run_20260522-231637/optim_trace_trial_128_20260522-232219.csv","final":"/project/temp/deferiprone_single_oral_25mgkg_designcheck_20260511/validation/design_change_n403030_wtmclustT10_nomix_site403030_nondesignquota_precisionchol_basefitbootinit_preboot_20260521/runs/scenario2/bootstrap/federated/scenario2/raw_runs/run_20260522-231637/final_params_trial_128_20260522-232219.csv"},"log_n":37,"execution_state":"completed","trial":128,"attempts":1},{"tag":"trial_129_20260522-232701","value":2227.5953,"counts":[22,22],"control":{"maxit":100,"factr":1000000000,"pgtol":0,"trace":0,"method":"L-BFGS-B"},"convergence":0,"message":"CONVERGENCE: REL_REDUCTION_OF_F <= FACTR*EPSMCH","nat_par":{"lka":2.2867628716,"lcl":2.15577258,"lvc":2.9558460622,"CcPropSd":0.33414617533,"etaLcl":0.12693541508,"etaLvc":0.032870777927,"(etaLcl,etaLvc)":0.063099267012,"rho_(etaLcl,etaLvc)":0.97685008677},"failed_clients":[],"attempt":1,"files":{"result":"/project/temp/deferiprone_single_oral_25mgkg_designcheck_20260511/validation/design_change_n403030_wtmclustT10_nomix_site403030_nondesignquota_precisionchol_basefitbootinit_preboot_20260521/runs/scenario2/bootstrap/federated/scenario2/raw_runs/run_20260522-231637/optim_result_trial_129_20260522-232701.json","trace":"/project/temp/deferiprone_single_oral_25mgkg_designcheck_20260511/validation/design_change_n403030_wtmclustT10_nomix_site403030_nondesignquota_precisionchol_basefitbootinit_preboot_20260521/runs/scenario2/bootstrap/federated/scenario2/raw_runs/run_20260522-231637/optim_trace_trial_129_20260522-232701.csv","final":"/project/temp/deferiprone_single_oral_25mgkg_designcheck_20260511/validation/design_change_n403030_wtmclustT10_nomix_site403030_nondesignquota_precisionchol_basefitbootinit_preboot_20260521/runs/scenario2/bootstrap/federated/scenario2/raw_runs/run_20260522-231637/final_params_trial_129_20260522-232701.csv"},"log_n":22,"execution_state":"completed","trial":129,"attempts":1},{"tag":"trial_130_20260522-232949","value":2187.287,"counts":[21,21],"control":{"maxit":100,"factr":1000000000,"pgtol":0,"trace":0,"method":"L-BFGS-B"},"convergence":0,"message":"CONVERGENCE: REL_REDUCTION_OF_F <= FACTR*EPSMCH","nat_par":{"lka":2.0050035799,"lcl":2.1942844546,"lvc":2.9521138433,"CcPropSd":0.35057788641,"etaLcl":0.091008407387,"etaLvc":0.031863482521,"(etaLcl,etaLvc)":0.052563546533,"rho_(etaLcl,etaLvc)":0.97610667487},"failed_clients":[],"attempt":1,"files":{"result":"/project/temp/deferiprone_single_oral_25mgkg_designcheck_20260511/validation/design_change_n403030_wtmclustT10_nomix_site403030_nondesignquota_precisionchol_basefitbootinit_preboot_20260521/runs/scenario2/bootstrap/federated/scenario2/raw_runs/run_20260522-231637/optim_result_trial_130_20260522-232949.json","trace":"/project/temp/deferiprone_single_oral_25mgkg_designcheck_20260511/validation/design_change_n403030_wtmclustT10_nomix_site403030_nondesignquota_precisionchol_basefitbootinit_preboot_20260521/runs/scenario2/bootstrap/federated/scenario2/raw_runs/run_20260522-231637/optim_trace_trial_130_20260522-232949.csv","final":"/project/temp/deferiprone_single_oral_25mgkg_designcheck_20260511/validation/design_change_n403030_wtmclustT10_nomix_site403030_nondesignquota_precisionchol_basefitbootinit_preboot_20260521/runs/scenario2/bootstrap/federated/scenario2/raw_runs/run_20260522-231637/final_params_trial_130_20260522-232949.csv"},"log_n":21,"execution_state":"completed","trial":130,"attempts":1}],"trial_status":[{"trial":126,"execution_state":"completed","converged":true,"attempts":1,"convergence":0,"value":2286.1616,"eval_fn":24,"eval_gr":24,"log_n":24,"failed_clients_n":0,"message":"CONVERGENCE: REL_REDUCTION_OF_F <= FACTR*EPSMCH","result_file":"/project/temp/deferiprone_single_oral_25mgkg_designcheck_20260511/validation/design_change_n403030_wtmclustT10_nomix_site403030_nondesignquota_precisionchol_basefitbootinit_preboot_20260521/runs/scenario2/bootstrap/federated/scenario2/raw_runs/run_20260522-231637/optim_result_trial_126_20260522-231637.json","trace_file":"/project/temp/deferiprone_single_oral_25mgkg_designcheck_20260511/validation/design_change_n403030_wtmclustT10_nomix_site403030_nondesignquota_precisionchol_basefitbootinit_preboot_20260521/runs/scenario2/bootstrap/federated/scenario2/raw_runs/run_20260522-231637/optim_trace_trial_126_20260522-231637.csv","final_file":"/project/temp/deferiprone_single_oral_25mgkg_designcheck_20260511/validation/design_change_n403030_wtmclustT10_nomix_site403030_nondesignquota_precisionchol_basefitbootinit_preboot_20260521/runs/scenario2/bootstrap/federated/scenario2/raw_runs/run_20260522-231637/final_params_trial_126_20260522-231637.csv"},{"trial":127,"execution_state":"completed","converged":true,"attempts":1,"convergence":0,"value":2187.4637,"eval_fn":21,"eval_gr":21,"log_n":21,"failed_clients_n":0,"message":"CONVERGENCE: REL_REDUCTION_OF_F <= FACTR*EPSMCH","result_file":"/project/temp/deferiprone_single_oral_25mgkg_designcheck_20260511/validation/design_change_n403030_wtmclustT10_nomix_site403030_nondesignquota_precisionchol_basefitbootinit_preboot_20260521/runs/scenario2/bootstrap/federated/scenario2/raw_runs/run_20260522-231637/optim_result_trial_127_20260522-231939.json","trace_file":"/project/temp/deferiprone_single_oral_25mgkg_designcheck_20260511/validation/design_change_n403030_wtmclustT10_nomix_site403030_nondesignquota_precisionchol_basefitbootinit_preboot_20260521/runs/scenario2/bootstrap/federated/scenario2/raw_runs/run_20260522-231637/optim_trace_trial_127_20260522-231939.csv","final_file":"/project/temp/deferiprone_single_oral_25mgkg_designcheck_20260511/validation/design_change_n403030_wtmclustT10_nomix_site403030_nondesignquota_precisionchol_basefitbootinit_preboot_20260521/runs/scenario2/bootstrap/federated/scenario2/raw_runs/run_20260522-231637/final_params_trial_127_20260522-231939.csv"},{"trial":128,"execution_state":"completed","converged":true,"attempts":1,"convergence":0,"value":2201.5449,"eval_fn":38,"eval_gr":38,"log_n":37,"failed_clients_n":0,"message":"CONVERGENCE: REL_REDUCTION_OF_F <= FACTR*EPSMCH","result_file":"/project/temp/deferiprone_single_oral_25mgkg_designcheck_20260511/validation/design_change_n403030_wtmclustT10_nomix_site403030_nondesignquota_precisionchol_basefitbootinit_preboot_20260521/runs/scenario2/bootstrap/federated/scenario2/raw_runs/run_20260522-231637/optim_result_trial_128_20260522-232219.json","trace_file":"/project/temp/deferiprone_single_oral_25mgkg_designcheck_20260511/validation/design_change_n403030_wtmclustT10_nomix_site403030_nondesignquota_precisionchol_basefitbootinit_preboot_20260521/runs/scenario2/bootstrap/federated/scenario2/raw_runs/run_20260522-231637/optim_trace_trial_128_20260522-232219.csv","final_file":"/project/temp/deferiprone_single_oral_25mgkg_designcheck_20260511/validation/design_change_n403030_wtmclustT10_nomix_site403030_nondesignquota_precisionchol_basefitbootinit_preboot_20260521/runs/scenario2/bootstrap/federated/scenario2/raw_runs/run_20260522-231637/final_params_trial_128_20260522-232219.csv"},{"trial":129,"execution_state":"completed","converged":true,"attempts":1,"convergence":0,"value":2227.5953,"eval_fn":22,"eval_gr":22,"log_n":22,"failed_clients_n":0,"message":"CONVERGENCE: REL_REDUCTION_OF_F <= FACTR*EPSMCH","result_file":"/project/temp/deferiprone_single_oral_25mgkg_designcheck_20260511/validation/design_change_n403030_wtmclustT10_nomix_site403030_nondesignquota_precisionchol_basefitbootinit_preboot_20260521/runs/scenario2/bootstrap/federated/scenario2/raw_runs/run_20260522-231637/optim_result_trial_129_20260522-232701.json","trace_file":"/project/temp/deferiprone_single_oral_25mgkg_designcheck_20260511/validation/design_change_n403030_wtmclustT10_nomix_site403030_nondesignquota_precisionchol_basefitbootinit_preboot_20260521/runs/scenario2/bootstrap/federated/scenario2/raw_runs/run_20260522-231637/optim_trace_trial_129_20260522-232701.csv","final_file":"/project/temp/deferiprone_single_oral_25mgkg_designcheck_20260511/validation/design_change_n403030_wtmclustT10_nomix_site403030_nondesignquota_precisionchol_basefitbootinit_preboot_20260521/runs/scenario2/bootstrap/federated/scenario2/raw_runs/run_20260522-231637/final_params_trial_129_20260522-232701.csv"},{"trial":130,"execution_state":"completed","converged":true,"attempts":1,"convergence":0,"value":2187.287,"eval_fn":21,"eval_gr":21,"log_n":21,"failed_clients_n":0,"message":"CONVERGENCE: REL_REDUCTION_OF_F <= FACTR*EPSMCH","result_file":"/project/temp/deferiprone_single_oral_25mgkg_designcheck_20260511/validation/design_change_n403030_wtmclustT10_nomix_site403030_nondesignquota_precisionchol_basefitbootinit_preboot_20260521/runs/scenario2/bootstrap/federated/scenario2/raw_runs/run_20260522-231637/optim_result_trial_130_20260522-232949.json","trace_file":"/project/temp/deferiprone_single_oral_25mgkg_designcheck_20260511/validation/design_change_n403030_wtmclustT10_nomix_site403030_nondesignquota_precisionchol_basefitbootinit_preboot_20260521/runs/scenario2/bootstrap/federated/scenario2/raw_runs/run_20260522-231637/optim_trace_trial_130_20260522-232949.csv","final_file":"/project/temp/deferiprone_single_oral_25mgkg_designcheck_20260511/validation/design_change_n403030_wtmclustT10_nomix_site403030_nondesignquota_precisionchol_basefitbootinit_preboot_20260521/runs/scenario2/bootstrap/federated/scenario2/raw_runs/run_20260522-231637/final_params_trial_130_20260522-232949.csv"}],"info":{"run_id":"20260522-231637","log_base_dir":"/project/temp/deferiprone_single_oral_25mgkg_designcheck_20260511/validation/design_change_n403030_wtmclustT10_nomix_site403030_nondesignquota_precisionchol_basefitbootinit_preboot_20260521/runs/scenario2/bootstrap/federated","scenario":"scenario2/raw_runs","total_trials":5,"successes":5,"failures":0,"nonconverged_count":0,"nonconverged_trials":[],"convergence_missing_count":0,"seed_base":4869,"B_per_client":500,"duration_sec":959.1518232822,"host":"f7b8dbc3275f","image_tag":null,"communication":{"generated_at":"2026-05-22T23:32:31Z","totals":{"requests":753,"request_bytes":839409,"response_bytes":191544,"total_bytes":1030953,"retries":0},"init":{"requests":3,"request_bytes":8139,"response_bytes":1161,"total_bytes":9300,"retries":0,"median_elapsed_sec":0.36500692368},"init_round_latency":{"n_rounds":1,"median_round_wall_sec":0.36910867691,"p95_round_wall_sec":0.36910867691},"run":{"requests":0,"request_bytes":0,"response_bytes":0,"total_bytes":0,"retries":0,"median_elapsed_sec":"NA"},"run_bootstrap":{"requests":750,"request_bytes":831270,"response_bytes":190383,"total_bytes":1021653,"retries":0,"median_elapsed_sec":3.651519537},"round_latency":{"n_rounds":250,"median_round_wall_sec":3.7754197121,"p95_round_wall_sec":4.0690268517},"timing_split":{"n_rounds":250,"rounds_with_compute":250,"total_round_wall_sec":947.9970300198,"total_round_compute_wall_sec":939.7162,"total_round_comm_overhead_wall_sec":8.2808300198,"comm_overhead_ratio":0.0087350801295,"compute_ratio":0.99126491987}},"communication_files":{"csv":"/project/temp/deferiprone_single_oral_25mgkg_designcheck_20260511/validation/design_change_n403030_wtmclustT10_nomix_site403030_nondesignquota_precisionchol_basefitbootinit_preboot_20260521/runs/scenario2/bootstrap/federated/scenario2/raw_runs/run_20260522-231637/comm_metrics.csv","json":"/project/temp/deferiprone_single_oral_25mgkg_designcheck_20260511/validation/design_change_n403030_wtmclustT10_nomix_site403030_nondesignquota_precisionchol_basefitbootinit_preboot_20260521/runs/scenario2/bootstrap/federated/scenario2/raw_runs/run_20260522-231637/comm_metrics.json"},"output_files":{"bootstrap_summary_csv":"/project/temp/deferiprone_single_oral_25mgkg_designcheck_20260511/validation/design_change_n403030_wtmclustT10_nomix_site403030_nondesignquota_precisionchol_basefitbootinit_preboot_20260521/runs/scenario2/bootstrap/federated/scenario2/raw_runs/run_20260522-231637/bootstrap_summary.csv","bootstrap_summary_json":"/project/temp/deferiprone_single_oral_25mgkg_designcheck_20260511/validation/design_change_n403030_wtmclustT10_nomix_site403030_nondesignquota_precisionchol_basefitbootinit_preboot_20260521/runs/scenario2/bootstrap/federated/scenario2/raw_runs/run_20260522-231637/bootstrap_summary.json","trial_status_csv":"/project/temp/deferiprone_single_oral_25mgkg_designcheck_20260511/validation/design_change_n403030_wtmclustT10_nomix_site403030_nondesignquota_precisionchol_basefitbootinit_preboot_20260521/runs/scenario2/bootstrap/federated/scenario2/raw_runs/run_20260522-231637/trial_status.csv","failed_trials_csv":"/project/temp/deferiprone_single_oral_25mgkg_designcheck_20260511/validation/design_change_n403030_wtmclustT10_nomix_site403030_nondesignquota_precisionchol_basefitbootinit_preboot_20260521/runs/scenario2/bootstrap/federated/scenario2/raw_runs/run_20260522-231637/failed_trials.csv","trial_estimates_wide_csv":"/project/temp/deferiprone_single_oral_25mgkg_designcheck_20260511/validation/design_change_n403030_wtmclustT10_nomix_site403030_nondesignquota_precisionchol_basefitbootinit_preboot_20260521/runs/scenario2/bootstrap/federated/scenario2/raw_runs/run_20260522-231637/trial_estimates_wide.csv","trial_estimates_long_csv":"/project/temp/deferiprone_single_oral_25mgkg_designcheck_20260511/validation/design_change_n403030_wtmclustT10_nomix_site403030_nondesignquota_precisionchol_basefitbootinit_preboot_20260521/runs/scenario2/bootstrap/federated/scenario2/raw_runs/run_20260522-231637/trial_estimates_long.csv","result_json":"/project/temp/deferiprone_single_oral_25mgkg_designcheck_20260511/validation/design_change_n403030_wtmclustT10_nomix_site403030_nondesignquota_precisionchol_basefitbootinit_preboot_20260521/runs/scenario2/bootstrap/federated/scenario2/raw_runs/run_20260522-231637/result.json"}}}
[Kserver-1 exited with code 0
Aborting on container exit...
 Container defboot_design_change_n403030_wtmclu_scenario2_126_130-server-1  Stopping
 Container defboot_design_change_n403030_wtmclu_scenario2_126_130-server-1  Stopped
 Container defboot_design_change_n403030_wtmclu_scenario2_126_130-client3-1  Stopping
 Container defboot_design_change_n403030_wtmclu_scenario2_126_130-client2-1  Stopping
 Container defboot_design_change_n403030_wtmclu_scenario2_126_130-client1-1  Stopping
 Container defboot_design_change_n403030_wtmclu_scenario2_126_130-client1-1  Stopped
 Container defboot_design_change_n403030_wtmclu_scenario2_126_130-client3-1  Stopped
 Container defboot_design_change_n403030_wtmclu_scenario2_126_130-client2-1  Stopped
time="2026-05-23T08:32:41+09:00" level=warning msg="The \"SERVER_CONFIG_PATH\" variable is not set. Defaulting to a blank string."
 Container defboot_design_change_n403030_wtmclu_scenario2_126_130-server-1  Stopping
 Container defboot_design_change_n403030_wtmclu_scenario2_126_130-server-1  Stopped
 Container defboot_design_change_n403030_wtmclu_scenario2_126_130-server-1  Removing
 Container defboot_design_change_n403030_wtmclu_scenario2_126_130-server-1  Removed
 Container defboot_design_change_n403030_wtmclu_scenario2_126_130-client2-1  Stopping
 Container defboot_design_change_n403030_wtmclu_scenario2_126_130-client3-1  Stopping
 Container defboot_design_change_n403030_wtmclu_scenario2_126_130-client1-1  Stopping
 Container defboot_design_change_n403030_wtmclu_scenario2_126_130-client2-1  Stopped
 Container defboot_design_change_n403030_wtmclu_scenario2_126_130-client2-1  Removing
 Container defboot_design_change_n403030_wtmclu_scenario2_126_130-client3-1  Stopped
 Container defboot_design_change_n403030_wtmclu_scenario2_126_130-client3-1  Removing
 Container defboot_design_change_n403030_wtmclu_scenario2_126_130-client1-1  Stopped
 Container defboot_design_change_n403030_wtmclu_scenario2_126_130-client1-1  Removing
 Container defboot_design_change_n403030_wtmclu_scenario2_126_130-client3-1  Removed
 Container defboot_design_change_n403030_wtmclu_scenario2_126_130-client2-1  Removed
 Container defboot_design_change_n403030_wtmclu_scenario2_126_130-client1-1  Removed
 Network defboot_design_change_n403030_wtmclu_scenario2_126_130_site1_net  Removing
 Network defboot_design_change_n403030_wtmclu_scenario2_126_130_site2_net  Removing
 Network defboot_design_change_n403030_wtmclu_scenario2_126_130_site3_net  Removing
 Network defboot_design_change_n403030_wtmclu_scenario2_126_130_site1_net  Removed
 Network defboot_design_change_n403030_wtmclu_scenario2_126_130_site2_net  Removed
 Network defboot_design_change_n403030_wtmclu_scenario2_126_130_site3_net  Removed
