time="2026-05-23T21:13:11+09:00" level=warning msg="The \"SERVER_CONFIG_PATH\" variable is not set. Defaulting to a blank string."
Compose now can delegate build to bake for better performances
Just set COMPOSE_BAKE=true
#0 building with "default" instance using docker driver

#1 [client1 internal] load build definition from Dockerfile.app
#1 transferring dockerfile: 778B done
#1 DONE 0.0s

#2 [client2 internal] load build definition from Dockerfile.app
#2 transferring dockerfile: 778B done
#2 DONE 0.0s

#3 [client3 internal] load build definition from Dockerfile.app
#3 transferring dockerfile: 778B done
#3 DONE 0.0s

#4 [client2 internal] load metadata for docker.io/fedpoppk/base:0.1.0
#4 DONE 0.0s

#5 [client1 internal] load .dockerignore
#5 transferring context: 2B done
#5 DONE 0.0s

#6 [client3 internal] load .dockerignore
#6 transferring context: 2B done
#6 DONE 0.0s

#7 [client2 internal] load .dockerignore
#7 transferring context: 2B done
#7 DONE 0.0s

#8 [client3 1/8] FROM docker.io/fedpoppk/base:0.1.0
#8 DONE 0.0s

#9 [client1 internal] load build context
#9 transferring context: 736.51kB 0.3s done
#9 DONE 0.3s

#10 [client3 internal] load build context
#10 transferring context: 736.51kB 0.3s done
#10 DONE 0.3s

#11 [client2 internal] load build context
#11 transferring context: 736.51kB 0.3s done
#11 DONE 0.3s

#12 [client1 4/8] RUN Rscript -e "options(renv.consent=TRUE, Ncpus=parallel::detectCores());                 renv::restore(prompt=FALSE)"
#12 CACHED

#13 [client1 3/8] COPY renv.lock .Rprofile renv/activate.R ./
#13 CACHED

#14 [client1 6/8] COPY R/ R/
#14 CACHED

#15 [client1 5/8] COPY apps/ apps/
#15 CACHED

#16 [client1 7/8] COPY analysis/ analysis/
#16 CACHED

#17 [client1 2/8] WORKDIR /project
#17 CACHED

#18 [client2 8/8] RUN mkdir -p /project/configs/modes /project/data /project/artifacts /project/result
#18 CACHED

#19 [client1] exporting to image
#19 exporting layers done
#19 writing image sha256:3c916a8e36701d6b51d74933ffe08e27e665fed79b77886a77e1bd4ba8b66825 done
#19 naming to docker.io/library/defboot_design_change_n403030_wtmclu_scenario2_381_385-client1 0.0s done
#19 DONE 0.0s

#20 [client2] exporting to image
#20 exporting layers done
#20 writing image sha256:405851ebd7e07e5a723ce80a70d5345eee019b57576cd9f77885033e69cb1dce done
#20 naming to docker.io/library/defboot_design_change_n403030_wtmclu_scenario2_381_385-client2 0.0s done
#20 DONE 0.0s

#21 [client3] exporting to image
#21 exporting layers done
#21 writing image sha256:f3d59ca0e4baf5178fc8a6072ac30f1d0d230b01ac6b23ec1b99c05c47bebfa6 done
#21 naming to docker.io/library/defboot_design_change_n403030_wtmclu_scenario2_381_385-client3 0.0s done
#21 DONE 0.0s

#22 [client1] resolving provenance for metadata file
#22 DONE 0.0s

#23 [client2] resolving provenance for metadata file
#23 DONE 0.0s

#24 [client3] resolving provenance for metadata file
#24 DONE 0.0s

#25 [server internal] load build definition from Dockerfile.app
#25 transferring dockerfile: 778B done
#25 DONE 0.0s

#4 [server internal] load metadata for docker.io/fedpoppk/base:0.1.0
#4 DONE 0.0s

#26 [server internal] load .dockerignore
#26 transferring context: 2B done
#26 DONE 0.0s

#8 [server 1/8] FROM docker.io/fedpoppk/base:0.1.0
#8 DONE 0.0s

#27 [server internal] load build context
#27 transferring context: 736.51kB 0.3s done
#27 DONE 0.4s

#28 [server 3/8] COPY renv.lock .Rprofile renv/activate.R ./
#28 CACHED

#29 [server 6/8] COPY R/ R/
#29 CACHED

#30 [server 7/8] COPY analysis/ analysis/
#30 CACHED

#17 [server 2/8] WORKDIR /project
#17 CACHED

#31 [server 4/8] RUN Rscript -e "options(renv.consent=TRUE, Ncpus=parallel::detectCores());                 renv::restore(prompt=FALSE)"
#31 CACHED

#32 [server 5/8] COPY apps/ apps/
#32 CACHED

#33 [server 8/8] RUN mkdir -p /project/configs/modes /project/data /project/artifacts /project/result
#33 CACHED

#34 [server] exporting to image
#34 exporting layers done
#34 writing image sha256:fa8f1e79a6c6430b75f7f9177350bf602a74390acdc57c86888a0d8416977865 done
#34 naming to docker.io/library/defboot_design_change_n403030_wtmclu_scenario2_381_385-server 0.0s done
#34 DONE 0.0s

#35 [server] resolving provenance for metadata file
#35 DONE 0.0s
 client1  Built
 client2  Built
 client3  Built
 server  Built
 Network defboot_design_change_n403030_wtmclu_scenario2_381_385_site2_net  Creating
 Network defboot_design_change_n403030_wtmclu_scenario2_381_385_site2_net  Created
 Network defboot_design_change_n403030_wtmclu_scenario2_381_385_site3_net  Creating
 Network defboot_design_change_n403030_wtmclu_scenario2_381_385_site3_net  Created
 Network defboot_design_change_n403030_wtmclu_scenario2_381_385_site1_net  Creating
 Network defboot_design_change_n403030_wtmclu_scenario2_381_385_site1_net  Created
 Container defboot_design_change_n403030_wtmclu_scenario2_381_385-client1-1  Creating
 Container defboot_design_change_n403030_wtmclu_scenario2_381_385-client3-1  Creating
 Container defboot_design_change_n403030_wtmclu_scenario2_381_385-client2-1  Creating
 Container defboot_design_change_n403030_wtmclu_scenario2_381_385-client3-1  Created
 Container defboot_design_change_n403030_wtmclu_scenario2_381_385-client2-1  Created
 Container defboot_design_change_n403030_wtmclu_scenario2_381_385-client1-1  Created
 Container defboot_design_change_n403030_wtmclu_scenario2_381_385-server-1  Creating
 Container defboot_design_change_n403030_wtmclu_scenario2_381_385-server-1  Created
Attaching to client1-1, client2-1, client3-1, server-1
client1-1  | Running plumber API at http://0.0.0.0:8000
client1-1  | Running swagger Docs at http://127.0.0.1:8000/__docs__/
client2-1  | Running plumber API at http://0.0.0.0:8000
client2-1  | Running swagger Docs at http://127.0.0.1:8000/__docs__/
client3-1  | Running plumber API at http://0.0.0.0:8000
client3-1  | Running swagger Docs at http://127.0.0.1:8000/__docs__/
client1-1  | ℹ parameter labels from comments are typically ignored in non-interactive mode
client2-1  | ℹ parameter labels from comments are typically ignored in non-interactive mode
client3-1  | ℹ parameter labels from comments are typically ignored in non-interactive mode
client1-1  | ℹ Need to run with the source intact to parse comments
client2-1  | ℹ Need to run with the source intact to parse comments
client3-1  | ℹ Need to run with the source intact to parse comments
server-1   | [send_init] http://client1:8000 init succeeded
server-1   | [send_init] http://client3:8000 init succeeded
server-1   | [send_init] http://client2:8000 init succeeded
server-1   | {"schema":{"schema_version":"1.1.0","generated_at":"2026-05-23T12:13:20Z","config_path":"/project/configs/../temp/deferiprone_single_oral_25mgkg_designcheck_20260511/validation/design_change_n403030_wtmclustT10_nomix_site403030_nondesignquota_precisionchol_basefitbootinit_preboot_20260521/configs/resolved/scenario2_bootstrap.json","config_md5":"67e6a296d3935d620e746ed6160f8ca2","seed":4869,"host":"a6eae63bdf84","pid":1,"image_tag":null,"git_sha":null,"git_dirty":null},"aggregation":{"ci_method":"percentile","ci_level":0.95,"quantile_type":7,"estimates_scale":"natural"},"summary":[{"parameter":"(etaLcl,etaLvc)","median":0.066591676189,"p2.5":0.054556975792,"p97.5":0.073296222301},{"parameter":"CcPropSd","median":0.3527541812,"p2.5":0.34055823422,"p97.5":0.36638285361},{"parameter":"etaLcl","median":0.11112177662,"p2.5":0.097016311333,"p97.5":0.12307238958},{"parameter":"etaLvc","median":0.04279361702,"p2.5":0.028372296752,"p97.5":0.045755070681},{"parameter":"lcl","median":2.181119801,"p2.5":2.1113372129,"p97.5":2.1973320647},{"parameter":"lka","median":2.2392741566,"p2.5":2.1362007377,"p97.5":2.2679586075},{"parameter":"lvc","median":2.9683924749,"p2.5":2.9175976087,"p97.5":3.0219092542},{"parameter":"rho_(etaLcl,etaLvc)","median":0.98203387615,"p2.5":0.97307962092,"p97.5":0.98316584866}],"runs":[{"tag":"trial_381_20260523-121320","value":2233.6044,"counts":[19,19],"control":{"maxit":100,"factr":1000000000,"pgtol":0,"trace":0,"method":"L-BFGS-B"},"convergence":0,"message":"CONVERGENCE: REL_REDUCTION_OF_F <= FACTR*EPSMCH","nat_par":{"lka":2.1913009157,"lcl":2.166728314,"lvc":2.9380545598,"CcPropSd":0.36743720962,"etaLcl":0.1080915545,"etaLvc":0.04279361702,"(etaLcl,etaLvc)":0.066790062301,"rho_(etaLcl,etaLvc)":0.98203387615},"failed_clients":[],"attempt":1,"files":{"result":"/project/temp/deferiprone_single_oral_25mgkg_designcheck_20260511/validation/design_change_n403030_wtmclustT10_nomix_site403030_nondesignquota_precisionchol_basefitbootinit_preboot_20260521/runs/scenario2/bootstrap/federated/scenario2/raw_runs/run_20260523-121320/optim_result_trial_381_20260523-121320.json","trace":"/project/temp/deferiprone_single_oral_25mgkg_designcheck_20260511/validation/design_change_n403030_wtmclustT10_nomix_site403030_nondesignquota_precisionchol_basefitbootinit_preboot_20260521/runs/scenario2/bootstrap/federated/scenario2/raw_runs/run_20260523-121320/optim_trace_trial_381_20260523-121320.csv","final":"/project/temp/deferiprone_single_oral_25mgkg_designcheck_20260511/validation/design_change_n403030_wtmclustT10_nomix_site403030_nondesignquota_precisionchol_basefitbootinit_preboot_20260521/runs/scenario2/bootstrap/federated/scenario2/raw_runs/run_20260523-121320/final_params_trial_381_20260523-121320.csv"},"log_n":19,"execution_state":"completed","trial":381,"attempts":1},{"tag":"trial_382_20260523-121545","value":2212.6992,"counts":[24,24],"control":{"maxit":100,"factr":1000000000,"pgtol":0,"trace":0,"method":"L-BFGS-B"},"convergence":0,"message":"CONVERGENCE: REL_REDUCTION_OF_F <= FACTR*EPSMCH","nat_par":{"lka":2.1300784957,"lcl":2.181119801,"lvc":2.9683924749,"CcPropSd":0.35689364948,"etaLcl":0.095785728759,"etaLvc":0.043711324722,"(etaLcl,etaLvc)":0.063566887435,"rho_(etaLcl,etaLvc)":0.98238915281},"failed_clients":[],"attempt":1,"files":{"result":"/project/temp/deferiprone_single_oral_25mgkg_designcheck_20260511/validation/design_change_n403030_wtmclustT10_nomix_site403030_nondesignquota_precisionchol_basefitbootinit_preboot_20260521/runs/scenario2/bootstrap/federated/scenario2/raw_runs/run_20260523-121320/optim_result_trial_382_20260523-121545.json","trace":"/project/temp/deferiprone_single_oral_25mgkg_designcheck_20260511/validation/design_change_n403030_wtmclustT10_nomix_site403030_nondesignquota_precisionchol_basefitbootinit_preboot_20260521/runs/scenario2/bootstrap/federated/scenario2/raw_runs/run_20260523-121320/optim_trace_trial_382_20260523-121545.csv","final":"/project/temp/deferiprone_single_oral_25mgkg_designcheck_20260511/validation/design_change_n403030_wtmclustT10_nomix_site403030_nondesignquota_precisionchol_basefitbootinit_preboot_20260521/runs/scenario2/bootstrap/federated/scenario2/raw_runs/run_20260523-121320/final_params_trial_382_20260523-121545.csv"},"log_n":24,"execution_state":"completed","trial":382,"attempts":1},{"tag":"trial_383_20260523-121848","value":2247.8999,"counts":[27,27],"control":{"maxit":100,"factr":1000000000,"pgtol":0,"trace":0,"method":"L-BFGS-B"},"convergence":0,"message":"CONVERGENCE: REL_REDUCTION_OF_F <= FACTR*EPSMCH","nat_par":{"lka":2.2693568854,"lcl":2.1051826461,"lvc":2.9153246142,"CcPropSd":0.3527541812,"etaLcl":0.12152013241,"etaLvc":0.038006655715,"(etaLcl,etaLvc)":0.066591676189,"rho_(etaLcl,etaLvc)":0.97986444946},"failed_clients":[],"attempt":1,"files":{"result":"/project/temp/deferiprone_single_oral_25mgkg_designcheck_20260511/validation/design_change_n403030_wtmclustT10_nomix_site403030_nondesignquota_precisionchol_basefitbootinit_preboot_20260521/runs/scenario2/bootstrap/federated/scenario2/raw_runs/run_20260523-121320/optim_result_trial_383_20260523-121848.json","trace":"/project/temp/deferiprone_single_oral_25mgkg_designcheck_20260511/validation/design_change_n403030_wtmclustT10_nomix_site403030_nondesignquota_precisionchol_basefitbootinit_preboot_20260521/runs/scenario2/bootstrap/federated/scenario2/raw_runs/run_20260523-121320/optim_trace_trial_383_20260523-121848.csv","final":"/project/temp/deferiprone_single_oral_25mgkg_designcheck_20260511/validation/design_change_n403030_wtmclustT10_nomix_site403030_nondesignquota_precisionchol_basefitbootinit_preboot_20260521/runs/scenario2/bootstrap/federated/scenario2/raw_runs/run_20260523-121320/final_params_trial_383_20260523-121848.csv"},"log_n":27,"execution_state":"completed","trial":383,"attempts":1},{"tag":"trial_384_20260523-122212","value":2198.3569,"counts":[41,41],"control":{"maxit":100,"factr":1000000000,"pgtol":0,"trace":0,"method":"L-BFGS-B"},"convergence":0,"message":"CONVERGENCE: REL_REDUCTION_OF_F <= FACTR*EPSMCH","nat_par":{"lka":2.2392741566,"lcl":2.1976526463,"lvc":3.0243995422,"CcPropSd":0.3402571232,"etaLcl":0.11112177662,"etaLvc":0.027301812423,"(etaLcl,etaLvc)":0.053555874498,"rho_(etaLcl,etaLvc)":0.97232575109},"failed_clients":[],"attempt":1,"files":{"result":"/project/temp/deferiprone_single_oral_25mgkg_designcheck_20260511/validation/design_change_n403030_wtmclustT10_nomix_site403030_nondesignquota_precisionchol_basefitbootinit_preboot_20260521/runs/scenario2/bootstrap/federated/scenario2/raw_runs/run_20260523-121320/optim_result_trial_384_20260523-122212.json","trace":"/project/temp/deferiprone_single_oral_25mgkg_designcheck_20260511/validation/design_change_n403030_wtmclustT10_nomix_site403030_nondesignquota_precisionchol_basefitbootinit_preboot_20260521/runs/scenario2/bootstrap/federated/scenario2/raw_runs/run_20260523-121320/optim_trace_trial_384_20260523-122212.csv","final":"/project/temp/deferiprone_single_oral_25mgkg_designcheck_20260511/validation/design_change_n403030_wtmclustT10_nomix_site403030_nondesignquota_precisionchol_basefitbootinit_preboot_20260521/runs/scenario2/bootstrap/federated/scenario2/raw_runs/run_20260523-121320/final_params_trial_384_20260523-122212.csv"},"log_n":40,"execution_state":"completed","trial":384,"attempts":1},{"tag":"trial_385_20260523-122718","value":2199.8132,"counts":[16,16],"control":{"maxit":100,"factr":1000000000,"pgtol":0,"trace":0,"method":"L-BFGS-B"},"convergence":0,"message":"CONVERGENCE: REL_REDUCTION_OF_F <= FACTR*EPSMCH","nat_par":{"lka":2.2553741064,"lcl":2.1944468307,"lvc":2.9994966626,"CcPropSd":0.3432682334,"etaLcl":0.1232448626,"etaLvc":0.045982153565,"(etaLcl,etaLvc)":0.074019128968,"rho_(etaLcl,etaLvc)":0.98325214819},"failed_clients":[],"attempt":1,"files":{"result":"/project/temp/deferiprone_single_oral_25mgkg_designcheck_20260511/validation/design_change_n403030_wtmclustT10_nomix_site403030_nondesignquota_precisionchol_basefitbootinit_preboot_20260521/runs/scenario2/bootstrap/federated/scenario2/raw_runs/run_20260523-121320/optim_result_trial_385_20260523-122718.json","trace":"/project/temp/deferiprone_single_oral_25mgkg_designcheck_20260511/validation/design_change_n403030_wtmclustT10_nomix_site403030_nondesignquota_precisionchol_basefitbootinit_preboot_20260521/runs/scenario2/bootstrap/federated/scenario2/raw_runs/run_20260523-121320/optim_trace_trial_385_20260523-122718.csv","final":"/project/temp/deferiprone_single_oral_25mgkg_designcheck_20260511/validation/design_change_n403030_wtmclustT10_nomix_site403030_nondesignquota_precisionchol_basefitbootinit_preboot_20260521/runs/scenario2/bootstrap/federated/scenario2/raw_runs/run_20260523-121320/final_params_trial_385_20260523-122718.csv"},"log_n":16,"execution_state":"completed","trial":385,"attempts":1}],"trial_status":[{"trial":381,"execution_state":"completed","converged":true,"attempts":1,"convergence":0,"value":2233.6044,"eval_fn":19,"eval_gr":19,"log_n":19,"failed_clients_n":0,"message":"CONVERGENCE: REL_REDUCTION_OF_F <= FACTR*EPSMCH","result_file":"/project/temp/deferiprone_single_oral_25mgkg_designcheck_20260511/validation/design_change_n403030_wtmclustT10_nomix_site403030_nondesignquota_precisionchol_basefitbootinit_preboot_20260521/runs/scenario2/bootstrap/federated/scenario2/raw_runs/run_20260523-121320/optim_result_trial_381_20260523-121320.json","trace_file":"/project/temp/deferiprone_single_oral_25mgkg_designcheck_20260511/validation/design_change_n403030_wtmclustT10_nomix_site403030_nondesignquota_precisionchol_basefitbootinit_preboot_20260521/runs/scenario2/bootstrap/federated/scenario2/raw_runs/run_20260523-121320/optim_trace_trial_381_20260523-121320.csv","final_file":"/project/temp/deferiprone_single_oral_25mgkg_designcheck_20260511/validation/design_change_n403030_wtmclustT10_nomix_site403030_nondesignquota_precisionchol_basefitbootinit_preboot_20260521/runs/scenario2/bootstrap/federated/scenario2/raw_runs/run_20260523-121320/final_params_trial_381_20260523-121320.csv"},{"trial":382,"execution_state":"completed","converged":true,"attempts":1,"convergence":0,"value":2212.6992,"eval_fn":24,"eval_gr":24,"log_n":24,"failed_clients_n":0,"message":"CONVERGENCE: REL_REDUCTION_OF_F <= FACTR*EPSMCH","result_file":"/project/temp/deferiprone_single_oral_25mgkg_designcheck_20260511/validation/design_change_n403030_wtmclustT10_nomix_site403030_nondesignquota_precisionchol_basefitbootinit_preboot_20260521/runs/scenario2/bootstrap/federated/scenario2/raw_runs/run_20260523-121320/optim_result_trial_382_20260523-121545.json","trace_file":"/project/temp/deferiprone_single_oral_25mgkg_designcheck_20260511/validation/design_change_n403030_wtmclustT10_nomix_site403030_nondesignquota_precisionchol_basefitbootinit_preboot_20260521/runs/scenario2/bootstrap/federated/scenario2/raw_runs/run_20260523-121320/optim_trace_trial_382_20260523-121545.csv","final_file":"/project/temp/deferiprone_single_oral_25mgkg_designcheck_20260511/validation/design_change_n403030_wtmclustT10_nomix_site403030_nondesignquota_precisionchol_basefitbootinit_preboot_20260521/runs/scenario2/bootstrap/federated/scenario2/raw_runs/run_20260523-121320/final_params_trial_382_20260523-121545.csv"},{"trial":383,"execution_state":"completed","converged":true,"attempts":1,"convergence":0,"value":2247.8999,"eval_fn":27,"eval_gr":27,"log_n":27,"failed_clients_n":0,"message":"CONVERGENCE: REL_REDUCTION_OF_F <= FACTR*EPSMCH","result_file":"/project/temp/deferiprone_single_oral_25mgkg_designcheck_20260511/validation/design_change_n403030_wtmclustT10_nomix_site403030_nondesignquota_precisionchol_basefitbootinit_preboot_20260521/runs/scenario2/bootstrap/federated/scenario2/raw_runs/run_20260523-121320/optim_result_trial_383_20260523-121848.json","trace_file":"/project/temp/deferiprone_single_oral_25mgkg_designcheck_20260511/validation/design_change_n403030_wtmclustT10_nomix_site403030_nondesignquota_precisionchol_basefitbootinit_preboot_20260521/runs/scenario2/bootstrap/federated/scenario2/raw_runs/run_20260523-121320/optim_trace_trial_383_20260523-121848.csv","final_file":"/project/temp/deferiprone_single_oral_25mgkg_designcheck_20260511/validation/design_change_n403030_wtmclustT10_nomix_site403030_nondesignquota_precisionchol_basefitbootinit_preboot_20260521/runs/scenario2/bootstrap/federated/scenario2/raw_runs/run_20260523-121320/final_params_trial_383_20260523-121848.csv"},{"trial":384,"execution_state":"completed","converged":true,"attempts":1,"convergence":0,"value":2198.3569,"eval_fn":41,"eval_gr":41,"log_n":40,"failed_clients_n":0,"message":"CONVERGENCE: REL_REDUCTION_OF_F <= FACTR*EPSMCH","result_file":"/project/temp/deferiprone_single_oral_25mgkg_designcheck_20260511/validation/design_change_n403030_wtmclustT10_nomix_site403030_nondesignquota_precisionchol_basefitbootinit_preboot_20260521/runs/scenario2/bootstrap/federated/scenario2/raw_runs/run_20260523-121320/optim_result_trial_384_20260523-122212.json","trace_file":"/project/temp/deferiprone_single_oral_25mgkg_designcheck_20260511/validation/design_change_n403030_wtmclustT10_nomix_site403030_nondesignquota_precisionchol_basefitbootinit_preboot_20260521/runs/scenario2/bootstrap/federated/scenario2/raw_runs/run_20260523-121320/optim_trace_trial_384_20260523-122212.csv","final_file":"/project/temp/deferiprone_single_oral_25mgkg_designcheck_20260511/validation/design_change_n403030_wtmclustT10_nomix_site403030_nondesignquota_precisionchol_basefitbootinit_preboot_20260521/runs/scenario2/bootstrap/federated/scenario2/raw_runs/run_20260523-121320/final_params_trial_384_20260523-122212.csv"},{"trial":385,"execution_state":"completed","converged":true,"attempts":1,"convergence":0,"value":2199.8132,"eval_fn":16,"eval_gr":16,"log_n":16,"failed_clients_n":0,"message":"CONVERGENCE: REL_REDUCTION_OF_F <= FACTR*EPSMCH","result_file":"/project/temp/deferiprone_single_oral_25mgkg_designcheck_20260511/validation/design_change_n403030_wtmclustT10_nomix_site403030_nondesignquota_precisionchol_basefitbootinit_preboot_20260521/runs/scenario2/bootstrap/federated/scenario2/raw_runs/run_20260523-121320/optim_result_trial_385_20260523-122718.json","trace_file":"/project/temp/deferiprone_single_oral_25mgkg_designcheck_20260511/validation/design_change_n403030_wtmclustT10_nomix_site403030_nondesignquota_precisionchol_basefitbootinit_preboot_20260521/runs/scenario2/bootstrap/federated/scenario2/raw_runs/run_20260523-121320/optim_trace_trial_385_20260523-122718.csv","final_file":"/project/temp/deferiprone_single_oral_25mgkg_designcheck_20260511/validation/design_change_n403030_wtmclustT10_nomix_site403030_nondesignquota_precisionchol_basefitbootinit_preboot_20260521/runs/scenario2/bootstrap/federated/scenario2/raw_runs/run_20260523-121320/final_params_trial_385_20260523-122718.csv"}],"info":{"run_id":"20260523-121320","log_base_dir":"/project/temp/deferiprone_single_oral_25mgkg_designcheck_20260511/validation/design_change_n403030_wtmclustT10_nomix_site403030_nondesignquota_precisionchol_basefitbootinit_preboot_20260521/runs/scenario2/bootstrap/federated","scenario":"scenario2/raw_runs","total_trials":5,"successes":5,"failures":0,"nonconverged_count":0,"nonconverged_trials":[],"convergence_missing_count":0,"seed_base":4869,"B_per_client":500,"duration_sec":967.1388475895,"host":"a6eae63bdf84","image_tag":null,"communication":{"generated_at":"2026-05-23T12:29:21Z","totals":{"requests":759,"request_bytes":845961,"response_bytes":192786,"total_bytes":1038747,"retries":0},"init":{"requests":3,"request_bytes":8139,"response_bytes":1161,"total_bytes":9300,"retries":0,"median_elapsed_sec":0.3644464016},"init_round_latency":{"n_rounds":1,"median_round_wall_sec":0.36655473709,"p95_round_wall_sec":0.36655473709},"run":{"requests":0,"request_bytes":0,"response_bytes":0,"total_bytes":0,"retries":0,"median_elapsed_sec":"NA"},"run_bootstrap":{"requests":756,"request_bytes":837822,"response_bytes":191625,"total_bytes":1029447,"retries":0,"median_elapsed_sec":3.6616235971},"round_latency":{"n_rounds":252,"median_round_wall_sec":3.77406919,"p95_round_wall_sec":4.0654479027},"timing_split":{"n_rounds":252,"rounds_with_compute":252,"total_round_wall_sec":955.9863493443,"total_round_compute_wall_sec":947.6764,"total_round_comm_overhead_wall_sec":8.3099493443,"comm_overhead_ratio":0.0086925397522,"compute_ratio":0.99130746025}},"communication_files":{"csv":"/project/temp/deferiprone_single_oral_25mgkg_designcheck_20260511/validation/design_change_n403030_wtmclustT10_nomix_site403030_nondesignquota_precisionchol_basefitbootinit_preboot_20260521/runs/scenario2/bootstrap/federated/scenario2/raw_runs/run_20260523-121320/comm_metrics.csv","json":"/project/temp/deferiprone_single_oral_25mgkg_designcheck_20260511/validation/design_change_n403030_wtmclustT10_nomix_site403030_nondesignquota_precisionchol_basefitbootinit_preboot_20260521/runs/scenario2/bootstrap/federated/scenario2/raw_runs/run_20260523-121320/comm_metrics.json"},"output_files":{"bootstrap_summary_csv":"/project/temp/deferiprone_single_oral_25mgkg_designcheck_20260511/validation/design_change_n403030_wtmclustT10_nomix_site403030_nondesignquota_precisionchol_basefitbootinit_preboot_20260521/runs/scenario2/bootstrap/federated/scenario2/raw_runs/run_20260523-121320/bootstrap_summary.csv","bootstrap_summary_json":"/project/temp/deferiprone_single_oral_25mgkg_designcheck_20260511/validation/design_change_n403030_wtmclustT10_nomix_site403030_nondesignquota_precisionchol_basefitbootinit_preboot_20260521/runs/scenario2/bootstrap/federated/scenario2/raw_runs/run_20260523-121320/bootstrap_summary.json","trial_status_csv":"/project/temp/deferiprone_single_oral_25mgkg_designcheck_20260511/validation/design_change_n403030_wtmclustT10_nomix_site403030_nondesignquota_precisionchol_basefitbootinit_preboot_20260521/runs/scenario2/bootstrap/federated/scenario2/raw_runs/run_20260523-121320/trial_status.csv","failed_trials_csv":"/project/temp/deferiprone_single_oral_25mgkg_designcheck_20260511/validation/design_change_n403030_wtmclustT10_nomix_site403030_nondesignquota_precisionchol_basefitbootinit_preboot_20260521/runs/scenario2/bootstrap/federated/scenario2/raw_runs/run_20260523-121320/failed_trials.csv","trial_estimates_wide_csv":"/project/temp/deferiprone_single_oral_25mgkg_designcheck_20260511/validation/design_change_n403030_wtmclustT10_nomix_site403030_nondesignquota_precisionchol_basefitbootinit_preboot_20260521/runs/scenario2/bootstrap/federated/scenario2/raw_runs/run_20260523-121320/trial_estimates_wide.csv","trial_estimates_long_csv":"/project/temp/deferiprone_single_oral_25mgkg_designcheck_20260511/validation/design_change_n403030_wtmclustT10_nomix_site403030_nondesignquota_precisionchol_basefitbootinit_preboot_20260521/runs/scenario2/bootstrap/federated/scenario2/raw_runs/run_20260523-121320/trial_estimates_long.csv","result_json":"/project/temp/deferiprone_single_oral_25mgkg_designcheck_20260511/validation/design_change_n403030_wtmclustT10_nomix_site403030_nondesignquota_precisionchol_basefitbootinit_preboot_20260521/runs/scenario2/bootstrap/federated/scenario2/raw_runs/run_20260523-121320/result.json"}}}
[Kserver-1 exited with code 0
Aborting on container exit...
 Container defboot_design_change_n403030_wtmclu_scenario2_381_385-server-1  Stopping
 Container defboot_design_change_n403030_wtmclu_scenario2_381_385-server-1  Stopped
 Container defboot_design_change_n403030_wtmclu_scenario2_381_385-client3-1  Stopping
 Container defboot_design_change_n403030_wtmclu_scenario2_381_385-client1-1  Stopping
 Container defboot_design_change_n403030_wtmclu_scenario2_381_385-client2-1  Stopping
 Container defboot_design_change_n403030_wtmclu_scenario2_381_385-client2-1  Stopped
 Container defboot_design_change_n403030_wtmclu_scenario2_381_385-client3-1  Stopped
 Container defboot_design_change_n403030_wtmclu_scenario2_381_385-client1-1  Stopped
time="2026-05-23T21:29:32+09:00" level=warning msg="The \"SERVER_CONFIG_PATH\" variable is not set. Defaulting to a blank string."
 Container defboot_design_change_n403030_wtmclu_scenario2_381_385-server-1  Stopping
 Container defboot_design_change_n403030_wtmclu_scenario2_381_385-server-1  Stopped
 Container defboot_design_change_n403030_wtmclu_scenario2_381_385-server-1  Removing
 Container defboot_design_change_n403030_wtmclu_scenario2_381_385-server-1  Removed
 Container defboot_design_change_n403030_wtmclu_scenario2_381_385-client3-1  Stopping
 Container defboot_design_change_n403030_wtmclu_scenario2_381_385-client1-1  Stopping
 Container defboot_design_change_n403030_wtmclu_scenario2_381_385-client2-1  Stopping
 Container defboot_design_change_n403030_wtmclu_scenario2_381_385-client3-1  Stopped
 Container defboot_design_change_n403030_wtmclu_scenario2_381_385-client3-1  Removing
 Container defboot_design_change_n403030_wtmclu_scenario2_381_385-client2-1  Stopped
 Container defboot_design_change_n403030_wtmclu_scenario2_381_385-client2-1  Removing
 Container defboot_design_change_n403030_wtmclu_scenario2_381_385-client1-1  Stopped
 Container defboot_design_change_n403030_wtmclu_scenario2_381_385-client1-1  Removing
 Container defboot_design_change_n403030_wtmclu_scenario2_381_385-client1-1  Removed
 Container defboot_design_change_n403030_wtmclu_scenario2_381_385-client3-1  Removed
 Container defboot_design_change_n403030_wtmclu_scenario2_381_385-client2-1  Removed
 Network defboot_design_change_n403030_wtmclu_scenario2_381_385_site2_net  Removing
 Network defboot_design_change_n403030_wtmclu_scenario2_381_385_site1_net  Removing
 Network defboot_design_change_n403030_wtmclu_scenario2_381_385_site3_net  Removing
 Network defboot_design_change_n403030_wtmclu_scenario2_381_385_site2_net  Removed
 Network defboot_design_change_n403030_wtmclu_scenario2_381_385_site1_net  Removed
 Network defboot_design_change_n403030_wtmclu_scenario2_381_385_site3_net  Removed
