time="2026-05-23T18:40:36+09:00" level=warning msg="The \"SERVER_CONFIG_PATH\" variable is not set. Defaulting to a blank string."
Compose now can delegate build to bake for better performances
Just set COMPOSE_BAKE=true
#0 building with "default" instance using docker driver

#1 [client2 internal] load build definition from Dockerfile.app
#1 transferring dockerfile: 778B done
#1 DONE 0.0s

#2 [client1 internal] load build definition from Dockerfile.app
#2 transferring dockerfile: 778B done
#2 DONE 0.0s

#3 [client3 internal] load build definition from Dockerfile.app
#3 transferring dockerfile: 778B done
#3 DONE 0.0s

#4 [client3 internal] load metadata for docker.io/fedpoppk/base:0.1.0
#4 DONE 0.0s

#5 [client2 internal] load .dockerignore
#5 transferring context: 2B done
#5 DONE 0.0s

#6 [client1 internal] load .dockerignore
#6 transferring context: 2B done
#6 DONE 0.0s

#7 [client1 1/8] FROM docker.io/fedpoppk/base:0.1.0
#7 DONE 0.0s

#8 [client3 internal] load .dockerignore
#8 transferring context: 2B done
#8 DONE 0.0s

#9 [client2 internal] load build context
#9 transferring context: 736.51kB 0.3s done
#9 DONE 0.3s

#10 [client1 internal] load build context
#10 transferring context: 736.51kB 0.3s done
#10 DONE 0.3s

#11 [client3 internal] load build context
#11 transferring context: 736.51kB 0.3s done
#11 DONE 0.3s

#12 [client2 7/8] COPY analysis/ analysis/
#12 CACHED

#13 [client2 5/8] COPY apps/ apps/
#13 CACHED

#14 [client2 2/8] WORKDIR /project
#14 CACHED

#15 [client2 4/8] RUN Rscript -e "options(renv.consent=TRUE, Ncpus=parallel::detectCores());                 renv::restore(prompt=FALSE)"
#15 CACHED

#16 [client2 3/8] COPY renv.lock .Rprofile renv/activate.R ./
#16 CACHED

#17 [client2 6/8] COPY R/ R/
#17 CACHED

#18 [client1 8/8] RUN mkdir -p /project/configs/modes /project/data /project/artifacts /project/result
#18 CACHED

#19 [client2] exporting to image
#19 exporting layers done
#19 writing image sha256:c0c48a367595309e711ae85bc064ceb23c71e520b10e8d1be6578df2c591a4b0 done
#19 naming to docker.io/library/defboot_design_change_n403030_wtmclu_scenario2_331_335-client2 0.0s done
#19 DONE 0.0s

#20 [client1] exporting to image
#20 exporting layers done
#20 writing image sha256:c120b4b2b3b26b1f103d25b06afe77a0e3c502ad004d227e492ad5c3b701a98a done
#20 naming to docker.io/library/defboot_design_change_n403030_wtmclu_scenario2_331_335-client1 0.0s done
#20 DONE 0.1s

#21 [client3] exporting to image
#21 exporting layers done
#21 writing image sha256:a4543a10f68b7dffb16f7e5a1c2d28eb1bd993ec7ea4f649dc8e8aa39e42dc11 done
#21 naming to docker.io/library/defboot_design_change_n403030_wtmclu_scenario2_331_335-client3 0.1s done
#21 DONE 0.1s

#22 [client3] resolving provenance for metadata file
#22 DONE 0.0s

#23 [client2] resolving provenance for metadata file
#23 DONE 0.0s

#24 [client1] resolving provenance for metadata file
#24 DONE 0.0s

#25 [server internal] load build definition from Dockerfile.app
#25 transferring dockerfile: 778B done
#25 DONE 0.0s

#4 [server internal] load metadata for docker.io/fedpoppk/base:0.1.0
#4 DONE 0.0s

#26 [server internal] load .dockerignore
#26 transferring context: 2B done
#26 DONE 0.0s

#7 [server 1/8] FROM docker.io/fedpoppk/base:0.1.0
#7 DONE 0.0s

#27 [server internal] load build context
#27 transferring context: 736.51kB 0.3s done
#27 DONE 0.4s

#28 [server 4/8] RUN Rscript -e "options(renv.consent=TRUE, Ncpus=parallel::detectCores());                 renv::restore(prompt=FALSE)"
#28 CACHED

#29 [server 3/8] COPY renv.lock .Rprofile renv/activate.R ./
#29 CACHED

#30 [server 5/8] COPY apps/ apps/
#30 CACHED

#31 [server 6/8] COPY R/ R/
#31 CACHED

#32 [server 7/8] COPY analysis/ analysis/
#32 CACHED

#14 [server 2/8] WORKDIR /project
#14 CACHED

#33 [server 8/8] RUN mkdir -p /project/configs/modes /project/data /project/artifacts /project/result
#33 CACHED

#34 [server] exporting to image
#34 exporting layers done
#34 writing image sha256:3847be9351de8c6cec44441523f60bd65b1a334b1462d4589473e648b38d390a done
#34 naming to docker.io/library/defboot_design_change_n403030_wtmclu_scenario2_331_335-server 0.0s done
#34 DONE 0.0s

#35 [server] resolving provenance for metadata file
#35 DONE 0.0s
 client1  Built
 client2  Built
 client3  Built
 server  Built
 Network defboot_design_change_n403030_wtmclu_scenario2_331_335_site1_net  Creating
 Network defboot_design_change_n403030_wtmclu_scenario2_331_335_site1_net  Created
 Network defboot_design_change_n403030_wtmclu_scenario2_331_335_site2_net  Creating
 Network defboot_design_change_n403030_wtmclu_scenario2_331_335_site2_net  Created
 Network defboot_design_change_n403030_wtmclu_scenario2_331_335_site3_net  Creating
 Network defboot_design_change_n403030_wtmclu_scenario2_331_335_site3_net  Created
 Container defboot_design_change_n403030_wtmclu_scenario2_331_335-client2-1  Creating
 Container defboot_design_change_n403030_wtmclu_scenario2_331_335-client3-1  Creating
 Container defboot_design_change_n403030_wtmclu_scenario2_331_335-client1-1  Creating
 Container defboot_design_change_n403030_wtmclu_scenario2_331_335-client2-1  Created
 Container defboot_design_change_n403030_wtmclu_scenario2_331_335-client3-1  Created
 Container defboot_design_change_n403030_wtmclu_scenario2_331_335-client1-1  Created
 Container defboot_design_change_n403030_wtmclu_scenario2_331_335-server-1  Creating
 Container defboot_design_change_n403030_wtmclu_scenario2_331_335-server-1  Created
Attaching to client1-1, client2-1, client3-1, server-1
client2-1  | Running plumber API at http://0.0.0.0:8000
client2-1  | Running swagger Docs at http://127.0.0.1:8000/__docs__/
client3-1  | Running plumber API at http://0.0.0.0:8000
client1-1  | Running plumber API at http://0.0.0.0:8000
client3-1  | Running swagger Docs at http://127.0.0.1:8000/__docs__/
client1-1  | Running swagger Docs at http://127.0.0.1:8000/__docs__/
client2-1  | ℹ parameter labels from comments are typically ignored in non-interactive mode
client1-1  | ℹ parameter labels from comments are typically ignored in non-interactive mode
client2-1  | ℹ Need to run with the source intact to parse comments
client1-1  | ℹ Need to run with the source intact to parse comments
client3-1  | ℹ parameter labels from comments are typically ignored in non-interactive mode
client3-1  | ℹ Need to run with the source intact to parse comments
server-1   | [send_init] http://client1:8000 init succeeded
server-1   | [send_init] http://client2:8000 init succeeded
server-1   | [send_init] http://client3:8000 init succeeded
server-1   | {"schema":{"schema_version":"1.1.0","generated_at":"2026-05-23T09:40:45Z","config_path":"/project/configs/../temp/deferiprone_single_oral_25mgkg_designcheck_20260511/validation/design_change_n403030_wtmclustT10_nomix_site403030_nondesignquota_precisionchol_basefitbootinit_preboot_20260521/configs/resolved/scenario2_bootstrap.json","config_md5":"67e6a296d3935d620e746ed6160f8ca2","seed":4869,"host":"5ce9df8d6876","pid":1,"image_tag":null,"git_sha":null,"git_dirty":null},"aggregation":{"ci_method":"percentile","ci_level":0.95,"quantile_type":7,"estimates_scale":"natural"},"summary":[{"parameter":"(etaLcl,etaLvc)","median":0.070269804002,"p2.5":0.051484467186,"p97.5":0.077953674469},{"parameter":"CcPropSd","median":0.34612063879,"p2.5":0.30989117842,"p97.5":0.38822791271},{"parameter":"etaLcl","median":0.11008591544,"p2.5":0.081714614714,"p97.5":0.11128128705},{"parameter":"etaLvc","median":0.045896466672,"p2.5":0.033949550661,"p97.5":0.056750126899},{"parameter":"lcl","median":2.1501053683,"p2.5":2.110976411,"p97.5":2.238767717},{"parameter":"lka","median":2.234706601,"p2.5":2.0787702541,"p97.5":2.2549670664},{"parameter":"lvc","median":2.9574324478,"p2.5":2.9165365676,"p97.5":3.0163054757},{"parameter":"rho_(etaLcl,etaLvc)","median":0.98322015406,"p2.5":0.97746957708,"p97.5":0.98628223127}],"runs":[{"tag":"trial_331_20260523-094045","value":2225.4724,"counts":[19,19],"control":{"maxit":100,"factr":1000000000,"pgtol":0,"trace":0,"method":"L-BFGS-B"},"convergence":0,"message":"CONVERGENCE: REL_REDUCTION_OF_F <= FACTR*EPSMCH","nat_par":{"lka":2.1496891058,"lcl":2.1590611549,"lvc":2.9949719418,"CcPropSd":0.35870522536,"etaLcl":0.11008591544,"etaLvc":0.057915973877,"(etaLcl,etaLvc)":0.078778952456,"rho_(etaLcl,etaLvc)":0.98660915415},"failed_clients":[],"attempt":1,"files":{"result":"/project/temp/deferiprone_single_oral_25mgkg_designcheck_20260511/validation/design_change_n403030_wtmclustT10_nomix_site403030_nondesignquota_precisionchol_basefitbootinit_preboot_20260521/runs/scenario2/bootstrap/federated/scenario2/raw_runs/run_20260523-094045/optim_result_trial_331_20260523-094045.json","trace":"/project/temp/deferiprone_single_oral_25mgkg_designcheck_20260511/validation/design_change_n403030_wtmclustT10_nomix_site403030_nondesignquota_precisionchol_basefitbootinit_preboot_20260521/runs/scenario2/bootstrap/federated/scenario2/raw_runs/run_20260523-094045/optim_trace_trial_331_20260523-094045.csv","final":"/project/temp/deferiprone_single_oral_25mgkg_designcheck_20260511/validation/design_change_n403030_wtmclustT10_nomix_site403030_nondesignquota_precisionchol_basefitbootinit_preboot_20260521/runs/scenario2/bootstrap/federated/scenario2/raw_runs/run_20260523-094045/final_params_trial_331_20260523-094045.csv"},"log_n":19,"execution_state":"completed","trial":331,"attempts":1},{"tag":"trial_332_20260523-094309","value":2252.1418,"counts":[34,34],"control":{"maxit":100,"factr":1000000000,"pgtol":0,"trace":0,"method":"L-BFGS-B"},"convergence":0,"message":"CONVERGENCE: REL_REDUCTION_OF_F <= FACTR*EPSMCH","nat_par":{"lka":2.0708903817,"lcl":2.1501053683,"lvc":2.9574324478,"CcPropSd":0.3915082113,"etaLcl":0.11120161374,"etaLvc":0.046257504103,"(etaLcl,etaLvc)":0.070526172578,"rho_(etaLcl,etaLvc)":0.98333992537},"failed_clients":[],"attempt":1,"files":{"result":"/project/temp/deferiprone_single_oral_25mgkg_designcheck_20260511/validation/design_change_n403030_wtmclustT10_nomix_site403030_nondesignquota_precisionchol_basefitbootinit_preboot_20260521/runs/scenario2/bootstrap/federated/scenario2/raw_runs/run_20260523-094045/optim_result_trial_332_20260523-094309.json","trace":"/project/temp/deferiprone_single_oral_25mgkg_designcheck_20260511/validation/design_change_n403030_wtmclustT10_nomix_site403030_nondesignquota_precisionchol_basefitbootinit_preboot_20260521/runs/scenario2/bootstrap/federated/scenario2/raw_runs/run_20260523-094045/optim_trace_trial_332_20260523-094309.csv","final":"/project/temp/deferiprone_single_oral_25mgkg_designcheck_20260511/validation/design_change_n403030_wtmclustT10_nomix_site403030_nondesignquota_precisionchol_basefitbootinit_preboot_20260521/runs/scenario2/bootstrap/federated/scenario2/raw_runs/run_20260523-094045/final_params_trial_332_20260523-094309.csv"},"log_n":34,"execution_state":"completed","trial":332,"attempts":1},{"tag":"trial_333_20260523-094727","value":2167.3479,"counts":[16,16],"control":{"maxit":100,"factr":1000000000,"pgtol":0,"trace":0,"method":"L-BFGS-B"},"convergence":0,"message":"CONVERGENCE: REL_REDUCTION_OF_F <= FACTR*EPSMCH","nat_par":{"lka":2.2555273409,"lcl":2.2476240017,"lvc":3.0186758683,"CcPropSd":0.34612063879,"etaLcl":0.094922176382,"etaLvc":0.037966209066,"(etaLcl,etaLvc)":0.058820119737,"rho_(etaLcl,etaLvc)":0.97981355473},"failed_clients":[],"attempt":1,"files":{"result":"/project/temp/deferiprone_single_oral_25mgkg_designcheck_20260511/validation/design_change_n403030_wtmclustT10_nomix_site403030_nondesignquota_precisionchol_basefitbootinit_preboot_20260521/runs/scenario2/bootstrap/federated/scenario2/raw_runs/run_20260523-094045/optim_result_trial_333_20260523-094727.json","trace":"/project/temp/deferiprone_single_oral_25mgkg_designcheck_20260511/validation/design_change_n403030_wtmclustT10_nomix_site403030_nondesignquota_precisionchol_basefitbootinit_preboot_20260521/runs/scenario2/bootstrap/federated/scenario2/raw_runs/run_20260523-094045/optim_trace_trial_333_20260523-094727.csv","final":"/project/temp/deferiprone_single_oral_25mgkg_designcheck_20260511/validation/design_change_n403030_wtmclustT10_nomix_site403030_nondesignquota_precisionchol_basefitbootinit_preboot_20260521/runs/scenario2/bootstrap/federated/scenario2/raw_runs/run_20260523-094045/final_params_trial_333_20260523-094727.csv"},"log_n":16,"execution_state":"completed","trial":333,"attempts":1},{"tag":"trial_334_20260523-094930","value":2203.2146,"counts":[21,21],"control":{"maxit":100,"factr":1000000000,"pgtol":0,"trace":0,"method":"L-BFGS-B"},"convergence":0,"message":"CONVERGENCE: REL_REDUCTION_OF_F <= FACTR*EPSMCH","nat_par":{"lka":2.2499245956,"lcl":2.1076810098,"lvc":2.9165166128,"CcPropSd":0.31852193261,"etaLcl":0.11129013964,"etaLvc":0.045896466672,"(etaLcl,etaLvc)":0.070269804002,"rho_(etaLcl,etaLvc)":0.98322015406},"failed_clients":[],"attempt":1,"files":{"result":"/project/temp/deferiprone_single_oral_25mgkg_designcheck_20260511/validation/design_change_n403030_wtmclustT10_nomix_site403030_nondesignquota_precisionchol_basefitbootinit_preboot_20260521/runs/scenario2/bootstrap/federated/scenario2/raw_runs/run_20260523-094045/optim_result_trial_334_20260523-094930.json","trace":"/project/temp/deferiprone_single_oral_25mgkg_designcheck_20260511/validation/design_change_n403030_wtmclustT10_nomix_site403030_nondesignquota_precisionchol_basefitbootinit_preboot_20260521/runs/scenario2/bootstrap/federated/scenario2/raw_runs/run_20260523-094045/optim_trace_trial_334_20260523-094930.csv","final":"/project/temp/deferiprone_single_oral_25mgkg_designcheck_20260511/validation/design_change_n403030_wtmclustT10_nomix_site403030_nondesignquota_precisionchol_basefitbootinit_preboot_20260521/runs/scenario2/bootstrap/federated/scenario2/raw_runs/run_20260523-094045/final_params_trial_334_20260523-094930.csv"},"log_n":21,"execution_state":"completed","trial":334,"attempts":1},{"tag":"trial_335_20260523-095211","value":2141.4298,"counts":[14,14],"control":{"maxit":100,"factr":1000000000,"pgtol":0,"trace":0,"method":"L-BFGS-B"},"convergence":0,"message":"CONVERGENCE: REL_REDUCTION_OF_F <= FACTR*EPSMCH","nat_par":{"lka":2.234706601,"lcl":2.1406350219,"lvc":2.9167161613,"CcPropSd":0.30893220573,"etaLcl":0.080247107862,"etaLvc":0.033503255283,"(etaLcl,etaLvc)":0.050669394681,"rho_(etaLcl,etaLvc)":0.97720913512},"failed_clients":[],"attempt":1,"files":{"result":"/project/temp/deferiprone_single_oral_25mgkg_designcheck_20260511/validation/design_change_n403030_wtmclustT10_nomix_site403030_nondesignquota_precisionchol_basefitbootinit_preboot_20260521/runs/scenario2/bootstrap/federated/scenario2/raw_runs/run_20260523-094045/optim_result_trial_335_20260523-095211.json","trace":"/project/temp/deferiprone_single_oral_25mgkg_designcheck_20260511/validation/design_change_n403030_wtmclustT10_nomix_site403030_nondesignquota_precisionchol_basefitbootinit_preboot_20260521/runs/scenario2/bootstrap/federated/scenario2/raw_runs/run_20260523-094045/optim_trace_trial_335_20260523-095211.csv","final":"/project/temp/deferiprone_single_oral_25mgkg_designcheck_20260511/validation/design_change_n403030_wtmclustT10_nomix_site403030_nondesignquota_precisionchol_basefitbootinit_preboot_20260521/runs/scenario2/bootstrap/federated/scenario2/raw_runs/run_20260523-094045/final_params_trial_335_20260523-095211.csv"},"log_n":14,"execution_state":"completed","trial":335,"attempts":1}],"trial_status":[{"trial":331,"execution_state":"completed","converged":true,"attempts":1,"convergence":0,"value":2225.4724,"eval_fn":19,"eval_gr":19,"log_n":19,"failed_clients_n":0,"message":"CONVERGENCE: REL_REDUCTION_OF_F <= FACTR*EPSMCH","result_file":"/project/temp/deferiprone_single_oral_25mgkg_designcheck_20260511/validation/design_change_n403030_wtmclustT10_nomix_site403030_nondesignquota_precisionchol_basefitbootinit_preboot_20260521/runs/scenario2/bootstrap/federated/scenario2/raw_runs/run_20260523-094045/optim_result_trial_331_20260523-094045.json","trace_file":"/project/temp/deferiprone_single_oral_25mgkg_designcheck_20260511/validation/design_change_n403030_wtmclustT10_nomix_site403030_nondesignquota_precisionchol_basefitbootinit_preboot_20260521/runs/scenario2/bootstrap/federated/scenario2/raw_runs/run_20260523-094045/optim_trace_trial_331_20260523-094045.csv","final_file":"/project/temp/deferiprone_single_oral_25mgkg_designcheck_20260511/validation/design_change_n403030_wtmclustT10_nomix_site403030_nondesignquota_precisionchol_basefitbootinit_preboot_20260521/runs/scenario2/bootstrap/federated/scenario2/raw_runs/run_20260523-094045/final_params_trial_331_20260523-094045.csv"},{"trial":332,"execution_state":"completed","converged":true,"attempts":1,"convergence":0,"value":2252.1418,"eval_fn":34,"eval_gr":34,"log_n":34,"failed_clients_n":0,"message":"CONVERGENCE: REL_REDUCTION_OF_F <= FACTR*EPSMCH","result_file":"/project/temp/deferiprone_single_oral_25mgkg_designcheck_20260511/validation/design_change_n403030_wtmclustT10_nomix_site403030_nondesignquota_precisionchol_basefitbootinit_preboot_20260521/runs/scenario2/bootstrap/federated/scenario2/raw_runs/run_20260523-094045/optim_result_trial_332_20260523-094309.json","trace_file":"/project/temp/deferiprone_single_oral_25mgkg_designcheck_20260511/validation/design_change_n403030_wtmclustT10_nomix_site403030_nondesignquota_precisionchol_basefitbootinit_preboot_20260521/runs/scenario2/bootstrap/federated/scenario2/raw_runs/run_20260523-094045/optim_trace_trial_332_20260523-094309.csv","final_file":"/project/temp/deferiprone_single_oral_25mgkg_designcheck_20260511/validation/design_change_n403030_wtmclustT10_nomix_site403030_nondesignquota_precisionchol_basefitbootinit_preboot_20260521/runs/scenario2/bootstrap/federated/scenario2/raw_runs/run_20260523-094045/final_params_trial_332_20260523-094309.csv"},{"trial":333,"execution_state":"completed","converged":true,"attempts":1,"convergence":0,"value":2167.3479,"eval_fn":16,"eval_gr":16,"log_n":16,"failed_clients_n":0,"message":"CONVERGENCE: REL_REDUCTION_OF_F <= FACTR*EPSMCH","result_file":"/project/temp/deferiprone_single_oral_25mgkg_designcheck_20260511/validation/design_change_n403030_wtmclustT10_nomix_site403030_nondesignquota_precisionchol_basefitbootinit_preboot_20260521/runs/scenario2/bootstrap/federated/scenario2/raw_runs/run_20260523-094045/optim_result_trial_333_20260523-094727.json","trace_file":"/project/temp/deferiprone_single_oral_25mgkg_designcheck_20260511/validation/design_change_n403030_wtmclustT10_nomix_site403030_nondesignquota_precisionchol_basefitbootinit_preboot_20260521/runs/scenario2/bootstrap/federated/scenario2/raw_runs/run_20260523-094045/optim_trace_trial_333_20260523-094727.csv","final_file":"/project/temp/deferiprone_single_oral_25mgkg_designcheck_20260511/validation/design_change_n403030_wtmclustT10_nomix_site403030_nondesignquota_precisionchol_basefitbootinit_preboot_20260521/runs/scenario2/bootstrap/federated/scenario2/raw_runs/run_20260523-094045/final_params_trial_333_20260523-094727.csv"},{"trial":334,"execution_state":"completed","converged":true,"attempts":1,"convergence":0,"value":2203.2146,"eval_fn":21,"eval_gr":21,"log_n":21,"failed_clients_n":0,"message":"CONVERGENCE: REL_REDUCTION_OF_F <= FACTR*EPSMCH","result_file":"/project/temp/deferiprone_single_oral_25mgkg_designcheck_20260511/validation/design_change_n403030_wtmclustT10_nomix_site403030_nondesignquota_precisionchol_basefitbootinit_preboot_20260521/runs/scenario2/bootstrap/federated/scenario2/raw_runs/run_20260523-094045/optim_result_trial_334_20260523-094930.json","trace_file":"/project/temp/deferiprone_single_oral_25mgkg_designcheck_20260511/validation/design_change_n403030_wtmclustT10_nomix_site403030_nondesignquota_precisionchol_basefitbootinit_preboot_20260521/runs/scenario2/bootstrap/federated/scenario2/raw_runs/run_20260523-094045/optim_trace_trial_334_20260523-094930.csv","final_file":"/project/temp/deferiprone_single_oral_25mgkg_designcheck_20260511/validation/design_change_n403030_wtmclustT10_nomix_site403030_nondesignquota_precisionchol_basefitbootinit_preboot_20260521/runs/scenario2/bootstrap/federated/scenario2/raw_runs/run_20260523-094045/final_params_trial_334_20260523-094930.csv"},{"trial":335,"execution_state":"completed","converged":true,"attempts":1,"convergence":0,"value":2141.4298,"eval_fn":14,"eval_gr":14,"log_n":14,"failed_clients_n":0,"message":"CONVERGENCE: REL_REDUCTION_OF_F <= FACTR*EPSMCH","result_file":"/project/temp/deferiprone_single_oral_25mgkg_designcheck_20260511/validation/design_change_n403030_wtmclustT10_nomix_site403030_nondesignquota_precisionchol_basefitbootinit_preboot_20260521/runs/scenario2/bootstrap/federated/scenario2/raw_runs/run_20260523-094045/optim_result_trial_335_20260523-095211.json","trace_file":"/project/temp/deferiprone_single_oral_25mgkg_designcheck_20260511/validation/design_change_n403030_wtmclustT10_nomix_site403030_nondesignquota_precisionchol_basefitbootinit_preboot_20260521/runs/scenario2/bootstrap/federated/scenario2/raw_runs/run_20260523-094045/optim_trace_trial_335_20260523-095211.csv","final_file":"/project/temp/deferiprone_single_oral_25mgkg_designcheck_20260511/validation/design_change_n403030_wtmclustT10_nomix_site403030_nondesignquota_precisionchol_basefitbootinit_preboot_20260521/runs/scenario2/bootstrap/federated/scenario2/raw_runs/run_20260523-094045/final_params_trial_335_20260523-095211.csv"}],"info":{"run_id":"20260523-094045","log_base_dir":"/project/temp/deferiprone_single_oral_25mgkg_designcheck_20260511/validation/design_change_n403030_wtmclustT10_nomix_site403030_nondesignquota_precisionchol_basefitbootinit_preboot_20260521/runs/scenario2/bootstrap/federated","scenario":"scenario2/raw_runs","total_trials":5,"successes":5,"failures":0,"nonconverged_count":0,"nonconverged_trials":[],"convergence_missing_count":0,"seed_base":4869,"B_per_client":500,"duration_sec":798.7322406769,"host":"5ce9df8d6876","image_tag":null,"communication":{"generated_at":"2026-05-23T09:53:58Z","totals":{"requests":627,"request_bytes":699813,"response_bytes":159441,"total_bytes":859254,"retries":0},"init":{"requests":3,"request_bytes":8139,"response_bytes":1161,"total_bytes":9300,"retries":0,"median_elapsed_sec":0.36545181274},"init_round_latency":{"n_rounds":1,"median_round_wall_sec":0.36779785156,"p95_round_wall_sec":0.36779785156},"run":{"requests":0,"request_bytes":0,"response_bytes":0,"total_bytes":0,"retries":0,"median_elapsed_sec":"NA"},"run_bootstrap":{"requests":624,"request_bytes":691674,"response_bytes":158280,"total_bytes":849954,"retries":0,"median_elapsed_sec":3.6506942511},"round_latency":{"n_rounds":208,"median_round_wall_sec":3.784499526,"p95_round_wall_sec":4.0293863177},"timing_split":{"n_rounds":208,"rounds_with_compute":208,"total_round_wall_sec":788.6202843189,"total_round_compute_wall_sec":781.8037,"total_round_comm_overhead_wall_sec":6.8165843189,"comm_overhead_ratio":0.0086436837277,"compute_ratio":0.99135631627}},"communication_files":{"csv":"/project/temp/deferiprone_single_oral_25mgkg_designcheck_20260511/validation/design_change_n403030_wtmclustT10_nomix_site403030_nondesignquota_precisionchol_basefitbootinit_preboot_20260521/runs/scenario2/bootstrap/federated/scenario2/raw_runs/run_20260523-094045/comm_metrics.csv","json":"/project/temp/deferiprone_single_oral_25mgkg_designcheck_20260511/validation/design_change_n403030_wtmclustT10_nomix_site403030_nondesignquota_precisionchol_basefitbootinit_preboot_20260521/runs/scenario2/bootstrap/federated/scenario2/raw_runs/run_20260523-094045/comm_metrics.json"},"output_files":{"bootstrap_summary_csv":"/project/temp/deferiprone_single_oral_25mgkg_designcheck_20260511/validation/design_change_n403030_wtmclustT10_nomix_site403030_nondesignquota_precisionchol_basefitbootinit_preboot_20260521/runs/scenario2/bootstrap/federated/scenario2/raw_runs/run_20260523-094045/bootstrap_summary.csv","bootstrap_summary_json":"/project/temp/deferiprone_single_oral_25mgkg_designcheck_20260511/validation/design_change_n403030_wtmclustT10_nomix_site403030_nondesignquota_precisionchol_basefitbootinit_preboot_20260521/runs/scenario2/bootstrap/federated/scenario2/raw_runs/run_20260523-094045/bootstrap_summary.json","trial_status_csv":"/project/temp/deferiprone_single_oral_25mgkg_designcheck_20260511/validation/design_change_n403030_wtmclustT10_nomix_site403030_nondesignquota_precisionchol_basefitbootinit_preboot_20260521/runs/scenario2/bootstrap/federated/scenario2/raw_runs/run_20260523-094045/trial_status.csv","failed_trials_csv":"/project/temp/deferiprone_single_oral_25mgkg_designcheck_20260511/validation/design_change_n403030_wtmclustT10_nomix_site403030_nondesignquota_precisionchol_basefitbootinit_preboot_20260521/runs/scenario2/bootstrap/federated/scenario2/raw_runs/run_20260523-094045/failed_trials.csv","trial_estimates_wide_csv":"/project/temp/deferiprone_single_oral_25mgkg_designcheck_20260511/validation/design_change_n403030_wtmclustT10_nomix_site403030_nondesignquota_precisionchol_basefitbootinit_preboot_20260521/runs/scenario2/bootstrap/federated/scenario2/raw_runs/run_20260523-094045/trial_estimates_wide.csv","trial_estimates_long_csv":"/project/temp/deferiprone_single_oral_25mgkg_designcheck_20260511/validation/design_change_n403030_wtmclustT10_nomix_site403030_nondesignquota_precisionchol_basefitbootinit_preboot_20260521/runs/scenario2/bootstrap/federated/scenario2/raw_runs/run_20260523-094045/trial_estimates_long.csv","result_json":"/project/temp/deferiprone_single_oral_25mgkg_designcheck_20260511/validation/design_change_n403030_wtmclustT10_nomix_site403030_nondesignquota_precisionchol_basefitbootinit_preboot_20260521/runs/scenario2/bootstrap/federated/scenario2/raw_runs/run_20260523-094045/result.json"}}}
[Kserver-1 exited with code 0
Aborting on container exit...
 Container defboot_design_change_n403030_wtmclu_scenario2_331_335-server-1  Stopping
 Container defboot_design_change_n403030_wtmclu_scenario2_331_335-server-1  Stopped
 Container defboot_design_change_n403030_wtmclu_scenario2_331_335-client2-1  Stopping
 Container defboot_design_change_n403030_wtmclu_scenario2_331_335-client3-1  Stopping
 Container defboot_design_change_n403030_wtmclu_scenario2_331_335-client1-1  Stopping
 Container defboot_design_change_n403030_wtmclu_scenario2_331_335-client2-1  Stopped
 Container defboot_design_change_n403030_wtmclu_scenario2_331_335-client1-1  Stopped
 Container defboot_design_change_n403030_wtmclu_scenario2_331_335-client3-1  Stopped
time="2026-05-23T18:54:08+09:00" level=warning msg="The \"SERVER_CONFIG_PATH\" variable is not set. Defaulting to a blank string."
 Container defboot_design_change_n403030_wtmclu_scenario2_331_335-server-1  Stopping
 Container defboot_design_change_n403030_wtmclu_scenario2_331_335-server-1  Stopped
 Container defboot_design_change_n403030_wtmclu_scenario2_331_335-server-1  Removing
 Container defboot_design_change_n403030_wtmclu_scenario2_331_335-server-1  Removed
 Container defboot_design_change_n403030_wtmclu_scenario2_331_335-client1-1  Stopping
 Container defboot_design_change_n403030_wtmclu_scenario2_331_335-client2-1  Stopping
 Container defboot_design_change_n403030_wtmclu_scenario2_331_335-client3-1  Stopping
 Container defboot_design_change_n403030_wtmclu_scenario2_331_335-client1-1  Stopped
 Container defboot_design_change_n403030_wtmclu_scenario2_331_335-client1-1  Removing
 Container defboot_design_change_n403030_wtmclu_scenario2_331_335-client3-1  Stopped
 Container defboot_design_change_n403030_wtmclu_scenario2_331_335-client3-1  Removing
 Container defboot_design_change_n403030_wtmclu_scenario2_331_335-client2-1  Stopped
 Container defboot_design_change_n403030_wtmclu_scenario2_331_335-client2-1  Removing
 Container defboot_design_change_n403030_wtmclu_scenario2_331_335-client1-1  Removed
 Container defboot_design_change_n403030_wtmclu_scenario2_331_335-client2-1  Removed
 Container defboot_design_change_n403030_wtmclu_scenario2_331_335-client3-1  Removed
 Network defboot_design_change_n403030_wtmclu_scenario2_331_335_site1_net  Removing
 Network defboot_design_change_n403030_wtmclu_scenario2_331_335_site2_net  Removing
 Network defboot_design_change_n403030_wtmclu_scenario2_331_335_site3_net  Removing
 Network defboot_design_change_n403030_wtmclu_scenario2_331_335_site1_net  Removed
 Network defboot_design_change_n403030_wtmclu_scenario2_331_335_site3_net  Removed
 Network defboot_design_change_n403030_wtmclu_scenario2_331_335_site2_net  Removed
