time="2026-05-23T17:44:00+09:00" level=warning msg="The \"SERVER_CONFIG_PATH\" variable is not set. Defaulting to a blank string."
Compose now can delegate build to bake for better performances
Just set COMPOSE_BAKE=true
#0 building with "default" instance using docker driver

#1 [client1 internal] load build definition from Dockerfile.app
#1 transferring dockerfile: 778B done
#1 DONE 0.0s

#2 [client2 internal] load build definition from Dockerfile.app
#2 transferring dockerfile: 778B done
#2 DONE 0.0s

#3 [client3 internal] load build definition from Dockerfile.app
#3 transferring dockerfile: 778B done
#3 DONE 0.0s

#4 [client3 internal] load metadata for docker.io/fedpoppk/base:0.1.0
#4 DONE 0.0s

#5 [client1 internal] load .dockerignore
#5 transferring context: 2B done
#5 DONE 0.0s

#6 [client2 internal] load .dockerignore
#6 transferring context: 2B done
#6 DONE 0.0s

#7 [client3 internal] load .dockerignore
#7 transferring context: 2B done
#7 DONE 0.0s

#8 [client3 1/8] FROM docker.io/fedpoppk/base:0.1.0
#8 DONE 0.0s

#9 [client1 internal] load build context
#9 transferring context: 736.51kB 0.3s done
#9 DONE 0.3s

#10 [client2 internal] load build context
#10 transferring context: 736.51kB 0.3s done
#10 DONE 0.3s

#11 [client3 internal] load build context
#11 transferring context: 736.51kB 0.3s done
#11 DONE 0.3s

#12 [client1 3/8] COPY renv.lock .Rprofile renv/activate.R ./
#12 CACHED

#13 [client1 4/8] RUN Rscript -e "options(renv.consent=TRUE, Ncpus=parallel::detectCores());                 renv::restore(prompt=FALSE)"
#13 CACHED

#14 [client1 6/8] COPY R/ R/
#14 CACHED

#15 [client1 2/8] WORKDIR /project
#15 CACHED

#16 [client1 5/8] COPY apps/ apps/
#16 CACHED

#17 [client1 7/8] COPY analysis/ analysis/
#17 CACHED

#18 [client3 8/8] RUN mkdir -p /project/configs/modes /project/data /project/artifacts /project/result
#18 CACHED

#19 [client1] exporting to image
#19 exporting layers done
#19 writing image sha256:711f4f17789b5ca39d4064083721d0ff7ece9ffc05d72ee8fde0ab0614a9567d done
#19 naming to docker.io/library/defboot_design_change_n403030_wtmclu_scenario2_311_315-client1 0.0s done
#19 DONE 0.0s

#20 [client2] exporting to image
#20 exporting layers done
#20 writing image sha256:f29b60e3cede0ed370c65595cd8cf6fb42e0b10c27c029704084d3ef53ab39fa done
#20 naming to docker.io/library/defboot_design_change_n403030_wtmclu_scenario2_311_315-client2 0.0s done
#20 DONE 0.0s

#21 [client3] exporting to image
#21 exporting layers done
#21 writing image sha256:dc27eef712b8180513a7f1d70b6a464f3a2501bc740cd4d2248802f552cda7f1 done
#21 naming to docker.io/library/defboot_design_change_n403030_wtmclu_scenario2_311_315-client3 0.1s done
#21 DONE 0.1s

#22 [client1] resolving provenance for metadata file
#22 DONE 0.0s

#23 [client2] resolving provenance for metadata file
#23 DONE 0.0s

#24 [client3] resolving provenance for metadata file
#24 DONE 0.0s

#25 [server internal] load build definition from Dockerfile.app
#25 transferring dockerfile: 778B done
#25 DONE 0.0s

#4 [server internal] load metadata for docker.io/fedpoppk/base:0.1.0
#4 DONE 0.0s

#26 [server internal] load .dockerignore
#26 transferring context: 2B done
#26 DONE 0.0s

#8 [server 1/8] FROM docker.io/fedpoppk/base:0.1.0
#8 DONE 0.0s

#27 [server internal] load build context
#27 transferring context: 736.51kB 0.3s done
#27 DONE 0.4s

#28 [server 6/8] COPY R/ R/
#28 CACHED

#29 [server 7/8] COPY analysis/ analysis/
#29 CACHED

#30 [server 3/8] COPY renv.lock .Rprofile renv/activate.R ./
#30 CACHED

#31 [server 4/8] RUN Rscript -e "options(renv.consent=TRUE, Ncpus=parallel::detectCores());                 renv::restore(prompt=FALSE)"
#31 CACHED

#15 [server 2/8] WORKDIR /project
#15 CACHED

#32 [server 5/8] COPY apps/ apps/
#32 CACHED

#33 [server 8/8] RUN mkdir -p /project/configs/modes /project/data /project/artifacts /project/result
#33 CACHED

#34 [server] exporting to image
#34 exporting layers done
#34 writing image sha256:f32049c6408ca684f3579dfa918ba45e3b9b147c528d5babd07fcdaf25c5f129 done
#34 naming to docker.io/library/defboot_design_change_n403030_wtmclu_scenario2_311_315-server 0.0s done
#34 DONE 0.0s

#35 [server] resolving provenance for metadata file
#35 DONE 0.0s
 client1  Built
 client2  Built
 client3  Built
 server  Built
 Network defboot_design_change_n403030_wtmclu_scenario2_311_315_site1_net  Creating
 Network defboot_design_change_n403030_wtmclu_scenario2_311_315_site1_net  Created
 Network defboot_design_change_n403030_wtmclu_scenario2_311_315_site2_net  Creating
 Network defboot_design_change_n403030_wtmclu_scenario2_311_315_site2_net  Created
 Network defboot_design_change_n403030_wtmclu_scenario2_311_315_site3_net  Creating
 Network defboot_design_change_n403030_wtmclu_scenario2_311_315_site3_net  Created
 Container defboot_design_change_n403030_wtmclu_scenario2_311_315-client3-1  Creating
 Container defboot_design_change_n403030_wtmclu_scenario2_311_315-client2-1  Creating
 Container defboot_design_change_n403030_wtmclu_scenario2_311_315-client1-1  Creating
 Container defboot_design_change_n403030_wtmclu_scenario2_311_315-client1-1  Created
 Container defboot_design_change_n403030_wtmclu_scenario2_311_315-client3-1  Created
 Container defboot_design_change_n403030_wtmclu_scenario2_311_315-client2-1  Created
 Container defboot_design_change_n403030_wtmclu_scenario2_311_315-server-1  Creating
 Container defboot_design_change_n403030_wtmclu_scenario2_311_315-server-1  Created
Attaching to client1-1, client2-1, client3-1, server-1
client2-1  | Running plumber API at http://0.0.0.0:8000
client2-1  | Running swagger Docs at http://127.0.0.1:8000/__docs__/
client1-1  | Running plumber API at http://0.0.0.0:8000
client3-1  | Running plumber API at http://0.0.0.0:8000
client1-1  | Running swagger Docs at http://127.0.0.1:8000/__docs__/
client3-1  | Running swagger Docs at http://127.0.0.1:8000/__docs__/
client1-1  | ℹ parameter labels from comments are typically ignored in non-interactive mode
client3-1  | ℹ parameter labels from comments are typically ignored in non-interactive mode
client2-1  | ℹ parameter labels from comments are typically ignored in non-interactive mode
client1-1  | ℹ Need to run with the source intact to parse comments
client3-1  | ℹ Need to run with the source intact to parse comments
client2-1  | ℹ Need to run with the source intact to parse comments
server-1   | [send_init] http://client2:8000 init succeeded
server-1   | [send_init] http://client3:8000 init succeeded
server-1   | [send_init] http://client1:8000 init succeeded
server-1   | {"schema":{"schema_version":"1.1.0","generated_at":"2026-05-23T08:44:09Z","config_path":"/project/configs/../temp/deferiprone_single_oral_25mgkg_designcheck_20260511/validation/design_change_n403030_wtmclustT10_nomix_site403030_nondesignquota_precisionchol_basefitbootinit_preboot_20260521/configs/resolved/scenario2_bootstrap.json","config_md5":"67e6a296d3935d620e746ed6160f8ca2","seed":4869,"host":"546b10a3800e","pid":1,"image_tag":null,"git_sha":null,"git_dirty":null},"aggregation":{"ci_method":"percentile","ci_level":0.95,"quantile_type":7,"estimates_scale":"natural"},"summary":[{"parameter":"(etaLcl,etaLvc)","median":0.064633320746,"p2.5":0.052779803755,"p97.5":0.073596397531},{"parameter":"CcPropSd","median":0.35271092164,"p2.5":0.34284685549,"p97.5":0.38209952658},{"parameter":"etaLcl","median":0.11188353283,"p2.5":0.083703778059,"p97.5":0.12997529234},{"parameter":"etaLvc","median":0.038854912755,"p2.5":0.031769733447,"p97.5":0.045897806561},{"parameter":"lcl","median":2.1516754739,"p2.5":2.1289421217,"p97.5":2.2152062796},{"parameter":"lka","median":2.3214553798,"p2.5":2.0642628384,"p97.5":2.4144902283},{"parameter":"lvc","median":2.965068004,"p2.5":2.9575696802,"p97.5":2.9778225742},{"parameter":"rho_(etaLcl,etaLvc)","median":0.98028061626,"p2.5":0.97602074121,"p97.5":0.98321122008}],"runs":[{"tag":"trial_311_20260523-084409","value":2240.8229,"counts":[24,24],"control":{"maxit":100,"factr":1000000000,"pgtol":0,"trace":0,"method":"L-BFGS-B"},"convergence":0,"message":"CONVERGENCE: REL_REDUCTION_OF_F <= FACTR*EPSMCH","nat_par":{"lka":2.3016028976,"lcl":2.1282133666,"lvc":2.9782472544,"CcPropSd":0.36455324963,"etaLcl":0.081686250774,"etaLvc":0.035273982783,"(etaLcl,etaLvc)":0.052514553358,"rho_(etaLcl,etaLvc)":0.97831327169},"failed_clients":[],"attempt":1,"files":{"result":"/project/temp/deferiprone_single_oral_25mgkg_designcheck_20260511/validation/design_change_n403030_wtmclustT10_nomix_site403030_nondesignquota_precisionchol_basefitbootinit_preboot_20260521/runs/scenario2/bootstrap/federated/scenario2/raw_runs/run_20260523-084409/optim_result_trial_311_20260523-084409.json","trace":"/project/temp/deferiprone_single_oral_25mgkg_designcheck_20260511/validation/design_change_n403030_wtmclustT10_nomix_site403030_nondesignquota_precisionchol_basefitbootinit_preboot_20260521/runs/scenario2/bootstrap/federated/scenario2/raw_runs/run_20260523-084409/optim_trace_trial_311_20260523-084409.csv","final":"/project/temp/deferiprone_single_oral_25mgkg_designcheck_20260511/validation/design_change_n403030_wtmclustT10_nomix_site403030_nondesignquota_precisionchol_basefitbootinit_preboot_20260521/runs/scenario2/bootstrap/federated/scenario2/raw_runs/run_20260523-084409/final_params_trial_311_20260523-084409.csv"},"log_n":24,"execution_state":"completed","trial":311,"attempts":1},{"tag":"trial_312_20260523-084709","value":2254.765,"counts":[21,21],"control":{"maxit":100,"factr":1000000000,"pgtol":0,"trace":0,"method":"L-BFGS-B"},"convergence":0,"message":"CONVERGENCE: REL_REDUCTION_OF_F <= FACTR*EPSMCH","nat_par":{"lka":2.3214553798,"lcl":2.1516754739,"lvc":2.9646937085,"CcPropSd":0.35107495682,"etaLcl":0.13095361781,"etaLvc":0.042454323488,"(etaLcl,etaLvc)":0.073213943906,"rho_(etaLcl,etaLvc)":0.9819154404},"failed_clients":[],"attempt":1,"files":{"result":"/project/temp/deferiprone_single_oral_25mgkg_designcheck_20260511/validation/design_change_n403030_wtmclustT10_nomix_site403030_nondesignquota_precisionchol_basefitbootinit_preboot_20260521/runs/scenario2/bootstrap/federated/scenario2/raw_runs/run_20260523-084409/optim_result_trial_312_20260523-084709.json","trace":"/project/temp/deferiprone_single_oral_25mgkg_designcheck_20260511/validation/design_change_n403030_wtmclustT10_nomix_site403030_nondesignquota_precisionchol_basefitbootinit_preboot_20260521/runs/scenario2/bootstrap/federated/scenario2/raw_runs/run_20260523-084409/optim_trace_trial_312_20260523-084709.csv","final":"/project/temp/deferiprone_single_oral_25mgkg_designcheck_20260511/validation/design_change_n403030_wtmclustT10_nomix_site403030_nondesignquota_precisionchol_basefitbootinit_preboot_20260521/runs/scenario2/bootstrap/federated/scenario2/raw_runs/run_20260523-084409/final_params_trial_312_20260523-084709.csv"},"log_n":21,"execution_state":"completed","trial":312,"attempts":1},{"tag":"trial_313_20260523-084948","value":2220.9753,"counts":[24,24],"control":{"maxit":100,"factr":1000000000,"pgtol":0,"trace":0,"method":"L-BFGS-B"},"convergence":0,"message":"CONVERGENCE: REL_REDUCTION_OF_F <= FACTR*EPSMCH","nat_par":{"lka":2.4198010217,"lcl":2.135500917,"lvc":2.9740004518,"CcPropSd":0.35271092164,"etaLcl":0.10186152362,"etaLvc":0.03138037241,"(etaLcl,etaLvc)":0.055167057336,"rho_(etaLcl,etaLvc)":0.9757660156},"failed_clients":[],"attempt":1,"files":{"result":"/project/temp/deferiprone_single_oral_25mgkg_designcheck_20260511/validation/design_change_n403030_wtmclustT10_nomix_site403030_nondesignquota_precisionchol_basefitbootinit_preboot_20260521/runs/scenario2/bootstrap/federated/scenario2/raw_runs/run_20260523-084409/optim_result_trial_313_20260523-084948.json","trace":"/project/temp/deferiprone_single_oral_25mgkg_designcheck_20260511/validation/design_change_n403030_wtmclustT10_nomix_site403030_nondesignquota_precisionchol_basefitbootinit_preboot_20260521/runs/scenario2/bootstrap/federated/scenario2/raw_runs/run_20260523-084409/optim_trace_trial_313_20260523-084948.csv","final":"/project/temp/deferiprone_single_oral_25mgkg_designcheck_20260511/validation/design_change_n403030_wtmclustT10_nomix_site403030_nondesignquota_precisionchol_basefitbootinit_preboot_20260521/runs/scenario2/bootstrap/federated/scenario2/raw_runs/run_20260523-084409/final_params_trial_313_20260523-084948.csv"},"log_n":24,"execution_state":"completed","trial":313,"attempts":1},{"tag":"trial_314_20260523-085250","value":2243.2505,"counts":[20,20],"control":{"maxit":100,"factr":1000000000,"pgtol":0,"trace":0,"method":"L-BFGS-B"},"convergence":0,"message":"CONVERGENCE: REL_REDUCTION_OF_F <= FACTR*EPSMCH","nat_par":{"lka":2.0378917207,"lcl":2.2216493748,"lvc":2.965068004,"CcPropSd":0.38404911291,"etaLcl":0.12117036316,"etaLvc":0.046280415792,"(etaLcl,etaLvc)":0.073638892378,"rho_(etaLcl,etaLvc)":0.9833551956},"failed_clients":[],"attempt":1,"files":{"result":"/project/temp/deferiprone_single_oral_25mgkg_designcheck_20260511/validation/design_change_n403030_wtmclustT10_nomix_site403030_nondesignquota_precisionchol_basefitbootinit_preboot_20260521/runs/scenario2/bootstrap/federated/scenario2/raw_runs/run_20260523-084409/optim_result_trial_314_20260523-085250.json","trace":"/project/temp/deferiprone_single_oral_25mgkg_designcheck_20260511/validation/design_change_n403030_wtmclustT10_nomix_site403030_nondesignquota_precisionchol_basefitbootinit_preboot_20260521/runs/scenario2/bootstrap/federated/scenario2/raw_runs/run_20260523-084409/optim_trace_trial_314_20260523-085250.csv","final":"/project/temp/deferiprone_single_oral_25mgkg_designcheck_20260511/validation/design_change_n403030_wtmclustT10_nomix_site403030_nondesignquota_precisionchol_basefitbootinit_preboot_20260521/runs/scenario2/bootstrap/federated/scenario2/raw_runs/run_20260523-084409/final_params_trial_314_20260523-085250.csv"},"log_n":20,"execution_state":"completed","trial":314,"attempts":1},{"tag":"trial_315_20260523-085522","value":2227.7333,"counts":[20,20],"control":{"maxit":100,"factr":1000000000,"pgtol":0,"trace":0,"method":"L-BFGS-B"},"convergence":0,"message":"CONVERGENCE: REL_REDUCTION_OF_F <= FACTR*EPSMCH","nat_par":{"lka":2.366693087,"lcl":2.1572184229,"lvc":2.9567781215,"CcPropSd":0.34193262201,"etaLcl":0.11188353283,"etaLvc":0.038854912755,"(etaLcl,etaLvc)":0.064633320746,"rho_(etaLcl,etaLvc)":0.98028061626},"failed_clients":[],"attempt":1,"files":{"result":"/project/temp/deferiprone_single_oral_25mgkg_designcheck_20260511/validation/design_change_n403030_wtmclustT10_nomix_site403030_nondesignquota_precisionchol_basefitbootinit_preboot_20260521/runs/scenario2/bootstrap/federated/scenario2/raw_runs/run_20260523-084409/optim_result_trial_315_20260523-085522.json","trace":"/project/temp/deferiprone_single_oral_25mgkg_designcheck_20260511/validation/design_change_n403030_wtmclustT10_nomix_site403030_nondesignquota_precisionchol_basefitbootinit_preboot_20260521/runs/scenario2/bootstrap/federated/scenario2/raw_runs/run_20260523-084409/optim_trace_trial_315_20260523-085522.csv","final":"/project/temp/deferiprone_single_oral_25mgkg_designcheck_20260511/validation/design_change_n403030_wtmclustT10_nomix_site403030_nondesignquota_precisionchol_basefitbootinit_preboot_20260521/runs/scenario2/bootstrap/federated/scenario2/raw_runs/run_20260523-084409/final_params_trial_315_20260523-085522.csv"},"log_n":20,"execution_state":"completed","trial":315,"attempts":1}],"trial_status":[{"trial":311,"execution_state":"completed","converged":true,"attempts":1,"convergence":0,"value":2240.8229,"eval_fn":24,"eval_gr":24,"log_n":24,"failed_clients_n":0,"message":"CONVERGENCE: REL_REDUCTION_OF_F <= FACTR*EPSMCH","result_file":"/project/temp/deferiprone_single_oral_25mgkg_designcheck_20260511/validation/design_change_n403030_wtmclustT10_nomix_site403030_nondesignquota_precisionchol_basefitbootinit_preboot_20260521/runs/scenario2/bootstrap/federated/scenario2/raw_runs/run_20260523-084409/optim_result_trial_311_20260523-084409.json","trace_file":"/project/temp/deferiprone_single_oral_25mgkg_designcheck_20260511/validation/design_change_n403030_wtmclustT10_nomix_site403030_nondesignquota_precisionchol_basefitbootinit_preboot_20260521/runs/scenario2/bootstrap/federated/scenario2/raw_runs/run_20260523-084409/optim_trace_trial_311_20260523-084409.csv","final_file":"/project/temp/deferiprone_single_oral_25mgkg_designcheck_20260511/validation/design_change_n403030_wtmclustT10_nomix_site403030_nondesignquota_precisionchol_basefitbootinit_preboot_20260521/runs/scenario2/bootstrap/federated/scenario2/raw_runs/run_20260523-084409/final_params_trial_311_20260523-084409.csv"},{"trial":312,"execution_state":"completed","converged":true,"attempts":1,"convergence":0,"value":2254.765,"eval_fn":21,"eval_gr":21,"log_n":21,"failed_clients_n":0,"message":"CONVERGENCE: REL_REDUCTION_OF_F <= FACTR*EPSMCH","result_file":"/project/temp/deferiprone_single_oral_25mgkg_designcheck_20260511/validation/design_change_n403030_wtmclustT10_nomix_site403030_nondesignquota_precisionchol_basefitbootinit_preboot_20260521/runs/scenario2/bootstrap/federated/scenario2/raw_runs/run_20260523-084409/optim_result_trial_312_20260523-084709.json","trace_file":"/project/temp/deferiprone_single_oral_25mgkg_designcheck_20260511/validation/design_change_n403030_wtmclustT10_nomix_site403030_nondesignquota_precisionchol_basefitbootinit_preboot_20260521/runs/scenario2/bootstrap/federated/scenario2/raw_runs/run_20260523-084409/optim_trace_trial_312_20260523-084709.csv","final_file":"/project/temp/deferiprone_single_oral_25mgkg_designcheck_20260511/validation/design_change_n403030_wtmclustT10_nomix_site403030_nondesignquota_precisionchol_basefitbootinit_preboot_20260521/runs/scenario2/bootstrap/federated/scenario2/raw_runs/run_20260523-084409/final_params_trial_312_20260523-084709.csv"},{"trial":313,"execution_state":"completed","converged":true,"attempts":1,"convergence":0,"value":2220.9753,"eval_fn":24,"eval_gr":24,"log_n":24,"failed_clients_n":0,"message":"CONVERGENCE: REL_REDUCTION_OF_F <= FACTR*EPSMCH","result_file":"/project/temp/deferiprone_single_oral_25mgkg_designcheck_20260511/validation/design_change_n403030_wtmclustT10_nomix_site403030_nondesignquota_precisionchol_basefitbootinit_preboot_20260521/runs/scenario2/bootstrap/federated/scenario2/raw_runs/run_20260523-084409/optim_result_trial_313_20260523-084948.json","trace_file":"/project/temp/deferiprone_single_oral_25mgkg_designcheck_20260511/validation/design_change_n403030_wtmclustT10_nomix_site403030_nondesignquota_precisionchol_basefitbootinit_preboot_20260521/runs/scenario2/bootstrap/federated/scenario2/raw_runs/run_20260523-084409/optim_trace_trial_313_20260523-084948.csv","final_file":"/project/temp/deferiprone_single_oral_25mgkg_designcheck_20260511/validation/design_change_n403030_wtmclustT10_nomix_site403030_nondesignquota_precisionchol_basefitbootinit_preboot_20260521/runs/scenario2/bootstrap/federated/scenario2/raw_runs/run_20260523-084409/final_params_trial_313_20260523-084948.csv"},{"trial":314,"execution_state":"completed","converged":true,"attempts":1,"convergence":0,"value":2243.2505,"eval_fn":20,"eval_gr":20,"log_n":20,"failed_clients_n":0,"message":"CONVERGENCE: REL_REDUCTION_OF_F <= FACTR*EPSMCH","result_file":"/project/temp/deferiprone_single_oral_25mgkg_designcheck_20260511/validation/design_change_n403030_wtmclustT10_nomix_site403030_nondesignquota_precisionchol_basefitbootinit_preboot_20260521/runs/scenario2/bootstrap/federated/scenario2/raw_runs/run_20260523-084409/optim_result_trial_314_20260523-085250.json","trace_file":"/project/temp/deferiprone_single_oral_25mgkg_designcheck_20260511/validation/design_change_n403030_wtmclustT10_nomix_site403030_nondesignquota_precisionchol_basefitbootinit_preboot_20260521/runs/scenario2/bootstrap/federated/scenario2/raw_runs/run_20260523-084409/optim_trace_trial_314_20260523-085250.csv","final_file":"/project/temp/deferiprone_single_oral_25mgkg_designcheck_20260511/validation/design_change_n403030_wtmclustT10_nomix_site403030_nondesignquota_precisionchol_basefitbootinit_preboot_20260521/runs/scenario2/bootstrap/federated/scenario2/raw_runs/run_20260523-084409/final_params_trial_314_20260523-085250.csv"},{"trial":315,"execution_state":"completed","converged":true,"attempts":1,"convergence":0,"value":2227.7333,"eval_fn":20,"eval_gr":20,"log_n":20,"failed_clients_n":0,"message":"CONVERGENCE: REL_REDUCTION_OF_F <= FACTR*EPSMCH","result_file":"/project/temp/deferiprone_single_oral_25mgkg_designcheck_20260511/validation/design_change_n403030_wtmclustT10_nomix_site403030_nondesignquota_precisionchol_basefitbootinit_preboot_20260521/runs/scenario2/bootstrap/federated/scenario2/raw_runs/run_20260523-084409/optim_result_trial_315_20260523-085522.json","trace_file":"/project/temp/deferiprone_single_oral_25mgkg_designcheck_20260511/validation/design_change_n403030_wtmclustT10_nomix_site403030_nondesignquota_precisionchol_basefitbootinit_preboot_20260521/runs/scenario2/bootstrap/federated/scenario2/raw_runs/run_20260523-084409/optim_trace_trial_315_20260523-085522.csv","final_file":"/project/temp/deferiprone_single_oral_25mgkg_designcheck_20260511/validation/design_change_n403030_wtmclustT10_nomix_site403030_nondesignquota_precisionchol_basefitbootinit_preboot_20260521/runs/scenario2/bootstrap/federated/scenario2/raw_runs/run_20260523-084409/final_params_trial_315_20260523-085522.csv"}],"info":{"run_id":"20260523-084409","log_base_dir":"/project/temp/deferiprone_single_oral_25mgkg_designcheck_20260511/validation/design_change_n403030_wtmclustT10_nomix_site403030_nondesignquota_precisionchol_basefitbootinit_preboot_20260521/runs/scenario2/bootstrap/federated","scenario":"scenario2/raw_runs","total_trials":5,"successes":5,"failures":0,"nonconverged_count":0,"nonconverged_trials":[],"convergence_missing_count":0,"seed_base":4869,"B_per_client":500,"duration_sec":832.9288628101,"host":"546b10a3800e","image_tag":null,"communication":{"generated_at":"2026-05-23T08:57:56Z","totals":{"requests":657,"request_bytes":733023,"response_bytes":166249,"total_bytes":899272,"retries":0},"init":{"requests":3,"request_bytes":8139,"response_bytes":1161,"total_bytes":9300,"retries":0,"median_elapsed_sec":0.36182641983},"init_round_latency":{"n_rounds":1,"median_round_wall_sec":0.36618900299,"p95_round_wall_sec":0.36618900299},"run":{"requests":0,"request_bytes":0,"response_bytes":0,"total_bytes":0,"retries":0,"median_elapsed_sec":"NA"},"run_bootstrap":{"requests":654,"request_bytes":724884,"response_bytes":165088,"total_bytes":889972,"retries":0,"median_elapsed_sec":3.6433038712},"round_latency":{"n_rounds":218,"median_round_wall_sec":3.750316143,"p95_round_wall_sec":4.0276415944},"timing_split":{"n_rounds":218,"rounds_with_compute":218,"total_round_wall_sec":822.5038049221,"total_round_compute_wall_sec":815.459,"total_round_comm_overhead_wall_sec":7.0448049221,"comm_overhead_ratio":0.0085650727449,"compute_ratio":0.99143492726}},"communication_files":{"csv":"/project/temp/deferiprone_single_oral_25mgkg_designcheck_20260511/validation/design_change_n403030_wtmclustT10_nomix_site403030_nondesignquota_precisionchol_basefitbootinit_preboot_20260521/runs/scenario2/bootstrap/federated/scenario2/raw_runs/run_20260523-084409/comm_metrics.csv","json":"/project/temp/deferiprone_single_oral_25mgkg_designcheck_20260511/validation/design_change_n403030_wtmclustT10_nomix_site403030_nondesignquota_precisionchol_basefitbootinit_preboot_20260521/runs/scenario2/bootstrap/federated/scenario2/raw_runs/run_20260523-084409/comm_metrics.json"},"output_files":{"bootstrap_summary_csv":"/project/temp/deferiprone_single_oral_25mgkg_designcheck_20260511/validation/design_change_n403030_wtmclustT10_nomix_site403030_nondesignquota_precisionchol_basefitbootinit_preboot_20260521/runs/scenario2/bootstrap/federated/scenario2/raw_runs/run_20260523-084409/bootstrap_summary.csv","bootstrap_summary_json":"/project/temp/deferiprone_single_oral_25mgkg_designcheck_20260511/validation/design_change_n403030_wtmclustT10_nomix_site403030_nondesignquota_precisionchol_basefitbootinit_preboot_20260521/runs/scenario2/bootstrap/federated/scenario2/raw_runs/run_20260523-084409/bootstrap_summary.json","trial_status_csv":"/project/temp/deferiprone_single_oral_25mgkg_designcheck_20260511/validation/design_change_n403030_wtmclustT10_nomix_site403030_nondesignquota_precisionchol_basefitbootinit_preboot_20260521/runs/scenario2/bootstrap/federated/scenario2/raw_runs/run_20260523-084409/trial_status.csv","failed_trials_csv":"/project/temp/deferiprone_single_oral_25mgkg_designcheck_20260511/validation/design_change_n403030_wtmclustT10_nomix_site403030_nondesignquota_precisionchol_basefitbootinit_preboot_20260521/runs/scenario2/bootstrap/federated/scenario2/raw_runs/run_20260523-084409/failed_trials.csv","trial_estimates_wide_csv":"/project/temp/deferiprone_single_oral_25mgkg_designcheck_20260511/validation/design_change_n403030_wtmclustT10_nomix_site403030_nondesignquota_precisionchol_basefitbootinit_preboot_20260521/runs/scenario2/bootstrap/federated/scenario2/raw_runs/run_20260523-084409/trial_estimates_wide.csv","trial_estimates_long_csv":"/project/temp/deferiprone_single_oral_25mgkg_designcheck_20260511/validation/design_change_n403030_wtmclustT10_nomix_site403030_nondesignquota_precisionchol_basefitbootinit_preboot_20260521/runs/scenario2/bootstrap/federated/scenario2/raw_runs/run_20260523-084409/trial_estimates_long.csv","result_json":"/project/temp/deferiprone_single_oral_25mgkg_designcheck_20260511/validation/design_change_n403030_wtmclustT10_nomix_site403030_nondesignquota_precisionchol_basefitbootinit_preboot_20260521/runs/scenario2/bootstrap/federated/scenario2/raw_runs/run_20260523-084409/result.json"}}}
[Kserver-1 exited with code 0
Aborting on container exit...
 Container defboot_design_change_n403030_wtmclu_scenario2_311_315-server-1  Stopping
 Container defboot_design_change_n403030_wtmclu_scenario2_311_315-server-1  Stopped
 Container defboot_design_change_n403030_wtmclu_scenario2_311_315-client2-1  Stopping
 Container defboot_design_change_n403030_wtmclu_scenario2_311_315-client1-1  Stopping
 Container defboot_design_change_n403030_wtmclu_scenario2_311_315-client3-1  Stopping
 Container defboot_design_change_n403030_wtmclu_scenario2_311_315-client2-1  Stopped
 Container defboot_design_change_n403030_wtmclu_scenario2_311_315-client3-1  Stopped
 Container defboot_design_change_n403030_wtmclu_scenario2_311_315-client1-1  Stopped
time="2026-05-23T17:58:07+09:00" level=warning msg="The \"SERVER_CONFIG_PATH\" variable is not set. Defaulting to a blank string."
 Container defboot_design_change_n403030_wtmclu_scenario2_311_315-server-1  Stopping
 Container defboot_design_change_n403030_wtmclu_scenario2_311_315-server-1  Stopped
 Container defboot_design_change_n403030_wtmclu_scenario2_311_315-server-1  Removing
 Container defboot_design_change_n403030_wtmclu_scenario2_311_315-server-1  Removed
 Container defboot_design_change_n403030_wtmclu_scenario2_311_315-client3-1  Stopping
 Container defboot_design_change_n403030_wtmclu_scenario2_311_315-client1-1  Stopping
 Container defboot_design_change_n403030_wtmclu_scenario2_311_315-client2-1  Stopping
 Container defboot_design_change_n403030_wtmclu_scenario2_311_315-client3-1  Stopped
 Container defboot_design_change_n403030_wtmclu_scenario2_311_315-client3-1  Removing
 Container defboot_design_change_n403030_wtmclu_scenario2_311_315-client2-1  Stopped
 Container defboot_design_change_n403030_wtmclu_scenario2_311_315-client2-1  Removing
 Container defboot_design_change_n403030_wtmclu_scenario2_311_315-client1-1  Stopped
 Container defboot_design_change_n403030_wtmclu_scenario2_311_315-client1-1  Removing
 Container defboot_design_change_n403030_wtmclu_scenario2_311_315-client3-1  Removed
 Container defboot_design_change_n403030_wtmclu_scenario2_311_315-client2-1  Removed
 Container defboot_design_change_n403030_wtmclu_scenario2_311_315-client1-1  Removed
 Network defboot_design_change_n403030_wtmclu_scenario2_311_315_site3_net  Removing
 Network defboot_design_change_n403030_wtmclu_scenario2_311_315_site1_net  Removing
 Network defboot_design_change_n403030_wtmclu_scenario2_311_315_site2_net  Removing
 Network defboot_design_change_n403030_wtmclu_scenario2_311_315_site3_net  Removed
 Network defboot_design_change_n403030_wtmclu_scenario2_311_315_site1_net  Removed
 Network defboot_design_change_n403030_wtmclu_scenario2_311_315_site2_net  Removed
