time="2026-05-23T17:27:16+09:00" level=warning msg="The \"SERVER_CONFIG_PATH\" variable is not set. Defaulting to a blank string."
Compose now can delegate build to bake for better performances
Just set COMPOSE_BAKE=true
#0 building with "default" instance using docker driver

#1 [client2 internal] load build definition from Dockerfile.app
#1 transferring dockerfile: 778B done
#1 DONE 0.0s

#2 [client3 internal] load build definition from Dockerfile.app
#2 transferring dockerfile: 778B done
#2 DONE 0.0s

#3 [client1 internal] load build definition from Dockerfile.app
#3 transferring dockerfile: 778B done
#3 DONE 0.0s

#4 [client1 internal] load metadata for docker.io/fedpoppk/base:0.1.0
#4 DONE 0.0s

#5 [client2 internal] load .dockerignore
#5 transferring context: 2B done
#5 DONE 0.0s

#6 [client3 internal] load .dockerignore
#6 transferring context: 2B done
#6 DONE 0.0s

#7 [client3 1/8] FROM docker.io/fedpoppk/base:0.1.0
#7 DONE 0.0s

#8 [client1 internal] load .dockerignore
#8 transferring context: 2B done
#8 DONE 0.0s

#9 [client2 internal] load build context
#9 transferring context: 736.51kB 0.3s done
#9 DONE 0.3s

#10 [client3 internal] load build context
#10 transferring context: 736.51kB 0.3s done
#10 DONE 0.3s

#11 [client1 internal] load build context
#11 transferring context: 736.51kB 0.3s done
#11 DONE 0.3s

#12 [client2 3/8] COPY renv.lock .Rprofile renv/activate.R ./
#12 CACHED

#13 [client2 6/8] COPY R/ R/
#13 CACHED

#14 [client2 7/8] COPY analysis/ analysis/
#14 CACHED

#15 [client2 4/8] RUN Rscript -e "options(renv.consent=TRUE, Ncpus=parallel::detectCores());                 renv::restore(prompt=FALSE)"
#15 CACHED

#16 [client2 5/8] COPY apps/ apps/
#16 CACHED

#17 [client2 2/8] WORKDIR /project
#17 CACHED

#18 [client1 8/8] RUN mkdir -p /project/configs/modes /project/data /project/artifacts /project/result
#18 CACHED

#19 [client2] exporting to image
#19 exporting layers done
#19 writing image sha256:bc91932726c9d74de40c538521dc965af3e884c0f671671a70f95e4a4ebad0b9 done
#19 naming to docker.io/library/defboot_design_change_n403030_wtmclu_scenario2_306_310-client2 0.0s done
#19 DONE 0.0s

#20 [client1] exporting to image
#20 exporting layers done
#20 writing image sha256:ca2cb77a21bb966ec4e6ce8bc573f98c3e552614ee209f04854620229117be98 done
#20 naming to docker.io/library/defboot_design_change_n403030_wtmclu_scenario2_306_310-client1 0.0s done
#20 DONE 0.0s

#21 [client3] exporting to image
#21 exporting layers done
#21 writing image sha256:68dfed485aa8c9096ef7bd4c25ccf49eceee3714809d80944fcdeed9014aa80a done
#21 naming to docker.io/library/defboot_design_change_n403030_wtmclu_scenario2_306_310-client3 0.0s done
#21 DONE 0.1s

#22 [client2] resolving provenance for metadata file
#22 DONE 0.0s

#23 [client1] resolving provenance for metadata file
#23 DONE 0.0s

#24 [client3] resolving provenance for metadata file
#24 DONE 0.0s

#25 [server internal] load build definition from Dockerfile.app
#25 transferring dockerfile: 778B done
#25 DONE 0.0s

#4 [server internal] load metadata for docker.io/fedpoppk/base:0.1.0
#4 DONE 0.0s

#26 [server internal] load .dockerignore
#26 transferring context: 2B done
#26 DONE 0.0s

#7 [server 1/8] FROM docker.io/fedpoppk/base:0.1.0
#7 DONE 0.0s

#27 [server internal] load build context
#27 transferring context: 736.51kB 0.4s done
#27 DONE 0.4s

#17 [server 2/8] WORKDIR /project
#17 CACHED

#28 [server 3/8] COPY renv.lock .Rprofile renv/activate.R ./
#28 CACHED

#29 [server 5/8] COPY apps/ apps/
#29 CACHED

#30 [server 6/8] COPY R/ R/
#30 CACHED

#31 [server 7/8] COPY analysis/ analysis/
#31 CACHED

#32 [server 4/8] RUN Rscript -e "options(renv.consent=TRUE, Ncpus=parallel::detectCores());                 renv::restore(prompt=FALSE)"
#32 CACHED

#33 [server 8/8] RUN mkdir -p /project/configs/modes /project/data /project/artifacts /project/result
#33 CACHED

#34 [server] exporting to image
#34 exporting layers done
#34 writing image sha256:143f050c06176ee4a80692cb877cb4d4fdfccf29b86b498823228e8bc025b6d2 done
#34 naming to docker.io/library/defboot_design_change_n403030_wtmclu_scenario2_306_310-server 0.0s done
#34 DONE 0.0s

#35 [server] resolving provenance for metadata file
#35 DONE 0.0s
 client1  Built
 client2  Built
 client3  Built
 server  Built
 Network defboot_design_change_n403030_wtmclu_scenario2_306_310_site2_net  Creating
 Network defboot_design_change_n403030_wtmclu_scenario2_306_310_site2_net  Created
 Network defboot_design_change_n403030_wtmclu_scenario2_306_310_site3_net  Creating
 Network defboot_design_change_n403030_wtmclu_scenario2_306_310_site3_net  Created
 Network defboot_design_change_n403030_wtmclu_scenario2_306_310_site1_net  Creating
 Network defboot_design_change_n403030_wtmclu_scenario2_306_310_site1_net  Created
 Container defboot_design_change_n403030_wtmclu_scenario2_306_310-client3-1  Creating
 Container defboot_design_change_n403030_wtmclu_scenario2_306_310-client2-1  Creating
 Container defboot_design_change_n403030_wtmclu_scenario2_306_310-client1-1  Creating
 Container defboot_design_change_n403030_wtmclu_scenario2_306_310-client1-1  Created
 Container defboot_design_change_n403030_wtmclu_scenario2_306_310-client2-1  Created
 Container defboot_design_change_n403030_wtmclu_scenario2_306_310-client3-1  Created
 Container defboot_design_change_n403030_wtmclu_scenario2_306_310-server-1  Creating
 Container defboot_design_change_n403030_wtmclu_scenario2_306_310-server-1  Created
Attaching to client1-1, client2-1, client3-1, server-1
client1-1  | Running plumber API at http://0.0.0.0:8000
client3-1  | Running plumber API at http://0.0.0.0:8000
client1-1  | Running swagger Docs at http://127.0.0.1:8000/__docs__/
client3-1  | Running swagger Docs at http://127.0.0.1:8000/__docs__/
client2-1  | Running plumber API at http://0.0.0.0:8000
client2-1  | Running swagger Docs at http://127.0.0.1:8000/__docs__/
client2-1  | ℹ parameter labels from comments are typically ignored in non-interactive mode
client2-1  | ℹ Need to run with the source intact to parse comments
client1-1  | ℹ parameter labels from comments are typically ignored in non-interactive mode
client1-1  | ℹ Need to run with the source intact to parse comments
client3-1  | ℹ parameter labels from comments are typically ignored in non-interactive mode
client3-1  | ℹ Need to run with the source intact to parse comments
server-1   | [send_init] http://client2:8000 init succeeded
server-1   | [send_init] http://client1:8000 init succeeded
server-1   | [send_init] http://client3:8000 init succeeded
server-1   | {"schema":{"schema_version":"1.1.0","generated_at":"2026-05-23T08:27:25Z","config_path":"/project/configs/../temp/deferiprone_single_oral_25mgkg_designcheck_20260511/validation/design_change_n403030_wtmclustT10_nomix_site403030_nondesignquota_precisionchol_basefitbootinit_preboot_20260521/configs/resolved/scenario2_bootstrap.json","config_md5":"67e6a296d3935d620e746ed6160f8ca2","seed":4869,"host":"0a4bd70053ad","pid":1,"image_tag":null,"git_sha":null,"git_dirty":null},"aggregation":{"ci_method":"percentile","ci_level":0.95,"quantile_type":7,"estimates_scale":"natural"},"summary":[{"parameter":"(etaLcl,etaLvc)","median":0.061758299079,"p2.5":0.039081823599,"p97.5":0.075298761904},{"parameter":"CcPropSd","median":0.36455419059,"p2.5":0.33654099757,"p97.5":0.37258684384},{"parameter":"etaLcl","median":0.10719876951,"p2.5":0.07577913477,"p97.5":0.10931532118},{"parameter":"etaLvc","median":0.037094337688,"p2.5":0.02166402055,"p97.5":0.053513461028},{"parameter":"lcl","median":2.2122886466,"p2.5":2.1850223397,"p97.5":2.2588691922},{"parameter":"lka","median":2.3119210391,"p2.5":2.1541091535,"p97.5":2.4252392739},{"parameter":"lvc","median":2.9971988671,"p2.5":2.9587612452,"p97.5":3.0835148417},{"parameter":"rho_(etaLcl,etaLvc)","median":0.97936959172,"p2.5":0.96491186976,"p97.5":0.98540569007}],"runs":[{"tag":"trial_306_20260523-082725","value":2186.5532,"counts":[27,27],"control":{"maxit":100,"factr":1000000000,"pgtol":0,"trace":0,"method":"L-BFGS-B"},"convergence":0,"message":"CONVERGENCE: REL_REDUCTION_OF_F <= FACTR*EPSMCH","nat_par":{"lka":2.1412741394,"lcl":2.2062223209,"lvc":2.9739167758,"CcPropSd":0.36750200199,"etaLcl":0.074119847749,"etaLvc":0.020545817902,"(etaLcl,etaLvc)":0.037606372949,"rho_(etaLcl,etaLvc)":0.96367917073},"failed_clients":[],"attempt":1,"files":{"result":"/project/temp/deferiprone_single_oral_25mgkg_designcheck_20260511/validation/design_change_n403030_wtmclustT10_nomix_site403030_nondesignquota_precisionchol_basefitbootinit_preboot_20260521/runs/scenario2/bootstrap/federated/scenario2/raw_runs/run_20260523-082725/optim_result_trial_306_20260523-082725.json","trace":"/project/temp/deferiprone_single_oral_25mgkg_designcheck_20260511/validation/design_change_n403030_wtmclustT10_nomix_site403030_nondesignquota_precisionchol_basefitbootinit_preboot_20260521/runs/scenario2/bootstrap/federated/scenario2/raw_runs/run_20260523-082725/optim_trace_trial_306_20260523-082725.csv","final":"/project/temp/deferiprone_single_oral_25mgkg_designcheck_20260511/validation/design_change_n403030_wtmclustT10_nomix_site403030_nondesignquota_precisionchol_basefitbootinit_preboot_20260521/runs/scenario2/bootstrap/federated/scenario2/raw_runs/run_20260523-082725/final_params_trial_306_20260523-082725.csv"},"log_n":27,"execution_state":"completed","trial":306,"attempts":1},{"tag":"trial_307_20260523-083050","value":2213.7715,"counts":[22,22],"control":{"maxit":100,"factr":1000000000,"pgtol":0,"trace":0,"method":"L-BFGS-B"},"convergence":0,"message":"CONVERGENCE: REL_REDUCTION_OF_F <= FACTR*EPSMCH","nat_par":{"lka":2.3119210391,"lcl":2.2345193346,"lvc":3.0332819319,"CcPropSd":0.37315182627,"etaLcl":0.10943136145,"etaLvc":0.055058623619,"(etaLcl,etaLvc)":0.076530049324,"rho_(etaLcl,etaLvc)":0.98593530138},"failed_clients":[],"attempt":1,"files":{"result":"/project/temp/deferiprone_single_oral_25mgkg_designcheck_20260511/validation/design_change_n403030_wtmclustT10_nomix_site403030_nondesignquota_precisionchol_basefitbootinit_preboot_20260521/runs/scenario2/bootstrap/federated/scenario2/raw_runs/run_20260523-082725/optim_result_trial_307_20260523-083050.json","trace":"/project/temp/deferiprone_single_oral_25mgkg_designcheck_20260511/validation/design_change_n403030_wtmclustT10_nomix_site403030_nondesignquota_precisionchol_basefitbootinit_preboot_20260521/runs/scenario2/bootstrap/federated/scenario2/raw_runs/run_20260523-082725/optim_trace_trial_307_20260523-083050.csv","final":"/project/temp/deferiprone_single_oral_25mgkg_designcheck_20260511/validation/design_change_n403030_wtmclustT10_nomix_site403030_nondesignquota_precisionchol_basefitbootinit_preboot_20260521/runs/scenario2/bootstrap/federated/scenario2/raw_runs/run_20260523-082725/final_params_trial_307_20260523-083050.csv"},"log_n":22,"execution_state":"completed","trial":307,"attempts":1},{"tag":"trial_308_20260523-083337","value":2179.9216,"counts":[36,36],"control":{"maxit":100,"factr":1000000000,"pgtol":0,"trace":0,"method":"L-BFGS-B"},"convergence":0,"message":"CONVERGENCE: REL_REDUCTION_OF_F <= FACTR*EPSMCH","nat_par":{"lka":2.3796432956,"lcl":2.261574732,"lvc":3.0890962761,"CcPropSd":0.35316243565,"etaLcl":0.10827095874,"etaLvc":0.039606997703,"(etaLcl,etaLvc)":0.064217175129,"rho_(etaLcl,etaLvc)":0.98063918824},"failed_clients":[],"attempt":1,"files":{"result":"/project/temp/deferiprone_single_oral_25mgkg_designcheck_20260511/validation/design_change_n403030_wtmclustT10_nomix_site403030_nondesignquota_precisionchol_basefitbootinit_preboot_20260521/runs/scenario2/bootstrap/federated/scenario2/raw_runs/run_20260523-082725/optim_result_trial_308_20260523-083337.json","trace":"/project/temp/deferiprone_single_oral_25mgkg_designcheck_20260511/validation/design_change_n403030_wtmclustT10_nomix_site403030_nondesignquota_precisionchol_basefitbootinit_preboot_20260521/runs/scenario2/bootstrap/federated/scenario2/raw_runs/run_20260523-082725/optim_trace_trial_308_20260523-083337.csv","final":"/project/temp/deferiprone_single_oral_25mgkg_designcheck_20260511/validation/design_change_n403030_wtmclustT10_nomix_site403030_nondesignquota_precisionchol_basefitbootinit_preboot_20260521/runs/scenario2/bootstrap/federated/scenario2/raw_runs/run_20260523-082725/final_params_trial_308_20260523-083337.csv"},"log_n":36,"execution_state":"completed","trial":308,"attempts":1},{"tag":"trial_309_20260523-083810","value":2197.6131,"counts":[18,18],"control":{"maxit":100,"factr":1000000000,"pgtol":0,"trace":0,"method":"L-BFGS-B"},"convergence":0,"message":"CONVERGENCE: REL_REDUCTION_OF_F <= FACTR*EPSMCH","nat_par":{"lka":2.2696242802,"lcl":2.1826667862,"lvc":2.9570772974,"CcPropSd":0.33469417111,"etaLcl":0.10719876951,"etaLvc":0.037094337688,"(etaLcl,etaLvc)":0.061758299079,"rho_(etaLcl,etaLvc)":0.97936959172},"failed_clients":[],"attempt":1,"files":{"result":"/project/temp/deferiprone_single_oral_25mgkg_designcheck_20260511/validation/design_change_n403030_wtmclustT10_nomix_site403030_nondesignquota_precisionchol_basefitbootinit_preboot_20260521/runs/scenario2/bootstrap/federated/scenario2/raw_runs/run_20260523-082725/optim_result_trial_309_20260523-083810.json","trace":"/project/temp/deferiprone_single_oral_25mgkg_designcheck_20260511/validation/design_change_n403030_wtmclustT10_nomix_site403030_nondesignquota_precisionchol_basefitbootinit_preboot_20260521/runs/scenario2/bootstrap/federated/scenario2/raw_runs/run_20260523-082725/optim_trace_trial_309_20260523-083810.csv","final":"/project/temp/deferiprone_single_oral_25mgkg_designcheck_20260511/validation/design_change_n403030_wtmclustT10_nomix_site403030_nondesignquota_precisionchol_basefitbootinit_preboot_20260521/runs/scenario2/bootstrap/federated/scenario2/raw_runs/run_20260523-082725/final_params_trial_309_20260523-083810.csv"},"log_n":18,"execution_state":"completed","trial":309,"attempts":1},{"tag":"trial_310_20260523-084029","value":2216.8039,"counts":[26,26],"control":{"maxit":100,"factr":1000000000,"pgtol":0,"trace":0,"method":"L-BFGS-B"},"convergence":0,"message":"CONVERGENCE: REL_REDUCTION_OF_F <= FACTR*EPSMCH","nat_par":{"lka":2.4303054937,"lcl":2.2122886466,"lvc":2.9971988671,"CcPropSd":0.36455419059,"etaLcl":0.090712717967,"etaLvc":0.031727844383,"(etaLcl,etaLvc)":0.052360879451,"rho_(etaLcl,etaLvc)":0.97600616099},"failed_clients":[],"attempt":1,"files":{"result":"/project/temp/deferiprone_single_oral_25mgkg_designcheck_20260511/validation/design_change_n403030_wtmclustT10_nomix_site403030_nondesignquota_precisionchol_basefitbootinit_preboot_20260521/runs/scenario2/bootstrap/federated/scenario2/raw_runs/run_20260523-082725/optim_result_trial_310_20260523-084029.json","trace":"/project/temp/deferiprone_single_oral_25mgkg_designcheck_20260511/validation/design_change_n403030_wtmclustT10_nomix_site403030_nondesignquota_precisionchol_basefitbootinit_preboot_20260521/runs/scenario2/bootstrap/federated/scenario2/raw_runs/run_20260523-082725/optim_trace_trial_310_20260523-084029.csv","final":"/project/temp/deferiprone_single_oral_25mgkg_designcheck_20260511/validation/design_change_n403030_wtmclustT10_nomix_site403030_nondesignquota_precisionchol_basefitbootinit_preboot_20260521/runs/scenario2/bootstrap/federated/scenario2/raw_runs/run_20260523-082725/final_params_trial_310_20260523-084029.csv"},"log_n":26,"execution_state":"completed","trial":310,"attempts":1}],"trial_status":[{"trial":306,"execution_state":"completed","converged":true,"attempts":1,"convergence":0,"value":2186.5532,"eval_fn":27,"eval_gr":27,"log_n":27,"failed_clients_n":0,"message":"CONVERGENCE: REL_REDUCTION_OF_F <= FACTR*EPSMCH","result_file":"/project/temp/deferiprone_single_oral_25mgkg_designcheck_20260511/validation/design_change_n403030_wtmclustT10_nomix_site403030_nondesignquota_precisionchol_basefitbootinit_preboot_20260521/runs/scenario2/bootstrap/federated/scenario2/raw_runs/run_20260523-082725/optim_result_trial_306_20260523-082725.json","trace_file":"/project/temp/deferiprone_single_oral_25mgkg_designcheck_20260511/validation/design_change_n403030_wtmclustT10_nomix_site403030_nondesignquota_precisionchol_basefitbootinit_preboot_20260521/runs/scenario2/bootstrap/federated/scenario2/raw_runs/run_20260523-082725/optim_trace_trial_306_20260523-082725.csv","final_file":"/project/temp/deferiprone_single_oral_25mgkg_designcheck_20260511/validation/design_change_n403030_wtmclustT10_nomix_site403030_nondesignquota_precisionchol_basefitbootinit_preboot_20260521/runs/scenario2/bootstrap/federated/scenario2/raw_runs/run_20260523-082725/final_params_trial_306_20260523-082725.csv"},{"trial":307,"execution_state":"completed","converged":true,"attempts":1,"convergence":0,"value":2213.7715,"eval_fn":22,"eval_gr":22,"log_n":22,"failed_clients_n":0,"message":"CONVERGENCE: REL_REDUCTION_OF_F <= FACTR*EPSMCH","result_file":"/project/temp/deferiprone_single_oral_25mgkg_designcheck_20260511/validation/design_change_n403030_wtmclustT10_nomix_site403030_nondesignquota_precisionchol_basefitbootinit_preboot_20260521/runs/scenario2/bootstrap/federated/scenario2/raw_runs/run_20260523-082725/optim_result_trial_307_20260523-083050.json","trace_file":"/project/temp/deferiprone_single_oral_25mgkg_designcheck_20260511/validation/design_change_n403030_wtmclustT10_nomix_site403030_nondesignquota_precisionchol_basefitbootinit_preboot_20260521/runs/scenario2/bootstrap/federated/scenario2/raw_runs/run_20260523-082725/optim_trace_trial_307_20260523-083050.csv","final_file":"/project/temp/deferiprone_single_oral_25mgkg_designcheck_20260511/validation/design_change_n403030_wtmclustT10_nomix_site403030_nondesignquota_precisionchol_basefitbootinit_preboot_20260521/runs/scenario2/bootstrap/federated/scenario2/raw_runs/run_20260523-082725/final_params_trial_307_20260523-083050.csv"},{"trial":308,"execution_state":"completed","converged":true,"attempts":1,"convergence":0,"value":2179.9216,"eval_fn":36,"eval_gr":36,"log_n":36,"failed_clients_n":0,"message":"CONVERGENCE: REL_REDUCTION_OF_F <= FACTR*EPSMCH","result_file":"/project/temp/deferiprone_single_oral_25mgkg_designcheck_20260511/validation/design_change_n403030_wtmclustT10_nomix_site403030_nondesignquota_precisionchol_basefitbootinit_preboot_20260521/runs/scenario2/bootstrap/federated/scenario2/raw_runs/run_20260523-082725/optim_result_trial_308_20260523-083337.json","trace_file":"/project/temp/deferiprone_single_oral_25mgkg_designcheck_20260511/validation/design_change_n403030_wtmclustT10_nomix_site403030_nondesignquota_precisionchol_basefitbootinit_preboot_20260521/runs/scenario2/bootstrap/federated/scenario2/raw_runs/run_20260523-082725/optim_trace_trial_308_20260523-083337.csv","final_file":"/project/temp/deferiprone_single_oral_25mgkg_designcheck_20260511/validation/design_change_n403030_wtmclustT10_nomix_site403030_nondesignquota_precisionchol_basefitbootinit_preboot_20260521/runs/scenario2/bootstrap/federated/scenario2/raw_runs/run_20260523-082725/final_params_trial_308_20260523-083337.csv"},{"trial":309,"execution_state":"completed","converged":true,"attempts":1,"convergence":0,"value":2197.6131,"eval_fn":18,"eval_gr":18,"log_n":18,"failed_clients_n":0,"message":"CONVERGENCE: REL_REDUCTION_OF_F <= FACTR*EPSMCH","result_file":"/project/temp/deferiprone_single_oral_25mgkg_designcheck_20260511/validation/design_change_n403030_wtmclustT10_nomix_site403030_nondesignquota_precisionchol_basefitbootinit_preboot_20260521/runs/scenario2/bootstrap/federated/scenario2/raw_runs/run_20260523-082725/optim_result_trial_309_20260523-083810.json","trace_file":"/project/temp/deferiprone_single_oral_25mgkg_designcheck_20260511/validation/design_change_n403030_wtmclustT10_nomix_site403030_nondesignquota_precisionchol_basefitbootinit_preboot_20260521/runs/scenario2/bootstrap/federated/scenario2/raw_runs/run_20260523-082725/optim_trace_trial_309_20260523-083810.csv","final_file":"/project/temp/deferiprone_single_oral_25mgkg_designcheck_20260511/validation/design_change_n403030_wtmclustT10_nomix_site403030_nondesignquota_precisionchol_basefitbootinit_preboot_20260521/runs/scenario2/bootstrap/federated/scenario2/raw_runs/run_20260523-082725/final_params_trial_309_20260523-083810.csv"},{"trial":310,"execution_state":"completed","converged":true,"attempts":1,"convergence":0,"value":2216.8039,"eval_fn":26,"eval_gr":26,"log_n":26,"failed_clients_n":0,"message":"CONVERGENCE: REL_REDUCTION_OF_F <= FACTR*EPSMCH","result_file":"/project/temp/deferiprone_single_oral_25mgkg_designcheck_20260511/validation/design_change_n403030_wtmclustT10_nomix_site403030_nondesignquota_precisionchol_basefitbootinit_preboot_20260521/runs/scenario2/bootstrap/federated/scenario2/raw_runs/run_20260523-082725/optim_result_trial_310_20260523-084029.json","trace_file":"/project/temp/deferiprone_single_oral_25mgkg_designcheck_20260511/validation/design_change_n403030_wtmclustT10_nomix_site403030_nondesignquota_precisionchol_basefitbootinit_preboot_20260521/runs/scenario2/bootstrap/federated/scenario2/raw_runs/run_20260523-082725/optim_trace_trial_310_20260523-084029.csv","final_file":"/project/temp/deferiprone_single_oral_25mgkg_designcheck_20260511/validation/design_change_n403030_wtmclustT10_nomix_site403030_nondesignquota_precisionchol_basefitbootinit_preboot_20260521/runs/scenario2/bootstrap/federated/scenario2/raw_runs/run_20260523-082725/final_params_trial_310_20260523-084029.csv"}],"info":{"run_id":"20260523-082725","log_base_dir":"/project/temp/deferiprone_single_oral_25mgkg_designcheck_20260511/validation/design_change_n403030_wtmclustT10_nomix_site403030_nondesignquota_precisionchol_basefitbootinit_preboot_20260521/runs/scenario2/bootstrap/federated","scenario":"scenario2/raw_runs","total_trials":5,"successes":5,"failures":0,"nonconverged_count":0,"nonconverged_trials":[],"convergence_missing_count":0,"seed_base":4869,"B_per_client":500,"duration_sec":989.1958673,"host":"0a4bd70053ad","image_tag":null,"communication":{"generated_at":"2026-05-23T08:43:49Z","totals":{"requests":777,"request_bytes":866085,"response_bytes":197063,"total_bytes":1063148,"retries":0},"init":{"requests":3,"request_bytes":8139,"response_bytes":1161,"total_bytes":9300,"retries":0,"median_elapsed_sec":0.36863780022},"init_round_latency":{"n_rounds":1,"median_round_wall_sec":0.37457203865,"p95_round_wall_sec":0.37457203865},"run":{"requests":0,"request_bytes":0,"response_bytes":0,"total_bytes":0,"retries":0,"median_elapsed_sec":"NA"},"run_bootstrap":{"requests":774,"request_bytes":857946,"response_bytes":195902,"total_bytes":1053848,"retries":0,"median_elapsed_sec":3.6579672098},"round_latency":{"n_rounds":258,"median_round_wall_sec":3.7670502663,"p95_round_wall_sec":4.0077519536},"timing_split":{"n_rounds":258,"rounds_with_compute":258,"total_round_wall_sec":977.9316577911,"total_round_compute_wall_sec":969.6218,"total_round_comm_overhead_wall_sec":8.3098577911,"comm_overhead_ratio":0.0084973809007,"compute_ratio":0.9915026191}},"communication_files":{"csv":"/project/temp/deferiprone_single_oral_25mgkg_designcheck_20260511/validation/design_change_n403030_wtmclustT10_nomix_site403030_nondesignquota_precisionchol_basefitbootinit_preboot_20260521/runs/scenario2/bootstrap/federated/scenario2/raw_runs/run_20260523-082725/comm_metrics.csv","json":"/project/temp/deferiprone_single_oral_25mgkg_designcheck_20260511/validation/design_change_n403030_wtmclustT10_nomix_site403030_nondesignquota_precisionchol_basefitbootinit_preboot_20260521/runs/scenario2/bootstrap/federated/scenario2/raw_runs/run_20260523-082725/comm_metrics.json"},"output_files":{"bootstrap_summary_csv":"/project/temp/deferiprone_single_oral_25mgkg_designcheck_20260511/validation/design_change_n403030_wtmclustT10_nomix_site403030_nondesignquota_precisionchol_basefitbootinit_preboot_20260521/runs/scenario2/bootstrap/federated/scenario2/raw_runs/run_20260523-082725/bootstrap_summary.csv","bootstrap_summary_json":"/project/temp/deferiprone_single_oral_25mgkg_designcheck_20260511/validation/design_change_n403030_wtmclustT10_nomix_site403030_nondesignquota_precisionchol_basefitbootinit_preboot_20260521/runs/scenario2/bootstrap/federated/scenario2/raw_runs/run_20260523-082725/bootstrap_summary.json","trial_status_csv":"/project/temp/deferiprone_single_oral_25mgkg_designcheck_20260511/validation/design_change_n403030_wtmclustT10_nomix_site403030_nondesignquota_precisionchol_basefitbootinit_preboot_20260521/runs/scenario2/bootstrap/federated/scenario2/raw_runs/run_20260523-082725/trial_status.csv","failed_trials_csv":"/project/temp/deferiprone_single_oral_25mgkg_designcheck_20260511/validation/design_change_n403030_wtmclustT10_nomix_site403030_nondesignquota_precisionchol_basefitbootinit_preboot_20260521/runs/scenario2/bootstrap/federated/scenario2/raw_runs/run_20260523-082725/failed_trials.csv","trial_estimates_wide_csv":"/project/temp/deferiprone_single_oral_25mgkg_designcheck_20260511/validation/design_change_n403030_wtmclustT10_nomix_site403030_nondesignquota_precisionchol_basefitbootinit_preboot_20260521/runs/scenario2/bootstrap/federated/scenario2/raw_runs/run_20260523-082725/trial_estimates_wide.csv","trial_estimates_long_csv":"/project/temp/deferiprone_single_oral_25mgkg_designcheck_20260511/validation/design_change_n403030_wtmclustT10_nomix_site403030_nondesignquota_precisionchol_basefitbootinit_preboot_20260521/runs/scenario2/bootstrap/federated/scenario2/raw_runs/run_20260523-082725/trial_estimates_long.csv","result_json":"/project/temp/deferiprone_single_oral_25mgkg_designcheck_20260511/validation/design_change_n403030_wtmclustT10_nomix_site403030_nondesignquota_precisionchol_basefitbootinit_preboot_20260521/runs/scenario2/bootstrap/federated/scenario2/raw_runs/run_20260523-082725/result.json"}}}
[Kserver-1 exited with code 0
Aborting on container exit...
 Container defboot_design_change_n403030_wtmclu_scenario2_306_310-server-1  Stopping
 Container defboot_design_change_n403030_wtmclu_scenario2_306_310-server-1  Stopped
 Container defboot_design_change_n403030_wtmclu_scenario2_306_310-client3-1  Stopping
 Container defboot_design_change_n403030_wtmclu_scenario2_306_310-client1-1  Stopping
 Container defboot_design_change_n403030_wtmclu_scenario2_306_310-client2-1  Stopping
 Container defboot_design_change_n403030_wtmclu_scenario2_306_310-client3-1  Stopped
 Container defboot_design_change_n403030_wtmclu_scenario2_306_310-client1-1  Stopped
 Container defboot_design_change_n403030_wtmclu_scenario2_306_310-client2-1  Stopped
time="2026-05-23T17:43:59+09:00" level=warning msg="The \"SERVER_CONFIG_PATH\" variable is not set. Defaulting to a blank string."
 Container defboot_design_change_n403030_wtmclu_scenario2_306_310-server-1  Stopping
 Container defboot_design_change_n403030_wtmclu_scenario2_306_310-server-1  Stopped
 Container defboot_design_change_n403030_wtmclu_scenario2_306_310-server-1  Removing
 Container defboot_design_change_n403030_wtmclu_scenario2_306_310-server-1  Removed
 Container defboot_design_change_n403030_wtmclu_scenario2_306_310-client2-1  Stopping
 Container defboot_design_change_n403030_wtmclu_scenario2_306_310-client3-1  Stopping
 Container defboot_design_change_n403030_wtmclu_scenario2_306_310-client1-1  Stopping
 Container defboot_design_change_n403030_wtmclu_scenario2_306_310-client2-1  Stopped
 Container defboot_design_change_n403030_wtmclu_scenario2_306_310-client2-1  Removing
 Container defboot_design_change_n403030_wtmclu_scenario2_306_310-client3-1  Stopped
 Container defboot_design_change_n403030_wtmclu_scenario2_306_310-client3-1  Removing
 Container defboot_design_change_n403030_wtmclu_scenario2_306_310-client1-1  Stopped
 Container defboot_design_change_n403030_wtmclu_scenario2_306_310-client1-1  Removing
 Container defboot_design_change_n403030_wtmclu_scenario2_306_310-client2-1  Removed
 Container defboot_design_change_n403030_wtmclu_scenario2_306_310-client3-1  Removed
 Container defboot_design_change_n403030_wtmclu_scenario2_306_310-client1-1  Removed
 Network defboot_design_change_n403030_wtmclu_scenario2_306_310_site2_net  Removing
 Network defboot_design_change_n403030_wtmclu_scenario2_306_310_site1_net  Removing
 Network defboot_design_change_n403030_wtmclu_scenario2_306_310_site3_net  Removing
 Network defboot_design_change_n403030_wtmclu_scenario2_306_310_site1_net  Removed
 Network defboot_design_change_n403030_wtmclu_scenario2_306_310_site2_net  Removed
 Network defboot_design_change_n403030_wtmclu_scenario2_306_310_site3_net  Removed
