time="2026-05-23T13:43:39+09:00" level=warning msg="The \"SERVER_CONFIG_PATH\" variable is not set. Defaulting to a blank string."
Compose now can delegate build to bake for better performances
Just set COMPOSE_BAKE=true
#0 building with "default" instance using docker driver

#1 [client3 internal] load build definition from Dockerfile.app
#1 transferring dockerfile: 778B done
#1 DONE 0.0s

#2 [client2 internal] load build definition from Dockerfile.app
#2 transferring dockerfile: 778B done
#2 DONE 0.0s

#3 [client1 internal] load build definition from Dockerfile.app
#3 transferring dockerfile: 778B done
#3 DONE 0.0s

#4 [client1 internal] load metadata for docker.io/fedpoppk/base:0.1.0
#4 DONE 0.0s

#5 [client3 internal] load .dockerignore
#5 transferring context: 2B done
#5 DONE 0.0s

#6 [client2 internal] load .dockerignore
#6 transferring context: 2B done
#6 DONE 0.0s

#7 [client1 internal] load .dockerignore
#7 transferring context: 2B done
#7 DONE 0.0s

#8 [client1 1/8] FROM docker.io/fedpoppk/base:0.1.0
#8 DONE 0.0s

#9 [client3 internal] load build context
#9 transferring context: 736.51kB 0.3s done
#9 DONE 0.3s

#10 [client2 internal] load build context
#10 transferring context: 736.51kB 0.3s done
#10 DONE 0.3s

#11 [client1 internal] load build context
#11 transferring context: 736.51kB 0.3s done
#11 DONE 0.3s

#12 [client2 2/8] WORKDIR /project
#12 CACHED

#13 [client2 7/8] COPY analysis/ analysis/
#13 CACHED

#14 [client2 5/8] COPY apps/ apps/
#14 CACHED

#15 [client2 4/8] RUN Rscript -e "options(renv.consent=TRUE, Ncpus=parallel::detectCores());                 renv::restore(prompt=FALSE)"
#15 CACHED

#16 [client2 6/8] COPY R/ R/
#16 CACHED

#17 [client2 3/8] COPY renv.lock .Rprofile renv/activate.R ./
#17 CACHED

#18 [client1 8/8] RUN mkdir -p /project/configs/modes /project/data /project/artifacts /project/result
#18 CACHED

#19 [client2] exporting to image
#19 exporting layers done
#19 writing image sha256:53a185c8c5ee977038b0565e03e1a650e33d3b616b66e88888a275a3112335a7 done
#19 naming to docker.io/library/defboot_design_change_n403030_wtmclu_scenario2_236_240-client2 0.0s done
#19 DONE 0.0s

#20 [client1] exporting to image
#20 exporting layers done
#20 writing image sha256:cda82d2aa81c3fbb1ff6a594a3c58eb3b7f3d00e812bea3e096335165bc10061 done
#20 naming to docker.io/library/defboot_design_change_n403030_wtmclu_scenario2_236_240-client1 0.0s done
#20 DONE 0.0s

#21 [client3] exporting to image
#21 exporting layers done
#21 writing image sha256:3814a9289baa2eb1f805b2cb590e0c7ca4d5c320474adef9e2c19af7b9f26293 done
#21 naming to docker.io/library/defboot_design_change_n403030_wtmclu_scenario2_236_240-client3 0.0s done
#21 DONE 0.1s

#22 [client2] resolving provenance for metadata file
#22 DONE 0.0s

#23 [client1] resolving provenance for metadata file
#23 DONE 0.0s

#24 [client3] resolving provenance for metadata file
#24 DONE 0.0s

#25 [server internal] load build definition from Dockerfile.app
#25 transferring dockerfile: 778B done
#25 DONE 0.0s

#4 [server internal] load metadata for docker.io/fedpoppk/base:0.1.0
#4 DONE 0.0s

#26 [server internal] load .dockerignore
#26 transferring context: 2B done
#26 DONE 0.0s

#8 [server 1/8] FROM docker.io/fedpoppk/base:0.1.0
#8 DONE 0.0s

#27 [server internal] load build context
#27 transferring context: 736.51kB 0.2s done
#27 DONE 0.2s

#28 [server 7/8] COPY analysis/ analysis/
#28 CACHED

#12 [server 2/8] WORKDIR /project
#12 CACHED

#29 [server 5/8] COPY apps/ apps/
#29 CACHED

#30 [server 4/8] RUN Rscript -e "options(renv.consent=TRUE, Ncpus=parallel::detectCores());                 renv::restore(prompt=FALSE)"
#30 CACHED

#31 [server 6/8] COPY R/ R/
#31 CACHED

#32 [server 3/8] COPY renv.lock .Rprofile renv/activate.R ./
#32 CACHED

#33 [server 8/8] RUN mkdir -p /project/configs/modes /project/data /project/artifacts /project/result
#33 CACHED

#34 [server] exporting to image
#34 exporting layers done
#34 writing image sha256:009a9dd57dc353500367efea0f8d22b1d507af42f3bf552523cf74e19bbf4690 done
#34 naming to docker.io/library/defboot_design_change_n403030_wtmclu_scenario2_236_240-server 0.0s done
#34 DONE 0.0s

#35 [server] resolving provenance for metadata file
#35 DONE 0.0s
 client1  Built
 client2  Built
 client3  Built
 server  Built
 Network defboot_design_change_n403030_wtmclu_scenario2_236_240_site2_net  Creating
 Network defboot_design_change_n403030_wtmclu_scenario2_236_240_site2_net  Created
 Network defboot_design_change_n403030_wtmclu_scenario2_236_240_site3_net  Creating
 Network defboot_design_change_n403030_wtmclu_scenario2_236_240_site3_net  Created
 Network defboot_design_change_n403030_wtmclu_scenario2_236_240_site1_net  Creating
 Network defboot_design_change_n403030_wtmclu_scenario2_236_240_site1_net  Created
 Container defboot_design_change_n403030_wtmclu_scenario2_236_240-client2-1  Creating
 Container defboot_design_change_n403030_wtmclu_scenario2_236_240-client3-1  Creating
 Container defboot_design_change_n403030_wtmclu_scenario2_236_240-client1-1  Creating
 Container defboot_design_change_n403030_wtmclu_scenario2_236_240-client1-1  Created
 Container defboot_design_change_n403030_wtmclu_scenario2_236_240-client2-1  Created
 Container defboot_design_change_n403030_wtmclu_scenario2_236_240-client3-1  Created
 Container defboot_design_change_n403030_wtmclu_scenario2_236_240-server-1  Creating
 Container defboot_design_change_n403030_wtmclu_scenario2_236_240-server-1  Created
Attaching to client1-1, client2-1, client3-1, server-1
client1-1  | Running plumber API at http://0.0.0.0:8000
client1-1  | Running swagger Docs at http://127.0.0.1:8000/__docs__/
client3-1  | Running plumber API at http://0.0.0.0:8000
client3-1  | Running swagger Docs at http://127.0.0.1:8000/__docs__/
client2-1  | Running plumber API at http://0.0.0.0:8000
client2-1  | Running swagger Docs at http://127.0.0.1:8000/__docs__/
client3-1  | ℹ parameter labels from comments are typically ignored in non-interactive mode
client2-1  | ℹ parameter labels from comments are typically ignored in non-interactive mode
client1-1  | ℹ parameter labels from comments are typically ignored in non-interactive mode
client3-1  | ℹ Need to run with the source intact to parse comments
client2-1  | ℹ Need to run with the source intact to parse comments
client1-1  | ℹ Need to run with the source intact to parse comments
server-1   | [send_init] http://client3:8000 init succeeded
server-1   | [send_init] http://client1:8000 init succeeded
server-1   | [send_init] http://client2:8000 init succeeded
server-1   | {"schema":{"schema_version":"1.1.0","generated_at":"2026-05-23T04:43:47Z","config_path":"/project/configs/../temp/deferiprone_single_oral_25mgkg_designcheck_20260511/validation/design_change_n403030_wtmclustT10_nomix_site403030_nondesignquota_precisionchol_basefitbootinit_preboot_20260521/configs/resolved/scenario2_bootstrap.json","config_md5":"67e6a296d3935d620e746ed6160f8ca2","seed":4869,"host":"a70602407937","pid":1,"image_tag":null,"git_sha":null,"git_dirty":null},"aggregation":{"ci_method":"percentile","ci_level":0.95,"quantile_type":7,"estimates_scale":"natural"},"summary":[{"parameter":"(etaLcl,etaLvc)","median":0.065414749052,"p2.5":0.049718135898,"p97.5":0.069682894768},{"parameter":"CcPropSd","median":0.35378473888,"p2.5":0.32424161793,"p97.5":0.36084189241},{"parameter":"etaLcl","median":0.10348291899,"p2.5":0.10217290492,"p97.5":0.12686895386},{"parameter":"etaLvc","median":0.040227980175,"p2.5":0.024840593492,"p97.5":0.045960804088},{"parameter":"lcl","median":2.1844064529,"p2.5":2.1394691035,"p97.5":2.2029224779},{"parameter":"lka","median":2.4204699012,"p2.5":2.1076961847,"p97.5":2.4512871879},{"parameter":"lvc","median":2.9718861368,"p2.5":2.9639031156,"p97.5":2.9803303193},{"parameter":"rho_(etaLcl,etaLvc)","median":0.98094128231,"p2.5":0.96965968636,"p97.5":0.98322536531}],"runs":[{"tag":"trial_236_20260523-044347","value":2154.1351,"counts":[35,35],"control":{"maxit":100,"factr":1000000000,"pgtol":0,"trace":0,"method":"L-BFGS-B"},"convergence":0,"message":"CONVERGENCE: REL_REDUCTION_OF_F <= FACTR*EPSMCH","nat_par":{"lka":2.0830093668,"lcl":2.2044335125,"lvc":2.9805334401,"CcPropSd":0.32147382928,"etaLcl":0.1022309444,"etaLvc":0.046244327022,"(etaLcl,etaLvc)":0.06761146541,"rho_(etaLcl,etaLvc)":0.98333145276},"failed_clients":[],"attempt":1,"files":{"result":"/project/temp/deferiprone_single_oral_25mgkg_designcheck_20260511/validation/design_change_n403030_wtmclustT10_nomix_site403030_nondesignquota_precisionchol_basefitbootinit_preboot_20260521/runs/scenario2/bootstrap/federated/scenario2/raw_runs/run_20260523-044347/optim_result_trial_236_20260523-044347.json","trace":"/project/temp/deferiprone_single_oral_25mgkg_designcheck_20260511/validation/design_change_n403030_wtmclustT10_nomix_site403030_nondesignquota_precisionchol_basefitbootinit_preboot_20260521/runs/scenario2/bootstrap/federated/scenario2/raw_runs/run_20260523-044347/optim_trace_trial_236_20260523-044347.csv","final":"/project/temp/deferiprone_single_oral_25mgkg_designcheck_20260511/validation/design_change_n403030_wtmclustT10_nomix_site403030_nondesignquota_precisionchol_basefitbootinit_preboot_20260521/runs/scenario2/bootstrap/federated/scenario2/raw_runs/run_20260523-044347/final_params_trial_236_20260523-044347.csv"},"log_n":34,"execution_state":"completed","trial":236,"attempts":1},{"tag":"trial_237_20260523-044805","value":2236.0961,"counts":[22,22],"control":{"maxit":100,"factr":1000000000,"pgtol":0,"trace":0,"method":"L-BFGS-B"},"convergence":0,"message":"CONVERGENCE: REL_REDUCTION_OF_F <= FACTR*EPSMCH","nat_par":{"lka":2.4204699012,"lcl":2.1836396112,"lvc":2.9637070086,"CcPropSd":0.34915171578,"etaLcl":0.1269354361,"etaLvc":0.028368723117,"(etaLcl,etaLvc)":0.058408276828,"rho_(etaLcl,etaLvc)":0.97333661237},"failed_clients":[],"attempt":1,"files":{"result":"/project/temp/deferiprone_single_oral_25mgkg_designcheck_20260511/validation/design_change_n403030_wtmclustT10_nomix_site403030_nondesignquota_precisionchol_basefitbootinit_preboot_20260521/runs/scenario2/bootstrap/federated/scenario2/raw_runs/run_20260523-044347/optim_result_trial_237_20260523-044805.json","trace":"/project/temp/deferiprone_single_oral_25mgkg_designcheck_20260511/validation/design_change_n403030_wtmclustT10_nomix_site403030_nondesignquota_precisionchol_basefitbootinit_preboot_20260521/runs/scenario2/bootstrap/federated/scenario2/raw_runs/run_20260523-044347/optim_trace_trial_237_20260523-044805.csv","final":"/project/temp/deferiprone_single_oral_25mgkg_designcheck_20260511/validation/design_change_n403030_wtmclustT10_nomix_site403030_nondesignquota_precisionchol_basefitbootinit_preboot_20260521/runs/scenario2/bootstrap/federated/scenario2/raw_runs/run_20260523-044347/final_params_trial_237_20260523-044805.csv"},"log_n":22,"execution_state":"completed","trial":237,"attempts":1},{"tag":"trial_238_20260523-045052","value":2242.996,"counts":[21,21],"control":{"maxit":100,"factr":1000000000,"pgtol":0,"trace":0,"method":"L-BFGS-B"},"convergence":0,"message":"CONVERGENCE: REL_REDUCTION_OF_F <= FACTR*EPSMCH","nat_par":{"lka":2.3298775457,"lcl":2.1345612694,"lvc":2.9656680786,"CcPropSd":0.36162155727,"etaLcl":0.10216645609,"etaLvc":0.04340909768,"(etaLcl,etaLvc)":0.065414749052,"rho_(etaLcl,etaLvc)":0.98227057824},"failed_clients":[],"attempt":1,"files":{"result":"/project/temp/deferiprone_single_oral_25mgkg_designcheck_20260511/validation/design_change_n403030_wtmclustT10_nomix_site403030_nondesignquota_precisionchol_basefitbootinit_preboot_20260521/runs/scenario2/bootstrap/federated/scenario2/raw_runs/run_20260523-044347/optim_result_trial_238_20260523-045052.json","trace":"/project/temp/deferiprone_single_oral_25mgkg_designcheck_20260511/validation/design_change_n403030_wtmclustT10_nomix_site403030_nondesignquota_precisionchol_basefitbootinit_preboot_20260521/runs/scenario2/bootstrap/federated/scenario2/raw_runs/run_20260523-044347/optim_trace_trial_238_20260523-045052.csv","final":"/project/temp/deferiprone_single_oral_25mgkg_designcheck_20260511/validation/design_change_n403030_wtmclustT10_nomix_site403030_nondesignquota_precisionchol_basefitbootinit_preboot_20260521/runs/scenario2/bootstrap/federated/scenario2/raw_runs/run_20260523-044347/final_params_trial_238_20260523-045052.csv"},"log_n":21,"execution_state":"completed","trial":238,"attempts":1},{"tag":"trial_239_20260523-045333","value":2185.1911,"counts":[42,42],"control":{"maxit":100,"factr":1000000000,"pgtol":0,"trace":0,"method":"L-BFGS-B"},"convergence":0,"message":"CONVERGENCE: REL_REDUCTION_OF_F <= FACTR*EPSMCH","nat_par":{"lka":2.4267108634,"lcl":2.1893231667,"lvc":2.9718861368,"CcPropSd":0.35378473888,"etaLcl":0.10348291899,"etaLvc":0.024448579089,"(etaLcl,etaLvc)":0.048752564684,"rho_(etaLcl,etaLvc)":0.96925113903},"failed_clients":[],"attempt":1,"files":{"result":"/project/temp/deferiprone_single_oral_25mgkg_designcheck_20260511/validation/design_change_n403030_wtmclustT10_nomix_site403030_nondesignquota_precisionchol_basefitbootinit_preboot_20260521/runs/scenario2/bootstrap/federated/scenario2/raw_runs/run_20260523-044347/optim_result_trial_239_20260523-045333.json","trace":"/project/temp/deferiprone_single_oral_25mgkg_designcheck_20260511/validation/design_change_n403030_wtmclustT10_nomix_site403030_nondesignquota_precisionchol_basefitbootinit_preboot_20260521/runs/scenario2/bootstrap/federated/scenario2/raw_runs/run_20260523-044347/optim_trace_trial_239_20260523-045333.csv","final":"/project/temp/deferiprone_single_oral_25mgkg_designcheck_20260511/validation/design_change_n403030_wtmclustT10_nomix_site403030_nondesignquota_precisionchol_basefitbootinit_preboot_20260521/runs/scenario2/bootstrap/federated/scenario2/raw_runs/run_20260523-044347/final_params_trial_239_20260523-045333.csv"},"log_n":42,"execution_state":"completed","trial":239,"attempts":1},{"tag":"trial_240_20260523-045854","value":2213.0243,"counts":[21,21],"control":{"maxit":100,"factr":1000000000,"pgtol":0,"trace":0,"method":"L-BFGS-B"},"convergence":0,"message":"CONVERGENCE: REL_REDUCTION_OF_F <= FACTR*EPSMCH","nat_par":{"lka":2.4540178906,"lcl":2.1844064529,"lvc":2.9785022319,"CcPropSd":0.35382490866,"etaLcl":0.12627061365,"etaLvc":0.040227980175,"(etaLcl,etaLvc)":0.069913053586,"rho_(etaLcl,etaLvc)":0.98094128231},"failed_clients":[],"attempt":1,"files":{"result":"/project/temp/deferiprone_single_oral_25mgkg_designcheck_20260511/validation/design_change_n403030_wtmclustT10_nomix_site403030_nondesignquota_precisionchol_basefitbootinit_preboot_20260521/runs/scenario2/bootstrap/federated/scenario2/raw_runs/run_20260523-044347/optim_result_trial_240_20260523-045854.json","trace":"/project/temp/deferiprone_single_oral_25mgkg_designcheck_20260511/validation/design_change_n403030_wtmclustT10_nomix_site403030_nondesignquota_precisionchol_basefitbootinit_preboot_20260521/runs/scenario2/bootstrap/federated/scenario2/raw_runs/run_20260523-044347/optim_trace_trial_240_20260523-045854.csv","final":"/project/temp/deferiprone_single_oral_25mgkg_designcheck_20260511/validation/design_change_n403030_wtmclustT10_nomix_site403030_nondesignquota_precisionchol_basefitbootinit_preboot_20260521/runs/scenario2/bootstrap/federated/scenario2/raw_runs/run_20260523-044347/final_params_trial_240_20260523-045854.csv"},"log_n":21,"execution_state":"completed","trial":240,"attempts":1}],"trial_status":[{"trial":236,"execution_state":"completed","converged":true,"attempts":1,"convergence":0,"value":2154.1351,"eval_fn":35,"eval_gr":35,"log_n":34,"failed_clients_n":0,"message":"CONVERGENCE: REL_REDUCTION_OF_F <= FACTR*EPSMCH","result_file":"/project/temp/deferiprone_single_oral_25mgkg_designcheck_20260511/validation/design_change_n403030_wtmclustT10_nomix_site403030_nondesignquota_precisionchol_basefitbootinit_preboot_20260521/runs/scenario2/bootstrap/federated/scenario2/raw_runs/run_20260523-044347/optim_result_trial_236_20260523-044347.json","trace_file":"/project/temp/deferiprone_single_oral_25mgkg_designcheck_20260511/validation/design_change_n403030_wtmclustT10_nomix_site403030_nondesignquota_precisionchol_basefitbootinit_preboot_20260521/runs/scenario2/bootstrap/federated/scenario2/raw_runs/run_20260523-044347/optim_trace_trial_236_20260523-044347.csv","final_file":"/project/temp/deferiprone_single_oral_25mgkg_designcheck_20260511/validation/design_change_n403030_wtmclustT10_nomix_site403030_nondesignquota_precisionchol_basefitbootinit_preboot_20260521/runs/scenario2/bootstrap/federated/scenario2/raw_runs/run_20260523-044347/final_params_trial_236_20260523-044347.csv"},{"trial":237,"execution_state":"completed","converged":true,"attempts":1,"convergence":0,"value":2236.0961,"eval_fn":22,"eval_gr":22,"log_n":22,"failed_clients_n":0,"message":"CONVERGENCE: REL_REDUCTION_OF_F <= FACTR*EPSMCH","result_file":"/project/temp/deferiprone_single_oral_25mgkg_designcheck_20260511/validation/design_change_n403030_wtmclustT10_nomix_site403030_nondesignquota_precisionchol_basefitbootinit_preboot_20260521/runs/scenario2/bootstrap/federated/scenario2/raw_runs/run_20260523-044347/optim_result_trial_237_20260523-044805.json","trace_file":"/project/temp/deferiprone_single_oral_25mgkg_designcheck_20260511/validation/design_change_n403030_wtmclustT10_nomix_site403030_nondesignquota_precisionchol_basefitbootinit_preboot_20260521/runs/scenario2/bootstrap/federated/scenario2/raw_runs/run_20260523-044347/optim_trace_trial_237_20260523-044805.csv","final_file":"/project/temp/deferiprone_single_oral_25mgkg_designcheck_20260511/validation/design_change_n403030_wtmclustT10_nomix_site403030_nondesignquota_precisionchol_basefitbootinit_preboot_20260521/runs/scenario2/bootstrap/federated/scenario2/raw_runs/run_20260523-044347/final_params_trial_237_20260523-044805.csv"},{"trial":238,"execution_state":"completed","converged":true,"attempts":1,"convergence":0,"value":2242.996,"eval_fn":21,"eval_gr":21,"log_n":21,"failed_clients_n":0,"message":"CONVERGENCE: REL_REDUCTION_OF_F <= FACTR*EPSMCH","result_file":"/project/temp/deferiprone_single_oral_25mgkg_designcheck_20260511/validation/design_change_n403030_wtmclustT10_nomix_site403030_nondesignquota_precisionchol_basefitbootinit_preboot_20260521/runs/scenario2/bootstrap/federated/scenario2/raw_runs/run_20260523-044347/optim_result_trial_238_20260523-045052.json","trace_file":"/project/temp/deferiprone_single_oral_25mgkg_designcheck_20260511/validation/design_change_n403030_wtmclustT10_nomix_site403030_nondesignquota_precisionchol_basefitbootinit_preboot_20260521/runs/scenario2/bootstrap/federated/scenario2/raw_runs/run_20260523-044347/optim_trace_trial_238_20260523-045052.csv","final_file":"/project/temp/deferiprone_single_oral_25mgkg_designcheck_20260511/validation/design_change_n403030_wtmclustT10_nomix_site403030_nondesignquota_precisionchol_basefitbootinit_preboot_20260521/runs/scenario2/bootstrap/federated/scenario2/raw_runs/run_20260523-044347/final_params_trial_238_20260523-045052.csv"},{"trial":239,"execution_state":"completed","converged":true,"attempts":1,"convergence":0,"value":2185.1911,"eval_fn":42,"eval_gr":42,"log_n":42,"failed_clients_n":0,"message":"CONVERGENCE: REL_REDUCTION_OF_F <= FACTR*EPSMCH","result_file":"/project/temp/deferiprone_single_oral_25mgkg_designcheck_20260511/validation/design_change_n403030_wtmclustT10_nomix_site403030_nondesignquota_precisionchol_basefitbootinit_preboot_20260521/runs/scenario2/bootstrap/federated/scenario2/raw_runs/run_20260523-044347/optim_result_trial_239_20260523-045333.json","trace_file":"/project/temp/deferiprone_single_oral_25mgkg_designcheck_20260511/validation/design_change_n403030_wtmclustT10_nomix_site403030_nondesignquota_precisionchol_basefitbootinit_preboot_20260521/runs/scenario2/bootstrap/federated/scenario2/raw_runs/run_20260523-044347/optim_trace_trial_239_20260523-045333.csv","final_file":"/project/temp/deferiprone_single_oral_25mgkg_designcheck_20260511/validation/design_change_n403030_wtmclustT10_nomix_site403030_nondesignquota_precisionchol_basefitbootinit_preboot_20260521/runs/scenario2/bootstrap/federated/scenario2/raw_runs/run_20260523-044347/final_params_trial_239_20260523-045333.csv"},{"trial":240,"execution_state":"completed","converged":true,"attempts":1,"convergence":0,"value":2213.0243,"eval_fn":21,"eval_gr":21,"log_n":21,"failed_clients_n":0,"message":"CONVERGENCE: REL_REDUCTION_OF_F <= FACTR*EPSMCH","result_file":"/project/temp/deferiprone_single_oral_25mgkg_designcheck_20260511/validation/design_change_n403030_wtmclustT10_nomix_site403030_nondesignquota_precisionchol_basefitbootinit_preboot_20260521/runs/scenario2/bootstrap/federated/scenario2/raw_runs/run_20260523-044347/optim_result_trial_240_20260523-045854.json","trace_file":"/project/temp/deferiprone_single_oral_25mgkg_designcheck_20260511/validation/design_change_n403030_wtmclustT10_nomix_site403030_nondesignquota_precisionchol_basefitbootinit_preboot_20260521/runs/scenario2/bootstrap/federated/scenario2/raw_runs/run_20260523-044347/optim_trace_trial_240_20260523-045854.csv","final_file":"/project/temp/deferiprone_single_oral_25mgkg_designcheck_20260511/validation/design_change_n403030_wtmclustT10_nomix_site403030_nondesignquota_precisionchol_basefitbootinit_preboot_20260521/runs/scenario2/bootstrap/federated/scenario2/raw_runs/run_20260523-044347/final_params_trial_240_20260523-045854.csv"}],"info":{"run_id":"20260523-044347","log_base_dir":"/project/temp/deferiprone_single_oral_25mgkg_designcheck_20260511/validation/design_change_n403030_wtmclustT10_nomix_site403030_nondesignquota_precisionchol_basefitbootinit_preboot_20260521/runs/scenario2/bootstrap/federated","scenario":"scenario2/raw_runs","total_trials":5,"successes":5,"failures":0,"nonconverged_count":0,"nonconverged_trials":[],"convergence_missing_count":0,"seed_base":4869,"B_per_client":500,"duration_sec":1075.1999332905,"host":"a70602407937","image_tag":null,"communication":{"generated_at":"2026-05-23T05:01:37Z","totals":{"requests":843,"request_bytes":939093,"response_bytes":213659,"total_bytes":1152752,"retries":0},"init":{"requests":3,"request_bytes":8139,"response_bytes":1161,"total_bytes":9300,"retries":0,"median_elapsed_sec":0.36560130119},"init_round_latency":{"n_rounds":1,"median_round_wall_sec":0.36769556999,"p95_round_wall_sec":0.36769556999},"run":{"requests":0,"request_bytes":0,"response_bytes":0,"total_bytes":0,"retries":0,"median_elapsed_sec":"NA"},"run_bootstrap":{"requests":840,"request_bytes":930954,"response_bytes":212498,"total_bytes":1143452,"retries":0,"median_elapsed_sec":3.6722240448},"round_latency":{"n_rounds":280,"median_round_wall_sec":3.7829351425,"p95_round_wall_sec":4.0324470997},"timing_split":{"n_rounds":280,"rounds_with_compute":280,"total_round_wall_sec":1063.4196593761,"total_round_compute_wall_sec":1054.0834,"total_round_comm_overhead_wall_sec":9.3362593761,"comm_overhead_ratio":0.0087794684759,"compute_ratio":0.99122053152}},"communication_files":{"csv":"/project/temp/deferiprone_single_oral_25mgkg_designcheck_20260511/validation/design_change_n403030_wtmclustT10_nomix_site403030_nondesignquota_precisionchol_basefitbootinit_preboot_20260521/runs/scenario2/bootstrap/federated/scenario2/raw_runs/run_20260523-044347/comm_metrics.csv","json":"/project/temp/deferiprone_single_oral_25mgkg_designcheck_20260511/validation/design_change_n403030_wtmclustT10_nomix_site403030_nondesignquota_precisionchol_basefitbootinit_preboot_20260521/runs/scenario2/bootstrap/federated/scenario2/raw_runs/run_20260523-044347/comm_metrics.json"},"output_files":{"bootstrap_summary_csv":"/project/temp/deferiprone_single_oral_25mgkg_designcheck_20260511/validation/design_change_n403030_wtmclustT10_nomix_site403030_nondesignquota_precisionchol_basefitbootinit_preboot_20260521/runs/scenario2/bootstrap/federated/scenario2/raw_runs/run_20260523-044347/bootstrap_summary.csv","bootstrap_summary_json":"/project/temp/deferiprone_single_oral_25mgkg_designcheck_20260511/validation/design_change_n403030_wtmclustT10_nomix_site403030_nondesignquota_precisionchol_basefitbootinit_preboot_20260521/runs/scenario2/bootstrap/federated/scenario2/raw_runs/run_20260523-044347/bootstrap_summary.json","trial_status_csv":"/project/temp/deferiprone_single_oral_25mgkg_designcheck_20260511/validation/design_change_n403030_wtmclustT10_nomix_site403030_nondesignquota_precisionchol_basefitbootinit_preboot_20260521/runs/scenario2/bootstrap/federated/scenario2/raw_runs/run_20260523-044347/trial_status.csv","failed_trials_csv":"/project/temp/deferiprone_single_oral_25mgkg_designcheck_20260511/validation/design_change_n403030_wtmclustT10_nomix_site403030_nondesignquota_precisionchol_basefitbootinit_preboot_20260521/runs/scenario2/bootstrap/federated/scenario2/raw_runs/run_20260523-044347/failed_trials.csv","trial_estimates_wide_csv":"/project/temp/deferiprone_single_oral_25mgkg_designcheck_20260511/validation/design_change_n403030_wtmclustT10_nomix_site403030_nondesignquota_precisionchol_basefitbootinit_preboot_20260521/runs/scenario2/bootstrap/federated/scenario2/raw_runs/run_20260523-044347/trial_estimates_wide.csv","trial_estimates_long_csv":"/project/temp/deferiprone_single_oral_25mgkg_designcheck_20260511/validation/design_change_n403030_wtmclustT10_nomix_site403030_nondesignquota_precisionchol_basefitbootinit_preboot_20260521/runs/scenario2/bootstrap/federated/scenario2/raw_runs/run_20260523-044347/trial_estimates_long.csv","result_json":"/project/temp/deferiprone_single_oral_25mgkg_designcheck_20260511/validation/design_change_n403030_wtmclustT10_nomix_site403030_nondesignquota_precisionchol_basefitbootinit_preboot_20260521/runs/scenario2/bootstrap/federated/scenario2/raw_runs/run_20260523-044347/result.json"}}}
[Kserver-1 exited with code 0
Aborting on container exit...
 Container defboot_design_change_n403030_wtmclu_scenario2_236_240-server-1  Stopping
 Container defboot_design_change_n403030_wtmclu_scenario2_236_240-server-1  Stopped
 Container defboot_design_change_n403030_wtmclu_scenario2_236_240-client3-1  Stopping
 Container defboot_design_change_n403030_wtmclu_scenario2_236_240-client2-1  Stopping
 Container defboot_design_change_n403030_wtmclu_scenario2_236_240-client1-1  Stopping
 Container defboot_design_change_n403030_wtmclu_scenario2_236_240-client2-1  Stopped
 Container defboot_design_change_n403030_wtmclu_scenario2_236_240-client3-1  Stopped
 Container defboot_design_change_n403030_wtmclu_scenario2_236_240-client1-1  Stopped
time="2026-05-23T14:01:47+09:00" level=warning msg="The \"SERVER_CONFIG_PATH\" variable is not set. Defaulting to a blank string."
 Container defboot_design_change_n403030_wtmclu_scenario2_236_240-server-1  Stopping
 Container defboot_design_change_n403030_wtmclu_scenario2_236_240-server-1  Stopped
 Container defboot_design_change_n403030_wtmclu_scenario2_236_240-server-1  Removing
 Container defboot_design_change_n403030_wtmclu_scenario2_236_240-server-1  Removed
 Container defboot_design_change_n403030_wtmclu_scenario2_236_240-client3-1  Stopping
 Container defboot_design_change_n403030_wtmclu_scenario2_236_240-client2-1  Stopping
 Container defboot_design_change_n403030_wtmclu_scenario2_236_240-client1-1  Stopping
 Container defboot_design_change_n403030_wtmclu_scenario2_236_240-client2-1  Stopped
 Container defboot_design_change_n403030_wtmclu_scenario2_236_240-client2-1  Removing
 Container defboot_design_change_n403030_wtmclu_scenario2_236_240-client3-1  Stopped
 Container defboot_design_change_n403030_wtmclu_scenario2_236_240-client3-1  Removing
 Container defboot_design_change_n403030_wtmclu_scenario2_236_240-client1-1  Stopped
 Container defboot_design_change_n403030_wtmclu_scenario2_236_240-client1-1  Removing
 Container defboot_design_change_n403030_wtmclu_scenario2_236_240-client3-1  Removed
 Container defboot_design_change_n403030_wtmclu_scenario2_236_240-client2-1  Removed
 Container defboot_design_change_n403030_wtmclu_scenario2_236_240-client1-1  Removed
 Network defboot_design_change_n403030_wtmclu_scenario2_236_240_site3_net  Removing
 Network defboot_design_change_n403030_wtmclu_scenario2_236_240_site2_net  Removing
 Network defboot_design_change_n403030_wtmclu_scenario2_236_240_site1_net  Removing
 Network defboot_design_change_n403030_wtmclu_scenario2_236_240_site3_net  Removed
 Network defboot_design_change_n403030_wtmclu_scenario2_236_240_site1_net  Removed
 Network defboot_design_change_n403030_wtmclu_scenario2_236_240_site2_net  Removed
