time="2026-05-23T21:44:44+09:00" level=warning msg="The \"SERVER_CONFIG_PATH\" variable is not set. Defaulting to a blank string."
Compose now can delegate build to bake for better performances
Just set COMPOSE_BAKE=true
#0 building with "default" instance using docker driver

#1 [client1 internal] load build definition from Dockerfile.app
#1 transferring dockerfile: 778B done
#1 DONE 0.0s

#2 [client2 internal] load build definition from Dockerfile.app
#2 transferring dockerfile: 778B done
#2 DONE 0.0s

#3 [client3 internal] load build definition from Dockerfile.app
#3 transferring dockerfile: 778B done
#3 DONE 0.0s

#4 [client3 internal] load metadata for docker.io/fedpoppk/base:0.1.0
#4 DONE 0.0s

#5 [client1 internal] load .dockerignore
#5 transferring context: 2B done
#5 DONE 0.0s

#6 [client2 internal] load .dockerignore
#6 transferring context: 2B done
#6 DONE 0.0s

#7 [client3 internal] load .dockerignore
#7 transferring context: 2B done
#7 DONE 0.0s

#8 [client3 1/8] FROM docker.io/fedpoppk/base:0.1.0
#8 DONE 0.0s

#9 [client1 internal] load build context
#9 transferring context: 736.51kB 0.3s done
#9 DONE 0.3s

#10 [client2 internal] load build context
#10 transferring context: 736.51kB 0.3s done
#10 DONE 0.3s

#11 [client3 internal] load build context
#11 transferring context: 736.51kB 0.3s done
#11 DONE 0.3s

#12 [client1 6/8] COPY R/ R/
#12 CACHED

#13 [client1 5/8] COPY apps/ apps/
#13 CACHED

#14 [client1 3/8] COPY renv.lock .Rprofile renv/activate.R ./
#14 CACHED

#15 [client1 2/8] WORKDIR /project
#15 CACHED

#16 [client1 4/8] RUN Rscript -e "options(renv.consent=TRUE, Ncpus=parallel::detectCores());                 renv::restore(prompt=FALSE)"
#16 CACHED

#17 [client1 7/8] COPY analysis/ analysis/
#17 CACHED

#18 [client3 8/8] RUN mkdir -p /project/configs/modes /project/data /project/artifacts /project/result
#18 CACHED

#19 [client2] exporting to image
#19 exporting layers done
#19 writing image sha256:762dfac95275890ef36171282a03df13e3d3f10dd1e4ebb5b3856a91c6b25a85 done
#19 naming to docker.io/library/defboot_design_change_n403030_wtmclu_scenario2_391_395-client2 0.0s done
#19 DONE 0.0s

#20 [client1] exporting to image
#20 exporting layers done
#20 writing image sha256:cd28a0d6645508e6a82d524771309df650204740772fd38bb1f94db1d012f315 done
#20 naming to docker.io/library/defboot_design_change_n403030_wtmclu_scenario2_391_395-client1 0.0s done
#20 DONE 0.0s

#21 [client3] exporting to image
#21 exporting layers done
#21 writing image sha256:88b8e556cc3d324b1628119e8b89393c48056750e3f542ea053aea084890e973 done
#21 naming to docker.io/library/defboot_design_change_n403030_wtmclu_scenario2_391_395-client3 0.0s done
#21 DONE 0.1s

#22 [client2] resolving provenance for metadata file
#22 DONE 0.0s

#23 [client1] resolving provenance for metadata file
#23 DONE 0.0s

#24 [client3] resolving provenance for metadata file
#24 DONE 0.0s

#25 [server internal] load build definition from Dockerfile.app
#25 transferring dockerfile: 778B done
#25 DONE 0.0s

#4 [server internal] load metadata for docker.io/fedpoppk/base:0.1.0
#4 DONE 0.0s

#26 [server internal] load .dockerignore
#26 transferring context: 2B done
#26 DONE 0.0s

#8 [server 1/8] FROM docker.io/fedpoppk/base:0.1.0
#8 DONE 0.0s

#27 [server internal] load build context
#27 transferring context: 736.51kB 0.4s done
#27 DONE 0.4s

#28 [server 6/8] COPY R/ R/
#28 CACHED

#29 [server 5/8] COPY apps/ apps/
#29 CACHED

#30 [server 4/8] RUN Rscript -e "options(renv.consent=TRUE, Ncpus=parallel::detectCores());                 renv::restore(prompt=FALSE)"
#30 CACHED

#31 [server 7/8] COPY analysis/ analysis/
#31 CACHED

#15 [server 2/8] WORKDIR /project
#15 CACHED

#32 [server 3/8] COPY renv.lock .Rprofile renv/activate.R ./
#32 CACHED

#33 [server 8/8] RUN mkdir -p /project/configs/modes /project/data /project/artifacts /project/result
#33 CACHED

#34 [server] exporting to image
#34 exporting layers done
#34 writing image sha256:6e2d47fb0929139473709621182d41b185a35eeedb9906587ce081fdffb5bd25 done
#34 naming to docker.io/library/defboot_design_change_n403030_wtmclu_scenario2_391_395-server 0.0s done
#34 DONE 0.0s

#35 [server] resolving provenance for metadata file
#35 DONE 0.0s
 client1  Built
 client2  Built
 client3  Built
 server  Built
 Network defboot_design_change_n403030_wtmclu_scenario2_391_395_site2_net  Creating
 Network defboot_design_change_n403030_wtmclu_scenario2_391_395_site2_net  Created
 Network defboot_design_change_n403030_wtmclu_scenario2_391_395_site3_net  Creating
 Network defboot_design_change_n403030_wtmclu_scenario2_391_395_site3_net  Created
 Network defboot_design_change_n403030_wtmclu_scenario2_391_395_site1_net  Creating
 Network defboot_design_change_n403030_wtmclu_scenario2_391_395_site1_net  Created
 Container defboot_design_change_n403030_wtmclu_scenario2_391_395-client2-1  Creating
 Container defboot_design_change_n403030_wtmclu_scenario2_391_395-client3-1  Creating
 Container defboot_design_change_n403030_wtmclu_scenario2_391_395-client1-1  Creating
 Container defboot_design_change_n403030_wtmclu_scenario2_391_395-client2-1  Created
 Container defboot_design_change_n403030_wtmclu_scenario2_391_395-client1-1  Created
 Container defboot_design_change_n403030_wtmclu_scenario2_391_395-client3-1  Created
 Container defboot_design_change_n403030_wtmclu_scenario2_391_395-server-1  Creating
 Container defboot_design_change_n403030_wtmclu_scenario2_391_395-server-1  Created
Attaching to client1-1, client2-1, client3-1, server-1
client3-1  | Running plumber API at http://0.0.0.0:8000
client2-1  | Running plumber API at http://0.0.0.0:8000
client3-1  | Running swagger Docs at http://127.0.0.1:8000/__docs__/
client2-1  | Running swagger Docs at http://127.0.0.1:8000/__docs__/
client1-1  | Running plumber API at http://0.0.0.0:8000
client1-1  | Running swagger Docs at http://127.0.0.1:8000/__docs__/
client1-1  | ℹ parameter labels from comments are typically ignored in non-interactive mode
client1-1  | ℹ Need to run with the source intact to parse comments
client3-1  | ℹ parameter labels from comments are typically ignored in non-interactive mode
client2-1  | ℹ parameter labels from comments are typically ignored in non-interactive mode
client3-1  | ℹ Need to run with the source intact to parse comments
client2-1  | ℹ Need to run with the source intact to parse comments
server-1   | [send_init] http://client1:8000 init succeeded
server-1   | [send_init] http://client3:8000 init succeeded
server-1   | [send_init] http://client2:8000 init succeeded
server-1   | {"schema":{"schema_version":"1.1.0","generated_at":"2026-05-23T12:44:53Z","config_path":"/project/configs/../temp/deferiprone_single_oral_25mgkg_designcheck_20260511/validation/design_change_n403030_wtmclustT10_nomix_site403030_nondesignquota_precisionchol_basefitbootinit_preboot_20260521/configs/resolved/scenario2_bootstrap.json","config_md5":"67e6a296d3935d620e746ed6160f8ca2","seed":4869,"host":"d98b8fec120e","pid":1,"image_tag":null,"git_sha":null,"git_dirty":null},"aggregation":{"ci_method":"percentile","ci_level":0.95,"quantile_type":7,"estimates_scale":"natural"},"summary":[{"parameter":"(etaLcl,etaLvc)","median":0.064366453924,"p2.5":0.045711475507,"p97.5":0.069859279118},{"parameter":"CcPropSd","median":0.35945884106,"p2.5":0.33846135344,"p97.5":0.36505680113},{"parameter":"etaLcl","median":0.10582289898,"p2.5":0.086923736031,"p97.5":0.13517238227},{"parameter":"etaLvc","median":0.034612607025,"p2.5":0.02394357199,"p97.5":0.042070400512},{"parameter":"lcl","median":2.1707913991,"p2.5":2.1040577423,"p97.5":2.2523924944},{"parameter":"lka","median":2.2989863291,"p2.5":2.1553032712,"p97.5":2.5986891985},{"parameter":"lvc","median":2.9505536639,"p2.5":2.9406473539,"p97.5":3.0183632488},{"parameter":"rho_(etaLcl,etaLvc)","median":0.97797783541,"p2.5":0.96841250447,"p97.5":0.98174033418}],"runs":[{"tag":"trial_391_20260523-124453","value":2220.714,"counts":[43,43],"control":{"maxit":100,"factr":1000000000,"pgtol":0,"trace":0,"method":"L-BFGS-B"},"convergence":0,"message":"CONVERGENCE: REL_REDUCTION_OF_F <= FACTR*EPSMCH","nat_par":{"lka":2.620419617,"lcl":2.2604345543,"lvc":3.024778453,"CcPropSd":0.3622721269,"etaLcl":0.13676013831,"etaLvc":0.034612607025,"(etaLcl,etaLvc)":0.06728618939,"rho_(etaLcl,etaLvc)":0.97797783541},"failed_clients":[],"attempt":1,"files":{"result":"/project/temp/deferiprone_single_oral_25mgkg_designcheck_20260511/validation/design_change_n403030_wtmclustT10_nomix_site403030_nondesignquota_precisionchol_basefitbootinit_preboot_20260521/runs/scenario2/bootstrap/federated/scenario2/raw_runs/run_20260523-124453/optim_result_trial_391_20260523-124453.json","trace":"/project/temp/deferiprone_single_oral_25mgkg_designcheck_20260511/validation/design_change_n403030_wtmclustT10_nomix_site403030_nondesignquota_precisionchol_basefitbootinit_preboot_20260521/runs/scenario2/bootstrap/federated/scenario2/raw_runs/run_20260523-124453/optim_trace_trial_391_20260523-124453.csv","final":"/project/temp/deferiprone_single_oral_25mgkg_designcheck_20260511/validation/design_change_n403030_wtmclustT10_nomix_site403030_nondesignquota_precisionchol_basefitbootinit_preboot_20260521/runs/scenario2/bootstrap/federated/scenario2/raw_runs/run_20260523-124453/final_params_trial_391_20260523-124453.csv"},"log_n":43,"execution_state":"completed","trial":391,"attempts":1},{"tag":"trial_392_20260523-125020","value":2222.0423,"counts":[28,28],"control":{"maxit":100,"factr":1000000000,"pgtol":0,"trace":0,"method":"L-BFGS-B"},"convergence":0,"message":"CONVERGENCE: REL_REDUCTION_OF_F <= FACTR*EPSMCH","nat_par":{"lka":2.2989863291,"lcl":2.1224725099,"lvc":2.9398506089,"CcPropSd":0.36536620937,"etaLcl":0.086121778603,"etaLvc":0.030509738001,"(etaLcl,etaLvc)":0.04998258638,"rho_(etaLcl,etaLvc)":0.97508615697},"failed_clients":[],"attempt":1,"files":{"result":"/project/temp/deferiprone_single_oral_25mgkg_designcheck_20260511/validation/design_change_n403030_wtmclustT10_nomix_site403030_nondesignquota_precisionchol_basefitbootinit_preboot_20260521/runs/scenario2/bootstrap/federated/scenario2/raw_runs/run_20260523-124453/optim_result_trial_392_20260523-125020.json","trace":"/project/temp/deferiprone_single_oral_25mgkg_designcheck_20260511/validation/design_change_n403030_wtmclustT10_nomix_site403030_nondesignquota_precisionchol_basefitbootinit_preboot_20260521/runs/scenario2/bootstrap/federated/scenario2/raw_runs/run_20260523-124453/optim_trace_trial_392_20260523-125020.csv","final":"/project/temp/deferiprone_single_oral_25mgkg_designcheck_20260511/validation/design_change_n403030_wtmclustT10_nomix_site403030_nondesignquota_precisionchol_basefitbootinit_preboot_20260521/runs/scenario2/bootstrap/federated/scenario2/raw_runs/run_20260523-124453/final_params_trial_392_20260523-125020.csv"},"log_n":28,"execution_state":"completed","trial":392,"attempts":1},{"tag":"trial_393_20260523-125352","value":2243.0498,"counts":[21,21],"control":{"maxit":100,"factr":1000000000,"pgtol":0,"trace":0,"method":"L-BFGS-B"},"convergence":0,"message":"CONVERGENCE: REL_REDUCTION_OF_F <= FACTR*EPSMCH","nat_par":{"lka":2.1524098631,"lcl":2.102011657,"lvc":2.9505536639,"CcPropSd":0.33731788906,"etaLcl":0.12088257793,"etaLvc":0.042225809885,"(etaLcl,etaLvc)":0.070145177976,"rho_(etaLcl,etaLvc)":0.98180891419},"failed_clients":[],"attempt":1,"files":{"result":"/project/temp/deferiprone_single_oral_25mgkg_designcheck_20260511/validation/design_change_n403030_wtmclustT10_nomix_site403030_nondesignquota_precisionchol_basefitbootinit_preboot_20260521/runs/scenario2/bootstrap/federated/scenario2/raw_runs/run_20260523-124453/optim_result_trial_393_20260523-125352.json","trace":"/project/temp/deferiprone_single_oral_25mgkg_designcheck_20260511/validation/design_change_n403030_wtmclustT10_nomix_site403030_nondesignquota_precisionchol_basefitbootinit_preboot_20260521/runs/scenario2/bootstrap/federated/scenario2/raw_runs/run_20260523-124453/optim_trace_trial_393_20260523-125352.csv","final":"/project/temp/deferiprone_single_oral_25mgkg_designcheck_20260511/validation/design_change_n403030_wtmclustT10_nomix_site403030_nondesignquota_precisionchol_basefitbootinit_preboot_20260521/runs/scenario2/bootstrap/federated/scenario2/raw_runs/run_20260523-124453/final_params_trial_393_20260523-125352.csv"},"log_n":21,"execution_state":"completed","trial":393,"attempts":1},{"tag":"trial_394_20260523-125633","value":2211.0858,"counts":[29,29],"control":{"maxit":100,"factr":1000000000,"pgtol":0,"trace":0,"method":"L-BFGS-B"},"convergence":0,"message":"CONVERGENCE: REL_REDUCTION_OF_F <= FACTR*EPSMCH","nat_par":{"lka":2.1813439436,"lcl":2.1800139554,"lvc":2.9606264106,"CcPropSd":0.35945884106,"etaLcl":0.094141352882,"etaLvc":0.023213997989,"(etaLcl,etaLvc)":0.045236907632,"rho_(etaLcl,etaLvc)":0.96767098753},"failed_clients":[],"attempt":1,"files":{"result":"/project/temp/deferiprone_single_oral_25mgkg_designcheck_20260511/validation/design_change_n403030_wtmclustT10_nomix_site403030_nondesignquota_precisionchol_basefitbootinit_preboot_20260521/runs/scenario2/bootstrap/federated/scenario2/raw_runs/run_20260523-124453/optim_result_trial_394_20260523-125633.json","trace":"/project/temp/deferiprone_single_oral_25mgkg_designcheck_20260511/validation/design_change_n403030_wtmclustT10_nomix_site403030_nondesignquota_precisionchol_basefitbootinit_preboot_20260521/runs/scenario2/bootstrap/federated/scenario2/raw_runs/run_20260523-124453/optim_trace_trial_394_20260523-125633.csv","final":"/project/temp/deferiprone_single_oral_25mgkg_designcheck_20260511/validation/design_change_n403030_wtmclustT10_nomix_site403030_nondesignquota_precisionchol_basefitbootinit_preboot_20260521/runs/scenario2/bootstrap/federated/scenario2/raw_runs/run_20260523-124453/final_params_trial_394_20260523-125633.csv"},"log_n":28,"execution_state":"completed","trial":394,"attempts":1},{"tag":"trial_395_20260523-130009","value":2194.0336,"counts":[28,28],"control":{"maxit":100,"factr":1000000000,"pgtol":0,"trace":0,"method":"L-BFGS-B"},"convergence":0,"message":"CONVERGENCE: REL_REDUCTION_OF_F <= FACTR*EPSMCH","nat_par":{"lka":2.4031154319,"lcl":2.1707913991,"lvc":2.9478180593,"CcPropSd":0.34875253283,"etaLcl":0.10582289898,"etaLvc":0.04067171616,"(etaLcl,etaLvc)":0.064366453924,"rho_(etaLcl,etaLvc)":0.98112311406},"failed_clients":[],"attempt":1,"files":{"result":"/project/temp/deferiprone_single_oral_25mgkg_designcheck_20260511/validation/design_change_n403030_wtmclustT10_nomix_site403030_nondesignquota_precisionchol_basefitbootinit_preboot_20260521/runs/scenario2/bootstrap/federated/scenario2/raw_runs/run_20260523-124453/optim_result_trial_395_20260523-130009.json","trace":"/project/temp/deferiprone_single_oral_25mgkg_designcheck_20260511/validation/design_change_n403030_wtmclustT10_nomix_site403030_nondesignquota_precisionchol_basefitbootinit_preboot_20260521/runs/scenario2/bootstrap/federated/scenario2/raw_runs/run_20260523-124453/optim_trace_trial_395_20260523-130009.csv","final":"/project/temp/deferiprone_single_oral_25mgkg_designcheck_20260511/validation/design_change_n403030_wtmclustT10_nomix_site403030_nondesignquota_precisionchol_basefitbootinit_preboot_20260521/runs/scenario2/bootstrap/federated/scenario2/raw_runs/run_20260523-124453/final_params_trial_395_20260523-130009.csv"},"log_n":28,"execution_state":"completed","trial":395,"attempts":1}],"trial_status":[{"trial":391,"execution_state":"completed","converged":true,"attempts":1,"convergence":0,"value":2220.714,"eval_fn":43,"eval_gr":43,"log_n":43,"failed_clients_n":0,"message":"CONVERGENCE: REL_REDUCTION_OF_F <= FACTR*EPSMCH","result_file":"/project/temp/deferiprone_single_oral_25mgkg_designcheck_20260511/validation/design_change_n403030_wtmclustT10_nomix_site403030_nondesignquota_precisionchol_basefitbootinit_preboot_20260521/runs/scenario2/bootstrap/federated/scenario2/raw_runs/run_20260523-124453/optim_result_trial_391_20260523-124453.json","trace_file":"/project/temp/deferiprone_single_oral_25mgkg_designcheck_20260511/validation/design_change_n403030_wtmclustT10_nomix_site403030_nondesignquota_precisionchol_basefitbootinit_preboot_20260521/runs/scenario2/bootstrap/federated/scenario2/raw_runs/run_20260523-124453/optim_trace_trial_391_20260523-124453.csv","final_file":"/project/temp/deferiprone_single_oral_25mgkg_designcheck_20260511/validation/design_change_n403030_wtmclustT10_nomix_site403030_nondesignquota_precisionchol_basefitbootinit_preboot_20260521/runs/scenario2/bootstrap/federated/scenario2/raw_runs/run_20260523-124453/final_params_trial_391_20260523-124453.csv"},{"trial":392,"execution_state":"completed","converged":true,"attempts":1,"convergence":0,"value":2222.0423,"eval_fn":28,"eval_gr":28,"log_n":28,"failed_clients_n":0,"message":"CONVERGENCE: REL_REDUCTION_OF_F <= FACTR*EPSMCH","result_file":"/project/temp/deferiprone_single_oral_25mgkg_designcheck_20260511/validation/design_change_n403030_wtmclustT10_nomix_site403030_nondesignquota_precisionchol_basefitbootinit_preboot_20260521/runs/scenario2/bootstrap/federated/scenario2/raw_runs/run_20260523-124453/optim_result_trial_392_20260523-125020.json","trace_file":"/project/temp/deferiprone_single_oral_25mgkg_designcheck_20260511/validation/design_change_n403030_wtmclustT10_nomix_site403030_nondesignquota_precisionchol_basefitbootinit_preboot_20260521/runs/scenario2/bootstrap/federated/scenario2/raw_runs/run_20260523-124453/optim_trace_trial_392_20260523-125020.csv","final_file":"/project/temp/deferiprone_single_oral_25mgkg_designcheck_20260511/validation/design_change_n403030_wtmclustT10_nomix_site403030_nondesignquota_precisionchol_basefitbootinit_preboot_20260521/runs/scenario2/bootstrap/federated/scenario2/raw_runs/run_20260523-124453/final_params_trial_392_20260523-125020.csv"},{"trial":393,"execution_state":"completed","converged":true,"attempts":1,"convergence":0,"value":2243.0498,"eval_fn":21,"eval_gr":21,"log_n":21,"failed_clients_n":0,"message":"CONVERGENCE: REL_REDUCTION_OF_F <= FACTR*EPSMCH","result_file":"/project/temp/deferiprone_single_oral_25mgkg_designcheck_20260511/validation/design_change_n403030_wtmclustT10_nomix_site403030_nondesignquota_precisionchol_basefitbootinit_preboot_20260521/runs/scenario2/bootstrap/federated/scenario2/raw_runs/run_20260523-124453/optim_result_trial_393_20260523-125352.json","trace_file":"/project/temp/deferiprone_single_oral_25mgkg_designcheck_20260511/validation/design_change_n403030_wtmclustT10_nomix_site403030_nondesignquota_precisionchol_basefitbootinit_preboot_20260521/runs/scenario2/bootstrap/federated/scenario2/raw_runs/run_20260523-124453/optim_trace_trial_393_20260523-125352.csv","final_file":"/project/temp/deferiprone_single_oral_25mgkg_designcheck_20260511/validation/design_change_n403030_wtmclustT10_nomix_site403030_nondesignquota_precisionchol_basefitbootinit_preboot_20260521/runs/scenario2/bootstrap/federated/scenario2/raw_runs/run_20260523-124453/final_params_trial_393_20260523-125352.csv"},{"trial":394,"execution_state":"completed","converged":true,"attempts":1,"convergence":0,"value":2211.0858,"eval_fn":29,"eval_gr":29,"log_n":28,"failed_clients_n":0,"message":"CONVERGENCE: REL_REDUCTION_OF_F <= FACTR*EPSMCH","result_file":"/project/temp/deferiprone_single_oral_25mgkg_designcheck_20260511/validation/design_change_n403030_wtmclustT10_nomix_site403030_nondesignquota_precisionchol_basefitbootinit_preboot_20260521/runs/scenario2/bootstrap/federated/scenario2/raw_runs/run_20260523-124453/optim_result_trial_394_20260523-125633.json","trace_file":"/project/temp/deferiprone_single_oral_25mgkg_designcheck_20260511/validation/design_change_n403030_wtmclustT10_nomix_site403030_nondesignquota_precisionchol_basefitbootinit_preboot_20260521/runs/scenario2/bootstrap/federated/scenario2/raw_runs/run_20260523-124453/optim_trace_trial_394_20260523-125633.csv","final_file":"/project/temp/deferiprone_single_oral_25mgkg_designcheck_20260511/validation/design_change_n403030_wtmclustT10_nomix_site403030_nondesignquota_precisionchol_basefitbootinit_preboot_20260521/runs/scenario2/bootstrap/federated/scenario2/raw_runs/run_20260523-124453/final_params_trial_394_20260523-125633.csv"},{"trial":395,"execution_state":"completed","converged":true,"attempts":1,"convergence":0,"value":2194.0336,"eval_fn":28,"eval_gr":28,"log_n":28,"failed_clients_n":0,"message":"CONVERGENCE: REL_REDUCTION_OF_F <= FACTR*EPSMCH","result_file":"/project/temp/deferiprone_single_oral_25mgkg_designcheck_20260511/validation/design_change_n403030_wtmclustT10_nomix_site403030_nondesignquota_precisionchol_basefitbootinit_preboot_20260521/runs/scenario2/bootstrap/federated/scenario2/raw_runs/run_20260523-124453/optim_result_trial_395_20260523-130009.json","trace_file":"/project/temp/deferiprone_single_oral_25mgkg_designcheck_20260511/validation/design_change_n403030_wtmclustT10_nomix_site403030_nondesignquota_precisionchol_basefitbootinit_preboot_20260521/runs/scenario2/bootstrap/federated/scenario2/raw_runs/run_20260523-124453/optim_trace_trial_395_20260523-130009.csv","final_file":"/project/temp/deferiprone_single_oral_25mgkg_designcheck_20260511/validation/design_change_n403030_wtmclustT10_nomix_site403030_nondesignquota_precisionchol_basefitbootinit_preboot_20260521/runs/scenario2/bootstrap/federated/scenario2/raw_runs/run_20260523-124453/final_params_trial_395_20260523-130009.csv"}],"info":{"run_id":"20260523-124453","log_base_dir":"/project/temp/deferiprone_single_oral_25mgkg_designcheck_20260511/validation/design_change_n403030_wtmclustT10_nomix_site403030_nondesignquota_precisionchol_basefitbootinit_preboot_20260521/runs/scenario2/bootstrap/federated","scenario":"scenario2/raw_runs","total_trials":5,"successes":5,"failures":0,"nonconverged_count":0,"nonconverged_trials":[],"convergence_missing_count":0,"seed_base":4869,"B_per_client":500,"duration_sec":1135.9241592884,"host":"d98b8fec120e","image_tag":null,"communication":{"generated_at":"2026-05-23T13:03:43Z","totals":{"requests":891,"request_bytes":992361,"response_bytes":226054,"total_bytes":1218415,"retries":0},"init":{"requests":3,"request_bytes":8139,"response_bytes":1161,"total_bytes":9300,"retries":0,"median_elapsed_sec":0.37460112572},"init_round_latency":{"n_rounds":1,"median_round_wall_sec":0.37815237045,"p95_round_wall_sec":0.37815237045},"run":{"requests":0,"request_bytes":0,"response_bytes":0,"total_bytes":0,"retries":0,"median_elapsed_sec":"NA"},"run_bootstrap":{"requests":888,"request_bytes":984222,"response_bytes":224893,"total_bytes":1209115,"retries":0,"median_elapsed_sec":3.6713978052},"round_latency":{"n_rounds":296,"median_round_wall_sec":3.7802042961,"p95_round_wall_sec":4.0198726058},"timing_split":{"n_rounds":296,"rounds_with_compute":296,"total_round_wall_sec":1123.9146990776,"total_round_compute_wall_sec":1114.317,"total_round_comm_overhead_wall_sec":9.5976990776,"comm_overhead_ratio":0.0085395262518,"compute_ratio":0.99146047375}},"communication_files":{"csv":"/project/temp/deferiprone_single_oral_25mgkg_designcheck_20260511/validation/design_change_n403030_wtmclustT10_nomix_site403030_nondesignquota_precisionchol_basefitbootinit_preboot_20260521/runs/scenario2/bootstrap/federated/scenario2/raw_runs/run_20260523-124453/comm_metrics.csv","json":"/project/temp/deferiprone_single_oral_25mgkg_designcheck_20260511/validation/design_change_n403030_wtmclustT10_nomix_site403030_nondesignquota_precisionchol_basefitbootinit_preboot_20260521/runs/scenario2/bootstrap/federated/scenario2/raw_runs/run_20260523-124453/comm_metrics.json"},"output_files":{"bootstrap_summary_csv":"/project/temp/deferiprone_single_oral_25mgkg_designcheck_20260511/validation/design_change_n403030_wtmclustT10_nomix_site403030_nondesignquota_precisionchol_basefitbootinit_preboot_20260521/runs/scenario2/bootstrap/federated/scenario2/raw_runs/run_20260523-124453/bootstrap_summary.csv","bootstrap_summary_json":"/project/temp/deferiprone_single_oral_25mgkg_designcheck_20260511/validation/design_change_n403030_wtmclustT10_nomix_site403030_nondesignquota_precisionchol_basefitbootinit_preboot_20260521/runs/scenario2/bootstrap/federated/scenario2/raw_runs/run_20260523-124453/bootstrap_summary.json","trial_status_csv":"/project/temp/deferiprone_single_oral_25mgkg_designcheck_20260511/validation/design_change_n403030_wtmclustT10_nomix_site403030_nondesignquota_precisionchol_basefitbootinit_preboot_20260521/runs/scenario2/bootstrap/federated/scenario2/raw_runs/run_20260523-124453/trial_status.csv","failed_trials_csv":"/project/temp/deferiprone_single_oral_25mgkg_designcheck_20260511/validation/design_change_n403030_wtmclustT10_nomix_site403030_nondesignquota_precisionchol_basefitbootinit_preboot_20260521/runs/scenario2/bootstrap/federated/scenario2/raw_runs/run_20260523-124453/failed_trials.csv","trial_estimates_wide_csv":"/project/temp/deferiprone_single_oral_25mgkg_designcheck_20260511/validation/design_change_n403030_wtmclustT10_nomix_site403030_nondesignquota_precisionchol_basefitbootinit_preboot_20260521/runs/scenario2/bootstrap/federated/scenario2/raw_runs/run_20260523-124453/trial_estimates_wide.csv","trial_estimates_long_csv":"/project/temp/deferiprone_single_oral_25mgkg_designcheck_20260511/validation/design_change_n403030_wtmclustT10_nomix_site403030_nondesignquota_precisionchol_basefitbootinit_preboot_20260521/runs/scenario2/bootstrap/federated/scenario2/raw_runs/run_20260523-124453/trial_estimates_long.csv","result_json":"/project/temp/deferiprone_single_oral_25mgkg_designcheck_20260511/validation/design_change_n403030_wtmclustT10_nomix_site403030_nondesignquota_precisionchol_basefitbootinit_preboot_20260521/runs/scenario2/bootstrap/federated/scenario2/raw_runs/run_20260523-124453/result.json"}}}
[Kserver-1 exited with code 0
Aborting on container exit...
 Container defboot_design_change_n403030_wtmclu_scenario2_391_395-server-1  Stopping
 Container defboot_design_change_n403030_wtmclu_scenario2_391_395-server-1  Stopped
 Container defboot_design_change_n403030_wtmclu_scenario2_391_395-client3-1  Stopping
 Container defboot_design_change_n403030_wtmclu_scenario2_391_395-client1-1  Stopping
 Container defboot_design_change_n403030_wtmclu_scenario2_391_395-client2-1  Stopping
 Container defboot_design_change_n403030_wtmclu_scenario2_391_395-client3-1  Stopped
 Container defboot_design_change_n403030_wtmclu_scenario2_391_395-client1-1  Stopped
 Container defboot_design_change_n403030_wtmclu_scenario2_391_395-client2-1  Stopped
time="2026-05-23T22:03:54+09:00" level=warning msg="The \"SERVER_CONFIG_PATH\" variable is not set. Defaulting to a blank string."
 Container defboot_design_change_n403030_wtmclu_scenario2_391_395-server-1  Stopping
 Container defboot_design_change_n403030_wtmclu_scenario2_391_395-server-1  Stopped
 Container defboot_design_change_n403030_wtmclu_scenario2_391_395-server-1  Removing
 Container defboot_design_change_n403030_wtmclu_scenario2_391_395-server-1  Removed
 Container defboot_design_change_n403030_wtmclu_scenario2_391_395-client2-1  Stopping
 Container defboot_design_change_n403030_wtmclu_scenario2_391_395-client3-1  Stopping
 Container defboot_design_change_n403030_wtmclu_scenario2_391_395-client1-1  Stopping
 Container defboot_design_change_n403030_wtmclu_scenario2_391_395-client2-1  Stopped
 Container defboot_design_change_n403030_wtmclu_scenario2_391_395-client2-1  Removing
 Container defboot_design_change_n403030_wtmclu_scenario2_391_395-client3-1  Stopped
 Container defboot_design_change_n403030_wtmclu_scenario2_391_395-client3-1  Removing
 Container defboot_design_change_n403030_wtmclu_scenario2_391_395-client1-1  Stopped
 Container defboot_design_change_n403030_wtmclu_scenario2_391_395-client1-1  Removing
 Container defboot_design_change_n403030_wtmclu_scenario2_391_395-client2-1  Removed
 Container defboot_design_change_n403030_wtmclu_scenario2_391_395-client3-1  Removed
 Container defboot_design_change_n403030_wtmclu_scenario2_391_395-client1-1  Removed
 Network defboot_design_change_n403030_wtmclu_scenario2_391_395_site1_net  Removing
 Network defboot_design_change_n403030_wtmclu_scenario2_391_395_site3_net  Removing
 Network defboot_design_change_n403030_wtmclu_scenario2_391_395_site2_net  Removing
 Network defboot_design_change_n403030_wtmclu_scenario2_391_395_site3_net  Removed
 Network defboot_design_change_n403030_wtmclu_scenario2_391_395_site1_net  Removed
 Network defboot_design_change_n403030_wtmclu_scenario2_391_395_site2_net  Removed
