time="2026-05-23T17:58:08+09:00" level=warning msg="The \"SERVER_CONFIG_PATH\" variable is not set. Defaulting to a blank string."
Compose now can delegate build to bake for better performances
Just set COMPOSE_BAKE=true
#0 building with "default" instance using docker driver

#1 [client3 internal] load build definition from Dockerfile.app
#1 transferring dockerfile: 778B done
#1 DONE 0.0s

#2 [client1 internal] load build definition from Dockerfile.app
#2 transferring dockerfile: 778B done
#2 DONE 0.0s

#3 [client2 internal] load build definition from Dockerfile.app
#3 transferring dockerfile: 778B done
#3 DONE 0.0s

#4 [client2 internal] load metadata for docker.io/fedpoppk/base:0.1.0
#4 DONE 0.0s

#5 [client3 internal] load .dockerignore
#5 transferring context: 2B done
#5 DONE 0.0s

#6 [client1 internal] load .dockerignore
#6 transferring context: 2B done
#6 DONE 0.0s

#7 [client2 internal] load .dockerignore
#7 transferring context: 2B done
#7 DONE 0.0s

#8 [client1 1/8] FROM docker.io/fedpoppk/base:0.1.0
#8 DONE 0.0s

#9 [client3 internal] load build context
#9 transferring context: 736.51kB 0.3s done
#9 DONE 0.3s

#10 [client2 internal] load build context
#10 transferring context: 736.51kB 0.3s done
#10 DONE 0.3s

#11 [client1 internal] load build context
#11 transferring context: 736.51kB 0.3s done
#11 DONE 0.3s

#12 [client2 6/8] COPY R/ R/
#12 CACHED

#13 [client2 2/8] WORKDIR /project
#13 CACHED

#14 [client2 4/8] RUN Rscript -e "options(renv.consent=TRUE, Ncpus=parallel::detectCores());                 renv::restore(prompt=FALSE)"
#14 CACHED

#15 [client2 5/8] COPY apps/ apps/
#15 CACHED

#16 [client2 3/8] COPY renv.lock .Rprofile renv/activate.R ./
#16 CACHED

#17 [client2 7/8] COPY analysis/ analysis/
#17 CACHED

#18 [client1 8/8] RUN mkdir -p /project/configs/modes /project/data /project/artifacts /project/result
#18 CACHED

#19 [client1] exporting to image
#19 exporting layers done
#19 writing image sha256:eeba1a9ad90d9d324a9345638d56d16bef10a4d0e78e2553db1ff59e83a7ec04 done
#19 naming to docker.io/library/defboot_design_change_n403030_wtmclu_scenario2_316_320-client1
#19 naming to docker.io/library/defboot_design_change_n403030_wtmclu_scenario2_316_320-client1 0.0s done
#19 DONE 0.1s

#20 [client2] exporting to image
#20 exporting layers done
#20 writing image sha256:d378cfbee4075158f9f886ebe9835ff1a0897181931b4be70535e986046b9f82 done
#20 naming to docker.io/library/defboot_design_change_n403030_wtmclu_scenario2_316_320-client2 0.0s done
#20 DONE 0.0s

#21 [client3] exporting to image
#21 exporting layers done
#21 writing image sha256:b2a144287e529fa009a48301582150d2f7fed1063cd42253b09232e92c4d926e done
#21 naming to docker.io/library/defboot_design_change_n403030_wtmclu_scenario2_316_320-client3 0.0s done
#21 DONE 0.0s

#22 [client1] resolving provenance for metadata file
#22 DONE 0.0s

#23 [client3] resolving provenance for metadata file
#23 DONE 0.0s

#24 [client2] resolving provenance for metadata file
#24 DONE 0.0s

#25 [server internal] load build definition from Dockerfile.app
#25 transferring dockerfile: 778B done
#25 DONE 0.0s

#4 [server internal] load metadata for docker.io/fedpoppk/base:0.1.0
#4 DONE 0.0s

#26 [server internal] load .dockerignore
#26 transferring context: 2B done
#26 DONE 0.0s

#8 [server 1/8] FROM docker.io/fedpoppk/base:0.1.0
#8 DONE 0.0s

#27 [server internal] load build context
#27 transferring context: 736.51kB 0.3s done
#27 DONE 0.3s

#28 [server 6/8] COPY R/ R/
#28 CACHED

#13 [server 2/8] WORKDIR /project
#13 CACHED

#29 [server 3/8] COPY renv.lock .Rprofile renv/activate.R ./
#29 CACHED

#30 [server 4/8] RUN Rscript -e "options(renv.consent=TRUE, Ncpus=parallel::detectCores());                 renv::restore(prompt=FALSE)"
#30 CACHED

#31 [server 5/8] COPY apps/ apps/
#31 CACHED

#32 [server 7/8] COPY analysis/ analysis/
#32 CACHED

#33 [server 8/8] RUN mkdir -p /project/configs/modes /project/data /project/artifacts /project/result
#33 CACHED

#34 [server] exporting to image
#34 exporting layers done
#34 writing image sha256:b854b53ef2a59d9ea64565c8cae8d8c4aa5225fab2805bc09a7903d5865e829e done
#34 naming to docker.io/library/defboot_design_change_n403030_wtmclu_scenario2_316_320-server 0.0s done
#34 DONE 0.0s

#35 [server] resolving provenance for metadata file
#35 DONE 0.0s
 client1  Built
 client2  Built
 client3  Built
 server  Built
 Network defboot_design_change_n403030_wtmclu_scenario2_316_320_site3_net  Creating
 Network defboot_design_change_n403030_wtmclu_scenario2_316_320_site3_net  Created
 Network defboot_design_change_n403030_wtmclu_scenario2_316_320_site1_net  Creating
 Network defboot_design_change_n403030_wtmclu_scenario2_316_320_site1_net  Created
 Network defboot_design_change_n403030_wtmclu_scenario2_316_320_site2_net  Creating
 Network defboot_design_change_n403030_wtmclu_scenario2_316_320_site2_net  Created
 Container defboot_design_change_n403030_wtmclu_scenario2_316_320-client2-1  Creating
 Container defboot_design_change_n403030_wtmclu_scenario2_316_320-client3-1  Creating
 Container defboot_design_change_n403030_wtmclu_scenario2_316_320-client1-1  Creating
 Container defboot_design_change_n403030_wtmclu_scenario2_316_320-client3-1  Created
 Container defboot_design_change_n403030_wtmclu_scenario2_316_320-client2-1  Created
 Container defboot_design_change_n403030_wtmclu_scenario2_316_320-client1-1  Created
 Container defboot_design_change_n403030_wtmclu_scenario2_316_320-server-1  Creating
 Container defboot_design_change_n403030_wtmclu_scenario2_316_320-server-1  Created
Attaching to client1-1, client2-1, client3-1, server-1
client3-1  | Running plumber API at http://0.0.0.0:8000
client3-1  | Running swagger Docs at http://127.0.0.1:8000/__docs__/
client1-1  | Running plumber API at http://0.0.0.0:8000
client1-1  | Running swagger Docs at http://127.0.0.1:8000/__docs__/
client2-1  | Running plumber API at http://0.0.0.0:8000
client2-1  | Running swagger Docs at http://127.0.0.1:8000/__docs__/
client2-1  | ℹ parameter labels from comments are typically ignored in non-interactive mode
client1-1  | ℹ parameter labels from comments are typically ignored in non-interactive mode
client3-1  | ℹ parameter labels from comments are typically ignored in non-interactive mode
client2-1  | ℹ Need to run with the source intact to parse comments
client1-1  | ℹ Need to run with the source intact to parse comments
client3-1  | ℹ Need to run with the source intact to parse comments
server-1   | [send_init] http://client3:8000 init succeeded
server-1   | [send_init] http://client1:8000 init succeeded
server-1   | [send_init] http://client2:8000 init succeeded
server-1   | {"schema":{"schema_version":"1.1.0","generated_at":"2026-05-23T08:58:16Z","config_path":"/project/configs/../temp/deferiprone_single_oral_25mgkg_designcheck_20260511/validation/design_change_n403030_wtmclustT10_nomix_site403030_nondesignquota_precisionchol_basefitbootinit_preboot_20260521/configs/resolved/scenario2_bootstrap.json","config_md5":"67e6a296d3935d620e746ed6160f8ca2","seed":4869,"host":"44c09aac4916","pid":1,"image_tag":null,"git_sha":null,"git_dirty":null},"aggregation":{"ci_method":"percentile","ci_level":0.95,"quantile_type":7,"estimates_scale":"natural"},"summary":[{"parameter":"(etaLcl,etaLvc)","median":0.052530406866,"p2.5":0.037682623481,"p97.5":0.0695485796},{"parameter":"CcPropSd","median":0.33536831769,"p2.5":0.32918351288,"p97.5":0.35676754961},{"parameter":"etaLcl","median":0.10550972297,"p2.5":0.074396737147,"p97.5":0.10883963274},{"parameter":"etaLvc","median":0.027127379763,"p2.5":0.020037892218,"p97.5":0.04815618413},{"parameter":"lcl","median":2.1253960905,"p2.5":2.0904312516,"p97.5":2.1976255046},{"parameter":"lka","median":2.2315383725,"p2.5":2.1012753987,"p97.5":2.3620844273},{"parameter":"lvc","median":2.952213533,"p2.5":2.9089386547,"p97.5":2.9684354707},{"parameter":"rho_(etaLcl,etaLvc)","median":0.97215026085,"p2.5":0.96262156758,"p97.5":0.98383962592}],"runs":[{"tag":"trial_316_20260523-085816","value":2153.8913,"counts":[34,34],"control":{"maxit":100,"factr":1000000000,"pgtol":0,"trace":0,"method":"L-BFGS-B"},"convergence":0,"message":"CONVERGENCE: REL_REDUCTION_OF_F <= FACTR*EPSMCH","nat_par":{"lka":2.3326616067,"lcl":2.1976341911,"lvc":2.952213533,"CcPropSd":0.33321763151,"etaLcl":0.10763335751,"etaLvc":0.027127379763,"(etaLcl,etaLvc)":0.052530406866,"rho_(etaLcl,etaLvc)":0.97215026085},"failed_clients":[],"attempt":1,"files":{"result":"/project/temp/deferiprone_single_oral_25mgkg_designcheck_20260511/validation/design_change_n403030_wtmclustT10_nomix_site403030_nondesignquota_precisionchol_basefitbootinit_preboot_20260521/runs/scenario2/bootstrap/federated/scenario2/raw_runs/run_20260523-085816/optim_result_trial_316_20260523-085816.json","trace":"/project/temp/deferiprone_single_oral_25mgkg_designcheck_20260511/validation/design_change_n403030_wtmclustT10_nomix_site403030_nondesignquota_precisionchol_basefitbootinit_preboot_20260521/runs/scenario2/bootstrap/federated/scenario2/raw_runs/run_20260523-085816/optim_trace_trial_316_20260523-085816.csv","final":"/project/temp/deferiprone_single_oral_25mgkg_designcheck_20260511/validation/design_change_n403030_wtmclustT10_nomix_site403030_nondesignquota_precisionchol_basefitbootinit_preboot_20260521/runs/scenario2/bootstrap/federated/scenario2/raw_runs/run_20260523-085816/final_params_trial_316_20260523-085816.csv"},"log_n":34,"execution_state":"completed","trial":316,"attempts":1},{"tag":"trial_317_20260523-090233","value":2197.2281,"counts":[27,27],"control":{"maxit":100,"factr":1000000000,"pgtol":0,"trace":0,"method":"L-BFGS-B"},"convergence":0,"message":"CONVERGENCE: REL_REDUCTION_OF_F <= FACTR*EPSMCH","nat_par":{"lka":2.0976645894,"lcl":2.125012348,"lvc":2.9699631266,"CcPropSd":0.33651662729,"etaLcl":0.072860337394,"etaLvc":0.019451193861,"(etaLcl,etaLvc)":0.036206883626,"rho_(etaLcl,etaLvc)":0.96177265694},"failed_clients":[],"attempt":1,"files":{"result":"/project/temp/deferiprone_single_oral_25mgkg_designcheck_20260511/validation/design_change_n403030_wtmclustT10_nomix_site403030_nondesignquota_precisionchol_basefitbootinit_preboot_20260521/runs/scenario2/bootstrap/federated/scenario2/raw_runs/run_20260523-085816/optim_result_trial_317_20260523-090233.json","trace":"/project/temp/deferiprone_single_oral_25mgkg_designcheck_20260511/validation/design_change_n403030_wtmclustT10_nomix_site403030_nondesignquota_precisionchol_basefitbootinit_preboot_20260521/runs/scenario2/bootstrap/federated/scenario2/raw_runs/run_20260523-085816/optim_trace_trial_317_20260523-090233.csv","final":"/project/temp/deferiprone_single_oral_25mgkg_designcheck_20260511/validation/design_change_n403030_wtmclustT10_nomix_site403030_nondesignquota_precisionchol_basefitbootinit_preboot_20260521/runs/scenario2/bootstrap/federated/scenario2/raw_runs/run_20260523-085816/final_params_trial_317_20260523-090233.csv"},"log_n":27,"execution_state":"completed","trial":317,"attempts":1},{"tag":"trial_318_20260523-090558","value":2200.1142,"counts":[23,23],"control":{"maxit":100,"factr":1000000000,"pgtol":0,"trace":0,"method":"L-BFGS-B"},"convergence":0,"message":"CONVERGENCE: REL_REDUCTION_OF_F <= FACTR*EPSMCH","nat_par":{"lka":2.2315383725,"lcl":2.1975473255,"lvc":2.9546865675,"CcPropSd":0.33536831769,"etaLcl":0.10897366333,"etaLvc":0.025318177433,"(etaLcl,etaLvc)":0.050964282182,"rho_(etaLcl,etaLvc)":0.97026176333},"failed_clients":[],"attempt":1,"files":{"result":"/project/temp/deferiprone_single_oral_25mgkg_designcheck_20260511/validation/design_change_n403030_wtmclustT10_nomix_site403030_nondesignquota_precisionchol_basefitbootinit_preboot_20260521/runs/scenario2/bootstrap/federated/scenario2/raw_runs/run_20260523-085816/optim_result_trial_318_20260523-090558.json","trace":"/project/temp/deferiprone_single_oral_25mgkg_designcheck_20260511/validation/design_change_n403030_wtmclustT10_nomix_site403030_nondesignquota_precisionchol_basefitbootinit_preboot_20260521/runs/scenario2/bootstrap/federated/scenario2/raw_runs/run_20260523-085816/optim_trace_trial_318_20260523-090558.csv","final":"/project/temp/deferiprone_single_oral_25mgkg_designcheck_20260511/validation/design_change_n403030_wtmclustT10_nomix_site403030_nondesignquota_precisionchol_basefitbootinit_preboot_20260521/runs/scenario2/bootstrap/federated/scenario2/raw_runs/run_20260523-085816/final_params_trial_318_20260523-090558.csv"},"log_n":23,"execution_state":"completed","trial":318,"attempts":1},{"tag":"trial_319_20260523-090853","value":2205.3959,"counts":[17,17],"control":{"maxit":100,"factr":1000000000,"pgtol":0,"trace":0,"method":"L-BFGS-B"},"convergence":0,"message":"CONVERGENCE: REL_REDUCTION_OF_F <= FACTR*EPSMCH","nat_par":{"lka":2.3653536296,"lcl":2.0865889075,"lvc":2.914806253,"CcPropSd":0.32873527747,"etaLcl":0.08822433492,"etaLvc":0.036244353517,"(etaLcl,etaLvc)":0.055353466974,"rho_(etaLcl,etaLvc)":0.97888224643},"failed_clients":[],"attempt":1,"files":{"result":"/project/temp/deferiprone_single_oral_25mgkg_designcheck_20260511/validation/design_change_n403030_wtmclustT10_nomix_site403030_nondesignquota_precisionchol_basefitbootinit_preboot_20260521/runs/scenario2/bootstrap/federated/scenario2/raw_runs/run_20260523-085816/optim_result_trial_319_20260523-090853.json","trace":"/project/temp/deferiprone_single_oral_25mgkg_designcheck_20260511/validation/design_change_n403030_wtmclustT10_nomix_site403030_nondesignquota_precisionchol_basefitbootinit_preboot_20260521/runs/scenario2/bootstrap/federated/scenario2/raw_runs/run_20260523-085816/optim_trace_trial_319_20260523-090853.csv","final":"/project/temp/deferiprone_single_oral_25mgkg_designcheck_20260511/validation/design_change_n403030_wtmclustT10_nomix_site403030_nondesignquota_precisionchol_basefitbootinit_preboot_20260521/runs/scenario2/bootstrap/federated/scenario2/raw_runs/run_20260523-085816/final_params_trial_319_20260523-090853.csv"},"log_n":17,"execution_state":"completed","trial":319,"attempts":1},{"tag":"trial_320_20260523-091103","value":2238.4076,"counts":[23,23],"control":{"maxit":100,"factr":1000000000,"pgtol":0,"trace":0,"method":"L-BFGS-B"},"convergence":0,"message":"CONVERGENCE: REL_REDUCTION_OF_F <= FACTR*EPSMCH","nat_par":{"lka":2.1337726823,"lcl":2.1253960905,"lvc":2.9082866993,"CcPropSd":0.35901765209,"etaLcl":0.10550972297,"etaLvc":0.049479720864,"(etaLcl,etaLvc)":0.071125814336,"rho_(etaLcl,etaLvc)":0.98439044587},"failed_clients":[],"attempt":1,"files":{"result":"/project/temp/deferiprone_single_oral_25mgkg_designcheck_20260511/validation/design_change_n403030_wtmclustT10_nomix_site403030_nondesignquota_precisionchol_basefitbootinit_preboot_20260521/runs/scenario2/bootstrap/federated/scenario2/raw_runs/run_20260523-085816/optim_result_trial_320_20260523-091103.json","trace":"/project/temp/deferiprone_single_oral_25mgkg_designcheck_20260511/validation/design_change_n403030_wtmclustT10_nomix_site403030_nondesignquota_precisionchol_basefitbootinit_preboot_20260521/runs/scenario2/bootstrap/federated/scenario2/raw_runs/run_20260523-085816/optim_trace_trial_320_20260523-091103.csv","final":"/project/temp/deferiprone_single_oral_25mgkg_designcheck_20260511/validation/design_change_n403030_wtmclustT10_nomix_site403030_nondesignquota_precisionchol_basefitbootinit_preboot_20260521/runs/scenario2/bootstrap/federated/scenario2/raw_runs/run_20260523-085816/final_params_trial_320_20260523-091103.csv"},"log_n":23,"execution_state":"completed","trial":320,"attempts":1}],"trial_status":[{"trial":316,"execution_state":"completed","converged":true,"attempts":1,"convergence":0,"value":2153.8913,"eval_fn":34,"eval_gr":34,"log_n":34,"failed_clients_n":0,"message":"CONVERGENCE: REL_REDUCTION_OF_F <= FACTR*EPSMCH","result_file":"/project/temp/deferiprone_single_oral_25mgkg_designcheck_20260511/validation/design_change_n403030_wtmclustT10_nomix_site403030_nondesignquota_precisionchol_basefitbootinit_preboot_20260521/runs/scenario2/bootstrap/federated/scenario2/raw_runs/run_20260523-085816/optim_result_trial_316_20260523-085816.json","trace_file":"/project/temp/deferiprone_single_oral_25mgkg_designcheck_20260511/validation/design_change_n403030_wtmclustT10_nomix_site403030_nondesignquota_precisionchol_basefitbootinit_preboot_20260521/runs/scenario2/bootstrap/federated/scenario2/raw_runs/run_20260523-085816/optim_trace_trial_316_20260523-085816.csv","final_file":"/project/temp/deferiprone_single_oral_25mgkg_designcheck_20260511/validation/design_change_n403030_wtmclustT10_nomix_site403030_nondesignquota_precisionchol_basefitbootinit_preboot_20260521/runs/scenario2/bootstrap/federated/scenario2/raw_runs/run_20260523-085816/final_params_trial_316_20260523-085816.csv"},{"trial":317,"execution_state":"completed","converged":true,"attempts":1,"convergence":0,"value":2197.2281,"eval_fn":27,"eval_gr":27,"log_n":27,"failed_clients_n":0,"message":"CONVERGENCE: REL_REDUCTION_OF_F <= FACTR*EPSMCH","result_file":"/project/temp/deferiprone_single_oral_25mgkg_designcheck_20260511/validation/design_change_n403030_wtmclustT10_nomix_site403030_nondesignquota_precisionchol_basefitbootinit_preboot_20260521/runs/scenario2/bootstrap/federated/scenario2/raw_runs/run_20260523-085816/optim_result_trial_317_20260523-090233.json","trace_file":"/project/temp/deferiprone_single_oral_25mgkg_designcheck_20260511/validation/design_change_n403030_wtmclustT10_nomix_site403030_nondesignquota_precisionchol_basefitbootinit_preboot_20260521/runs/scenario2/bootstrap/federated/scenario2/raw_runs/run_20260523-085816/optim_trace_trial_317_20260523-090233.csv","final_file":"/project/temp/deferiprone_single_oral_25mgkg_designcheck_20260511/validation/design_change_n403030_wtmclustT10_nomix_site403030_nondesignquota_precisionchol_basefitbootinit_preboot_20260521/runs/scenario2/bootstrap/federated/scenario2/raw_runs/run_20260523-085816/final_params_trial_317_20260523-090233.csv"},{"trial":318,"execution_state":"completed","converged":true,"attempts":1,"convergence":0,"value":2200.1142,"eval_fn":23,"eval_gr":23,"log_n":23,"failed_clients_n":0,"message":"CONVERGENCE: REL_REDUCTION_OF_F <= FACTR*EPSMCH","result_file":"/project/temp/deferiprone_single_oral_25mgkg_designcheck_20260511/validation/design_change_n403030_wtmclustT10_nomix_site403030_nondesignquota_precisionchol_basefitbootinit_preboot_20260521/runs/scenario2/bootstrap/federated/scenario2/raw_runs/run_20260523-085816/optim_result_trial_318_20260523-090558.json","trace_file":"/project/temp/deferiprone_single_oral_25mgkg_designcheck_20260511/validation/design_change_n403030_wtmclustT10_nomix_site403030_nondesignquota_precisionchol_basefitbootinit_preboot_20260521/runs/scenario2/bootstrap/federated/scenario2/raw_runs/run_20260523-085816/optim_trace_trial_318_20260523-090558.csv","final_file":"/project/temp/deferiprone_single_oral_25mgkg_designcheck_20260511/validation/design_change_n403030_wtmclustT10_nomix_site403030_nondesignquota_precisionchol_basefitbootinit_preboot_20260521/runs/scenario2/bootstrap/federated/scenario2/raw_runs/run_20260523-085816/final_params_trial_318_20260523-090558.csv"},{"trial":319,"execution_state":"completed","converged":true,"attempts":1,"convergence":0,"value":2205.3959,"eval_fn":17,"eval_gr":17,"log_n":17,"failed_clients_n":0,"message":"CONVERGENCE: REL_REDUCTION_OF_F <= FACTR*EPSMCH","result_file":"/project/temp/deferiprone_single_oral_25mgkg_designcheck_20260511/validation/design_change_n403030_wtmclustT10_nomix_site403030_nondesignquota_precisionchol_basefitbootinit_preboot_20260521/runs/scenario2/bootstrap/federated/scenario2/raw_runs/run_20260523-085816/optim_result_trial_319_20260523-090853.json","trace_file":"/project/temp/deferiprone_single_oral_25mgkg_designcheck_20260511/validation/design_change_n403030_wtmclustT10_nomix_site403030_nondesignquota_precisionchol_basefitbootinit_preboot_20260521/runs/scenario2/bootstrap/federated/scenario2/raw_runs/run_20260523-085816/optim_trace_trial_319_20260523-090853.csv","final_file":"/project/temp/deferiprone_single_oral_25mgkg_designcheck_20260511/validation/design_change_n403030_wtmclustT10_nomix_site403030_nondesignquota_precisionchol_basefitbootinit_preboot_20260521/runs/scenario2/bootstrap/federated/scenario2/raw_runs/run_20260523-085816/final_params_trial_319_20260523-090853.csv"},{"trial":320,"execution_state":"completed","converged":true,"attempts":1,"convergence":0,"value":2238.4076,"eval_fn":23,"eval_gr":23,"log_n":23,"failed_clients_n":0,"message":"CONVERGENCE: REL_REDUCTION_OF_F <= FACTR*EPSMCH","result_file":"/project/temp/deferiprone_single_oral_25mgkg_designcheck_20260511/validation/design_change_n403030_wtmclustT10_nomix_site403030_nondesignquota_precisionchol_basefitbootinit_preboot_20260521/runs/scenario2/bootstrap/federated/scenario2/raw_runs/run_20260523-085816/optim_result_trial_320_20260523-091103.json","trace_file":"/project/temp/deferiprone_single_oral_25mgkg_designcheck_20260511/validation/design_change_n403030_wtmclustT10_nomix_site403030_nondesignquota_precisionchol_basefitbootinit_preboot_20260521/runs/scenario2/bootstrap/federated/scenario2/raw_runs/run_20260523-085816/optim_trace_trial_320_20260523-091103.csv","final_file":"/project/temp/deferiprone_single_oral_25mgkg_designcheck_20260511/validation/design_change_n403030_wtmclustT10_nomix_site403030_nondesignquota_precisionchol_basefitbootinit_preboot_20260521/runs/scenario2/bootstrap/federated/scenario2/raw_runs/run_20260523-085816/final_params_trial_320_20260523-091103.csv"}],"info":{"run_id":"20260523-085816","log_base_dir":"/project/temp/deferiprone_single_oral_25mgkg_designcheck_20260511/validation/design_change_n403030_wtmclustT10_nomix_site403030_nondesignquota_precisionchol_basefitbootinit_preboot_20260521/runs/scenario2/bootstrap/federated","scenario":"scenario2/raw_runs","total_trials":5,"successes":5,"failures":0,"nonconverged_count":0,"nonconverged_trials":[],"convergence_missing_count":0,"seed_base":4869,"B_per_client":500,"duration_sec":948.9027788639,"host":"44c09aac4916","image_tag":null,"communication":{"generated_at":"2026-05-23T09:13:59Z","totals":{"requests":747,"request_bytes":832611,"response_bytes":189432,"total_bytes":1022043,"retries":0},"init":{"requests":3,"request_bytes":8139,"response_bytes":1161,"total_bytes":9300,"retries":0,"median_elapsed_sec":0.37180876732},"init_round_latency":{"n_rounds":1,"median_round_wall_sec":0.37459015846,"p95_round_wall_sec":0.37459015846},"run":{"requests":0,"request_bytes":0,"response_bytes":0,"total_bytes":0,"retries":0,"median_elapsed_sec":"NA"},"run_bootstrap":{"requests":744,"request_bytes":824472,"response_bytes":188271,"total_bytes":1012743,"retries":0,"median_elapsed_sec":3.6418213844},"round_latency":{"n_rounds":248,"median_round_wall_sec":3.7483351231,"p95_round_wall_sec":4.0696414351},"timing_split":{"n_rounds":248,"rounds_with_compute":248,"total_round_wall_sec":937.9387602806,"total_round_compute_wall_sec":929.7592,"total_round_comm_overhead_wall_sec":8.1795602806,"comm_overhead_ratio":0.0087207828773,"compute_ratio":0.99127921712}},"communication_files":{"csv":"/project/temp/deferiprone_single_oral_25mgkg_designcheck_20260511/validation/design_change_n403030_wtmclustT10_nomix_site403030_nondesignquota_precisionchol_basefitbootinit_preboot_20260521/runs/scenario2/bootstrap/federated/scenario2/raw_runs/run_20260523-085816/comm_metrics.csv","json":"/project/temp/deferiprone_single_oral_25mgkg_designcheck_20260511/validation/design_change_n403030_wtmclustT10_nomix_site403030_nondesignquota_precisionchol_basefitbootinit_preboot_20260521/runs/scenario2/bootstrap/federated/scenario2/raw_runs/run_20260523-085816/comm_metrics.json"},"output_files":{"bootstrap_summary_csv":"/project/temp/deferiprone_single_oral_25mgkg_designcheck_20260511/validation/design_change_n403030_wtmclustT10_nomix_site403030_nondesignquota_precisionchol_basefitbootinit_preboot_20260521/runs/scenario2/bootstrap/federated/scenario2/raw_runs/run_20260523-085816/bootstrap_summary.csv","bootstrap_summary_json":"/project/temp/deferiprone_single_oral_25mgkg_designcheck_20260511/validation/design_change_n403030_wtmclustT10_nomix_site403030_nondesignquota_precisionchol_basefitbootinit_preboot_20260521/runs/scenario2/bootstrap/federated/scenario2/raw_runs/run_20260523-085816/bootstrap_summary.json","trial_status_csv":"/project/temp/deferiprone_single_oral_25mgkg_designcheck_20260511/validation/design_change_n403030_wtmclustT10_nomix_site403030_nondesignquota_precisionchol_basefitbootinit_preboot_20260521/runs/scenario2/bootstrap/federated/scenario2/raw_runs/run_20260523-085816/trial_status.csv","failed_trials_csv":"/project/temp/deferiprone_single_oral_25mgkg_designcheck_20260511/validation/design_change_n403030_wtmclustT10_nomix_site403030_nondesignquota_precisionchol_basefitbootinit_preboot_20260521/runs/scenario2/bootstrap/federated/scenario2/raw_runs/run_20260523-085816/failed_trials.csv","trial_estimates_wide_csv":"/project/temp/deferiprone_single_oral_25mgkg_designcheck_20260511/validation/design_change_n403030_wtmclustT10_nomix_site403030_nondesignquota_precisionchol_basefitbootinit_preboot_20260521/runs/scenario2/bootstrap/federated/scenario2/raw_runs/run_20260523-085816/trial_estimates_wide.csv","trial_estimates_long_csv":"/project/temp/deferiprone_single_oral_25mgkg_designcheck_20260511/validation/design_change_n403030_wtmclustT10_nomix_site403030_nondesignquota_precisionchol_basefitbootinit_preboot_20260521/runs/scenario2/bootstrap/federated/scenario2/raw_runs/run_20260523-085816/trial_estimates_long.csv","result_json":"/project/temp/deferiprone_single_oral_25mgkg_designcheck_20260511/validation/design_change_n403030_wtmclustT10_nomix_site403030_nondesignquota_precisionchol_basefitbootinit_preboot_20260521/runs/scenario2/bootstrap/federated/scenario2/raw_runs/run_20260523-085816/result.json"}}}
[Kserver-1 exited with code 0
Aborting on container exit...
 Container defboot_design_change_n403030_wtmclu_scenario2_316_320-server-1  Stopping
 Container defboot_design_change_n403030_wtmclu_scenario2_316_320-server-1  Stopped
 Container defboot_design_change_n403030_wtmclu_scenario2_316_320-client3-1  Stopping
 Container defboot_design_change_n403030_wtmclu_scenario2_316_320-client2-1  Stopping
 Container defboot_design_change_n403030_wtmclu_scenario2_316_320-client1-1  Stopping
 Container defboot_design_change_n403030_wtmclu_scenario2_316_320-client2-1  Stopped
 Container defboot_design_change_n403030_wtmclu_scenario2_316_320-client3-1  Stopped
 Container defboot_design_change_n403030_wtmclu_scenario2_316_320-client1-1  Stopped
time="2026-05-23T18:14:10+09:00" level=warning msg="The \"SERVER_CONFIG_PATH\" variable is not set. Defaulting to a blank string."
 Container defboot_design_change_n403030_wtmclu_scenario2_316_320-server-1  Stopping
 Container defboot_design_change_n403030_wtmclu_scenario2_316_320-server-1  Stopped
 Container defboot_design_change_n403030_wtmclu_scenario2_316_320-server-1  Removing
 Container defboot_design_change_n403030_wtmclu_scenario2_316_320-server-1  Removed
 Container defboot_design_change_n403030_wtmclu_scenario2_316_320-client2-1  Stopping
 Container defboot_design_change_n403030_wtmclu_scenario2_316_320-client3-1  Stopping
 Container defboot_design_change_n403030_wtmclu_scenario2_316_320-client1-1  Stopping
 Container defboot_design_change_n403030_wtmclu_scenario2_316_320-client2-1  Stopped
 Container defboot_design_change_n403030_wtmclu_scenario2_316_320-client2-1  Removing
 Container defboot_design_change_n403030_wtmclu_scenario2_316_320-client3-1  Stopped
 Container defboot_design_change_n403030_wtmclu_scenario2_316_320-client3-1  Removing
 Container defboot_design_change_n403030_wtmclu_scenario2_316_320-client1-1  Stopped
 Container defboot_design_change_n403030_wtmclu_scenario2_316_320-client1-1  Removing
 Container defboot_design_change_n403030_wtmclu_scenario2_316_320-client2-1  Removed
 Container defboot_design_change_n403030_wtmclu_scenario2_316_320-client3-1  Removed
 Container defboot_design_change_n403030_wtmclu_scenario2_316_320-client1-1  Removed
 Network defboot_design_change_n403030_wtmclu_scenario2_316_320_site3_net  Removing
 Network defboot_design_change_n403030_wtmclu_scenario2_316_320_site1_net  Removing
 Network defboot_design_change_n403030_wtmclu_scenario2_316_320_site2_net  Removing
 Network defboot_design_change_n403030_wtmclu_scenario2_316_320_site1_net  Removed
 Network defboot_design_change_n403030_wtmclu_scenario2_316_320_site3_net  Removed
 Network defboot_design_change_n403030_wtmclu_scenario2_316_320_site2_net  Removed
