time="2026-05-23T04:13:34+09:00" level=warning msg="The \"SERVER_CONFIG_PATH\" variable is not set. Defaulting to a blank string."
Compose now can delegate build to bake for better performances
Just set COMPOSE_BAKE=true
#0 building with "default" instance using docker driver

#1 [client2 internal] load build definition from Dockerfile.app
#1 transferring dockerfile: 778B done
#1 DONE 0.0s

#2 [client1 internal] load build definition from Dockerfile.app
#2 transferring dockerfile: 778B done
#2 DONE 0.0s

#3 [client3 internal] load build definition from Dockerfile.app
#3 transferring dockerfile: 778B done
#3 DONE 0.0s

#4 [client3 internal] load metadata for docker.io/fedpoppk/base:0.1.0
#4 DONE 0.0s

#5 [client2 internal] load .dockerignore
#5 transferring context: 2B done
#5 DONE 0.0s

#6 [client1 internal] load .dockerignore
#6 transferring context: 2B done
#6 DONE 0.0s

#7 [client3 internal] load .dockerignore
#7 transferring context: 2B done
#7 DONE 0.0s

#8 [client3 1/8] FROM docker.io/fedpoppk/base:0.1.0
#8 DONE 0.0s

#9 [client2 internal] load build context
#9 transferring context: 736.51kB 0.3s done
#9 DONE 0.3s

#10 [client1 internal] load build context
#10 transferring context: 736.51kB 0.3s done
#10 DONE 0.3s

#11 [client3 internal] load build context
#11 transferring context: 736.51kB 0.3s done
#11 DONE 0.3s

#12 [client1 2/8] WORKDIR /project
#12 CACHED

#13 [client1 6/8] COPY R/ R/
#13 CACHED

#14 [client1 7/8] COPY analysis/ analysis/
#14 CACHED

#15 [client1 4/8] RUN Rscript -e "options(renv.consent=TRUE, Ncpus=parallel::detectCores());                 renv::restore(prompt=FALSE)"
#15 CACHED

#16 [client1 5/8] COPY apps/ apps/
#16 CACHED

#17 [client1 3/8] COPY renv.lock .Rprofile renv/activate.R ./
#17 CACHED

#18 [client1 8/8] RUN mkdir -p /project/configs/modes /project/data /project/artifacts /project/result
#18 CACHED

#19 [client2] exporting to image
#19 exporting layers done
#19 writing image sha256:8d67cf823fe62d7ae100a3bb3899a83a723dd5bfa6c6c39ac2adc632ff7186d2 done
#19 naming to docker.io/library/defboot_design_change_n403030_wtmclu_scenario2_46_50-client2 0.0s done
#19 DONE 0.0s

#20 [client1] exporting to image
#20 exporting layers done
#20 writing image sha256:f91432ba3fd0456f94017ea5e6879e5867d4dcf0c0f0dcaeef3d3c4df2bde159 done
#20 naming to docker.io/library/defboot_design_change_n403030_wtmclu_scenario2_46_50-client1 0.0s done
#20 DONE 0.0s

#21 [client3] exporting to image
#21 exporting layers done
#21 writing image sha256:bf1dcb3fcd2eb0146cdb96fd837e06ade2fdb1053cbbf6b1346bd804d27e6823 done
#21 naming to docker.io/library/defboot_design_change_n403030_wtmclu_scenario2_46_50-client3 0.0s done
#21 DONE 0.1s

#22 [client1] resolving provenance for metadata file
#22 DONE 0.0s

#23 [client2] resolving provenance for metadata file
#23 DONE 0.0s

#24 [client3] resolving provenance for metadata file
#24 DONE 0.0s

#25 [server internal] load build definition from Dockerfile.app
#25 transferring dockerfile: 778B done
#25 DONE 0.0s

#4 [server internal] load metadata for docker.io/fedpoppk/base:0.1.0
#4 DONE 0.0s

#26 [server internal] load .dockerignore
#26 transferring context: 2B done
#26 DONE 0.0s

#8 [server 1/8] FROM docker.io/fedpoppk/base:0.1.0
#8 DONE 0.0s

#27 [server internal] load build context
#27 transferring context: 736.51kB 0.3s done
#27 DONE 0.3s

#28 [server 4/8] RUN Rscript -e "options(renv.consent=TRUE, Ncpus=parallel::detectCores());                 renv::restore(prompt=FALSE)"
#28 CACHED

#29 [server 5/8] COPY apps/ apps/
#29 CACHED

#30 [server 6/8] COPY R/ R/
#30 CACHED

#31 [server 3/8] COPY renv.lock .Rprofile renv/activate.R ./
#31 CACHED

#32 [server 7/8] COPY analysis/ analysis/
#32 CACHED

#12 [server 2/8] WORKDIR /project
#12 CACHED

#33 [server 8/8] RUN mkdir -p /project/configs/modes /project/data /project/artifacts /project/result
#33 CACHED

#34 [server] exporting to image
#34 exporting layers done
#34 writing image sha256:542d586717ad4afda25d910a75d0163d8058ca0b0449f55366b9652822ed9b0c done
#34 naming to docker.io/library/defboot_design_change_n403030_wtmclu_scenario2_46_50-server 0.0s done
#34 DONE 0.0s

#35 [server] resolving provenance for metadata file
#35 DONE 0.0s
 client1  Built
 client2  Built
 client3  Built
 server  Built
 Network defboot_design_change_n403030_wtmclu_scenario2_46_50_site2_net  Creating
 Network defboot_design_change_n403030_wtmclu_scenario2_46_50_site2_net  Created
 Network defboot_design_change_n403030_wtmclu_scenario2_46_50_site3_net  Creating
 Network defboot_design_change_n403030_wtmclu_scenario2_46_50_site3_net  Created
 Network defboot_design_change_n403030_wtmclu_scenario2_46_50_site1_net  Creating
 Network defboot_design_change_n403030_wtmclu_scenario2_46_50_site1_net  Created
 Container defboot_design_change_n403030_wtmclu_scenario2_46_50-client3-1  Creating
 Container defboot_design_change_n403030_wtmclu_scenario2_46_50-client1-1  Creating
 Container defboot_design_change_n403030_wtmclu_scenario2_46_50-client2-1  Creating
 Container defboot_design_change_n403030_wtmclu_scenario2_46_50-client2-1  Created
 Container defboot_design_change_n403030_wtmclu_scenario2_46_50-client1-1  Created
 Container defboot_design_change_n403030_wtmclu_scenario2_46_50-client3-1  Created
 Container defboot_design_change_n403030_wtmclu_scenario2_46_50-server-1  Creating
 Container defboot_design_change_n403030_wtmclu_scenario2_46_50-server-1  Created
Attaching to client1-1, client2-1, client3-1, server-1
client1-1  | Running plumber API at http://0.0.0.0:8000
client2-1  | Running plumber API at http://0.0.0.0:8000
client1-1  | Running swagger Docs at http://127.0.0.1:8000/__docs__/
client2-1  | Running swagger Docs at http://127.0.0.1:8000/__docs__/
client3-1  | Running plumber API at http://0.0.0.0:8000
client3-1  | Running swagger Docs at http://127.0.0.1:8000/__docs__/
client1-1  | ℹ parameter labels from comments are typically ignored in non-interactive mode
client1-1  | ℹ Need to run with the source intact to parse comments
client2-1  | ℹ parameter labels from comments are typically ignored in non-interactive mode
client3-1  | ℹ parameter labels from comments are typically ignored in non-interactive mode
client2-1  | ℹ Need to run with the source intact to parse comments
client3-1  | ℹ Need to run with the source intact to parse comments
server-1   | [send_init] http://client2:8000 init succeeded
server-1   | [send_init] http://client3:8000 init succeeded
server-1   | [send_init] http://client1:8000 init succeeded
server-1   | {"schema":{"schema_version":"1.1.0","generated_at":"2026-05-22T19:13:43Z","config_path":"/project/configs/../temp/deferiprone_single_oral_25mgkg_designcheck_20260511/validation/design_change_n403030_wtmclustT10_nomix_site403030_nondesignquota_precisionchol_basefitbootinit_preboot_20260521/configs/resolved/scenario2_bootstrap.json","config_md5":"67e6a296d3935d620e746ed6160f8ca2","seed":4869,"host":"1551bc6ca310","pid":1,"image_tag":null,"git_sha":null,"git_dirty":null},"aggregation":{"ci_method":"percentile","ci_level":0.95,"quantile_type":7,"estimates_scale":"natural"},"summary":[{"parameter":"(etaLcl,etaLvc)","median":0.056077844314,"p2.5":0.038580821618,"p97.5":0.057838461038},{"parameter":"CcPropSd","median":0.3475841901,"p2.5":0.31519263996,"p97.5":0.37685128321},{"parameter":"etaLcl","median":0.095965221754,"p2.5":0.084128722893,"p97.5":0.11073190391},{"parameter":"etaLvc","median":0.03155940742,"p2.5":0.019172188579,"p97.5":0.034232707922},{"parameter":"lcl","median":2.1564989561,"p2.5":2.092681914,"p97.5":2.203053184},{"parameter":"lka","median":2.1541362869,"p2.5":2.0624071399,"p97.5":2.2761975974},{"parameter":"lvc","median":2.940765496,"p2.5":2.8842248143,"p97.5":2.9700239647},{"parameter":"rho_(etaLcl,etaLvc)","median":0.97591248595,"p2.5":0.96101919659,"p97.5":0.97770130616}],"runs":[{"tag":"trial_046_20260522-191343","value":2203.023,"counts":[16,16],"control":{"maxit":100,"factr":1000000000,"pgtol":0,"trace":0,"method":"L-BFGS-B"},"convergence":0,"message":"CONVERGENCE: REL_REDUCTION_OF_F <= FACTR*EPSMCH","nat_par":{"lka":2.2233114545,"lcl":2.0900123971,"lvc":2.8806475469,"CcPropSd":0.31297557331,"etaLcl":0.11202801376,"etaLvc":0.03155940742,"(etaLcl,etaLvc)":0.058028134968,"rho_(etaLcl,etaLvc)":0.97591248595},"failed_clients":[],"attempt":1,"files":{"result":"/project/temp/deferiprone_single_oral_25mgkg_designcheck_20260511/validation/design_change_n403030_wtmclustT10_nomix_site403030_nondesignquota_precisionchol_basefitbootinit_preboot_20260521/runs/scenario2/bootstrap/federated/scenario2/raw_runs/run_20260522-191343/optim_result_trial_046_20260522-191343.json","trace":"/project/temp/deferiprone_single_oral_25mgkg_designcheck_20260511/validation/design_change_n403030_wtmclustT10_nomix_site403030_nondesignquota_precisionchol_basefitbootinit_preboot_20260521/runs/scenario2/bootstrap/federated/scenario2/raw_runs/run_20260522-191343/optim_trace_trial_046_20260522-191343.csv","final":"/project/temp/deferiprone_single_oral_25mgkg_designcheck_20260511/validation/design_change_n403030_wtmclustT10_nomix_site403030_nondesignquota_precisionchol_basefitbootinit_preboot_20260521/runs/scenario2/bootstrap/federated/scenario2/raw_runs/run_20260522-191343/final_params_trial_046_20260522-191343.csv"},"log_n":16,"execution_state":"completed","trial":46,"attempts":1},{"tag":"trial_047_20260522-191545","value":2272.2733,"counts":[37,37],"control":{"maxit":100,"factr":1000000000,"pgtol":0,"trace":0,"method":"L-BFGS-B"},"convergence":0,"message":"CONVERGENCE: REL_REDUCTION_OF_F <= FACTR*EPSMCH","nat_par":{"lka":2.0529517415,"lcl":2.1167075655,"lvc":2.9482100213,"CcPropSd":0.37828775888,"etaLcl":0.090096377088,"etaLvc":0.024660009314,"(etaLcl,etaLvc)":0.045696764091,"rho_(etaLcl,etaLvc)":0.96947176605},"failed_clients":[],"attempt":1,"files":{"result":"/project/temp/deferiprone_single_oral_25mgkg_designcheck_20260511/validation/design_change_n403030_wtmclustT10_nomix_site403030_nondesignquota_precisionchol_basefitbootinit_preboot_20260521/runs/scenario2/bootstrap/federated/scenario2/raw_runs/run_20260522-191343/optim_result_trial_047_20260522-191545.json","trace":"/project/temp/deferiprone_single_oral_25mgkg_designcheck_20260511/validation/design_change_n403030_wtmclustT10_nomix_site403030_nondesignquota_precisionchol_basefitbootinit_preboot_20260521/runs/scenario2/bootstrap/federated/scenario2/raw_runs/run_20260522-191343/optim_trace_trial_047_20260522-191545.csv","final":"/project/temp/deferiprone_single_oral_25mgkg_designcheck_20260511/validation/design_change_n403030_wtmclustT10_nomix_site403030_nondesignquota_precisionchol_basefitbootinit_preboot_20260521/runs/scenario2/bootstrap/federated/scenario2/raw_runs/run_20260522-191343/final_params_trial_047_20260522-191545.csv"},"log_n":37,"execution_state":"completed","trial":47,"attempts":1},{"tag":"trial_048_20260522-192024","value":2162.7749,"counts":[25,25],"control":{"maxit":100,"factr":1000000000,"pgtol":0,"trace":0,"method":"L-BFGS-B"},"convergence":0,"message":"CONVERGENCE: REL_REDUCTION_OF_F <= FACTR*EPSMCH","nat_par":{"lka":2.1475057255,"lcl":2.1922602837,"lvc":2.940765496,"CcPropSd":0.33514623981,"etaLcl":0.099066915211,"etaLvc":0.033250737463,"(etaLcl,etaLvc)":0.056077844314,"rho_(etaLcl,etaLvc)":0.97707150908},"failed_clients":[],"attempt":1,"files":{"result":"/project/temp/deferiprone_single_oral_25mgkg_designcheck_20260511/validation/design_change_n403030_wtmclustT10_nomix_site403030_nondesignquota_precisionchol_basefitbootinit_preboot_20260521/runs/scenario2/bootstrap/federated/scenario2/raw_runs/run_20260522-191343/optim_result_trial_048_20260522-192024.json","trace":"/project/temp/deferiprone_single_oral_25mgkg_designcheck_20260511/validation/design_change_n403030_wtmclustT10_nomix_site403030_nondesignquota_precisionchol_basefitbootinit_preboot_20260521/runs/scenario2/bootstrap/federated/scenario2/raw_runs/run_20260522-191343/optim_trace_trial_048_20260522-192024.csv","final":"/project/temp/deferiprone_single_oral_25mgkg_designcheck_20260511/validation/design_change_n403030_wtmclustT10_nomix_site403030_nondesignquota_precisionchol_basefitbootinit_preboot_20260521/runs/scenario2/bootstrap/federated/scenario2/raw_runs/run_20260522-191343/final_params_trial_048_20260522-192024.csv"},"log_n":25,"execution_state":"completed","trial":48,"attempts":1},{"tag":"trial_049_20260522-192336","value":2233.5246,"counts":[23,23],"control":{"maxit":100,"factr":1000000000,"pgtol":0,"trace":0,"method":"L-BFGS-B"},"convergence":0,"message":"CONVERGENCE: REL_REDUCTION_OF_F <= FACTR*EPSMCH","nat_par":{"lka":2.2820738356,"lcl":2.1564989561,"lvc":2.9164202205,"CcPropSd":0.36392300213,"etaLcl":0.083465650204,"etaLvc":0.01856243072,"(etaLcl,etaLvc)":0.037790161344,"rho_(etaLcl,etaLvc)":0.9600800222},"failed_clients":[],"attempt":1,"files":{"result":"/project/temp/deferiprone_single_oral_25mgkg_designcheck_20260511/validation/design_change_n403030_wtmclustT10_nomix_site403030_nondesignquota_precisionchol_basefitbootinit_preboot_20260521/runs/scenario2/bootstrap/federated/scenario2/raw_runs/run_20260522-191343/optim_result_trial_049_20260522-192336.json","trace":"/project/temp/deferiprone_single_oral_25mgkg_designcheck_20260511/validation/design_change_n403030_wtmclustT10_nomix_site403030_nondesignquota_precisionchol_basefitbootinit_preboot_20260521/runs/scenario2/bootstrap/federated/scenario2/raw_runs/run_20260522-191343/optim_trace_trial_049_20260522-192336.csv","final":"/project/temp/deferiprone_single_oral_25mgkg_designcheck_20260511/validation/design_change_n403030_wtmclustT10_nomix_site403030_nondesignquota_precisionchol_basefitbootinit_preboot_20260521/runs/scenario2/bootstrap/federated/scenario2/raw_runs/run_20260522-191343/final_params_trial_049_20260522-192336.csv"},"log_n":23,"execution_state":"completed","trial":49,"attempts":1},{"tag":"trial_050_20260522-192631","value":2186.9808,"counts":[22,22],"control":{"maxit":100,"factr":1000000000,"pgtol":0,"trace":0,"method":"L-BFGS-B"},"convergence":0,"message":"CONVERGENCE: REL_REDUCTION_OF_F <= FACTR*EPSMCH","nat_par":{"lka":2.1541362869,"lcl":2.2042523952,"lvc":2.9724477362,"CcPropSd":0.3475841901,"etaLcl":0.095965221754,"etaLvc":0.034341815751,"(etaLcl,etaLvc)":0.056131395662,"rho_(etaLcl,etaLvc)":0.97777128362},"failed_clients":[],"attempt":1,"files":{"result":"/project/temp/deferiprone_single_oral_25mgkg_designcheck_20260511/validation/design_change_n403030_wtmclustT10_nomix_site403030_nondesignquota_precisionchol_basefitbootinit_preboot_20260521/runs/scenario2/bootstrap/federated/scenario2/raw_runs/run_20260522-191343/optim_result_trial_050_20260522-192631.json","trace":"/project/temp/deferiprone_single_oral_25mgkg_designcheck_20260511/validation/design_change_n403030_wtmclustT10_nomix_site403030_nondesignquota_precisionchol_basefitbootinit_preboot_20260521/runs/scenario2/bootstrap/federated/scenario2/raw_runs/run_20260522-191343/optim_trace_trial_050_20260522-192631.csv","final":"/project/temp/deferiprone_single_oral_25mgkg_designcheck_20260511/validation/design_change_n403030_wtmclustT10_nomix_site403030_nondesignquota_precisionchol_basefitbootinit_preboot_20260521/runs/scenario2/bootstrap/federated/scenario2/raw_runs/run_20260522-191343/final_params_trial_050_20260522-192631.csv"},"log_n":22,"execution_state":"completed","trial":50,"attempts":1}],"trial_status":[{"trial":46,"execution_state":"completed","converged":true,"attempts":1,"convergence":0,"value":2203.023,"eval_fn":16,"eval_gr":16,"log_n":16,"failed_clients_n":0,"message":"CONVERGENCE: REL_REDUCTION_OF_F <= FACTR*EPSMCH","result_file":"/project/temp/deferiprone_single_oral_25mgkg_designcheck_20260511/validation/design_change_n403030_wtmclustT10_nomix_site403030_nondesignquota_precisionchol_basefitbootinit_preboot_20260521/runs/scenario2/bootstrap/federated/scenario2/raw_runs/run_20260522-191343/optim_result_trial_046_20260522-191343.json","trace_file":"/project/temp/deferiprone_single_oral_25mgkg_designcheck_20260511/validation/design_change_n403030_wtmclustT10_nomix_site403030_nondesignquota_precisionchol_basefitbootinit_preboot_20260521/runs/scenario2/bootstrap/federated/scenario2/raw_runs/run_20260522-191343/optim_trace_trial_046_20260522-191343.csv","final_file":"/project/temp/deferiprone_single_oral_25mgkg_designcheck_20260511/validation/design_change_n403030_wtmclustT10_nomix_site403030_nondesignquota_precisionchol_basefitbootinit_preboot_20260521/runs/scenario2/bootstrap/federated/scenario2/raw_runs/run_20260522-191343/final_params_trial_046_20260522-191343.csv"},{"trial":47,"execution_state":"completed","converged":true,"attempts":1,"convergence":0,"value":2272.2733,"eval_fn":37,"eval_gr":37,"log_n":37,"failed_clients_n":0,"message":"CONVERGENCE: REL_REDUCTION_OF_F <= FACTR*EPSMCH","result_file":"/project/temp/deferiprone_single_oral_25mgkg_designcheck_20260511/validation/design_change_n403030_wtmclustT10_nomix_site403030_nondesignquota_precisionchol_basefitbootinit_preboot_20260521/runs/scenario2/bootstrap/federated/scenario2/raw_runs/run_20260522-191343/optim_result_trial_047_20260522-191545.json","trace_file":"/project/temp/deferiprone_single_oral_25mgkg_designcheck_20260511/validation/design_change_n403030_wtmclustT10_nomix_site403030_nondesignquota_precisionchol_basefitbootinit_preboot_20260521/runs/scenario2/bootstrap/federated/scenario2/raw_runs/run_20260522-191343/optim_trace_trial_047_20260522-191545.csv","final_file":"/project/temp/deferiprone_single_oral_25mgkg_designcheck_20260511/validation/design_change_n403030_wtmclustT10_nomix_site403030_nondesignquota_precisionchol_basefitbootinit_preboot_20260521/runs/scenario2/bootstrap/federated/scenario2/raw_runs/run_20260522-191343/final_params_trial_047_20260522-191545.csv"},{"trial":48,"execution_state":"completed","converged":true,"attempts":1,"convergence":0,"value":2162.7749,"eval_fn":25,"eval_gr":25,"log_n":25,"failed_clients_n":0,"message":"CONVERGENCE: REL_REDUCTION_OF_F <= FACTR*EPSMCH","result_file":"/project/temp/deferiprone_single_oral_25mgkg_designcheck_20260511/validation/design_change_n403030_wtmclustT10_nomix_site403030_nondesignquota_precisionchol_basefitbootinit_preboot_20260521/runs/scenario2/bootstrap/federated/scenario2/raw_runs/run_20260522-191343/optim_result_trial_048_20260522-192024.json","trace_file":"/project/temp/deferiprone_single_oral_25mgkg_designcheck_20260511/validation/design_change_n403030_wtmclustT10_nomix_site403030_nondesignquota_precisionchol_basefitbootinit_preboot_20260521/runs/scenario2/bootstrap/federated/scenario2/raw_runs/run_20260522-191343/optim_trace_trial_048_20260522-192024.csv","final_file":"/project/temp/deferiprone_single_oral_25mgkg_designcheck_20260511/validation/design_change_n403030_wtmclustT10_nomix_site403030_nondesignquota_precisionchol_basefitbootinit_preboot_20260521/runs/scenario2/bootstrap/federated/scenario2/raw_runs/run_20260522-191343/final_params_trial_048_20260522-192024.csv"},{"trial":49,"execution_state":"completed","converged":true,"attempts":1,"convergence":0,"value":2233.5246,"eval_fn":23,"eval_gr":23,"log_n":23,"failed_clients_n":0,"message":"CONVERGENCE: REL_REDUCTION_OF_F <= FACTR*EPSMCH","result_file":"/project/temp/deferiprone_single_oral_25mgkg_designcheck_20260511/validation/design_change_n403030_wtmclustT10_nomix_site403030_nondesignquota_precisionchol_basefitbootinit_preboot_20260521/runs/scenario2/bootstrap/federated/scenario2/raw_runs/run_20260522-191343/optim_result_trial_049_20260522-192336.json","trace_file":"/project/temp/deferiprone_single_oral_25mgkg_designcheck_20260511/validation/design_change_n403030_wtmclustT10_nomix_site403030_nondesignquota_precisionchol_basefitbootinit_preboot_20260521/runs/scenario2/bootstrap/federated/scenario2/raw_runs/run_20260522-191343/optim_trace_trial_049_20260522-192336.csv","final_file":"/project/temp/deferiprone_single_oral_25mgkg_designcheck_20260511/validation/design_change_n403030_wtmclustT10_nomix_site403030_nondesignquota_precisionchol_basefitbootinit_preboot_20260521/runs/scenario2/bootstrap/federated/scenario2/raw_runs/run_20260522-191343/final_params_trial_049_20260522-192336.csv"},{"trial":50,"execution_state":"completed","converged":true,"attempts":1,"convergence":0,"value":2186.9808,"eval_fn":22,"eval_gr":22,"log_n":22,"failed_clients_n":0,"message":"CONVERGENCE: REL_REDUCTION_OF_F <= FACTR*EPSMCH","result_file":"/project/temp/deferiprone_single_oral_25mgkg_designcheck_20260511/validation/design_change_n403030_wtmclustT10_nomix_site403030_nondesignquota_precisionchol_basefitbootinit_preboot_20260521/runs/scenario2/bootstrap/federated/scenario2/raw_runs/run_20260522-191343/optim_result_trial_050_20260522-192631.json","trace_file":"/project/temp/deferiprone_single_oral_25mgkg_designcheck_20260511/validation/design_change_n403030_wtmclustT10_nomix_site403030_nondesignquota_precisionchol_basefitbootinit_preboot_20260521/runs/scenario2/bootstrap/federated/scenario2/raw_runs/run_20260522-191343/optim_trace_trial_050_20260522-192631.csv","final_file":"/project/temp/deferiprone_single_oral_25mgkg_designcheck_20260511/validation/design_change_n403030_wtmclustT10_nomix_site403030_nondesignquota_precisionchol_basefitbootinit_preboot_20260521/runs/scenario2/bootstrap/federated/scenario2/raw_runs/run_20260522-191343/final_params_trial_050_20260522-192631.csv"}],"info":{"run_id":"20260522-191343","log_base_dir":"/project/temp/deferiprone_single_oral_25mgkg_designcheck_20260511/validation/design_change_n403030_wtmclustT10_nomix_site403030_nondesignquota_precisionchol_basefitbootinit_preboot_20260521/runs/scenario2/bootstrap/federated","scenario":"scenario2/raw_runs","total_trials":5,"successes":5,"failures":0,"nonconverged_count":0,"nonconverged_trials":[],"convergence_missing_count":0,"seed_base":4869,"B_per_client":500,"duration_sec":942.4139494896,"host":"1551bc6ca310","image_tag":null,"communication":{"generated_at":"2026-05-22T19:29:20Z","totals":{"requests":741,"request_bytes":825519,"response_bytes":187931,"total_bytes":1013450,"retries":0},"init":{"requests":3,"request_bytes":8139,"response_bytes":1161,"total_bytes":9300,"retries":0,"median_elapsed_sec":0.36343050003},"init_round_latency":{"n_rounds":1,"median_round_wall_sec":0.36485433578,"p95_round_wall_sec":0.36485433578},"run":{"requests":0,"request_bytes":0,"response_bytes":0,"total_bytes":0,"retries":0,"median_elapsed_sec":"NA"},"run_bootstrap":{"requests":738,"request_bytes":817380,"response_bytes":186770,"total_bytes":1004150,"retries":0,"median_elapsed_sec":3.6426069736},"round_latency":{"n_rounds":246,"median_round_wall_sec":3.7662608624,"p95_round_wall_sec":4.0233037472},"timing_split":{"n_rounds":246,"rounds_with_compute":246,"total_round_wall_sec":931.4269249439,"total_round_compute_wall_sec":923.3436,"total_round_comm_overhead_wall_sec":8.0833249439,"comm_overhead_ratio":0.0086784316917,"compute_ratio":0.99132156831}},"communication_files":{"csv":"/project/temp/deferiprone_single_oral_25mgkg_designcheck_20260511/validation/design_change_n403030_wtmclustT10_nomix_site403030_nondesignquota_precisionchol_basefitbootinit_preboot_20260521/runs/scenario2/bootstrap/federated/scenario2/raw_runs/run_20260522-191343/comm_metrics.csv","json":"/project/temp/deferiprone_single_oral_25mgkg_designcheck_20260511/validation/design_change_n403030_wtmclustT10_nomix_site403030_nondesignquota_precisionchol_basefitbootinit_preboot_20260521/runs/scenario2/bootstrap/federated/scenario2/raw_runs/run_20260522-191343/comm_metrics.json"},"output_files":{"bootstrap_summary_csv":"/project/temp/deferiprone_single_oral_25mgkg_designcheck_20260511/validation/design_change_n403030_wtmclustT10_nomix_site403030_nondesignquota_precisionchol_basefitbootinit_preboot_20260521/runs/scenario2/bootstrap/federated/scenario2/raw_runs/run_20260522-191343/bootstrap_summary.csv","bootstrap_summary_json":"/project/temp/deferiprone_single_oral_25mgkg_designcheck_20260511/validation/design_change_n403030_wtmclustT10_nomix_site403030_nondesignquota_precisionchol_basefitbootinit_preboot_20260521/runs/scenario2/bootstrap/federated/scenario2/raw_runs/run_20260522-191343/bootstrap_summary.json","trial_status_csv":"/project/temp/deferiprone_single_oral_25mgkg_designcheck_20260511/validation/design_change_n403030_wtmclustT10_nomix_site403030_nondesignquota_precisionchol_basefitbootinit_preboot_20260521/runs/scenario2/bootstrap/federated/scenario2/raw_runs/run_20260522-191343/trial_status.csv","failed_trials_csv":"/project/temp/deferiprone_single_oral_25mgkg_designcheck_20260511/validation/design_change_n403030_wtmclustT10_nomix_site403030_nondesignquota_precisionchol_basefitbootinit_preboot_20260521/runs/scenario2/bootstrap/federated/scenario2/raw_runs/run_20260522-191343/failed_trials.csv","trial_estimates_wide_csv":"/project/temp/deferiprone_single_oral_25mgkg_designcheck_20260511/validation/design_change_n403030_wtmclustT10_nomix_site403030_nondesignquota_precisionchol_basefitbootinit_preboot_20260521/runs/scenario2/bootstrap/federated/scenario2/raw_runs/run_20260522-191343/trial_estimates_wide.csv","trial_estimates_long_csv":"/project/temp/deferiprone_single_oral_25mgkg_designcheck_20260511/validation/design_change_n403030_wtmclustT10_nomix_site403030_nondesignquota_precisionchol_basefitbootinit_preboot_20260521/runs/scenario2/bootstrap/federated/scenario2/raw_runs/run_20260522-191343/trial_estimates_long.csv","result_json":"/project/temp/deferiprone_single_oral_25mgkg_designcheck_20260511/validation/design_change_n403030_wtmclustT10_nomix_site403030_nondesignquota_precisionchol_basefitbootinit_preboot_20260521/runs/scenario2/bootstrap/federated/scenario2/raw_runs/run_20260522-191343/result.json"}}}
[Kserver-1 exited with code 0
Aborting on container exit...
 Container defboot_design_change_n403030_wtmclu_scenario2_46_50-server-1  Stopping
 Container defboot_design_change_n403030_wtmclu_scenario2_46_50-server-1  Stopped
 Container defboot_design_change_n403030_wtmclu_scenario2_46_50-client1-1  Stopping
 Container defboot_design_change_n403030_wtmclu_scenario2_46_50-client2-1  Stopping
 Container defboot_design_change_n403030_wtmclu_scenario2_46_50-client3-1  Stopping
 Container defboot_design_change_n403030_wtmclu_scenario2_46_50-client3-1  Stopped
 Container defboot_design_change_n403030_wtmclu_scenario2_46_50-client1-1  Stopped
 Container defboot_design_change_n403030_wtmclu_scenario2_46_50-client2-1  Stopped
time="2026-05-23T04:29:30+09:00" level=warning msg="The \"SERVER_CONFIG_PATH\" variable is not set. Defaulting to a blank string."
 Container defboot_design_change_n403030_wtmclu_scenario2_46_50-server-1  Stopping
 Container defboot_design_change_n403030_wtmclu_scenario2_46_50-server-1  Stopped
 Container defboot_design_change_n403030_wtmclu_scenario2_46_50-server-1  Removing
 Container defboot_design_change_n403030_wtmclu_scenario2_46_50-server-1  Removed
 Container defboot_design_change_n403030_wtmclu_scenario2_46_50-client3-1  Stopping
 Container defboot_design_change_n403030_wtmclu_scenario2_46_50-client1-1  Stopping
 Container defboot_design_change_n403030_wtmclu_scenario2_46_50-client2-1  Stopping
 Container defboot_design_change_n403030_wtmclu_scenario2_46_50-client3-1  Stopped
 Container defboot_design_change_n403030_wtmclu_scenario2_46_50-client3-1  Removing
 Container defboot_design_change_n403030_wtmclu_scenario2_46_50-client1-1  Stopped
 Container defboot_design_change_n403030_wtmclu_scenario2_46_50-client1-1  Removing
 Container defboot_design_change_n403030_wtmclu_scenario2_46_50-client2-1  Stopped
 Container defboot_design_change_n403030_wtmclu_scenario2_46_50-client2-1  Removing
 Container defboot_design_change_n403030_wtmclu_scenario2_46_50-client3-1  Removed
 Container defboot_design_change_n403030_wtmclu_scenario2_46_50-client1-1  Removed
 Container defboot_design_change_n403030_wtmclu_scenario2_46_50-client2-1  Removed
 Network defboot_design_change_n403030_wtmclu_scenario2_46_50_site1_net  Removing
 Network defboot_design_change_n403030_wtmclu_scenario2_46_50_site2_net  Removing
 Network defboot_design_change_n403030_wtmclu_scenario2_46_50_site3_net  Removing
 Network defboot_design_change_n403030_wtmclu_scenario2_46_50_site1_net  Removed
 Network defboot_design_change_n403030_wtmclu_scenario2_46_50_site3_net  Removed
 Network defboot_design_change_n403030_wtmclu_scenario2_46_50_site2_net  Removed
