time="2026-05-23T03:58:53+09:00" level=warning msg="The \"SERVER_CONFIG_PATH\" variable is not set. Defaulting to a blank string."
Compose now can delegate build to bake for better performances
Just set COMPOSE_BAKE=true
#0 building with "default" instance using docker driver

#1 [client3 internal] load build definition from Dockerfile.app
#1 transferring dockerfile: 778B done
#1 DONE 0.0s

#2 [client1 internal] load build definition from Dockerfile.app
#2 transferring dockerfile: 778B done
#2 DONE 0.0s

#3 [client2 internal] load build definition from Dockerfile.app
#3 transferring dockerfile: 778B done
#3 DONE 0.0s

#4 [client2 internal] load metadata for docker.io/fedpoppk/base:0.1.0
#4 DONE 0.0s

#5 [client3 internal] load .dockerignore
#5 transferring context: 2B done
#5 DONE 0.0s

#6 [client1 internal] load .dockerignore
#6 transferring context: 2B done
#6 DONE 0.0s

#7 [client1 1/8] FROM docker.io/fedpoppk/base:0.1.0
#7 DONE 0.0s

#8 [client2 internal] load .dockerignore
#8 transferring context: 2B done
#8 DONE 0.0s

#9 [client3 internal] load build context
#9 transferring context: 736.51kB 0.3s done
#9 DONE 0.3s

#10 [client1 internal] load build context
#10 transferring context: 736.51kB 0.3s done
#10 DONE 0.3s

#11 [client2 internal] load build context
#11 transferring context: 736.51kB 0.3s done
#11 DONE 0.3s

#12 [client3 7/8] COPY analysis/ analysis/
#12 CACHED

#13 [client3 5/8] COPY apps/ apps/
#13 CACHED

#14 [client3 6/8] COPY R/ R/
#14 CACHED

#15 [client3 4/8] RUN Rscript -e "options(renv.consent=TRUE, Ncpus=parallel::detectCores());                 renv::restore(prompt=FALSE)"
#15 CACHED

#16 [client3 2/8] WORKDIR /project
#16 CACHED

#17 [client3 3/8] COPY renv.lock .Rprofile renv/activate.R ./
#17 CACHED

#18 [client1 8/8] RUN mkdir -p /project/configs/modes /project/data /project/artifacts /project/result
#18 CACHED

#19 [client2] exporting to image
#19 exporting layers done
#19 writing image sha256:b57055265654d8ac3fae80a39e461e6e6711f1c01809b4f9c6f7846258fb1e45 done
#19 naming to docker.io/library/defboot_design_change_n403030_wtmclu_scenario2_41_45-client2 0.0s done
#19 DONE 0.0s

#20 [client1] exporting to image
#20 exporting layers done
#20 writing image sha256:dff2c897f3d72c0809023c5160273dd0a72c6212d7ed59a47068cab7463fb980 done
#20 naming to docker.io/library/defboot_design_change_n403030_wtmclu_scenario2_41_45-client1 0.0s done
#20 DONE 0.0s

#21 [client3] exporting to image
#21 exporting layers done
#21 writing image sha256:d4ae31dc123b2c082a6fbecefe0e363814813ec2a2751c287f3fdba8a09bca97 done
#21 naming to docker.io/library/defboot_design_change_n403030_wtmclu_scenario2_41_45-client3 0.0s done
#21 DONE 0.1s

#22 [client2] resolving provenance for metadata file
#22 DONE 0.0s

#23 [client1] resolving provenance for metadata file
#23 DONE 0.0s

#24 [client3] resolving provenance for metadata file
#24 DONE 0.0s

#25 [server internal] load build definition from Dockerfile.app
#25 transferring dockerfile: 778B done
#25 DONE 0.0s

#4 [server internal] load metadata for docker.io/fedpoppk/base:0.1.0
#4 DONE 0.0s

#26 [server internal] load .dockerignore
#26 transferring context: 2B done
#26 DONE 0.0s

#7 [server 1/8] FROM docker.io/fedpoppk/base:0.1.0
#7 DONE 0.0s

#27 [server internal] load build context
#27 transferring context: 736.51kB 0.3s done
#27 DONE 0.4s

#28 [server 3/8] COPY renv.lock .Rprofile renv/activate.R ./
#28 CACHED

#29 [server 5/8] COPY apps/ apps/
#29 CACHED

#16 [server 2/8] WORKDIR /project
#16 CACHED

#30 [server 4/8] RUN Rscript -e "options(renv.consent=TRUE, Ncpus=parallel::detectCores());                 renv::restore(prompt=FALSE)"
#30 CACHED

#31 [server 6/8] COPY R/ R/
#31 CACHED

#32 [server 7/8] COPY analysis/ analysis/
#32 CACHED

#33 [server 8/8] RUN mkdir -p /project/configs/modes /project/data /project/artifacts /project/result
#33 CACHED

#34 [server] exporting to image
#34 exporting layers done
#34 writing image sha256:91db325aae01a672426800245b65fc0e2c5ce8d61e2f6c8d6830ee933294433d done
#34 naming to docker.io/library/defboot_design_change_n403030_wtmclu_scenario2_41_45-server 0.0s done
#34 DONE 0.0s

#35 [server] resolving provenance for metadata file
#35 DONE 0.0s
 client1  Built
 client2  Built
 client3  Built
 server  Built
 Network defboot_design_change_n403030_wtmclu_scenario2_41_45_site3_net  Creating
 Network defboot_design_change_n403030_wtmclu_scenario2_41_45_site3_net  Created
 Network defboot_design_change_n403030_wtmclu_scenario2_41_45_site1_net  Creating
 Network defboot_design_change_n403030_wtmclu_scenario2_41_45_site1_net  Created
 Network defboot_design_change_n403030_wtmclu_scenario2_41_45_site2_net  Creating
 Network defboot_design_change_n403030_wtmclu_scenario2_41_45_site2_net  Created
 Container defboot_design_change_n403030_wtmclu_scenario2_41_45-client1-1  Creating
 Container defboot_design_change_n403030_wtmclu_scenario2_41_45-client2-1  Creating
 Container defboot_design_change_n403030_wtmclu_scenario2_41_45-client3-1  Creating
 Container defboot_design_change_n403030_wtmclu_scenario2_41_45-client3-1  Created
 Container defboot_design_change_n403030_wtmclu_scenario2_41_45-client1-1  Created
 Container defboot_design_change_n403030_wtmclu_scenario2_41_45-client2-1  Created
 Container defboot_design_change_n403030_wtmclu_scenario2_41_45-server-1  Creating
 Container defboot_design_change_n403030_wtmclu_scenario2_41_45-server-1  Created
Attaching to client1-1, client2-1, client3-1, server-1
client3-1  | Running plumber API at http://0.0.0.0:8000
client3-1  | Running swagger Docs at http://127.0.0.1:8000/__docs__/
client2-1  | Running plumber API at http://0.0.0.0:8000
client2-1  | Running swagger Docs at http://127.0.0.1:8000/__docs__/
client1-1  | Running plumber API at http://0.0.0.0:8000
client1-1  | Running swagger Docs at http://127.0.0.1:8000/__docs__/
client2-1  | ℹ parameter labels from comments are typically ignored in non-interactive mode
client2-1  | ℹ Need to run with the source intact to parse comments
client1-1  | ℹ parameter labels from comments are typically ignored in non-interactive mode
client1-1  | ℹ Need to run with the source intact to parse comments
client3-1  | ℹ parameter labels from comments are typically ignored in non-interactive mode
client3-1  | ℹ Need to run with the source intact to parse comments
server-1   | [send_init] http://client2:8000 init succeeded
server-1   | [send_init] http://client1:8000 init succeeded
server-1   | [send_init] http://client3:8000 init succeeded
server-1   | {"schema":{"schema_version":"1.1.0","generated_at":"2026-05-22T18:59:02Z","config_path":"/project/configs/../temp/deferiprone_single_oral_25mgkg_designcheck_20260511/validation/design_change_n403030_wtmclustT10_nomix_site403030_nondesignquota_precisionchol_basefitbootinit_preboot_20260521/configs/resolved/scenario2_bootstrap.json","config_md5":"67e6a296d3935d620e746ed6160f8ca2","seed":4869,"host":"e716b20c416a","pid":1,"image_tag":null,"git_sha":null,"git_dirty":null},"aggregation":{"ci_method":"percentile","ci_level":0.95,"quantile_type":7,"estimates_scale":"natural"},"summary":[{"parameter":"(etaLcl,etaLvc)","median":0.062627748748,"p2.5":0.050109099257,"p97.5":0.065347045426},{"parameter":"CcPropSd","median":0.35938469915,"p2.5":0.3194173147,"p97.5":0.39719693294},{"parameter":"etaLcl","median":0.098918314232,"p2.5":0.093800523285,"p97.5":0.12047006248},{"parameter":"etaLvc","median":0.034354852943,"p2.5":0.027217881268,"p97.5":0.044835628282},{"parameter":"lcl","median":2.1675731787,"p2.5":2.1417592037,"p97.5":2.2403415885},{"parameter":"lka","median":2.2822281215,"p2.5":2.1951440819,"p97.5":2.3434923565},{"parameter":"lvc","median":2.9761437041,"p2.5":2.9471856353,"p97.5":3.0428093153},{"parameter":"rho_(etaLcl,etaLvc)","median":0.97780573418,"p2.5":0.9722127339,"p97.5":0.98281359679}],"runs":[{"tag":"trial_041_20260522-185902","value":2219.5986,"counts":[21,21],"control":{"maxit":100,"factr":1000000000,"pgtol":0,"trace":0,"method":"L-BFGS-B"},"convergence":0,"message":"CONVERGENCE: REL_REDUCTION_OF_F <= FACTR*EPSMCH","nat_par":{"lka":2.2822281215,"lcl":2.1560561516,"lvc":2.9685199852,"CcPropSd":0.33884156336,"etaLcl":0.12235077387,"etaLvc":0.034354852943,"(etaLcl,etaLvc)":0.063394267348,"rho_(etaLcl,etaLvc)":0.97780573418},"failed_clients":[],"attempt":1,"files":{"result":"/project/temp/deferiprone_single_oral_25mgkg_designcheck_20260511/validation/design_change_n403030_wtmclustT10_nomix_site403030_nondesignquota_precisionchol_basefitbootinit_preboot_20260521/runs/scenario2/bootstrap/federated/scenario2/raw_runs/run_20260522-185902/optim_result_trial_041_20260522-185902.json","trace":"/project/temp/deferiprone_single_oral_25mgkg_designcheck_20260511/validation/design_change_n403030_wtmclustT10_nomix_site403030_nondesignquota_precisionchol_basefitbootinit_preboot_20260521/runs/scenario2/bootstrap/federated/scenario2/raw_runs/run_20260522-185902/optim_trace_trial_041_20260522-185902.csv","final":"/project/temp/deferiprone_single_oral_25mgkg_designcheck_20260511/validation/design_change_n403030_wtmclustT10_nomix_site403030_nondesignquota_precisionchol_basefitbootinit_preboot_20260521/runs/scenario2/bootstrap/federated/scenario2/raw_runs/run_20260522-185902/final_params_trial_041_20260522-185902.csv"},"log_n":21,"execution_state":"completed","trial":41,"attempts":1},{"tag":"trial_042_20260522-190141","value":2178.3446,"counts":[20,20],"control":{"maxit":100,"factr":1000000000,"pgtol":0,"trace":0,"method":"L-BFGS-B"},"convergence":0,"message":"CONVERGENCE: REL_REDUCTION_OF_F <= FACTR*EPSMCH","nat_par":{"lka":2.3417379811,"lcl":2.1401706539,"lvc":2.944815152,"CcPropSd":0.31725906485,"etaLcl":0.10354365998,"etaLvc":0.028516698683,"(etaLcl,etaLvc)":0.052895533372,"rho_(etaLcl,etaLvc)":0.97343648832},"failed_clients":[],"attempt":1,"files":{"result":"/project/temp/deferiprone_single_oral_25mgkg_designcheck_20260511/validation/design_change_n403030_wtmclustT10_nomix_site403030_nondesignquota_precisionchol_basefitbootinit_preboot_20260521/runs/scenario2/bootstrap/federated/scenario2/raw_runs/run_20260522-185902/optim_result_trial_042_20260522-190141.json","trace":"/project/temp/deferiprone_single_oral_25mgkg_designcheck_20260511/validation/design_change_n403030_wtmclustT10_nomix_site403030_nondesignquota_precisionchol_basefitbootinit_preboot_20260521/runs/scenario2/bootstrap/federated/scenario2/raw_runs/run_20260522-185902/optim_trace_trial_042_20260522-190141.csv","final":"/project/temp/deferiprone_single_oral_25mgkg_designcheck_20260511/validation/design_change_n403030_wtmclustT10_nomix_site403030_nondesignquota_precisionchol_basefitbootinit_preboot_20260521/runs/scenario2/bootstrap/federated/scenario2/raw_runs/run_20260522-185902/final_params_trial_042_20260522-190141.csv"},"log_n":20,"execution_state":"completed","trial":42,"attempts":1},{"tag":"trial_043_20260522-190413","value":2215.0589,"counts":[23,23],"control":{"maxit":100,"factr":1000000000,"pgtol":0,"trace":0,"method":"L-BFGS-B"},"convergence":0,"message":"CONVERGENCE: REL_REDUCTION_OF_F <= FACTR*EPSMCH","nat_par":{"lka":2.192988793,"lcl":2.1675731787,"lvc":2.9761437041,"CcPropSd":0.35938469915,"etaLcl":0.096940055841,"etaLvc":0.027073568222,"(etaLcl,etaLvc)":0.049799495466,"rho_(etaLcl,etaLvc)":0.97207676118},"failed_clients":[],"attempt":1,"files":{"result":"/project/temp/deferiprone_single_oral_25mgkg_designcheck_20260511/validation/design_change_n403030_wtmclustT10_nomix_site403030_nondesignquota_precisionchol_basefitbootinit_preboot_20260521/runs/scenario2/bootstrap/federated/scenario2/raw_runs/run_20260522-185902/optim_result_trial_043_20260522-190413.json","trace":"/project/temp/deferiprone_single_oral_25mgkg_designcheck_20260511/validation/design_change_n403030_wtmclustT10_nomix_site403030_nondesignquota_precisionchol_basefitbootinit_preboot_20260521/runs/scenario2/bootstrap/federated/scenario2/raw_runs/run_20260522-185902/optim_trace_trial_043_20260522-190413.csv","final":"/project/temp/deferiprone_single_oral_25mgkg_designcheck_20260511/validation/design_change_n403030_wtmclustT10_nomix_site403030_nondesignquota_precisionchol_basefitbootinit_preboot_20260521/runs/scenario2/bootstrap/federated/scenario2/raw_runs/run_20260522-185902/final_params_trial_043_20260522-190413.csv"},"log_n":23,"execution_state":"completed","trial":43,"attempts":1},{"tag":"trial_044_20260522-190706","value":2218.7237,"counts":[25,25],"control":{"maxit":100,"factr":1000000000,"pgtol":0,"trace":0,"method":"L-BFGS-B"},"convergence":0,"message":"CONVERGENCE: REL_REDUCTION_OF_F <= FACTR*EPSMCH","nat_par":{"lka":2.3436872871,"lcl":2.2442207787,"lvc":3.0459305071,"CcPropSd":0.38794095145,"etaLcl":0.093451686334,"etaLvc":0.043496700201,"(etaLcl,etaLvc)":0.062627748748,"rho_(etaLcl,etaLvc)":0.98230210264},"failed_clients":[],"attempt":1,"files":{"result":"/project/temp/deferiprone_single_oral_25mgkg_designcheck_20260511/validation/design_change_n403030_wtmclustT10_nomix_site403030_nondesignquota_precisionchol_basefitbootinit_preboot_20260521/runs/scenario2/bootstrap/federated/scenario2/raw_runs/run_20260522-185902/optim_result_trial_044_20260522-190706.json","trace":"/project/temp/deferiprone_single_oral_25mgkg_designcheck_20260511/validation/design_change_n403030_wtmclustT10_nomix_site403030_nondesignquota_precisionchol_basefitbootinit_preboot_20260521/runs/scenario2/bootstrap/federated/scenario2/raw_runs/run_20260522-185902/optim_trace_trial_044_20260522-190706.csv","final":"/project/temp/deferiprone_single_oral_25mgkg_designcheck_20260511/validation/design_change_n403030_wtmclustT10_nomix_site403030_nondesignquota_precisionchol_basefitbootinit_preboot_20260521/runs/scenario2/bootstrap/federated/scenario2/raw_runs/run_20260522-185902/final_params_trial_044_20260522-190706.csv"},"log_n":25,"execution_state":"completed","trial":44,"attempts":1},{"tag":"trial_045_20260522-191018","value":2256.1937,"counts":[24,24],"control":{"maxit":100,"factr":1000000000,"pgtol":0,"trace":0,"method":"L-BFGS-B"},"convergence":0,"message":"CONVERGENCE: REL_REDUCTION_OF_F <= FACTR*EPSMCH","nat_par":{"lka":2.2145416812,"lcl":2.2054288773,"lvc":3.0147185893,"CcPropSd":0.39822537533,"etaLcl":0.098918314232,"etaLvc":0.044984398068,"(etaLcl,etaLvc)":0.065564020768,"rho_(etaLcl,etaLvc)":0.98287042948},"failed_clients":[],"attempt":1,"files":{"result":"/project/temp/deferiprone_single_oral_25mgkg_designcheck_20260511/validation/design_change_n403030_wtmclustT10_nomix_site403030_nondesignquota_precisionchol_basefitbootinit_preboot_20260521/runs/scenario2/bootstrap/federated/scenario2/raw_runs/run_20260522-185902/optim_result_trial_045_20260522-191018.json","trace":"/project/temp/deferiprone_single_oral_25mgkg_designcheck_20260511/validation/design_change_n403030_wtmclustT10_nomix_site403030_nondesignquota_precisionchol_basefitbootinit_preboot_20260521/runs/scenario2/bootstrap/federated/scenario2/raw_runs/run_20260522-185902/optim_trace_trial_045_20260522-191018.csv","final":"/project/temp/deferiprone_single_oral_25mgkg_designcheck_20260511/validation/design_change_n403030_wtmclustT10_nomix_site403030_nondesignquota_precisionchol_basefitbootinit_preboot_20260521/runs/scenario2/bootstrap/federated/scenario2/raw_runs/run_20260522-185902/final_params_trial_045_20260522-191018.csv"},"log_n":24,"execution_state":"completed","trial":45,"attempts":1}],"trial_status":[{"trial":41,"execution_state":"completed","converged":true,"attempts":1,"convergence":0,"value":2219.5986,"eval_fn":21,"eval_gr":21,"log_n":21,"failed_clients_n":0,"message":"CONVERGENCE: REL_REDUCTION_OF_F <= FACTR*EPSMCH","result_file":"/project/temp/deferiprone_single_oral_25mgkg_designcheck_20260511/validation/design_change_n403030_wtmclustT10_nomix_site403030_nondesignquota_precisionchol_basefitbootinit_preboot_20260521/runs/scenario2/bootstrap/federated/scenario2/raw_runs/run_20260522-185902/optim_result_trial_041_20260522-185902.json","trace_file":"/project/temp/deferiprone_single_oral_25mgkg_designcheck_20260511/validation/design_change_n403030_wtmclustT10_nomix_site403030_nondesignquota_precisionchol_basefitbootinit_preboot_20260521/runs/scenario2/bootstrap/federated/scenario2/raw_runs/run_20260522-185902/optim_trace_trial_041_20260522-185902.csv","final_file":"/project/temp/deferiprone_single_oral_25mgkg_designcheck_20260511/validation/design_change_n403030_wtmclustT10_nomix_site403030_nondesignquota_precisionchol_basefitbootinit_preboot_20260521/runs/scenario2/bootstrap/federated/scenario2/raw_runs/run_20260522-185902/final_params_trial_041_20260522-185902.csv"},{"trial":42,"execution_state":"completed","converged":true,"attempts":1,"convergence":0,"value":2178.3446,"eval_fn":20,"eval_gr":20,"log_n":20,"failed_clients_n":0,"message":"CONVERGENCE: REL_REDUCTION_OF_F <= FACTR*EPSMCH","result_file":"/project/temp/deferiprone_single_oral_25mgkg_designcheck_20260511/validation/design_change_n403030_wtmclustT10_nomix_site403030_nondesignquota_precisionchol_basefitbootinit_preboot_20260521/runs/scenario2/bootstrap/federated/scenario2/raw_runs/run_20260522-185902/optim_result_trial_042_20260522-190141.json","trace_file":"/project/temp/deferiprone_single_oral_25mgkg_designcheck_20260511/validation/design_change_n403030_wtmclustT10_nomix_site403030_nondesignquota_precisionchol_basefitbootinit_preboot_20260521/runs/scenario2/bootstrap/federated/scenario2/raw_runs/run_20260522-185902/optim_trace_trial_042_20260522-190141.csv","final_file":"/project/temp/deferiprone_single_oral_25mgkg_designcheck_20260511/validation/design_change_n403030_wtmclustT10_nomix_site403030_nondesignquota_precisionchol_basefitbootinit_preboot_20260521/runs/scenario2/bootstrap/federated/scenario2/raw_runs/run_20260522-185902/final_params_trial_042_20260522-190141.csv"},{"trial":43,"execution_state":"completed","converged":true,"attempts":1,"convergence":0,"value":2215.0589,"eval_fn":23,"eval_gr":23,"log_n":23,"failed_clients_n":0,"message":"CONVERGENCE: REL_REDUCTION_OF_F <= FACTR*EPSMCH","result_file":"/project/temp/deferiprone_single_oral_25mgkg_designcheck_20260511/validation/design_change_n403030_wtmclustT10_nomix_site403030_nondesignquota_precisionchol_basefitbootinit_preboot_20260521/runs/scenario2/bootstrap/federated/scenario2/raw_runs/run_20260522-185902/optim_result_trial_043_20260522-190413.json","trace_file":"/project/temp/deferiprone_single_oral_25mgkg_designcheck_20260511/validation/design_change_n403030_wtmclustT10_nomix_site403030_nondesignquota_precisionchol_basefitbootinit_preboot_20260521/runs/scenario2/bootstrap/federated/scenario2/raw_runs/run_20260522-185902/optim_trace_trial_043_20260522-190413.csv","final_file":"/project/temp/deferiprone_single_oral_25mgkg_designcheck_20260511/validation/design_change_n403030_wtmclustT10_nomix_site403030_nondesignquota_precisionchol_basefitbootinit_preboot_20260521/runs/scenario2/bootstrap/federated/scenario2/raw_runs/run_20260522-185902/final_params_trial_043_20260522-190413.csv"},{"trial":44,"execution_state":"completed","converged":true,"attempts":1,"convergence":0,"value":2218.7237,"eval_fn":25,"eval_gr":25,"log_n":25,"failed_clients_n":0,"message":"CONVERGENCE: REL_REDUCTION_OF_F <= FACTR*EPSMCH","result_file":"/project/temp/deferiprone_single_oral_25mgkg_designcheck_20260511/validation/design_change_n403030_wtmclustT10_nomix_site403030_nondesignquota_precisionchol_basefitbootinit_preboot_20260521/runs/scenario2/bootstrap/federated/scenario2/raw_runs/run_20260522-185902/optim_result_trial_044_20260522-190706.json","trace_file":"/project/temp/deferiprone_single_oral_25mgkg_designcheck_20260511/validation/design_change_n403030_wtmclustT10_nomix_site403030_nondesignquota_precisionchol_basefitbootinit_preboot_20260521/runs/scenario2/bootstrap/federated/scenario2/raw_runs/run_20260522-185902/optim_trace_trial_044_20260522-190706.csv","final_file":"/project/temp/deferiprone_single_oral_25mgkg_designcheck_20260511/validation/design_change_n403030_wtmclustT10_nomix_site403030_nondesignquota_precisionchol_basefitbootinit_preboot_20260521/runs/scenario2/bootstrap/federated/scenario2/raw_runs/run_20260522-185902/final_params_trial_044_20260522-190706.csv"},{"trial":45,"execution_state":"completed","converged":true,"attempts":1,"convergence":0,"value":2256.1937,"eval_fn":24,"eval_gr":24,"log_n":24,"failed_clients_n":0,"message":"CONVERGENCE: REL_REDUCTION_OF_F <= FACTR*EPSMCH","result_file":"/project/temp/deferiprone_single_oral_25mgkg_designcheck_20260511/validation/design_change_n403030_wtmclustT10_nomix_site403030_nondesignquota_precisionchol_basefitbootinit_preboot_20260521/runs/scenario2/bootstrap/federated/scenario2/raw_runs/run_20260522-185902/optim_result_trial_045_20260522-191018.json","trace_file":"/project/temp/deferiprone_single_oral_25mgkg_designcheck_20260511/validation/design_change_n403030_wtmclustT10_nomix_site403030_nondesignquota_precisionchol_basefitbootinit_preboot_20260521/runs/scenario2/bootstrap/federated/scenario2/raw_runs/run_20260522-185902/optim_trace_trial_045_20260522-191018.csv","final_file":"/project/temp/deferiprone_single_oral_25mgkg_designcheck_20260511/validation/design_change_n403030_wtmclustT10_nomix_site403030_nondesignquota_precisionchol_basefitbootinit_preboot_20260521/runs/scenario2/bootstrap/federated/scenario2/raw_runs/run_20260522-185902/final_params_trial_045_20260522-191018.csv"}],"info":{"run_id":"20260522-185902","log_base_dir":"/project/temp/deferiprone_single_oral_25mgkg_designcheck_20260511/validation/design_change_n403030_wtmclustT10_nomix_site403030_nondesignquota_precisionchol_basefitbootinit_preboot_20260521/runs/scenario2/bootstrap/federated","scenario":"scenario2/raw_runs","total_trials":5,"successes":5,"failures":0,"nonconverged_count":0,"nonconverged_trials":[],"convergence_missing_count":0,"seed_base":4869,"B_per_client":500,"duration_sec":866.8590259552,"host":"e716b20c416a","image_tag":null,"communication":{"generated_at":"2026-05-22T19:13:23Z","totals":{"requests":681,"request_bytes":759135,"response_bytes":173212,"total_bytes":932347,"retries":0},"init":{"requests":3,"request_bytes":8139,"response_bytes":1161,"total_bytes":9300,"retries":0,"median_elapsed_sec":0.36759543419},"init_round_latency":{"n_rounds":1,"median_round_wall_sec":0.37591552734,"p95_round_wall_sec":0.37591552734},"run":{"requests":0,"request_bytes":0,"response_bytes":0,"total_bytes":0,"retries":0,"median_elapsed_sec":"NA"},"run_bootstrap":{"requests":678,"request_bytes":750996,"response_bytes":172051,"total_bytes":923047,"retries":0,"median_elapsed_sec":3.6446733475},"round_latency":{"n_rounds":226,"median_round_wall_sec":3.7655860186,"p95_round_wall_sec":4.0587161183},"timing_split":{"n_rounds":226,"rounds_with_compute":226,"total_round_wall_sec":856.2784841061,"total_round_compute_wall_sec":848.7316,"total_round_comm_overhead_wall_sec":7.5468841061,"comm_overhead_ratio":0.0088135860542,"compute_ratio":0.99118641395}},"communication_files":{"csv":"/project/temp/deferiprone_single_oral_25mgkg_designcheck_20260511/validation/design_change_n403030_wtmclustT10_nomix_site403030_nondesignquota_precisionchol_basefitbootinit_preboot_20260521/runs/scenario2/bootstrap/federated/scenario2/raw_runs/run_20260522-185902/comm_metrics.csv","json":"/project/temp/deferiprone_single_oral_25mgkg_designcheck_20260511/validation/design_change_n403030_wtmclustT10_nomix_site403030_nondesignquota_precisionchol_basefitbootinit_preboot_20260521/runs/scenario2/bootstrap/federated/scenario2/raw_runs/run_20260522-185902/comm_metrics.json"},"output_files":{"bootstrap_summary_csv":"/project/temp/deferiprone_single_oral_25mgkg_designcheck_20260511/validation/design_change_n403030_wtmclustT10_nomix_site403030_nondesignquota_precisionchol_basefitbootinit_preboot_20260521/runs/scenario2/bootstrap/federated/scenario2/raw_runs/run_20260522-185902/bootstrap_summary.csv","bootstrap_summary_json":"/project/temp/deferiprone_single_oral_25mgkg_designcheck_20260511/validation/design_change_n403030_wtmclustT10_nomix_site403030_nondesignquota_precisionchol_basefitbootinit_preboot_20260521/runs/scenario2/bootstrap/federated/scenario2/raw_runs/run_20260522-185902/bootstrap_summary.json","trial_status_csv":"/project/temp/deferiprone_single_oral_25mgkg_designcheck_20260511/validation/design_change_n403030_wtmclustT10_nomix_site403030_nondesignquota_precisionchol_basefitbootinit_preboot_20260521/runs/scenario2/bootstrap/federated/scenario2/raw_runs/run_20260522-185902/trial_status.csv","failed_trials_csv":"/project/temp/deferiprone_single_oral_25mgkg_designcheck_20260511/validation/design_change_n403030_wtmclustT10_nomix_site403030_nondesignquota_precisionchol_basefitbootinit_preboot_20260521/runs/scenario2/bootstrap/federated/scenario2/raw_runs/run_20260522-185902/failed_trials.csv","trial_estimates_wide_csv":"/project/temp/deferiprone_single_oral_25mgkg_designcheck_20260511/validation/design_change_n403030_wtmclustT10_nomix_site403030_nondesignquota_precisionchol_basefitbootinit_preboot_20260521/runs/scenario2/bootstrap/federated/scenario2/raw_runs/run_20260522-185902/trial_estimates_wide.csv","trial_estimates_long_csv":"/project/temp/deferiprone_single_oral_25mgkg_designcheck_20260511/validation/design_change_n403030_wtmclustT10_nomix_site403030_nondesignquota_precisionchol_basefitbootinit_preboot_20260521/runs/scenario2/bootstrap/federated/scenario2/raw_runs/run_20260522-185902/trial_estimates_long.csv","result_json":"/project/temp/deferiprone_single_oral_25mgkg_designcheck_20260511/validation/design_change_n403030_wtmclustT10_nomix_site403030_nondesignquota_precisionchol_basefitbootinit_preboot_20260521/runs/scenario2/bootstrap/federated/scenario2/raw_runs/run_20260522-185902/result.json"}}}
[Kserver-1 exited with code 0
Aborting on container exit...
 Container defboot_design_change_n403030_wtmclu_scenario2_41_45-server-1  Stopping
 Container defboot_design_change_n403030_wtmclu_scenario2_41_45-server-1  Stopped
 Container defboot_design_change_n403030_wtmclu_scenario2_41_45-client1-1  Stopping
 Container defboot_design_change_n403030_wtmclu_scenario2_41_45-client3-1  Stopping
 Container defboot_design_change_n403030_wtmclu_scenario2_41_45-client2-1  Stopping
 Container defboot_design_change_n403030_wtmclu_scenario2_41_45-client2-1  Stopped
 Container defboot_design_change_n403030_wtmclu_scenario2_41_45-client1-1  Stopped
 Container defboot_design_change_n403030_wtmclu_scenario2_41_45-client3-1  Stopped
time="2026-05-23T04:13:33+09:00" level=warning msg="The \"SERVER_CONFIG_PATH\" variable is not set. Defaulting to a blank string."
 Container defboot_design_change_n403030_wtmclu_scenario2_41_45-server-1  Stopping
 Container defboot_design_change_n403030_wtmclu_scenario2_41_45-server-1  Stopped
 Container defboot_design_change_n403030_wtmclu_scenario2_41_45-server-1  Removing
 Container defboot_design_change_n403030_wtmclu_scenario2_41_45-server-1  Removed
 Container defboot_design_change_n403030_wtmclu_scenario2_41_45-client2-1  Stopping
 Container defboot_design_change_n403030_wtmclu_scenario2_41_45-client3-1  Stopping
 Container defboot_design_change_n403030_wtmclu_scenario2_41_45-client1-1  Stopping
 Container defboot_design_change_n403030_wtmclu_scenario2_41_45-client2-1  Stopped
 Container defboot_design_change_n403030_wtmclu_scenario2_41_45-client2-1  Removing
 Container defboot_design_change_n403030_wtmclu_scenario2_41_45-client1-1  Stopped
 Container defboot_design_change_n403030_wtmclu_scenario2_41_45-client1-1  Removing
 Container defboot_design_change_n403030_wtmclu_scenario2_41_45-client3-1  Stopped
 Container defboot_design_change_n403030_wtmclu_scenario2_41_45-client3-1  Removing
 Container defboot_design_change_n403030_wtmclu_scenario2_41_45-client2-1  Removed
 Container defboot_design_change_n403030_wtmclu_scenario2_41_45-client1-1  Removed
 Container defboot_design_change_n403030_wtmclu_scenario2_41_45-client3-1  Removed
 Network defboot_design_change_n403030_wtmclu_scenario2_41_45_site2_net  Removing
 Network defboot_design_change_n403030_wtmclu_scenario2_41_45_site3_net  Removing
 Network defboot_design_change_n403030_wtmclu_scenario2_41_45_site1_net  Removing
 Network defboot_design_change_n403030_wtmclu_scenario2_41_45_site2_net  Removed
 Network defboot_design_change_n403030_wtmclu_scenario2_41_45_site3_net  Removed
 Network defboot_design_change_n403030_wtmclu_scenario2_41_45_site1_net  Removed
