time="2026-05-23T06:45:02+09:00" level=warning msg="The \"SERVER_CONFIG_PATH\" variable is not set. Defaulting to a blank string."
Compose now can delegate build to bake for better performances
Just set COMPOSE_BAKE=true
#0 building with "default" instance using docker driver

#1 [client2 internal] load build definition from Dockerfile.app
#1 transferring dockerfile: 778B done
#1 DONE 0.0s

#2 [client1 internal] load build definition from Dockerfile.app
#2 transferring dockerfile: 778B done
#2 DONE 0.0s

#3 [client3 internal] load build definition from Dockerfile.app
#3 transferring dockerfile: 778B done
#3 DONE 0.0s

#4 [client3 internal] load metadata for docker.io/fedpoppk/base:0.1.0
#4 DONE 0.0s

#5 [client2 internal] load .dockerignore
#5 transferring context: 2B done
#5 DONE 0.0s

#6 [client1 internal] load .dockerignore
#6 transferring context: 2B done
#6 DONE 0.0s

#7 [client3 internal] load .dockerignore
#7 transferring context: 2B done
#7 DONE 0.0s

#8 [client3 1/8] FROM docker.io/fedpoppk/base:0.1.0
#8 DONE 0.0s

#9 [client2 internal] load build context
#9 transferring context: 736.51kB 0.3s done
#9 DONE 0.3s

#10 [client3 internal] load build context
#10 transferring context: 736.51kB 0.3s done
#10 DONE 0.3s

#11 [client1 internal] load build context
#11 transferring context: 736.51kB 0.3s done
#11 DONE 0.3s

#12 [client2 5/8] COPY apps/ apps/
#12 CACHED

#13 [client2 2/8] WORKDIR /project
#13 CACHED

#14 [client2 3/8] COPY renv.lock .Rprofile renv/activate.R ./
#14 CACHED

#15 [client2 6/8] COPY R/ R/
#15 CACHED

#16 [client2 4/8] RUN Rscript -e "options(renv.consent=TRUE, Ncpus=parallel::detectCores());                 renv::restore(prompt=FALSE)"
#16 CACHED

#17 [client2 7/8] COPY analysis/ analysis/
#17 CACHED

#18 [client3 8/8] RUN mkdir -p /project/configs/modes /project/data /project/artifacts /project/result
#18 CACHED

#19 [client2] exporting to image
#19 exporting layers done
#19 writing image sha256:ab1ff846f0c3cdc3b972419067d85c9ace4e1c4f8166b92355b9e38558d12e20 done
#19 naming to docker.io/library/defboot_design_change_n403030_wtmclu_scenario2_96_100-client2 0.0s done
#19 DONE 0.0s

#20 [client1] exporting to image
#20 exporting layers done
#20 writing image sha256:bd61996196325d68b6ae4090ae4607cf232cdebbad24e784088a5991fbce143e done
#20 naming to docker.io/library/defboot_design_change_n403030_wtmclu_scenario2_96_100-client1 0.0s done
#20 DONE 0.1s

#21 [client2] resolving provenance for metadata file
#21 DONE 0.0s

#22 [client3] exporting to image
#22 exporting layers done
#22 writing image sha256:3fbad416c8a7232bccc808f42be72c38eb0ecb3226c95d3ea5e008b08978d405 done
#22 naming to docker.io/library/defboot_design_change_n403030_wtmclu_scenario2_96_100-client3
#22 naming to docker.io/library/defboot_design_change_n403030_wtmclu_scenario2_96_100-client3 0.1s done
#22 DONE 0.1s

#23 [client1] resolving provenance for metadata file
#23 DONE 0.0s

#24 [client3] resolving provenance for metadata file
#24 DONE 0.0s

#25 [server internal] load build definition from Dockerfile.app
#25 transferring dockerfile: 778B done
#25 DONE 0.0s

#4 [server internal] load metadata for docker.io/fedpoppk/base:0.1.0
#4 DONE 0.0s

#26 [server internal] load .dockerignore
#26 transferring context: 2B done
#26 DONE 0.0s

#8 [server 1/8] FROM docker.io/fedpoppk/base:0.1.0
#8 DONE 0.0s

#27 [server internal] load build context
#27 transferring context: 736.51kB 0.3s done
#27 DONE 0.4s

#28 [server 4/8] RUN Rscript -e "options(renv.consent=TRUE, Ncpus=parallel::detectCores());                 renv::restore(prompt=FALSE)"
#28 CACHED

#13 [server 2/8] WORKDIR /project
#13 CACHED

#29 [server 3/8] COPY renv.lock .Rprofile renv/activate.R ./
#29 CACHED

#30 [server 7/8] COPY analysis/ analysis/
#30 CACHED

#31 [server 5/8] COPY apps/ apps/
#31 CACHED

#32 [server 6/8] COPY R/ R/
#32 CACHED

#33 [server 8/8] RUN mkdir -p /project/configs/modes /project/data /project/artifacts /project/result
#33 CACHED

#34 [server] exporting to image
#34 exporting layers done
#34 writing image sha256:32a5124ded5af44243cb2a628bc645cf1f4708053a5c10a02da0bb7ec7b34ba4 done
#34 naming to docker.io/library/defboot_design_change_n403030_wtmclu_scenario2_96_100-server 0.0s done
#34 DONE 0.0s

#35 [server] resolving provenance for metadata file
#35 DONE 0.0s
 client1  Built
 client2  Built
 client3  Built
 server  Built
 Network defboot_design_change_n403030_wtmclu_scenario2_96_100_site3_net  Creating
 Network defboot_design_change_n403030_wtmclu_scenario2_96_100_site3_net  Created
 Network defboot_design_change_n403030_wtmclu_scenario2_96_100_site1_net  Creating
 Network defboot_design_change_n403030_wtmclu_scenario2_96_100_site1_net  Created
 Network defboot_design_change_n403030_wtmclu_scenario2_96_100_site2_net  Creating
 Network defboot_design_change_n403030_wtmclu_scenario2_96_100_site2_net  Created
 Container defboot_design_change_n403030_wtmclu_scenario2_96_100-client3-1  Creating
 Container defboot_design_change_n403030_wtmclu_scenario2_96_100-client1-1  Creating
 Container defboot_design_change_n403030_wtmclu_scenario2_96_100-client2-1  Creating
 Container defboot_design_change_n403030_wtmclu_scenario2_96_100-client1-1  Created
 Container defboot_design_change_n403030_wtmclu_scenario2_96_100-client3-1  Created
 Container defboot_design_change_n403030_wtmclu_scenario2_96_100-client2-1  Created
 Container defboot_design_change_n403030_wtmclu_scenario2_96_100-server-1  Creating
 Container defboot_design_change_n403030_wtmclu_scenario2_96_100-server-1  Created
Attaching to client1-1, client2-1, client3-1, server-1
client1-1  | Running plumber API at http://0.0.0.0:8000
client1-1  | Running swagger Docs at http://127.0.0.1:8000/__docs__/
client2-1  | Running plumber API at http://0.0.0.0:8000
client2-1  | Running swagger Docs at http://127.0.0.1:8000/__docs__/
client3-1  | Running plumber API at http://0.0.0.0:8000
client3-1  | Running swagger Docs at http://127.0.0.1:8000/__docs__/
client1-1  | ℹ parameter labels from comments are typically ignored in non-interactive mode
client2-1  | ℹ parameter labels from comments are typically ignored in non-interactive mode
client1-1  | ℹ Need to run with the source intact to parse comments
client2-1  | ℹ Need to run with the source intact to parse comments
client3-1  | ℹ parameter labels from comments are typically ignored in non-interactive mode
client3-1  | ℹ Need to run with the source intact to parse comments
server-1   | [send_init] http://client1:8000 init succeeded
server-1   | [send_init] http://client2:8000 init succeeded
server-1   | [send_init] http://client3:8000 init succeeded
server-1   | {"schema":{"schema_version":"1.1.0","generated_at":"2026-05-22T21:45:11Z","config_path":"/project/configs/../temp/deferiprone_single_oral_25mgkg_designcheck_20260511/validation/design_change_n403030_wtmclustT10_nomix_site403030_nondesignquota_precisionchol_basefitbootinit_preboot_20260521/configs/resolved/scenario2_bootstrap.json","config_md5":"67e6a296d3935d620e746ed6160f8ca2","seed":4869,"host":"c7d2970246f7","pid":1,"image_tag":null,"git_sha":null,"git_dirty":null},"aggregation":{"ci_method":"percentile","ci_level":0.95,"quantile_type":7,"estimates_scale":"natural"},"summary":[{"parameter":"(etaLcl,etaLvc)","median":0.05736458776,"p2.5":0.051726985866,"p97.5":0.078664770145},{"parameter":"CcPropSd","median":0.34339162364,"p2.5":0.33385345319,"p97.5":0.35770102092},{"parameter":"etaLcl","median":0.1024868363,"p2.5":0.080489007992,"p97.5":0.11104521146},{"parameter":"etaLvc","median":0.038421950785,"p2.5":0.033472401568,"p97.5":0.05793043824},{"parameter":"lcl","median":2.1817333878,"p2.5":2.1089017987,"p97.5":2.220612016},{"parameter":"lka","median":2.1838575899,"p2.5":2.0694002498,"p97.5":2.3268276671},{"parameter":"lvc","median":2.9297360254,"p2.5":2.9016777418,"p97.5":2.9821582639},{"parameter":"rho_(etaLcl,etaLvc)","median":0.98006633459,"p2.5":0.97719580665,"p97.5":0.98647264075}],"runs":[{"tag":"trial_096_20260522-214511","value":2198.7141,"counts":[16,16],"control":{"maxit":100,"factr":1000000000,"pgtol":0,"trace":0,"method":"L-BFGS-B"},"convergence":0,"message":"CONVERGENCE: REL_REDUCTION_OF_F <= FACTR*EPSMCH","nat_par":{"lka":2.0569404251,"lcl":2.1817333878,"lvc":2.9297360254,"CcPropSd":0.35915405518,"etaLcl":0.081801590743,"etaLvc":0.033456395415,"(etaLcl,etaLvc)":0.051120634469,"rho_(etaLcl,etaLvc)":0.97718273801},"failed_clients":[],"attempt":1,"files":{"result":"/project/temp/deferiprone_single_oral_25mgkg_designcheck_20260511/validation/design_change_n403030_wtmclustT10_nomix_site403030_nondesignquota_precisionchol_basefitbootinit_preboot_20260521/runs/scenario2/bootstrap/federated/scenario2/raw_runs/run_20260522-214511/optim_result_trial_096_20260522-214511.json","trace":"/project/temp/deferiprone_single_oral_25mgkg_designcheck_20260511/validation/design_change_n403030_wtmclustT10_nomix_site403030_nondesignquota_precisionchol_basefitbootinit_preboot_20260521/runs/scenario2/bootstrap/federated/scenario2/raw_runs/run_20260522-214511/optim_trace_trial_096_20260522-214511.csv","final":"/project/temp/deferiprone_single_oral_25mgkg_designcheck_20260511/validation/design_change_n403030_wtmclustT10_nomix_site403030_nondesignquota_precisionchol_basefitbootinit_preboot_20260521/runs/scenario2/bootstrap/federated/scenario2/raw_runs/run_20260522-214511/final_params_trial_096_20260522-214511.csv"},"log_n":16,"execution_state":"completed","trial":96,"attempts":1},{"tag":"trial_097_20260522-214712","value":2137.0429,"counts":[22,22],"control":{"maxit":100,"factr":1000000000,"pgtol":0,"trace":0,"method":"L-BFGS-B"},"convergence":0,"message":"CONVERGENCE: REL_REDUCTION_OF_F <= FACTR*EPSMCH","nat_par":{"lka":2.1815386725,"lcl":2.2208897187,"lvc":2.9762003214,"CcPropSd":0.33959311391,"etaLcl":0.080343165464,"etaLvc":0.042226358945,"(etaLcl,etaLvc)":0.057184148432,"rho_(etaLcl,etaLvc)":0.9817691275},"failed_clients":[],"attempt":1,"files":{"result":"/project/temp/deferiprone_single_oral_25mgkg_designcheck_20260511/validation/design_change_n403030_wtmclustT10_nomix_site403030_nondesignquota_precisionchol_basefitbootinit_preboot_20260521/runs/scenario2/bootstrap/federated/scenario2/raw_runs/run_20260522-214511/optim_result_trial_097_20260522-214712.json","trace":"/project/temp/deferiprone_single_oral_25mgkg_designcheck_20260511/validation/design_change_n403030_wtmclustT10_nomix_site403030_nondesignquota_precisionchol_basefitbootinit_preboot_20260521/runs/scenario2/bootstrap/federated/scenario2/raw_runs/run_20260522-214511/optim_trace_trial_097_20260522-214712.csv","final":"/project/temp/deferiprone_single_oral_25mgkg_designcheck_20260511/validation/design_change_n403030_wtmclustT10_nomix_site403030_nondesignquota_precisionchol_basefitbootinit_preboot_20260521/runs/scenario2/bootstrap/federated/scenario2/raw_runs/run_20260522-214511/final_params_trial_097_20260522-214712.csv"},"log_n":22,"execution_state":"completed","trial":97,"attempts":1},{"tag":"trial_098_20260522-214958","value":2189.2686,"counts":[18,18],"control":{"maxit":100,"factr":1000000000,"pgtol":0,"trace":0,"method":"L-BFGS-B"},"convergence":0,"message":"CONVERGENCE: REL_REDUCTION_OF_F <= FACTR*EPSMCH","nat_par":{"lka":2.1838575899,"lcl":2.218112692,"lvc":2.9828202575,"CcPropSd":0.34339162364,"etaLcl":0.1024868363,"etaLvc":0.033616456941,"(etaLcl,etaLvc)":0.05736458776,"rho_(etaLcl,etaLvc)":0.97731342439},"failed_clients":[],"attempt":1,"files":{"result":"/project/temp/deferiprone_single_oral_25mgkg_designcheck_20260511/validation/design_change_n403030_wtmclustT10_nomix_site403030_nondesignquota_precisionchol_basefitbootinit_preboot_20260521/runs/scenario2/bootstrap/federated/scenario2/raw_runs/run_20260522-214511/optim_result_trial_098_20260522-214958.json","trace":"/project/temp/deferiprone_single_oral_25mgkg_designcheck_20260511/validation/design_change_n403030_wtmclustT10_nomix_site403030_nondesignquota_precisionchol_basefitbootinit_preboot_20260521/runs/scenario2/bootstrap/federated/scenario2/raw_runs/run_20260522-214511/optim_trace_trial_098_20260522-214958.csv","final":"/project/temp/deferiprone_single_oral_25mgkg_designcheck_20260511/validation/design_change_n403030_wtmclustT10_nomix_site403030_nondesignquota_precisionchol_basefitbootinit_preboot_20260521/runs/scenario2/bootstrap/federated/scenario2/raw_runs/run_20260522-214511/final_params_trial_098_20260522-214958.csv"},"log_n":18,"execution_state":"completed","trial":98,"attempts":1},{"tag":"trial_099_20260522-215215","value":2248.9649,"counts":[18,18],"control":{"maxit":100,"factr":1000000000,"pgtol":0,"trace":0,"method":"L-BFGS-B"},"convergence":0,"message":"CONVERGENCE: REL_REDUCTION_OF_F <= FACTR*EPSMCH","nat_par":{"lka":2.3395065776,"lcl":2.1040488855,"lvc":2.9010430095,"CcPropSd":0.33321571311,"etaLcl":0.11106175578,"etaLvc":0.038421950785,"(etaLcl,etaLvc)":0.064021735755,"rho_(etaLcl,etaLvc)":0.98006633459},"failed_clients":[],"attempt":1,"files":{"result":"/project/temp/deferiprone_single_oral_25mgkg_designcheck_20260511/validation/design_change_n403030_wtmclustT10_nomix_site403030_nondesignquota_precisionchol_basefitbootinit_preboot_20260521/runs/scenario2/bootstrap/federated/scenario2/raw_runs/run_20260522-214511/optim_result_trial_099_20260522-215215.json","trace":"/project/temp/deferiprone_single_oral_25mgkg_designcheck_20260511/validation/design_change_n403030_wtmclustT10_nomix_site403030_nondesignquota_precisionchol_basefitbootinit_preboot_20260521/runs/scenario2/bootstrap/federated/scenario2/raw_runs/run_20260522-214511/optim_trace_trial_099_20260522-215215.csv","final":"/project/temp/deferiprone_single_oral_25mgkg_designcheck_20260511/validation/design_change_n403030_wtmclustT10_nomix_site403030_nondesignquota_precisionchol_basefitbootinit_preboot_20260521/runs/scenario2/bootstrap/federated/scenario2/raw_runs/run_20260522-214511/final_params_trial_099_20260522-215215.csv"},"log_n":18,"execution_state":"completed","trial":99,"attempts":1},{"tag":"trial_100_20260522-215432","value":2212.159,"counts":[20,20],"control":{"maxit":100,"factr":1000000000,"pgtol":0,"trace":0,"method":"L-BFGS-B"},"convergence":0,"message":"CONVERGENCE: REL_REDUCTION_OF_F <= FACTR*EPSMCH","nat_par":{"lka":2.2127174728,"lcl":2.1525780174,"lvc":2.9073903323,"CcPropSd":0.34462371256,"etaLcl":0.11089631267,"etaLvc":0.05967533594,"(etaLcl,etaLvc)":0.080291773966,"rho_(etaLcl,etaLvc)":0.98699525333},"failed_clients":[],"attempt":1,"files":{"result":"/project/temp/deferiprone_single_oral_25mgkg_designcheck_20260511/validation/design_change_n403030_wtmclustT10_nomix_site403030_nondesignquota_precisionchol_basefitbootinit_preboot_20260521/runs/scenario2/bootstrap/federated/scenario2/raw_runs/run_20260522-214511/optim_result_trial_100_20260522-215432.json","trace":"/project/temp/deferiprone_single_oral_25mgkg_designcheck_20260511/validation/design_change_n403030_wtmclustT10_nomix_site403030_nondesignquota_precisionchol_basefitbootinit_preboot_20260521/runs/scenario2/bootstrap/federated/scenario2/raw_runs/run_20260522-214511/optim_trace_trial_100_20260522-215432.csv","final":"/project/temp/deferiprone_single_oral_25mgkg_designcheck_20260511/validation/design_change_n403030_wtmclustT10_nomix_site403030_nondesignquota_precisionchol_basefitbootinit_preboot_20260521/runs/scenario2/bootstrap/federated/scenario2/raw_runs/run_20260522-214511/final_params_trial_100_20260522-215432.csv"},"log_n":20,"execution_state":"completed","trial":100,"attempts":1}],"trial_status":[{"trial":96,"execution_state":"completed","converged":true,"attempts":1,"convergence":0,"value":2198.7141,"eval_fn":16,"eval_gr":16,"log_n":16,"failed_clients_n":0,"message":"CONVERGENCE: REL_REDUCTION_OF_F <= FACTR*EPSMCH","result_file":"/project/temp/deferiprone_single_oral_25mgkg_designcheck_20260511/validation/design_change_n403030_wtmclustT10_nomix_site403030_nondesignquota_precisionchol_basefitbootinit_preboot_20260521/runs/scenario2/bootstrap/federated/scenario2/raw_runs/run_20260522-214511/optim_result_trial_096_20260522-214511.json","trace_file":"/project/temp/deferiprone_single_oral_25mgkg_designcheck_20260511/validation/design_change_n403030_wtmclustT10_nomix_site403030_nondesignquota_precisionchol_basefitbootinit_preboot_20260521/runs/scenario2/bootstrap/federated/scenario2/raw_runs/run_20260522-214511/optim_trace_trial_096_20260522-214511.csv","final_file":"/project/temp/deferiprone_single_oral_25mgkg_designcheck_20260511/validation/design_change_n403030_wtmclustT10_nomix_site403030_nondesignquota_precisionchol_basefitbootinit_preboot_20260521/runs/scenario2/bootstrap/federated/scenario2/raw_runs/run_20260522-214511/final_params_trial_096_20260522-214511.csv"},{"trial":97,"execution_state":"completed","converged":true,"attempts":1,"convergence":0,"value":2137.0429,"eval_fn":22,"eval_gr":22,"log_n":22,"failed_clients_n":0,"message":"CONVERGENCE: REL_REDUCTION_OF_F <= FACTR*EPSMCH","result_file":"/project/temp/deferiprone_single_oral_25mgkg_designcheck_20260511/validation/design_change_n403030_wtmclustT10_nomix_site403030_nondesignquota_precisionchol_basefitbootinit_preboot_20260521/runs/scenario2/bootstrap/federated/scenario2/raw_runs/run_20260522-214511/optim_result_trial_097_20260522-214712.json","trace_file":"/project/temp/deferiprone_single_oral_25mgkg_designcheck_20260511/validation/design_change_n403030_wtmclustT10_nomix_site403030_nondesignquota_precisionchol_basefitbootinit_preboot_20260521/runs/scenario2/bootstrap/federated/scenario2/raw_runs/run_20260522-214511/optim_trace_trial_097_20260522-214712.csv","final_file":"/project/temp/deferiprone_single_oral_25mgkg_designcheck_20260511/validation/design_change_n403030_wtmclustT10_nomix_site403030_nondesignquota_precisionchol_basefitbootinit_preboot_20260521/runs/scenario2/bootstrap/federated/scenario2/raw_runs/run_20260522-214511/final_params_trial_097_20260522-214712.csv"},{"trial":98,"execution_state":"completed","converged":true,"attempts":1,"convergence":0,"value":2189.2686,"eval_fn":18,"eval_gr":18,"log_n":18,"failed_clients_n":0,"message":"CONVERGENCE: REL_REDUCTION_OF_F <= FACTR*EPSMCH","result_file":"/project/temp/deferiprone_single_oral_25mgkg_designcheck_20260511/validation/design_change_n403030_wtmclustT10_nomix_site403030_nondesignquota_precisionchol_basefitbootinit_preboot_20260521/runs/scenario2/bootstrap/federated/scenario2/raw_runs/run_20260522-214511/optim_result_trial_098_20260522-214958.json","trace_file":"/project/temp/deferiprone_single_oral_25mgkg_designcheck_20260511/validation/design_change_n403030_wtmclustT10_nomix_site403030_nondesignquota_precisionchol_basefitbootinit_preboot_20260521/runs/scenario2/bootstrap/federated/scenario2/raw_runs/run_20260522-214511/optim_trace_trial_098_20260522-214958.csv","final_file":"/project/temp/deferiprone_single_oral_25mgkg_designcheck_20260511/validation/design_change_n403030_wtmclustT10_nomix_site403030_nondesignquota_precisionchol_basefitbootinit_preboot_20260521/runs/scenario2/bootstrap/federated/scenario2/raw_runs/run_20260522-214511/final_params_trial_098_20260522-214958.csv"},{"trial":99,"execution_state":"completed","converged":true,"attempts":1,"convergence":0,"value":2248.9649,"eval_fn":18,"eval_gr":18,"log_n":18,"failed_clients_n":0,"message":"CONVERGENCE: REL_REDUCTION_OF_F <= FACTR*EPSMCH","result_file":"/project/temp/deferiprone_single_oral_25mgkg_designcheck_20260511/validation/design_change_n403030_wtmclustT10_nomix_site403030_nondesignquota_precisionchol_basefitbootinit_preboot_20260521/runs/scenario2/bootstrap/federated/scenario2/raw_runs/run_20260522-214511/optim_result_trial_099_20260522-215215.json","trace_file":"/project/temp/deferiprone_single_oral_25mgkg_designcheck_20260511/validation/design_change_n403030_wtmclustT10_nomix_site403030_nondesignquota_precisionchol_basefitbootinit_preboot_20260521/runs/scenario2/bootstrap/federated/scenario2/raw_runs/run_20260522-214511/optim_trace_trial_099_20260522-215215.csv","final_file":"/project/temp/deferiprone_single_oral_25mgkg_designcheck_20260511/validation/design_change_n403030_wtmclustT10_nomix_site403030_nondesignquota_precisionchol_basefitbootinit_preboot_20260521/runs/scenario2/bootstrap/federated/scenario2/raw_runs/run_20260522-214511/final_params_trial_099_20260522-215215.csv"},{"trial":100,"execution_state":"completed","converged":true,"attempts":1,"convergence":0,"value":2212.159,"eval_fn":20,"eval_gr":20,"log_n":20,"failed_clients_n":0,"message":"CONVERGENCE: REL_REDUCTION_OF_F <= FACTR*EPSMCH","result_file":"/project/temp/deferiprone_single_oral_25mgkg_designcheck_20260511/validation/design_change_n403030_wtmclustT10_nomix_site403030_nondesignquota_precisionchol_basefitbootinit_preboot_20260521/runs/scenario2/bootstrap/federated/scenario2/raw_runs/run_20260522-214511/optim_result_trial_100_20260522-215432.json","trace_file":"/project/temp/deferiprone_single_oral_25mgkg_designcheck_20260511/validation/design_change_n403030_wtmclustT10_nomix_site403030_nondesignquota_precisionchol_basefitbootinit_preboot_20260521/runs/scenario2/bootstrap/federated/scenario2/raw_runs/run_20260522-214511/optim_trace_trial_100_20260522-215432.csv","final_file":"/project/temp/deferiprone_single_oral_25mgkg_designcheck_20260511/validation/design_change_n403030_wtmclustT10_nomix_site403030_nondesignquota_precisionchol_basefitbootinit_preboot_20260521/runs/scenario2/bootstrap/federated/scenario2/raw_runs/run_20260522-214511/final_params_trial_100_20260522-215432.csv"}],"info":{"run_id":"20260522-214511","log_base_dir":"/project/temp/deferiprone_single_oral_25mgkg_designcheck_20260511/validation/design_change_n403030_wtmclustT10_nomix_site403030_nondesignquota_precisionchol_basefitbootinit_preboot_20260521/runs/scenario2/bootstrap/federated","scenario":"scenario2/raw_runs","total_trials":5,"successes":5,"failures":0,"nonconverged_count":0,"nonconverged_trials":[],"convergence_missing_count":0,"seed_base":4869,"B_per_client":500,"duration_sec":719.4915976524,"host":"c7d2970246f7","image_tag":null,"communication":{"generated_at":"2026-05-22T21:57:04Z","totals":{"requests":567,"request_bytes":632847,"response_bytes":144332,"total_bytes":777179,"retries":0},"init":{"requests":3,"request_bytes":8139,"response_bytes":1161,"total_bytes":9300,"retries":0,"median_elapsed_sec":0.38621330261},"init_round_latency":{"n_rounds":1,"median_round_wall_sec":0.38909840584,"p95_round_wall_sec":0.38909840584},"run":{"requests":0,"request_bytes":0,"response_bytes":0,"total_bytes":0,"retries":0,"median_elapsed_sec":"NA"},"run_bootstrap":{"requests":564,"request_bytes":624708,"response_bytes":143171,"total_bytes":767879,"retries":0,"median_elapsed_sec":3.6360164881},"round_latency":{"n_rounds":188,"median_round_wall_sec":3.7473204136,"p95_round_wall_sec":4.0323762655},"timing_split":{"n_rounds":188,"rounds_with_compute":188,"total_round_wall_sec":709.6565637589,"total_round_compute_wall_sec":703.5786,"total_round_comm_overhead_wall_sec":6.0779637589,"comm_overhead_ratio":0.0085646551716,"compute_ratio":0.99143534483}},"communication_files":{"csv":"/project/temp/deferiprone_single_oral_25mgkg_designcheck_20260511/validation/design_change_n403030_wtmclustT10_nomix_site403030_nondesignquota_precisionchol_basefitbootinit_preboot_20260521/runs/scenario2/bootstrap/federated/scenario2/raw_runs/run_20260522-214511/comm_metrics.csv","json":"/project/temp/deferiprone_single_oral_25mgkg_designcheck_20260511/validation/design_change_n403030_wtmclustT10_nomix_site403030_nondesignquota_precisionchol_basefitbootinit_preboot_20260521/runs/scenario2/bootstrap/federated/scenario2/raw_runs/run_20260522-214511/comm_metrics.json"},"output_files":{"bootstrap_summary_csv":"/project/temp/deferiprone_single_oral_25mgkg_designcheck_20260511/validation/design_change_n403030_wtmclustT10_nomix_site403030_nondesignquota_precisionchol_basefitbootinit_preboot_20260521/runs/scenario2/bootstrap/federated/scenario2/raw_runs/run_20260522-214511/bootstrap_summary.csv","bootstrap_summary_json":"/project/temp/deferiprone_single_oral_25mgkg_designcheck_20260511/validation/design_change_n403030_wtmclustT10_nomix_site403030_nondesignquota_precisionchol_basefitbootinit_preboot_20260521/runs/scenario2/bootstrap/federated/scenario2/raw_runs/run_20260522-214511/bootstrap_summary.json","trial_status_csv":"/project/temp/deferiprone_single_oral_25mgkg_designcheck_20260511/validation/design_change_n403030_wtmclustT10_nomix_site403030_nondesignquota_precisionchol_basefitbootinit_preboot_20260521/runs/scenario2/bootstrap/federated/scenario2/raw_runs/run_20260522-214511/trial_status.csv","failed_trials_csv":"/project/temp/deferiprone_single_oral_25mgkg_designcheck_20260511/validation/design_change_n403030_wtmclustT10_nomix_site403030_nondesignquota_precisionchol_basefitbootinit_preboot_20260521/runs/scenario2/bootstrap/federated/scenario2/raw_runs/run_20260522-214511/failed_trials.csv","trial_estimates_wide_csv":"/project/temp/deferiprone_single_oral_25mgkg_designcheck_20260511/validation/design_change_n403030_wtmclustT10_nomix_site403030_nondesignquota_precisionchol_basefitbootinit_preboot_20260521/runs/scenario2/bootstrap/federated/scenario2/raw_runs/run_20260522-214511/trial_estimates_wide.csv","trial_estimates_long_csv":"/project/temp/deferiprone_single_oral_25mgkg_designcheck_20260511/validation/design_change_n403030_wtmclustT10_nomix_site403030_nondesignquota_precisionchol_basefitbootinit_preboot_20260521/runs/scenario2/bootstrap/federated/scenario2/raw_runs/run_20260522-214511/trial_estimates_long.csv","result_json":"/project/temp/deferiprone_single_oral_25mgkg_designcheck_20260511/validation/design_change_n403030_wtmclustT10_nomix_site403030_nondesignquota_precisionchol_basefitbootinit_preboot_20260521/runs/scenario2/bootstrap/federated/scenario2/raw_runs/run_20260522-214511/result.json"}}}
[Kserver-1 exited with code 0
Aborting on container exit...
 Container defboot_design_change_n403030_wtmclu_scenario2_96_100-server-1  Stopping
 Container defboot_design_change_n403030_wtmclu_scenario2_96_100-server-1  Stopped
 Container defboot_design_change_n403030_wtmclu_scenario2_96_100-client3-1  Stopping
 Container defboot_design_change_n403030_wtmclu_scenario2_96_100-client2-1  Stopping
 Container defboot_design_change_n403030_wtmclu_scenario2_96_100-client1-1  Stopping
 Container defboot_design_change_n403030_wtmclu_scenario2_96_100-client2-1  Stopped
 Container defboot_design_change_n403030_wtmclu_scenario2_96_100-client1-1  Stopped
 Container defboot_design_change_n403030_wtmclu_scenario2_96_100-client3-1  Stopped
time="2026-05-23T06:57:15+09:00" level=warning msg="The \"SERVER_CONFIG_PATH\" variable is not set. Defaulting to a blank string."
 Container defboot_design_change_n403030_wtmclu_scenario2_96_100-server-1  Stopping
 Container defboot_design_change_n403030_wtmclu_scenario2_96_100-server-1  Stopped
 Container defboot_design_change_n403030_wtmclu_scenario2_96_100-server-1  Removing
 Container defboot_design_change_n403030_wtmclu_scenario2_96_100-server-1  Removed
 Container defboot_design_change_n403030_wtmclu_scenario2_96_100-client1-1  Stopping
 Container defboot_design_change_n403030_wtmclu_scenario2_96_100-client3-1  Stopping
 Container defboot_design_change_n403030_wtmclu_scenario2_96_100-client2-1  Stopping
 Container defboot_design_change_n403030_wtmclu_scenario2_96_100-client3-1  Stopped
 Container defboot_design_change_n403030_wtmclu_scenario2_96_100-client3-1  Removing
 Container defboot_design_change_n403030_wtmclu_scenario2_96_100-client2-1  Stopped
 Container defboot_design_change_n403030_wtmclu_scenario2_96_100-client2-1  Removing
 Container defboot_design_change_n403030_wtmclu_scenario2_96_100-client1-1  Stopped
 Container defboot_design_change_n403030_wtmclu_scenario2_96_100-client1-1  Removing
 Container defboot_design_change_n403030_wtmclu_scenario2_96_100-client3-1  Removed
 Container defboot_design_change_n403030_wtmclu_scenario2_96_100-client2-1  Removed
 Container defboot_design_change_n403030_wtmclu_scenario2_96_100-client1-1  Removed
 Network defboot_design_change_n403030_wtmclu_scenario2_96_100_site3_net  Removing
 Network defboot_design_change_n403030_wtmclu_scenario2_96_100_site1_net  Removing
 Network defboot_design_change_n403030_wtmclu_scenario2_96_100_site2_net  Removing
 Network defboot_design_change_n403030_wtmclu_scenario2_96_100_site3_net  Removed
 Network defboot_design_change_n403030_wtmclu_scenario2_96_100_site1_net  Removed
 Network defboot_design_change_n403030_wtmclu_scenario2_96_100_site2_net  Removed
