time="2026-05-23T10:55:09+09:00" level=warning msg="The \"SERVER_CONFIG_PATH\" variable is not set. Defaulting to a blank string."
Compose now can delegate build to bake for better performances
Just set COMPOSE_BAKE=true
#0 building with "default" instance using docker driver

#1 [client1 internal] load build definition from Dockerfile.app
#1 transferring dockerfile: 778B done
#1 DONE 0.0s

#2 [client3 internal] load build definition from Dockerfile.app
#2 transferring dockerfile: 778B done
#2 DONE 0.0s

#3 [client2 internal] load build definition from Dockerfile.app
#3 transferring dockerfile: 778B done
#3 DONE 0.0s

#4 [client2 internal] load metadata for docker.io/fedpoppk/base:0.1.0
#4 DONE 0.0s

#5 [client1 internal] load .dockerignore
#5 transferring context: 2B done
#5 DONE 0.0s

#6 [client3 internal] load .dockerignore
#6 transferring context: 2B done
#6 DONE 0.0s

#7 [client2 1/8] FROM docker.io/fedpoppk/base:0.1.0
#7 DONE 0.0s

#8 [client2 internal] load .dockerignore
#8 transferring context: 2B done
#8 DONE 0.0s

#9 [client1 internal] load build context
#9 transferring context: 736.51kB 0.3s done
#9 DONE 0.3s

#10 [client3 internal] load build context
#10 transferring context: 736.51kB 0.3s done
#10 DONE 0.3s

#11 [client2 internal] load build context
#11 transferring context: 736.51kB 0.3s done
#11 DONE 0.3s

#12 [client1 3/8] COPY renv.lock .Rprofile renv/activate.R ./
#12 CACHED

#13 [client1 4/8] RUN Rscript -e "options(renv.consent=TRUE, Ncpus=parallel::detectCores());                 renv::restore(prompt=FALSE)"
#13 CACHED

#14 [client1 2/8] WORKDIR /project
#14 CACHED

#15 [client1 6/8] COPY R/ R/
#15 CACHED

#16 [client1 5/8] COPY apps/ apps/
#16 CACHED

#17 [client1 7/8] COPY analysis/ analysis/
#17 CACHED

#18 [client2 8/8] RUN mkdir -p /project/configs/modes /project/data /project/artifacts /project/result
#18 CACHED

#19 [client3] exporting to image
#19 exporting layers done
#19 writing image sha256:88c76da89a380f5492a865939a6f4cc562ec5bc143a584379c3643fbef017676 done
#19 naming to docker.io/library/defboot_design_change_n403030_wtmclu_scenario2_181_185-client3 0.0s done
#19 DONE 0.0s

#20 [client1] exporting to image
#20 exporting layers done
#20 writing image sha256:1ad0a63ab4e53dd3a25be027953097a612b88aaae19288d6d4332a5e3413ce6d done
#20 naming to docker.io/library/defboot_design_change_n403030_wtmclu_scenario2_181_185-client1 0.1s done
#20 DONE 0.1s

#21 [client3] resolving provenance for metadata file
#21 DONE 0.0s

#22 [client2] exporting to image
#22 exporting layers done
#22 writing image sha256:9a0de3261955a1ea92158d90d3102f23c8ef89131d12913ef5f96916aec9c4b4 done
#22 naming to docker.io/library/defboot_design_change_n403030_wtmclu_scenario2_181_185-client2 0.1s done
#22 DONE 0.1s

#23 [client2] resolving provenance for metadata file
#23 DONE 0.0s

#24 [client1] resolving provenance for metadata file
#24 DONE 0.0s

#25 [server internal] load build definition from Dockerfile.app
#25 transferring dockerfile: 778B done
#25 DONE 0.0s

#4 [server internal] load metadata for docker.io/fedpoppk/base:0.1.0
#4 DONE 0.0s

#26 [server internal] load .dockerignore
#26 transferring context: 2B done
#26 DONE 0.0s

#7 [server 1/8] FROM docker.io/fedpoppk/base:0.1.0
#7 DONE 0.0s

#27 [server internal] load build context
#27 transferring context: 736.51kB 0.3s done
#27 DONE 0.3s

#28 [server 6/8] COPY R/ R/
#28 CACHED

#29 [server 4/8] RUN Rscript -e "options(renv.consent=TRUE, Ncpus=parallel::detectCores());                 renv::restore(prompt=FALSE)"
#29 CACHED

#30 [server 5/8] COPY apps/ apps/
#30 CACHED

#31 [server 7/8] COPY analysis/ analysis/
#31 CACHED

#32 [server 3/8] COPY renv.lock .Rprofile renv/activate.R ./
#32 CACHED

#14 [server 2/8] WORKDIR /project
#14 CACHED

#33 [server 8/8] RUN mkdir -p /project/configs/modes /project/data /project/artifacts /project/result
#33 CACHED

#34 [server] exporting to image
#34 exporting layers done
#34 writing image sha256:63493ed1a353093d34bf9aed78775188b556e6f60a0995f2e7ed94e8d1ee05f4 done
#34 naming to docker.io/library/defboot_design_change_n403030_wtmclu_scenario2_181_185-server 0.0s done
#34 DONE 0.0s

#35 [server] resolving provenance for metadata file
#35 DONE 0.0s
 client1  Built
 client2  Built
 client3  Built
 server  Built
 Network defboot_design_change_n403030_wtmclu_scenario2_181_185_site1_net  Creating
 Network defboot_design_change_n403030_wtmclu_scenario2_181_185_site1_net  Created
 Network defboot_design_change_n403030_wtmclu_scenario2_181_185_site3_net  Creating
 Network defboot_design_change_n403030_wtmclu_scenario2_181_185_site3_net  Created
 Network defboot_design_change_n403030_wtmclu_scenario2_181_185_site2_net  Creating
 Network defboot_design_change_n403030_wtmclu_scenario2_181_185_site2_net  Created
 Container defboot_design_change_n403030_wtmclu_scenario2_181_185-client1-1  Creating
 Container defboot_design_change_n403030_wtmclu_scenario2_181_185-client3-1  Creating
 Container defboot_design_change_n403030_wtmclu_scenario2_181_185-client2-1  Creating
 Container defboot_design_change_n403030_wtmclu_scenario2_181_185-client3-1  Created
 Container defboot_design_change_n403030_wtmclu_scenario2_181_185-client1-1  Created
 Container defboot_design_change_n403030_wtmclu_scenario2_181_185-client2-1  Created
 Container defboot_design_change_n403030_wtmclu_scenario2_181_185-server-1  Creating
 Container defboot_design_change_n403030_wtmclu_scenario2_181_185-server-1  Created
Attaching to client1-1, client2-1, client3-1, server-1
client3-1  | Running plumber API at http://0.0.0.0:8000
client3-1  | Running swagger Docs at http://127.0.0.1:8000/__docs__/
client1-1  | Running plumber API at http://0.0.0.0:8000
client1-1  | Running swagger Docs at http://127.0.0.1:8000/__docs__/
client2-1  | Running plumber API at http://0.0.0.0:8000
client2-1  | Running swagger Docs at http://127.0.0.1:8000/__docs__/
client1-1  | ℹ parameter labels from comments are typically ignored in non-interactive mode
client1-1  | ℹ Need to run with the source intact to parse comments
client2-1  | ℹ parameter labels from comments are typically ignored in non-interactive mode
client2-1  | ℹ Need to run with the source intact to parse comments
client3-1  | ℹ parameter labels from comments are typically ignored in non-interactive mode
client3-1  | ℹ Need to run with the source intact to parse comments
server-1   | [send_init] http://client1:8000 init succeeded
server-1   | [send_init] http://client3:8000 init succeeded
server-1   | [send_init] http://client2:8000 init succeeded
server-1   | {"schema":{"schema_version":"1.1.0","generated_at":"2026-05-23T01:55:18Z","config_path":"/project/configs/../temp/deferiprone_single_oral_25mgkg_designcheck_20260511/validation/design_change_n403030_wtmclustT10_nomix_site403030_nondesignquota_precisionchol_basefitbootinit_preboot_20260521/configs/resolved/scenario2_bootstrap.json","config_md5":"67e6a296d3935d620e746ed6160f8ca2","seed":4869,"host":"953a5c2550e5","pid":1,"image_tag":null,"git_sha":null,"git_dirty":null},"aggregation":{"ci_method":"percentile","ci_level":0.95,"quantile_type":7,"estimates_scale":"natural"},"summary":[{"parameter":"(etaLcl,etaLvc)","median":0.068179723677,"p2.5":0.034242854874,"p97.5":0.07518019595},{"parameter":"CcPropSd","median":0.36265993748,"p2.5":0.34364541602,"p97.5":0.37691525018},{"parameter":"etaLcl","median":0.12577550834,"p2.5":0.074415885234,"p97.5":0.13463765308},{"parameter":"etaLvc","median":0.03633438833,"p2.5":0.016683444956,"p97.5":0.053055036064},{"parameter":"lcl","median":2.1772011686,"p2.5":2.143911826,"p97.5":2.2269293471},{"parameter":"lka","median":2.2230893476,"p2.5":2.0996094355,"p97.5":2.4486828055},{"parameter":"lvc","median":2.9584704026,"p2.5":2.9527886459,"p97.5":3.0140313888},{"parameter":"rho_(etaLcl,etaLvc)","median":0.97898171876,"p2.5":0.9533755384,"p97.5":0.9853543999}],"runs":[{"tag":"trial_181_20260523-015518","value":2219.5459,"counts":[22,22],"control":{"maxit":100,"factr":1000000000,"pgtol":0,"trace":0,"method":"L-BFGS-B"},"convergence":0,"message":"CONVERGENCE: REL_REDUCTION_OF_F <= FACTR*EPSMCH","nat_par":{"lka":2.2230893476,"lcl":2.230161264,"lvc":3.0173326157,"CcPropSd":0.36265993748,"etaLcl":0.13348837801,"etaLvc":0.03633438833,"(etaLcl,etaLvc)":0.068179723677,"rho_(etaLcl,etaLvc)":0.97898171876},"failed_clients":[],"attempt":1,"files":{"result":"/project/temp/deferiprone_single_oral_25mgkg_designcheck_20260511/validation/design_change_n403030_wtmclustT10_nomix_site403030_nondesignquota_precisionchol_basefitbootinit_preboot_20260521/runs/scenario2/bootstrap/federated/scenario2/raw_runs/run_20260523-015518/optim_result_trial_181_20260523-015518.json","trace":"/project/temp/deferiprone_single_oral_25mgkg_designcheck_20260511/validation/design_change_n403030_wtmclustT10_nomix_site403030_nondesignquota_precisionchol_basefitbootinit_preboot_20260521/runs/scenario2/bootstrap/federated/scenario2/raw_runs/run_20260523-015518/optim_trace_trial_181_20260523-015518.csv","final":"/project/temp/deferiprone_single_oral_25mgkg_designcheck_20260511/validation/design_change_n403030_wtmclustT10_nomix_site403030_nondesignquota_precisionchol_basefitbootinit_preboot_20260521/runs/scenario2/bootstrap/federated/scenario2/raw_runs/run_20260523-015518/final_params_trial_181_20260523-015518.csv"},"log_n":22,"execution_state":"completed","trial":181,"attempts":1},{"tag":"trial_182_20260523-015805","value":2239.4349,"counts":[37,37],"control":{"maxit":100,"factr":1000000000,"pgtol":0,"trace":0,"method":"L-BFGS-B"},"convergence":0,"message":"CONVERGENCE: REL_REDUCTION_OF_F <= FACTR*EPSMCH","nat_par":{"lka":2.0994732315,"lcl":2.1772011686,"lvc":2.9565418842,"CcPropSd":0.37171444163,"etaLcl":0.098282177388,"etaLvc":0.054074885016,"(etaLcl,etaLvc)":0.071856829752,"rho_(etaLcl,etaLvc)":0.985673012},"failed_clients":[],"attempt":1,"files":{"result":"/project/temp/deferiprone_single_oral_25mgkg_designcheck_20260511/validation/design_change_n403030_wtmclustT10_nomix_site403030_nondesignquota_precisionchol_basefitbootinit_preboot_20260521/runs/scenario2/bootstrap/federated/scenario2/raw_runs/run_20260523-015518/optim_result_trial_182_20260523-015805.json","trace":"/project/temp/deferiprone_single_oral_25mgkg_designcheck_20260511/validation/design_change_n403030_wtmclustT10_nomix_site403030_nondesignquota_precisionchol_basefitbootinit_preboot_20260521/runs/scenario2/bootstrap/federated/scenario2/raw_runs/run_20260523-015518/optim_trace_trial_182_20260523-015805.csv","final":"/project/temp/deferiprone_single_oral_25mgkg_designcheck_20260511/validation/design_change_n403030_wtmclustT10_nomix_site403030_nondesignquota_precisionchol_basefitbootinit_preboot_20260521/runs/scenario2/bootstrap/federated/scenario2/raw_runs/run_20260523-015518/final_params_trial_182_20260523-015805.csv"},"log_n":36,"execution_state":"completed","trial":182,"attempts":1},{"tag":"trial_183_20260523-020239","value":2224.006,"counts":[24,24],"control":{"maxit":100,"factr":1000000000,"pgtol":0,"trace":0,"method":"L-BFGS-B"},"convergence":0,"message":"CONVERGENCE: REL_REDUCTION_OF_F <= FACTR*EPSMCH","nat_par":{"lka":2.1008352708,"lcl":2.1466343688,"lvc":2.9843203473,"CcPropSd":0.3774931178,"etaLcl":0.071764074994,"etaLvc":0.014809479748,"(etaLcl,etaLvc)":0.030993798764,"rho_(etaLcl,etaLvc)":0.95071722431},"failed_clients":[],"attempt":1,"files":{"result":"/project/temp/deferiprone_single_oral_25mgkg_designcheck_20260511/validation/design_change_n403030_wtmclustT10_nomix_site403030_nondesignquota_precisionchol_basefitbootinit_preboot_20260521/runs/scenario2/bootstrap/federated/scenario2/raw_runs/run_20260523-015518/optim_result_trial_183_20260523-020239.json","trace":"/project/temp/deferiprone_single_oral_25mgkg_designcheck_20260511/validation/design_change_n403030_wtmclustT10_nomix_site403030_nondesignquota_precisionchol_basefitbootinit_preboot_20260521/runs/scenario2/bootstrap/federated/scenario2/raw_runs/run_20260523-015518/optim_trace_trial_183_20260523-020239.csv","final":"/project/temp/deferiprone_single_oral_25mgkg_designcheck_20260511/validation/design_change_n403030_wtmclustT10_nomix_site403030_nondesignquota_precisionchol_basefitbootinit_preboot_20260521/runs/scenario2/bootstrap/federated/scenario2/raw_runs/run_20260523-015518/final_params_trial_183_20260523-020239.csv"},"log_n":24,"execution_state":"completed","trial":183,"attempts":1},{"tag":"trial_184_20260523-020542","value":2233.7036,"counts":[25,25],"control":{"maxit":100,"factr":1000000000,"pgtol":0,"trace":0,"method":"L-BFGS-B"},"convergence":0,"message":"CONVERGENCE: REL_REDUCTION_OF_F <= FACTR*EPSMCH","nat_par":{"lka":2.4554752054,"lcl":2.1978420953,"lvc":2.9584704026,"CcPropSd":0.35896916366,"etaLcl":0.12577550834,"etaLvc":0.033549131831,"(etaLcl,etaLvc)":0.063484359859,"rho_(etaLcl,etaLvc)":0.97730036517},"failed_clients":[],"attempt":1,"files":{"result":"/project/temp/deferiprone_single_oral_25mgkg_designcheck_20260511/validation/design_change_n403030_wtmclustT10_nomix_site403030_nondesignquota_precisionchol_basefitbootinit_preboot_20260521/runs/scenario2/bootstrap/federated/scenario2/raw_runs/run_20260523-015518/optim_result_trial_184_20260523-020542.json","trace":"/project/temp/deferiprone_single_oral_25mgkg_designcheck_20260511/validation/design_change_n403030_wtmclustT10_nomix_site403030_nondesignquota_precisionchol_basefitbootinit_preboot_20260521/runs/scenario2/bootstrap/federated/scenario2/raw_runs/run_20260523-015518/optim_trace_trial_184_20260523-020542.csv","final":"/project/temp/deferiprone_single_oral_25mgkg_designcheck_20260511/validation/design_change_n403030_wtmclustT10_nomix_site403030_nondesignquota_precisionchol_basefitbootinit_preboot_20260521/runs/scenario2/bootstrap/federated/scenario2/raw_runs/run_20260523-015518/final_params_trial_184_20260523-020542.csv"},"log_n":25,"execution_state":"completed","trial":184,"attempts":1},{"tag":"trial_185_20260523-020854","value":2245.0997,"counts":[24,24],"control":{"maxit":100,"factr":1000000000,"pgtol":0,"trace":0,"method":"L-BFGS-B"},"convergence":0,"message":"CONVERGENCE: REL_REDUCTION_OF_F <= FACTR*EPSMCH","nat_par":{"lka":2.3875512056,"lcl":2.1436093212,"lvc":2.9523716194,"CcPropSd":0.3419427774,"etaLcl":0.13476535031,"etaLvc":0.043876395495,"(etaLcl,etaLvc)":0.07554945886,"rho_(etaLcl,etaLvc)":0.982486891},"failed_clients":[],"attempt":1,"files":{"result":"/project/temp/deferiprone_single_oral_25mgkg_designcheck_20260511/validation/design_change_n403030_wtmclustT10_nomix_site403030_nondesignquota_precisionchol_basefitbootinit_preboot_20260521/runs/scenario2/bootstrap/federated/scenario2/raw_runs/run_20260523-015518/optim_result_trial_185_20260523-020854.json","trace":"/project/temp/deferiprone_single_oral_25mgkg_designcheck_20260511/validation/design_change_n403030_wtmclustT10_nomix_site403030_nondesignquota_precisionchol_basefitbootinit_preboot_20260521/runs/scenario2/bootstrap/federated/scenario2/raw_runs/run_20260523-015518/optim_trace_trial_185_20260523-020854.csv","final":"/project/temp/deferiprone_single_oral_25mgkg_designcheck_20260511/validation/design_change_n403030_wtmclustT10_nomix_site403030_nondesignquota_precisionchol_basefitbootinit_preboot_20260521/runs/scenario2/bootstrap/federated/scenario2/raw_runs/run_20260523-015518/final_params_trial_185_20260523-020854.csv"},"log_n":24,"execution_state":"completed","trial":185,"attempts":1}],"trial_status":[{"trial":181,"execution_state":"completed","converged":true,"attempts":1,"convergence":0,"value":2219.5459,"eval_fn":22,"eval_gr":22,"log_n":22,"failed_clients_n":0,"message":"CONVERGENCE: REL_REDUCTION_OF_F <= FACTR*EPSMCH","result_file":"/project/temp/deferiprone_single_oral_25mgkg_designcheck_20260511/validation/design_change_n403030_wtmclustT10_nomix_site403030_nondesignquota_precisionchol_basefitbootinit_preboot_20260521/runs/scenario2/bootstrap/federated/scenario2/raw_runs/run_20260523-015518/optim_result_trial_181_20260523-015518.json","trace_file":"/project/temp/deferiprone_single_oral_25mgkg_designcheck_20260511/validation/design_change_n403030_wtmclustT10_nomix_site403030_nondesignquota_precisionchol_basefitbootinit_preboot_20260521/runs/scenario2/bootstrap/federated/scenario2/raw_runs/run_20260523-015518/optim_trace_trial_181_20260523-015518.csv","final_file":"/project/temp/deferiprone_single_oral_25mgkg_designcheck_20260511/validation/design_change_n403030_wtmclustT10_nomix_site403030_nondesignquota_precisionchol_basefitbootinit_preboot_20260521/runs/scenario2/bootstrap/federated/scenario2/raw_runs/run_20260523-015518/final_params_trial_181_20260523-015518.csv"},{"trial":182,"execution_state":"completed","converged":true,"attempts":1,"convergence":0,"value":2239.4349,"eval_fn":37,"eval_gr":37,"log_n":36,"failed_clients_n":0,"message":"CONVERGENCE: REL_REDUCTION_OF_F <= FACTR*EPSMCH","result_file":"/project/temp/deferiprone_single_oral_25mgkg_designcheck_20260511/validation/design_change_n403030_wtmclustT10_nomix_site403030_nondesignquota_precisionchol_basefitbootinit_preboot_20260521/runs/scenario2/bootstrap/federated/scenario2/raw_runs/run_20260523-015518/optim_result_trial_182_20260523-015805.json","trace_file":"/project/temp/deferiprone_single_oral_25mgkg_designcheck_20260511/validation/design_change_n403030_wtmclustT10_nomix_site403030_nondesignquota_precisionchol_basefitbootinit_preboot_20260521/runs/scenario2/bootstrap/federated/scenario2/raw_runs/run_20260523-015518/optim_trace_trial_182_20260523-015805.csv","final_file":"/project/temp/deferiprone_single_oral_25mgkg_designcheck_20260511/validation/design_change_n403030_wtmclustT10_nomix_site403030_nondesignquota_precisionchol_basefitbootinit_preboot_20260521/runs/scenario2/bootstrap/federated/scenario2/raw_runs/run_20260523-015518/final_params_trial_182_20260523-015805.csv"},{"trial":183,"execution_state":"completed","converged":true,"attempts":1,"convergence":0,"value":2224.006,"eval_fn":24,"eval_gr":24,"log_n":24,"failed_clients_n":0,"message":"CONVERGENCE: REL_REDUCTION_OF_F <= FACTR*EPSMCH","result_file":"/project/temp/deferiprone_single_oral_25mgkg_designcheck_20260511/validation/design_change_n403030_wtmclustT10_nomix_site403030_nondesignquota_precisionchol_basefitbootinit_preboot_20260521/runs/scenario2/bootstrap/federated/scenario2/raw_runs/run_20260523-015518/optim_result_trial_183_20260523-020239.json","trace_file":"/project/temp/deferiprone_single_oral_25mgkg_designcheck_20260511/validation/design_change_n403030_wtmclustT10_nomix_site403030_nondesignquota_precisionchol_basefitbootinit_preboot_20260521/runs/scenario2/bootstrap/federated/scenario2/raw_runs/run_20260523-015518/optim_trace_trial_183_20260523-020239.csv","final_file":"/project/temp/deferiprone_single_oral_25mgkg_designcheck_20260511/validation/design_change_n403030_wtmclustT10_nomix_site403030_nondesignquota_precisionchol_basefitbootinit_preboot_20260521/runs/scenario2/bootstrap/federated/scenario2/raw_runs/run_20260523-015518/final_params_trial_183_20260523-020239.csv"},{"trial":184,"execution_state":"completed","converged":true,"attempts":1,"convergence":0,"value":2233.7036,"eval_fn":25,"eval_gr":25,"log_n":25,"failed_clients_n":0,"message":"CONVERGENCE: REL_REDUCTION_OF_F <= FACTR*EPSMCH","result_file":"/project/temp/deferiprone_single_oral_25mgkg_designcheck_20260511/validation/design_change_n403030_wtmclustT10_nomix_site403030_nondesignquota_precisionchol_basefitbootinit_preboot_20260521/runs/scenario2/bootstrap/federated/scenario2/raw_runs/run_20260523-015518/optim_result_trial_184_20260523-020542.json","trace_file":"/project/temp/deferiprone_single_oral_25mgkg_designcheck_20260511/validation/design_change_n403030_wtmclustT10_nomix_site403030_nondesignquota_precisionchol_basefitbootinit_preboot_20260521/runs/scenario2/bootstrap/federated/scenario2/raw_runs/run_20260523-015518/optim_trace_trial_184_20260523-020542.csv","final_file":"/project/temp/deferiprone_single_oral_25mgkg_designcheck_20260511/validation/design_change_n403030_wtmclustT10_nomix_site403030_nondesignquota_precisionchol_basefitbootinit_preboot_20260521/runs/scenario2/bootstrap/federated/scenario2/raw_runs/run_20260523-015518/final_params_trial_184_20260523-020542.csv"},{"trial":185,"execution_state":"completed","converged":true,"attempts":1,"convergence":0,"value":2245.0997,"eval_fn":24,"eval_gr":24,"log_n":24,"failed_clients_n":0,"message":"CONVERGENCE: REL_REDUCTION_OF_F <= FACTR*EPSMCH","result_file":"/project/temp/deferiprone_single_oral_25mgkg_designcheck_20260511/validation/design_change_n403030_wtmclustT10_nomix_site403030_nondesignquota_precisionchol_basefitbootinit_preboot_20260521/runs/scenario2/bootstrap/federated/scenario2/raw_runs/run_20260523-015518/optim_result_trial_185_20260523-020854.json","trace_file":"/project/temp/deferiprone_single_oral_25mgkg_designcheck_20260511/validation/design_change_n403030_wtmclustT10_nomix_site403030_nondesignquota_precisionchol_basefitbootinit_preboot_20260521/runs/scenario2/bootstrap/federated/scenario2/raw_runs/run_20260523-015518/optim_trace_trial_185_20260523-020854.csv","final_file":"/project/temp/deferiprone_single_oral_25mgkg_designcheck_20260511/validation/design_change_n403030_wtmclustT10_nomix_site403030_nondesignquota_precisionchol_basefitbootinit_preboot_20260521/runs/scenario2/bootstrap/federated/scenario2/raw_runs/run_20260523-015518/final_params_trial_185_20260523-020854.csv"}],"info":{"run_id":"20260523-015518","log_base_dir":"/project/temp/deferiprone_single_oral_25mgkg_designcheck_20260511/validation/design_change_n403030_wtmclustT10_nomix_site403030_nondesignquota_precisionchol_basefitbootinit_preboot_20260521/runs/scenario2/bootstrap/federated","scenario":"scenario2/raw_runs","total_trials":5,"successes":5,"failures":0,"nonconverged_count":0,"nonconverged_trials":[],"convergence_missing_count":0,"seed_base":4869,"B_per_client":500,"duration_sec":1006.6720583439,"host":"953a5c2550e5","image_tag":null,"communication":{"generated_at":"2026-05-23T02:11:59Z","totals":{"requests":789,"request_bytes":879597,"response_bytes":199660,"total_bytes":1079257,"retries":0},"init":{"requests":3,"request_bytes":8139,"response_bytes":1161,"total_bytes":9300,"retries":0,"median_elapsed_sec":0.36964845657},"init_round_latency":{"n_rounds":1,"median_round_wall_sec":0.37608385086,"p95_round_wall_sec":0.37608385086},"run":{"requests":0,"request_bytes":0,"response_bytes":0,"total_bytes":0,"retries":0,"median_elapsed_sec":"NA"},"run_bootstrap":{"requests":786,"request_bytes":871458,"response_bytes":198499,"total_bytes":1069957,"retries":0,"median_elapsed_sec":3.6629765034},"round_latency":{"n_rounds":262,"median_round_wall_sec":3.7786585093,"p95_round_wall_sec":4.0474442005},"timing_split":{"n_rounds":262,"rounds_with_compute":262,"total_round_wall_sec":995.3109025955,"total_round_compute_wall_sec":986.6743,"total_round_comm_overhead_wall_sec":8.6366025955,"comm_overhead_ratio":0.0086772912594,"compute_ratio":0.99132270874}},"communication_files":{"csv":"/project/temp/deferiprone_single_oral_25mgkg_designcheck_20260511/validation/design_change_n403030_wtmclustT10_nomix_site403030_nondesignquota_precisionchol_basefitbootinit_preboot_20260521/runs/scenario2/bootstrap/federated/scenario2/raw_runs/run_20260523-015518/comm_metrics.csv","json":"/project/temp/deferiprone_single_oral_25mgkg_designcheck_20260511/validation/design_change_n403030_wtmclustT10_nomix_site403030_nondesignquota_precisionchol_basefitbootinit_preboot_20260521/runs/scenario2/bootstrap/federated/scenario2/raw_runs/run_20260523-015518/comm_metrics.json"},"output_files":{"bootstrap_summary_csv":"/project/temp/deferiprone_single_oral_25mgkg_designcheck_20260511/validation/design_change_n403030_wtmclustT10_nomix_site403030_nondesignquota_precisionchol_basefitbootinit_preboot_20260521/runs/scenario2/bootstrap/federated/scenario2/raw_runs/run_20260523-015518/bootstrap_summary.csv","bootstrap_summary_json":"/project/temp/deferiprone_single_oral_25mgkg_designcheck_20260511/validation/design_change_n403030_wtmclustT10_nomix_site403030_nondesignquota_precisionchol_basefitbootinit_preboot_20260521/runs/scenario2/bootstrap/federated/scenario2/raw_runs/run_20260523-015518/bootstrap_summary.json","trial_status_csv":"/project/temp/deferiprone_single_oral_25mgkg_designcheck_20260511/validation/design_change_n403030_wtmclustT10_nomix_site403030_nondesignquota_precisionchol_basefitbootinit_preboot_20260521/runs/scenario2/bootstrap/federated/scenario2/raw_runs/run_20260523-015518/trial_status.csv","failed_trials_csv":"/project/temp/deferiprone_single_oral_25mgkg_designcheck_20260511/validation/design_change_n403030_wtmclustT10_nomix_site403030_nondesignquota_precisionchol_basefitbootinit_preboot_20260521/runs/scenario2/bootstrap/federated/scenario2/raw_runs/run_20260523-015518/failed_trials.csv","trial_estimates_wide_csv":"/project/temp/deferiprone_single_oral_25mgkg_designcheck_20260511/validation/design_change_n403030_wtmclustT10_nomix_site403030_nondesignquota_precisionchol_basefitbootinit_preboot_20260521/runs/scenario2/bootstrap/federated/scenario2/raw_runs/run_20260523-015518/trial_estimates_wide.csv","trial_estimates_long_csv":"/project/temp/deferiprone_single_oral_25mgkg_designcheck_20260511/validation/design_change_n403030_wtmclustT10_nomix_site403030_nondesignquota_precisionchol_basefitbootinit_preboot_20260521/runs/scenario2/bootstrap/federated/scenario2/raw_runs/run_20260523-015518/trial_estimates_long.csv","result_json":"/project/temp/deferiprone_single_oral_25mgkg_designcheck_20260511/validation/design_change_n403030_wtmclustT10_nomix_site403030_nondesignquota_precisionchol_basefitbootinit_preboot_20260521/runs/scenario2/bootstrap/federated/scenario2/raw_runs/run_20260523-015518/result.json"}}}
[Kserver-1 exited with code 0
Aborting on container exit...
 Container defboot_design_change_n403030_wtmclu_scenario2_181_185-server-1  Stopping
 Container defboot_design_change_n403030_wtmclu_scenario2_181_185-server-1  Stopped
 Container defboot_design_change_n403030_wtmclu_scenario2_181_185-client2-1  Stopping
 Container defboot_design_change_n403030_wtmclu_scenario2_181_185-client3-1  Stopping
 Container defboot_design_change_n403030_wtmclu_scenario2_181_185-client1-1  Stopping
 Container defboot_design_change_n403030_wtmclu_scenario2_181_185-client1-1  Stopped
 Container defboot_design_change_n403030_wtmclu_scenario2_181_185-client3-1  Stopped
 Container defboot_design_change_n403030_wtmclu_scenario2_181_185-client2-1  Stopped
time="2026-05-23T11:12:09+09:00" level=warning msg="The \"SERVER_CONFIG_PATH\" variable is not set. Defaulting to a blank string."
 Container defboot_design_change_n403030_wtmclu_scenario2_181_185-server-1  Stopping
 Container defboot_design_change_n403030_wtmclu_scenario2_181_185-server-1  Stopped
 Container defboot_design_change_n403030_wtmclu_scenario2_181_185-server-1  Removing
 Container defboot_design_change_n403030_wtmclu_scenario2_181_185-server-1  Removed
 Container defboot_design_change_n403030_wtmclu_scenario2_181_185-client1-1  Stopping
 Container defboot_design_change_n403030_wtmclu_scenario2_181_185-client2-1  Stopping
 Container defboot_design_change_n403030_wtmclu_scenario2_181_185-client3-1  Stopping
 Container defboot_design_change_n403030_wtmclu_scenario2_181_185-client1-1  Stopped
 Container defboot_design_change_n403030_wtmclu_scenario2_181_185-client1-1  Removing
 Container defboot_design_change_n403030_wtmclu_scenario2_181_185-client3-1  Stopped
 Container defboot_design_change_n403030_wtmclu_scenario2_181_185-client3-1  Removing
 Container defboot_design_change_n403030_wtmclu_scenario2_181_185-client2-1  Stopped
 Container defboot_design_change_n403030_wtmclu_scenario2_181_185-client2-1  Removing
 Container defboot_design_change_n403030_wtmclu_scenario2_181_185-client3-1  Removed
 Container defboot_design_change_n403030_wtmclu_scenario2_181_185-client1-1  Removed
 Container defboot_design_change_n403030_wtmclu_scenario2_181_185-client2-1  Removed
 Network defboot_design_change_n403030_wtmclu_scenario2_181_185_site1_net  Removing
 Network defboot_design_change_n403030_wtmclu_scenario2_181_185_site3_net  Removing
 Network defboot_design_change_n403030_wtmclu_scenario2_181_185_site2_net  Removing
 Network defboot_design_change_n403030_wtmclu_scenario2_181_185_site3_net  Removed
 Network defboot_design_change_n403030_wtmclu_scenario2_181_185_site1_net  Removed
 Network defboot_design_change_n403030_wtmclu_scenario2_181_185_site2_net  Removed
