time="2026-05-24T02:29:31+09:00" level=warning msg="The \"SERVER_CONFIG_PATH\" variable is not set. Defaulting to a blank string."
Compose now can delegate build to bake for better performances
Just set COMPOSE_BAKE=true
#0 building with "default" instance using docker driver

#1 [client1 internal] load build definition from Dockerfile.app
#1 transferring dockerfile: 778B done
#1 DONE 0.0s

#2 [client2 internal] load build definition from Dockerfile.app
#2 transferring dockerfile: 778B done
#2 DONE 0.0s

#3 [client3 internal] load build definition from Dockerfile.app
#3 transferring dockerfile: 778B done
#3 DONE 0.0s

#4 [client3 internal] load metadata for docker.io/fedpoppk/base:0.1.0
#4 DONE 0.0s

#5 [client1 internal] load .dockerignore
#5 transferring context: 2B done
#5 DONE 0.0s

#6 [client2 internal] load .dockerignore
#6 transferring context: 2B done
#6 DONE 0.0s

#7 [client2 1/8] FROM docker.io/fedpoppk/base:0.1.0
#7 DONE 0.0s

#8 [client3 internal] load .dockerignore
#8 transferring context: 2B done
#8 DONE 0.0s

#9 [client1 internal] load build context
#9 transferring context: 736.51kB 0.3s done
#9 DONE 0.3s

#10 [client3 internal] load build context
#10 transferring context: 736.51kB 0.3s done
#10 DONE 0.3s

#11 [client2 internal] load build context
#11 transferring context: 736.51kB 0.3s done
#11 DONE 0.3s

#12 [client1 7/8] COPY analysis/ analysis/
#12 CACHED

#13 [client1 6/8] COPY R/ R/
#13 CACHED

#14 [client1 4/8] RUN Rscript -e "options(renv.consent=TRUE, Ncpus=parallel::detectCores());                 renv::restore(prompt=FALSE)"
#14 CACHED

#15 [client1 5/8] COPY apps/ apps/
#15 CACHED

#16 [client1 2/8] WORKDIR /project
#16 CACHED

#17 [client1 3/8] COPY renv.lock .Rprofile renv/activate.R ./
#17 CACHED

#18 [client2 8/8] RUN mkdir -p /project/configs/modes /project/data /project/artifacts /project/result
#18 CACHED

#19 [client1] exporting to image
#19 exporting layers done
#19 writing image sha256:7e1ee8cf8fb9e565932d50035e8a74b6a8ab9332f66384c2e7b13bfc06901baf done
#19 naming to docker.io/library/defboot_design_change_n403030_wtmclu_scenario2_481_485-client1 0.0s done
#19 DONE 0.0s

#20 [client2] exporting to image
#20 exporting layers done
#20 writing image sha256:b14a5de8053109dbbc7f714a4139b9720d7952c9dfcf616c66e20054fb384931 done
#20 naming to docker.io/library/defboot_design_change_n403030_wtmclu_scenario2_481_485-client2 0.0s done
#20 DONE 0.0s

#21 [client3] exporting to image
#21 exporting layers done
#21 writing image sha256:e8357ac7844ce4186fbf1ba9e591c48d96b777aa8f48389ac49afe0ddedfa824 done
#21 naming to docker.io/library/defboot_design_change_n403030_wtmclu_scenario2_481_485-client3 0.1s done
#21 DONE 0.1s

#22 [client3] resolving provenance for metadata file
#22 DONE 0.0s

#23 [client1] resolving provenance for metadata file
#23 DONE 0.0s

#24 [client2] resolving provenance for metadata file
#24 DONE 0.0s

#25 [server internal] load build definition from Dockerfile.app
#25 transferring dockerfile: 778B done
#25 DONE 0.0s

#4 [server internal] load metadata for docker.io/fedpoppk/base:0.1.0
#4 DONE 0.0s

#26 [server internal] load .dockerignore
#26 transferring context: 2B done
#26 DONE 0.0s

#7 [server 1/8] FROM docker.io/fedpoppk/base:0.1.0
#7 DONE 0.0s

#27 [server internal] load build context
#27 transferring context: 736.51kB 0.3s done
#27 DONE 0.3s

#16 [server 2/8] WORKDIR /project
#16 CACHED

#28 [server 5/8] COPY apps/ apps/
#28 CACHED

#29 [server 3/8] COPY renv.lock .Rprofile renv/activate.R ./
#29 CACHED

#30 [server 6/8] COPY R/ R/
#30 CACHED

#31 [server 7/8] COPY analysis/ analysis/
#31 CACHED

#32 [server 4/8] RUN Rscript -e "options(renv.consent=TRUE, Ncpus=parallel::detectCores());                 renv::restore(prompt=FALSE)"
#32 CACHED

#33 [server 8/8] RUN mkdir -p /project/configs/modes /project/data /project/artifacts /project/result
#33 CACHED

#34 [server] exporting to image
#34 exporting layers done
#34 writing image sha256:ee600e74269049c630c201033aace537099ff14adb6816f170c6f489dd59782b done
#34 naming to docker.io/library/defboot_design_change_n403030_wtmclu_scenario2_481_485-server 0.0s done
#34 DONE 0.0s

#35 [server] resolving provenance for metadata file
#35 DONE 0.0s
 client1  Built
 client2  Built
 client3  Built
 server  Built
 Network defboot_design_change_n403030_wtmclu_scenario2_481_485_site3_net  Creating
 Network defboot_design_change_n403030_wtmclu_scenario2_481_485_site3_net  Created
 Network defboot_design_change_n403030_wtmclu_scenario2_481_485_site1_net  Creating
 Network defboot_design_change_n403030_wtmclu_scenario2_481_485_site1_net  Created
 Network defboot_design_change_n403030_wtmclu_scenario2_481_485_site2_net  Creating
 Network defboot_design_change_n403030_wtmclu_scenario2_481_485_site2_net  Created
 Container defboot_design_change_n403030_wtmclu_scenario2_481_485-client1-1  Creating
 Container defboot_design_change_n403030_wtmclu_scenario2_481_485-client3-1  Creating
 Container defboot_design_change_n403030_wtmclu_scenario2_481_485-client2-1  Creating
 Container defboot_design_change_n403030_wtmclu_scenario2_481_485-client2-1  Created
 Container defboot_design_change_n403030_wtmclu_scenario2_481_485-client3-1  Created
 Container defboot_design_change_n403030_wtmclu_scenario2_481_485-client1-1  Created
 Container defboot_design_change_n403030_wtmclu_scenario2_481_485-server-1  Creating
 Container defboot_design_change_n403030_wtmclu_scenario2_481_485-server-1  Created
Attaching to client1-1, client2-1, client3-1, server-1
client2-1  | Running plumber API at http://0.0.0.0:8000
client2-1  | Running swagger Docs at http://127.0.0.1:8000/__docs__/
client1-1  | Running plumber API at http://0.0.0.0:8000
client1-1  | Running swagger Docs at http://127.0.0.1:8000/__docs__/
client3-1  | Running plumber API at http://0.0.0.0:8000
client3-1  | Running swagger Docs at http://127.0.0.1:8000/__docs__/
client1-1  | ℹ parameter labels from comments are typically ignored in non-interactive mode
client1-1  | ℹ Need to run with the source intact to parse comments
client2-1  | ℹ parameter labels from comments are typically ignored in non-interactive mode
client2-1  | ℹ Need to run with the source intact to parse comments
client3-1  | ℹ parameter labels from comments are typically ignored in non-interactive mode
client3-1  | ℹ Need to run with the source intact to parse comments
server-1   | [send_init] http://client1:8000 init succeeded
server-1   | [send_init] http://client2:8000 init succeeded
server-1   | [send_init] http://client3:8000 init succeeded
server-1   | {"schema":{"schema_version":"1.1.0","generated_at":"2026-05-23T17:29:40Z","config_path":"/project/configs/../temp/deferiprone_single_oral_25mgkg_designcheck_20260511/validation/design_change_n403030_wtmclustT10_nomix_site403030_nondesignquota_precisionchol_basefitbootinit_preboot_20260521/configs/resolved/scenario2_bootstrap.json","config_md5":"67e6a296d3935d620e746ed6160f8ca2","seed":4869,"host":"0eb868ec58d3","pid":1,"image_tag":null,"git_sha":null,"git_dirty":null},"aggregation":{"ci_method":"percentile","ci_level":0.95,"quantile_type":7,"estimates_scale":"natural"},"summary":[{"parameter":"(etaLcl,etaLvc)","median":0.058067454311,"p2.5":0.050212870588,"p97.5":0.069015571968},{"parameter":"CcPropSd","median":0.35865803107,"p2.5":0.33235658579,"p97.5":0.38330540346},{"parameter":"etaLcl","median":0.10199653824,"p2.5":0.073124969366,"p97.5":0.12580312697},{"parameter":"etaLvc","median":0.037356920245,"p2.5":0.028051781551,"p97.5":0.048881316643},{"parameter":"lcl","median":2.1792655877,"p2.5":2.131738429,"p97.5":2.2480492641},{"parameter":"lka","median":2.2451426436,"p2.5":2.066418304,"p97.5":2.3937933233},{"parameter":"lvc","median":2.9928319273,"p2.5":2.9337071853,"p97.5":3.0166581445},{"parameter":"rho_(etaLcl,etaLvc)","median":0.97951329161,"p2.5":0.97303556097,"p97.5":0.98418888943}],"runs":[{"tag":"trial_481_20260523-172940","value":2250.1648,"counts":[34,34],"control":{"maxit":100,"factr":1000000000,"pgtol":0,"trace":0,"method":"L-BFGS-B"},"convergence":0,"message":"CONVERGENCE: REL_REDUCTION_OF_F <= FACTR*EPSMCH","nat_par":{"lka":2.0516131996,"lcl":2.1754055746,"lvc":2.9323899004,"CcPropSd":0.38544075941,"etaLcl":0.10669531074,"etaLvc":0.037356920245,"(etaLcl,etaLvc)":0.06183986495,"rho_(etaLcl,etaLvc)":0.97951329161},"failed_clients":[],"attempt":1,"files":{"result":"/project/temp/deferiprone_single_oral_25mgkg_designcheck_20260511/validation/design_change_n403030_wtmclustT10_nomix_site403030_nondesignquota_precisionchol_basefitbootinit_preboot_20260521/runs/scenario2/bootstrap/federated/scenario2/raw_runs/run_20260523-172940/optim_result_trial_481_20260523-172940.json","trace":"/project/temp/deferiprone_single_oral_25mgkg_designcheck_20260511/validation/design_change_n403030_wtmclustT10_nomix_site403030_nondesignquota_precisionchol_basefitbootinit_preboot_20260521/runs/scenario2/bootstrap/federated/scenario2/raw_runs/run_20260523-172940/optim_trace_trial_481_20260523-172940.csv","final":"/project/temp/deferiprone_single_oral_25mgkg_designcheck_20260511/validation/design_change_n403030_wtmclustT10_nomix_site403030_nondesignquota_precisionchol_basefitbootinit_preboot_20260521/runs/scenario2/bootstrap/federated/scenario2/raw_runs/run_20260523-172940/final_params_trial_481_20260523-172940.csv"},"log_n":33,"execution_state":"completed","trial":481,"attempts":1},{"tag":"trial_482_20260523-173349","value":2170.268,"counts":[35,35],"control":{"maxit":100,"factr":1000000000,"pgtol":0,"trace":0,"method":"L-BFGS-B"},"convergence":0,"message":"CONVERGENCE: REL_REDUCTION_OF_F <= FACTR*EPSMCH","nat_par":{"lka":2.397076677,"lcl":2.250354477,"lvc":2.9928319273,"CcPropSd":0.33029367706,"etaLcl":0.12792621766,"etaLvc":0.027848485228,"(etaLcl,etaLvc)":0.058067454311,"rho_(etaLcl,etaLvc)":0.97286419139},"failed_clients":[],"attempt":1,"files":{"result":"/project/temp/deferiprone_single_oral_25mgkg_designcheck_20260511/validation/design_change_n403030_wtmclustT10_nomix_site403030_nondesignquota_precisionchol_basefitbootinit_preboot_20260521/runs/scenario2/bootstrap/federated/scenario2/raw_runs/run_20260523-172940/optim_result_trial_482_20260523-173349.json","trace":"/project/temp/deferiprone_single_oral_25mgkg_designcheck_20260511/validation/design_change_n403030_wtmclustT10_nomix_site403030_nondesignquota_precisionchol_basefitbootinit_preboot_20260521/runs/scenario2/bootstrap/federated/scenario2/raw_runs/run_20260523-172940/optim_trace_trial_482_20260523-173349.csv","final":"/project/temp/deferiprone_single_oral_25mgkg_designcheck_20260511/validation/design_change_n403030_wtmclustT10_nomix_site403030_nondesignquota_precisionchol_basefitbootinit_preboot_20260521/runs/scenario2/bootstrap/federated/scenario2/raw_runs/run_20260523-172940/final_params_trial_482_20260523-173349.csv"},"log_n":35,"execution_state":"completed","trial":482,"attempts":1},{"tag":"trial_483_20260523-173815","value":2196.4008,"counts":[19,19],"control":{"maxit":100,"factr":1000000000,"pgtol":0,"trace":0,"method":"L-BFGS-B"},"convergence":0,"message":"CONVERGENCE: REL_REDUCTION_OF_F <= FACTR*EPSMCH","nat_par":{"lka":2.199664244,"lcl":2.1792655877,"lvc":2.9455627499,"CcPropSd":0.35092276433,"etaLcl":0.086665080448,"etaLvc":0.029881448458,"(etaLcl,etaLvc)":0.049595177409,"rho_(etaLcl,etaLvc)":0.97457788718},"failed_clients":[],"attempt":1,"files":{"result":"/project/temp/deferiprone_single_oral_25mgkg_designcheck_20260511/validation/design_change_n403030_wtmclustT10_nomix_site403030_nondesignquota_precisionchol_basefitbootinit_preboot_20260521/runs/scenario2/bootstrap/federated/scenario2/raw_runs/run_20260523-172940/optim_result_trial_483_20260523-173815.json","trace":"/project/temp/deferiprone_single_oral_25mgkg_designcheck_20260511/validation/design_change_n403030_wtmclustT10_nomix_site403030_nondesignquota_precisionchol_basefitbootinit_preboot_20260521/runs/scenario2/bootstrap/federated/scenario2/raw_runs/run_20260523-172940/optim_trace_trial_483_20260523-173815.csv","final":"/project/temp/deferiprone_single_oral_25mgkg_designcheck_20260511/validation/design_change_n403030_wtmclustT10_nomix_site403030_nondesignquota_precisionchol_basefitbootinit_preboot_20260521/runs/scenario2/bootstrap/federated/scenario2/raw_runs/run_20260523-172940/final_params_trial_483_20260523-173815.csv"},"log_n":19,"execution_state":"completed","trial":483,"attempts":1},{"tag":"trial_484_20260523-174040","value":2221.6829,"counts":[27,27],"control":{"maxit":100,"factr":1000000000,"pgtol":0,"trace":0,"method":"L-BFGS-B"},"convergence":0,"message":"CONVERGENCE: REL_REDUCTION_OF_F <= FACTR*EPSMCH","nat_par":{"lka":2.36424314,"lcl":2.1268865239,"lvc":2.9994927787,"CcPropSd":0.35865803107,"etaLcl":0.071620512579,"etaLvc":0.044961326956,"(etaLcl,etaLvc)":0.055772109198,"rho_(etaLcl,etaLvc)":0.98283088716},"failed_clients":[],"attempt":1,"files":{"result":"/project/temp/deferiprone_single_oral_25mgkg_designcheck_20260511/validation/design_change_n403030_wtmclustT10_nomix_site403030_nondesignquota_precisionchol_basefitbootinit_preboot_20260521/runs/scenario2/bootstrap/federated/scenario2/raw_runs/run_20260523-172940/optim_result_trial_484_20260523-174040.json","trace":"/project/temp/deferiprone_single_oral_25mgkg_designcheck_20260511/validation/design_change_n403030_wtmclustT10_nomix_site403030_nondesignquota_precisionchol_basefitbootinit_preboot_20260521/runs/scenario2/bootstrap/federated/scenario2/raw_runs/run_20260523-172940/optim_trace_trial_484_20260523-174040.csv","final":"/project/temp/deferiprone_single_oral_25mgkg_designcheck_20260511/validation/design_change_n403030_wtmclustT10_nomix_site403030_nondesignquota_precisionchol_basefitbootinit_preboot_20260521/runs/scenario2/bootstrap/federated/scenario2/raw_runs/run_20260523-172940/final_params_trial_484_20260523-174040.csv"},"log_n":27,"execution_state":"completed","trial":484,"attempts":1},{"tag":"trial_485_20260523-174408","value":2214.2139,"counts":[20,20],"control":{"maxit":100,"factr":1000000000,"pgtol":0,"trace":0,"method":"L-BFGS-B"},"convergence":0,"message":"CONVERGENCE: REL_REDUCTION_OF_F <= FACTR*EPSMCH","nat_par":{"lka":2.2451426436,"lcl":2.2273023481,"lvc":3.0185654074,"CcPropSd":0.36408719992,"etaLcl":0.10199653824,"etaLvc":0.049316871053,"(etaLcl,etaLvc)":0.069812872748,"rho_(etaLcl,etaLvc)":0.98433977857},"failed_clients":[],"attempt":1,"files":{"result":"/project/temp/deferiprone_single_oral_25mgkg_designcheck_20260511/validation/design_change_n403030_wtmclustT10_nomix_site403030_nondesignquota_precisionchol_basefitbootinit_preboot_20260521/runs/scenario2/bootstrap/federated/scenario2/raw_runs/run_20260523-172940/optim_result_trial_485_20260523-174408.json","trace":"/project/temp/deferiprone_single_oral_25mgkg_designcheck_20260511/validation/design_change_n403030_wtmclustT10_nomix_site403030_nondesignquota_precisionchol_basefitbootinit_preboot_20260521/runs/scenario2/bootstrap/federated/scenario2/raw_runs/run_20260523-172940/optim_trace_trial_485_20260523-174408.csv","final":"/project/temp/deferiprone_single_oral_25mgkg_designcheck_20260511/validation/design_change_n403030_wtmclustT10_nomix_site403030_nondesignquota_precisionchol_basefitbootinit_preboot_20260521/runs/scenario2/bootstrap/federated/scenario2/raw_runs/run_20260523-172940/final_params_trial_485_20260523-174408.csv"},"log_n":20,"execution_state":"completed","trial":485,"attempts":1}],"trial_status":[{"trial":481,"execution_state":"completed","converged":true,"attempts":1,"convergence":0,"value":2250.1648,"eval_fn":34,"eval_gr":34,"log_n":33,"failed_clients_n":0,"message":"CONVERGENCE: REL_REDUCTION_OF_F <= FACTR*EPSMCH","result_file":"/project/temp/deferiprone_single_oral_25mgkg_designcheck_20260511/validation/design_change_n403030_wtmclustT10_nomix_site403030_nondesignquota_precisionchol_basefitbootinit_preboot_20260521/runs/scenario2/bootstrap/federated/scenario2/raw_runs/run_20260523-172940/optim_result_trial_481_20260523-172940.json","trace_file":"/project/temp/deferiprone_single_oral_25mgkg_designcheck_20260511/validation/design_change_n403030_wtmclustT10_nomix_site403030_nondesignquota_precisionchol_basefitbootinit_preboot_20260521/runs/scenario2/bootstrap/federated/scenario2/raw_runs/run_20260523-172940/optim_trace_trial_481_20260523-172940.csv","final_file":"/project/temp/deferiprone_single_oral_25mgkg_designcheck_20260511/validation/design_change_n403030_wtmclustT10_nomix_site403030_nondesignquota_precisionchol_basefitbootinit_preboot_20260521/runs/scenario2/bootstrap/federated/scenario2/raw_runs/run_20260523-172940/final_params_trial_481_20260523-172940.csv"},{"trial":482,"execution_state":"completed","converged":true,"attempts":1,"convergence":0,"value":2170.268,"eval_fn":35,"eval_gr":35,"log_n":35,"failed_clients_n":0,"message":"CONVERGENCE: REL_REDUCTION_OF_F <= FACTR*EPSMCH","result_file":"/project/temp/deferiprone_single_oral_25mgkg_designcheck_20260511/validation/design_change_n403030_wtmclustT10_nomix_site403030_nondesignquota_precisionchol_basefitbootinit_preboot_20260521/runs/scenario2/bootstrap/federated/scenario2/raw_runs/run_20260523-172940/optim_result_trial_482_20260523-173349.json","trace_file":"/project/temp/deferiprone_single_oral_25mgkg_designcheck_20260511/validation/design_change_n403030_wtmclustT10_nomix_site403030_nondesignquota_precisionchol_basefitbootinit_preboot_20260521/runs/scenario2/bootstrap/federated/scenario2/raw_runs/run_20260523-172940/optim_trace_trial_482_20260523-173349.csv","final_file":"/project/temp/deferiprone_single_oral_25mgkg_designcheck_20260511/validation/design_change_n403030_wtmclustT10_nomix_site403030_nondesignquota_precisionchol_basefitbootinit_preboot_20260521/runs/scenario2/bootstrap/federated/scenario2/raw_runs/run_20260523-172940/final_params_trial_482_20260523-173349.csv"},{"trial":483,"execution_state":"completed","converged":true,"attempts":1,"convergence":0,"value":2196.4008,"eval_fn":19,"eval_gr":19,"log_n":19,"failed_clients_n":0,"message":"CONVERGENCE: REL_REDUCTION_OF_F <= FACTR*EPSMCH","result_file":"/project/temp/deferiprone_single_oral_25mgkg_designcheck_20260511/validation/design_change_n403030_wtmclustT10_nomix_site403030_nondesignquota_precisionchol_basefitbootinit_preboot_20260521/runs/scenario2/bootstrap/federated/scenario2/raw_runs/run_20260523-172940/optim_result_trial_483_20260523-173815.json","trace_file":"/project/temp/deferiprone_single_oral_25mgkg_designcheck_20260511/validation/design_change_n403030_wtmclustT10_nomix_site403030_nondesignquota_precisionchol_basefitbootinit_preboot_20260521/runs/scenario2/bootstrap/federated/scenario2/raw_runs/run_20260523-172940/optim_trace_trial_483_20260523-173815.csv","final_file":"/project/temp/deferiprone_single_oral_25mgkg_designcheck_20260511/validation/design_change_n403030_wtmclustT10_nomix_site403030_nondesignquota_precisionchol_basefitbootinit_preboot_20260521/runs/scenario2/bootstrap/federated/scenario2/raw_runs/run_20260523-172940/final_params_trial_483_20260523-173815.csv"},{"trial":484,"execution_state":"completed","converged":true,"attempts":1,"convergence":0,"value":2221.6829,"eval_fn":27,"eval_gr":27,"log_n":27,"failed_clients_n":0,"message":"CONVERGENCE: REL_REDUCTION_OF_F <= FACTR*EPSMCH","result_file":"/project/temp/deferiprone_single_oral_25mgkg_designcheck_20260511/validation/design_change_n403030_wtmclustT10_nomix_site403030_nondesignquota_precisionchol_basefitbootinit_preboot_20260521/runs/scenario2/bootstrap/federated/scenario2/raw_runs/run_20260523-172940/optim_result_trial_484_20260523-174040.json","trace_file":"/project/temp/deferiprone_single_oral_25mgkg_designcheck_20260511/validation/design_change_n403030_wtmclustT10_nomix_site403030_nondesignquota_precisionchol_basefitbootinit_preboot_20260521/runs/scenario2/bootstrap/federated/scenario2/raw_runs/run_20260523-172940/optim_trace_trial_484_20260523-174040.csv","final_file":"/project/temp/deferiprone_single_oral_25mgkg_designcheck_20260511/validation/design_change_n403030_wtmclustT10_nomix_site403030_nondesignquota_precisionchol_basefitbootinit_preboot_20260521/runs/scenario2/bootstrap/federated/scenario2/raw_runs/run_20260523-172940/final_params_trial_484_20260523-174040.csv"},{"trial":485,"execution_state":"completed","converged":true,"attempts":1,"convergence":0,"value":2214.2139,"eval_fn":20,"eval_gr":20,"log_n":20,"failed_clients_n":0,"message":"CONVERGENCE: REL_REDUCTION_OF_F <= FACTR*EPSMCH","result_file":"/project/temp/deferiprone_single_oral_25mgkg_designcheck_20260511/validation/design_change_n403030_wtmclustT10_nomix_site403030_nondesignquota_precisionchol_basefitbootinit_preboot_20260521/runs/scenario2/bootstrap/federated/scenario2/raw_runs/run_20260523-172940/optim_result_trial_485_20260523-174408.json","trace_file":"/project/temp/deferiprone_single_oral_25mgkg_designcheck_20260511/validation/design_change_n403030_wtmclustT10_nomix_site403030_nondesignquota_precisionchol_basefitbootinit_preboot_20260521/runs/scenario2/bootstrap/federated/scenario2/raw_runs/run_20260523-172940/optim_trace_trial_485_20260523-174408.csv","final_file":"/project/temp/deferiprone_single_oral_25mgkg_designcheck_20260511/validation/design_change_n403030_wtmclustT10_nomix_site403030_nondesignquota_precisionchol_basefitbootinit_preboot_20260521/runs/scenario2/bootstrap/federated/scenario2/raw_runs/run_20260523-172940/final_params_trial_485_20260523-174408.csv"}],"info":{"run_id":"20260523-172940","log_base_dir":"/project/temp/deferiprone_single_oral_25mgkg_designcheck_20260511/validation/design_change_n403030_wtmclustT10_nomix_site403030_nondesignquota_precisionchol_basefitbootinit_preboot_20260521/runs/scenario2/bootstrap/federated","scenario":"scenario2/raw_runs","total_trials":5,"successes":5,"failures":0,"nonconverged_count":0,"nonconverged_trials":[],"convergence_missing_count":0,"seed_base":4869,"B_per_client":500,"duration_sec":1025.7404522896,"host":"0eb868ec58d3","image_tag":null,"communication":{"generated_at":"2026-05-23T17:46:40Z","totals":{"requests":807,"request_bytes":899349,"response_bytes":205265,"total_bytes":1104614,"retries":0},"init":{"requests":3,"request_bytes":8139,"response_bytes":1161,"total_bytes":9300,"retries":0,"median_elapsed_sec":0.36479759216},"init_round_latency":{"n_rounds":1,"median_round_wall_sec":0.3665804863,"p95_round_wall_sec":0.3665804863},"run":{"requests":0,"request_bytes":0,"response_bytes":0,"total_bytes":0,"retries":0,"median_elapsed_sec":"NA"},"run_bootstrap":{"requests":804,"request_bytes":891210,"response_bytes":204104,"total_bytes":1095314,"retries":0,"median_elapsed_sec":3.6440691948},"round_latency":{"n_rounds":268,"median_round_wall_sec":3.7644546032,"p95_round_wall_sec":4.0511997819},"timing_split":{"n_rounds":268,"rounds_with_compute":268,"total_round_wall_sec":1014.2256793976,"total_round_compute_wall_sec":1005.3995,"total_round_comm_overhead_wall_sec":8.8261793976,"comm_overhead_ratio":0.0087023820998,"compute_ratio":0.9912976179}},"communication_files":{"csv":"/project/temp/deferiprone_single_oral_25mgkg_designcheck_20260511/validation/design_change_n403030_wtmclustT10_nomix_site403030_nondesignquota_precisionchol_basefitbootinit_preboot_20260521/runs/scenario2/bootstrap/federated/scenario2/raw_runs/run_20260523-172940/comm_metrics.csv","json":"/project/temp/deferiprone_single_oral_25mgkg_designcheck_20260511/validation/design_change_n403030_wtmclustT10_nomix_site403030_nondesignquota_precisionchol_basefitbootinit_preboot_20260521/runs/scenario2/bootstrap/federated/scenario2/raw_runs/run_20260523-172940/comm_metrics.json"},"output_files":{"bootstrap_summary_csv":"/project/temp/deferiprone_single_oral_25mgkg_designcheck_20260511/validation/design_change_n403030_wtmclustT10_nomix_site403030_nondesignquota_precisionchol_basefitbootinit_preboot_20260521/runs/scenario2/bootstrap/federated/scenario2/raw_runs/run_20260523-172940/bootstrap_summary.csv","bootstrap_summary_json":"/project/temp/deferiprone_single_oral_25mgkg_designcheck_20260511/validation/design_change_n403030_wtmclustT10_nomix_site403030_nondesignquota_precisionchol_basefitbootinit_preboot_20260521/runs/scenario2/bootstrap/federated/scenario2/raw_runs/run_20260523-172940/bootstrap_summary.json","trial_status_csv":"/project/temp/deferiprone_single_oral_25mgkg_designcheck_20260511/validation/design_change_n403030_wtmclustT10_nomix_site403030_nondesignquota_precisionchol_basefitbootinit_preboot_20260521/runs/scenario2/bootstrap/federated/scenario2/raw_runs/run_20260523-172940/trial_status.csv","failed_trials_csv":"/project/temp/deferiprone_single_oral_25mgkg_designcheck_20260511/validation/design_change_n403030_wtmclustT10_nomix_site403030_nondesignquota_precisionchol_basefitbootinit_preboot_20260521/runs/scenario2/bootstrap/federated/scenario2/raw_runs/run_20260523-172940/failed_trials.csv","trial_estimates_wide_csv":"/project/temp/deferiprone_single_oral_25mgkg_designcheck_20260511/validation/design_change_n403030_wtmclustT10_nomix_site403030_nondesignquota_precisionchol_basefitbootinit_preboot_20260521/runs/scenario2/bootstrap/federated/scenario2/raw_runs/run_20260523-172940/trial_estimates_wide.csv","trial_estimates_long_csv":"/project/temp/deferiprone_single_oral_25mgkg_designcheck_20260511/validation/design_change_n403030_wtmclustT10_nomix_site403030_nondesignquota_precisionchol_basefitbootinit_preboot_20260521/runs/scenario2/bootstrap/federated/scenario2/raw_runs/run_20260523-172940/trial_estimates_long.csv","result_json":"/project/temp/deferiprone_single_oral_25mgkg_designcheck_20260511/validation/design_change_n403030_wtmclustT10_nomix_site403030_nondesignquota_precisionchol_basefitbootinit_preboot_20260521/runs/scenario2/bootstrap/federated/scenario2/raw_runs/run_20260523-172940/result.json"}}}
[Kserver-1 exited with code 0
Aborting on container exit...
 Container defboot_design_change_n403030_wtmclu_scenario2_481_485-server-1  Stopping
 Container defboot_design_change_n403030_wtmclu_scenario2_481_485-server-1  Stopped
 Container defboot_design_change_n403030_wtmclu_scenario2_481_485-client3-1  Stopping
 Container defboot_design_change_n403030_wtmclu_scenario2_481_485-client1-1  Stopping
 Container defboot_design_change_n403030_wtmclu_scenario2_481_485-client2-1  Stopping
 Container defboot_design_change_n403030_wtmclu_scenario2_481_485-client2-1  Stopped
 Container defboot_design_change_n403030_wtmclu_scenario2_481_485-client1-1  Stopped
 Container defboot_design_change_n403030_wtmclu_scenario2_481_485-client3-1  Stopped
time="2026-05-24T02:46:51+09:00" level=warning msg="The \"SERVER_CONFIG_PATH\" variable is not set. Defaulting to a blank string."
 Container defboot_design_change_n403030_wtmclu_scenario2_481_485-server-1  Stopping
 Container defboot_design_change_n403030_wtmclu_scenario2_481_485-server-1  Stopped
 Container defboot_design_change_n403030_wtmclu_scenario2_481_485-server-1  Removing
 Container defboot_design_change_n403030_wtmclu_scenario2_481_485-server-1  Removed
 Container defboot_design_change_n403030_wtmclu_scenario2_481_485-client3-1  Stopping
 Container defboot_design_change_n403030_wtmclu_scenario2_481_485-client2-1  Stopping
 Container defboot_design_change_n403030_wtmclu_scenario2_481_485-client1-1  Stopping
 Container defboot_design_change_n403030_wtmclu_scenario2_481_485-client3-1  Stopped
 Container defboot_design_change_n403030_wtmclu_scenario2_481_485-client3-1  Removing
 Container defboot_design_change_n403030_wtmclu_scenario2_481_485-client2-1  Stopped
 Container defboot_design_change_n403030_wtmclu_scenario2_481_485-client2-1  Removing
 Container defboot_design_change_n403030_wtmclu_scenario2_481_485-client1-1  Stopped
 Container defboot_design_change_n403030_wtmclu_scenario2_481_485-client1-1  Removing
 Container defboot_design_change_n403030_wtmclu_scenario2_481_485-client3-1  Removed
 Container defboot_design_change_n403030_wtmclu_scenario2_481_485-client2-1  Removed
 Container defboot_design_change_n403030_wtmclu_scenario2_481_485-client1-1  Removed
 Network defboot_design_change_n403030_wtmclu_scenario2_481_485_site2_net  Removing
 Network defboot_design_change_n403030_wtmclu_scenario2_481_485_site1_net  Removing
 Network defboot_design_change_n403030_wtmclu_scenario2_481_485_site3_net  Removing
 Network defboot_design_change_n403030_wtmclu_scenario2_481_485_site2_net  Removed
 Network defboot_design_change_n403030_wtmclu_scenario2_481_485_site3_net  Removed
 Network defboot_design_change_n403030_wtmclu_scenario2_481_485_site1_net  Removed
