time="2026-05-23T23:46:31+09:00" level=warning msg="The \"SERVER_CONFIG_PATH\" variable is not set. Defaulting to a blank string."
Compose now can delegate build to bake for better performances
Just set COMPOSE_BAKE=true
#0 building with "default" instance using docker driver

#1 [client3 internal] load build definition from Dockerfile.app
#1 transferring dockerfile: 778B done
#1 DONE 0.0s

#2 [client2 internal] load build definition from Dockerfile.app
#2 transferring dockerfile: 778B done
#2 DONE 0.0s

#3 [client1 internal] load build definition from Dockerfile.app
#3 transferring dockerfile: 778B done
#3 DONE 0.0s

#4 [client1 internal] load metadata for docker.io/fedpoppk/base:0.1.0
#4 DONE 0.0s

#5 [client3 internal] load .dockerignore
#5 transferring context: 2B done
#5 DONE 0.0s

#6 [client2 internal] load .dockerignore
#6 transferring context: 2B done
#6 DONE 0.0s

#7 [client1 internal] load .dockerignore
#7 transferring context: 2B done
#7 DONE 0.0s

#8 [client1 1/8] FROM docker.io/fedpoppk/base:0.1.0
#8 DONE 0.0s

#9 [client3 internal] load build context
#9 transferring context: 736.51kB 0.3s done
#9 DONE 0.3s

#10 [client1 internal] load build context
#10 transferring context: 736.51kB 0.3s done
#10 DONE 0.3s

#11 [client2 internal] load build context
#11 transferring context: 736.51kB 0.3s done
#11 DONE 0.3s

#12 [client3 7/8] COPY analysis/ analysis/
#12 CACHED

#13 [client3 2/8] WORKDIR /project
#13 CACHED

#14 [client3 5/8] COPY apps/ apps/
#14 CACHED

#15 [client3 3/8] COPY renv.lock .Rprofile renv/activate.R ./
#15 CACHED

#16 [client3 4/8] RUN Rscript -e "options(renv.consent=TRUE, Ncpus=parallel::detectCores());                 renv::restore(prompt=FALSE)"
#16 CACHED

#17 [client3 6/8] COPY R/ R/
#17 CACHED

#18 [client3 8/8] RUN mkdir -p /project/configs/modes /project/data /project/artifacts /project/result
#18 CACHED

#19 [client3] exporting to image
#19 exporting layers done
#19 writing image sha256:6a59115e00d4f7c0987820885df91d9168c462a1d3eb2410867a009b8513dc66 done
#19 naming to docker.io/library/defboot_design_change_n403030_wtmclu_scenario2_431_435-client3 0.0s done
#19 DONE 0.0s

#20 [client2] exporting to image
#20 exporting layers done
#20 writing image sha256:1563f96518673c359680fcdd7d598e2a080f75cb006820b1405a6389809a3cac done
#20 naming to docker.io/library/defboot_design_change_n403030_wtmclu_scenario2_431_435-client2 0.1s done
#20 DONE 0.1s

#21 [client3] resolving provenance for metadata file
#21 DONE 0.0s

#22 [client1] exporting to image
#22 exporting layers done
#22 writing image sha256:e79848217f789560730d6ae24b95076c968a1034de88d08b1f63e15469b80c58 done
#22 naming to docker.io/library/defboot_design_change_n403030_wtmclu_scenario2_431_435-client1 0.1s done
#22 DONE 0.1s

#23 [client2] resolving provenance for metadata file
#23 DONE 0.0s

#24 [client1] resolving provenance for metadata file
#24 DONE 0.0s

#25 [server internal] load build definition from Dockerfile.app
#25 transferring dockerfile: 778B done
#25 DONE 0.0s

#4 [server internal] load metadata for docker.io/fedpoppk/base:0.1.0
#4 DONE 0.0s

#26 [server internal] load .dockerignore
#26 transferring context: 2B done
#26 DONE 0.0s

#8 [server 1/8] FROM docker.io/fedpoppk/base:0.1.0
#8 DONE 0.0s

#27 [server internal] load build context
#27 transferring context: 736.51kB 0.3s done
#27 DONE 0.3s

#28 [server 3/8] COPY renv.lock .Rprofile renv/activate.R ./
#28 CACHED

#29 [server 6/8] COPY R/ R/
#29 CACHED

#13 [server 2/8] WORKDIR /project
#13 CACHED

#30 [server 4/8] RUN Rscript -e "options(renv.consent=TRUE, Ncpus=parallel::detectCores());                 renv::restore(prompt=FALSE)"
#30 CACHED

#31 [server 5/8] COPY apps/ apps/
#31 CACHED

#32 [server 7/8] COPY analysis/ analysis/
#32 CACHED

#33 [server 8/8] RUN mkdir -p /project/configs/modes /project/data /project/artifacts /project/result
#33 CACHED

#34 [server] exporting to image
#34 exporting layers done
#34 writing image sha256:864ddc25207a211acb34808d7951473601b12ab2b4172a0cefba7d070dac33cb done
#34 naming to docker.io/library/defboot_design_change_n403030_wtmclu_scenario2_431_435-server 0.0s done
#34 DONE 0.0s

#35 [server] resolving provenance for metadata file
#35 DONE 0.0s
 client1  Built
 client2  Built
 client3  Built
 server  Built
 Network defboot_design_change_n403030_wtmclu_scenario2_431_435_site1_net  Creating
 Network defboot_design_change_n403030_wtmclu_scenario2_431_435_site1_net  Created
 Network defboot_design_change_n403030_wtmclu_scenario2_431_435_site2_net  Creating
 Network defboot_design_change_n403030_wtmclu_scenario2_431_435_site2_net  Created
 Network defboot_design_change_n403030_wtmclu_scenario2_431_435_site3_net  Creating
 Network defboot_design_change_n403030_wtmclu_scenario2_431_435_site3_net  Created
 Container defboot_design_change_n403030_wtmclu_scenario2_431_435-client3-1  Creating
 Container defboot_design_change_n403030_wtmclu_scenario2_431_435-client1-1  Creating
 Container defboot_design_change_n403030_wtmclu_scenario2_431_435-client2-1  Creating
 Container defboot_design_change_n403030_wtmclu_scenario2_431_435-client3-1  Created
 Container defboot_design_change_n403030_wtmclu_scenario2_431_435-client2-1  Created
 Container defboot_design_change_n403030_wtmclu_scenario2_431_435-client1-1  Created
 Container defboot_design_change_n403030_wtmclu_scenario2_431_435-server-1  Creating
 Container defboot_design_change_n403030_wtmclu_scenario2_431_435-server-1  Created
Attaching to client1-1, client2-1, client3-1, server-1
client1-1  | Running plumber API at http://0.0.0.0:8000
client1-1  | Running swagger Docs at http://127.0.0.1:8000/__docs__/
client2-1  | Running plumber API at http://0.0.0.0:8000
client2-1  | Running swagger Docs at http://127.0.0.1:8000/__docs__/
client3-1  | Running plumber API at http://0.0.0.0:8000
client3-1  | Running swagger Docs at http://127.0.0.1:8000/__docs__/
client2-1  | ℹ parameter labels from comments are typically ignored in non-interactive mode
client2-1  | ℹ Need to run with the source intact to parse comments
client1-1  | ℹ parameter labels from comments are typically ignored in non-interactive mode
client1-1  | ℹ Need to run with the source intact to parse comments
client3-1  | ℹ parameter labels from comments are typically ignored in non-interactive mode
client3-1  | ℹ Need to run with the source intact to parse comments
server-1   | [send_init] http://client1:8000 init succeeded
server-1   | [send_init] http://client2:8000 init succeeded
server-1   | [send_init] http://client3:8000 init succeeded
server-1   | {"schema":{"schema_version":"1.1.0","generated_at":"2026-05-23T14:46:40Z","config_path":"/project/configs/../temp/deferiprone_single_oral_25mgkg_designcheck_20260511/validation/design_change_n403030_wtmclustT10_nomix_site403030_nondesignquota_precisionchol_basefitbootinit_preboot_20260521/configs/resolved/scenario2_bootstrap.json","config_md5":"67e6a296d3935d620e746ed6160f8ca2","seed":4869,"host":"4ccda994a218","pid":1,"image_tag":null,"git_sha":null,"git_dirty":null},"aggregation":{"ci_method":"percentile","ci_level":0.95,"quantile_type":7,"estimates_scale":"natural"},"summary":[{"parameter":"(etaLcl,etaLvc)","median":0.059606741935,"p2.5":0.040160681496,"p97.5":0.074198024296},{"parameter":"CcPropSd","median":0.35553338958,"p2.5":0.33021728491,"p97.5":0.36899843238},{"parameter":"etaLcl","median":0.10157393475,"p2.5":0.076418980293,"p97.5":0.11888959308},{"parameter":"etaLvc","median":0.036370045286,"p2.5":0.019312190265,"p97.5":0.047873012202},{"parameter":"lcl","median":2.1645662906,"p2.5":2.1328505683,"p97.5":2.2092370784},{"parameter":"lka","median":2.2571427542,"p2.5":2.056105348,"p97.5":2.5378394181},{"parameter":"lvc","median":2.993597951,"p2.5":2.930234669,"p97.5":3.0011248026},{"parameter":"rho_(etaLcl,etaLvc)","median":0.97897737648,"p2.5":0.96130079045,"p97.5":0.98377151148}],"runs":[{"tag":"trial_431_20260523-144640","value":2190.4596,"counts":[36,36],"control":{"maxit":100,"factr":1000000000,"pgtol":0,"trace":0,"method":"L-BFGS-B"},"convergence":0,"message":"CONVERGENCE: REL_REDUCTION_OF_F <= FACTR*EPSMCH","nat_par":{"lka":2.5635458568,"lcl":2.1645662906,"lvc":3.0012261132,"CcPropSd":0.32826714768,"etaLcl":0.10157393475,"etaLvc":0.0364929305,"(etaLcl,etaLvc)":0.059606741935,"rho_(etaLcl,etaLvc)":0.97903873795},"failed_clients":[],"attempt":1,"files":{"result":"/project/temp/deferiprone_single_oral_25mgkg_designcheck_20260511/validation/design_change_n403030_wtmclustT10_nomix_site403030_nondesignquota_precisionchol_basefitbootinit_preboot_20260521/runs/scenario2/bootstrap/federated/scenario2/raw_runs/run_20260523-144640/optim_result_trial_431_20260523-144640.json","trace":"/project/temp/deferiprone_single_oral_25mgkg_designcheck_20260511/validation/design_change_n403030_wtmclustT10_nomix_site403030_nondesignquota_precisionchol_basefitbootinit_preboot_20260521/runs/scenario2/bootstrap/federated/scenario2/raw_runs/run_20260523-144640/optim_trace_trial_431_20260523-144640.csv","final":"/project/temp/deferiprone_single_oral_25mgkg_designcheck_20260511/validation/design_change_n403030_wtmclustT10_nomix_site403030_nondesignquota_precisionchol_basefitbootinit_preboot_20260521/runs/scenario2/bootstrap/federated/scenario2/raw_runs/run_20260523-144640/final_params_trial_431_20260523-144640.csv"},"log_n":36,"execution_state":"completed","trial":431,"attempts":1},{"tag":"trial_432_20260523-145112","value":2262.2678,"counts":[23,23],"control":{"maxit":100,"factr":1000000000,"pgtol":0,"trace":0,"method":"L-BFGS-B"},"convergence":0,"message":"CONVERGENCE: REL_REDUCTION_OF_F <= FACTR*EPSMCH","nat_par":{"lka":2.3064814698,"lcl":2.1425079202,"lvc":2.993597951,"CcPropSd":0.36817817908,"etaLcl":0.1045797826,"etaLvc":0.036370045286,"(etaLcl,etaLvc)":0.060376570952,"rho_(etaLcl,etaLvc)":0.97897737648},"failed_clients":[],"attempt":1,"files":{"result":"/project/temp/deferiprone_single_oral_25mgkg_designcheck_20260511/validation/design_change_n403030_wtmclustT10_nomix_site403030_nondesignquota_precisionchol_basefitbootinit_preboot_20260521/runs/scenario2/bootstrap/federated/scenario2/raw_runs/run_20260523-144640/optim_result_trial_432_20260523-145112.json","trace":"/project/temp/deferiprone_single_oral_25mgkg_designcheck_20260511/validation/design_change_n403030_wtmclustT10_nomix_site403030_nondesignquota_precisionchol_basefitbootinit_preboot_20260521/runs/scenario2/bootstrap/federated/scenario2/raw_runs/run_20260523-144640/optim_trace_trial_432_20260523-145112.csv","final":"/project/temp/deferiprone_single_oral_25mgkg_designcheck_20260511/validation/design_change_n403030_wtmclustT10_nomix_site403030_nondesignquota_precisionchol_basefitbootinit_preboot_20260521/runs/scenario2/bootstrap/federated/scenario2/raw_runs/run_20260523-144640/final_params_trial_432_20260523-145112.csv"},"log_n":23,"execution_state":"completed","trial":432,"attempts":1},{"tag":"trial_433_20260523-145407","value":2221.7712,"counts":[24,24],"control":{"maxit":100,"factr":1000000000,"pgtol":0,"trace":0,"method":"L-BFGS-B"},"convergence":0,"message":"CONVERGENCE: REL_REDUCTION_OF_F <= FACTR*EPSMCH","nat_par":{"lka":2.1873463361,"lcl":2.1317775293,"lvc":2.9592293287,"CcPropSd":0.35553338958,"etaLcl":0.074608250417,"etaLvc":0.02490592596,"(etaLcl,etaLvc)":0.041802086848,"rho_(etaLcl,etaLvc)":0.96973526431},"failed_clients":[],"attempt":1,"files":{"result":"/project/temp/deferiprone_single_oral_25mgkg_designcheck_20260511/validation/design_change_n403030_wtmclustT10_nomix_site403030_nondesignquota_precisionchol_basefitbootinit_preboot_20260521/runs/scenario2/bootstrap/federated/scenario2/raw_runs/run_20260523-144640/optim_result_trial_433_20260523-145407.json","trace":"/project/temp/deferiprone_single_oral_25mgkg_designcheck_20260511/validation/design_change_n403030_wtmclustT10_nomix_site403030_nondesignquota_precisionchol_basefitbootinit_preboot_20260521/runs/scenario2/bootstrap/federated/scenario2/raw_runs/run_20260523-144640/optim_trace_trial_433_20260523-145407.csv","final":"/project/temp/deferiprone_single_oral_25mgkg_designcheck_20260511/validation/design_change_n403030_wtmclustT10_nomix_site403030_nondesignquota_precisionchol_basefitbootinit_preboot_20260521/runs/scenario2/bootstrap/federated/scenario2/raw_runs/run_20260523-144640/final_params_trial_433_20260523-145407.csv"},"log_n":24,"execution_state":"completed","trial":433,"attempts":1},{"tag":"trial_434_20260523-145709","value":2198.9367,"counts":[28,28],"control":{"maxit":100,"factr":1000000000,"pgtol":0,"trace":0,"method":"L-BFGS-B"},"convergence":0,"message":"CONVERGENCE: REL_REDUCTION_OF_F <= FACTR*EPSMCH","nat_par":{"lka":2.041523016,"lcl":2.1766150774,"lvc":2.9270130401,"CcPropSd":0.34776852004,"etaLcl":0.092715549172,"etaLvc":0.018690664077,"(etaLcl,etaLvc)":0.039978303124,"rho_(etaLcl,etaLvc)":0.96036362669},"failed_clients":[],"attempt":1,"files":{"result":"/project/temp/deferiprone_single_oral_25mgkg_designcheck_20260511/validation/design_change_n403030_wtmclustT10_nomix_site403030_nondesignquota_precisionchol_basefitbootinit_preboot_20260521/runs/scenario2/bootstrap/federated/scenario2/raw_runs/run_20260523-144640/optim_result_trial_434_20260523-145709.json","trace":"/project/temp/deferiprone_single_oral_25mgkg_designcheck_20260511/validation/design_change_n403030_wtmclustT10_nomix_site403030_nondesignquota_precisionchol_basefitbootinit_preboot_20260521/runs/scenario2/bootstrap/federated/scenario2/raw_runs/run_20260523-144640/optim_trace_trial_434_20260523-145709.csv","final":"/project/temp/deferiprone_single_oral_25mgkg_designcheck_20260511/validation/design_change_n403030_wtmclustT10_nomix_site403030_nondesignquota_precisionchol_basefitbootinit_preboot_20260521/runs/scenario2/bootstrap/federated/scenario2/raw_runs/run_20260523-144640/final_params_trial_434_20260523-145709.csv"},"log_n":28,"execution_state":"completed","trial":434,"attempts":1},{"tag":"trial_435_20260523-150045","value":2213.2325,"counts":[21,21],"control":{"maxit":100,"factr":1000000000,"pgtol":0,"trace":0,"method":"L-BFGS-B"},"convergence":0,"message":"CONVERGENCE: REL_REDUCTION_OF_F <= FACTR*EPSMCH","nat_par":{"lka":2.2571427542,"lcl":2.2128617452,"lvc":3.0002130069,"CcPropSd":0.36908957164,"etaLcl":0.12047957203,"etaLvc":0.049137465724,"(etaLcl,etaLvc)":0.075733741334,"rho_(etaLcl,etaLvc)":0.98429737521},"failed_clients":[],"attempt":1,"files":{"result":"/project/temp/deferiprone_single_oral_25mgkg_designcheck_20260511/validation/design_change_n403030_wtmclustT10_nomix_site403030_nondesignquota_precisionchol_basefitbootinit_preboot_20260521/runs/scenario2/bootstrap/federated/scenario2/raw_runs/run_20260523-144640/optim_result_trial_435_20260523-150045.json","trace":"/project/temp/deferiprone_single_oral_25mgkg_designcheck_20260511/validation/design_change_n403030_wtmclustT10_nomix_site403030_nondesignquota_precisionchol_basefitbootinit_preboot_20260521/runs/scenario2/bootstrap/federated/scenario2/raw_runs/run_20260523-144640/optim_trace_trial_435_20260523-150045.csv","final":"/project/temp/deferiprone_single_oral_25mgkg_designcheck_20260511/validation/design_change_n403030_wtmclustT10_nomix_site403030_nondesignquota_precisionchol_basefitbootinit_preboot_20260521/runs/scenario2/bootstrap/federated/scenario2/raw_runs/run_20260523-144640/final_params_trial_435_20260523-150045.csv"},"log_n":21,"execution_state":"completed","trial":435,"attempts":1}],"trial_status":[{"trial":431,"execution_state":"completed","converged":true,"attempts":1,"convergence":0,"value":2190.4596,"eval_fn":36,"eval_gr":36,"log_n":36,"failed_clients_n":0,"message":"CONVERGENCE: REL_REDUCTION_OF_F <= FACTR*EPSMCH","result_file":"/project/temp/deferiprone_single_oral_25mgkg_designcheck_20260511/validation/design_change_n403030_wtmclustT10_nomix_site403030_nondesignquota_precisionchol_basefitbootinit_preboot_20260521/runs/scenario2/bootstrap/federated/scenario2/raw_runs/run_20260523-144640/optim_result_trial_431_20260523-144640.json","trace_file":"/project/temp/deferiprone_single_oral_25mgkg_designcheck_20260511/validation/design_change_n403030_wtmclustT10_nomix_site403030_nondesignquota_precisionchol_basefitbootinit_preboot_20260521/runs/scenario2/bootstrap/federated/scenario2/raw_runs/run_20260523-144640/optim_trace_trial_431_20260523-144640.csv","final_file":"/project/temp/deferiprone_single_oral_25mgkg_designcheck_20260511/validation/design_change_n403030_wtmclustT10_nomix_site403030_nondesignquota_precisionchol_basefitbootinit_preboot_20260521/runs/scenario2/bootstrap/federated/scenario2/raw_runs/run_20260523-144640/final_params_trial_431_20260523-144640.csv"},{"trial":432,"execution_state":"completed","converged":true,"attempts":1,"convergence":0,"value":2262.2678,"eval_fn":23,"eval_gr":23,"log_n":23,"failed_clients_n":0,"message":"CONVERGENCE: REL_REDUCTION_OF_F <= FACTR*EPSMCH","result_file":"/project/temp/deferiprone_single_oral_25mgkg_designcheck_20260511/validation/design_change_n403030_wtmclustT10_nomix_site403030_nondesignquota_precisionchol_basefitbootinit_preboot_20260521/runs/scenario2/bootstrap/federated/scenario2/raw_runs/run_20260523-144640/optim_result_trial_432_20260523-145112.json","trace_file":"/project/temp/deferiprone_single_oral_25mgkg_designcheck_20260511/validation/design_change_n403030_wtmclustT10_nomix_site403030_nondesignquota_precisionchol_basefitbootinit_preboot_20260521/runs/scenario2/bootstrap/federated/scenario2/raw_runs/run_20260523-144640/optim_trace_trial_432_20260523-145112.csv","final_file":"/project/temp/deferiprone_single_oral_25mgkg_designcheck_20260511/validation/design_change_n403030_wtmclustT10_nomix_site403030_nondesignquota_precisionchol_basefitbootinit_preboot_20260521/runs/scenario2/bootstrap/federated/scenario2/raw_runs/run_20260523-144640/final_params_trial_432_20260523-145112.csv"},{"trial":433,"execution_state":"completed","converged":true,"attempts":1,"convergence":0,"value":2221.7712,"eval_fn":24,"eval_gr":24,"log_n":24,"failed_clients_n":0,"message":"CONVERGENCE: REL_REDUCTION_OF_F <= FACTR*EPSMCH","result_file":"/project/temp/deferiprone_single_oral_25mgkg_designcheck_20260511/validation/design_change_n403030_wtmclustT10_nomix_site403030_nondesignquota_precisionchol_basefitbootinit_preboot_20260521/runs/scenario2/bootstrap/federated/scenario2/raw_runs/run_20260523-144640/optim_result_trial_433_20260523-145407.json","trace_file":"/project/temp/deferiprone_single_oral_25mgkg_designcheck_20260511/validation/design_change_n403030_wtmclustT10_nomix_site403030_nondesignquota_precisionchol_basefitbootinit_preboot_20260521/runs/scenario2/bootstrap/federated/scenario2/raw_runs/run_20260523-144640/optim_trace_trial_433_20260523-145407.csv","final_file":"/project/temp/deferiprone_single_oral_25mgkg_designcheck_20260511/validation/design_change_n403030_wtmclustT10_nomix_site403030_nondesignquota_precisionchol_basefitbootinit_preboot_20260521/runs/scenario2/bootstrap/federated/scenario2/raw_runs/run_20260523-144640/final_params_trial_433_20260523-145407.csv"},{"trial":434,"execution_state":"completed","converged":true,"attempts":1,"convergence":0,"value":2198.9367,"eval_fn":28,"eval_gr":28,"log_n":28,"failed_clients_n":0,"message":"CONVERGENCE: REL_REDUCTION_OF_F <= FACTR*EPSMCH","result_file":"/project/temp/deferiprone_single_oral_25mgkg_designcheck_20260511/validation/design_change_n403030_wtmclustT10_nomix_site403030_nondesignquota_precisionchol_basefitbootinit_preboot_20260521/runs/scenario2/bootstrap/federated/scenario2/raw_runs/run_20260523-144640/optim_result_trial_434_20260523-145709.json","trace_file":"/project/temp/deferiprone_single_oral_25mgkg_designcheck_20260511/validation/design_change_n403030_wtmclustT10_nomix_site403030_nondesignquota_precisionchol_basefitbootinit_preboot_20260521/runs/scenario2/bootstrap/federated/scenario2/raw_runs/run_20260523-144640/optim_trace_trial_434_20260523-145709.csv","final_file":"/project/temp/deferiprone_single_oral_25mgkg_designcheck_20260511/validation/design_change_n403030_wtmclustT10_nomix_site403030_nondesignquota_precisionchol_basefitbootinit_preboot_20260521/runs/scenario2/bootstrap/federated/scenario2/raw_runs/run_20260523-144640/final_params_trial_434_20260523-145709.csv"},{"trial":435,"execution_state":"completed","converged":true,"attempts":1,"convergence":0,"value":2213.2325,"eval_fn":21,"eval_gr":21,"log_n":21,"failed_clients_n":0,"message":"CONVERGENCE: REL_REDUCTION_OF_F <= FACTR*EPSMCH","result_file":"/project/temp/deferiprone_single_oral_25mgkg_designcheck_20260511/validation/design_change_n403030_wtmclustT10_nomix_site403030_nondesignquota_precisionchol_basefitbootinit_preboot_20260521/runs/scenario2/bootstrap/federated/scenario2/raw_runs/run_20260523-144640/optim_result_trial_435_20260523-150045.json","trace_file":"/project/temp/deferiprone_single_oral_25mgkg_designcheck_20260511/validation/design_change_n403030_wtmclustT10_nomix_site403030_nondesignquota_precisionchol_basefitbootinit_preboot_20260521/runs/scenario2/bootstrap/federated/scenario2/raw_runs/run_20260523-144640/optim_trace_trial_435_20260523-150045.csv","final_file":"/project/temp/deferiprone_single_oral_25mgkg_designcheck_20260511/validation/design_change_n403030_wtmclustT10_nomix_site403030_nondesignquota_precisionchol_basefitbootinit_preboot_20260521/runs/scenario2/bootstrap/federated/scenario2/raw_runs/run_20260523-144640/final_params_trial_435_20260523-150045.csv"}],"info":{"run_id":"20260523-144640","log_base_dir":"/project/temp/deferiprone_single_oral_25mgkg_designcheck_20260511/validation/design_change_n403030_wtmclustT10_nomix_site403030_nondesignquota_precisionchol_basefitbootinit_preboot_20260521/runs/scenario2/bootstrap/federated","scenario":"scenario2/raw_runs","total_trials":5,"successes":5,"failures":0,"nonconverged_count":0,"nonconverged_trials":[],"convergence_missing_count":0,"seed_base":4869,"B_per_client":500,"duration_sec":1011.8635063171,"host":"4ccda994a218","image_tag":null,"communication":{"generated_at":"2026-05-23T15:03:26Z","totals":{"requests":795,"request_bytes":886041,"response_bytes":201288,"total_bytes":1087329,"retries":0},"init":{"requests":3,"request_bytes":8139,"response_bytes":1161,"total_bytes":9300,"retries":0,"median_elapsed_sec":0.36744713783},"init_round_latency":{"n_rounds":1,"median_round_wall_sec":0.37136435509,"p95_round_wall_sec":0.37136435509},"run":{"requests":0,"request_bytes":0,"response_bytes":0,"total_bytes":0,"retries":0,"median_elapsed_sec":"NA"},"run_bootstrap":{"requests":792,"request_bytes":877902,"response_bytes":200127,"total_bytes":1078029,"retries":0,"median_elapsed_sec":3.6554777622},"round_latency":{"n_rounds":264,"median_round_wall_sec":3.7712901831,"p95_round_wall_sec":4.0533028245},"timing_split":{"n_rounds":264,"rounds_with_compute":264,"total_round_wall_sec":1000.5346362591,"total_round_compute_wall_sec":991.7944,"total_round_comm_overhead_wall_sec":8.7402362591,"comm_overhead_ratio":0.0087355659088,"compute_ratio":0.99126443409}},"communication_files":{"csv":"/project/temp/deferiprone_single_oral_25mgkg_designcheck_20260511/validation/design_change_n403030_wtmclustT10_nomix_site403030_nondesignquota_precisionchol_basefitbootinit_preboot_20260521/runs/scenario2/bootstrap/federated/scenario2/raw_runs/run_20260523-144640/comm_metrics.csv","json":"/project/temp/deferiprone_single_oral_25mgkg_designcheck_20260511/validation/design_change_n403030_wtmclustT10_nomix_site403030_nondesignquota_precisionchol_basefitbootinit_preboot_20260521/runs/scenario2/bootstrap/federated/scenario2/raw_runs/run_20260523-144640/comm_metrics.json"},"output_files":{"bootstrap_summary_csv":"/project/temp/deferiprone_single_oral_25mgkg_designcheck_20260511/validation/design_change_n403030_wtmclustT10_nomix_site403030_nondesignquota_precisionchol_basefitbootinit_preboot_20260521/runs/scenario2/bootstrap/federated/scenario2/raw_runs/run_20260523-144640/bootstrap_summary.csv","bootstrap_summary_json":"/project/temp/deferiprone_single_oral_25mgkg_designcheck_20260511/validation/design_change_n403030_wtmclustT10_nomix_site403030_nondesignquota_precisionchol_basefitbootinit_preboot_20260521/runs/scenario2/bootstrap/federated/scenario2/raw_runs/run_20260523-144640/bootstrap_summary.json","trial_status_csv":"/project/temp/deferiprone_single_oral_25mgkg_designcheck_20260511/validation/design_change_n403030_wtmclustT10_nomix_site403030_nondesignquota_precisionchol_basefitbootinit_preboot_20260521/runs/scenario2/bootstrap/federated/scenario2/raw_runs/run_20260523-144640/trial_status.csv","failed_trials_csv":"/project/temp/deferiprone_single_oral_25mgkg_designcheck_20260511/validation/design_change_n403030_wtmclustT10_nomix_site403030_nondesignquota_precisionchol_basefitbootinit_preboot_20260521/runs/scenario2/bootstrap/federated/scenario2/raw_runs/run_20260523-144640/failed_trials.csv","trial_estimates_wide_csv":"/project/temp/deferiprone_single_oral_25mgkg_designcheck_20260511/validation/design_change_n403030_wtmclustT10_nomix_site403030_nondesignquota_precisionchol_basefitbootinit_preboot_20260521/runs/scenario2/bootstrap/federated/scenario2/raw_runs/run_20260523-144640/trial_estimates_wide.csv","trial_estimates_long_csv":"/project/temp/deferiprone_single_oral_25mgkg_designcheck_20260511/validation/design_change_n403030_wtmclustT10_nomix_site403030_nondesignquota_precisionchol_basefitbootinit_preboot_20260521/runs/scenario2/bootstrap/federated/scenario2/raw_runs/run_20260523-144640/trial_estimates_long.csv","result_json":"/project/temp/deferiprone_single_oral_25mgkg_designcheck_20260511/validation/design_change_n403030_wtmclustT10_nomix_site403030_nondesignquota_precisionchol_basefitbootinit_preboot_20260521/runs/scenario2/bootstrap/federated/scenario2/raw_runs/run_20260523-144640/result.json"}}}
[Kserver-1 exited with code 0
Aborting on container exit...
 Container defboot_design_change_n403030_wtmclu_scenario2_431_435-server-1  Stopping
 Container defboot_design_change_n403030_wtmclu_scenario2_431_435-server-1  Stopped
 Container defboot_design_change_n403030_wtmclu_scenario2_431_435-client1-1  Stopping
 Container defboot_design_change_n403030_wtmclu_scenario2_431_435-client2-1  Stopping
 Container defboot_design_change_n403030_wtmclu_scenario2_431_435-client3-1  Stopping
 Container defboot_design_change_n403030_wtmclu_scenario2_431_435-client2-1  Stopped
 Container defboot_design_change_n403030_wtmclu_scenario2_431_435-client1-1  Stopped
 Container defboot_design_change_n403030_wtmclu_scenario2_431_435-client3-1  Stopped
time="2026-05-24T00:03:37+09:00" level=warning msg="The \"SERVER_CONFIG_PATH\" variable is not set. Defaulting to a blank string."
 Container defboot_design_change_n403030_wtmclu_scenario2_431_435-server-1  Stopping
 Container defboot_design_change_n403030_wtmclu_scenario2_431_435-server-1  Stopped
 Container defboot_design_change_n403030_wtmclu_scenario2_431_435-server-1  Removing
 Container defboot_design_change_n403030_wtmclu_scenario2_431_435-server-1  Removed
 Container defboot_design_change_n403030_wtmclu_scenario2_431_435-client3-1  Stopping
 Container defboot_design_change_n403030_wtmclu_scenario2_431_435-client1-1  Stopping
 Container defboot_design_change_n403030_wtmclu_scenario2_431_435-client2-1  Stopping
 Container defboot_design_change_n403030_wtmclu_scenario2_431_435-client3-1  Stopped
 Container defboot_design_change_n403030_wtmclu_scenario2_431_435-client3-1  Removing
 Container defboot_design_change_n403030_wtmclu_scenario2_431_435-client2-1  Stopped
 Container defboot_design_change_n403030_wtmclu_scenario2_431_435-client2-1  Removing
 Container defboot_design_change_n403030_wtmclu_scenario2_431_435-client1-1  Stopped
 Container defboot_design_change_n403030_wtmclu_scenario2_431_435-client1-1  Removing
 Container defboot_design_change_n403030_wtmclu_scenario2_431_435-client3-1  Removed
 Container defboot_design_change_n403030_wtmclu_scenario2_431_435-client1-1  Removed
 Container defboot_design_change_n403030_wtmclu_scenario2_431_435-client2-1  Removed
 Network defboot_design_change_n403030_wtmclu_scenario2_431_435_site2_net  Removing
 Network defboot_design_change_n403030_wtmclu_scenario2_431_435_site1_net  Removing
 Network defboot_design_change_n403030_wtmclu_scenario2_431_435_site3_net  Removing
 Network defboot_design_change_n403030_wtmclu_scenario2_431_435_site2_net  Removed
 Network defboot_design_change_n403030_wtmclu_scenario2_431_435_site3_net  Removed
 Network defboot_design_change_n403030_wtmclu_scenario2_431_435_site1_net  Removed
