time="2026-05-23T19:29:55+09:00" level=warning msg="The \"SERVER_CONFIG_PATH\" variable is not set. Defaulting to a blank string."
Compose now can delegate build to bake for better performances
Just set COMPOSE_BAKE=true
#0 building with "default" instance using docker driver

#1 [client3 internal] load build definition from Dockerfile.app
#1 transferring dockerfile: 778B done
#1 DONE 0.0s

#2 [client2 internal] load build definition from Dockerfile.app
#2 transferring dockerfile: 778B done
#2 DONE 0.0s

#3 [client1 internal] load build definition from Dockerfile.app
#3 transferring dockerfile: 778B done
#3 DONE 0.0s

#4 [client1 internal] load metadata for docker.io/fedpoppk/base:0.1.0
#4 DONE 0.0s

#5 [client3 internal] load .dockerignore
#5 transferring context: 2B done
#5 DONE 0.0s

#6 [client2 internal] load .dockerignore
#6 transferring context: 2B done
#6 DONE 0.0s

#7 [client1 1/8] FROM docker.io/fedpoppk/base:0.1.0
#7 DONE 0.0s

#8 [client1 internal] load .dockerignore
#8 transferring context: 2B done
#8 DONE 0.0s

#9 [client3 internal] load build context
#9 transferring context: 736.51kB 0.3s done
#9 DONE 0.3s

#10 [client2 internal] load build context
#10 transferring context: 736.51kB 0.3s done
#10 DONE 0.3s

#11 [client1 internal] load build context
#11 transferring context: 736.51kB 0.3s done
#11 DONE 0.3s

#12 [client2 3/8] COPY renv.lock .Rprofile renv/activate.R ./
#12 CACHED

#13 [client2 2/8] WORKDIR /project
#13 CACHED

#14 [client2 5/8] COPY apps/ apps/
#14 CACHED

#15 [client2 6/8] COPY R/ R/
#15 CACHED

#16 [client2 7/8] COPY analysis/ analysis/
#16 CACHED

#17 [client2 4/8] RUN Rscript -e "options(renv.consent=TRUE, Ncpus=parallel::detectCores());                 renv::restore(prompt=FALSE)"
#17 CACHED

#18 [client1 8/8] RUN mkdir -p /project/configs/modes /project/data /project/artifacts /project/result
#18 CACHED

#19 [client2] exporting to image
#19 exporting layers done
#19 writing image sha256:c8d7d4ecaca254684cea184e9224a2b257d91e4cf479f346fe40cfcffdaef8b2 done
#19 naming to docker.io/library/defboot_design_change_n403030_wtmclu_scenario2_346_350-client2 0.0s done
#19 DONE 0.0s

#20 [client1] exporting to image
#20 exporting layers done
#20 writing image sha256:69f5df0903ab30e593893a87ea36ff784f938791b5e09d6ea32b4e96a43a7a1b done
#20 naming to docker.io/library/defboot_design_change_n403030_wtmclu_scenario2_346_350-client1 0.1s done
#20 DONE 0.1s

#21 [client2] resolving provenance for metadata file
#21 DONE 0.0s

#22 [client3] exporting to image
#22 exporting layers done
#22 writing image sha256:75143c544a9ed214aa58875e7c55255b3d7eced550599a3a90544eacd7909757 done
#22 naming to docker.io/library/defboot_design_change_n403030_wtmclu_scenario2_346_350-client3 0.1s done
#22 DONE 0.1s

#23 [client1] resolving provenance for metadata file
#23 DONE 0.0s

#24 [client3] resolving provenance for metadata file
#24 DONE 0.0s

#25 [server internal] load build definition from Dockerfile.app
#25 transferring dockerfile: 778B done
#25 DONE 0.0s

#4 [server internal] load metadata for docker.io/fedpoppk/base:0.1.0
#4 DONE 0.0s

#26 [server internal] load .dockerignore
#26 transferring context: 2B done
#26 DONE 0.0s

#7 [server 1/8] FROM docker.io/fedpoppk/base:0.1.0
#7 DONE 0.0s

#27 [server internal] load build context
#27 transferring context: 736.51kB 0.4s done
#27 DONE 0.4s

#28 [server 5/8] COPY apps/ apps/
#28 CACHED

#29 [server 6/8] COPY R/ R/
#29 CACHED

#13 [server 2/8] WORKDIR /project
#13 CACHED

#30 [server 4/8] RUN Rscript -e "options(renv.consent=TRUE, Ncpus=parallel::detectCores());                 renv::restore(prompt=FALSE)"
#30 CACHED

#31 [server 7/8] COPY analysis/ analysis/
#31 CACHED

#32 [server 3/8] COPY renv.lock .Rprofile renv/activate.R ./
#32 CACHED

#33 [server 8/8] RUN mkdir -p /project/configs/modes /project/data /project/artifacts /project/result
#33 CACHED

#34 [server] exporting to image
#34 exporting layers done
#34 writing image sha256:c776957793e881978bbf8d12ea1bfafe4b43a1a2847cc2c5ca81900f9ddd31af done
#34 naming to docker.io/library/defboot_design_change_n403030_wtmclu_scenario2_346_350-server 0.0s done
#34 DONE 0.0s

#35 [server] resolving provenance for metadata file
#35 DONE 0.0s
 client1  Built
 client2  Built
 client3  Built
 server  Built
 Network defboot_design_change_n403030_wtmclu_scenario2_346_350_site1_net  Creating
 Network defboot_design_change_n403030_wtmclu_scenario2_346_350_site1_net  Created
 Network defboot_design_change_n403030_wtmclu_scenario2_346_350_site2_net  Creating
 Network defboot_design_change_n403030_wtmclu_scenario2_346_350_site2_net  Created
 Network defboot_design_change_n403030_wtmclu_scenario2_346_350_site3_net  Creating
 Network defboot_design_change_n403030_wtmclu_scenario2_346_350_site3_net  Created
 Container defboot_design_change_n403030_wtmclu_scenario2_346_350-client2-1  Creating
 Container defboot_design_change_n403030_wtmclu_scenario2_346_350-client1-1  Creating
 Container defboot_design_change_n403030_wtmclu_scenario2_346_350-client3-1  Creating
 Container defboot_design_change_n403030_wtmclu_scenario2_346_350-client2-1  Created
 Container defboot_design_change_n403030_wtmclu_scenario2_346_350-client1-1  Created
 Container defboot_design_change_n403030_wtmclu_scenario2_346_350-client3-1  Created
 Container defboot_design_change_n403030_wtmclu_scenario2_346_350-server-1  Creating
 Container defboot_design_change_n403030_wtmclu_scenario2_346_350-server-1  Created
Attaching to client1-1, client2-1, client3-1, server-1
client3-1  | Running plumber API at http://0.0.0.0:8000
client1-1  | Running plumber API at http://0.0.0.0:8000
client3-1  | Running swagger Docs at http://127.0.0.1:8000/__docs__/
client1-1  | Running swagger Docs at http://127.0.0.1:8000/__docs__/
client2-1  | Running plumber API at http://0.0.0.0:8000
client2-1  | Running swagger Docs at http://127.0.0.1:8000/__docs__/
client1-1  | ℹ parameter labels from comments are typically ignored in non-interactive mode
client1-1  | ℹ Need to run with the source intact to parse comments
client2-1  | ℹ parameter labels from comments are typically ignored in non-interactive mode
client2-1  | ℹ Need to run with the source intact to parse comments
client3-1  | ℹ parameter labels from comments are typically ignored in non-interactive mode
client3-1  | ℹ Need to run with the source intact to parse comments
server-1   | [send_init] http://client1:8000 init succeeded
server-1   | [send_init] http://client2:8000 init succeeded
server-1   | [send_init] http://client3:8000 init succeeded
server-1   | {"schema":{"schema_version":"1.1.0","generated_at":"2026-05-23T10:30:04Z","config_path":"/project/configs/../temp/deferiprone_single_oral_25mgkg_designcheck_20260511/validation/design_change_n403030_wtmclustT10_nomix_site403030_nondesignquota_precisionchol_basefitbootinit_preboot_20260521/configs/resolved/scenario2_bootstrap.json","config_md5":"67e6a296d3935d620e746ed6160f8ca2","seed":4869,"host":"306da9a046a8","pid":1,"image_tag":null,"git_sha":null,"git_dirty":null},"aggregation":{"ci_method":"percentile","ci_level":0.95,"quantile_type":7,"estimates_scale":"natural"},"summary":[{"parameter":"(etaLcl,etaLvc)","median":0.05596704623,"p2.5":0.042511762854,"p97.5":0.063045222728},{"parameter":"CcPropSd","median":0.34078452797,"p2.5":0.3317926721,"p97.5":0.38072678336},{"parameter":"etaLcl","median":0.1013564143,"p2.5":0.070062636817,"p97.5":0.10669127704},{"parameter":"etaLvc","median":0.033638784388,"p2.5":0.02676974394,"p97.5":0.039831398358},{"parameter":"lcl","median":2.1443770774,"p2.5":2.1042157126,"p97.5":2.2051583914},{"parameter":"lka","median":2.3572994634,"p2.5":2.1643386023,"p97.5":2.5126846818},{"parameter":"lvc","median":2.9624231117,"p2.5":2.9168773834,"p97.5":3.0035297159},{"parameter":"rho_(etaLcl,etaLvc)","median":0.9773368714,"p2.5":0.97174147906,"p97.5":0.98073444652}],"runs":[{"tag":"trial_346_20260523-103004","value":2219.4863,"counts":[34,34],"control":{"maxit":100,"factr":1000000000,"pgtol":0,"trace":0,"method":"L-BFGS-B"},"convergence":0,"message":"CONVERGENCE: REL_REDUCTION_OF_F <= FACTR*EPSMCH","nat_par":{"lka":2.3572994634,"lcl":2.1443770774,"lvc":3.0040642996,"CcPropSd":0.34078452797,"etaLcl":0.10687798968,"etaLvc":0.033638784388,"(etaLcl,etaLvc)":0.058601477817,"rho_(etaLcl,etaLvc)":0.9773368714},"failed_clients":[],"attempt":1,"files":{"result":"/project/temp/deferiprone_single_oral_25mgkg_designcheck_20260511/validation/design_change_n403030_wtmclustT10_nomix_site403030_nondesignquota_precisionchol_basefitbootinit_preboot_20260521/runs/scenario2/bootstrap/federated/scenario2/raw_runs/run_20260523-103004/optim_result_trial_346_20260523-103004.json","trace":"/project/temp/deferiprone_single_oral_25mgkg_designcheck_20260511/validation/design_change_n403030_wtmclustT10_nomix_site403030_nondesignquota_precisionchol_basefitbootinit_preboot_20260521/runs/scenario2/bootstrap/federated/scenario2/raw_runs/run_20260523-103004/optim_trace_trial_346_20260523-103004.csv","final":"/project/temp/deferiprone_single_oral_25mgkg_designcheck_20260511/validation/design_change_n403030_wtmclustT10_nomix_site403030_nondesignquota_precisionchol_basefitbootinit_preboot_20260521/runs/scenario2/bootstrap/federated/scenario2/raw_runs/run_20260523-103004/final_params_trial_346_20260523-103004.csv"},"log_n":33,"execution_state":"completed","trial":346,"attempts":1},{"tag":"trial_347_20260523-103414","value":2191.234,"counts":[22,22],"control":{"maxit":100,"factr":1000000000,"pgtol":0,"trace":0,"method":"L-BFGS-B"},"convergence":0,"message":"CONVERGENCE: REL_REDUCTION_OF_F <= FACTR*EPSMCH","nat_par":{"lka":2.2470302956,"lcl":2.1372609811,"lvc":2.9163636265,"CcPropSd":0.33134599908,"etaLcl":0.1013564143,"etaLvc":0.027231141597,"(etaLcl,etaLvc)":0.051077998271,"rho_(etaLcl,etaLvc)":0.97224412125},"failed_clients":[],"attempt":1,"files":{"result":"/project/temp/deferiprone_single_oral_25mgkg_designcheck_20260511/validation/design_change_n403030_wtmclustT10_nomix_site403030_nondesignquota_precisionchol_basefitbootinit_preboot_20260521/runs/scenario2/bootstrap/federated/scenario2/raw_runs/run_20260523-103004/optim_result_trial_347_20260523-103414.json","trace":"/project/temp/deferiprone_single_oral_25mgkg_designcheck_20260511/validation/design_change_n403030_wtmclustT10_nomix_site403030_nondesignquota_precisionchol_basefitbootinit_preboot_20260521/runs/scenario2/bootstrap/federated/scenario2/raw_runs/run_20260523-103004/optim_trace_trial_347_20260523-103414.csv","final":"/project/temp/deferiprone_single_oral_25mgkg_designcheck_20260511/validation/design_change_n403030_wtmclustT10_nomix_site403030_nondesignquota_precisionchol_basefitbootinit_preboot_20260521/runs/scenario2/bootstrap/federated/scenario2/raw_runs/run_20260523-103004/final_params_trial_347_20260523-103414.csv"},"log_n":22,"execution_state":"completed","trial":347,"attempts":1},{"tag":"trial_348_20260523-103702","value":2211.9907,"counts":[28,28],"control":{"maxit":100,"factr":1000000000,"pgtol":0,"trace":0,"method":"L-BFGS-B"},"convergence":0,"message":"CONVERGENCE: REL_REDUCTION_OF_F <= FACTR*EPSMCH","nat_par":{"lka":2.5276764385,"lcl":2.2082139487,"lvc":2.9987184628,"CcPropSd":0.37689953662,"etaLcl":0.084415348046,"etaLvc":0.038625238572,"(etaLcl,etaLvc)":0.05596704623,"rho_(etaLcl,etaLvc)":0.98013543729},"failed_clients":[],"attempt":1,"files":{"result":"/project/temp/deferiprone_single_oral_25mgkg_designcheck_20260511/validation/design_change_n403030_wtmclustT10_nomix_site403030_nondesignquota_precisionchol_basefitbootinit_preboot_20260521/runs/scenario2/bootstrap/federated/scenario2/raw_runs/run_20260523-103004/optim_result_trial_348_20260523-103702.json","trace":"/project/temp/deferiprone_single_oral_25mgkg_designcheck_20260511/validation/design_change_n403030_wtmclustT10_nomix_site403030_nondesignquota_precisionchol_basefitbootinit_preboot_20260521/runs/scenario2/bootstrap/federated/scenario2/raw_runs/run_20260523-103004/optim_trace_trial_348_20260523-103702.csv","final":"/project/temp/deferiprone_single_oral_25mgkg_designcheck_20260511/validation/design_change_n403030_wtmclustT10_nomix_site403030_nondesignquota_precisionchol_basefitbootinit_preboot_20260521/runs/scenario2/bootstrap/federated/scenario2/raw_runs/run_20260523-103004/final_params_trial_348_20260523-103702.csv"},"log_n":28,"execution_state":"completed","trial":348,"attempts":1},{"tag":"trial_349_20260523-104035","value":2187.684,"counts":[16,16],"control":{"maxit":100,"factr":1000000000,"pgtol":0,"trace":0,"method":"L-BFGS-B"},"convergence":0,"message":"CONVERGENCE: REL_REDUCTION_OF_F <= FACTR*EPSMCH","nat_par":{"lka":2.1551506364,"lcl":2.1776583756,"lvc":2.9215011958,"CcPropSd":0.33581272927,"etaLcl":0.10501086323,"etaLvc":0.039965416112,"(etaLcl,etaLvc)":0.063538972162,"rho_(etaLcl,etaLvc)":0.9808010031},"failed_clients":[],"attempt":1,"files":{"result":"/project/temp/deferiprone_single_oral_25mgkg_designcheck_20260511/validation/design_change_n403030_wtmclustT10_nomix_site403030_nondesignquota_precisionchol_basefitbootinit_preboot_20260521/runs/scenario2/bootstrap/federated/scenario2/raw_runs/run_20260523-103004/optim_result_trial_349_20260523-104035.json","trace":"/project/temp/deferiprone_single_oral_25mgkg_designcheck_20260511/validation/design_change_n403030_wtmclustT10_nomix_site403030_nondesignquota_precisionchol_basefitbootinit_preboot_20260521/runs/scenario2/bootstrap/federated/scenario2/raw_runs/run_20260523-103004/optim_trace_trial_349_20260523-104035.csv","final":"/project/temp/deferiprone_single_oral_25mgkg_designcheck_20260511/validation/design_change_n403030_wtmclustT10_nomix_site403030_nondesignquota_precisionchol_basefitbootinit_preboot_20260521/runs/scenario2/bootstrap/federated/scenario2/raw_runs/run_20260523-103004/final_params_trial_349_20260523-104035.csv"},"log_n":16,"execution_state":"completed","trial":349,"attempts":1},{"tag":"trial_350_20260523-104238","value":2271.5972,"counts":[26,26],"control":{"maxit":100,"factr":1000000000,"pgtol":0,"trace":0,"method":"L-BFGS-B"},"convergence":0,"message":"CONVERGENCE: REL_REDUCTION_OF_F <= FACTR*EPSMCH","nat_par":{"lka":2.3777588722,"lcl":2.1005440161,"lvc":2.9624231117,"CcPropSd":0.381152033,"etaLcl":0.068467891125,"etaLvc":0.026718477533,"(etaLcl,etaLvc)":0.041559958919,"rho_(etaLcl,etaLvc)":0.97168562992},"failed_clients":[],"attempt":1,"files":{"result":"/project/temp/deferiprone_single_oral_25mgkg_designcheck_20260511/validation/design_change_n403030_wtmclustT10_nomix_site403030_nondesignquota_precisionchol_basefitbootinit_preboot_20260521/runs/scenario2/bootstrap/federated/scenario2/raw_runs/run_20260523-103004/optim_result_trial_350_20260523-104238.json","trace":"/project/temp/deferiprone_single_oral_25mgkg_designcheck_20260511/validation/design_change_n403030_wtmclustT10_nomix_site403030_nondesignquota_precisionchol_basefitbootinit_preboot_20260521/runs/scenario2/bootstrap/federated/scenario2/raw_runs/run_20260523-103004/optim_trace_trial_350_20260523-104238.csv","final":"/project/temp/deferiprone_single_oral_25mgkg_designcheck_20260511/validation/design_change_n403030_wtmclustT10_nomix_site403030_nondesignquota_precisionchol_basefitbootinit_preboot_20260521/runs/scenario2/bootstrap/federated/scenario2/raw_runs/run_20260523-103004/final_params_trial_350_20260523-104238.csv"},"log_n":26,"execution_state":"completed","trial":350,"attempts":1}],"trial_status":[{"trial":346,"execution_state":"completed","converged":true,"attempts":1,"convergence":0,"value":2219.4863,"eval_fn":34,"eval_gr":34,"log_n":33,"failed_clients_n":0,"message":"CONVERGENCE: REL_REDUCTION_OF_F <= FACTR*EPSMCH","result_file":"/project/temp/deferiprone_single_oral_25mgkg_designcheck_20260511/validation/design_change_n403030_wtmclustT10_nomix_site403030_nondesignquota_precisionchol_basefitbootinit_preboot_20260521/runs/scenario2/bootstrap/federated/scenario2/raw_runs/run_20260523-103004/optim_result_trial_346_20260523-103004.json","trace_file":"/project/temp/deferiprone_single_oral_25mgkg_designcheck_20260511/validation/design_change_n403030_wtmclustT10_nomix_site403030_nondesignquota_precisionchol_basefitbootinit_preboot_20260521/runs/scenario2/bootstrap/federated/scenario2/raw_runs/run_20260523-103004/optim_trace_trial_346_20260523-103004.csv","final_file":"/project/temp/deferiprone_single_oral_25mgkg_designcheck_20260511/validation/design_change_n403030_wtmclustT10_nomix_site403030_nondesignquota_precisionchol_basefitbootinit_preboot_20260521/runs/scenario2/bootstrap/federated/scenario2/raw_runs/run_20260523-103004/final_params_trial_346_20260523-103004.csv"},{"trial":347,"execution_state":"completed","converged":true,"attempts":1,"convergence":0,"value":2191.234,"eval_fn":22,"eval_gr":22,"log_n":22,"failed_clients_n":0,"message":"CONVERGENCE: REL_REDUCTION_OF_F <= FACTR*EPSMCH","result_file":"/project/temp/deferiprone_single_oral_25mgkg_designcheck_20260511/validation/design_change_n403030_wtmclustT10_nomix_site403030_nondesignquota_precisionchol_basefitbootinit_preboot_20260521/runs/scenario2/bootstrap/federated/scenario2/raw_runs/run_20260523-103004/optim_result_trial_347_20260523-103414.json","trace_file":"/project/temp/deferiprone_single_oral_25mgkg_designcheck_20260511/validation/design_change_n403030_wtmclustT10_nomix_site403030_nondesignquota_precisionchol_basefitbootinit_preboot_20260521/runs/scenario2/bootstrap/federated/scenario2/raw_runs/run_20260523-103004/optim_trace_trial_347_20260523-103414.csv","final_file":"/project/temp/deferiprone_single_oral_25mgkg_designcheck_20260511/validation/design_change_n403030_wtmclustT10_nomix_site403030_nondesignquota_precisionchol_basefitbootinit_preboot_20260521/runs/scenario2/bootstrap/federated/scenario2/raw_runs/run_20260523-103004/final_params_trial_347_20260523-103414.csv"},{"trial":348,"execution_state":"completed","converged":true,"attempts":1,"convergence":0,"value":2211.9907,"eval_fn":28,"eval_gr":28,"log_n":28,"failed_clients_n":0,"message":"CONVERGENCE: REL_REDUCTION_OF_F <= FACTR*EPSMCH","result_file":"/project/temp/deferiprone_single_oral_25mgkg_designcheck_20260511/validation/design_change_n403030_wtmclustT10_nomix_site403030_nondesignquota_precisionchol_basefitbootinit_preboot_20260521/runs/scenario2/bootstrap/federated/scenario2/raw_runs/run_20260523-103004/optim_result_trial_348_20260523-103702.json","trace_file":"/project/temp/deferiprone_single_oral_25mgkg_designcheck_20260511/validation/design_change_n403030_wtmclustT10_nomix_site403030_nondesignquota_precisionchol_basefitbootinit_preboot_20260521/runs/scenario2/bootstrap/federated/scenario2/raw_runs/run_20260523-103004/optim_trace_trial_348_20260523-103702.csv","final_file":"/project/temp/deferiprone_single_oral_25mgkg_designcheck_20260511/validation/design_change_n403030_wtmclustT10_nomix_site403030_nondesignquota_precisionchol_basefitbootinit_preboot_20260521/runs/scenario2/bootstrap/federated/scenario2/raw_runs/run_20260523-103004/final_params_trial_348_20260523-103702.csv"},{"trial":349,"execution_state":"completed","converged":true,"attempts":1,"convergence":0,"value":2187.684,"eval_fn":16,"eval_gr":16,"log_n":16,"failed_clients_n":0,"message":"CONVERGENCE: REL_REDUCTION_OF_F <= FACTR*EPSMCH","result_file":"/project/temp/deferiprone_single_oral_25mgkg_designcheck_20260511/validation/design_change_n403030_wtmclustT10_nomix_site403030_nondesignquota_precisionchol_basefitbootinit_preboot_20260521/runs/scenario2/bootstrap/federated/scenario2/raw_runs/run_20260523-103004/optim_result_trial_349_20260523-104035.json","trace_file":"/project/temp/deferiprone_single_oral_25mgkg_designcheck_20260511/validation/design_change_n403030_wtmclustT10_nomix_site403030_nondesignquota_precisionchol_basefitbootinit_preboot_20260521/runs/scenario2/bootstrap/federated/scenario2/raw_runs/run_20260523-103004/optim_trace_trial_349_20260523-104035.csv","final_file":"/project/temp/deferiprone_single_oral_25mgkg_designcheck_20260511/validation/design_change_n403030_wtmclustT10_nomix_site403030_nondesignquota_precisionchol_basefitbootinit_preboot_20260521/runs/scenario2/bootstrap/federated/scenario2/raw_runs/run_20260523-103004/final_params_trial_349_20260523-104035.csv"},{"trial":350,"execution_state":"completed","converged":true,"attempts":1,"convergence":0,"value":2271.5972,"eval_fn":26,"eval_gr":26,"log_n":26,"failed_clients_n":0,"message":"CONVERGENCE: REL_REDUCTION_OF_F <= FACTR*EPSMCH","result_file":"/project/temp/deferiprone_single_oral_25mgkg_designcheck_20260511/validation/design_change_n403030_wtmclustT10_nomix_site403030_nondesignquota_precisionchol_basefitbootinit_preboot_20260521/runs/scenario2/bootstrap/federated/scenario2/raw_runs/run_20260523-103004/optim_result_trial_350_20260523-104238.json","trace_file":"/project/temp/deferiprone_single_oral_25mgkg_designcheck_20260511/validation/design_change_n403030_wtmclustT10_nomix_site403030_nondesignquota_precisionchol_basefitbootinit_preboot_20260521/runs/scenario2/bootstrap/federated/scenario2/raw_runs/run_20260523-103004/optim_trace_trial_350_20260523-104238.csv","final_file":"/project/temp/deferiprone_single_oral_25mgkg_designcheck_20260511/validation/design_change_n403030_wtmclustT10_nomix_site403030_nondesignquota_precisionchol_basefitbootinit_preboot_20260521/runs/scenario2/bootstrap/federated/scenario2/raw_runs/run_20260523-103004/final_params_trial_350_20260523-104238.csv"}],"info":{"run_id":"20260523-103004","log_base_dir":"/project/temp/deferiprone_single_oral_25mgkg_designcheck_20260511/validation/design_change_n403030_wtmclustT10_nomix_site403030_nondesignquota_precisionchol_basefitbootinit_preboot_20260521/runs/scenario2/bootstrap/federated","scenario":"scenario2/raw_runs","total_trials":5,"successes":5,"failures":0,"nonconverged_count":0,"nonconverged_trials":[],"convergence_missing_count":0,"seed_base":4869,"B_per_client":500,"duration_sec":959.9413080215,"host":"306da9a046a8","image_tag":null,"communication":{"generated_at":"2026-05-23T10:45:58Z","totals":{"requests":753,"request_bytes":839607,"response_bytes":191022,"total_bytes":1030629,"retries":0},"init":{"requests":3,"request_bytes":8139,"response_bytes":1161,"total_bytes":9300,"retries":0,"median_elapsed_sec":0.36836838722},"init_round_latency":{"n_rounds":1,"median_round_wall_sec":0.37776660919,"p95_round_wall_sec":0.37776660919},"run":{"requests":0,"request_bytes":0,"response_bytes":0,"total_bytes":0,"retries":0,"median_elapsed_sec":"NA"},"run_bootstrap":{"requests":750,"request_bytes":831468,"response_bytes":189861,"total_bytes":1021329,"retries":0,"median_elapsed_sec":3.6514186859},"round_latency":{"n_rounds":250,"median_round_wall_sec":3.7741340399,"p95_round_wall_sec":4.0340853572},"timing_split":{"n_rounds":250,"rounds_with_compute":250,"total_round_wall_sec":948.8228266239,"total_round_compute_wall_sec":940.5712,"total_round_comm_overhead_wall_sec":8.2516266239,"comm_overhead_ratio":0.0086966991016,"compute_ratio":0.9913033009}},"communication_files":{"csv":"/project/temp/deferiprone_single_oral_25mgkg_designcheck_20260511/validation/design_change_n403030_wtmclustT10_nomix_site403030_nondesignquota_precisionchol_basefitbootinit_preboot_20260521/runs/scenario2/bootstrap/federated/scenario2/raw_runs/run_20260523-103004/comm_metrics.csv","json":"/project/temp/deferiprone_single_oral_25mgkg_designcheck_20260511/validation/design_change_n403030_wtmclustT10_nomix_site403030_nondesignquota_precisionchol_basefitbootinit_preboot_20260521/runs/scenario2/bootstrap/federated/scenario2/raw_runs/run_20260523-103004/comm_metrics.json"},"output_files":{"bootstrap_summary_csv":"/project/temp/deferiprone_single_oral_25mgkg_designcheck_20260511/validation/design_change_n403030_wtmclustT10_nomix_site403030_nondesignquota_precisionchol_basefitbootinit_preboot_20260521/runs/scenario2/bootstrap/federated/scenario2/raw_runs/run_20260523-103004/bootstrap_summary.csv","bootstrap_summary_json":"/project/temp/deferiprone_single_oral_25mgkg_designcheck_20260511/validation/design_change_n403030_wtmclustT10_nomix_site403030_nondesignquota_precisionchol_basefitbootinit_preboot_20260521/runs/scenario2/bootstrap/federated/scenario2/raw_runs/run_20260523-103004/bootstrap_summary.json","trial_status_csv":"/project/temp/deferiprone_single_oral_25mgkg_designcheck_20260511/validation/design_change_n403030_wtmclustT10_nomix_site403030_nondesignquota_precisionchol_basefitbootinit_preboot_20260521/runs/scenario2/bootstrap/federated/scenario2/raw_runs/run_20260523-103004/trial_status.csv","failed_trials_csv":"/project/temp/deferiprone_single_oral_25mgkg_designcheck_20260511/validation/design_change_n403030_wtmclustT10_nomix_site403030_nondesignquota_precisionchol_basefitbootinit_preboot_20260521/runs/scenario2/bootstrap/federated/scenario2/raw_runs/run_20260523-103004/failed_trials.csv","trial_estimates_wide_csv":"/project/temp/deferiprone_single_oral_25mgkg_designcheck_20260511/validation/design_change_n403030_wtmclustT10_nomix_site403030_nondesignquota_precisionchol_basefitbootinit_preboot_20260521/runs/scenario2/bootstrap/federated/scenario2/raw_runs/run_20260523-103004/trial_estimates_wide.csv","trial_estimates_long_csv":"/project/temp/deferiprone_single_oral_25mgkg_designcheck_20260511/validation/design_change_n403030_wtmclustT10_nomix_site403030_nondesignquota_precisionchol_basefitbootinit_preboot_20260521/runs/scenario2/bootstrap/federated/scenario2/raw_runs/run_20260523-103004/trial_estimates_long.csv","result_json":"/project/temp/deferiprone_single_oral_25mgkg_designcheck_20260511/validation/design_change_n403030_wtmclustT10_nomix_site403030_nondesignquota_precisionchol_basefitbootinit_preboot_20260521/runs/scenario2/bootstrap/federated/scenario2/raw_runs/run_20260523-103004/result.json"}}}
[Kserver-1 exited with code 0
Aborting on container exit...
 Container defboot_design_change_n403030_wtmclu_scenario2_346_350-server-1  Stopping
 Container defboot_design_change_n403030_wtmclu_scenario2_346_350-server-1  Stopped
 Container defboot_design_change_n403030_wtmclu_scenario2_346_350-client1-1  Stopping
 Container defboot_design_change_n403030_wtmclu_scenario2_346_350-client2-1  Stopping
 Container defboot_design_change_n403030_wtmclu_scenario2_346_350-client3-1  Stopping
 Container defboot_design_change_n403030_wtmclu_scenario2_346_350-client1-1  Stopped
 Container defboot_design_change_n403030_wtmclu_scenario2_346_350-client3-1  Stopped
 Container defboot_design_change_n403030_wtmclu_scenario2_346_350-client2-1  Stopped
time="2026-05-23T19:46:09+09:00" level=warning msg="The \"SERVER_CONFIG_PATH\" variable is not set. Defaulting to a blank string."
 Container defboot_design_change_n403030_wtmclu_scenario2_346_350-server-1  Stopping
 Container defboot_design_change_n403030_wtmclu_scenario2_346_350-server-1  Stopped
 Container defboot_design_change_n403030_wtmclu_scenario2_346_350-server-1  Removing
 Container defboot_design_change_n403030_wtmclu_scenario2_346_350-server-1  Removed
 Container defboot_design_change_n403030_wtmclu_scenario2_346_350-client3-1  Stopping
 Container defboot_design_change_n403030_wtmclu_scenario2_346_350-client1-1  Stopping
 Container defboot_design_change_n403030_wtmclu_scenario2_346_350-client2-1  Stopping
 Container defboot_design_change_n403030_wtmclu_scenario2_346_350-client3-1  Stopped
 Container defboot_design_change_n403030_wtmclu_scenario2_346_350-client3-1  Removing
 Container defboot_design_change_n403030_wtmclu_scenario2_346_350-client1-1  Stopped
 Container defboot_design_change_n403030_wtmclu_scenario2_346_350-client1-1  Removing
 Container defboot_design_change_n403030_wtmclu_scenario2_346_350-client2-1  Stopped
 Container defboot_design_change_n403030_wtmclu_scenario2_346_350-client2-1  Removing
 Container defboot_design_change_n403030_wtmclu_scenario2_346_350-client3-1  Removed
 Container defboot_design_change_n403030_wtmclu_scenario2_346_350-client1-1  Removed
 Container defboot_design_change_n403030_wtmclu_scenario2_346_350-client2-1  Removed
 Network defboot_design_change_n403030_wtmclu_scenario2_346_350_site2_net  Removing
 Network defboot_design_change_n403030_wtmclu_scenario2_346_350_site1_net  Removing
 Network defboot_design_change_n403030_wtmclu_scenario2_346_350_site3_net  Removing
 Network defboot_design_change_n403030_wtmclu_scenario2_346_350_site2_net  Removed
 Network defboot_design_change_n403030_wtmclu_scenario2_346_350_site1_net  Removed
 Network defboot_design_change_n403030_wtmclu_scenario2_346_350_site3_net  Removed
