time="2026-05-23T16:09:19+09:00" level=warning msg="The \"SERVER_CONFIG_PATH\" variable is not set. Defaulting to a blank string."
Compose now can delegate build to bake for better performances
Just set COMPOSE_BAKE=true
#0 building with "default" instance using docker driver

#1 [client1 internal] load build definition from Dockerfile.app
#1 transferring dockerfile: 778B done
#1 DONE 0.0s

#2 [client2 internal] load build definition from Dockerfile.app
#2 transferring dockerfile: 778B done
#2 DONE 0.0s

#3 [client3 internal] load build definition from Dockerfile.app
#3 transferring dockerfile: 778B done
#3 DONE 0.0s

#4 [client3 internal] load metadata for docker.io/fedpoppk/base:0.1.0
#4 DONE 0.0s

#5 [client1 internal] load .dockerignore
#5 transferring context: 2B done
#5 DONE 0.0s

#6 [client2 internal] load .dockerignore
#6 transferring context: 2B done
#6 DONE 0.0s

#7 [client3 internal] load .dockerignore
#7 transferring context: 2B done
#7 DONE 0.0s

#8 [client3 1/8] FROM docker.io/fedpoppk/base:0.1.0
#8 DONE 0.0s

#9 [client1 internal] load build context
#9 transferring context: 736.51kB 0.3s done
#9 DONE 0.3s

#10 [client2 internal] load build context
#10 transferring context: 736.51kB 0.3s done
#10 DONE 0.3s

#11 [client3 internal] load build context
#11 transferring context: 736.51kB 0.3s done
#11 DONE 0.3s

#12 [client2 5/8] COPY apps/ apps/
#12 CACHED

#13 [client2 6/8] COPY R/ R/
#13 CACHED

#14 [client2 7/8] COPY analysis/ analysis/
#14 CACHED

#15 [client2 3/8] COPY renv.lock .Rprofile renv/activate.R ./
#15 CACHED

#16 [client2 2/8] WORKDIR /project
#16 CACHED

#17 [client2 4/8] RUN Rscript -e "options(renv.consent=TRUE, Ncpus=parallel::detectCores());                 renv::restore(prompt=FALSE)"
#17 CACHED

#18 [client1 8/8] RUN mkdir -p /project/configs/modes /project/data /project/artifacts /project/result
#18 CACHED

#19 [client2] exporting to image
#19 exporting layers done
#19 writing image sha256:852d69347d551f6185a636ed556e281629c9328a3ea9c706bd579a546edcec49 done
#19 naming to docker.io/library/defboot_design_change_n403030_wtmclu_scenario2_281_285-client2 0.0s done
#19 DONE 0.0s

#20 [client3] exporting to image
#20 exporting layers done
#20 writing image sha256:b967799fc059d0a25c3ec807006daece95a86db8abf9f75968726c67d1bc69ab done
#20 naming to docker.io/library/defboot_design_change_n403030_wtmclu_scenario2_281_285-client3 0.1s done
#20 DONE 0.1s

#21 [client2] resolving provenance for metadata file
#21 DONE 0.0s

#22 [client1] exporting to image
#22 exporting layers done
#22 writing image sha256:6a7ab3d6fb90f27a74a20f2e34a09eedf549fcf5db27e13376365deca51bb3cc done
#22 naming to docker.io/library/defboot_design_change_n403030_wtmclu_scenario2_281_285-client1 0.1s done
#22 DONE 0.1s

#23 [client3] resolving provenance for metadata file
#23 DONE 0.0s

#24 [client1] resolving provenance for metadata file
#24 DONE 0.0s

#25 [server internal] load build definition from Dockerfile.app
#25 transferring dockerfile: 778B done
#25 DONE 0.0s

#4 [server internal] load metadata for docker.io/fedpoppk/base:0.1.0
#4 DONE 0.0s

#26 [server internal] load .dockerignore
#26 transferring context: 2B done
#26 DONE 0.0s

#8 [server 1/8] FROM docker.io/fedpoppk/base:0.1.0
#8 DONE 0.0s

#27 [server internal] load build context
#27 transferring context: 736.51kB 0.3s done
#27 DONE 0.4s

#28 [server 5/8] COPY apps/ apps/
#28 CACHED

#29 [server 7/8] COPY analysis/ analysis/
#29 CACHED

#16 [server 2/8] WORKDIR /project
#16 CACHED

#30 [server 6/8] COPY R/ R/
#30 CACHED

#31 [server 3/8] COPY renv.lock .Rprofile renv/activate.R ./
#31 CACHED

#32 [server 4/8] RUN Rscript -e "options(renv.consent=TRUE, Ncpus=parallel::detectCores());                 renv::restore(prompt=FALSE)"
#32 CACHED

#33 [server 8/8] RUN mkdir -p /project/configs/modes /project/data /project/artifacts /project/result
#33 CACHED

#34 [server] exporting to image
#34 exporting layers done
#34 writing image sha256:36b1e9cf48ddc58a3227e17624e0fe465cc58bcb3f48d236e7a104f91c25376d done
#34 naming to docker.io/library/defboot_design_change_n403030_wtmclu_scenario2_281_285-server 0.0s done
#34 DONE 0.0s

#35 [server] resolving provenance for metadata file
#35 DONE 0.0s
 client1  Built
 client2  Built
 client3  Built
 server  Built
 Network defboot_design_change_n403030_wtmclu_scenario2_281_285_site2_net  Creating
 Network defboot_design_change_n403030_wtmclu_scenario2_281_285_site2_net  Created
 Network defboot_design_change_n403030_wtmclu_scenario2_281_285_site3_net  Creating
 Network defboot_design_change_n403030_wtmclu_scenario2_281_285_site3_net  Created
 Network defboot_design_change_n403030_wtmclu_scenario2_281_285_site1_net  Creating
 Network defboot_design_change_n403030_wtmclu_scenario2_281_285_site1_net  Created
 Container defboot_design_change_n403030_wtmclu_scenario2_281_285-client3-1  Creating
 Container defboot_design_change_n403030_wtmclu_scenario2_281_285-client2-1  Creating
 Container defboot_design_change_n403030_wtmclu_scenario2_281_285-client1-1  Creating
 Container defboot_design_change_n403030_wtmclu_scenario2_281_285-client1-1  Created
 Container defboot_design_change_n403030_wtmclu_scenario2_281_285-client3-1  Created
 Container defboot_design_change_n403030_wtmclu_scenario2_281_285-client2-1  Created
 Container defboot_design_change_n403030_wtmclu_scenario2_281_285-server-1  Creating
 Container defboot_design_change_n403030_wtmclu_scenario2_281_285-server-1  Created
Attaching to client1-1, client2-1, client3-1, server-1
client1-1  | Running plumber API at http://0.0.0.0:8000
client3-1  | Running plumber API at http://0.0.0.0:8000
client1-1  | Running swagger Docs at http://127.0.0.1:8000/__docs__/
client3-1  | Running swagger Docs at http://127.0.0.1:8000/__docs__/
client2-1  | Running plumber API at http://0.0.0.0:8000
client2-1  | Running swagger Docs at http://127.0.0.1:8000/__docs__/
client1-1  | ℹ parameter labels from comments are typically ignored in non-interactive mode
client1-1  | ℹ Need to run with the source intact to parse comments
client2-1  | ℹ parameter labels from comments are typically ignored in non-interactive mode
client2-1  | ℹ Need to run with the source intact to parse comments
client3-1  | ℹ parameter labels from comments are typically ignored in non-interactive mode
client3-1  | ℹ Need to run with the source intact to parse comments
server-1   | [send_init] http://client1:8000 init succeeded
server-1   | [send_init] http://client2:8000 init succeeded
server-1   | [send_init] http://client3:8000 init succeeded
server-1   | {"schema":{"schema_version":"1.1.0","generated_at":"2026-05-23T07:09:28Z","config_path":"/project/configs/../temp/deferiprone_single_oral_25mgkg_designcheck_20260511/validation/design_change_n403030_wtmclustT10_nomix_site403030_nondesignquota_precisionchol_basefitbootinit_preboot_20260521/configs/resolved/scenario2_bootstrap.json","config_md5":"67e6a296d3935d620e746ed6160f8ca2","seed":4869,"host":"fbe0e204a47c","pid":1,"image_tag":null,"git_sha":null,"git_dirty":null},"aggregation":{"ci_method":"percentile","ci_level":0.95,"quantile_type":7,"estimates_scale":"natural"},"summary":[{"parameter":"(etaLcl,etaLvc)","median":0.061240271221,"p2.5":0.049270882507,"p97.5":0.076108615569},{"parameter":"CcPropSd","median":0.36229806668,"p2.5":0.34600152417,"p97.5":0.37894653658},{"parameter":"etaLcl","median":0.095516986087,"p2.5":0.086540050783,"p97.5":0.11665059958},{"parameter":"etaLvc","median":0.042085078038,"p2.5":0.028584235534,"p97.5":0.05127775025},{"parameter":"lcl","median":2.1764301275,"p2.5":2.0837595624,"p97.5":2.209106984},{"parameter":"lka","median":2.2030979456,"p2.5":2.1250629478,"p97.5":2.4512807221},{"parameter":"lvc","median":2.9730019307,"p2.5":2.9054991506,"p97.5":2.996640635},{"parameter":"rho_(etaLcl,etaLvc)","median":0.98172204444,"p2.5":0.97348164785,"p97.5":0.98488280235}],"runs":[{"tag":"trial_281_20260523-070928","value":2230.0032,"counts":[28,28],"control":{"maxit":100,"factr":1000000000,"pgtol":0,"trace":0,"method":"L-BFGS-B"},"convergence":0,"message":"CONVERGENCE: REL_REDUCTION_OF_F <= FACTR*EPSMCH","nat_par":{"lka":2.1230058182,"lcl":2.1528443148,"lvc":2.8989629498,"CcPropSd":0.36581568433,"etaLcl":0.095516986087,"etaLvc":0.028474022946,"(etaLcl,etaLvc)":0.050763389779,"rho_(etaLcl,etaLvc)":0.97338779019},"failed_clients":[],"attempt":1,"files":{"result":"/project/temp/deferiprone_single_oral_25mgkg_designcheck_20260511/validation/design_change_n403030_wtmclustT10_nomix_site403030_nondesignquota_precisionchol_basefitbootinit_preboot_20260521/runs/scenario2/bootstrap/federated/scenario2/raw_runs/run_20260523-070928/optim_result_trial_281_20260523-070928.json","trace":"/project/temp/deferiprone_single_oral_25mgkg_designcheck_20260511/validation/design_change_n403030_wtmclustT10_nomix_site403030_nondesignquota_precisionchol_basefitbootinit_preboot_20260521/runs/scenario2/bootstrap/federated/scenario2/raw_runs/run_20260523-070928/optim_trace_trial_281_20260523-070928.csv","final":"/project/temp/deferiprone_single_oral_25mgkg_designcheck_20260511/validation/design_change_n403030_wtmclustT10_nomix_site403030_nondesignquota_precisionchol_basefitbootinit_preboot_20260521/runs/scenario2/bootstrap/federated/scenario2/raw_runs/run_20260523-070928/final_params_trial_281_20260523-070928.csv"},"log_n":28,"execution_state":"completed","trial":281,"attempts":1},{"tag":"trial_282_20260523-071300","value":2242.8167,"counts":[43,43],"control":{"maxit":100,"factr":1000000000,"pgtol":0,"trace":0,"method":"L-BFGS-B"},"convergence":0,"message":"CONVERGENCE: REL_REDUCTION_OF_F <= FACTR*EPSMCH","nat_par":{"lka":2.1435771145,"lcl":2.0760834787,"lvc":2.9799079992,"CcPropSd":0.34503595018,"etaLcl":0.092463214522,"etaLvc":0.042085078038,"(etaLcl,etaLvc)":0.061240271221,"rho_(etaLcl,etaLvc)":0.98172204444},"failed_clients":[],"attempt":1,"files":{"result":"/project/temp/deferiprone_single_oral_25mgkg_designcheck_20260511/validation/design_change_n403030_wtmclustT10_nomix_site403030_nondesignquota_precisionchol_basefitbootinit_preboot_20260521/runs/scenario2/bootstrap/federated/scenario2/raw_runs/run_20260523-070928/optim_result_trial_282_20260523-071300.json","trace":"/project/temp/deferiprone_single_oral_25mgkg_designcheck_20260511/validation/design_change_n403030_wtmclustT10_nomix_site403030_nondesignquota_precisionchol_basefitbootinit_preboot_20260521/runs/scenario2/bootstrap/federated/scenario2/raw_runs/run_20260523-070928/optim_trace_trial_282_20260523-071300.csv","final":"/project/temp/deferiprone_single_oral_25mgkg_designcheck_20260511/validation/design_change_n403030_wtmclustT10_nomix_site403030_nondesignquota_precisionchol_basefitbootinit_preboot_20260521/runs/scenario2/bootstrap/federated/scenario2/raw_runs/run_20260523-070928/final_params_trial_282_20260523-071300.csv"},"log_n":43,"execution_state":"completed","trial":282,"attempts":1},{"tag":"trial_283_20260523-071827","value":2233.8725,"counts":[20,20],"control":{"maxit":100,"factr":1000000000,"pgtol":0,"trace":0,"method":"L-BFGS-B"},"convergence":0,"message":"CONVERGENCE: REL_REDUCTION_OF_F <= FACTR*EPSMCH","nat_par":{"lka":2.2030979456,"lcl":2.1764301275,"lvc":2.9730019307,"CcPropSd":0.38040552016,"etaLcl":0.085881921478,"etaLvc":0.029576148828,"(etaLcl,etaLvc)":0.049105048366,"rho_(etaLcl,etaLvc)":0.97432636675},"failed_clients":[],"attempt":1,"files":{"result":"/project/temp/deferiprone_single_oral_25mgkg_designcheck_20260511/validation/design_change_n403030_wtmclustT10_nomix_site403030_nondesignquota_precisionchol_basefitbootinit_preboot_20260521/runs/scenario2/bootstrap/federated/scenario2/raw_runs/run_20260523-070928/optim_result_trial_283_20260523-071827.json","trace":"/project/temp/deferiprone_single_oral_25mgkg_designcheck_20260511/validation/design_change_n403030_wtmclustT10_nomix_site403030_nondesignquota_precisionchol_basefitbootinit_preboot_20260521/runs/scenario2/bootstrap/federated/scenario2/raw_runs/run_20260523-070928/optim_trace_trial_283_20260523-071827.csv","final":"/project/temp/deferiprone_single_oral_25mgkg_designcheck_20260511/validation/design_change_n403030_wtmclustT10_nomix_site403030_nondesignquota_precisionchol_basefitbootinit_preboot_20260521/runs/scenario2/bootstrap/federated/scenario2/raw_runs/run_20260523-070928/final_params_trial_283_20260523-071827.csv"},"log_n":20,"execution_state":"completed","trial":283,"attempts":1},{"tag":"trial_284_20260523-072100","value":2202.7876,"counts":[16,16],"control":{"maxit":100,"factr":1000000000,"pgtol":0,"trace":0,"method":"L-BFGS-B"},"convergence":0,"message":"CONVERGENCE: REL_REDUCTION_OF_F <= FACTR*EPSMCH","nat_par":{"lka":2.2373295934,"lcl":2.202926717,"lvc":2.9984998168,"CcPropSd":0.35469169005,"etaLcl":0.1166635712,"etaLvc":0.042878437762,"(etaLcl,etaLvc)":0.069459401212,"rho_(etaLcl,etaLvc)":0.98207334751},"failed_clients":[],"attempt":1,"files":{"result":"/project/temp/deferiprone_single_oral_25mgkg_designcheck_20260511/validation/design_change_n403030_wtmclustT10_nomix_site403030_nondesignquota_precisionchol_basefitbootinit_preboot_20260521/runs/scenario2/bootstrap/federated/scenario2/raw_runs/run_20260523-070928/optim_result_trial_284_20260523-072100.json","trace":"/project/temp/deferiprone_single_oral_25mgkg_designcheck_20260511/validation/design_change_n403030_wtmclustT10_nomix_site403030_nondesignquota_precisionchol_basefitbootinit_preboot_20260521/runs/scenario2/bootstrap/federated/scenario2/raw_runs/run_20260523-070928/optim_trace_trial_284_20260523-072100.csv","final":"/project/temp/deferiprone_single_oral_25mgkg_designcheck_20260511/validation/design_change_n403030_wtmclustT10_nomix_site403030_nondesignquota_precisionchol_basefitbootinit_preboot_20260521/runs/scenario2/bootstrap/federated/scenario2/raw_runs/run_20260523-070928/final_params_trial_284_20260523-072100.csv"},"log_n":16,"execution_state":"completed","trial":284,"attempts":1},{"tag":"trial_285_20260523-072303","value":2201.5376,"counts":[23,23],"control":{"maxit":100,"factr":1000000000,"pgtol":0,"trace":0,"method":"L-BFGS-B"},"convergence":0,"message":"CONVERGENCE: REL_REDUCTION_OF_F <= FACTR*EPSMCH","nat_par":{"lka":2.4750530697,"lcl":2.2097936803,"lvc":2.964324957,"CcPropSd":0.36229806668,"etaLcl":0.116533855,"etaLvc":0.052211007193,"(etaLcl,etaLvc)":0.076847417164,"rho_(etaLcl,etaLvc)":0.985194964},"failed_clients":[],"attempt":1,"files":{"result":"/project/temp/deferiprone_single_oral_25mgkg_designcheck_20260511/validation/design_change_n403030_wtmclustT10_nomix_site403030_nondesignquota_precisionchol_basefitbootinit_preboot_20260521/runs/scenario2/bootstrap/federated/scenario2/raw_runs/run_20260523-070928/optim_result_trial_285_20260523-072303.json","trace":"/project/temp/deferiprone_single_oral_25mgkg_designcheck_20260511/validation/design_change_n403030_wtmclustT10_nomix_site403030_nondesignquota_precisionchol_basefitbootinit_preboot_20260521/runs/scenario2/bootstrap/federated/scenario2/raw_runs/run_20260523-070928/optim_trace_trial_285_20260523-072303.csv","final":"/project/temp/deferiprone_single_oral_25mgkg_designcheck_20260511/validation/design_change_n403030_wtmclustT10_nomix_site403030_nondesignquota_precisionchol_basefitbootinit_preboot_20260521/runs/scenario2/bootstrap/federated/scenario2/raw_runs/run_20260523-070928/final_params_trial_285_20260523-072303.csv"},"log_n":23,"execution_state":"completed","trial":285,"attempts":1}],"trial_status":[{"trial":281,"execution_state":"completed","converged":true,"attempts":1,"convergence":0,"value":2230.0032,"eval_fn":28,"eval_gr":28,"log_n":28,"failed_clients_n":0,"message":"CONVERGENCE: REL_REDUCTION_OF_F <= FACTR*EPSMCH","result_file":"/project/temp/deferiprone_single_oral_25mgkg_designcheck_20260511/validation/design_change_n403030_wtmclustT10_nomix_site403030_nondesignquota_precisionchol_basefitbootinit_preboot_20260521/runs/scenario2/bootstrap/federated/scenario2/raw_runs/run_20260523-070928/optim_result_trial_281_20260523-070928.json","trace_file":"/project/temp/deferiprone_single_oral_25mgkg_designcheck_20260511/validation/design_change_n403030_wtmclustT10_nomix_site403030_nondesignquota_precisionchol_basefitbootinit_preboot_20260521/runs/scenario2/bootstrap/federated/scenario2/raw_runs/run_20260523-070928/optim_trace_trial_281_20260523-070928.csv","final_file":"/project/temp/deferiprone_single_oral_25mgkg_designcheck_20260511/validation/design_change_n403030_wtmclustT10_nomix_site403030_nondesignquota_precisionchol_basefitbootinit_preboot_20260521/runs/scenario2/bootstrap/federated/scenario2/raw_runs/run_20260523-070928/final_params_trial_281_20260523-070928.csv"},{"trial":282,"execution_state":"completed","converged":true,"attempts":1,"convergence":0,"value":2242.8167,"eval_fn":43,"eval_gr":43,"log_n":43,"failed_clients_n":0,"message":"CONVERGENCE: REL_REDUCTION_OF_F <= FACTR*EPSMCH","result_file":"/project/temp/deferiprone_single_oral_25mgkg_designcheck_20260511/validation/design_change_n403030_wtmclustT10_nomix_site403030_nondesignquota_precisionchol_basefitbootinit_preboot_20260521/runs/scenario2/bootstrap/federated/scenario2/raw_runs/run_20260523-070928/optim_result_trial_282_20260523-071300.json","trace_file":"/project/temp/deferiprone_single_oral_25mgkg_designcheck_20260511/validation/design_change_n403030_wtmclustT10_nomix_site403030_nondesignquota_precisionchol_basefitbootinit_preboot_20260521/runs/scenario2/bootstrap/federated/scenario2/raw_runs/run_20260523-070928/optim_trace_trial_282_20260523-071300.csv","final_file":"/project/temp/deferiprone_single_oral_25mgkg_designcheck_20260511/validation/design_change_n403030_wtmclustT10_nomix_site403030_nondesignquota_precisionchol_basefitbootinit_preboot_20260521/runs/scenario2/bootstrap/federated/scenario2/raw_runs/run_20260523-070928/final_params_trial_282_20260523-071300.csv"},{"trial":283,"execution_state":"completed","converged":true,"attempts":1,"convergence":0,"value":2233.8725,"eval_fn":20,"eval_gr":20,"log_n":20,"failed_clients_n":0,"message":"CONVERGENCE: REL_REDUCTION_OF_F <= FACTR*EPSMCH","result_file":"/project/temp/deferiprone_single_oral_25mgkg_designcheck_20260511/validation/design_change_n403030_wtmclustT10_nomix_site403030_nondesignquota_precisionchol_basefitbootinit_preboot_20260521/runs/scenario2/bootstrap/federated/scenario2/raw_runs/run_20260523-070928/optim_result_trial_283_20260523-071827.json","trace_file":"/project/temp/deferiprone_single_oral_25mgkg_designcheck_20260511/validation/design_change_n403030_wtmclustT10_nomix_site403030_nondesignquota_precisionchol_basefitbootinit_preboot_20260521/runs/scenario2/bootstrap/federated/scenario2/raw_runs/run_20260523-070928/optim_trace_trial_283_20260523-071827.csv","final_file":"/project/temp/deferiprone_single_oral_25mgkg_designcheck_20260511/validation/design_change_n403030_wtmclustT10_nomix_site403030_nondesignquota_precisionchol_basefitbootinit_preboot_20260521/runs/scenario2/bootstrap/federated/scenario2/raw_runs/run_20260523-070928/final_params_trial_283_20260523-071827.csv"},{"trial":284,"execution_state":"completed","converged":true,"attempts":1,"convergence":0,"value":2202.7876,"eval_fn":16,"eval_gr":16,"log_n":16,"failed_clients_n":0,"message":"CONVERGENCE: REL_REDUCTION_OF_F <= FACTR*EPSMCH","result_file":"/project/temp/deferiprone_single_oral_25mgkg_designcheck_20260511/validation/design_change_n403030_wtmclustT10_nomix_site403030_nondesignquota_precisionchol_basefitbootinit_preboot_20260521/runs/scenario2/bootstrap/federated/scenario2/raw_runs/run_20260523-070928/optim_result_trial_284_20260523-072100.json","trace_file":"/project/temp/deferiprone_single_oral_25mgkg_designcheck_20260511/validation/design_change_n403030_wtmclustT10_nomix_site403030_nondesignquota_precisionchol_basefitbootinit_preboot_20260521/runs/scenario2/bootstrap/federated/scenario2/raw_runs/run_20260523-070928/optim_trace_trial_284_20260523-072100.csv","final_file":"/project/temp/deferiprone_single_oral_25mgkg_designcheck_20260511/validation/design_change_n403030_wtmclustT10_nomix_site403030_nondesignquota_precisionchol_basefitbootinit_preboot_20260521/runs/scenario2/bootstrap/federated/scenario2/raw_runs/run_20260523-070928/final_params_trial_284_20260523-072100.csv"},{"trial":285,"execution_state":"completed","converged":true,"attempts":1,"convergence":0,"value":2201.5376,"eval_fn":23,"eval_gr":23,"log_n":23,"failed_clients_n":0,"message":"CONVERGENCE: REL_REDUCTION_OF_F <= FACTR*EPSMCH","result_file":"/project/temp/deferiprone_single_oral_25mgkg_designcheck_20260511/validation/design_change_n403030_wtmclustT10_nomix_site403030_nondesignquota_precisionchol_basefitbootinit_preboot_20260521/runs/scenario2/bootstrap/federated/scenario2/raw_runs/run_20260523-070928/optim_result_trial_285_20260523-072303.json","trace_file":"/project/temp/deferiprone_single_oral_25mgkg_designcheck_20260511/validation/design_change_n403030_wtmclustT10_nomix_site403030_nondesignquota_precisionchol_basefitbootinit_preboot_20260521/runs/scenario2/bootstrap/federated/scenario2/raw_runs/run_20260523-070928/optim_trace_trial_285_20260523-072303.csv","final_file":"/project/temp/deferiprone_single_oral_25mgkg_designcheck_20260511/validation/design_change_n403030_wtmclustT10_nomix_site403030_nondesignquota_precisionchol_basefitbootinit_preboot_20260521/runs/scenario2/bootstrap/federated/scenario2/raw_runs/run_20260523-070928/final_params_trial_285_20260523-072303.csv"}],"info":{"run_id":"20260523-070928","log_base_dir":"/project/temp/deferiprone_single_oral_25mgkg_designcheck_20260511/validation/design_change_n403030_wtmclustT10_nomix_site403030_nondesignquota_precisionchol_basefitbootinit_preboot_20260521/runs/scenario2/bootstrap/federated","scenario":"scenario2/raw_runs","total_trials":5,"successes":5,"failures":0,"nonconverged_count":0,"nonconverged_trials":[],"convergence_missing_count":0,"seed_base":4869,"B_per_client":500,"duration_sec":999.4543139935,"host":"fbe0e204a47c","image_tag":null,"communication":{"generated_at":"2026-05-23T07:26:01Z","totals":{"requests":783,"request_bytes":872673,"response_bytes":198553,"total_bytes":1071226,"retries":0},"init":{"requests":3,"request_bytes":8139,"response_bytes":1161,"total_bytes":9300,"retries":0,"median_elapsed_sec":0.36564278603},"init_round_latency":{"n_rounds":1,"median_round_wall_sec":0.37408542633,"p95_round_wall_sec":0.37408542633},"run":{"requests":0,"request_bytes":0,"response_bytes":0,"total_bytes":0,"retries":0,"median_elapsed_sec":"NA"},"run_bootstrap":{"requests":780,"request_bytes":864534,"response_bytes":197392,"total_bytes":1061926,"retries":0,"median_elapsed_sec":3.6678913832},"round_latency":{"n_rounds":260,"median_round_wall_sec":3.7758040428,"p95_round_wall_sec":4.0758378744},"timing_split":{"n_rounds":260,"rounds_with_compute":260,"total_round_wall_sec":988.1280245781,"total_round_compute_wall_sec":979.4686,"total_round_comm_overhead_wall_sec":8.6594245781,"comm_overhead_ratio":0.0087634642098,"compute_ratio":0.99123653579}},"communication_files":{"csv":"/project/temp/deferiprone_single_oral_25mgkg_designcheck_20260511/validation/design_change_n403030_wtmclustT10_nomix_site403030_nondesignquota_precisionchol_basefitbootinit_preboot_20260521/runs/scenario2/bootstrap/federated/scenario2/raw_runs/run_20260523-070928/comm_metrics.csv","json":"/project/temp/deferiprone_single_oral_25mgkg_designcheck_20260511/validation/design_change_n403030_wtmclustT10_nomix_site403030_nondesignquota_precisionchol_basefitbootinit_preboot_20260521/runs/scenario2/bootstrap/federated/scenario2/raw_runs/run_20260523-070928/comm_metrics.json"},"output_files":{"bootstrap_summary_csv":"/project/temp/deferiprone_single_oral_25mgkg_designcheck_20260511/validation/design_change_n403030_wtmclustT10_nomix_site403030_nondesignquota_precisionchol_basefitbootinit_preboot_20260521/runs/scenario2/bootstrap/federated/scenario2/raw_runs/run_20260523-070928/bootstrap_summary.csv","bootstrap_summary_json":"/project/temp/deferiprone_single_oral_25mgkg_designcheck_20260511/validation/design_change_n403030_wtmclustT10_nomix_site403030_nondesignquota_precisionchol_basefitbootinit_preboot_20260521/runs/scenario2/bootstrap/federated/scenario2/raw_runs/run_20260523-070928/bootstrap_summary.json","trial_status_csv":"/project/temp/deferiprone_single_oral_25mgkg_designcheck_20260511/validation/design_change_n403030_wtmclustT10_nomix_site403030_nondesignquota_precisionchol_basefitbootinit_preboot_20260521/runs/scenario2/bootstrap/federated/scenario2/raw_runs/run_20260523-070928/trial_status.csv","failed_trials_csv":"/project/temp/deferiprone_single_oral_25mgkg_designcheck_20260511/validation/design_change_n403030_wtmclustT10_nomix_site403030_nondesignquota_precisionchol_basefitbootinit_preboot_20260521/runs/scenario2/bootstrap/federated/scenario2/raw_runs/run_20260523-070928/failed_trials.csv","trial_estimates_wide_csv":"/project/temp/deferiprone_single_oral_25mgkg_designcheck_20260511/validation/design_change_n403030_wtmclustT10_nomix_site403030_nondesignquota_precisionchol_basefitbootinit_preboot_20260521/runs/scenario2/bootstrap/federated/scenario2/raw_runs/run_20260523-070928/trial_estimates_wide.csv","trial_estimates_long_csv":"/project/temp/deferiprone_single_oral_25mgkg_designcheck_20260511/validation/design_change_n403030_wtmclustT10_nomix_site403030_nondesignquota_precisionchol_basefitbootinit_preboot_20260521/runs/scenario2/bootstrap/federated/scenario2/raw_runs/run_20260523-070928/trial_estimates_long.csv","result_json":"/project/temp/deferiprone_single_oral_25mgkg_designcheck_20260511/validation/design_change_n403030_wtmclustT10_nomix_site403030_nondesignquota_precisionchol_basefitbootinit_preboot_20260521/runs/scenario2/bootstrap/federated/scenario2/raw_runs/run_20260523-070928/result.json"}}}
[Kserver-1 exited with code 0
Aborting on container exit...
 Container defboot_design_change_n403030_wtmclu_scenario2_281_285-server-1  Stopping
 Container defboot_design_change_n403030_wtmclu_scenario2_281_285-server-1  Stopped
 Container defboot_design_change_n403030_wtmclu_scenario2_281_285-client3-1  Stopping
 Container defboot_design_change_n403030_wtmclu_scenario2_281_285-client1-1  Stopping
 Container defboot_design_change_n403030_wtmclu_scenario2_281_285-client2-1  Stopping
 Container defboot_design_change_n403030_wtmclu_scenario2_281_285-client2-1  Stopped
 Container defboot_design_change_n403030_wtmclu_scenario2_281_285-client3-1  Stopped
 Container defboot_design_change_n403030_wtmclu_scenario2_281_285-client1-1  Stopped
time="2026-05-23T16:26:12+09:00" level=warning msg="The \"SERVER_CONFIG_PATH\" variable is not set. Defaulting to a blank string."
 Container defboot_design_change_n403030_wtmclu_scenario2_281_285-server-1  Stopping
 Container defboot_design_change_n403030_wtmclu_scenario2_281_285-server-1  Stopped
 Container defboot_design_change_n403030_wtmclu_scenario2_281_285-server-1  Removing
 Container defboot_design_change_n403030_wtmclu_scenario2_281_285-server-1  Removed
 Container defboot_design_change_n403030_wtmclu_scenario2_281_285-client2-1  Stopping
 Container defboot_design_change_n403030_wtmclu_scenario2_281_285-client3-1  Stopping
 Container defboot_design_change_n403030_wtmclu_scenario2_281_285-client1-1  Stopping
 Container defboot_design_change_n403030_wtmclu_scenario2_281_285-client2-1  Stopped
 Container defboot_design_change_n403030_wtmclu_scenario2_281_285-client2-1  Removing
 Container defboot_design_change_n403030_wtmclu_scenario2_281_285-client1-1  Stopped
 Container defboot_design_change_n403030_wtmclu_scenario2_281_285-client1-1  Removing
 Container defboot_design_change_n403030_wtmclu_scenario2_281_285-client3-1  Stopped
 Container defboot_design_change_n403030_wtmclu_scenario2_281_285-client3-1  Removing
 Container defboot_design_change_n403030_wtmclu_scenario2_281_285-client2-1  Removed
 Container defboot_design_change_n403030_wtmclu_scenario2_281_285-client1-1  Removed
 Container defboot_design_change_n403030_wtmclu_scenario2_281_285-client3-1  Removed
 Network defboot_design_change_n403030_wtmclu_scenario2_281_285_site1_net  Removing
 Network defboot_design_change_n403030_wtmclu_scenario2_281_285_site3_net  Removing
 Network defboot_design_change_n403030_wtmclu_scenario2_281_285_site2_net  Removing
 Network defboot_design_change_n403030_wtmclu_scenario2_281_285_site1_net  Removed
 Network defboot_design_change_n403030_wtmclu_scenario2_281_285_site3_net  Removed
 Network defboot_design_change_n403030_wtmclu_scenario2_281_285_site2_net  Removed
