time="2026-05-23T12:56:42+09:00" level=warning msg="The \"SERVER_CONFIG_PATH\" variable is not set. Defaulting to a blank string."
Compose now can delegate build to bake for better performances
Just set COMPOSE_BAKE=true
#0 building with "default" instance using docker driver

#1 [client2 internal] load build definition from Dockerfile.app
#1 transferring dockerfile: 778B done
#1 DONE 0.0s

#2 [client1 internal] load build definition from Dockerfile.app
#2 transferring dockerfile: 778B done
#2 DONE 0.0s

#3 [client3 internal] load build definition from Dockerfile.app
#3 transferring dockerfile: 778B done
#3 DONE 0.0s

#4 [client1 internal] load metadata for docker.io/fedpoppk/base:0.1.0
#4 DONE 0.0s

#5 [client2 internal] load .dockerignore
#5 transferring context: 2B done
#5 DONE 0.0s

#6 [client3 internal] load .dockerignore
#6 transferring context: 2B done
#6 DONE 0.0s

#7 [client1 internal] load .dockerignore
#7 transferring context: 2B done
#7 DONE 0.0s

#8 [client1 1/8] FROM docker.io/fedpoppk/base:0.1.0
#8 DONE 0.0s

#9 [client2 internal] load build context
#9 ...

#10 [client3 internal] load build context
#10 transferring context: 736.51kB 0.3s done
#10 DONE 0.3s

#9 [client2 internal] load build context
#9 transferring context: 736.51kB 0.3s done
#9 DONE 0.3s

#11 [client1 internal] load build context
#11 transferring context: 736.51kB 0.3s done
#11 DONE 0.3s

#12 [client3 2/8] WORKDIR /project
#12 CACHED

#13 [client3 7/8] COPY analysis/ analysis/
#13 CACHED

#14 [client3 4/8] RUN Rscript -e "options(renv.consent=TRUE, Ncpus=parallel::detectCores());                 renv::restore(prompt=FALSE)"
#14 CACHED

#15 [client3 5/8] COPY apps/ apps/
#15 CACHED

#16 [client3 3/8] COPY renv.lock .Rprofile renv/activate.R ./
#16 CACHED

#17 [client3 6/8] COPY R/ R/
#17 CACHED

#18 [client3 8/8] RUN mkdir -p /project/configs/modes /project/data /project/artifacts /project/result
#18 CACHED

#19 [client1] exporting to image
#19 exporting layers done
#19 writing image sha256:df897b015f444b01f818c5f61ec8daa11009e9786f09311b5f261b7ca8390a4e done
#19 naming to docker.io/library/defboot_design_change_n403030_wtmclu_scenario2_221_225-client1 0.0s done
#19 DONE 0.0s

#20 [client2] exporting to image
#20 exporting layers done
#20 writing image sha256:dda27aaa5bcab53b0c5c5203252e95a40c4262b1fb5d66ac117605992a80ee06 done
#20 naming to docker.io/library/defboot_design_change_n403030_wtmclu_scenario2_221_225-client2 0.0s done
#20 DONE 0.0s

#21 [client3] exporting to image
#21 exporting layers done
#21 writing image sha256:312e59663d32abe6056032f3f60546447b0de17c98815ae0dc040b1197efb77d done
#21 naming to docker.io/library/defboot_design_change_n403030_wtmclu_scenario2_221_225-client3 0.0s done
#21 DONE 0.1s

#22 [client1] resolving provenance for metadata file
#22 DONE 0.0s

#23 [client3] resolving provenance for metadata file
#23 DONE 0.0s

#24 [client2] resolving provenance for metadata file
#24 DONE 0.0s

#25 [server internal] load build definition from Dockerfile.app
#25 transferring dockerfile: 778B done
#25 DONE 0.0s

#4 [server internal] load metadata for docker.io/fedpoppk/base:0.1.0
#4 DONE 0.0s

#26 [server internal] load .dockerignore
#26 transferring context: 2B done
#26 DONE 0.0s

#8 [server 1/8] FROM docker.io/fedpoppk/base:0.1.0
#8 DONE 0.0s

#27 [server internal] load build context
#27 transferring context: 736.51kB 0.3s done
#27 DONE 0.4s

#28 [server 5/8] COPY apps/ apps/
#28 CACHED

#12 [server 2/8] WORKDIR /project
#12 CACHED

#29 [server 4/8] RUN Rscript -e "options(renv.consent=TRUE, Ncpus=parallel::detectCores());                 renv::restore(prompt=FALSE)"
#29 CACHED

#30 [server 6/8] COPY R/ R/
#30 CACHED

#31 [server 7/8] COPY analysis/ analysis/
#31 CACHED

#32 [server 3/8] COPY renv.lock .Rprofile renv/activate.R ./
#32 CACHED

#33 [server 8/8] RUN mkdir -p /project/configs/modes /project/data /project/artifacts /project/result
#33 CACHED

#34 [server] exporting to image
#34 exporting layers done
#34 writing image sha256:4c28b841ec3c3d48e3a2c548ac2414d70bbe5a888d1738d3f7fb691d34724cd8 done
#34 naming to docker.io/library/defboot_design_change_n403030_wtmclu_scenario2_221_225-server 0.0s done
#34 DONE 0.0s

#35 [server] resolving provenance for metadata file
#35 DONE 0.0s
 client1  Built
 client2  Built
 client3  Built
 server  Built
 Network defboot_design_change_n403030_wtmclu_scenario2_221_225_site2_net  Creating
 Network defboot_design_change_n403030_wtmclu_scenario2_221_225_site2_net  Created
 Network defboot_design_change_n403030_wtmclu_scenario2_221_225_site3_net  Creating
 Network defboot_design_change_n403030_wtmclu_scenario2_221_225_site3_net  Created
 Network defboot_design_change_n403030_wtmclu_scenario2_221_225_site1_net  Creating
 Network defboot_design_change_n403030_wtmclu_scenario2_221_225_site1_net  Created
 Container defboot_design_change_n403030_wtmclu_scenario2_221_225-client2-1  Creating
 Container defboot_design_change_n403030_wtmclu_scenario2_221_225-client3-1  Creating
 Container defboot_design_change_n403030_wtmclu_scenario2_221_225-client1-1  Creating
 Container defboot_design_change_n403030_wtmclu_scenario2_221_225-client1-1  Created
 Container defboot_design_change_n403030_wtmclu_scenario2_221_225-client3-1  Created
 Container defboot_design_change_n403030_wtmclu_scenario2_221_225-client2-1  Created
 Container defboot_design_change_n403030_wtmclu_scenario2_221_225-server-1  Creating
 Container defboot_design_change_n403030_wtmclu_scenario2_221_225-server-1  Created
Attaching to client1-1, client2-1, client3-1, server-1
client2-1  | Running plumber API at http://0.0.0.0:8000
client1-1  | Running plumber API at http://0.0.0.0:8000
client2-1  | Running swagger Docs at http://127.0.0.1:8000/__docs__/
client3-1  | Running plumber API at http://0.0.0.0:8000
client1-1  | Running swagger Docs at http://127.0.0.1:8000/__docs__/
client3-1  | Running swagger Docs at http://127.0.0.1:8000/__docs__/
client1-1  | ℹ parameter labels from comments are typically ignored in non-interactive mode
client1-1  | ℹ Need to run with the source intact to parse comments
client2-1  | ℹ parameter labels from comments are typically ignored in non-interactive mode
client2-1  | ℹ Need to run with the source intact to parse comments
client3-1  | ℹ parameter labels from comments are typically ignored in non-interactive mode
client3-1  | ℹ Need to run with the source intact to parse comments
server-1   | [send_init] http://client1:8000 init succeeded
server-1   | [send_init] http://client2:8000 init succeeded
server-1   | [send_init] http://client3:8000 init succeeded
server-1   | {"schema":{"schema_version":"1.1.0","generated_at":"2026-05-23T03:56:52Z","config_path":"/project/configs/../temp/deferiprone_single_oral_25mgkg_designcheck_20260511/validation/design_change_n403030_wtmclustT10_nomix_site403030_nondesignquota_precisionchol_basefitbootinit_preboot_20260521/configs/resolved/scenario2_bootstrap.json","config_md5":"67e6a296d3935d620e746ed6160f8ca2","seed":4869,"host":"73d6f2469b27","pid":1,"image_tag":null,"git_sha":null,"git_dirty":null},"aggregation":{"ci_method":"percentile","ci_level":0.95,"quantile_type":7,"estimates_scale":"natural"},"summary":[{"parameter":"(etaLcl,etaLvc)","median":0.062242597699,"p2.5":0.036893148957,"p97.5":0.069182199396},{"parameter":"CcPropSd","median":0.37539218782,"p2.5":0.34589902136,"p97.5":0.3908286563},{"parameter":"etaLcl","median":0.10918727476,"p2.5":0.084260658276,"p97.5":0.12562486132},{"parameter":"etaLvc","median":0.032282114311,"p2.5":0.017622427909,"p97.5":0.044876657777},{"parameter":"lcl","median":2.1875083864,"p2.5":2.1436677923,"p97.5":2.2067068667},{"parameter":"lka","median":2.2163369927,"p2.5":2.0038524424,"p97.5":2.3526040827},{"parameter":"lvc","median":2.9583747434,"p2.5":2.9532072337,"p97.5":3.0211592116},{"parameter":"rho_(etaLcl,etaLvc)","median":0.97643813062,"p2.5":0.95773106459,"p97.5":0.98280636419}],"runs":[{"tag":"trial_221_20260523-035652","value":2227.2506,"counts":[24,24],"control":{"maxit":100,"factr":1000000000,"pgtol":0,"trace":0,"method":"L-BFGS-B"},"convergence":0,"message":"CONVERGENCE: REL_REDUCTION_OF_F <= FACTR*EPSMCH","nat_par":{"lka":1.9863717054,"lcl":2.2084530766,"lvc":2.9531290852,"CcPropSd":0.37539218782,"etaLcl":0.10918727476,"etaLvc":0.045548074339,"(etaLcl,etaLvc)":0.069328662962,"rho_(etaLcl,etaLvc)":0.98308665572},"failed_clients":[],"attempt":1,"files":{"result":"/project/temp/deferiprone_single_oral_25mgkg_designcheck_20260511/validation/design_change_n403030_wtmclustT10_nomix_site403030_nondesignquota_precisionchol_basefitbootinit_preboot_20260521/runs/scenario2/bootstrap/federated/scenario2/raw_runs/run_20260523-035652/optim_result_trial_221_20260523-035652.json","trace":"/project/temp/deferiprone_single_oral_25mgkg_designcheck_20260511/validation/design_change_n403030_wtmclustT10_nomix_site403030_nondesignquota_precisionchol_basefitbootinit_preboot_20260521/runs/scenario2/bootstrap/federated/scenario2/raw_runs/run_20260523-035652/optim_trace_trial_221_20260523-035652.csv","final":"/project/temp/deferiprone_single_oral_25mgkg_designcheck_20260511/validation/design_change_n403030_wtmclustT10_nomix_site403030_nondesignquota_precisionchol_basefitbootinit_preboot_20260521/runs/scenario2/bootstrap/federated/scenario2/raw_runs/run_20260523-035652/final_params_trial_221_20260523-035652.csv"},"log_n":24,"execution_state":"completed","trial":221,"attempts":1},{"tag":"trial_222_20260523-035953","value":2282.3299,"counts":[21,21],"control":{"maxit":100,"factr":1000000000,"pgtol":0,"trace":0,"method":"L-BFGS-B"},"convergence":0,"message":"CONVERGENCE: REL_REDUCTION_OF_F <= FACTR*EPSMCH","nat_par":{"lka":2.1611790751,"lcl":2.1427760205,"lvc":2.9539105701,"CcPropSd":0.37991414649,"etaLcl":0.093391750812,"etaLvc":0.02348312424,"(etaLcl,etaLvc)":0.045333661085,"rho_(etaLcl,etaLvc)":0.96802951047},"failed_clients":[],"attempt":1,"files":{"result":"/project/temp/deferiprone_single_oral_25mgkg_designcheck_20260511/validation/design_change_n403030_wtmclustT10_nomix_site403030_nondesignquota_precisionchol_basefitbootinit_preboot_20260521/runs/scenario2/bootstrap/federated/scenario2/raw_runs/run_20260523-035652/optim_result_trial_222_20260523-035953.json","trace":"/project/temp/deferiprone_single_oral_25mgkg_designcheck_20260511/validation/design_change_n403030_wtmclustT10_nomix_site403030_nondesignquota_precisionchol_basefitbootinit_preboot_20260521/runs/scenario2/bootstrap/federated/scenario2/raw_runs/run_20260523-035652/optim_trace_trial_222_20260523-035953.csv","final":"/project/temp/deferiprone_single_oral_25mgkg_designcheck_20260511/validation/design_change_n403030_wtmclustT10_nomix_site403030_nondesignquota_precisionchol_basefitbootinit_preboot_20260521/runs/scenario2/bootstrap/federated/scenario2/raw_runs/run_20260523-035652/final_params_trial_222_20260523-035953.csv"},"log_n":21,"execution_state":"completed","trial":222,"attempts":1},{"tag":"trial_223_20260523-040233","value":2257.0769,"counts":[24,24],"control":{"maxit":100,"factr":1000000000,"pgtol":0,"trace":0,"method":"L-BFGS-B"},"convergence":0,"message":"CONVERGENCE: REL_REDUCTION_OF_F <= FACTR*EPSMCH","nat_par":{"lka":2.3633475323,"lcl":2.1516937385,"lvc":2.9583747434,"CcPropSd":0.35363767658,"etaLcl":0.12341403551,"etaLvc":0.038833908717,"(etaLcl,etaLvc)":0.067864027302,"rho_(etaLcl,etaLvc)":0.98028374043},"failed_clients":[],"attempt":1,"files":{"result":"/project/temp/deferiprone_single_oral_25mgkg_designcheck_20260511/validation/design_change_n403030_wtmclustT10_nomix_site403030_nondesignquota_precisionchol_basefitbootinit_preboot_20260521/runs/scenario2/bootstrap/federated/scenario2/raw_runs/run_20260523-035652/optim_result_trial_223_20260523-040233.json","trace":"/project/temp/deferiprone_single_oral_25mgkg_designcheck_20260511/validation/design_change_n403030_wtmclustT10_nomix_site403030_nondesignquota_precisionchol_basefitbootinit_preboot_20260521/runs/scenario2/bootstrap/federated/scenario2/raw_runs/run_20260523-035652/optim_trace_trial_223_20260523-040233.csv","final":"/project/temp/deferiprone_single_oral_25mgkg_designcheck_20260511/validation/design_change_n403030_wtmclustT10_nomix_site403030_nondesignquota_precisionchol_basefitbootinit_preboot_20260521/runs/scenario2/bootstrap/federated/scenario2/raw_runs/run_20260523-035652/final_params_trial_223_20260523-040233.csv"},"log_n":24,"execution_state":"completed","trial":223,"attempts":1},{"tag":"trial_224_20260523-040536","value":2175.4637,"counts":[25,25],"control":{"maxit":100,"factr":1000000000,"pgtol":0,"trace":0,"method":"L-BFGS-B"},"convergence":0,"message":"CONVERGENCE: REL_REDUCTION_OF_F <= FACTR*EPSMCH","nat_par":{"lka":2.2559130355,"lcl":2.1875083864,"lvc":2.9625122766,"CcPropSd":0.34503917079,"etaLcl":0.083246092438,"etaLvc":0.016971239427,"(etaLcl,etaLvc)":0.035955314276,"rho_(etaLcl,etaLvc)":0.95658679283},"failed_clients":[],"attempt":1,"files":{"result":"/project/temp/deferiprone_single_oral_25mgkg_designcheck_20260511/validation/design_change_n403030_wtmclustT10_nomix_site403030_nondesignquota_precisionchol_basefitbootinit_preboot_20260521/runs/scenario2/bootstrap/federated/scenario2/raw_runs/run_20260523-035652/optim_result_trial_224_20260523-040536.json","trace":"/project/temp/deferiprone_single_oral_25mgkg_designcheck_20260511/validation/design_change_n403030_wtmclustT10_nomix_site403030_nondesignquota_precisionchol_basefitbootinit_preboot_20260521/runs/scenario2/bootstrap/federated/scenario2/raw_runs/run_20260523-035652/optim_trace_trial_224_20260523-040536.csv","final":"/project/temp/deferiprone_single_oral_25mgkg_designcheck_20260511/validation/design_change_n403030_wtmclustT10_nomix_site403030_nondesignquota_precisionchol_basefitbootinit_preboot_20260521/runs/scenario2/bootstrap/federated/scenario2/raw_runs/run_20260523-035652/final_params_trial_224_20260523-040536.csv"},"log_n":25,"execution_state":"completed","trial":224,"attempts":1},{"tag":"trial_225_20260523-040847","value":2290.3389,"counts":[21,21],"control":{"maxit":100,"factr":1000000000,"pgtol":0,"trace":0,"method":"L-BFGS-B"},"convergence":0,"message":"CONVERGENCE: REL_REDUCTION_OF_F <= FACTR*EPSMCH","nat_par":{"lka":2.2163369927,"lcl":2.1909909775,"lvc":3.0276755377,"CcPropSd":0.39204137961,"etaLcl":0.12587050863,"etaLvc":0.032282114311,"(etaLcl,etaLvc)":0.062242597699,"rho_(etaLcl,etaLvc)":0.97643813062},"failed_clients":[],"attempt":1,"files":{"result":"/project/temp/deferiprone_single_oral_25mgkg_designcheck_20260511/validation/design_change_n403030_wtmclustT10_nomix_site403030_nondesignquota_precisionchol_basefitbootinit_preboot_20260521/runs/scenario2/bootstrap/federated/scenario2/raw_runs/run_20260523-035652/optim_result_trial_225_20260523-040847.json","trace":"/project/temp/deferiprone_single_oral_25mgkg_designcheck_20260511/validation/design_change_n403030_wtmclustT10_nomix_site403030_nondesignquota_precisionchol_basefitbootinit_preboot_20260521/runs/scenario2/bootstrap/federated/scenario2/raw_runs/run_20260523-035652/optim_trace_trial_225_20260523-040847.csv","final":"/project/temp/deferiprone_single_oral_25mgkg_designcheck_20260511/validation/design_change_n403030_wtmclustT10_nomix_site403030_nondesignquota_precisionchol_basefitbootinit_preboot_20260521/runs/scenario2/bootstrap/federated/scenario2/raw_runs/run_20260523-035652/final_params_trial_225_20260523-040847.csv"},"log_n":21,"execution_state":"completed","trial":225,"attempts":1}],"trial_status":[{"trial":221,"execution_state":"completed","converged":true,"attempts":1,"convergence":0,"value":2227.2506,"eval_fn":24,"eval_gr":24,"log_n":24,"failed_clients_n":0,"message":"CONVERGENCE: REL_REDUCTION_OF_F <= FACTR*EPSMCH","result_file":"/project/temp/deferiprone_single_oral_25mgkg_designcheck_20260511/validation/design_change_n403030_wtmclustT10_nomix_site403030_nondesignquota_precisionchol_basefitbootinit_preboot_20260521/runs/scenario2/bootstrap/federated/scenario2/raw_runs/run_20260523-035652/optim_result_trial_221_20260523-035652.json","trace_file":"/project/temp/deferiprone_single_oral_25mgkg_designcheck_20260511/validation/design_change_n403030_wtmclustT10_nomix_site403030_nondesignquota_precisionchol_basefitbootinit_preboot_20260521/runs/scenario2/bootstrap/federated/scenario2/raw_runs/run_20260523-035652/optim_trace_trial_221_20260523-035652.csv","final_file":"/project/temp/deferiprone_single_oral_25mgkg_designcheck_20260511/validation/design_change_n403030_wtmclustT10_nomix_site403030_nondesignquota_precisionchol_basefitbootinit_preboot_20260521/runs/scenario2/bootstrap/federated/scenario2/raw_runs/run_20260523-035652/final_params_trial_221_20260523-035652.csv"},{"trial":222,"execution_state":"completed","converged":true,"attempts":1,"convergence":0,"value":2282.3299,"eval_fn":21,"eval_gr":21,"log_n":21,"failed_clients_n":0,"message":"CONVERGENCE: REL_REDUCTION_OF_F <= FACTR*EPSMCH","result_file":"/project/temp/deferiprone_single_oral_25mgkg_designcheck_20260511/validation/design_change_n403030_wtmclustT10_nomix_site403030_nondesignquota_precisionchol_basefitbootinit_preboot_20260521/runs/scenario2/bootstrap/federated/scenario2/raw_runs/run_20260523-035652/optim_result_trial_222_20260523-035953.json","trace_file":"/project/temp/deferiprone_single_oral_25mgkg_designcheck_20260511/validation/design_change_n403030_wtmclustT10_nomix_site403030_nondesignquota_precisionchol_basefitbootinit_preboot_20260521/runs/scenario2/bootstrap/federated/scenario2/raw_runs/run_20260523-035652/optim_trace_trial_222_20260523-035953.csv","final_file":"/project/temp/deferiprone_single_oral_25mgkg_designcheck_20260511/validation/design_change_n403030_wtmclustT10_nomix_site403030_nondesignquota_precisionchol_basefitbootinit_preboot_20260521/runs/scenario2/bootstrap/federated/scenario2/raw_runs/run_20260523-035652/final_params_trial_222_20260523-035953.csv"},{"trial":223,"execution_state":"completed","converged":true,"attempts":1,"convergence":0,"value":2257.0769,"eval_fn":24,"eval_gr":24,"log_n":24,"failed_clients_n":0,"message":"CONVERGENCE: REL_REDUCTION_OF_F <= FACTR*EPSMCH","result_file":"/project/temp/deferiprone_single_oral_25mgkg_designcheck_20260511/validation/design_change_n403030_wtmclustT10_nomix_site403030_nondesignquota_precisionchol_basefitbootinit_preboot_20260521/runs/scenario2/bootstrap/federated/scenario2/raw_runs/run_20260523-035652/optim_result_trial_223_20260523-040233.json","trace_file":"/project/temp/deferiprone_single_oral_25mgkg_designcheck_20260511/validation/design_change_n403030_wtmclustT10_nomix_site403030_nondesignquota_precisionchol_basefitbootinit_preboot_20260521/runs/scenario2/bootstrap/federated/scenario2/raw_runs/run_20260523-035652/optim_trace_trial_223_20260523-040233.csv","final_file":"/project/temp/deferiprone_single_oral_25mgkg_designcheck_20260511/validation/design_change_n403030_wtmclustT10_nomix_site403030_nondesignquota_precisionchol_basefitbootinit_preboot_20260521/runs/scenario2/bootstrap/federated/scenario2/raw_runs/run_20260523-035652/final_params_trial_223_20260523-040233.csv"},{"trial":224,"execution_state":"completed","converged":true,"attempts":1,"convergence":0,"value":2175.4637,"eval_fn":25,"eval_gr":25,"log_n":25,"failed_clients_n":0,"message":"CONVERGENCE: REL_REDUCTION_OF_F <= FACTR*EPSMCH","result_file":"/project/temp/deferiprone_single_oral_25mgkg_designcheck_20260511/validation/design_change_n403030_wtmclustT10_nomix_site403030_nondesignquota_precisionchol_basefitbootinit_preboot_20260521/runs/scenario2/bootstrap/federated/scenario2/raw_runs/run_20260523-035652/optim_result_trial_224_20260523-040536.json","trace_file":"/project/temp/deferiprone_single_oral_25mgkg_designcheck_20260511/validation/design_change_n403030_wtmclustT10_nomix_site403030_nondesignquota_precisionchol_basefitbootinit_preboot_20260521/runs/scenario2/bootstrap/federated/scenario2/raw_runs/run_20260523-035652/optim_trace_trial_224_20260523-040536.csv","final_file":"/project/temp/deferiprone_single_oral_25mgkg_designcheck_20260511/validation/design_change_n403030_wtmclustT10_nomix_site403030_nondesignquota_precisionchol_basefitbootinit_preboot_20260521/runs/scenario2/bootstrap/federated/scenario2/raw_runs/run_20260523-035652/final_params_trial_224_20260523-040536.csv"},{"trial":225,"execution_state":"completed","converged":true,"attempts":1,"convergence":0,"value":2290.3389,"eval_fn":21,"eval_gr":21,"log_n":21,"failed_clients_n":0,"message":"CONVERGENCE: REL_REDUCTION_OF_F <= FACTR*EPSMCH","result_file":"/project/temp/deferiprone_single_oral_25mgkg_designcheck_20260511/validation/design_change_n403030_wtmclustT10_nomix_site403030_nondesignquota_precisionchol_basefitbootinit_preboot_20260521/runs/scenario2/bootstrap/federated/scenario2/raw_runs/run_20260523-035652/optim_result_trial_225_20260523-040847.json","trace_file":"/project/temp/deferiprone_single_oral_25mgkg_designcheck_20260511/validation/design_change_n403030_wtmclustT10_nomix_site403030_nondesignquota_precisionchol_basefitbootinit_preboot_20260521/runs/scenario2/bootstrap/federated/scenario2/raw_runs/run_20260523-035652/optim_trace_trial_225_20260523-040847.csv","final_file":"/project/temp/deferiprone_single_oral_25mgkg_designcheck_20260511/validation/design_change_n403030_wtmclustT10_nomix_site403030_nondesignquota_precisionchol_basefitbootinit_preboot_20260521/runs/scenario2/bootstrap/federated/scenario2/raw_runs/run_20260523-035652/final_params_trial_225_20260523-040847.csv"}],"info":{"run_id":"20260523-035652","log_base_dir":"/project/temp/deferiprone_single_oral_25mgkg_designcheck_20260511/validation/design_change_n403030_wtmclustT10_nomix_site403030_nondesignquota_precisionchol_basefitbootinit_preboot_20260521/runs/scenario2/bootstrap/federated","scenario":"scenario2/raw_runs","total_trials":5,"successes":5,"failures":0,"nonconverged_count":0,"nonconverged_trials":[],"convergence_missing_count":0,"seed_base":4869,"B_per_client":500,"duration_sec":883.4428496361,"host":"73d6f2469b27","image_tag":null,"communication":{"generated_at":"2026-05-23T04:11:29Z","totals":{"requests":693,"request_bytes":773217,"response_bytes":175913,"total_bytes":949130,"retries":0},"init":{"requests":3,"request_bytes":8139,"response_bytes":1161,"total_bytes":9300,"retries":0,"median_elapsed_sec":0.36470389366},"init_round_latency":{"n_rounds":1,"median_round_wall_sec":0.36843729019,"p95_round_wall_sec":0.36843729019},"run":{"requests":0,"request_bytes":0,"response_bytes":0,"total_bytes":0,"retries":0,"median_elapsed_sec":"NA"},"run_bootstrap":{"requests":690,"request_bytes":765078,"response_bytes":174752,"total_bytes":939830,"retries":0,"median_elapsed_sec":3.6619274616},"round_latency":{"n_rounds":230,"median_round_wall_sec":3.781440258,"p95_round_wall_sec":4.0424584389},"timing_split":{"n_rounds":230,"rounds_with_compute":230,"total_round_wall_sec":872.7550489902,"total_round_compute_wall_sec":865.2612,"total_round_comm_overhead_wall_sec":7.4938489902,"comm_overhead_ratio":0.008586428688,"compute_ratio":0.99141357131}},"communication_files":{"csv":"/project/temp/deferiprone_single_oral_25mgkg_designcheck_20260511/validation/design_change_n403030_wtmclustT10_nomix_site403030_nondesignquota_precisionchol_basefitbootinit_preboot_20260521/runs/scenario2/bootstrap/federated/scenario2/raw_runs/run_20260523-035652/comm_metrics.csv","json":"/project/temp/deferiprone_single_oral_25mgkg_designcheck_20260511/validation/design_change_n403030_wtmclustT10_nomix_site403030_nondesignquota_precisionchol_basefitbootinit_preboot_20260521/runs/scenario2/bootstrap/federated/scenario2/raw_runs/run_20260523-035652/comm_metrics.json"},"output_files":{"bootstrap_summary_csv":"/project/temp/deferiprone_single_oral_25mgkg_designcheck_20260511/validation/design_change_n403030_wtmclustT10_nomix_site403030_nondesignquota_precisionchol_basefitbootinit_preboot_20260521/runs/scenario2/bootstrap/federated/scenario2/raw_runs/run_20260523-035652/bootstrap_summary.csv","bootstrap_summary_json":"/project/temp/deferiprone_single_oral_25mgkg_designcheck_20260511/validation/design_change_n403030_wtmclustT10_nomix_site403030_nondesignquota_precisionchol_basefitbootinit_preboot_20260521/runs/scenario2/bootstrap/federated/scenario2/raw_runs/run_20260523-035652/bootstrap_summary.json","trial_status_csv":"/project/temp/deferiprone_single_oral_25mgkg_designcheck_20260511/validation/design_change_n403030_wtmclustT10_nomix_site403030_nondesignquota_precisionchol_basefitbootinit_preboot_20260521/runs/scenario2/bootstrap/federated/scenario2/raw_runs/run_20260523-035652/trial_status.csv","failed_trials_csv":"/project/temp/deferiprone_single_oral_25mgkg_designcheck_20260511/validation/design_change_n403030_wtmclustT10_nomix_site403030_nondesignquota_precisionchol_basefitbootinit_preboot_20260521/runs/scenario2/bootstrap/federated/scenario2/raw_runs/run_20260523-035652/failed_trials.csv","trial_estimates_wide_csv":"/project/temp/deferiprone_single_oral_25mgkg_designcheck_20260511/validation/design_change_n403030_wtmclustT10_nomix_site403030_nondesignquota_precisionchol_basefitbootinit_preboot_20260521/runs/scenario2/bootstrap/federated/scenario2/raw_runs/run_20260523-035652/trial_estimates_wide.csv","trial_estimates_long_csv":"/project/temp/deferiprone_single_oral_25mgkg_designcheck_20260511/validation/design_change_n403030_wtmclustT10_nomix_site403030_nondesignquota_precisionchol_basefitbootinit_preboot_20260521/runs/scenario2/bootstrap/federated/scenario2/raw_runs/run_20260523-035652/trial_estimates_long.csv","result_json":"/project/temp/deferiprone_single_oral_25mgkg_designcheck_20260511/validation/design_change_n403030_wtmclustT10_nomix_site403030_nondesignquota_precisionchol_basefitbootinit_preboot_20260521/runs/scenario2/bootstrap/federated/scenario2/raw_runs/run_20260523-035652/result.json"}}}
[Kserver-1 exited with code 0
Aborting on container exit...
 Container defboot_design_change_n403030_wtmclu_scenario2_221_225-server-1  Stopping
 Container defboot_design_change_n403030_wtmclu_scenario2_221_225-server-1  Stopped
 Container defboot_design_change_n403030_wtmclu_scenario2_221_225-client3-1  Stopping
 Container defboot_design_change_n403030_wtmclu_scenario2_221_225-client1-1  Stopping
 Container defboot_design_change_n403030_wtmclu_scenario2_221_225-client2-1  Stopping
 Container defboot_design_change_n403030_wtmclu_scenario2_221_225-client1-1  Stopped
 Container defboot_design_change_n403030_wtmclu_scenario2_221_225-client2-1  Stopped
 Container defboot_design_change_n403030_wtmclu_scenario2_221_225-client3-1  Stopped
time="2026-05-23T13:11:40+09:00" level=warning msg="The \"SERVER_CONFIG_PATH\" variable is not set. Defaulting to a blank string."
 Container defboot_design_change_n403030_wtmclu_scenario2_221_225-server-1  Stopping
 Container defboot_design_change_n403030_wtmclu_scenario2_221_225-server-1  Stopped
 Container defboot_design_change_n403030_wtmclu_scenario2_221_225-server-1  Removing
 Container defboot_design_change_n403030_wtmclu_scenario2_221_225-server-1  Removed
 Container defboot_design_change_n403030_wtmclu_scenario2_221_225-client2-1  Stopping
 Container defboot_design_change_n403030_wtmclu_scenario2_221_225-client3-1  Stopping
 Container defboot_design_change_n403030_wtmclu_scenario2_221_225-client1-1  Stopping
 Container defboot_design_change_n403030_wtmclu_scenario2_221_225-client2-1  Stopped
 Container defboot_design_change_n403030_wtmclu_scenario2_221_225-client2-1  Removing
 Container defboot_design_change_n403030_wtmclu_scenario2_221_225-client3-1  Stopped
 Container defboot_design_change_n403030_wtmclu_scenario2_221_225-client3-1  Removing
 Container defboot_design_change_n403030_wtmclu_scenario2_221_225-client1-1  Stopped
 Container defboot_design_change_n403030_wtmclu_scenario2_221_225-client1-1  Removing
 Container defboot_design_change_n403030_wtmclu_scenario2_221_225-client2-1  Removed
 Container defboot_design_change_n403030_wtmclu_scenario2_221_225-client1-1  Removed
 Container defboot_design_change_n403030_wtmclu_scenario2_221_225-client3-1  Removed
 Network defboot_design_change_n403030_wtmclu_scenario2_221_225_site2_net  Removing
 Network defboot_design_change_n403030_wtmclu_scenario2_221_225_site1_net  Removing
 Network defboot_design_change_n403030_wtmclu_scenario2_221_225_site3_net  Removing
 Network defboot_design_change_n403030_wtmclu_scenario2_221_225_site1_net  Removed
 Network defboot_design_change_n403030_wtmclu_scenario2_221_225_site2_net  Removed
 Network defboot_design_change_n403030_wtmclu_scenario2_221_225_site3_net  Removed
