time="2026-05-23T23:32:21+09:00" level=warning msg="The \"SERVER_CONFIG_PATH\" variable is not set. Defaulting to a blank string."
Compose now can delegate build to bake for better performances
Just set COMPOSE_BAKE=true
#0 building with "default" instance using docker driver

#1 [client2 internal] load build definition from Dockerfile.app
#1 transferring dockerfile: 778B done
#1 DONE 0.0s

#2 [client1 internal] load build definition from Dockerfile.app
#2 transferring dockerfile: 778B done
#2 DONE 0.0s

#3 [client3 internal] load build definition from Dockerfile.app
#3 transferring dockerfile: 778B done
#3 DONE 0.0s

#4 [client3 internal] load metadata for docker.io/fedpoppk/base:0.1.0
#4 DONE 0.0s

#5 [client2 internal] load .dockerignore
#5 transferring context: 2B done
#5 DONE 0.0s

#6 [client1 internal] load .dockerignore
#6 transferring context: 2B done
#6 DONE 0.0s

#7 [client3 internal] load .dockerignore
#7 transferring context: 2B done
#7 DONE 0.0s

#8 [client3 1/8] FROM docker.io/fedpoppk/base:0.1.0
#8 DONE 0.0s

#9 [client2 internal] load build context
#9 transferring context: 736.51kB 0.3s done
#9 DONE 0.3s

#10 [client3 internal] load build context
#10 transferring context: 736.51kB 0.3s done
#10 DONE 0.3s

#11 [client1 internal] load build context
#11 transferring context: 736.51kB 0.3s done
#11 DONE 0.3s

#12 [client2 3/8] COPY renv.lock .Rprofile renv/activate.R ./
#12 CACHED

#13 [client2 5/8] COPY apps/ apps/
#13 CACHED

#14 [client2 6/8] COPY R/ R/
#14 CACHED

#15 [client2 4/8] RUN Rscript -e "options(renv.consent=TRUE, Ncpus=parallel::detectCores());                 renv::restore(prompt=FALSE)"
#15 CACHED

#16 [client2 2/8] WORKDIR /project
#16 CACHED

#17 [client2 7/8] COPY analysis/ analysis/
#17 CACHED

#18 [client1 8/8] RUN mkdir -p /project/configs/modes /project/data /project/artifacts /project/result
#18 CACHED

#19 [client2] exporting to image
#19 exporting layers done
#19 writing image sha256:afcacfbe7b27ef2274b1ed628274b1d29081ed6b52ba93fa2e092df793a00d03 done
#19 naming to docker.io/library/defboot_design_change_n403030_wtmclu_scenario2_426_430-client2 0.0s done
#19 DONE 0.0s

#20 [client1] exporting to image
#20 exporting layers done
#20 writing image sha256:7b1bf7af8b9ff06a47dddb2b0fc28e313b81dd2b79b6878ab19b71bceed8ceb4 done
#20 naming to docker.io/library/defboot_design_change_n403030_wtmclu_scenario2_426_430-client1 0.0s done
#20 DONE 0.0s

#21 [client3] exporting to image
#21 exporting layers done
#21 writing image sha256:656970ee8e11daf44b88fd9b02394ee32e0a09640a877784dec489e63e7be526 done
#21 naming to docker.io/library/defboot_design_change_n403030_wtmclu_scenario2_426_430-client3 0.0s done
#21 DONE 0.1s

#22 [client2] resolving provenance for metadata file
#22 DONE 0.0s

#23 [client3] resolving provenance for metadata file
#23 DONE 0.0s

#24 [client1] resolving provenance for metadata file
#24 DONE 0.0s

#25 [server internal] load build definition from Dockerfile.app
#25 transferring dockerfile: 778B done
#25 DONE 0.0s

#4 [server internal] load metadata for docker.io/fedpoppk/base:0.1.0
#4 DONE 0.0s

#26 [server internal] load .dockerignore
#26 transferring context: 2B done
#26 DONE 0.0s

#27 [server internal] load build context
#27 DONE 0.0s

#8 [server 1/8] FROM docker.io/fedpoppk/base:0.1.0
#8 DONE 0.0s

#27 [server internal] load build context
#27 transferring context: 736.51kB 0.4s done
#27 DONE 0.4s

#28 [server 6/8] COPY R/ R/
#28 CACHED

#29 [server 7/8] COPY analysis/ analysis/
#29 CACHED

#16 [server 2/8] WORKDIR /project
#16 CACHED

#30 [server 4/8] RUN Rscript -e "options(renv.consent=TRUE, Ncpus=parallel::detectCores());                 renv::restore(prompt=FALSE)"
#30 CACHED

#31 [server 3/8] COPY renv.lock .Rprofile renv/activate.R ./
#31 CACHED

#32 [server 5/8] COPY apps/ apps/
#32 CACHED

#33 [server 8/8] RUN mkdir -p /project/configs/modes /project/data /project/artifacts /project/result
#33 CACHED

#34 [server] exporting to image
#34 exporting layers done
#34 writing image sha256:c5af7f58aff9beb32988a8731e9a2308c5411a757bd249bd116a5445a8927154 done
#34 naming to docker.io/library/defboot_design_change_n403030_wtmclu_scenario2_426_430-server 0.0s done
#34 DONE 0.0s

#35 [server] resolving provenance for metadata file
#35 DONE 0.0s
 client1  Built
 client2  Built
 client3  Built
 server  Built
 Network defboot_design_change_n403030_wtmclu_scenario2_426_430_site3_net  Creating
 Network defboot_design_change_n403030_wtmclu_scenario2_426_430_site3_net  Created
 Network defboot_design_change_n403030_wtmclu_scenario2_426_430_site1_net  Creating
 Network defboot_design_change_n403030_wtmclu_scenario2_426_430_site1_net  Created
 Network defboot_design_change_n403030_wtmclu_scenario2_426_430_site2_net  Creating
 Network defboot_design_change_n403030_wtmclu_scenario2_426_430_site2_net  Created
 Container defboot_design_change_n403030_wtmclu_scenario2_426_430-client3-1  Creating
 Container defboot_design_change_n403030_wtmclu_scenario2_426_430-client2-1  Creating
 Container defboot_design_change_n403030_wtmclu_scenario2_426_430-client1-1  Creating
 Container defboot_design_change_n403030_wtmclu_scenario2_426_430-client1-1  Created
 Container defboot_design_change_n403030_wtmclu_scenario2_426_430-client2-1  Created
 Container defboot_design_change_n403030_wtmclu_scenario2_426_430-client3-1  Created
 Container defboot_design_change_n403030_wtmclu_scenario2_426_430-server-1  Creating
 Container defboot_design_change_n403030_wtmclu_scenario2_426_430-server-1  Created
Attaching to client1-1, client2-1, client3-1, server-1
client1-1  | Running plumber API at http://0.0.0.0:8000
client1-1  | Running swagger Docs at http://127.0.0.1:8000/__docs__/
client3-1  | Running plumber API at http://0.0.0.0:8000
client3-1  | Running swagger Docs at http://127.0.0.1:8000/__docs__/
client2-1  | Running plumber API at http://0.0.0.0:8000
client2-1  | Running swagger Docs at http://127.0.0.1:8000/__docs__/
client3-1  | ℹ parameter labels from comments are typically ignored in non-interactive mode
client2-1  | ℹ parameter labels from comments are typically ignored in non-interactive mode
client1-1  | ℹ parameter labels from comments are typically ignored in non-interactive mode
client3-1  | ℹ Need to run with the source intact to parse comments
client2-1  | ℹ Need to run with the source intact to parse comments
client1-1  | ℹ Need to run with the source intact to parse comments
server-1   | [send_init] http://client3:8000 init succeeded
server-1   | [send_init] http://client2:8000 init succeeded
server-1   | [send_init] http://client1:8000 init succeeded
server-1   | {"schema":{"schema_version":"1.1.0","generated_at":"2026-05-23T14:32:30Z","config_path":"/project/configs/../temp/deferiprone_single_oral_25mgkg_designcheck_20260511/validation/design_change_n403030_wtmclustT10_nomix_site403030_nondesignquota_precisionchol_basefitbootinit_preboot_20260521/configs/resolved/scenario2_bootstrap.json","config_md5":"67e6a296d3935d620e746ed6160f8ca2","seed":4869,"host":"87fe42c32d5c","pid":1,"image_tag":null,"git_sha":null,"git_dirty":null},"aggregation":{"ci_method":"percentile","ci_level":0.95,"quantile_type":7,"estimates_scale":"natural"},"summary":[{"parameter":"(etaLcl,etaLvc)","median":0.051415749998,"p2.5":0.049304503137,"p97.5":0.059778046267},{"parameter":"CcPropSd","median":0.34338153904,"p2.5":0.34146777684,"p97.5":0.37807703822},{"parameter":"etaLcl","median":0.092837713079,"p2.5":0.089409822926,"p97.5":0.10371826492},{"parameter":"etaLvc","median":0.029974928254,"p2.5":0.024935940645,"p97.5":0.041560371537},{"parameter":"lcl","median":2.1080133294,"p2.5":2.0895170443,"p97.5":2.1589859841},{"parameter":"lka","median":2.1369798462,"p2.5":2.0090829863,"p97.5":2.238072683},{"parameter":"lvc","median":2.9165645845,"p2.5":2.8738163656,"p97.5":2.9339663002},{"parameter":"rho_(etaLcl,etaLvc)","median":0.97466390321,"p2.5":0.96978407044,"p97.5":0.98139925314}],"runs":[{"tag":"trial_426_20260523-143230","value":2286.22,"counts":[22,22],"control":{"maxit":100,"factr":1000000000,"pgtol":0,"trace":0,"method":"L-BFGS-B"},"convergence":0,"message":"CONVERGENCE: REL_REDUCTION_OF_F <= FACTR*EPSMCH","nat_par":{"lka":2.1369798462,"lcl":2.1080133294,"lvc":2.9188345889,"CcPropSd":0.37898511909,"etaLcl":0.099260051957,"etaLvc":0.02761916113,"(etaLcl,etaLvc)":0.05092501891,"rho_(etaLcl,etaLvc)":0.97260994957},"failed_clients":[],"attempt":1,"files":{"result":"/project/temp/deferiprone_single_oral_25mgkg_designcheck_20260511/validation/design_change_n403030_wtmclustT10_nomix_site403030_nondesignquota_precisionchol_basefitbootinit_preboot_20260521/runs/scenario2/bootstrap/federated/scenario2/raw_runs/run_20260523-143230/optim_result_trial_426_20260523-143230.json","trace":"/project/temp/deferiprone_single_oral_25mgkg_designcheck_20260511/validation/design_change_n403030_wtmclustT10_nomix_site403030_nondesignquota_precisionchol_basefitbootinit_preboot_20260521/runs/scenario2/bootstrap/federated/scenario2/raw_runs/run_20260523-143230/optim_trace_trial_426_20260523-143230.csv","final":"/project/temp/deferiprone_single_oral_25mgkg_designcheck_20260511/validation/design_change_n403030_wtmclustT10_nomix_site403030_nondesignquota_precisionchol_basefitbootinit_preboot_20260521/runs/scenario2/bootstrap/federated/scenario2/raw_runs/run_20260523-143230/final_params_trial_426_20260523-143230.csv"},"log_n":22,"execution_state":"completed","trial":426,"attempts":1},{"tag":"trial_427_20260523-143516","value":2264.5739,"counts":[20,20],"control":{"maxit":100,"factr":1000000000,"pgtol":0,"trace":0,"method":"L-BFGS-B"},"convergence":0,"message":"CONVERGENCE: REL_REDUCTION_OF_F <= FACTR*EPSMCH","nat_par":{"lka":2.2475711118,"lcl":2.0882560547,"lvc":2.9165645845,"CcPropSd":0.36990431037,"etaLcl":0.089098731813,"etaLvc":0.042491831444,"(etaLcl,etaLvc)":0.06041568536,"rho_(etaLcl,etaLvc)":0.98188634463},"failed_clients":[],"attempt":1,"files":{"result":"/project/temp/deferiprone_single_oral_25mgkg_designcheck_20260511/validation/design_change_n403030_wtmclustT10_nomix_site403030_nondesignquota_precisionchol_basefitbootinit_preboot_20260521/runs/scenario2/bootstrap/federated/scenario2/raw_runs/run_20260523-143230/optim_result_trial_427_20260523-143516.json","trace":"/project/temp/deferiprone_single_oral_25mgkg_designcheck_20260511/validation/design_change_n403030_wtmclustT10_nomix_site403030_nondesignquota_precisionchol_basefitbootinit_preboot_20260521/runs/scenario2/bootstrap/federated/scenario2/raw_runs/run_20260523-143230/optim_trace_trial_427_20260523-143516.csv","final":"/project/temp/deferiprone_single_oral_25mgkg_designcheck_20260511/validation/design_change_n403030_wtmclustT10_nomix_site403030_nondesignquota_precisionchol_basefitbootinit_preboot_20260521/runs/scenario2/bootstrap/federated/scenario2/raw_runs/run_20260523-143230/final_params_trial_427_20260523-143516.csv"},"log_n":20,"execution_state":"completed","trial":427,"attempts":1},{"tag":"trial_428_20260523-143748","value":2195.8781,"counts":[22,22],"control":{"maxit":100,"factr":1000000000,"pgtol":0,"trace":0,"method":"L-BFGS-B"},"convergence":0,"message":"CONVERGENCE: REL_REDUCTION_OF_F <= FACTR*EPSMCH","nat_par":{"lka":2.0526910706,"lcl":2.1367040986,"lvc":2.8725663197,"CcPropSd":0.34146060505,"etaLcl":0.092837713079,"etaLvc":0.029974928254,"(etaLcl,etaLvc)":0.051415749998,"rho_(etaLcl,etaLvc)":0.97466390321},"failed_clients":[],"attempt":1,"files":{"result":"/project/temp/deferiprone_single_oral_25mgkg_designcheck_20260511/validation/design_change_n403030_wtmclustT10_nomix_site403030_nondesignquota_precisionchol_basefitbootinit_preboot_20260521/runs/scenario2/bootstrap/federated/scenario2/raw_runs/run_20260523-143230/optim_result_trial_428_20260523-143748.json","trace":"/project/temp/deferiprone_single_oral_25mgkg_designcheck_20260511/validation/design_change_n403030_wtmclustT10_nomix_site403030_nondesignquota_precisionchol_basefitbootinit_preboot_20260521/runs/scenario2/bootstrap/federated/scenario2/raw_runs/run_20260523-143230/optim_trace_trial_428_20260523-143748.csv","final":"/project/temp/deferiprone_single_oral_25mgkg_designcheck_20260511/validation/design_change_n403030_wtmclustT10_nomix_site403030_nondesignquota_precisionchol_basefitbootinit_preboot_20260521/runs/scenario2/bootstrap/federated/scenario2/raw_runs/run_20260523-143230/final_params_trial_428_20260523-143748.csv"},"log_n":22,"execution_state":"completed","trial":428,"attempts":1},{"tag":"trial_429_20260523-144034","value":2181.743,"counts":[21,21],"control":{"maxit":100,"factr":1000000000,"pgtol":0,"trace":0,"method":"L-BFGS-B"},"convergence":0,"message":"CONVERGENCE: REL_REDUCTION_OF_F <= FACTR*EPSMCH","nat_par":{"lka":2.0042376436,"lcl":2.1614617491,"lvc":2.8850667779,"CcPropSd":0.34338153904,"etaLcl":0.092209642946,"etaLvc":0.033177232375,"(etaLcl,etaLvc)":0.054039294423,"rho_(etaLcl,etaLvc)":0.97701542967},"failed_clients":[],"attempt":1,"files":{"result":"/project/temp/deferiprone_single_oral_25mgkg_designcheck_20260511/validation/design_change_n403030_wtmclustT10_nomix_site403030_nondesignquota_precisionchol_basefitbootinit_preboot_20260521/runs/scenario2/bootstrap/federated/scenario2/raw_runs/run_20260523-143230/optim_result_trial_429_20260523-144034.json","trace":"/project/temp/deferiprone_single_oral_25mgkg_designcheck_20260511/validation/design_change_n403030_wtmclustT10_nomix_site403030_nondesignquota_precisionchol_basefitbootinit_preboot_20260521/runs/scenario2/bootstrap/federated/scenario2/raw_runs/run_20260523-143230/optim_trace_trial_429_20260523-144034.csv","final":"/project/temp/deferiprone_single_oral_25mgkg_designcheck_20260511/validation/design_change_n403030_wtmclustT10_nomix_site403030_nondesignquota_precisionchol_basefitbootinit_preboot_20260521/runs/scenario2/bootstrap/federated/scenario2/raw_runs/run_20260523-143230/final_params_trial_429_20260523-144034.csv"},"log_n":21,"execution_state":"completed","trial":429,"attempts":1},{"tag":"trial_430_20260523-144315","value":2250.5001,"counts":[24,24],"control":{"maxit":100,"factr":1000000000,"pgtol":0,"trace":0,"method":"L-BFGS-B"},"convergence":0,"message":"CONVERGENCE: REL_REDUCTION_OF_F <= FACTR*EPSMCH","nat_par":{"lka":2.1525868232,"lcl":2.1008659508,"lvc":2.9356476015,"CcPropSd":0.34153232292,"etaLcl":0.10421362191,"etaLvc":0.024637805035,"(etaLcl,etaLvc)":0.049124445828,"rho_(etaLcl,etaLvc)":0.96947008387},"failed_clients":[],"attempt":1,"files":{"result":"/project/temp/deferiprone_single_oral_25mgkg_designcheck_20260511/validation/design_change_n403030_wtmclustT10_nomix_site403030_nondesignquota_precisionchol_basefitbootinit_preboot_20260521/runs/scenario2/bootstrap/federated/scenario2/raw_runs/run_20260523-143230/optim_result_trial_430_20260523-144315.json","trace":"/project/temp/deferiprone_single_oral_25mgkg_designcheck_20260511/validation/design_change_n403030_wtmclustT10_nomix_site403030_nondesignquota_precisionchol_basefitbootinit_preboot_20260521/runs/scenario2/bootstrap/federated/scenario2/raw_runs/run_20260523-143230/optim_trace_trial_430_20260523-144315.csv","final":"/project/temp/deferiprone_single_oral_25mgkg_designcheck_20260511/validation/design_change_n403030_wtmclustT10_nomix_site403030_nondesignquota_precisionchol_basefitbootinit_preboot_20260521/runs/scenario2/bootstrap/federated/scenario2/raw_runs/run_20260523-143230/final_params_trial_430_20260523-144315.csv"},"log_n":24,"execution_state":"completed","trial":430,"attempts":1}],"trial_status":[{"trial":426,"execution_state":"completed","converged":true,"attempts":1,"convergence":0,"value":2286.22,"eval_fn":22,"eval_gr":22,"log_n":22,"failed_clients_n":0,"message":"CONVERGENCE: REL_REDUCTION_OF_F <= FACTR*EPSMCH","result_file":"/project/temp/deferiprone_single_oral_25mgkg_designcheck_20260511/validation/design_change_n403030_wtmclustT10_nomix_site403030_nondesignquota_precisionchol_basefitbootinit_preboot_20260521/runs/scenario2/bootstrap/federated/scenario2/raw_runs/run_20260523-143230/optim_result_trial_426_20260523-143230.json","trace_file":"/project/temp/deferiprone_single_oral_25mgkg_designcheck_20260511/validation/design_change_n403030_wtmclustT10_nomix_site403030_nondesignquota_precisionchol_basefitbootinit_preboot_20260521/runs/scenario2/bootstrap/federated/scenario2/raw_runs/run_20260523-143230/optim_trace_trial_426_20260523-143230.csv","final_file":"/project/temp/deferiprone_single_oral_25mgkg_designcheck_20260511/validation/design_change_n403030_wtmclustT10_nomix_site403030_nondesignquota_precisionchol_basefitbootinit_preboot_20260521/runs/scenario2/bootstrap/federated/scenario2/raw_runs/run_20260523-143230/final_params_trial_426_20260523-143230.csv"},{"trial":427,"execution_state":"completed","converged":true,"attempts":1,"convergence":0,"value":2264.5739,"eval_fn":20,"eval_gr":20,"log_n":20,"failed_clients_n":0,"message":"CONVERGENCE: REL_REDUCTION_OF_F <= FACTR*EPSMCH","result_file":"/project/temp/deferiprone_single_oral_25mgkg_designcheck_20260511/validation/design_change_n403030_wtmclustT10_nomix_site403030_nondesignquota_precisionchol_basefitbootinit_preboot_20260521/runs/scenario2/bootstrap/federated/scenario2/raw_runs/run_20260523-143230/optim_result_trial_427_20260523-143516.json","trace_file":"/project/temp/deferiprone_single_oral_25mgkg_designcheck_20260511/validation/design_change_n403030_wtmclustT10_nomix_site403030_nondesignquota_precisionchol_basefitbootinit_preboot_20260521/runs/scenario2/bootstrap/federated/scenario2/raw_runs/run_20260523-143230/optim_trace_trial_427_20260523-143516.csv","final_file":"/project/temp/deferiprone_single_oral_25mgkg_designcheck_20260511/validation/design_change_n403030_wtmclustT10_nomix_site403030_nondesignquota_precisionchol_basefitbootinit_preboot_20260521/runs/scenario2/bootstrap/federated/scenario2/raw_runs/run_20260523-143230/final_params_trial_427_20260523-143516.csv"},{"trial":428,"execution_state":"completed","converged":true,"attempts":1,"convergence":0,"value":2195.8781,"eval_fn":22,"eval_gr":22,"log_n":22,"failed_clients_n":0,"message":"CONVERGENCE: REL_REDUCTION_OF_F <= FACTR*EPSMCH","result_file":"/project/temp/deferiprone_single_oral_25mgkg_designcheck_20260511/validation/design_change_n403030_wtmclustT10_nomix_site403030_nondesignquota_precisionchol_basefitbootinit_preboot_20260521/runs/scenario2/bootstrap/federated/scenario2/raw_runs/run_20260523-143230/optim_result_trial_428_20260523-143748.json","trace_file":"/project/temp/deferiprone_single_oral_25mgkg_designcheck_20260511/validation/design_change_n403030_wtmclustT10_nomix_site403030_nondesignquota_precisionchol_basefitbootinit_preboot_20260521/runs/scenario2/bootstrap/federated/scenario2/raw_runs/run_20260523-143230/optim_trace_trial_428_20260523-143748.csv","final_file":"/project/temp/deferiprone_single_oral_25mgkg_designcheck_20260511/validation/design_change_n403030_wtmclustT10_nomix_site403030_nondesignquota_precisionchol_basefitbootinit_preboot_20260521/runs/scenario2/bootstrap/federated/scenario2/raw_runs/run_20260523-143230/final_params_trial_428_20260523-143748.csv"},{"trial":429,"execution_state":"completed","converged":true,"attempts":1,"convergence":0,"value":2181.743,"eval_fn":21,"eval_gr":21,"log_n":21,"failed_clients_n":0,"message":"CONVERGENCE: REL_REDUCTION_OF_F <= FACTR*EPSMCH","result_file":"/project/temp/deferiprone_single_oral_25mgkg_designcheck_20260511/validation/design_change_n403030_wtmclustT10_nomix_site403030_nondesignquota_precisionchol_basefitbootinit_preboot_20260521/runs/scenario2/bootstrap/federated/scenario2/raw_runs/run_20260523-143230/optim_result_trial_429_20260523-144034.json","trace_file":"/project/temp/deferiprone_single_oral_25mgkg_designcheck_20260511/validation/design_change_n403030_wtmclustT10_nomix_site403030_nondesignquota_precisionchol_basefitbootinit_preboot_20260521/runs/scenario2/bootstrap/federated/scenario2/raw_runs/run_20260523-143230/optim_trace_trial_429_20260523-144034.csv","final_file":"/project/temp/deferiprone_single_oral_25mgkg_designcheck_20260511/validation/design_change_n403030_wtmclustT10_nomix_site403030_nondesignquota_precisionchol_basefitbootinit_preboot_20260521/runs/scenario2/bootstrap/federated/scenario2/raw_runs/run_20260523-143230/final_params_trial_429_20260523-144034.csv"},{"trial":430,"execution_state":"completed","converged":true,"attempts":1,"convergence":0,"value":2250.5001,"eval_fn":24,"eval_gr":24,"log_n":24,"failed_clients_n":0,"message":"CONVERGENCE: REL_REDUCTION_OF_F <= FACTR*EPSMCH","result_file":"/project/temp/deferiprone_single_oral_25mgkg_designcheck_20260511/validation/design_change_n403030_wtmclustT10_nomix_site403030_nondesignquota_precisionchol_basefitbootinit_preboot_20260521/runs/scenario2/bootstrap/federated/scenario2/raw_runs/run_20260523-143230/optim_result_trial_430_20260523-144315.json","trace_file":"/project/temp/deferiprone_single_oral_25mgkg_designcheck_20260511/validation/design_change_n403030_wtmclustT10_nomix_site403030_nondesignquota_precisionchol_basefitbootinit_preboot_20260521/runs/scenario2/bootstrap/federated/scenario2/raw_runs/run_20260523-143230/optim_trace_trial_430_20260523-144315.csv","final_file":"/project/temp/deferiprone_single_oral_25mgkg_designcheck_20260511/validation/design_change_n403030_wtmclustT10_nomix_site403030_nondesignquota_precisionchol_basefitbootinit_preboot_20260521/runs/scenario2/bootstrap/federated/scenario2/raw_runs/run_20260523-143230/final_params_trial_430_20260523-144315.csv"}],"info":{"run_id":"20260523-143230","log_base_dir":"/project/temp/deferiprone_single_oral_25mgkg_designcheck_20260511/validation/design_change_n403030_wtmclustT10_nomix_site403030_nondesignquota_precisionchol_basefitbootinit_preboot_20260521/runs/scenario2/bootstrap/federated","scenario":"scenario2/raw_runs","total_trials":5,"successes":5,"failures":0,"nonconverged_count":0,"nonconverged_trials":[],"convergence_missing_count":0,"seed_base":4869,"B_per_client":500,"duration_sec":835.2901542187,"host":"87fe42c32d5c","image_tag":null,"communication":{"generated_at":"2026-05-23T14:46:19Z","totals":{"requests":657,"request_bytes":733143,"response_bytes":166549,"total_bytes":899692,"retries":0},"init":{"requests":3,"request_bytes":8139,"response_bytes":1161,"total_bytes":9300,"retries":0,"median_elapsed_sec":0.3629450798},"init_round_latency":{"n_rounds":1,"median_round_wall_sec":0.36489057541,"p95_round_wall_sec":0.36489057541},"run":{"requests":0,"request_bytes":0,"response_bytes":0,"total_bytes":0,"retries":0,"median_elapsed_sec":"NA"},"run_bootstrap":{"requests":654,"request_bytes":725004,"response_bytes":165388,"total_bytes":890392,"retries":0,"median_elapsed_sec":3.6427696943},"round_latency":{"n_rounds":218,"median_round_wall_sec":3.7581732273,"p95_round_wall_sec":4.0429221153},"timing_split":{"n_rounds":218,"rounds_with_compute":218,"total_round_wall_sec":824.839345932,"total_round_compute_wall_sec":817.8841,"total_round_comm_overhead_wall_sec":6.955245932,"comm_overhead_ratio":0.008432243159,"compute_ratio":0.99156775684}},"communication_files":{"csv":"/project/temp/deferiprone_single_oral_25mgkg_designcheck_20260511/validation/design_change_n403030_wtmclustT10_nomix_site403030_nondesignquota_precisionchol_basefitbootinit_preboot_20260521/runs/scenario2/bootstrap/federated/scenario2/raw_runs/run_20260523-143230/comm_metrics.csv","json":"/project/temp/deferiprone_single_oral_25mgkg_designcheck_20260511/validation/design_change_n403030_wtmclustT10_nomix_site403030_nondesignquota_precisionchol_basefitbootinit_preboot_20260521/runs/scenario2/bootstrap/federated/scenario2/raw_runs/run_20260523-143230/comm_metrics.json"},"output_files":{"bootstrap_summary_csv":"/project/temp/deferiprone_single_oral_25mgkg_designcheck_20260511/validation/design_change_n403030_wtmclustT10_nomix_site403030_nondesignquota_precisionchol_basefitbootinit_preboot_20260521/runs/scenario2/bootstrap/federated/scenario2/raw_runs/run_20260523-143230/bootstrap_summary.csv","bootstrap_summary_json":"/project/temp/deferiprone_single_oral_25mgkg_designcheck_20260511/validation/design_change_n403030_wtmclustT10_nomix_site403030_nondesignquota_precisionchol_basefitbootinit_preboot_20260521/runs/scenario2/bootstrap/federated/scenario2/raw_runs/run_20260523-143230/bootstrap_summary.json","trial_status_csv":"/project/temp/deferiprone_single_oral_25mgkg_designcheck_20260511/validation/design_change_n403030_wtmclustT10_nomix_site403030_nondesignquota_precisionchol_basefitbootinit_preboot_20260521/runs/scenario2/bootstrap/federated/scenario2/raw_runs/run_20260523-143230/trial_status.csv","failed_trials_csv":"/project/temp/deferiprone_single_oral_25mgkg_designcheck_20260511/validation/design_change_n403030_wtmclustT10_nomix_site403030_nondesignquota_precisionchol_basefitbootinit_preboot_20260521/runs/scenario2/bootstrap/federated/scenario2/raw_runs/run_20260523-143230/failed_trials.csv","trial_estimates_wide_csv":"/project/temp/deferiprone_single_oral_25mgkg_designcheck_20260511/validation/design_change_n403030_wtmclustT10_nomix_site403030_nondesignquota_precisionchol_basefitbootinit_preboot_20260521/runs/scenario2/bootstrap/federated/scenario2/raw_runs/run_20260523-143230/trial_estimates_wide.csv","trial_estimates_long_csv":"/project/temp/deferiprone_single_oral_25mgkg_designcheck_20260511/validation/design_change_n403030_wtmclustT10_nomix_site403030_nondesignquota_precisionchol_basefitbootinit_preboot_20260521/runs/scenario2/bootstrap/federated/scenario2/raw_runs/run_20260523-143230/trial_estimates_long.csv","result_json":"/project/temp/deferiprone_single_oral_25mgkg_designcheck_20260511/validation/design_change_n403030_wtmclustT10_nomix_site403030_nondesignquota_precisionchol_basefitbootinit_preboot_20260521/runs/scenario2/bootstrap/federated/scenario2/raw_runs/run_20260523-143230/result.json"}}}
[Kserver-1 exited with code 0
Aborting on container exit...
 Container defboot_design_change_n403030_wtmclu_scenario2_426_430-server-1  Stopping
 Container defboot_design_change_n403030_wtmclu_scenario2_426_430-server-1  Stopped
 Container defboot_design_change_n403030_wtmclu_scenario2_426_430-client1-1  Stopping
 Container defboot_design_change_n403030_wtmclu_scenario2_426_430-client3-1  Stopping
 Container defboot_design_change_n403030_wtmclu_scenario2_426_430-client2-1  Stopping
 Container defboot_design_change_n403030_wtmclu_scenario2_426_430-client2-1  Stopped
 Container defboot_design_change_n403030_wtmclu_scenario2_426_430-client3-1  Stopped
 Container defboot_design_change_n403030_wtmclu_scenario2_426_430-client1-1  Stopped
time="2026-05-23T23:46:30+09:00" level=warning msg="The \"SERVER_CONFIG_PATH\" variable is not set. Defaulting to a blank string."
 Container defboot_design_change_n403030_wtmclu_scenario2_426_430-server-1  Stopping
 Container defboot_design_change_n403030_wtmclu_scenario2_426_430-server-1  Stopped
 Container defboot_design_change_n403030_wtmclu_scenario2_426_430-server-1  Removing
 Container defboot_design_change_n403030_wtmclu_scenario2_426_430-server-1  Removed
 Container defboot_design_change_n403030_wtmclu_scenario2_426_430-client1-1  Stopping
 Container defboot_design_change_n403030_wtmclu_scenario2_426_430-client2-1  Stopping
 Container defboot_design_change_n403030_wtmclu_scenario2_426_430-client3-1  Stopping
 Container defboot_design_change_n403030_wtmclu_scenario2_426_430-client1-1  Stopped
 Container defboot_design_change_n403030_wtmclu_scenario2_426_430-client1-1  Removing
 Container defboot_design_change_n403030_wtmclu_scenario2_426_430-client3-1  Stopped
 Container defboot_design_change_n403030_wtmclu_scenario2_426_430-client3-1  Removing
 Container defboot_design_change_n403030_wtmclu_scenario2_426_430-client2-1  Stopped
 Container defboot_design_change_n403030_wtmclu_scenario2_426_430-client2-1  Removing
 Container defboot_design_change_n403030_wtmclu_scenario2_426_430-client1-1  Removed
 Container defboot_design_change_n403030_wtmclu_scenario2_426_430-client2-1  Removed
 Container defboot_design_change_n403030_wtmclu_scenario2_426_430-client3-1  Removed
 Network defboot_design_change_n403030_wtmclu_scenario2_426_430_site1_net  Removing
 Network defboot_design_change_n403030_wtmclu_scenario2_426_430_site2_net  Removing
 Network defboot_design_change_n403030_wtmclu_scenario2_426_430_site3_net  Removing
 Network defboot_design_change_n403030_wtmclu_scenario2_426_430_site1_net  Removed
 Network defboot_design_change_n403030_wtmclu_scenario2_426_430_site2_net  Removed
 Network defboot_design_change_n403030_wtmclu_scenario2_426_430_site3_net  Removed
