time="2026-05-23T10:09:39+09:00" level=warning msg="The \"SERVER_CONFIG_PATH\" variable is not set. Defaulting to a blank string."
Compose now can delegate build to bake for better performances
Just set COMPOSE_BAKE=true
#0 building with "default" instance using docker driver

#1 [client1 internal] load build definition from Dockerfile.app
#1 transferring dockerfile: 778B done
#1 DONE 0.0s

#2 [client2 internal] load build definition from Dockerfile.app
#2 transferring dockerfile: 778B done
#2 DONE 0.0s

#3 [client3 internal] load build definition from Dockerfile.app
#3 transferring dockerfile: 778B done
#3 DONE 0.0s

#4 [client3 internal] load metadata for docker.io/fedpoppk/base:0.1.0
#4 DONE 0.0s

#5 [client1 internal] load .dockerignore
#5 transferring context: 2B done
#5 DONE 0.0s

#6 [client2 internal] load .dockerignore
#6 transferring context: 2B done
#6 DONE 0.0s

#7 [client3 internal] load .dockerignore
#7 transferring context: 2B done
#7 DONE 0.0s

#8 [client3 1/8] FROM docker.io/fedpoppk/base:0.1.0
#8 DONE 0.0s

#9 [client1 internal] load build context
#9 transferring context: 736.51kB 0.3s done
#9 DONE 0.3s

#10 [client2 internal] load build context
#10 transferring context: 736.51kB 0.3s done
#10 DONE 0.3s

#11 [client3 internal] load build context
#11 transferring context: 736.51kB 0.3s done
#11 DONE 0.3s

#12 [client2 4/8] RUN Rscript -e "options(renv.consent=TRUE, Ncpus=parallel::detectCores());                 renv::restore(prompt=FALSE)"
#12 CACHED

#13 [client2 3/8] COPY renv.lock .Rprofile renv/activate.R ./
#13 CACHED

#14 [client2 5/8] COPY apps/ apps/
#14 CACHED

#15 [client2 6/8] COPY R/ R/
#15 CACHED

#16 [client2 7/8] COPY analysis/ analysis/
#16 CACHED

#17 [client2 2/8] WORKDIR /project
#17 CACHED

#18 [client1 8/8] RUN mkdir -p /project/configs/modes /project/data /project/artifacts /project/result
#18 CACHED

#19 [client2] exporting to image
#19 exporting layers done
#19 writing image sha256:1b800f3a87325ff98b1efe965b1a1bd35d7e064c27f67f2b2789e6cf53a49740 done
#19 naming to docker.io/library/defboot_design_change_n403030_wtmclu_scenario2_166_170-client2 0.0s done
#19 DONE 0.0s

#20 [client3] exporting to image
#20 exporting layers done
#20 writing image sha256:dabff86b159116c3b57f5fbbd9b724528f31ba5b43d75474eff2516e1b2d6f6f done
#20 naming to docker.io/library/defboot_design_change_n403030_wtmclu_scenario2_166_170-client3 0.0s done
#20 DONE 0.0s

#21 [client1] exporting to image
#21 exporting layers done
#21 writing image sha256:bfba662f38b29ca6d9f5fefd260f7c0e7ae2a88926b939601806c9ab00cd8920 done
#21 naming to docker.io/library/defboot_design_change_n403030_wtmclu_scenario2_166_170-client1 0.0s done
#21 DONE 0.1s

#22 [client3] resolving provenance for metadata file
#22 DONE 0.0s

#23 [client2] resolving provenance for metadata file
#23 DONE 0.0s

#24 [client1] resolving provenance for metadata file
#24 DONE 0.0s

#25 [server internal] load build definition from Dockerfile.app
#25 transferring dockerfile: 778B done
#25 DONE 0.0s

#4 [server internal] load metadata for docker.io/fedpoppk/base:0.1.0
#4 DONE 0.0s

#26 [server internal] load .dockerignore
#26 transferring context: 2B done
#26 DONE 0.0s

#8 [server 1/8] FROM docker.io/fedpoppk/base:0.1.0
#8 DONE 0.0s

#27 [server internal] load build context
#27 transferring context: 736.51kB 0.4s done
#27 DONE 0.4s

#28 [server 5/8] COPY apps/ apps/
#28 CACHED

#29 [server 7/8] COPY analysis/ analysis/
#29 CACHED

#30 [server 3/8] COPY renv.lock .Rprofile renv/activate.R ./
#30 CACHED

#31 [server 4/8] RUN Rscript -e "options(renv.consent=TRUE, Ncpus=parallel::detectCores());                 renv::restore(prompt=FALSE)"
#31 CACHED

#32 [server 6/8] COPY R/ R/
#32 CACHED

#17 [server 2/8] WORKDIR /project
#17 CACHED

#33 [server 8/8] RUN mkdir -p /project/configs/modes /project/data /project/artifacts /project/result
#33 CACHED

#34 [server] exporting to image
#34 exporting layers done
#34 writing image sha256:fa17fcdf0cd1bb0ed159816f7033f17519646e68eb3c9de5f2637dea86fc44b6 done
#34 naming to docker.io/library/defboot_design_change_n403030_wtmclu_scenario2_166_170-server 0.0s done
#34 DONE 0.0s

#35 [server] resolving provenance for metadata file
#35 DONE 0.0s
 client1  Built
 client2  Built
 client3  Built
 server  Built
 Network defboot_design_change_n403030_wtmclu_scenario2_166_170_site2_net  Creating
 Network defboot_design_change_n403030_wtmclu_scenario2_166_170_site2_net  Created
 Network defboot_design_change_n403030_wtmclu_scenario2_166_170_site3_net  Creating
 Network defboot_design_change_n403030_wtmclu_scenario2_166_170_site3_net  Created
 Network defboot_design_change_n403030_wtmclu_scenario2_166_170_site1_net  Creating
 Network defboot_design_change_n403030_wtmclu_scenario2_166_170_site1_net  Created
 Container defboot_design_change_n403030_wtmclu_scenario2_166_170-client1-1  Creating
 Container defboot_design_change_n403030_wtmclu_scenario2_166_170-client2-1  Creating
 Container defboot_design_change_n403030_wtmclu_scenario2_166_170-client3-1  Creating
 Container defboot_design_change_n403030_wtmclu_scenario2_166_170-client3-1  Created
 Container defboot_design_change_n403030_wtmclu_scenario2_166_170-client1-1  Created
 Container defboot_design_change_n403030_wtmclu_scenario2_166_170-client2-1  Created
 Container defboot_design_change_n403030_wtmclu_scenario2_166_170-server-1  Creating
 Container defboot_design_change_n403030_wtmclu_scenario2_166_170-server-1  Created
Attaching to client1-1, client2-1, client3-1, server-1
client3-1  | Running plumber API at http://0.0.0.0:8000
client3-1  | Running swagger Docs at http://127.0.0.1:8000/__docs__/
client2-1  | Running plumber API at http://0.0.0.0:8000
client2-1  | Running swagger Docs at http://127.0.0.1:8000/__docs__/
client1-1  | Running plumber API at http://0.0.0.0:8000
client1-1  | Running swagger Docs at http://127.0.0.1:8000/__docs__/
client1-1  | ℹ parameter labels from comments are typically ignored in non-interactive mode
client2-1  | ℹ parameter labels from comments are typically ignored in non-interactive mode
client1-1  | ℹ Need to run with the source intact to parse comments
client2-1  | ℹ Need to run with the source intact to parse comments
client3-1  | ℹ parameter labels from comments are typically ignored in non-interactive mode
client3-1  | ℹ Need to run with the source intact to parse comments
server-1   | [send_init] http://client2:8000 init succeeded
server-1   | [send_init] http://client1:8000 init succeeded
server-1   | [send_init] http://client3:8000 init succeeded
server-1   | {"schema":{"schema_version":"1.1.0","generated_at":"2026-05-23T01:09:48Z","config_path":"/project/configs/../temp/deferiprone_single_oral_25mgkg_designcheck_20260511/validation/design_change_n403030_wtmclustT10_nomix_site403030_nondesignquota_precisionchol_basefitbootinit_preboot_20260521/configs/resolved/scenario2_bootstrap.json","config_md5":"67e6a296d3935d620e746ed6160f8ca2","seed":4869,"host":"69a9c476aeb5","pid":1,"image_tag":null,"git_sha":null,"git_dirty":null},"aggregation":{"ci_method":"percentile","ci_level":0.95,"quantile_type":7,"estimates_scale":"natural"},"summary":[{"parameter":"(etaLcl,etaLvc)","median":0.057620306568,"p2.5":0.048528245376,"p97.5":0.060797030466},{"parameter":"CcPropSd","median":0.34700251871,"p2.5":0.33308105444,"p97.5":0.38210696833},{"parameter":"etaLcl","median":0.10414388784,"p2.5":0.099587553895,"p97.5":0.10888782812},{"parameter":"etaLvc","median":0.033070690797,"p2.5":0.025131876681,"p97.5":0.036114626569},{"parameter":"lcl","median":2.1960091707,"p2.5":2.090721063,"p97.5":2.224565587},{"parameter":"lka","median":2.1645576893,"p2.5":1.8877090867,"p97.5":2.3993275166},{"parameter":"lvc","median":2.9248103382,"p2.5":2.8834681045,"p97.5":3.0204890329},{"parameter":"rho_(etaLcl,etaLvc)","median":0.97696057034,"p2.5":0.97002348031,"p97.5":0.97881906333}],"runs":[{"tag":"trial_166_20260523-010948","value":2164.0011,"counts":[21,21],"control":{"maxit":100,"factr":1000000000,"pgtol":0,"trace":0,"method":"L-BFGS-B"},"convergence":0,"message":"CONVERGENCE: REL_REDUCTION_OF_F <= FACTR*EPSMCH","nat_par":{"lka":2.41121448,"lcl":2.2259474763,"lvc":3.0269995014,"CcPropSd":0.33216875222,"etaLcl":0.10671413713,"etaLvc":0.036417680899,"(etaLcl,etaLvc)":0.061031064735,"rho_(etaLcl,etaLvc)":0.97900255445},"failed_clients":[],"attempt":1,"files":{"result":"/project/temp/deferiprone_single_oral_25mgkg_designcheck_20260511/validation/design_change_n403030_wtmclustT10_nomix_site403030_nondesignquota_precisionchol_basefitbootinit_preboot_20260521/runs/scenario2/bootstrap/federated/scenario2/raw_runs/run_20260523-010948/optim_result_trial_166_20260523-010948.json","trace":"/project/temp/deferiprone_single_oral_25mgkg_designcheck_20260511/validation/design_change_n403030_wtmclustT10_nomix_site403030_nondesignquota_precisionchol_basefitbootinit_preboot_20260521/runs/scenario2/bootstrap/federated/scenario2/raw_runs/run_20260523-010948/optim_trace_trial_166_20260523-010948.csv","final":"/project/temp/deferiprone_single_oral_25mgkg_designcheck_20260511/validation/design_change_n403030_wtmclustT10_nomix_site403030_nondesignquota_precisionchol_basefitbootinit_preboot_20260521/runs/scenario2/bootstrap/federated/scenario2/raw_runs/run_20260523-010948/final_params_trial_166_20260523-010948.csv"},"log_n":21,"execution_state":"completed","trial":166,"attempts":1},{"tag":"trial_167_20260523-011227","value":2228.7981,"counts":[37,37],"control":{"maxit":100,"factr":1000000000,"pgtol":0,"trace":0,"method":"L-BFGS-B"},"convergence":0,"message":"CONVERGENCE: REL_REDUCTION_OF_F <= FACTR*EPSMCH","nat_par":{"lka":2.2923448453,"lcl":2.1385164029,"lvc":2.8962421856,"CcPropSd":0.34700251871,"etaLcl":0.10414388784,"etaLvc":0.0333871376,"(etaLcl,etaLvc)":0.057620306568,"rho_(etaLcl,etaLvc)":0.9771676433},"failed_clients":[],"attempt":1,"files":{"result":"/project/temp/deferiprone_single_oral_25mgkg_designcheck_20260511/validation/design_change_n403030_wtmclustT10_nomix_site403030_nondesignquota_precisionchol_basefitbootinit_preboot_20260521/runs/scenario2/bootstrap/federated/scenario2/raw_runs/run_20260523-010948/optim_result_trial_167_20260523-011227.json","trace":"/project/temp/deferiprone_single_oral_25mgkg_designcheck_20260511/validation/design_change_n403030_wtmclustT10_nomix_site403030_nondesignquota_precisionchol_basefitbootinit_preboot_20260521/runs/scenario2/bootstrap/federated/scenario2/raw_runs/run_20260523-010948/optim_trace_trial_167_20260523-011227.csv","final":"/project/temp/deferiprone_single_oral_25mgkg_designcheck_20260511/validation/design_change_n403030_wtmclustT10_nomix_site403030_nondesignquota_precisionchol_basefitbootinit_preboot_20260521/runs/scenario2/bootstrap/federated/scenario2/raw_runs/run_20260523-010948/final_params_trial_167_20260523-011227.csv"},"log_n":37,"execution_state":"completed","trial":167,"attempts":1},{"tag":"trial_168_20260523-011707","value":2175.2649,"counts":[18,18],"control":{"maxit":100,"factr":1000000000,"pgtol":0,"trace":0,"method":"L-BFGS-B"},"convergence":0,"message":"CONVERGENCE: REL_REDUCTION_OF_F <= FACTR*EPSMCH","nat_par":{"lka":1.8621755985,"lcl":2.1960091707,"lvc":2.9248103382,"CcPropSd":0.34129177445,"etaLcl":0.10253048407,"etaLvc":0.026724625639,"(etaLcl,etaLvc)":0.050867051565,"rho_(etaLcl,etaLvc)":0.97174932151},"failed_clients":[],"attempt":1,"files":{"result":"/project/temp/deferiprone_single_oral_25mgkg_designcheck_20260511/validation/design_change_n403030_wtmclustT10_nomix_site403030_nondesignquota_precisionchol_basefitbootinit_preboot_20260521/runs/scenario2/bootstrap/federated/scenario2/raw_runs/run_20260523-010948/optim_result_trial_168_20260523-011707.json","trace":"/project/temp/deferiprone_single_oral_25mgkg_designcheck_20260511/validation/design_change_n403030_wtmclustT10_nomix_site403030_nondesignquota_precisionchol_basefitbootinit_preboot_20260521/runs/scenario2/bootstrap/federated/scenario2/raw_runs/run_20260523-010948/optim_trace_trial_168_20260523-011707.csv","final":"/project/temp/deferiprone_single_oral_25mgkg_designcheck_20260511/validation/design_change_n403030_wtmclustT10_nomix_site403030_nondesignquota_precisionchol_basefitbootinit_preboot_20260521/runs/scenario2/bootstrap/federated/scenario2/raw_runs/run_20260523-010948/final_params_trial_168_20260523-011707.csv"},"log_n":18,"execution_state":"completed","trial":168,"attempts":1},{"tag":"trial_169_20260523-011925","value":2279.7874,"counts":[24,24],"control":{"maxit":100,"factr":1000000000,"pgtol":0,"trace":0,"method":"L-BFGS-B"},"convergence":0,"message":"CONVERGENCE: REL_REDUCTION_OF_F <= FACTR*EPSMCH","nat_par":{"lka":2.1645576893,"lcl":2.0854104697,"lvc":2.8820487621,"CcPropSd":0.36144310967,"etaLcl":0.099260561653,"etaLvc":0.024954904575,"(etaLcl,etaLvc)":0.048268378021,"rho_(etaLcl,etaLvc)":0.96983172018},"failed_clients":[],"attempt":1,"files":{"result":"/project/temp/deferiprone_single_oral_25mgkg_designcheck_20260511/validation/design_change_n403030_wtmclustT10_nomix_site403030_nondesignquota_precisionchol_basefitbootinit_preboot_20260521/runs/scenario2/bootstrap/federated/scenario2/raw_runs/run_20260523-010948/optim_result_trial_169_20260523-011925.json","trace":"/project/temp/deferiprone_single_oral_25mgkg_designcheck_20260511/validation/design_change_n403030_wtmclustT10_nomix_site403030_nondesignquota_precisionchol_basefitbootinit_preboot_20260521/runs/scenario2/bootstrap/federated/scenario2/raw_runs/run_20260523-010948/optim_trace_trial_169_20260523-011925.csv","final":"/project/temp/deferiprone_single_oral_25mgkg_designcheck_20260511/validation/design_change_n403030_wtmclustT10_nomix_site403030_nondesignquota_precisionchol_basefitbootinit_preboot_20260521/runs/scenario2/bootstrap/federated/scenario2/raw_runs/run_20260523-010948/final_params_trial_169_20260523-011925.csv"},"log_n":24,"execution_state":"completed","trial":169,"attempts":1},{"tag":"trial_170_20260523-012229","value":2227.4036,"counts":[21,21],"control":{"maxit":100,"factr":1000000000,"pgtol":0,"trace":0,"method":"L-BFGS-B"},"convergence":0,"message":"CONVERGENCE: REL_REDUCTION_OF_F <= FACTR*EPSMCH","nat_par":{"lka":2.1175104802,"lcl":2.212128583,"lvc":2.9618948168,"CcPropSd":0.38440295263,"etaLcl":0.10912934934,"etaLvc":0.033070690797,"(etaLcl,etaLvc)":0.058690722043,"rho_(etaLcl,etaLvc)":0.97696057034},"failed_clients":[],"attempt":1,"files":{"result":"/project/temp/deferiprone_single_oral_25mgkg_designcheck_20260511/validation/design_change_n403030_wtmclustT10_nomix_site403030_nondesignquota_precisionchol_basefitbootinit_preboot_20260521/runs/scenario2/bootstrap/federated/scenario2/raw_runs/run_20260523-010948/optim_result_trial_170_20260523-012229.json","trace":"/project/temp/deferiprone_single_oral_25mgkg_designcheck_20260511/validation/design_change_n403030_wtmclustT10_nomix_site403030_nondesignquota_precisionchol_basefitbootinit_preboot_20260521/runs/scenario2/bootstrap/federated/scenario2/raw_runs/run_20260523-010948/optim_trace_trial_170_20260523-012229.csv","final":"/project/temp/deferiprone_single_oral_25mgkg_designcheck_20260511/validation/design_change_n403030_wtmclustT10_nomix_site403030_nondesignquota_precisionchol_basefitbootinit_preboot_20260521/runs/scenario2/bootstrap/federated/scenario2/raw_runs/run_20260523-010948/final_params_trial_170_20260523-012229.csv"},"log_n":21,"execution_state":"completed","trial":170,"attempts":1}],"trial_status":[{"trial":166,"execution_state":"completed","converged":true,"attempts":1,"convergence":0,"value":2164.0011,"eval_fn":21,"eval_gr":21,"log_n":21,"failed_clients_n":0,"message":"CONVERGENCE: REL_REDUCTION_OF_F <= FACTR*EPSMCH","result_file":"/project/temp/deferiprone_single_oral_25mgkg_designcheck_20260511/validation/design_change_n403030_wtmclustT10_nomix_site403030_nondesignquota_precisionchol_basefitbootinit_preboot_20260521/runs/scenario2/bootstrap/federated/scenario2/raw_runs/run_20260523-010948/optim_result_trial_166_20260523-010948.json","trace_file":"/project/temp/deferiprone_single_oral_25mgkg_designcheck_20260511/validation/design_change_n403030_wtmclustT10_nomix_site403030_nondesignquota_precisionchol_basefitbootinit_preboot_20260521/runs/scenario2/bootstrap/federated/scenario2/raw_runs/run_20260523-010948/optim_trace_trial_166_20260523-010948.csv","final_file":"/project/temp/deferiprone_single_oral_25mgkg_designcheck_20260511/validation/design_change_n403030_wtmclustT10_nomix_site403030_nondesignquota_precisionchol_basefitbootinit_preboot_20260521/runs/scenario2/bootstrap/federated/scenario2/raw_runs/run_20260523-010948/final_params_trial_166_20260523-010948.csv"},{"trial":167,"execution_state":"completed","converged":true,"attempts":1,"convergence":0,"value":2228.7981,"eval_fn":37,"eval_gr":37,"log_n":37,"failed_clients_n":0,"message":"CONVERGENCE: REL_REDUCTION_OF_F <= FACTR*EPSMCH","result_file":"/project/temp/deferiprone_single_oral_25mgkg_designcheck_20260511/validation/design_change_n403030_wtmclustT10_nomix_site403030_nondesignquota_precisionchol_basefitbootinit_preboot_20260521/runs/scenario2/bootstrap/federated/scenario2/raw_runs/run_20260523-010948/optim_result_trial_167_20260523-011227.json","trace_file":"/project/temp/deferiprone_single_oral_25mgkg_designcheck_20260511/validation/design_change_n403030_wtmclustT10_nomix_site403030_nondesignquota_precisionchol_basefitbootinit_preboot_20260521/runs/scenario2/bootstrap/federated/scenario2/raw_runs/run_20260523-010948/optim_trace_trial_167_20260523-011227.csv","final_file":"/project/temp/deferiprone_single_oral_25mgkg_designcheck_20260511/validation/design_change_n403030_wtmclustT10_nomix_site403030_nondesignquota_precisionchol_basefitbootinit_preboot_20260521/runs/scenario2/bootstrap/federated/scenario2/raw_runs/run_20260523-010948/final_params_trial_167_20260523-011227.csv"},{"trial":168,"execution_state":"completed","converged":true,"attempts":1,"convergence":0,"value":2175.2649,"eval_fn":18,"eval_gr":18,"log_n":18,"failed_clients_n":0,"message":"CONVERGENCE: REL_REDUCTION_OF_F <= FACTR*EPSMCH","result_file":"/project/temp/deferiprone_single_oral_25mgkg_designcheck_20260511/validation/design_change_n403030_wtmclustT10_nomix_site403030_nondesignquota_precisionchol_basefitbootinit_preboot_20260521/runs/scenario2/bootstrap/federated/scenario2/raw_runs/run_20260523-010948/optim_result_trial_168_20260523-011707.json","trace_file":"/project/temp/deferiprone_single_oral_25mgkg_designcheck_20260511/validation/design_change_n403030_wtmclustT10_nomix_site403030_nondesignquota_precisionchol_basefitbootinit_preboot_20260521/runs/scenario2/bootstrap/federated/scenario2/raw_runs/run_20260523-010948/optim_trace_trial_168_20260523-011707.csv","final_file":"/project/temp/deferiprone_single_oral_25mgkg_designcheck_20260511/validation/design_change_n403030_wtmclustT10_nomix_site403030_nondesignquota_precisionchol_basefitbootinit_preboot_20260521/runs/scenario2/bootstrap/federated/scenario2/raw_runs/run_20260523-010948/final_params_trial_168_20260523-011707.csv"},{"trial":169,"execution_state":"completed","converged":true,"attempts":1,"convergence":0,"value":2279.7874,"eval_fn":24,"eval_gr":24,"log_n":24,"failed_clients_n":0,"message":"CONVERGENCE: REL_REDUCTION_OF_F <= FACTR*EPSMCH","result_file":"/project/temp/deferiprone_single_oral_25mgkg_designcheck_20260511/validation/design_change_n403030_wtmclustT10_nomix_site403030_nondesignquota_precisionchol_basefitbootinit_preboot_20260521/runs/scenario2/bootstrap/federated/scenario2/raw_runs/run_20260523-010948/optim_result_trial_169_20260523-011925.json","trace_file":"/project/temp/deferiprone_single_oral_25mgkg_designcheck_20260511/validation/design_change_n403030_wtmclustT10_nomix_site403030_nondesignquota_precisionchol_basefitbootinit_preboot_20260521/runs/scenario2/bootstrap/federated/scenario2/raw_runs/run_20260523-010948/optim_trace_trial_169_20260523-011925.csv","final_file":"/project/temp/deferiprone_single_oral_25mgkg_designcheck_20260511/validation/design_change_n403030_wtmclustT10_nomix_site403030_nondesignquota_precisionchol_basefitbootinit_preboot_20260521/runs/scenario2/bootstrap/federated/scenario2/raw_runs/run_20260523-010948/final_params_trial_169_20260523-011925.csv"},{"trial":170,"execution_state":"completed","converged":true,"attempts":1,"convergence":0,"value":2227.4036,"eval_fn":21,"eval_gr":21,"log_n":21,"failed_clients_n":0,"message":"CONVERGENCE: REL_REDUCTION_OF_F <= FACTR*EPSMCH","result_file":"/project/temp/deferiprone_single_oral_25mgkg_designcheck_20260511/validation/design_change_n403030_wtmclustT10_nomix_site403030_nondesignquota_precisionchol_basefitbootinit_preboot_20260521/runs/scenario2/bootstrap/federated/scenario2/raw_runs/run_20260523-010948/optim_result_trial_170_20260523-012229.json","trace_file":"/project/temp/deferiprone_single_oral_25mgkg_designcheck_20260511/validation/design_change_n403030_wtmclustT10_nomix_site403030_nondesignquota_precisionchol_basefitbootinit_preboot_20260521/runs/scenario2/bootstrap/federated/scenario2/raw_runs/run_20260523-010948/optim_trace_trial_170_20260523-012229.csv","final_file":"/project/temp/deferiprone_single_oral_25mgkg_designcheck_20260511/validation/design_change_n403030_wtmclustT10_nomix_site403030_nondesignquota_precisionchol_basefitbootinit_preboot_20260521/runs/scenario2/bootstrap/federated/scenario2/raw_runs/run_20260523-010948/final_params_trial_170_20260523-012229.csv"}],"info":{"run_id":"20260523-010948","log_base_dir":"/project/temp/deferiprone_single_oral_25mgkg_designcheck_20260511/validation/design_change_n403030_wtmclustT10_nomix_site403030_nondesignquota_precisionchol_basefitbootinit_preboot_20260521/runs/scenario2/bootstrap/federated","scenario":"scenario2/raw_runs","total_trials":5,"successes":5,"failures":0,"nonconverged_count":0,"nonconverged_trials":[],"convergence_missing_count":0,"seed_base":4869,"B_per_client":500,"duration_sec":928.0336737633,"host":"69a9c476aeb5","image_tag":null,"communication":{"generated_at":"2026-05-23T01:25:10Z","totals":{"requests":729,"request_bytes":812871,"response_bytes":185342,"total_bytes":998213,"retries":0},"init":{"requests":3,"request_bytes":8139,"response_bytes":1161,"total_bytes":9300,"retries":0,"median_elapsed_sec":0.38692569733},"init_round_latency":{"n_rounds":1,"median_round_wall_sec":0.39474749565,"p95_round_wall_sec":0.39474749565},"run":{"requests":0,"request_bytes":0,"response_bytes":0,"total_bytes":0,"retries":0,"median_elapsed_sec":"NA"},"run_bootstrap":{"requests":726,"request_bytes":804732,"response_bytes":184181,"total_bytes":988913,"retries":0,"median_elapsed_sec":3.6520206928},"round_latency":{"n_rounds":242,"median_round_wall_sec":3.76874578,"p95_round_wall_sec":4.0723862886},"timing_split":{"n_rounds":242,"rounds_with_compute":242,"total_round_wall_sec":917.0947215557,"total_round_compute_wall_sec":909.0562,"total_round_comm_overhead_wall_sec":8.0385215557,"comm_overhead_ratio":0.0087652031647,"compute_ratio":0.99123479684}},"communication_files":{"csv":"/project/temp/deferiprone_single_oral_25mgkg_designcheck_20260511/validation/design_change_n403030_wtmclustT10_nomix_site403030_nondesignquota_precisionchol_basefitbootinit_preboot_20260521/runs/scenario2/bootstrap/federated/scenario2/raw_runs/run_20260523-010948/comm_metrics.csv","json":"/project/temp/deferiprone_single_oral_25mgkg_designcheck_20260511/validation/design_change_n403030_wtmclustT10_nomix_site403030_nondesignquota_precisionchol_basefitbootinit_preboot_20260521/runs/scenario2/bootstrap/federated/scenario2/raw_runs/run_20260523-010948/comm_metrics.json"},"output_files":{"bootstrap_summary_csv":"/project/temp/deferiprone_single_oral_25mgkg_designcheck_20260511/validation/design_change_n403030_wtmclustT10_nomix_site403030_nondesignquota_precisionchol_basefitbootinit_preboot_20260521/runs/scenario2/bootstrap/federated/scenario2/raw_runs/run_20260523-010948/bootstrap_summary.csv","bootstrap_summary_json":"/project/temp/deferiprone_single_oral_25mgkg_designcheck_20260511/validation/design_change_n403030_wtmclustT10_nomix_site403030_nondesignquota_precisionchol_basefitbootinit_preboot_20260521/runs/scenario2/bootstrap/federated/scenario2/raw_runs/run_20260523-010948/bootstrap_summary.json","trial_status_csv":"/project/temp/deferiprone_single_oral_25mgkg_designcheck_20260511/validation/design_change_n403030_wtmclustT10_nomix_site403030_nondesignquota_precisionchol_basefitbootinit_preboot_20260521/runs/scenario2/bootstrap/federated/scenario2/raw_runs/run_20260523-010948/trial_status.csv","failed_trials_csv":"/project/temp/deferiprone_single_oral_25mgkg_designcheck_20260511/validation/design_change_n403030_wtmclustT10_nomix_site403030_nondesignquota_precisionchol_basefitbootinit_preboot_20260521/runs/scenario2/bootstrap/federated/scenario2/raw_runs/run_20260523-010948/failed_trials.csv","trial_estimates_wide_csv":"/project/temp/deferiprone_single_oral_25mgkg_designcheck_20260511/validation/design_change_n403030_wtmclustT10_nomix_site403030_nondesignquota_precisionchol_basefitbootinit_preboot_20260521/runs/scenario2/bootstrap/federated/scenario2/raw_runs/run_20260523-010948/trial_estimates_wide.csv","trial_estimates_long_csv":"/project/temp/deferiprone_single_oral_25mgkg_designcheck_20260511/validation/design_change_n403030_wtmclustT10_nomix_site403030_nondesignquota_precisionchol_basefitbootinit_preboot_20260521/runs/scenario2/bootstrap/federated/scenario2/raw_runs/run_20260523-010948/trial_estimates_long.csv","result_json":"/project/temp/deferiprone_single_oral_25mgkg_designcheck_20260511/validation/design_change_n403030_wtmclustT10_nomix_site403030_nondesignquota_precisionchol_basefitbootinit_preboot_20260521/runs/scenario2/bootstrap/federated/scenario2/raw_runs/run_20260523-010948/result.json"}}}
[Kserver-1 exited with code 0
Aborting on container exit...
 Container defboot_design_change_n403030_wtmclu_scenario2_166_170-server-1  Stopping
 Container defboot_design_change_n403030_wtmclu_scenario2_166_170-server-1  Stopped
 Container defboot_design_change_n403030_wtmclu_scenario2_166_170-client1-1  Stopping
 Container defboot_design_change_n403030_wtmclu_scenario2_166_170-client2-1  Stopping
 Container defboot_design_change_n403030_wtmclu_scenario2_166_170-client3-1  Stopping
 Container defboot_design_change_n403030_wtmclu_scenario2_166_170-client2-1  Stopped
 Container defboot_design_change_n403030_wtmclu_scenario2_166_170-client3-1  Stopped
 Container defboot_design_change_n403030_wtmclu_scenario2_166_170-client1-1  Stopped
time="2026-05-23T10:25:21+09:00" level=warning msg="The \"SERVER_CONFIG_PATH\" variable is not set. Defaulting to a blank string."
 Container defboot_design_change_n403030_wtmclu_scenario2_166_170-server-1  Stopping
 Container defboot_design_change_n403030_wtmclu_scenario2_166_170-server-1  Stopped
 Container defboot_design_change_n403030_wtmclu_scenario2_166_170-server-1  Removing
 Container defboot_design_change_n403030_wtmclu_scenario2_166_170-server-1  Removed
 Container defboot_design_change_n403030_wtmclu_scenario2_166_170-client1-1  Stopping
 Container defboot_design_change_n403030_wtmclu_scenario2_166_170-client2-1  Stopping
 Container defboot_design_change_n403030_wtmclu_scenario2_166_170-client3-1  Stopping
 Container defboot_design_change_n403030_wtmclu_scenario2_166_170-client1-1  Stopped
 Container defboot_design_change_n403030_wtmclu_scenario2_166_170-client1-1  Removing
 Container defboot_design_change_n403030_wtmclu_scenario2_166_170-client3-1  Stopped
 Container defboot_design_change_n403030_wtmclu_scenario2_166_170-client3-1  Removing
 Container defboot_design_change_n403030_wtmclu_scenario2_166_170-client2-1  Stopped
 Container defboot_design_change_n403030_wtmclu_scenario2_166_170-client2-1  Removing
 Container defboot_design_change_n403030_wtmclu_scenario2_166_170-client1-1  Removed
 Container defboot_design_change_n403030_wtmclu_scenario2_166_170-client2-1  Removed
 Container defboot_design_change_n403030_wtmclu_scenario2_166_170-client3-1  Removed
 Network defboot_design_change_n403030_wtmclu_scenario2_166_170_site2_net  Removing
 Network defboot_design_change_n403030_wtmclu_scenario2_166_170_site3_net  Removing
 Network defboot_design_change_n403030_wtmclu_scenario2_166_170_site1_net  Removing
 Network defboot_design_change_n403030_wtmclu_scenario2_166_170_site3_net  Removed
 Network defboot_design_change_n403030_wtmclu_scenario2_166_170_site2_net  Removed
 Network defboot_design_change_n403030_wtmclu_scenario2_166_170_site1_net  Removed
