time="2026-05-23T14:34:24+09:00" level=warning msg="The \"SERVER_CONFIG_PATH\" variable is not set. Defaulting to a blank string."
Compose now can delegate build to bake for better performances
Just set COMPOSE_BAKE=true
#0 building with "default" instance using docker driver

#1 [client2 internal] load build definition from Dockerfile.app
#1 transferring dockerfile: 778B done
#1 DONE 0.0s

#2 [client1 internal] load build definition from Dockerfile.app
#2 transferring dockerfile: 778B done
#2 DONE 0.0s

#3 [client3 internal] load build definition from Dockerfile.app
#3 transferring dockerfile: 778B done
#3 DONE 0.0s

#4 [client3 internal] load metadata for docker.io/fedpoppk/base:0.1.0
#4 DONE 0.0s

#5 [client2 internal] load .dockerignore
#5 transferring context: 2B done
#5 DONE 0.0s

#6 [client1 internal] load .dockerignore
#6 transferring context: 2B done
#6 DONE 0.0s

#7 [client3 internal] load .dockerignore
#7 transferring context: 2B done
#7 DONE 0.0s

#8 [client1 1/8] FROM docker.io/fedpoppk/base:0.1.0
#8 DONE 0.0s

#9 [client2 internal] load build context
#9 transferring context: 736.51kB 0.3s done
#9 DONE 0.3s

#10 [client1 internal] load build context
#10 transferring context: 736.51kB 0.3s done
#10 DONE 0.3s

#11 [client3 internal] load build context
#11 transferring context: 736.51kB 0.3s done
#11 DONE 0.3s

#12 [client2 4/8] RUN Rscript -e "options(renv.consent=TRUE, Ncpus=parallel::detectCores());                 renv::restore(prompt=FALSE)"
#12 CACHED

#13 [client2 6/8] COPY R/ R/
#13 CACHED

#14 [client2 2/8] WORKDIR /project
#14 CACHED

#15 [client2 3/8] COPY renv.lock .Rprofile renv/activate.R ./
#15 CACHED

#16 [client2 7/8] COPY analysis/ analysis/
#16 CACHED

#17 [client2 5/8] COPY apps/ apps/
#17 CACHED

#18 [client3 8/8] RUN mkdir -p /project/configs/modes /project/data /project/artifacts /project/result
#18 CACHED

#19 [client1] exporting to image
#19 exporting layers done
#19 writing image sha256:5400beb6ce7af3ed59442aff7fd3fc134a0b42ff00d147fad968999113616d58 done
#19 naming to docker.io/library/defboot_design_change_n403030_wtmclu_scenario2_251_255-client1 0.0s done
#19 DONE 0.0s

#20 [client3] exporting to image
#20 exporting layers done
#20 writing image sha256:14b025c6fb48225170281e8a3e95235f8c413a806bd0e5b2173d7942bfb7e9a8 done
#20 naming to docker.io/library/defboot_design_change_n403030_wtmclu_scenario2_251_255-client3 0.0s done
#20 DONE 0.0s

#21 [client2] exporting to image
#21 exporting layers done
#21 writing image sha256:c18320cd388bd606a923699aad05288a32519b5bbe296314997bf7959c442e2e done
#21 naming to docker.io/library/defboot_design_change_n403030_wtmclu_scenario2_251_255-client2 0.0s done
#21 DONE 0.1s

#22 [client3] resolving provenance for metadata file
#22 DONE 0.0s

#23 [client1] resolving provenance for metadata file
#23 DONE 0.0s

#24 [client2] resolving provenance for metadata file
#24 DONE 0.0s

#25 [server internal] load build definition from Dockerfile.app
#25 transferring dockerfile: 778B done
#25 DONE 0.0s

#4 [server internal] load metadata for docker.io/fedpoppk/base:0.1.0
#4 DONE 0.0s

#26 [server internal] load .dockerignore
#26 transferring context: 2B done
#26 DONE 0.0s

#8 [server 1/8] FROM docker.io/fedpoppk/base:0.1.0
#8 DONE 0.0s

#27 [server internal] load build context
#27 transferring context: 736.51kB 0.3s done
#27 DONE 0.3s

#14 [server 2/8] WORKDIR /project
#14 CACHED

#28 [server 3/8] COPY renv.lock .Rprofile renv/activate.R ./
#28 CACHED

#29 [server 6/8] COPY R/ R/
#29 CACHED

#30 [server 7/8] COPY analysis/ analysis/
#30 CACHED

#31 [server 5/8] COPY apps/ apps/
#31 CACHED

#32 [server 4/8] RUN Rscript -e "options(renv.consent=TRUE, Ncpus=parallel::detectCores());                 renv::restore(prompt=FALSE)"
#32 CACHED

#33 [server 8/8] RUN mkdir -p /project/configs/modes /project/data /project/artifacts /project/result
#33 CACHED

#34 [server] exporting to image
#34 exporting layers done
#34 writing image sha256:aa09caecffae2137a0e6bf3593dddf8fd9d95cbe1342ae8922feda37be42053d done
#34 naming to docker.io/library/defboot_design_change_n403030_wtmclu_scenario2_251_255-server 0.0s done
#34 DONE 0.0s

#35 [server] resolving provenance for metadata file
#35 DONE 0.0s
 client1  Built
 client2  Built
 client3  Built
 server  Built
 Network defboot_design_change_n403030_wtmclu_scenario2_251_255_site1_net  Creating
 Network defboot_design_change_n403030_wtmclu_scenario2_251_255_site1_net  Created
 Network defboot_design_change_n403030_wtmclu_scenario2_251_255_site2_net  Creating
 Network defboot_design_change_n403030_wtmclu_scenario2_251_255_site2_net  Created
 Network defboot_design_change_n403030_wtmclu_scenario2_251_255_site3_net  Creating
 Network defboot_design_change_n403030_wtmclu_scenario2_251_255_site3_net  Created
 Container defboot_design_change_n403030_wtmclu_scenario2_251_255-client2-1  Creating
 Container defboot_design_change_n403030_wtmclu_scenario2_251_255-client3-1  Creating
 Container defboot_design_change_n403030_wtmclu_scenario2_251_255-client1-1  Creating
 Container defboot_design_change_n403030_wtmclu_scenario2_251_255-client1-1  Created
 Container defboot_design_change_n403030_wtmclu_scenario2_251_255-client3-1  Created
 Container defboot_design_change_n403030_wtmclu_scenario2_251_255-client2-1  Created
 Container defboot_design_change_n403030_wtmclu_scenario2_251_255-server-1  Creating
 Container defboot_design_change_n403030_wtmclu_scenario2_251_255-server-1  Created
Attaching to client1-1, client2-1, client3-1, server-1
client1-1  | Running plumber API at http://0.0.0.0:8000
client1-1  | Running swagger Docs at http://127.0.0.1:8000/__docs__/
client2-1  | Running plumber API at http://0.0.0.0:8000
client2-1  | Running swagger Docs at http://127.0.0.1:8000/__docs__/
client3-1  | Running plumber API at http://0.0.0.0:8000
client3-1  | Running swagger Docs at http://127.0.0.1:8000/__docs__/
client2-1  | ℹ parameter labels from comments are typically ignored in non-interactive mode
client1-1  | ℹ parameter labels from comments are typically ignored in non-interactive mode
client2-1  | ℹ Need to run with the source intact to parse comments
client1-1  | ℹ Need to run with the source intact to parse comments
client3-1  | ℹ parameter labels from comments are typically ignored in non-interactive mode
client3-1  | ℹ Need to run with the source intact to parse comments
server-1   | [send_init] http://client2:8000 init succeeded
server-1   | [send_init] http://client1:8000 init succeeded
server-1   | [send_init] http://client3:8000 init succeeded
server-1   | {"schema":{"schema_version":"1.1.0","generated_at":"2026-05-23T05:34:32Z","config_path":"/project/configs/../temp/deferiprone_single_oral_25mgkg_designcheck_20260511/validation/design_change_n403030_wtmclustT10_nomix_site403030_nondesignquota_precisionchol_basefitbootinit_preboot_20260521/configs/resolved/scenario2_bootstrap.json","config_md5":"67e6a296d3935d620e746ed6160f8ca2","seed":4869,"host":"c72da1244387","pid":1,"image_tag":null,"git_sha":null,"git_dirty":null},"aggregation":{"ci_method":"percentile","ci_level":0.95,"quantile_type":7,"estimates_scale":"natural"},"summary":[{"parameter":"(etaLcl,etaLvc)","median":0.065952380992,"p2.5":0.06029805651,"p97.5":0.072799108957},{"parameter":"CcPropSd","median":0.34578739879,"p2.5":0.31252953632,"p97.5":0.37637831417},{"parameter":"etaLcl","median":0.10721393609,"p2.5":0.099402064069,"p97.5":0.12731191927},{"parameter":"etaLvc","median":0.039648803205,"p2.5":0.03598567031,"p97.5":0.049067167584},{"parameter":"lcl","median":2.1643932627,"p2.5":2.1347415779,"p97.5":2.1764027099},{"parameter":"lka","median":2.1910576227,"p2.5":2.1710117357,"p97.5":2.349804074},{"parameter":"lvc","median":2.9572040866,"p2.5":2.9412998752,"p97.5":2.9677808264},{"parameter":"rho_(etaLcl,etaLvc)","median":0.98067612929,"p2.5":0.97876132157,"p97.5":0.98425877917}],"runs":[{"tag":"trial_251_20260523-053432","value":2244.496,"counts":[24,24],"control":{"maxit":100,"factr":1000000000,"pgtol":0,"trace":0,"method":"L-BFGS-B"},"convergence":0,"message":"CONVERGENCE: REL_REDUCTION_OF_F <= FACTR*EPSMCH","nat_par":{"lka":2.366082711,"lcl":2.1764066272,"lvc":2.9687200101,"CcPropSd":0.37305141813,"etaLcl":0.10527459498,"etaLvc":0.035918831767,"(etaLcl,etaLvc)":0.06018430909,"rho_(etaLcl,etaLvc)":0.97872433791},"failed_clients":[],"attempt":1,"files":{"result":"/project/temp/deferiprone_single_oral_25mgkg_designcheck_20260511/validation/design_change_n403030_wtmclustT10_nomix_site403030_nondesignquota_precisionchol_basefitbootinit_preboot_20260521/runs/scenario2/bootstrap/federated/scenario2/raw_runs/run_20260523-053432/optim_result_trial_251_20260523-053432.json","trace":"/project/temp/deferiprone_single_oral_25mgkg_designcheck_20260511/validation/design_change_n403030_wtmclustT10_nomix_site403030_nondesignquota_precisionchol_basefitbootinit_preboot_20260521/runs/scenario2/bootstrap/federated/scenario2/raw_runs/run_20260523-053432/optim_trace_trial_251_20260523-053432.csv","final":"/project/temp/deferiprone_single_oral_25mgkg_designcheck_20260511/validation/design_change_n403030_wtmclustT10_nomix_site403030_nondesignquota_precisionchol_basefitbootinit_preboot_20260521/runs/scenario2/bootstrap/federated/scenario2/raw_runs/run_20260523-053432/final_params_trial_251_20260523-053432.csv"},"log_n":24,"execution_state":"completed","trial":251,"attempts":1},{"tag":"trial_252_20260523-053734","value":2259.2914,"counts":[19,19],"control":{"maxit":100,"factr":1000000000,"pgtol":0,"trace":0,"method":"L-BFGS-B"},"convergence":0,"message":"CONVERGENCE: REL_REDUCTION_OF_F <= FACTR*EPSMCH","nat_par":{"lka":2.1871711435,"lcl":2.1317771759,"lvc":2.9403932967,"CcPropSd":0.34578739879,"etaLcl":0.12907072126,"etaLvc":0.039648803205,"(etaLcl,etaLvc)":0.070154335292,"rho_(etaLcl,etaLvc)":0.98067612929},"failed_clients":[],"attempt":1,"files":{"result":"/project/temp/deferiprone_single_oral_25mgkg_designcheck_20260511/validation/design_change_n403030_wtmclustT10_nomix_site403030_nondesignquota_precisionchol_basefitbootinit_preboot_20260521/runs/scenario2/bootstrap/federated/scenario2/raw_runs/run_20260523-053432/optim_result_trial_252_20260523-053734.json","trace":"/project/temp/deferiprone_single_oral_25mgkg_designcheck_20260511/validation/design_change_n403030_wtmclustT10_nomix_site403030_nondesignquota_precisionchol_basefitbootinit_preboot_20260521/runs/scenario2/bootstrap/federated/scenario2/raw_runs/run_20260523-053432/optim_trace_trial_252_20260523-053734.csv","final":"/project/temp/deferiprone_single_oral_25mgkg_designcheck_20260511/validation/design_change_n403030_wtmclustT10_nomix_site403030_nondesignquota_precisionchol_basefitbootinit_preboot_20260521/runs/scenario2/bootstrap/federated/scenario2/raw_runs/run_20260523-053432/final_params_trial_252_20260523-053734.csv"},"log_n":19,"execution_state":"completed","trial":252,"attempts":1},{"tag":"trial_253_20260523-053959","value":2253.7023,"counts":[22,22],"control":{"maxit":100,"factr":1000000000,"pgtol":0,"trace":0,"method":"L-BFGS-B"},"convergence":0,"message":"CONVERGENCE: REL_REDUCTION_OF_F <= FACTR*EPSMCH","nat_par":{"lka":2.169216246,"lcl":2.1763674537,"lvc":2.9572040866,"CcPropSd":0.37674796929,"etaLcl":0.10721393609,"etaLvc":0.036587217202,"(etaLcl,etaLvc)":0.06132178329,"rho_(etaLcl,etaLvc)":0.97909417444},"failed_clients":[],"attempt":1,"files":{"result":"/project/temp/deferiprone_single_oral_25mgkg_designcheck_20260511/validation/design_change_n403030_wtmclustT10_nomix_site403030_nondesignquota_precisionchol_basefitbootinit_preboot_20260521/runs/scenario2/bootstrap/federated/scenario2/raw_runs/run_20260523-053432/optim_result_trial_253_20260523-053959.json","trace":"/project/temp/deferiprone_single_oral_25mgkg_designcheck_20260511/validation/design_change_n403030_wtmclustT10_nomix_site403030_nondesignquota_precisionchol_basefitbootinit_preboot_20260521/runs/scenario2/bootstrap/federated/scenario2/raw_runs/run_20260523-053432/optim_trace_trial_253_20260523-053959.csv","final":"/project/temp/deferiprone_single_oral_25mgkg_designcheck_20260511/validation/design_change_n403030_wtmclustT10_nomix_site403030_nondesignquota_precisionchol_basefitbootinit_preboot_20260521/runs/scenario2/bootstrap/federated/scenario2/raw_runs/run_20260523-053432/final_params_trial_253_20260523-053959.csv"},"log_n":22,"execution_state":"completed","trial":253,"attempts":1},{"tag":"trial_254_20260523-054244","value":2154.2939,"counts":[24,24],"control":{"maxit":100,"factr":1000000000,"pgtol":0,"trace":0,"method":"L-BFGS-B"},"convergence":0,"message":"CONVERGENCE: REL_REDUCTION_OF_F <= FACTR*EPSMCH","nat_par":{"lka":2.2032963409,"lcl":2.1643932627,"lvc":2.9494590815,"CcPropSd":0.31163228854,"etaLcl":0.098749560635,"etaLvc":0.045576573101,"(etaLcl,etaLvc)":0.065952380992,"rho_(etaLcl,etaLvc)":0.98308723994},"failed_clients":[],"attempt":1,"files":{"result":"/project/temp/deferiprone_single_oral_25mgkg_designcheck_20260511/validation/design_change_n403030_wtmclustT10_nomix_site403030_nondesignquota_precisionchol_basefitbootinit_preboot_20260521/runs/scenario2/bootstrap/federated/scenario2/raw_runs/run_20260523-053432/optim_result_trial_254_20260523-054244.json","trace":"/project/temp/deferiprone_single_oral_25mgkg_designcheck_20260511/validation/design_change_n403030_wtmclustT10_nomix_site403030_nondesignquota_precisionchol_basefitbootinit_preboot_20260521/runs/scenario2/bootstrap/federated/scenario2/raw_runs/run_20260523-053432/optim_trace_trial_254_20260523-054244.csv","final":"/project/temp/deferiprone_single_oral_25mgkg_designcheck_20260511/validation/design_change_n403030_wtmclustT10_nomix_site403030_nondesignquota_precisionchol_basefitbootinit_preboot_20260521/runs/scenario2/bootstrap/federated/scenario2/raw_runs/run_20260523-053432/final_params_trial_254_20260523-054244.csv"},"log_n":24,"execution_state":"completed","trial":254,"attempts":1},{"tag":"trial_255_20260523-054549","value":2191.5373,"counts":[27,27],"control":{"maxit":100,"factr":1000000000,"pgtol":0,"trace":0,"method":"L-BFGS-B"},"convergence":0,"message":"CONVERGENCE: REL_REDUCTION_OF_F <= FACTR*EPSMCH","nat_par":{"lka":2.1910576227,"lcl":2.1614211959,"lvc":2.9593281737,"CcPropSd":0.32060476631,"etaLcl":0.11148270131,"etaLvc":0.049455011416,"(etaLcl,etaLvc)":0.073092972697,"rho_(etaLcl,etaLvc)":0.98438895019},"failed_clients":[],"attempt":1,"files":{"result":"/project/temp/deferiprone_single_oral_25mgkg_designcheck_20260511/validation/design_change_n403030_wtmclustT10_nomix_site403030_nondesignquota_precisionchol_basefitbootinit_preboot_20260521/runs/scenario2/bootstrap/federated/scenario2/raw_runs/run_20260523-053432/optim_result_trial_255_20260523-054549.json","trace":"/project/temp/deferiprone_single_oral_25mgkg_designcheck_20260511/validation/design_change_n403030_wtmclustT10_nomix_site403030_nondesignquota_precisionchol_basefitbootinit_preboot_20260521/runs/scenario2/bootstrap/federated/scenario2/raw_runs/run_20260523-053432/optim_trace_trial_255_20260523-054549.csv","final":"/project/temp/deferiprone_single_oral_25mgkg_designcheck_20260511/validation/design_change_n403030_wtmclustT10_nomix_site403030_nondesignquota_precisionchol_basefitbootinit_preboot_20260521/runs/scenario2/bootstrap/federated/scenario2/raw_runs/run_20260523-053432/final_params_trial_255_20260523-054549.csv"},"log_n":26,"execution_state":"completed","trial":255,"attempts":1}],"trial_status":[{"trial":251,"execution_state":"completed","converged":true,"attempts":1,"convergence":0,"value":2244.496,"eval_fn":24,"eval_gr":24,"log_n":24,"failed_clients_n":0,"message":"CONVERGENCE: REL_REDUCTION_OF_F <= FACTR*EPSMCH","result_file":"/project/temp/deferiprone_single_oral_25mgkg_designcheck_20260511/validation/design_change_n403030_wtmclustT10_nomix_site403030_nondesignquota_precisionchol_basefitbootinit_preboot_20260521/runs/scenario2/bootstrap/federated/scenario2/raw_runs/run_20260523-053432/optim_result_trial_251_20260523-053432.json","trace_file":"/project/temp/deferiprone_single_oral_25mgkg_designcheck_20260511/validation/design_change_n403030_wtmclustT10_nomix_site403030_nondesignquota_precisionchol_basefitbootinit_preboot_20260521/runs/scenario2/bootstrap/federated/scenario2/raw_runs/run_20260523-053432/optim_trace_trial_251_20260523-053432.csv","final_file":"/project/temp/deferiprone_single_oral_25mgkg_designcheck_20260511/validation/design_change_n403030_wtmclustT10_nomix_site403030_nondesignquota_precisionchol_basefitbootinit_preboot_20260521/runs/scenario2/bootstrap/federated/scenario2/raw_runs/run_20260523-053432/final_params_trial_251_20260523-053432.csv"},{"trial":252,"execution_state":"completed","converged":true,"attempts":1,"convergence":0,"value":2259.2914,"eval_fn":19,"eval_gr":19,"log_n":19,"failed_clients_n":0,"message":"CONVERGENCE: REL_REDUCTION_OF_F <= FACTR*EPSMCH","result_file":"/project/temp/deferiprone_single_oral_25mgkg_designcheck_20260511/validation/design_change_n403030_wtmclustT10_nomix_site403030_nondesignquota_precisionchol_basefitbootinit_preboot_20260521/runs/scenario2/bootstrap/federated/scenario2/raw_runs/run_20260523-053432/optim_result_trial_252_20260523-053734.json","trace_file":"/project/temp/deferiprone_single_oral_25mgkg_designcheck_20260511/validation/design_change_n403030_wtmclustT10_nomix_site403030_nondesignquota_precisionchol_basefitbootinit_preboot_20260521/runs/scenario2/bootstrap/federated/scenario2/raw_runs/run_20260523-053432/optim_trace_trial_252_20260523-053734.csv","final_file":"/project/temp/deferiprone_single_oral_25mgkg_designcheck_20260511/validation/design_change_n403030_wtmclustT10_nomix_site403030_nondesignquota_precisionchol_basefitbootinit_preboot_20260521/runs/scenario2/bootstrap/federated/scenario2/raw_runs/run_20260523-053432/final_params_trial_252_20260523-053734.csv"},{"trial":253,"execution_state":"completed","converged":true,"attempts":1,"convergence":0,"value":2253.7023,"eval_fn":22,"eval_gr":22,"log_n":22,"failed_clients_n":0,"message":"CONVERGENCE: REL_REDUCTION_OF_F <= FACTR*EPSMCH","result_file":"/project/temp/deferiprone_single_oral_25mgkg_designcheck_20260511/validation/design_change_n403030_wtmclustT10_nomix_site403030_nondesignquota_precisionchol_basefitbootinit_preboot_20260521/runs/scenario2/bootstrap/federated/scenario2/raw_runs/run_20260523-053432/optim_result_trial_253_20260523-053959.json","trace_file":"/project/temp/deferiprone_single_oral_25mgkg_designcheck_20260511/validation/design_change_n403030_wtmclustT10_nomix_site403030_nondesignquota_precisionchol_basefitbootinit_preboot_20260521/runs/scenario2/bootstrap/federated/scenario2/raw_runs/run_20260523-053432/optim_trace_trial_253_20260523-053959.csv","final_file":"/project/temp/deferiprone_single_oral_25mgkg_designcheck_20260511/validation/design_change_n403030_wtmclustT10_nomix_site403030_nondesignquota_precisionchol_basefitbootinit_preboot_20260521/runs/scenario2/bootstrap/federated/scenario2/raw_runs/run_20260523-053432/final_params_trial_253_20260523-053959.csv"},{"trial":254,"execution_state":"completed","converged":true,"attempts":1,"convergence":0,"value":2154.2939,"eval_fn":24,"eval_gr":24,"log_n":24,"failed_clients_n":0,"message":"CONVERGENCE: REL_REDUCTION_OF_F <= FACTR*EPSMCH","result_file":"/project/temp/deferiprone_single_oral_25mgkg_designcheck_20260511/validation/design_change_n403030_wtmclustT10_nomix_site403030_nondesignquota_precisionchol_basefitbootinit_preboot_20260521/runs/scenario2/bootstrap/federated/scenario2/raw_runs/run_20260523-053432/optim_result_trial_254_20260523-054244.json","trace_file":"/project/temp/deferiprone_single_oral_25mgkg_designcheck_20260511/validation/design_change_n403030_wtmclustT10_nomix_site403030_nondesignquota_precisionchol_basefitbootinit_preboot_20260521/runs/scenario2/bootstrap/federated/scenario2/raw_runs/run_20260523-053432/optim_trace_trial_254_20260523-054244.csv","final_file":"/project/temp/deferiprone_single_oral_25mgkg_designcheck_20260511/validation/design_change_n403030_wtmclustT10_nomix_site403030_nondesignquota_precisionchol_basefitbootinit_preboot_20260521/runs/scenario2/bootstrap/federated/scenario2/raw_runs/run_20260523-053432/final_params_trial_254_20260523-054244.csv"},{"trial":255,"execution_state":"completed","converged":true,"attempts":1,"convergence":0,"value":2191.5373,"eval_fn":27,"eval_gr":27,"log_n":26,"failed_clients_n":0,"message":"CONVERGENCE: REL_REDUCTION_OF_F <= FACTR*EPSMCH","result_file":"/project/temp/deferiprone_single_oral_25mgkg_designcheck_20260511/validation/design_change_n403030_wtmclustT10_nomix_site403030_nondesignquota_precisionchol_basefitbootinit_preboot_20260521/runs/scenario2/bootstrap/federated/scenario2/raw_runs/run_20260523-053432/optim_result_trial_255_20260523-054549.json","trace_file":"/project/temp/deferiprone_single_oral_25mgkg_designcheck_20260511/validation/design_change_n403030_wtmclustT10_nomix_site403030_nondesignquota_precisionchol_basefitbootinit_preboot_20260521/runs/scenario2/bootstrap/federated/scenario2/raw_runs/run_20260523-053432/optim_trace_trial_255_20260523-054549.csv","final_file":"/project/temp/deferiprone_single_oral_25mgkg_designcheck_20260511/validation/design_change_n403030_wtmclustT10_nomix_site403030_nondesignquota_precisionchol_basefitbootinit_preboot_20260521/runs/scenario2/bootstrap/federated/scenario2/raw_runs/run_20260523-053432/final_params_trial_255_20260523-054549.csv"}],"info":{"run_id":"20260523-053432","log_base_dir":"/project/temp/deferiprone_single_oral_25mgkg_designcheck_20260511/validation/design_change_n403030_wtmclustT10_nomix_site403030_nondesignquota_precisionchol_basefitbootinit_preboot_20260521/runs/scenario2/bootstrap/federated","scenario":"scenario2/raw_runs","total_trials":5,"successes":5,"failures":0,"nonconverged_count":0,"nonconverged_trials":[],"convergence_missing_count":0,"seed_base":4869,"B_per_client":500,"duration_sec":883.7174508572,"host":"c72da1244387","image_tag":null,"communication":{"generated_at":"2026-05-23T05:49:10Z","totals":{"requests":693,"request_bytes":772947,"response_bytes":176081,"total_bytes":949028,"retries":0},"init":{"requests":3,"request_bytes":8139,"response_bytes":1161,"total_bytes":9300,"retries":0,"median_elapsed_sec":0.36528658867},"init_round_latency":{"n_rounds":1,"median_round_wall_sec":0.36818575859,"p95_round_wall_sec":0.36818575859},"run":{"requests":0,"request_bytes":0,"response_bytes":0,"total_bytes":0,"retries":0,"median_elapsed_sec":"NA"},"run_bootstrap":{"requests":690,"request_bytes":764808,"response_bytes":174920,"total_bytes":939728,"retries":0,"median_elapsed_sec":3.6540362835},"round_latency":{"n_rounds":230,"median_round_wall_sec":3.7976574898,"p95_round_wall_sec":4.0439573169},"timing_split":{"n_rounds":230,"rounds_with_compute":230,"total_round_wall_sec":872.9903330803,"total_round_compute_wall_sec":865.3416,"total_round_comm_overhead_wall_sec":7.6487330803,"comm_overhead_ratio":0.008761532391,"compute_ratio":0.99123846761}},"communication_files":{"csv":"/project/temp/deferiprone_single_oral_25mgkg_designcheck_20260511/validation/design_change_n403030_wtmclustT10_nomix_site403030_nondesignquota_precisionchol_basefitbootinit_preboot_20260521/runs/scenario2/bootstrap/federated/scenario2/raw_runs/run_20260523-053432/comm_metrics.csv","json":"/project/temp/deferiprone_single_oral_25mgkg_designcheck_20260511/validation/design_change_n403030_wtmclustT10_nomix_site403030_nondesignquota_precisionchol_basefitbootinit_preboot_20260521/runs/scenario2/bootstrap/federated/scenario2/raw_runs/run_20260523-053432/comm_metrics.json"},"output_files":{"bootstrap_summary_csv":"/project/temp/deferiprone_single_oral_25mgkg_designcheck_20260511/validation/design_change_n403030_wtmclustT10_nomix_site403030_nondesignquota_precisionchol_basefitbootinit_preboot_20260521/runs/scenario2/bootstrap/federated/scenario2/raw_runs/run_20260523-053432/bootstrap_summary.csv","bootstrap_summary_json":"/project/temp/deferiprone_single_oral_25mgkg_designcheck_20260511/validation/design_change_n403030_wtmclustT10_nomix_site403030_nondesignquota_precisionchol_basefitbootinit_preboot_20260521/runs/scenario2/bootstrap/federated/scenario2/raw_runs/run_20260523-053432/bootstrap_summary.json","trial_status_csv":"/project/temp/deferiprone_single_oral_25mgkg_designcheck_20260511/validation/design_change_n403030_wtmclustT10_nomix_site403030_nondesignquota_precisionchol_basefitbootinit_preboot_20260521/runs/scenario2/bootstrap/federated/scenario2/raw_runs/run_20260523-053432/trial_status.csv","failed_trials_csv":"/project/temp/deferiprone_single_oral_25mgkg_designcheck_20260511/validation/design_change_n403030_wtmclustT10_nomix_site403030_nondesignquota_precisionchol_basefitbootinit_preboot_20260521/runs/scenario2/bootstrap/federated/scenario2/raw_runs/run_20260523-053432/failed_trials.csv","trial_estimates_wide_csv":"/project/temp/deferiprone_single_oral_25mgkg_designcheck_20260511/validation/design_change_n403030_wtmclustT10_nomix_site403030_nondesignquota_precisionchol_basefitbootinit_preboot_20260521/runs/scenario2/bootstrap/federated/scenario2/raw_runs/run_20260523-053432/trial_estimates_wide.csv","trial_estimates_long_csv":"/project/temp/deferiprone_single_oral_25mgkg_designcheck_20260511/validation/design_change_n403030_wtmclustT10_nomix_site403030_nondesignquota_precisionchol_basefitbootinit_preboot_20260521/runs/scenario2/bootstrap/federated/scenario2/raw_runs/run_20260523-053432/trial_estimates_long.csv","result_json":"/project/temp/deferiprone_single_oral_25mgkg_designcheck_20260511/validation/design_change_n403030_wtmclustT10_nomix_site403030_nondesignquota_precisionchol_basefitbootinit_preboot_20260521/runs/scenario2/bootstrap/federated/scenario2/raw_runs/run_20260523-053432/result.json"}}}
[Kserver-1 exited with code 0
Aborting on container exit...
 Container defboot_design_change_n403030_wtmclu_scenario2_251_255-server-1  Stopping
 Container defboot_design_change_n403030_wtmclu_scenario2_251_255-server-1  Stopped
 Container defboot_design_change_n403030_wtmclu_scenario2_251_255-client2-1  Stopping
 Container defboot_design_change_n403030_wtmclu_scenario2_251_255-client3-1  Stopping
 Container defboot_design_change_n403030_wtmclu_scenario2_251_255-client1-1  Stopping
 Container defboot_design_change_n403030_wtmclu_scenario2_251_255-client1-1  Stopped
 Container defboot_design_change_n403030_wtmclu_scenario2_251_255-client3-1  Stopped
 Container defboot_design_change_n403030_wtmclu_scenario2_251_255-client2-1  Stopped
time="2026-05-23T14:49:21+09:00" level=warning msg="The \"SERVER_CONFIG_PATH\" variable is not set. Defaulting to a blank string."
 Container defboot_design_change_n403030_wtmclu_scenario2_251_255-server-1  Stopping
 Container defboot_design_change_n403030_wtmclu_scenario2_251_255-server-1  Stopped
 Container defboot_design_change_n403030_wtmclu_scenario2_251_255-server-1  Removing
 Container defboot_design_change_n403030_wtmclu_scenario2_251_255-server-1  Removed
 Container defboot_design_change_n403030_wtmclu_scenario2_251_255-client3-1  Stopping
 Container defboot_design_change_n403030_wtmclu_scenario2_251_255-client1-1  Stopping
 Container defboot_design_change_n403030_wtmclu_scenario2_251_255-client2-1  Stopping
 Container defboot_design_change_n403030_wtmclu_scenario2_251_255-client3-1  Stopped
 Container defboot_design_change_n403030_wtmclu_scenario2_251_255-client3-1  Removing
 Container defboot_design_change_n403030_wtmclu_scenario2_251_255-client1-1  Stopped
 Container defboot_design_change_n403030_wtmclu_scenario2_251_255-client1-1  Removing
 Container defboot_design_change_n403030_wtmclu_scenario2_251_255-client2-1  Stopped
 Container defboot_design_change_n403030_wtmclu_scenario2_251_255-client2-1  Removing
 Container defboot_design_change_n403030_wtmclu_scenario2_251_255-client2-1  Removed
 Container defboot_design_change_n403030_wtmclu_scenario2_251_255-client1-1  Removed
 Container defboot_design_change_n403030_wtmclu_scenario2_251_255-client3-1  Removed
 Network defboot_design_change_n403030_wtmclu_scenario2_251_255_site2_net  Removing
 Network defboot_design_change_n403030_wtmclu_scenario2_251_255_site1_net  Removing
 Network defboot_design_change_n403030_wtmclu_scenario2_251_255_site3_net  Removing
 Network defboot_design_change_n403030_wtmclu_scenario2_251_255_site2_net  Removed
 Network defboot_design_change_n403030_wtmclu_scenario2_251_255_site3_net  Removed
 Network defboot_design_change_n403030_wtmclu_scenario2_251_255_site1_net  Removed
