time="2026-05-24T00:19:21+09:00" level=warning msg="The \"SERVER_CONFIG_PATH\" variable is not set. Defaulting to a blank string."
Compose now can delegate build to bake for better performances
Just set COMPOSE_BAKE=true
#0 building with "default" instance using docker driver

#1 [client2 internal] load build definition from Dockerfile.app
#1 transferring dockerfile: 778B done
#1 DONE 0.0s

#2 [client1 internal] load build definition from Dockerfile.app
#2 transferring dockerfile: 778B done
#2 DONE 0.0s

#3 [client3 internal] load build definition from Dockerfile.app
#3 transferring dockerfile: 778B done
#3 DONE 0.0s

#4 [client3 internal] load metadata for docker.io/fedpoppk/base:0.1.0
#4 DONE 0.0s

#5 [client2 internal] load .dockerignore
#5 transferring context: 2B done
#5 DONE 0.0s

#6 [client1 internal] load .dockerignore
#6 transferring context: 2B done
#6 DONE 0.0s

#7 [client1 1/8] FROM docker.io/fedpoppk/base:0.1.0
#7 DONE 0.0s

#8 [client3 internal] load .dockerignore
#8 transferring context: 2B done
#8 DONE 0.0s

#9 [client2 internal] load build context
#9 transferring context: 736.51kB 0.3s done
#9 DONE 0.3s

#10 [client3 internal] load build context
#10 transferring context: 736.51kB 0.3s done
#10 DONE 0.3s

#11 [client1 internal] load build context
#11 transferring context: 736.51kB 0.3s done
#11 DONE 0.3s

#12 [client3 4/8] RUN Rscript -e "options(renv.consent=TRUE, Ncpus=parallel::detectCores());                 renv::restore(prompt=FALSE)"
#12 CACHED

#13 [client3 7/8] COPY analysis/ analysis/
#13 CACHED

#14 [client3 5/8] COPY apps/ apps/
#14 CACHED

#15 [client3 6/8] COPY R/ R/
#15 CACHED

#16 [client3 2/8] WORKDIR /project
#16 CACHED

#17 [client3 3/8] COPY renv.lock .Rprofile renv/activate.R ./
#17 CACHED

#18 [client2 8/8] RUN mkdir -p /project/configs/modes /project/data /project/artifacts /project/result
#18 CACHED

#19 [client3] exporting to image
#19 exporting layers done
#19 writing image sha256:ed184bfca66f5c18adeab8f669e33e63f3708a5c5ef6a927e7c57358776b82ad done
#19 naming to docker.io/library/defboot_design_change_n403030_wtmclu_scenario2_441_445-client3 0.0s done
#19 DONE 0.0s

#20 [client1] exporting to image
#20 exporting layers done
#20 writing image sha256:b6814c43daed525867a912fbd743b91514cba9aee87e36d9c94e3266128759c3 done
#20 naming to docker.io/library/defboot_design_change_n403030_wtmclu_scenario2_441_445-client1 0.0s done
#20 DONE 0.0s

#21 [client2] exporting to image
#21 exporting layers done
#21 writing image sha256:d023d15fcc77a4d24c608a78f624181730c4603928deead61ef1f4b558db557a done
#21 naming to docker.io/library/defboot_design_change_n403030_wtmclu_scenario2_441_445-client2 0.0s done
#21 DONE 0.0s

#22 [client3] resolving provenance for metadata file
#22 DONE 0.0s

#23 [client1] resolving provenance for metadata file
#23 DONE 0.0s

#24 [client2] resolving provenance for metadata file
#24 DONE 0.0s

#25 [server internal] load build definition from Dockerfile.app
#25 transferring dockerfile: 778B done
#25 DONE 0.0s

#4 [server internal] load metadata for docker.io/fedpoppk/base:0.1.0
#4 DONE 0.0s

#26 [server internal] load .dockerignore
#26 transferring context: 2B done
#26 DONE 0.0s

#7 [server 1/8] FROM docker.io/fedpoppk/base:0.1.0
#7 DONE 0.0s

#27 [server internal] load build context
#27 transferring context: 736.51kB 0.3s done
#27 DONE 0.4s

#28 [server 3/8] COPY renv.lock .Rprofile renv/activate.R ./
#28 CACHED

#29 [server 7/8] COPY analysis/ analysis/
#29 CACHED

#30 [server 6/8] COPY R/ R/
#30 CACHED

#31 [server 5/8] COPY apps/ apps/
#31 CACHED

#16 [server 2/8] WORKDIR /project
#16 CACHED

#32 [server 4/8] RUN Rscript -e "options(renv.consent=TRUE, Ncpus=parallel::detectCores());                 renv::restore(prompt=FALSE)"
#32 CACHED

#33 [server 8/8] RUN mkdir -p /project/configs/modes /project/data /project/artifacts /project/result
#33 CACHED

#34 [server] exporting to image
#34 exporting layers done
#34 writing image sha256:893868a0e8ebb55c1abd9077db71f405885b3b14ce77f732d661f29d5aa8d372 done
#34 naming to docker.io/library/defboot_design_change_n403030_wtmclu_scenario2_441_445-server 0.0s done
#34 DONE 0.0s

#35 [server] resolving provenance for metadata file
#35 DONE 0.0s
 client1  Built
 client2  Built
 client3  Built
 server  Built
 Network defboot_design_change_n403030_wtmclu_scenario2_441_445_site1_net  Creating
 Network defboot_design_change_n403030_wtmclu_scenario2_441_445_site1_net  Created
 Network defboot_design_change_n403030_wtmclu_scenario2_441_445_site2_net  Creating
 Network defboot_design_change_n403030_wtmclu_scenario2_441_445_site2_net  Created
 Network defboot_design_change_n403030_wtmclu_scenario2_441_445_site3_net  Creating
 Network defboot_design_change_n403030_wtmclu_scenario2_441_445_site3_net  Created
 Container defboot_design_change_n403030_wtmclu_scenario2_441_445-client3-1  Creating
 Container defboot_design_change_n403030_wtmclu_scenario2_441_445-client1-1  Creating
 Container defboot_design_change_n403030_wtmclu_scenario2_441_445-client2-1  Creating
 Container defboot_design_change_n403030_wtmclu_scenario2_441_445-client3-1  Created
 Container defboot_design_change_n403030_wtmclu_scenario2_441_445-client2-1  Created
 Container defboot_design_change_n403030_wtmclu_scenario2_441_445-client1-1  Created
 Container defboot_design_change_n403030_wtmclu_scenario2_441_445-server-1  Creating
 Container defboot_design_change_n403030_wtmclu_scenario2_441_445-server-1  Created
Attaching to client1-1, client2-1, client3-1, server-1
client1-1  | Running plumber API at http://0.0.0.0:8000
client1-1  | Running swagger Docs at http://127.0.0.1:8000/__docs__/
client3-1  | Running plumber API at http://0.0.0.0:8000
client3-1  | Running swagger Docs at http://127.0.0.1:8000/__docs__/
client2-1  | Running plumber API at http://0.0.0.0:8000
client2-1  | Running swagger Docs at http://127.0.0.1:8000/__docs__/
client1-1  | ℹ parameter labels from comments are typically ignored in non-interactive mode
client1-1  | ℹ Need to run with the source intact to parse comments
client2-1  | ℹ parameter labels from comments are typically ignored in non-interactive mode
client2-1  | ℹ Need to run with the source intact to parse comments
client3-1  | ℹ parameter labels from comments are typically ignored in non-interactive mode
client3-1  | ℹ Need to run with the source intact to parse comments
server-1   | [send_init] http://client1:8000 init succeeded
server-1   | [send_init] http://client2:8000 init succeeded
server-1   | [send_init] http://client3:8000 init succeeded
server-1   | {"schema":{"schema_version":"1.1.0","generated_at":"2026-05-23T15:19:30Z","config_path":"/project/configs/../temp/deferiprone_single_oral_25mgkg_designcheck_20260511/validation/design_change_n403030_wtmclustT10_nomix_site403030_nondesignquota_precisionchol_basefitbootinit_preboot_20260521/configs/resolved/scenario2_bootstrap.json","config_md5":"67e6a296d3935d620e746ed6160f8ca2","seed":4869,"host":"93259e5f71f6","pid":1,"image_tag":null,"git_sha":null,"git_dirty":null},"aggregation":{"ci_method":"percentile","ci_level":0.95,"quantile_type":7,"estimates_scale":"natural"},"summary":[{"parameter":"(etaLcl,etaLvc)","median":0.048462268574,"p2.5":0.037508854706,"p97.5":0.086947503699},{"parameter":"CcPropSd","median":0.35201664124,"p2.5":0.34400980427,"p97.5":0.37455799218},{"parameter":"etaLcl","median":0.092683232919,"p2.5":0.081330365455,"p97.5":0.12098496543},{"parameter":"etaLvc","median":0.026829996794,"p2.5":0.018764476199,"p97.5":0.067224054336},{"parameter":"lcl","median":2.1916902654,"p2.5":2.1290388078,"p97.5":2.2328760825},{"parameter":"lka","median":2.1936529233,"p2.5":1.9478400383,"p97.5":2.334726017},{"parameter":"lvc","median":2.9596738276,"p2.5":2.9327921084,"p97.5":3.0002258649},{"parameter":"rho_(etaLcl,etaLvc)","median":0.9718356865,"p2.5":0.96025471686,"p97.5":0.98812864008}],"runs":[{"tag":"trial_441_20260523-151930","value":2185.2209,"counts":[27,27],"control":{"maxit":100,"factr":1000000000,"pgtol":0,"trace":0,"method":"L-BFGS-B"},"convergence":0,"message":"CONVERGENCE: REL_REDUCTION_OF_F <= FACTR*EPSMCH","nat_par":{"lka":2.2183051614,"lcl":2.1977768781,"lvc":2.988948736,"CcPropSd":0.35201664124,"etaLcl":0.080391357634,"etaLvc":0.018236580839,"(etaLcl,etaLvc)":0.036734171391,"rho_(etaLcl,etaLvc)":0.95938706417},"failed_clients":[],"attempt":1,"files":{"result":"/project/temp/deferiprone_single_oral_25mgkg_designcheck_20260511/validation/design_change_n403030_wtmclustT10_nomix_site403030_nondesignquota_precisionchol_basefitbootinit_preboot_20260521/runs/scenario2/bootstrap/federated/scenario2/raw_runs/run_20260523-151930/optim_result_trial_441_20260523-151930.json","trace":"/project/temp/deferiprone_single_oral_25mgkg_designcheck_20260511/validation/design_change_n403030_wtmclustT10_nomix_site403030_nondesignquota_precisionchol_basefitbootinit_preboot_20260521/runs/scenario2/bootstrap/federated/scenario2/raw_runs/run_20260523-151930/optim_trace_trial_441_20260523-151930.csv","final":"/project/temp/deferiprone_single_oral_25mgkg_designcheck_20260511/validation/design_change_n403030_wtmclustT10_nomix_site403030_nondesignquota_precisionchol_basefitbootinit_preboot_20260521/runs/scenario2/bootstrap/federated/scenario2/raw_runs/run_20260523-151930/final_params_trial_441_20260523-151930.csv"},"log_n":27,"execution_state":"completed","trial":441,"attempts":1},{"tag":"trial_442_20260523-152255","value":2170.1361,"counts":[18,18],"control":{"maxit":100,"factr":1000000000,"pgtol":0,"trace":0,"method":"L-BFGS-B"},"convergence":0,"message":"CONVERGENCE: REL_REDUCTION_OF_F <= FACTR*EPSMCH","nat_par":{"lka":2.0806347123,"lcl":2.2367759941,"lvc":3.0014788792,"CcPropSd":0.3436232309,"etaLcl":0.11525957468,"etaLvc":0.070154063062,"(etaLcl,etaLvc)":0.088923271756,"rho_(etaLcl,etaLvc)":0.98889575494},"failed_clients":[],"attempt":1,"files":{"result":"/project/temp/deferiprone_single_oral_25mgkg_designcheck_20260511/validation/design_change_n403030_wtmclustT10_nomix_site403030_nondesignquota_precisionchol_basefitbootinit_preboot_20260521/runs/scenario2/bootstrap/federated/scenario2/raw_runs/run_20260523-151930/optim_result_trial_442_20260523-152255.json","trace":"/project/temp/deferiprone_single_oral_25mgkg_designcheck_20260511/validation/design_change_n403030_wtmclustT10_nomix_site403030_nondesignquota_precisionchol_basefitbootinit_preboot_20260521/runs/scenario2/bootstrap/federated/scenario2/raw_runs/run_20260523-151930/optim_trace_trial_442_20260523-152255.csv","final":"/project/temp/deferiprone_single_oral_25mgkg_designcheck_20260511/validation/design_change_n403030_wtmclustT10_nomix_site403030_nondesignquota_precisionchol_basefitbootinit_preboot_20260521/runs/scenario2/bootstrap/federated/scenario2/raw_runs/run_20260523-151930/final_params_trial_442_20260523-152255.csv"},"log_n":18,"execution_state":"completed","trial":442,"attempts":1},{"tag":"trial_443_20260523-152512","value":2242.5876,"counts":[17,17],"control":{"maxit":100,"factr":1000000000,"pgtol":0,"trace":0,"method":"L-BFGS-B"},"convergence":0,"message":"CONVERGENCE: REL_REDUCTION_OF_F <= FACTR*EPSMCH","nat_par":{"lka":2.1936529233,"lcl":2.1266843307,"lvc":2.94169322,"CcPropSd":0.37594984008,"etaLcl":0.092683232919,"etaLvc":0.026829996794,"(etaLcl,etaLvc)":0.048462268574,"rho_(etaLcl,etaLvc)":0.9718356865},"failed_clients":[],"attempt":1,"files":{"result":"/project/temp/deferiprone_single_oral_25mgkg_designcheck_20260511/validation/design_change_n403030_wtmclustT10_nomix_site403030_nondesignquota_precisionchol_basefitbootinit_preboot_20260521/runs/scenario2/bootstrap/federated/scenario2/raw_runs/run_20260523-151930/optim_result_trial_443_20260523-152512.json","trace":"/project/temp/deferiprone_single_oral_25mgkg_designcheck_20260511/validation/design_change_n403030_wtmclustT10_nomix_site403030_nondesignquota_precisionchol_basefitbootinit_preboot_20260521/runs/scenario2/bootstrap/federated/scenario2/raw_runs/run_20260523-151930/optim_trace_trial_443_20260523-152512.csv","final":"/project/temp/deferiprone_single_oral_25mgkg_designcheck_20260511/validation/design_change_n403030_wtmclustT10_nomix_site403030_nondesignquota_precisionchol_basefitbootinit_preboot_20260521/runs/scenario2/bootstrap/federated/scenario2/raw_runs/run_20260523-151930/final_params_trial_443_20260523-152512.csv"},"log_n":17,"execution_state":"completed","trial":443,"attempts":1},{"tag":"trial_444_20260523-152721","value":2249.1749,"counts":[22,22],"control":{"maxit":100,"factr":1000000000,"pgtol":0,"trace":0,"method":"L-BFGS-B"},"convergence":0,"message":"CONVERGENCE: REL_REDUCTION_OF_F <= FACTR*EPSMCH","nat_par":{"lka":2.3476616676,"lcl":2.1916902654,"lvc":2.9596738276,"CcPropSd":0.3620313611,"etaLcl":0.12162111996,"etaLvc":0.040853975798,"(etaLcl,etaLvc)":0.069165591184,"rho_(etaLcl,etaLvc)":0.98122460635},"failed_clients":[],"attempt":1,"files":{"result":"/project/temp/deferiprone_single_oral_25mgkg_designcheck_20260511/validation/design_change_n403030_wtmclustT10_nomix_site403030_nondesignquota_precisionchol_basefitbootinit_preboot_20260521/runs/scenario2/bootstrap/federated/scenario2/raw_runs/run_20260523-151930/optim_result_trial_444_20260523-152721.json","trace":"/project/temp/deferiprone_single_oral_25mgkg_designcheck_20260511/validation/design_change_n403030_wtmclustT10_nomix_site403030_nondesignquota_precisionchol_basefitbootinit_preboot_20260521/runs/scenario2/bootstrap/federated/scenario2/raw_runs/run_20260523-151930/optim_trace_trial_444_20260523-152721.csv","final":"/project/temp/deferiprone_single_oral_25mgkg_designcheck_20260511/validation/design_change_n403030_wtmclustT10_nomix_site403030_nondesignquota_precisionchol_basefitbootinit_preboot_20260521/runs/scenario2/bootstrap/federated/scenario2/raw_runs/run_20260523-151930/final_params_trial_444_20260523-152721.csv"},"log_n":22,"execution_state":"completed","trial":444,"attempts":1},{"tag":"trial_445_20260523-153008","value":2201.1094,"counts":[40,40],"control":{"maxit":100,"factr":1000000000,"pgtol":0,"trace":0,"method":"L-BFGS-B"},"convergence":0,"message":"CONVERGENCE: REL_REDUCTION_OF_F <= FACTR*EPSMCH","nat_par":{"lka":1.9330850746,"lcl":2.1502291012,"lvc":2.931803096,"CcPropSd":0.34748896458,"etaLcl":0.089781435838,"etaLvc":0.023515534443,"(etaLcl,etaLvc)":0.044481004548,"rho_(etaLcl,etaLvc)":0.96806359114},"failed_clients":[],"attempt":1,"files":{"result":"/project/temp/deferiprone_single_oral_25mgkg_designcheck_20260511/validation/design_change_n403030_wtmclustT10_nomix_site403030_nondesignquota_precisionchol_basefitbootinit_preboot_20260521/runs/scenario2/bootstrap/federated/scenario2/raw_runs/run_20260523-151930/optim_result_trial_445_20260523-153008.json","trace":"/project/temp/deferiprone_single_oral_25mgkg_designcheck_20260511/validation/design_change_n403030_wtmclustT10_nomix_site403030_nondesignquota_precisionchol_basefitbootinit_preboot_20260521/runs/scenario2/bootstrap/federated/scenario2/raw_runs/run_20260523-151930/optim_trace_trial_445_20260523-153008.csv","final":"/project/temp/deferiprone_single_oral_25mgkg_designcheck_20260511/validation/design_change_n403030_wtmclustT10_nomix_site403030_nondesignquota_precisionchol_basefitbootinit_preboot_20260521/runs/scenario2/bootstrap/federated/scenario2/raw_runs/run_20260523-151930/final_params_trial_445_20260523-153008.csv"},"log_n":40,"execution_state":"completed","trial":445,"attempts":1}],"trial_status":[{"trial":441,"execution_state":"completed","converged":true,"attempts":1,"convergence":0,"value":2185.2209,"eval_fn":27,"eval_gr":27,"log_n":27,"failed_clients_n":0,"message":"CONVERGENCE: REL_REDUCTION_OF_F <= FACTR*EPSMCH","result_file":"/project/temp/deferiprone_single_oral_25mgkg_designcheck_20260511/validation/design_change_n403030_wtmclustT10_nomix_site403030_nondesignquota_precisionchol_basefitbootinit_preboot_20260521/runs/scenario2/bootstrap/federated/scenario2/raw_runs/run_20260523-151930/optim_result_trial_441_20260523-151930.json","trace_file":"/project/temp/deferiprone_single_oral_25mgkg_designcheck_20260511/validation/design_change_n403030_wtmclustT10_nomix_site403030_nondesignquota_precisionchol_basefitbootinit_preboot_20260521/runs/scenario2/bootstrap/federated/scenario2/raw_runs/run_20260523-151930/optim_trace_trial_441_20260523-151930.csv","final_file":"/project/temp/deferiprone_single_oral_25mgkg_designcheck_20260511/validation/design_change_n403030_wtmclustT10_nomix_site403030_nondesignquota_precisionchol_basefitbootinit_preboot_20260521/runs/scenario2/bootstrap/federated/scenario2/raw_runs/run_20260523-151930/final_params_trial_441_20260523-151930.csv"},{"trial":442,"execution_state":"completed","converged":true,"attempts":1,"convergence":0,"value":2170.1361,"eval_fn":18,"eval_gr":18,"log_n":18,"failed_clients_n":0,"message":"CONVERGENCE: REL_REDUCTION_OF_F <= FACTR*EPSMCH","result_file":"/project/temp/deferiprone_single_oral_25mgkg_designcheck_20260511/validation/design_change_n403030_wtmclustT10_nomix_site403030_nondesignquota_precisionchol_basefitbootinit_preboot_20260521/runs/scenario2/bootstrap/federated/scenario2/raw_runs/run_20260523-151930/optim_result_trial_442_20260523-152255.json","trace_file":"/project/temp/deferiprone_single_oral_25mgkg_designcheck_20260511/validation/design_change_n403030_wtmclustT10_nomix_site403030_nondesignquota_precisionchol_basefitbootinit_preboot_20260521/runs/scenario2/bootstrap/federated/scenario2/raw_runs/run_20260523-151930/optim_trace_trial_442_20260523-152255.csv","final_file":"/project/temp/deferiprone_single_oral_25mgkg_designcheck_20260511/validation/design_change_n403030_wtmclustT10_nomix_site403030_nondesignquota_precisionchol_basefitbootinit_preboot_20260521/runs/scenario2/bootstrap/federated/scenario2/raw_runs/run_20260523-151930/final_params_trial_442_20260523-152255.csv"},{"trial":443,"execution_state":"completed","converged":true,"attempts":1,"convergence":0,"value":2242.5876,"eval_fn":17,"eval_gr":17,"log_n":17,"failed_clients_n":0,"message":"CONVERGENCE: REL_REDUCTION_OF_F <= FACTR*EPSMCH","result_file":"/project/temp/deferiprone_single_oral_25mgkg_designcheck_20260511/validation/design_change_n403030_wtmclustT10_nomix_site403030_nondesignquota_precisionchol_basefitbootinit_preboot_20260521/runs/scenario2/bootstrap/federated/scenario2/raw_runs/run_20260523-151930/optim_result_trial_443_20260523-152512.json","trace_file":"/project/temp/deferiprone_single_oral_25mgkg_designcheck_20260511/validation/design_change_n403030_wtmclustT10_nomix_site403030_nondesignquota_precisionchol_basefitbootinit_preboot_20260521/runs/scenario2/bootstrap/federated/scenario2/raw_runs/run_20260523-151930/optim_trace_trial_443_20260523-152512.csv","final_file":"/project/temp/deferiprone_single_oral_25mgkg_designcheck_20260511/validation/design_change_n403030_wtmclustT10_nomix_site403030_nondesignquota_precisionchol_basefitbootinit_preboot_20260521/runs/scenario2/bootstrap/federated/scenario2/raw_runs/run_20260523-151930/final_params_trial_443_20260523-152512.csv"},{"trial":444,"execution_state":"completed","converged":true,"attempts":1,"convergence":0,"value":2249.1749,"eval_fn":22,"eval_gr":22,"log_n":22,"failed_clients_n":0,"message":"CONVERGENCE: REL_REDUCTION_OF_F <= FACTR*EPSMCH","result_file":"/project/temp/deferiprone_single_oral_25mgkg_designcheck_20260511/validation/design_change_n403030_wtmclustT10_nomix_site403030_nondesignquota_precisionchol_basefitbootinit_preboot_20260521/runs/scenario2/bootstrap/federated/scenario2/raw_runs/run_20260523-151930/optim_result_trial_444_20260523-152721.json","trace_file":"/project/temp/deferiprone_single_oral_25mgkg_designcheck_20260511/validation/design_change_n403030_wtmclustT10_nomix_site403030_nondesignquota_precisionchol_basefitbootinit_preboot_20260521/runs/scenario2/bootstrap/federated/scenario2/raw_runs/run_20260523-151930/optim_trace_trial_444_20260523-152721.csv","final_file":"/project/temp/deferiprone_single_oral_25mgkg_designcheck_20260511/validation/design_change_n403030_wtmclustT10_nomix_site403030_nondesignquota_precisionchol_basefitbootinit_preboot_20260521/runs/scenario2/bootstrap/federated/scenario2/raw_runs/run_20260523-151930/final_params_trial_444_20260523-152721.csv"},{"trial":445,"execution_state":"completed","converged":true,"attempts":1,"convergence":0,"value":2201.1094,"eval_fn":40,"eval_gr":40,"log_n":40,"failed_clients_n":0,"message":"CONVERGENCE: REL_REDUCTION_OF_F <= FACTR*EPSMCH","result_file":"/project/temp/deferiprone_single_oral_25mgkg_designcheck_20260511/validation/design_change_n403030_wtmclustT10_nomix_site403030_nondesignquota_precisionchol_basefitbootinit_preboot_20260521/runs/scenario2/bootstrap/federated/scenario2/raw_runs/run_20260523-151930/optim_result_trial_445_20260523-153008.json","trace_file":"/project/temp/deferiprone_single_oral_25mgkg_designcheck_20260511/validation/design_change_n403030_wtmclustT10_nomix_site403030_nondesignquota_precisionchol_basefitbootinit_preboot_20260521/runs/scenario2/bootstrap/federated/scenario2/raw_runs/run_20260523-151930/optim_trace_trial_445_20260523-153008.csv","final_file":"/project/temp/deferiprone_single_oral_25mgkg_designcheck_20260511/validation/design_change_n403030_wtmclustT10_nomix_site403030_nondesignquota_precisionchol_basefitbootinit_preboot_20260521/runs/scenario2/bootstrap/federated/scenario2/raw_runs/run_20260523-151930/final_params_trial_445_20260523-153008.csv"}],"info":{"run_id":"20260523-151930","log_base_dir":"/project/temp/deferiprone_single_oral_25mgkg_designcheck_20260511/validation/design_change_n403030_wtmclustT10_nomix_site403030_nondesignquota_precisionchol_basefitbootinit_preboot_20260521/runs/scenario2/bootstrap/federated","scenario":"scenario2/raw_runs","total_trials":5,"successes":5,"failures":0,"nonconverged_count":0,"nonconverged_trials":[],"convergence_missing_count":0,"seed_base":4869,"B_per_client":500,"duration_sec":949.9664993286,"host":"93259e5f71f6","image_tag":null,"communication":{"generated_at":"2026-05-23T15:35:14Z","totals":{"requests":747,"request_bytes":832689,"response_bytes":189601,"total_bytes":1022290,"retries":0},"init":{"requests":3,"request_bytes":8139,"response_bytes":1161,"total_bytes":9300,"retries":0,"median_elapsed_sec":0.36692786217},"init_round_latency":{"n_rounds":1,"median_round_wall_sec":0.37070059776,"p95_round_wall_sec":0.37070059776},"run":{"requests":0,"request_bytes":0,"response_bytes":0,"total_bytes":0,"retries":0,"median_elapsed_sec":"NA"},"run_bootstrap":{"requests":744,"request_bytes":824550,"response_bytes":188440,"total_bytes":1012990,"retries":0,"median_elapsed_sec":3.6516916752},"round_latency":{"n_rounds":248,"median_round_wall_sec":3.7690073252,"p95_round_wall_sec":4.0137624383},"timing_split":{"n_rounds":248,"rounds_with_compute":248,"total_round_wall_sec":938.9207007885,"total_round_compute_wall_sec":930.7314,"total_round_comm_overhead_wall_sec":8.1893007885,"comm_overhead_ratio":0.0087220366764,"compute_ratio":0.99127796332}},"communication_files":{"csv":"/project/temp/deferiprone_single_oral_25mgkg_designcheck_20260511/validation/design_change_n403030_wtmclustT10_nomix_site403030_nondesignquota_precisionchol_basefitbootinit_preboot_20260521/runs/scenario2/bootstrap/federated/scenario2/raw_runs/run_20260523-151930/comm_metrics.csv","json":"/project/temp/deferiprone_single_oral_25mgkg_designcheck_20260511/validation/design_change_n403030_wtmclustT10_nomix_site403030_nondesignquota_precisionchol_basefitbootinit_preboot_20260521/runs/scenario2/bootstrap/federated/scenario2/raw_runs/run_20260523-151930/comm_metrics.json"},"output_files":{"bootstrap_summary_csv":"/project/temp/deferiprone_single_oral_25mgkg_designcheck_20260511/validation/design_change_n403030_wtmclustT10_nomix_site403030_nondesignquota_precisionchol_basefitbootinit_preboot_20260521/runs/scenario2/bootstrap/federated/scenario2/raw_runs/run_20260523-151930/bootstrap_summary.csv","bootstrap_summary_json":"/project/temp/deferiprone_single_oral_25mgkg_designcheck_20260511/validation/design_change_n403030_wtmclustT10_nomix_site403030_nondesignquota_precisionchol_basefitbootinit_preboot_20260521/runs/scenario2/bootstrap/federated/scenario2/raw_runs/run_20260523-151930/bootstrap_summary.json","trial_status_csv":"/project/temp/deferiprone_single_oral_25mgkg_designcheck_20260511/validation/design_change_n403030_wtmclustT10_nomix_site403030_nondesignquota_precisionchol_basefitbootinit_preboot_20260521/runs/scenario2/bootstrap/federated/scenario2/raw_runs/run_20260523-151930/trial_status.csv","failed_trials_csv":"/project/temp/deferiprone_single_oral_25mgkg_designcheck_20260511/validation/design_change_n403030_wtmclustT10_nomix_site403030_nondesignquota_precisionchol_basefitbootinit_preboot_20260521/runs/scenario2/bootstrap/federated/scenario2/raw_runs/run_20260523-151930/failed_trials.csv","trial_estimates_wide_csv":"/project/temp/deferiprone_single_oral_25mgkg_designcheck_20260511/validation/design_change_n403030_wtmclustT10_nomix_site403030_nondesignquota_precisionchol_basefitbootinit_preboot_20260521/runs/scenario2/bootstrap/federated/scenario2/raw_runs/run_20260523-151930/trial_estimates_wide.csv","trial_estimates_long_csv":"/project/temp/deferiprone_single_oral_25mgkg_designcheck_20260511/validation/design_change_n403030_wtmclustT10_nomix_site403030_nondesignquota_precisionchol_basefitbootinit_preboot_20260521/runs/scenario2/bootstrap/federated/scenario2/raw_runs/run_20260523-151930/trial_estimates_long.csv","result_json":"/project/temp/deferiprone_single_oral_25mgkg_designcheck_20260511/validation/design_change_n403030_wtmclustT10_nomix_site403030_nondesignquota_precisionchol_basefitbootinit_preboot_20260521/runs/scenario2/bootstrap/federated/scenario2/raw_runs/run_20260523-151930/result.json"}}}
[Kserver-1 exited with code 0
Aborting on container exit...
 Container defboot_design_change_n403030_wtmclu_scenario2_441_445-server-1  Stopping
 Container defboot_design_change_n403030_wtmclu_scenario2_441_445-server-1  Stopped
 Container defboot_design_change_n403030_wtmclu_scenario2_441_445-client3-1  Stopping
 Container defboot_design_change_n403030_wtmclu_scenario2_441_445-client2-1  Stopping
 Container defboot_design_change_n403030_wtmclu_scenario2_441_445-client1-1  Stopping
 Container defboot_design_change_n403030_wtmclu_scenario2_441_445-client3-1  Stopped
 Container defboot_design_change_n403030_wtmclu_scenario2_441_445-client2-1  Stopped
 Container defboot_design_change_n403030_wtmclu_scenario2_441_445-client1-1  Stopped
time="2026-05-24T00:35:25+09:00" level=warning msg="The \"SERVER_CONFIG_PATH\" variable is not set. Defaulting to a blank string."
 Container defboot_design_change_n403030_wtmclu_scenario2_441_445-server-1  Stopping
 Container defboot_design_change_n403030_wtmclu_scenario2_441_445-server-1  Stopped
 Container defboot_design_change_n403030_wtmclu_scenario2_441_445-server-1  Removing
 Container defboot_design_change_n403030_wtmclu_scenario2_441_445-server-1  Removed
 Container defboot_design_change_n403030_wtmclu_scenario2_441_445-client3-1  Stopping
 Container defboot_design_change_n403030_wtmclu_scenario2_441_445-client1-1  Stopping
 Container defboot_design_change_n403030_wtmclu_scenario2_441_445-client2-1  Stopping
 Container defboot_design_change_n403030_wtmclu_scenario2_441_445-client3-1  Stopped
 Container defboot_design_change_n403030_wtmclu_scenario2_441_445-client3-1  Removing
 Container defboot_design_change_n403030_wtmclu_scenario2_441_445-client1-1  Stopped
 Container defboot_design_change_n403030_wtmclu_scenario2_441_445-client1-1  Removing
 Container defboot_design_change_n403030_wtmclu_scenario2_441_445-client2-1  Stopped
 Container defboot_design_change_n403030_wtmclu_scenario2_441_445-client2-1  Removing
 Container defboot_design_change_n403030_wtmclu_scenario2_441_445-client1-1  Removed
 Container defboot_design_change_n403030_wtmclu_scenario2_441_445-client3-1  Removed
 Container defboot_design_change_n403030_wtmclu_scenario2_441_445-client2-1  Removed
 Network defboot_design_change_n403030_wtmclu_scenario2_441_445_site3_net  Removing
 Network defboot_design_change_n403030_wtmclu_scenario2_441_445_site1_net  Removing
 Network defboot_design_change_n403030_wtmclu_scenario2_441_445_site2_net  Removing
 Network defboot_design_change_n403030_wtmclu_scenario2_441_445_site3_net  Removed
 Network defboot_design_change_n403030_wtmclu_scenario2_441_445_site2_net  Removed
 Network defboot_design_change_n403030_wtmclu_scenario2_441_445_site1_net  Removed
