time="2026-05-23T11:41:54+09:00" level=warning msg="The \"SERVER_CONFIG_PATH\" variable is not set. Defaulting to a blank string."
Compose now can delegate build to bake for better performances
Just set COMPOSE_BAKE=true
#0 building with "default" instance using docker driver

#1 [client1 internal] load build definition from Dockerfile.app
#1 transferring dockerfile: 778B done
#1 DONE 0.0s

#2 [client3 internal] load build definition from Dockerfile.app
#2 transferring dockerfile: 778B done
#2 DONE 0.0s

#3 [client2 internal] load build definition from Dockerfile.app
#3 transferring dockerfile: 778B done
#3 DONE 0.0s

#4 [client2 internal] load metadata for docker.io/fedpoppk/base:0.1.0
#4 DONE 0.0s

#5 [client1 internal] load .dockerignore
#5 transferring context: 2B done
#5 DONE 0.0s

#6 [client3 internal] load .dockerignore
#6 transferring context: 2B done
#6 DONE 0.0s

#7 [client2 internal] load .dockerignore
#7 transferring context: 2B done
#7 DONE 0.0s

#8 [client2 1/8] FROM docker.io/fedpoppk/base:0.1.0
#8 DONE 0.0s

#9 [client1 internal] load build context
#9 ...

#10 [client2 internal] load build context
#10 transferring context: 736.51kB 0.3s done
#10 DONE 0.3s

#9 [client1 internal] load build context
#9 transferring context: 736.51kB 0.3s done
#9 DONE 0.3s

#11 [client3 internal] load build context
#11 transferring context: 736.51kB 0.3s done
#11 DONE 0.3s

#12 [client2 2/8] WORKDIR /project
#12 CACHED

#13 [client2 6/8] COPY R/ R/
#13 CACHED

#14 [client2 7/8] COPY analysis/ analysis/
#14 CACHED

#15 [client2 3/8] COPY renv.lock .Rprofile renv/activate.R ./
#15 CACHED

#16 [client2 5/8] COPY apps/ apps/
#16 CACHED

#17 [client2 4/8] RUN Rscript -e "options(renv.consent=TRUE, Ncpus=parallel::detectCores());                 renv::restore(prompt=FALSE)"
#17 CACHED

#18 [client3 8/8] RUN mkdir -p /project/configs/modes /project/data /project/artifacts /project/result
#18 CACHED

#19 [client1] exporting to image
#19 exporting layers done
#19 writing image sha256:a0bbb1571e7909eeeab972a67113ef0a4751f0e49204221d9d1c9749841b37e0 done
#19 naming to docker.io/library/defboot_design_change_n403030_wtmclu_scenario2_196_200-client1 0.0s done
#19 DONE 0.0s

#20 [client2] exporting to image
#20 exporting layers done
#20 writing image sha256:88b2396d8532220b813f05c9c44d704caff353aed899f027aac67d04d8ae4939 done
#20 naming to docker.io/library/defboot_design_change_n403030_wtmclu_scenario2_196_200-client2 0.0s done
#20 DONE 0.0s

#21 [client3] exporting to image
#21 exporting layers done
#21 writing image sha256:e7b263d68627ccc5f24aa3924ecbe6aa90fd81527dbc5df90a3ed6a824b57cd6 done
#21 naming to docker.io/library/defboot_design_change_n403030_wtmclu_scenario2_196_200-client3 0.0s done
#21 DONE 0.1s

#22 [client1] resolving provenance for metadata file
#22 DONE 0.0s

#23 [client3] resolving provenance for metadata file
#23 DONE 0.0s

#24 [client2] resolving provenance for metadata file
#24 DONE 0.0s

#25 [server internal] load build definition from Dockerfile.app
#25 transferring dockerfile: 778B done
#25 DONE 0.0s

#4 [server internal] load metadata for docker.io/fedpoppk/base:0.1.0
#4 DONE 0.0s

#26 [server internal] load .dockerignore
#26 transferring context: 2B done
#26 DONE 0.0s

#8 [server 1/8] FROM docker.io/fedpoppk/base:0.1.0
#8 DONE 0.0s

#27 [server internal] load build context
#27 transferring context: 736.51kB 0.3s done
#27 DONE 0.3s

#28 [server 6/8] COPY R/ R/
#28 CACHED

#29 [server 7/8] COPY analysis/ analysis/
#29 CACHED

#30 [server 4/8] RUN Rscript -e "options(renv.consent=TRUE, Ncpus=parallel::detectCores());                 renv::restore(prompt=FALSE)"
#30 CACHED

#31 [server 5/8] COPY apps/ apps/
#31 CACHED

#32 [server 3/8] COPY renv.lock .Rprofile renv/activate.R ./
#32 CACHED

#12 [server 2/8] WORKDIR /project
#12 CACHED

#33 [server 8/8] RUN mkdir -p /project/configs/modes /project/data /project/artifacts /project/result
#33 CACHED

#34 [server] exporting to image
#34 exporting layers done
#34 writing image sha256:b6530ccd5b0638b0526f0d35583570c4e057d01532edeb32b10828bf703f05b0
#34 writing image sha256:b6530ccd5b0638b0526f0d35583570c4e057d01532edeb32b10828bf703f05b0 done
#34 naming to docker.io/library/defboot_design_change_n403030_wtmclu_scenario2_196_200-server 0.0s done
#34 DONE 0.0s

#35 [server] resolving provenance for metadata file
#35 DONE 0.0s
 client1  Built
 client2  Built
 client3  Built
 server  Built
 Network defboot_design_change_n403030_wtmclu_scenario2_196_200_site1_net  Creating
 Network defboot_design_change_n403030_wtmclu_scenario2_196_200_site1_net  Created
 Network defboot_design_change_n403030_wtmclu_scenario2_196_200_site2_net  Creating
 Network defboot_design_change_n403030_wtmclu_scenario2_196_200_site2_net  Created
 Network defboot_design_change_n403030_wtmclu_scenario2_196_200_site3_net  Creating
 Network defboot_design_change_n403030_wtmclu_scenario2_196_200_site3_net  Created
 Container defboot_design_change_n403030_wtmclu_scenario2_196_200-client3-1  Creating
 Container defboot_design_change_n403030_wtmclu_scenario2_196_200-client1-1  Creating
 Container defboot_design_change_n403030_wtmclu_scenario2_196_200-client2-1  Creating
 Container defboot_design_change_n403030_wtmclu_scenario2_196_200-client2-1  Created
 Container defboot_design_change_n403030_wtmclu_scenario2_196_200-client3-1  Created
 Container defboot_design_change_n403030_wtmclu_scenario2_196_200-client1-1  Created
 Container defboot_design_change_n403030_wtmclu_scenario2_196_200-server-1  Creating
 Container defboot_design_change_n403030_wtmclu_scenario2_196_200-server-1  Created
Attaching to client1-1, client2-1, client3-1, server-1
client2-1  | Running plumber API at http://0.0.0.0:8000
client2-1  | Running swagger Docs at http://127.0.0.1:8000/__docs__/
client1-1  | Running plumber API at http://0.0.0.0:8000
client3-1  | Running plumber API at http://0.0.0.0:8000
client1-1  | Running swagger Docs at http://127.0.0.1:8000/__docs__/
client3-1  | Running swagger Docs at http://127.0.0.1:8000/__docs__/
client1-1  | ℹ parameter labels from comments are typically ignored in non-interactive mode
client2-1  | ℹ parameter labels from comments are typically ignored in non-interactive mode
client1-1  | ℹ Need to run with the source intact to parse comments
client2-1  | ℹ Need to run with the source intact to parse comments
client3-1  | ℹ parameter labels from comments are typically ignored in non-interactive mode
client3-1  | ℹ Need to run with the source intact to parse comments
server-1   | [send_init] http://client1:8000 init succeeded
server-1   | [send_init] http://client3:8000 init succeeded
server-1   | [send_init] http://client2:8000 init succeeded
server-1   | {"schema":{"schema_version":"1.1.0","generated_at":"2026-05-23T02:42:03Z","config_path":"/project/configs/../temp/deferiprone_single_oral_25mgkg_designcheck_20260511/validation/design_change_n403030_wtmclustT10_nomix_site403030_nondesignquota_precisionchol_basefitbootinit_preboot_20260521/configs/resolved/scenario2_bootstrap.json","config_md5":"67e6a296d3935d620e746ed6160f8ca2","seed":4869,"host":"d4e3b488962a","pid":1,"image_tag":null,"git_sha":null,"git_dirty":null},"aggregation":{"ci_method":"percentile","ci_level":0.95,"quantile_type":7,"estimates_scale":"natural"},"summary":[{"parameter":"(etaLcl,etaLvc)","median":0.054698738247,"p2.5":0.053027278027,"p97.5":0.070902826984},{"parameter":"CcPropSd","median":0.37083928282,"p2.5":0.34058829674,"p97.5":0.37889747765},{"parameter":"etaLcl","median":0.099883859991,"p2.5":0.089102862065,"p97.5":0.11907959051},{"parameter":"etaLvc","median":0.035221882726,"p2.5":0.030351968031,"p97.5":0.043747742638},{"parameter":"lcl","median":2.162733223,"p2.5":2.1587431732,"p97.5":2.2770613376},{"parameter":"lka","median":2.346461079,"p2.5":2.1605465802,"p97.5":2.433282546},{"parameter":"lvc","median":2.9642038669,"p2.5":2.9213420184,"p97.5":3.0164189772},{"parameter":"rho_(etaLcl,etaLvc)","median":0.9783036245,"p2.5":0.97497635617,"p97.5":0.98233503238}],"runs":[{"tag":"trial_196_20260523-024203","value":2190.2659,"counts":[22,22],"control":{"maxit":100,"factr":1000000000,"pgtol":0,"trace":0,"method":"L-BFGS-B"},"convergence":0,"message":"CONVERGENCE: REL_REDUCTION_OF_F <= FACTR*EPSMCH","nat_par":{"lka":2.2421563148,"lcl":2.162733223,"lvc":2.9642038669,"CcPropSd":0.33731569296,"etaLcl":0.099883859991,"etaLvc":0.030205109818,"(etaLcl,etaLvc)":0.05354669766,"rho_(etaLcl,etaLvc)":0.9748657756},"failed_clients":[],"attempt":1,"files":{"result":"/project/temp/deferiprone_single_oral_25mgkg_designcheck_20260511/validation/design_change_n403030_wtmclustT10_nomix_site403030_nondesignquota_precisionchol_basefitbootinit_preboot_20260521/runs/scenario2/bootstrap/federated/scenario2/raw_runs/run_20260523-024203/optim_result_trial_196_20260523-024203.json","trace":"/project/temp/deferiprone_single_oral_25mgkg_designcheck_20260511/validation/design_change_n403030_wtmclustT10_nomix_site403030_nondesignquota_precisionchol_basefitbootinit_preboot_20260521/runs/scenario2/bootstrap/federated/scenario2/raw_runs/run_20260523-024203/optim_trace_trial_196_20260523-024203.csv","final":"/project/temp/deferiprone_single_oral_25mgkg_designcheck_20260511/validation/design_change_n403030_wtmclustT10_nomix_site403030_nondesignquota_precisionchol_basefitbootinit_preboot_20260521/runs/scenario2/bootstrap/federated/scenario2/raw_runs/run_20260523-024203/final_params_trial_196_20260523-024203.csv"},"log_n":22,"execution_state":"completed","trial":196,"attempts":1},{"tag":"trial_197_20260523-024450","value":2232.7087,"counts":[30,30],"control":{"maxit":100,"factr":1000000000,"pgtol":0,"trace":0,"method":"L-BFGS-B"},"convergence":0,"message":"CONVERGENCE: REL_REDUCTION_OF_F <= FACTR*EPSMCH","nat_par":{"lka":2.346461079,"lcl":2.1586091695,"lvc":2.9594948547,"CcPropSd":0.37919699788,"etaLcl":0.092999320663,"etaLvc":0.03167369195,"(etaLcl,etaLvc)":0.052969564734,"rho_(etaLcl,etaLvc)":0.97597158122},"failed_clients":[],"attempt":1,"files":{"result":"/project/temp/deferiprone_single_oral_25mgkg_designcheck_20260511/validation/design_change_n403030_wtmclustT10_nomix_site403030_nondesignquota_precisionchol_basefitbootinit_preboot_20260521/runs/scenario2/bootstrap/federated/scenario2/raw_runs/run_20260523-024203/optim_result_trial_197_20260523-024450.json","trace":"/project/temp/deferiprone_single_oral_25mgkg_designcheck_20260511/validation/design_change_n403030_wtmclustT10_nomix_site403030_nondesignquota_precisionchol_basefitbootinit_preboot_20260521/runs/scenario2/bootstrap/federated/scenario2/raw_runs/run_20260523-024203/optim_trace_trial_197_20260523-024450.csv","final":"/project/temp/deferiprone_single_oral_25mgkg_designcheck_20260511/validation/design_change_n403030_wtmclustT10_nomix_site403030_nondesignquota_precisionchol_basefitbootinit_preboot_20260521/runs/scenario2/bootstrap/federated/scenario2/raw_runs/run_20260523-024203/final_params_trial_197_20260523-024450.csv"},"log_n":30,"execution_state":"completed","trial":197,"attempts":1},{"tag":"trial_198_20260523-024837","value":2175.7512,"counts":[14,14],"control":{"maxit":100,"factr":1000000000,"pgtol":0,"trace":0,"method":"L-BFGS-B"},"convergence":0,"message":"CONVERGENCE: REL_REDUCTION_OF_F <= FACTR*EPSMCH","nat_par":{"lka":2.3625004438,"lcl":2.2868866996,"lvc":3.0196248793,"CcPropSd":0.37004173073,"etaLcl":0.12115217699,"etaLvc":0.044691370332,"(etaLcl,etaLvc)":0.072316028063,"rho_(etaLcl,etaLvc)":0.98278182841},"failed_clients":[],"attempt":1,"files":{"result":"/project/temp/deferiprone_single_oral_25mgkg_designcheck_20260511/validation/design_change_n403030_wtmclustT10_nomix_site403030_nondesignquota_precisionchol_basefitbootinit_preboot_20260521/runs/scenario2/bootstrap/federated/scenario2/raw_runs/run_20260523-024203/optim_result_trial_198_20260523-024837.json","trace":"/project/temp/deferiprone_single_oral_25mgkg_designcheck_20260511/validation/design_change_n403030_wtmclustT10_nomix_site403030_nondesignquota_precisionchol_basefitbootinit_preboot_20260521/runs/scenario2/bootstrap/federated/scenario2/raw_runs/run_20260523-024203/optim_trace_trial_198_20260523-024837.csv","final":"/project/temp/deferiprone_single_oral_25mgkg_designcheck_20260511/validation/design_change_n403030_wtmclustT10_nomix_site403030_nondesignquota_precisionchol_basefitbootinit_preboot_20260521/runs/scenario2/bootstrap/federated/scenario2/raw_runs/run_20260523-024203/final_params_trial_198_20260523-024837.csv"},"log_n":14,"execution_state":"completed","trial":198,"attempts":1},{"tag":"trial_199_20260523-025023","value":2218.0006,"counts":[18,18],"control":{"maxit":100,"factr":1000000000,"pgtol":0,"trace":0,"method":"L-BFGS-B"},"convergence":0,"message":"CONVERGENCE: REL_REDUCTION_OF_F <= FACTR*EPSMCH","nat_par":{"lka":2.1514788319,"lcl":2.1886330792,"lvc":2.9875658586,"CcPropSd":0.37083928282,"etaLcl":0.08866992222,"etaLvc":0.035255093394,"(etaLcl,etaLvc)":0.054698738247,"rho_(etaLcl,etaLvc)":0.97831386814},"failed_clients":[],"attempt":1,"files":{"result":"/project/temp/deferiprone_single_oral_25mgkg_designcheck_20260511/validation/design_change_n403030_wtmclustT10_nomix_site403030_nondesignquota_precisionchol_basefitbootinit_preboot_20260521/runs/scenario2/bootstrap/federated/scenario2/raw_runs/run_20260523-024203/optim_result_trial_199_20260523-025023.json","trace":"/project/temp/deferiprone_single_oral_25mgkg_designcheck_20260511/validation/design_change_n403030_wtmclustT10_nomix_site403030_nondesignquota_precisionchol_basefitbootinit_preboot_20260521/runs/scenario2/bootstrap/federated/scenario2/raw_runs/run_20260523-024203/optim_trace_trial_199_20260523-025023.csv","final":"/project/temp/deferiprone_single_oral_25mgkg_designcheck_20260511/validation/design_change_n403030_wtmclustT10_nomix_site403030_nondesignquota_precisionchol_basefitbootinit_preboot_20260521/runs/scenario2/bootstrap/federated/scenario2/raw_runs/run_20260523-024203/final_params_trial_199_20260523-025023.csv"},"log_n":18,"execution_state":"completed","trial":199,"attempts":1},{"tag":"trial_200_20260523-025241","value":2237.8372,"counts":[28,28],"control":{"maxit":100,"factr":1000000000,"pgtol":0,"trace":0,"method":"L-BFGS-B"},"convergence":0,"message":"CONVERGENCE: REL_REDUCTION_OF_F <= FACTR*EPSMCH","nat_par":{"lka":2.441147224,"lcl":2.1599492059,"lvc":2.9171028144,"CcPropSd":0.37620179552,"etaLcl":0.10042631222,"etaLvc":0.035221882726,"(etaLcl,etaLvc)":0.05818401727,"rho_(etaLcl,etaLvc)":0.9783036245},"failed_clients":[],"attempt":1,"files":{"result":"/project/temp/deferiprone_single_oral_25mgkg_designcheck_20260511/validation/design_change_n403030_wtmclustT10_nomix_site403030_nondesignquota_precisionchol_basefitbootinit_preboot_20260521/runs/scenario2/bootstrap/federated/scenario2/raw_runs/run_20260523-024203/optim_result_trial_200_20260523-025241.json","trace":"/project/temp/deferiprone_single_oral_25mgkg_designcheck_20260511/validation/design_change_n403030_wtmclustT10_nomix_site403030_nondesignquota_precisionchol_basefitbootinit_preboot_20260521/runs/scenario2/bootstrap/federated/scenario2/raw_runs/run_20260523-024203/optim_trace_trial_200_20260523-025241.csv","final":"/project/temp/deferiprone_single_oral_25mgkg_designcheck_20260511/validation/design_change_n403030_wtmclustT10_nomix_site403030_nondesignquota_precisionchol_basefitbootinit_preboot_20260521/runs/scenario2/bootstrap/federated/scenario2/raw_runs/run_20260523-024203/final_params_trial_200_20260523-025241.csv"},"log_n":28,"execution_state":"completed","trial":200,"attempts":1}],"trial_status":[{"trial":196,"execution_state":"completed","converged":true,"attempts":1,"convergence":0,"value":2190.2659,"eval_fn":22,"eval_gr":22,"log_n":22,"failed_clients_n":0,"message":"CONVERGENCE: REL_REDUCTION_OF_F <= FACTR*EPSMCH","result_file":"/project/temp/deferiprone_single_oral_25mgkg_designcheck_20260511/validation/design_change_n403030_wtmclustT10_nomix_site403030_nondesignquota_precisionchol_basefitbootinit_preboot_20260521/runs/scenario2/bootstrap/federated/scenario2/raw_runs/run_20260523-024203/optim_result_trial_196_20260523-024203.json","trace_file":"/project/temp/deferiprone_single_oral_25mgkg_designcheck_20260511/validation/design_change_n403030_wtmclustT10_nomix_site403030_nondesignquota_precisionchol_basefitbootinit_preboot_20260521/runs/scenario2/bootstrap/federated/scenario2/raw_runs/run_20260523-024203/optim_trace_trial_196_20260523-024203.csv","final_file":"/project/temp/deferiprone_single_oral_25mgkg_designcheck_20260511/validation/design_change_n403030_wtmclustT10_nomix_site403030_nondesignquota_precisionchol_basefitbootinit_preboot_20260521/runs/scenario2/bootstrap/federated/scenario2/raw_runs/run_20260523-024203/final_params_trial_196_20260523-024203.csv"},{"trial":197,"execution_state":"completed","converged":true,"attempts":1,"convergence":0,"value":2232.7087,"eval_fn":30,"eval_gr":30,"log_n":30,"failed_clients_n":0,"message":"CONVERGENCE: REL_REDUCTION_OF_F <= FACTR*EPSMCH","result_file":"/project/temp/deferiprone_single_oral_25mgkg_designcheck_20260511/validation/design_change_n403030_wtmclustT10_nomix_site403030_nondesignquota_precisionchol_basefitbootinit_preboot_20260521/runs/scenario2/bootstrap/federated/scenario2/raw_runs/run_20260523-024203/optim_result_trial_197_20260523-024450.json","trace_file":"/project/temp/deferiprone_single_oral_25mgkg_designcheck_20260511/validation/design_change_n403030_wtmclustT10_nomix_site403030_nondesignquota_precisionchol_basefitbootinit_preboot_20260521/runs/scenario2/bootstrap/federated/scenario2/raw_runs/run_20260523-024203/optim_trace_trial_197_20260523-024450.csv","final_file":"/project/temp/deferiprone_single_oral_25mgkg_designcheck_20260511/validation/design_change_n403030_wtmclustT10_nomix_site403030_nondesignquota_precisionchol_basefitbootinit_preboot_20260521/runs/scenario2/bootstrap/federated/scenario2/raw_runs/run_20260523-024203/final_params_trial_197_20260523-024450.csv"},{"trial":198,"execution_state":"completed","converged":true,"attempts":1,"convergence":0,"value":2175.7512,"eval_fn":14,"eval_gr":14,"log_n":14,"failed_clients_n":0,"message":"CONVERGENCE: REL_REDUCTION_OF_F <= FACTR*EPSMCH","result_file":"/project/temp/deferiprone_single_oral_25mgkg_designcheck_20260511/validation/design_change_n403030_wtmclustT10_nomix_site403030_nondesignquota_precisionchol_basefitbootinit_preboot_20260521/runs/scenario2/bootstrap/federated/scenario2/raw_runs/run_20260523-024203/optim_result_trial_198_20260523-024837.json","trace_file":"/project/temp/deferiprone_single_oral_25mgkg_designcheck_20260511/validation/design_change_n403030_wtmclustT10_nomix_site403030_nondesignquota_precisionchol_basefitbootinit_preboot_20260521/runs/scenario2/bootstrap/federated/scenario2/raw_runs/run_20260523-024203/optim_trace_trial_198_20260523-024837.csv","final_file":"/project/temp/deferiprone_single_oral_25mgkg_designcheck_20260511/validation/design_change_n403030_wtmclustT10_nomix_site403030_nondesignquota_precisionchol_basefitbootinit_preboot_20260521/runs/scenario2/bootstrap/federated/scenario2/raw_runs/run_20260523-024203/final_params_trial_198_20260523-024837.csv"},{"trial":199,"execution_state":"completed","converged":true,"attempts":1,"convergence":0,"value":2218.0006,"eval_fn":18,"eval_gr":18,"log_n":18,"failed_clients_n":0,"message":"CONVERGENCE: REL_REDUCTION_OF_F <= FACTR*EPSMCH","result_file":"/project/temp/deferiprone_single_oral_25mgkg_designcheck_20260511/validation/design_change_n403030_wtmclustT10_nomix_site403030_nondesignquota_precisionchol_basefitbootinit_preboot_20260521/runs/scenario2/bootstrap/federated/scenario2/raw_runs/run_20260523-024203/optim_result_trial_199_20260523-025023.json","trace_file":"/project/temp/deferiprone_single_oral_25mgkg_designcheck_20260511/validation/design_change_n403030_wtmclustT10_nomix_site403030_nondesignquota_precisionchol_basefitbootinit_preboot_20260521/runs/scenario2/bootstrap/federated/scenario2/raw_runs/run_20260523-024203/optim_trace_trial_199_20260523-025023.csv","final_file":"/project/temp/deferiprone_single_oral_25mgkg_designcheck_20260511/validation/design_change_n403030_wtmclustT10_nomix_site403030_nondesignquota_precisionchol_basefitbootinit_preboot_20260521/runs/scenario2/bootstrap/federated/scenario2/raw_runs/run_20260523-024203/final_params_trial_199_20260523-025023.csv"},{"trial":200,"execution_state":"completed","converged":true,"attempts":1,"convergence":0,"value":2237.8372,"eval_fn":28,"eval_gr":28,"log_n":28,"failed_clients_n":0,"message":"CONVERGENCE: REL_REDUCTION_OF_F <= FACTR*EPSMCH","result_file":"/project/temp/deferiprone_single_oral_25mgkg_designcheck_20260511/validation/design_change_n403030_wtmclustT10_nomix_site403030_nondesignquota_precisionchol_basefitbootinit_preboot_20260521/runs/scenario2/bootstrap/federated/scenario2/raw_runs/run_20260523-024203/optim_result_trial_200_20260523-025241.json","trace_file":"/project/temp/deferiprone_single_oral_25mgkg_designcheck_20260511/validation/design_change_n403030_wtmclustT10_nomix_site403030_nondesignquota_precisionchol_basefitbootinit_preboot_20260521/runs/scenario2/bootstrap/federated/scenario2/raw_runs/run_20260523-024203/optim_trace_trial_200_20260523-025241.csv","final_file":"/project/temp/deferiprone_single_oral_25mgkg_designcheck_20260511/validation/design_change_n403030_wtmclustT10_nomix_site403030_nondesignquota_precisionchol_basefitbootinit_preboot_20260521/runs/scenario2/bootstrap/federated/scenario2/raw_runs/run_20260523-024203/final_params_trial_200_20260523-025241.csv"}],"info":{"run_id":"20260523-024203","log_base_dir":"/project/temp/deferiprone_single_oral_25mgkg_designcheck_20260511/validation/design_change_n403030_wtmclustT10_nomix_site403030_nondesignquota_precisionchol_basefitbootinit_preboot_20260521/runs/scenario2/bootstrap/federated","scenario":"scenario2/raw_runs","total_trials":5,"successes":5,"failures":0,"nonconverged_count":0,"nonconverged_trials":[],"convergence_missing_count":0,"seed_base":4869,"B_per_client":500,"duration_sec":860.0662195683,"host":"d4e3b488962a","image_tag":null,"communication":{"generated_at":"2026-05-23T02:56:17Z","totals":{"requests":675,"request_bytes":753351,"response_bytes":171256,"total_bytes":924607,"retries":0},"init":{"requests":3,"request_bytes":8139,"response_bytes":1161,"total_bytes":9300,"retries":0,"median_elapsed_sec":0.40233778954},"init_round_latency":{"n_rounds":1,"median_round_wall_sec":0.40428423882,"p95_round_wall_sec":0.40428423882},"run":{"requests":0,"request_bytes":0,"response_bytes":0,"total_bytes":0,"retries":0,"median_elapsed_sec":"NA"},"run_bootstrap":{"requests":672,"request_bytes":745212,"response_bytes":170095,"total_bytes":915307,"retries":0,"median_elapsed_sec":3.6559779644},"round_latency":{"n_rounds":224,"median_round_wall_sec":3.7795088291,"p95_round_wall_sec":4.0650332332},"timing_split":{"n_rounds":224,"rounds_with_compute":224,"total_round_wall_sec":849.4379560947,"total_round_compute_wall_sec":842.0207,"total_round_comm_overhead_wall_sec":7.4172560947,"comm_overhead_ratio":0.0087319574567,"compute_ratio":0.99126804254}},"communication_files":{"csv":"/project/temp/deferiprone_single_oral_25mgkg_designcheck_20260511/validation/design_change_n403030_wtmclustT10_nomix_site403030_nondesignquota_precisionchol_basefitbootinit_preboot_20260521/runs/scenario2/bootstrap/federated/scenario2/raw_runs/run_20260523-024203/comm_metrics.csv","json":"/project/temp/deferiprone_single_oral_25mgkg_designcheck_20260511/validation/design_change_n403030_wtmclustT10_nomix_site403030_nondesignquota_precisionchol_basefitbootinit_preboot_20260521/runs/scenario2/bootstrap/federated/scenario2/raw_runs/run_20260523-024203/comm_metrics.json"},"output_files":{"bootstrap_summary_csv":"/project/temp/deferiprone_single_oral_25mgkg_designcheck_20260511/validation/design_change_n403030_wtmclustT10_nomix_site403030_nondesignquota_precisionchol_basefitbootinit_preboot_20260521/runs/scenario2/bootstrap/federated/scenario2/raw_runs/run_20260523-024203/bootstrap_summary.csv","bootstrap_summary_json":"/project/temp/deferiprone_single_oral_25mgkg_designcheck_20260511/validation/design_change_n403030_wtmclustT10_nomix_site403030_nondesignquota_precisionchol_basefitbootinit_preboot_20260521/runs/scenario2/bootstrap/federated/scenario2/raw_runs/run_20260523-024203/bootstrap_summary.json","trial_status_csv":"/project/temp/deferiprone_single_oral_25mgkg_designcheck_20260511/validation/design_change_n403030_wtmclustT10_nomix_site403030_nondesignquota_precisionchol_basefitbootinit_preboot_20260521/runs/scenario2/bootstrap/federated/scenario2/raw_runs/run_20260523-024203/trial_status.csv","failed_trials_csv":"/project/temp/deferiprone_single_oral_25mgkg_designcheck_20260511/validation/design_change_n403030_wtmclustT10_nomix_site403030_nondesignquota_precisionchol_basefitbootinit_preboot_20260521/runs/scenario2/bootstrap/federated/scenario2/raw_runs/run_20260523-024203/failed_trials.csv","trial_estimates_wide_csv":"/project/temp/deferiprone_single_oral_25mgkg_designcheck_20260511/validation/design_change_n403030_wtmclustT10_nomix_site403030_nondesignquota_precisionchol_basefitbootinit_preboot_20260521/runs/scenario2/bootstrap/federated/scenario2/raw_runs/run_20260523-024203/trial_estimates_wide.csv","trial_estimates_long_csv":"/project/temp/deferiprone_single_oral_25mgkg_designcheck_20260511/validation/design_change_n403030_wtmclustT10_nomix_site403030_nondesignquota_precisionchol_basefitbootinit_preboot_20260521/runs/scenario2/bootstrap/federated/scenario2/raw_runs/run_20260523-024203/trial_estimates_long.csv","result_json":"/project/temp/deferiprone_single_oral_25mgkg_designcheck_20260511/validation/design_change_n403030_wtmclustT10_nomix_site403030_nondesignquota_precisionchol_basefitbootinit_preboot_20260521/runs/scenario2/bootstrap/federated/scenario2/raw_runs/run_20260523-024203/result.json"}}}
[Kserver-1 exited with code 0
Aborting on container exit...
 Container defboot_design_change_n403030_wtmclu_scenario2_196_200-server-1  Stopping
 Container defboot_design_change_n403030_wtmclu_scenario2_196_200-server-1  Stopped
 Container defboot_design_change_n403030_wtmclu_scenario2_196_200-client2-1  Stopping
 Container defboot_design_change_n403030_wtmclu_scenario2_196_200-client3-1  Stopping
 Container defboot_design_change_n403030_wtmclu_scenario2_196_200-client1-1  Stopping
 Container defboot_design_change_n403030_wtmclu_scenario2_196_200-client3-1  Stopped
 Container defboot_design_change_n403030_wtmclu_scenario2_196_200-client1-1  Stopped
 Container defboot_design_change_n403030_wtmclu_scenario2_196_200-client2-1  Stopped
time="2026-05-23T11:56:28+09:00" level=warning msg="The \"SERVER_CONFIG_PATH\" variable is not set. Defaulting to a blank string."
 Container defboot_design_change_n403030_wtmclu_scenario2_196_200-server-1  Stopping
 Container defboot_design_change_n403030_wtmclu_scenario2_196_200-server-1  Stopped
 Container defboot_design_change_n403030_wtmclu_scenario2_196_200-server-1  Removing
 Container defboot_design_change_n403030_wtmclu_scenario2_196_200-server-1  Removed
 Container defboot_design_change_n403030_wtmclu_scenario2_196_200-client3-1  Stopping
 Container defboot_design_change_n403030_wtmclu_scenario2_196_200-client1-1  Stopping
 Container defboot_design_change_n403030_wtmclu_scenario2_196_200-client2-1  Stopping
 Container defboot_design_change_n403030_wtmclu_scenario2_196_200-client3-1  Stopped
 Container defboot_design_change_n403030_wtmclu_scenario2_196_200-client3-1  Removing
 Container defboot_design_change_n403030_wtmclu_scenario2_196_200-client1-1  Stopped
 Container defboot_design_change_n403030_wtmclu_scenario2_196_200-client1-1  Removing
 Container defboot_design_change_n403030_wtmclu_scenario2_196_200-client2-1  Stopped
 Container defboot_design_change_n403030_wtmclu_scenario2_196_200-client2-1  Removing
 Container defboot_design_change_n403030_wtmclu_scenario2_196_200-client3-1  Removed
 Container defboot_design_change_n403030_wtmclu_scenario2_196_200-client1-1  Removed
 Container defboot_design_change_n403030_wtmclu_scenario2_196_200-client2-1  Removed
 Network defboot_design_change_n403030_wtmclu_scenario2_196_200_site1_net  Removing
 Network defboot_design_change_n403030_wtmclu_scenario2_196_200_site3_net  Removing
 Network defboot_design_change_n403030_wtmclu_scenario2_196_200_site2_net  Removing
 Network defboot_design_change_n403030_wtmclu_scenario2_196_200_site1_net  Removed
 Network defboot_design_change_n403030_wtmclu_scenario2_196_200_site2_net  Removed
 Network defboot_design_change_n403030_wtmclu_scenario2_196_200_site3_net  Removed
