time="2026-05-23T06:57:16+09:00" level=warning msg="The \"SERVER_CONFIG_PATH\" variable is not set. Defaulting to a blank string."
Compose now can delegate build to bake for better performances
Just set COMPOSE_BAKE=true
#0 building with "default" instance using docker driver

#1 [client2 internal] load build definition from Dockerfile.app
#1 transferring dockerfile: 778B done
#1 DONE 0.0s

#2 [client1 internal] load build definition from Dockerfile.app
#2 transferring dockerfile: 778B done
#2 DONE 0.0s

#3 [client3 internal] load build definition from Dockerfile.app
#3 transferring dockerfile: 778B done
#3 DONE 0.0s

#4 [client3 internal] load metadata for docker.io/fedpoppk/base:0.1.0
#4 DONE 0.0s

#5 [client2 internal] load .dockerignore
#5 transferring context: 2B done
#5 DONE 0.0s

#6 [client1 internal] load .dockerignore
#6 transferring context: 2B done
#6 DONE 0.0s

#7 [client3 internal] load .dockerignore
#7 transferring context: 2B done
#7 DONE 0.0s

#8 [client1 1/8] FROM docker.io/fedpoppk/base:0.1.0
#8 DONE 0.0s

#9 [client2 internal] load build context
#9 transferring context: 736.51kB 0.3s done
#9 DONE 0.3s

#10 [client3 internal] load build context
#10 transferring context: 736.51kB 0.3s done
#10 DONE 0.3s

#11 [client1 internal] load build context
#11 transferring context: 736.51kB 0.3s done
#11 DONE 0.3s

#12 [client2 6/8] COPY R/ R/
#12 CACHED

#13 [client2 7/8] COPY analysis/ analysis/
#13 CACHED

#14 [client2 4/8] RUN Rscript -e "options(renv.consent=TRUE, Ncpus=parallel::detectCores());                 renv::restore(prompt=FALSE)"
#14 CACHED

#15 [client2 2/8] WORKDIR /project
#15 CACHED

#16 [client2 3/8] COPY renv.lock .Rprofile renv/activate.R ./
#16 CACHED

#17 [client2 5/8] COPY apps/ apps/
#17 CACHED

#18 [client1 8/8] RUN mkdir -p /project/configs/modes /project/data /project/artifacts /project/result
#18 CACHED

#19 [client2] exporting to image
#19 exporting layers done
#19 writing image sha256:aca438da1af74d84db181f11878f1657101609121cc9b348c3951e3bfb72435f done
#19 naming to docker.io/library/defboot_design_change_n403030_wtmclu_scenario2_101_105-client2 0.0s done
#19 DONE 0.0s

#20 [client1] exporting to image
#20 exporting layers done
#20 writing image sha256:93824a4a7b1f9f234ceb158f412dadff562ab4ebaff930b95e88b00c93cd2e6e done
#20 naming to docker.io/library/defboot_design_change_n403030_wtmclu_scenario2_101_105-client1 0.0s done
#20 DONE 0.1s

#21 [client3] exporting to image
#21 exporting layers done
#21 writing image sha256:f6f23f362ef37bf4a474c4419794472e247e64adc7aed84f2f4e40f15535b92c done
#21 naming to docker.io/library/defboot_design_change_n403030_wtmclu_scenario2_101_105-client3 0.1s done
#21 DONE 0.1s

#22 [client3] resolving provenance for metadata file
#22 DONE 0.0s

#23 [client2] resolving provenance for metadata file
#23 DONE 0.0s

#24 [client1] resolving provenance for metadata file
#24 DONE 0.0s

#25 [server internal] load build definition from Dockerfile.app
#25 transferring dockerfile: 778B done
#25 DONE 0.0s

#4 [server internal] load metadata for docker.io/fedpoppk/base:0.1.0
#4 DONE 0.0s

#26 [server internal] load .dockerignore
#26 transferring context: 2B done
#26 DONE 0.0s

#8 [server 1/8] FROM docker.io/fedpoppk/base:0.1.0
#8 DONE 0.0s

#27 [server internal] load build context
#27 transferring context: 736.51kB 0.3s done
#27 DONE 0.4s

#15 [server 2/8] WORKDIR /project
#15 CACHED

#28 [server 6/8] COPY R/ R/
#28 CACHED

#29 [server 4/8] RUN Rscript -e "options(renv.consent=TRUE, Ncpus=parallel::detectCores());                 renv::restore(prompt=FALSE)"
#29 CACHED

#30 [server 5/8] COPY apps/ apps/
#30 CACHED

#31 [server 7/8] COPY analysis/ analysis/
#31 CACHED

#32 [server 3/8] COPY renv.lock .Rprofile renv/activate.R ./
#32 CACHED

#33 [server 8/8] RUN mkdir -p /project/configs/modes /project/data /project/artifacts /project/result
#33 CACHED

#34 [server] exporting to image
#34 exporting layers done
#34 writing image sha256:b5207c426ff8cdea750afcd168ba91a61eb33c8d0fbef500d47aab183ebbefaa done
#34 naming to docker.io/library/defboot_design_change_n403030_wtmclu_scenario2_101_105-server 0.0s done
#34 DONE 0.0s

#35 [server] resolving provenance for metadata file
#35 DONE 0.0s
 client1  Built
 client2  Built
 client3  Built
 server  Built
 Network defboot_design_change_n403030_wtmclu_scenario2_101_105_site2_net  Creating
 Network defboot_design_change_n403030_wtmclu_scenario2_101_105_site2_net  Created
 Network defboot_design_change_n403030_wtmclu_scenario2_101_105_site3_net  Creating
 Network defboot_design_change_n403030_wtmclu_scenario2_101_105_site3_net  Created
 Network defboot_design_change_n403030_wtmclu_scenario2_101_105_site1_net  Creating
 Network defboot_design_change_n403030_wtmclu_scenario2_101_105_site1_net  Created
 Container defboot_design_change_n403030_wtmclu_scenario2_101_105-client3-1  Creating
 Container defboot_design_change_n403030_wtmclu_scenario2_101_105-client1-1  Creating
 Container defboot_design_change_n403030_wtmclu_scenario2_101_105-client2-1  Creating
 Container defboot_design_change_n403030_wtmclu_scenario2_101_105-client3-1  Created
 Container defboot_design_change_n403030_wtmclu_scenario2_101_105-client2-1  Created
 Container defboot_design_change_n403030_wtmclu_scenario2_101_105-client1-1  Created
 Container defboot_design_change_n403030_wtmclu_scenario2_101_105-server-1  Creating
 Container defboot_design_change_n403030_wtmclu_scenario2_101_105-server-1  Created
Attaching to client1-1, client2-1, client3-1, server-1
client3-1  | Running plumber API at http://0.0.0.0:8000
client3-1  | Running swagger Docs at http://127.0.0.1:8000/__docs__/
client1-1  | Running plumber API at http://0.0.0.0:8000
client2-1  | Running plumber API at http://0.0.0.0:8000
client1-1  | Running swagger Docs at http://127.0.0.1:8000/__docs__/
client2-1  | Running swagger Docs at http://127.0.0.1:8000/__docs__/
client1-1  | ℹ parameter labels from comments are typically ignored in non-interactive mode
client1-1  | ℹ Need to run with the source intact to parse comments
client3-1  | ℹ parameter labels from comments are typically ignored in non-interactive mode
client3-1  | ℹ Need to run with the source intact to parse comments
client2-1  | ℹ parameter labels from comments are typically ignored in non-interactive mode
client2-1  | ℹ Need to run with the source intact to parse comments
server-1   | [send_init] http://client1:8000 init succeeded
server-1   | [send_init] http://client3:8000 init succeeded
server-1   | [send_init] http://client2:8000 init succeeded
server-1   | {"schema":{"schema_version":"1.1.0","generated_at":"2026-05-22T21:57:25Z","config_path":"/project/configs/../temp/deferiprone_single_oral_25mgkg_designcheck_20260511/validation/design_change_n403030_wtmclustT10_nomix_site403030_nondesignquota_precisionchol_basefitbootinit_preboot_20260521/configs/resolved/scenario2_bootstrap.json","config_md5":"67e6a296d3935d620e746ed6160f8ca2","seed":4869,"host":"d4fb3c981591","pid":1,"image_tag":null,"git_sha":null,"git_dirty":null},"aggregation":{"ci_method":"percentile","ci_level":0.95,"quantile_type":7,"estimates_scale":"natural"},"summary":[{"parameter":"(etaLcl,etaLvc)","median":0.062289389671,"p2.5":0.041115871188,"p97.5":0.074529756002},{"parameter":"CcPropSd","median":0.34634349633,"p2.5":0.3420853278,"p97.5":0.39382581459},{"parameter":"etaLcl","median":0.09648432586,"p2.5":0.058752242508,"p97.5":0.1339230176},{"parameter":"etaLvc","median":0.039581350755,"p2.5":0.023028962866,"p97.5":0.043507102808},{"parameter":"lcl","median":2.1829718238,"p2.5":2.1454263245,"p97.5":2.195106828},{"parameter":"lka","median":2.2806290103,"p2.5":2.1754556812,"p97.5":2.4827226073},{"parameter":"lvc","median":2.9649069285,"p2.5":2.9544119753,"p97.5":2.9765245337},{"parameter":"rho_(etaLcl,etaLvc)","median":0.98064175564,"p2.5":0.96707932608,"p97.5":0.9823085522}],"runs":[{"tag":"trial_101_20260522-215725","value":2211.6091,"counts":[26,26],"control":{"maxit":100,"factr":1000000000,"pgtol":0,"trace":0,"method":"L-BFGS-B"},"convergence":0,"message":"CONVERGENCE: REL_REDUCTION_OF_F <= FACTR*EPSMCH","nat_par":{"lka":2.1701403649,"lcl":2.1959814322,"lvc":2.9631841028,"CcPropSd":0.39456609299,"etaLcl":0.055014624074,"etaLvc":0.031664022369,"(etaLcl,etaLvc)":0.040730890149,"rho_(etaLcl,etaLvc)":0.9758920605},"failed_clients":[],"attempt":1,"files":{"result":"/project/temp/deferiprone_single_oral_25mgkg_designcheck_20260511/validation/design_change_n403030_wtmclustT10_nomix_site403030_nondesignquota_precisionchol_basefitbootinit_preboot_20260521/runs/scenario2/bootstrap/federated/scenario2/raw_runs/run_20260522-215725/optim_result_trial_101_20260522-215725.json","trace":"/project/temp/deferiprone_single_oral_25mgkg_designcheck_20260511/validation/design_change_n403030_wtmclustT10_nomix_site403030_nondesignquota_precisionchol_basefitbootinit_preboot_20260521/runs/scenario2/bootstrap/federated/scenario2/raw_runs/run_20260522-215725/optim_trace_trial_101_20260522-215725.csv","final":"/project/temp/deferiprone_single_oral_25mgkg_designcheck_20260511/validation/design_change_n403030_wtmclustT10_nomix_site403030_nondesignquota_precisionchol_basefitbootinit_preboot_20260521/runs/scenario2/bootstrap/federated/scenario2/raw_runs/run_20260522-215725/final_params_trial_101_20260522-215725.csv"},"log_n":26,"execution_state":"completed","trial":101,"attempts":1},{"tag":"trial_102_20260522-220041","value":2213.1803,"counts":[17,17],"control":{"maxit":100,"factr":1000000000,"pgtol":0,"trace":0,"method":"L-BFGS-B"},"convergence":0,"message":"CONVERGENCE: REL_REDUCTION_OF_F <= FACTR*EPSMCH","nat_par":{"lka":2.4943389919,"lcl":2.1829718238,"lvc":2.9649069285,"CcPropSd":0.34634349633,"etaLcl":0.12582254947,"etaLvc":0.039581350755,"(etaLcl,etaLvc)":0.069204594356,"rho_(etaLcl,etaLvc)":0.98064175564},"failed_clients":[],"attempt":1,"files":{"result":"/project/temp/deferiprone_single_oral_25mgkg_designcheck_20260511/validation/design_change_n403030_wtmclustT10_nomix_site403030_nondesignquota_precisionchol_basefitbootinit_preboot_20260521/runs/scenario2/bootstrap/federated/scenario2/raw_runs/run_20260522-215725/optim_result_trial_102_20260522-220041.json","trace":"/project/temp/deferiprone_single_oral_25mgkg_designcheck_20260511/validation/design_change_n403030_wtmclustT10_nomix_site403030_nondesignquota_precisionchol_basefitbootinit_preboot_20260521/runs/scenario2/bootstrap/federated/scenario2/raw_runs/run_20260522-215725/optim_trace_trial_102_20260522-220041.csv","final":"/project/temp/deferiprone_single_oral_25mgkg_designcheck_20260511/validation/design_change_n403030_wtmclustT10_nomix_site403030_nondesignquota_precisionchol_basefitbootinit_preboot_20260521/runs/scenario2/bootstrap/federated/scenario2/raw_runs/run_20260522-215725/final_params_trial_102_20260522-220041.csv"},"log_n":17,"execution_state":"completed","trial":102,"attempts":1},{"tag":"trial_103_20260522-220251","value":2245.4939,"counts":[22,22],"control":{"maxit":100,"factr":1000000000,"pgtol":0,"trace":0,"method":"L-BFGS-B"},"convergence":0,"message":"CONVERGENCE: REL_REDUCTION_OF_F <= FACTR*EPSMCH","nat_par":{"lka":2.2806290103,"lcl":2.1621537296,"lvc":2.9766199388,"CcPropSd":0.38716330898,"etaLcl":0.092390808417,"etaLvc":0.043521292405,"(etaLcl,etaLvc)":0.062289389671,"rho_(etaLcl,etaLvc)":0.98231053132},"failed_clients":[],"attempt":1,"files":{"result":"/project/temp/deferiprone_single_oral_25mgkg_designcheck_20260511/validation/design_change_n403030_wtmclustT10_nomix_site403030_nondesignquota_precisionchol_basefitbootinit_preboot_20260521/runs/scenario2/bootstrap/federated/scenario2/raw_runs/run_20260522-215725/optim_result_trial_103_20260522-220251.json","trace":"/project/temp/deferiprone_single_oral_25mgkg_designcheck_20260511/validation/design_change_n403030_wtmclustT10_nomix_site403030_nondesignquota_precisionchol_basefitbootinit_preboot_20260521/runs/scenario2/bootstrap/federated/scenario2/raw_runs/run_20260522-215725/optim_trace_trial_103_20260522-220251.csv","final":"/project/temp/deferiprone_single_oral_25mgkg_designcheck_20260511/validation/design_change_n403030_wtmclustT10_nomix_site403030_nondesignquota_precisionchol_basefitbootinit_preboot_20260521/runs/scenario2/bootstrap/federated/scenario2/raw_runs/run_20260522-215725/final_params_trial_103_20260522-220251.csv"},"log_n":22,"execution_state":"completed","trial":103,"attempts":1},{"tag":"trial_104_20260522-220536","value":2224.2116,"counts":[20,20],"control":{"maxit":100,"factr":1000000000,"pgtol":0,"trace":0,"method":"L-BFGS-B"},"convergence":0,"message":"CONVERGENCE: REL_REDUCTION_OF_F <= FACTR*EPSMCH","nat_par":{"lka":2.2232935282,"lcl":2.1872353902,"lvc":2.9756658873,"CcPropSd":0.34566400405,"etaLcl":0.13482306961,"etaLvc":0.043379396429,"(etaLcl,etaLvc)":0.07512144063,"rho_(etaLcl,etaLvc)":0.98229074007},"failed_clients":[],"attempt":1,"files":{"result":"/project/temp/deferiprone_single_oral_25mgkg_designcheck_20260511/validation/design_change_n403030_wtmclustT10_nomix_site403030_nondesignquota_precisionchol_basefitbootinit_preboot_20260521/runs/scenario2/bootstrap/federated/scenario2/raw_runs/run_20260522-215725/optim_result_trial_104_20260522-220536.json","trace":"/project/temp/deferiprone_single_oral_25mgkg_designcheck_20260511/validation/design_change_n403030_wtmclustT10_nomix_site403030_nondesignquota_precisionchol_basefitbootinit_preboot_20260521/runs/scenario2/bootstrap/federated/scenario2/raw_runs/run_20260522-215725/optim_trace_trial_104_20260522-220536.csv","final":"/project/temp/deferiprone_single_oral_25mgkg_designcheck_20260511/validation/design_change_n403030_wtmclustT10_nomix_site403030_nondesignquota_precisionchol_basefitbootinit_preboot_20260521/runs/scenario2/bootstrap/federated/scenario2/raw_runs/run_20260522-215725/final_params_trial_104_20260522-220536.csv"},"log_n":20,"execution_state":"completed","trial":104,"attempts":1},{"tag":"trial_105_20260522-220808","value":2205.1451,"counts":[23,23],"control":{"maxit":100,"factr":1000000000,"pgtol":0,"trace":0,"method":"L-BFGS-B"},"convergence":0,"message":"CONVERGENCE: REL_REDUCTION_OF_F <= FACTR*EPSMCH","nat_par":{"lka":2.3781751457,"lcl":2.1435677239,"lvc":2.9534372945,"CcPropSd":0.34168769711,"etaLcl":0.09648432586,"etaLvc":0.02206951181,"(etaLcl,etaLvc)":0.044580700537,"rho_(etaLcl,etaLvc)":0.96610013337},"failed_clients":[],"attempt":1,"files":{"result":"/project/temp/deferiprone_single_oral_25mgkg_designcheck_20260511/validation/design_change_n403030_wtmclustT10_nomix_site403030_nondesignquota_precisionchol_basefitbootinit_preboot_20260521/runs/scenario2/bootstrap/federated/scenario2/raw_runs/run_20260522-215725/optim_result_trial_105_20260522-220808.json","trace":"/project/temp/deferiprone_single_oral_25mgkg_designcheck_20260511/validation/design_change_n403030_wtmclustT10_nomix_site403030_nondesignquota_precisionchol_basefitbootinit_preboot_20260521/runs/scenario2/bootstrap/federated/scenario2/raw_runs/run_20260522-215725/optim_trace_trial_105_20260522-220808.csv","final":"/project/temp/deferiprone_single_oral_25mgkg_designcheck_20260511/validation/design_change_n403030_wtmclustT10_nomix_site403030_nondesignquota_precisionchol_basefitbootinit_preboot_20260521/runs/scenario2/bootstrap/federated/scenario2/raw_runs/run_20260522-215725/final_params_trial_105_20260522-220808.csv"},"log_n":23,"execution_state":"completed","trial":105,"attempts":1}],"trial_status":[{"trial":101,"execution_state":"completed","converged":true,"attempts":1,"convergence":0,"value":2211.6091,"eval_fn":26,"eval_gr":26,"log_n":26,"failed_clients_n":0,"message":"CONVERGENCE: REL_REDUCTION_OF_F <= FACTR*EPSMCH","result_file":"/project/temp/deferiprone_single_oral_25mgkg_designcheck_20260511/validation/design_change_n403030_wtmclustT10_nomix_site403030_nondesignquota_precisionchol_basefitbootinit_preboot_20260521/runs/scenario2/bootstrap/federated/scenario2/raw_runs/run_20260522-215725/optim_result_trial_101_20260522-215725.json","trace_file":"/project/temp/deferiprone_single_oral_25mgkg_designcheck_20260511/validation/design_change_n403030_wtmclustT10_nomix_site403030_nondesignquota_precisionchol_basefitbootinit_preboot_20260521/runs/scenario2/bootstrap/federated/scenario2/raw_runs/run_20260522-215725/optim_trace_trial_101_20260522-215725.csv","final_file":"/project/temp/deferiprone_single_oral_25mgkg_designcheck_20260511/validation/design_change_n403030_wtmclustT10_nomix_site403030_nondesignquota_precisionchol_basefitbootinit_preboot_20260521/runs/scenario2/bootstrap/federated/scenario2/raw_runs/run_20260522-215725/final_params_trial_101_20260522-215725.csv"},{"trial":102,"execution_state":"completed","converged":true,"attempts":1,"convergence":0,"value":2213.1803,"eval_fn":17,"eval_gr":17,"log_n":17,"failed_clients_n":0,"message":"CONVERGENCE: REL_REDUCTION_OF_F <= FACTR*EPSMCH","result_file":"/project/temp/deferiprone_single_oral_25mgkg_designcheck_20260511/validation/design_change_n403030_wtmclustT10_nomix_site403030_nondesignquota_precisionchol_basefitbootinit_preboot_20260521/runs/scenario2/bootstrap/federated/scenario2/raw_runs/run_20260522-215725/optim_result_trial_102_20260522-220041.json","trace_file":"/project/temp/deferiprone_single_oral_25mgkg_designcheck_20260511/validation/design_change_n403030_wtmclustT10_nomix_site403030_nondesignquota_precisionchol_basefitbootinit_preboot_20260521/runs/scenario2/bootstrap/federated/scenario2/raw_runs/run_20260522-215725/optim_trace_trial_102_20260522-220041.csv","final_file":"/project/temp/deferiprone_single_oral_25mgkg_designcheck_20260511/validation/design_change_n403030_wtmclustT10_nomix_site403030_nondesignquota_precisionchol_basefitbootinit_preboot_20260521/runs/scenario2/bootstrap/federated/scenario2/raw_runs/run_20260522-215725/final_params_trial_102_20260522-220041.csv"},{"trial":103,"execution_state":"completed","converged":true,"attempts":1,"convergence":0,"value":2245.4939,"eval_fn":22,"eval_gr":22,"log_n":22,"failed_clients_n":0,"message":"CONVERGENCE: REL_REDUCTION_OF_F <= FACTR*EPSMCH","result_file":"/project/temp/deferiprone_single_oral_25mgkg_designcheck_20260511/validation/design_change_n403030_wtmclustT10_nomix_site403030_nondesignquota_precisionchol_basefitbootinit_preboot_20260521/runs/scenario2/bootstrap/federated/scenario2/raw_runs/run_20260522-215725/optim_result_trial_103_20260522-220251.json","trace_file":"/project/temp/deferiprone_single_oral_25mgkg_designcheck_20260511/validation/design_change_n403030_wtmclustT10_nomix_site403030_nondesignquota_precisionchol_basefitbootinit_preboot_20260521/runs/scenario2/bootstrap/federated/scenario2/raw_runs/run_20260522-215725/optim_trace_trial_103_20260522-220251.csv","final_file":"/project/temp/deferiprone_single_oral_25mgkg_designcheck_20260511/validation/design_change_n403030_wtmclustT10_nomix_site403030_nondesignquota_precisionchol_basefitbootinit_preboot_20260521/runs/scenario2/bootstrap/federated/scenario2/raw_runs/run_20260522-215725/final_params_trial_103_20260522-220251.csv"},{"trial":104,"execution_state":"completed","converged":true,"attempts":1,"convergence":0,"value":2224.2116,"eval_fn":20,"eval_gr":20,"log_n":20,"failed_clients_n":0,"message":"CONVERGENCE: REL_REDUCTION_OF_F <= FACTR*EPSMCH","result_file":"/project/temp/deferiprone_single_oral_25mgkg_designcheck_20260511/validation/design_change_n403030_wtmclustT10_nomix_site403030_nondesignquota_precisionchol_basefitbootinit_preboot_20260521/runs/scenario2/bootstrap/federated/scenario2/raw_runs/run_20260522-215725/optim_result_trial_104_20260522-220536.json","trace_file":"/project/temp/deferiprone_single_oral_25mgkg_designcheck_20260511/validation/design_change_n403030_wtmclustT10_nomix_site403030_nondesignquota_precisionchol_basefitbootinit_preboot_20260521/runs/scenario2/bootstrap/federated/scenario2/raw_runs/run_20260522-215725/optim_trace_trial_104_20260522-220536.csv","final_file":"/project/temp/deferiprone_single_oral_25mgkg_designcheck_20260511/validation/design_change_n403030_wtmclustT10_nomix_site403030_nondesignquota_precisionchol_basefitbootinit_preboot_20260521/runs/scenario2/bootstrap/federated/scenario2/raw_runs/run_20260522-215725/final_params_trial_104_20260522-220536.csv"},{"trial":105,"execution_state":"completed","converged":true,"attempts":1,"convergence":0,"value":2205.1451,"eval_fn":23,"eval_gr":23,"log_n":23,"failed_clients_n":0,"message":"CONVERGENCE: REL_REDUCTION_OF_F <= FACTR*EPSMCH","result_file":"/project/temp/deferiprone_single_oral_25mgkg_designcheck_20260511/validation/design_change_n403030_wtmclustT10_nomix_site403030_nondesignquota_precisionchol_basefitbootinit_preboot_20260521/runs/scenario2/bootstrap/federated/scenario2/raw_runs/run_20260522-215725/optim_result_trial_105_20260522-220808.json","trace_file":"/project/temp/deferiprone_single_oral_25mgkg_designcheck_20260511/validation/design_change_n403030_wtmclustT10_nomix_site403030_nondesignquota_precisionchol_basefitbootinit_preboot_20260521/runs/scenario2/bootstrap/federated/scenario2/raw_runs/run_20260522-215725/optim_trace_trial_105_20260522-220808.csv","final_file":"/project/temp/deferiprone_single_oral_25mgkg_designcheck_20260511/validation/design_change_n403030_wtmclustT10_nomix_site403030_nondesignquota_precisionchol_basefitbootinit_preboot_20260521/runs/scenario2/bootstrap/federated/scenario2/raw_runs/run_20260522-215725/final_params_trial_105_20260522-220808.csv"}],"info":{"run_id":"20260522-215725","log_base_dir":"/project/temp/deferiprone_single_oral_25mgkg_designcheck_20260511/validation/design_change_n403030_wtmclustT10_nomix_site403030_nondesignquota_precisionchol_basefitbootinit_preboot_20260521/runs/scenario2/bootstrap/federated","scenario":"scenario2/raw_runs","total_trials":5,"successes":5,"failures":0,"nonconverged_count":0,"nonconverged_trials":[],"convergence_missing_count":0,"seed_base":4869,"B_per_client":500,"duration_sec":824.8533275127,"host":"d4fb3c981591","image_tag":null,"communication":{"generated_at":"2026-05-22T22:11:04Z","totals":{"requests":651,"request_bytes":726603,"response_bytes":164966,"total_bytes":891569,"retries":0},"init":{"requests":3,"request_bytes":8139,"response_bytes":1161,"total_bytes":9300,"retries":0,"median_elapsed_sec":0.37110900879},"init_round_latency":{"n_rounds":1,"median_round_wall_sec":0.38328647614,"p95_round_wall_sec":0.38328647614},"run":{"requests":0,"request_bytes":0,"response_bytes":0,"total_bytes":0,"retries":0,"median_elapsed_sec":"NA"},"run_bootstrap":{"requests":648,"request_bytes":718464,"response_bytes":163805,"total_bytes":882269,"retries":0,"median_elapsed_sec":3.6420650482},"round_latency":{"n_rounds":216,"median_round_wall_sec":3.7459005117,"p95_round_wall_sec":4.0157878399},"timing_split":{"n_rounds":216,"rounds_with_compute":216,"total_round_wall_sec":814.4704272747,"total_round_compute_wall_sec":807.5687,"total_round_comm_overhead_wall_sec":6.9017272747,"comm_overhead_ratio":0.0084738832051,"compute_ratio":0.99152611679}},"communication_files":{"csv":"/project/temp/deferiprone_single_oral_25mgkg_designcheck_20260511/validation/design_change_n403030_wtmclustT10_nomix_site403030_nondesignquota_precisionchol_basefitbootinit_preboot_20260521/runs/scenario2/bootstrap/federated/scenario2/raw_runs/run_20260522-215725/comm_metrics.csv","json":"/project/temp/deferiprone_single_oral_25mgkg_designcheck_20260511/validation/design_change_n403030_wtmclustT10_nomix_site403030_nondesignquota_precisionchol_basefitbootinit_preboot_20260521/runs/scenario2/bootstrap/federated/scenario2/raw_runs/run_20260522-215725/comm_metrics.json"},"output_files":{"bootstrap_summary_csv":"/project/temp/deferiprone_single_oral_25mgkg_designcheck_20260511/validation/design_change_n403030_wtmclustT10_nomix_site403030_nondesignquota_precisionchol_basefitbootinit_preboot_20260521/runs/scenario2/bootstrap/federated/scenario2/raw_runs/run_20260522-215725/bootstrap_summary.csv","bootstrap_summary_json":"/project/temp/deferiprone_single_oral_25mgkg_designcheck_20260511/validation/design_change_n403030_wtmclustT10_nomix_site403030_nondesignquota_precisionchol_basefitbootinit_preboot_20260521/runs/scenario2/bootstrap/federated/scenario2/raw_runs/run_20260522-215725/bootstrap_summary.json","trial_status_csv":"/project/temp/deferiprone_single_oral_25mgkg_designcheck_20260511/validation/design_change_n403030_wtmclustT10_nomix_site403030_nondesignquota_precisionchol_basefitbootinit_preboot_20260521/runs/scenario2/bootstrap/federated/scenario2/raw_runs/run_20260522-215725/trial_status.csv","failed_trials_csv":"/project/temp/deferiprone_single_oral_25mgkg_designcheck_20260511/validation/design_change_n403030_wtmclustT10_nomix_site403030_nondesignquota_precisionchol_basefitbootinit_preboot_20260521/runs/scenario2/bootstrap/federated/scenario2/raw_runs/run_20260522-215725/failed_trials.csv","trial_estimates_wide_csv":"/project/temp/deferiprone_single_oral_25mgkg_designcheck_20260511/validation/design_change_n403030_wtmclustT10_nomix_site403030_nondesignquota_precisionchol_basefitbootinit_preboot_20260521/runs/scenario2/bootstrap/federated/scenario2/raw_runs/run_20260522-215725/trial_estimates_wide.csv","trial_estimates_long_csv":"/project/temp/deferiprone_single_oral_25mgkg_designcheck_20260511/validation/design_change_n403030_wtmclustT10_nomix_site403030_nondesignquota_precisionchol_basefitbootinit_preboot_20260521/runs/scenario2/bootstrap/federated/scenario2/raw_runs/run_20260522-215725/trial_estimates_long.csv","result_json":"/project/temp/deferiprone_single_oral_25mgkg_designcheck_20260511/validation/design_change_n403030_wtmclustT10_nomix_site403030_nondesignquota_precisionchol_basefitbootinit_preboot_20260521/runs/scenario2/bootstrap/federated/scenario2/raw_runs/run_20260522-215725/result.json"}}}
[Kserver-1 exited with code 0
Aborting on container exit...
 Container defboot_design_change_n403030_wtmclu_scenario2_101_105-server-1  Stopping
 Container defboot_design_change_n403030_wtmclu_scenario2_101_105-server-1  Stopped
 Container defboot_design_change_n403030_wtmclu_scenario2_101_105-client2-1  Stopping
 Container defboot_design_change_n403030_wtmclu_scenario2_101_105-client3-1  Stopping
 Container defboot_design_change_n403030_wtmclu_scenario2_101_105-client1-1  Stopping
 Container defboot_design_change_n403030_wtmclu_scenario2_101_105-client2-1  Stopped
 Container defboot_design_change_n403030_wtmclu_scenario2_101_105-client1-1  Stopped
 Container defboot_design_change_n403030_wtmclu_scenario2_101_105-client3-1  Stopped
time="2026-05-23T07:11:14+09:00" level=warning msg="The \"SERVER_CONFIG_PATH\" variable is not set. Defaulting to a blank string."
 Container defboot_design_change_n403030_wtmclu_scenario2_101_105-server-1  Stopping
 Container defboot_design_change_n403030_wtmclu_scenario2_101_105-server-1  Stopped
 Container defboot_design_change_n403030_wtmclu_scenario2_101_105-server-1  Removing
 Container defboot_design_change_n403030_wtmclu_scenario2_101_105-server-1  Removed
 Container defboot_design_change_n403030_wtmclu_scenario2_101_105-client1-1  Stopping
 Container defboot_design_change_n403030_wtmclu_scenario2_101_105-client2-1  Stopping
 Container defboot_design_change_n403030_wtmclu_scenario2_101_105-client3-1  Stopping
 Container defboot_design_change_n403030_wtmclu_scenario2_101_105-client1-1  Stopped
 Container defboot_design_change_n403030_wtmclu_scenario2_101_105-client1-1  Removing
 Container defboot_design_change_n403030_wtmclu_scenario2_101_105-client2-1  Stopped
 Container defboot_design_change_n403030_wtmclu_scenario2_101_105-client2-1  Removing
 Container defboot_design_change_n403030_wtmclu_scenario2_101_105-client3-1  Stopped
 Container defboot_design_change_n403030_wtmclu_scenario2_101_105-client3-1  Removing
 Container defboot_design_change_n403030_wtmclu_scenario2_101_105-client1-1  Removed
 Container defboot_design_change_n403030_wtmclu_scenario2_101_105-client2-1  Removed
 Container defboot_design_change_n403030_wtmclu_scenario2_101_105-client3-1  Removed
 Network defboot_design_change_n403030_wtmclu_scenario2_101_105_site1_net  Removing
 Network defboot_design_change_n403030_wtmclu_scenario2_101_105_site2_net  Removing
 Network defboot_design_change_n403030_wtmclu_scenario2_101_105_site3_net  Removing
 Network defboot_design_change_n403030_wtmclu_scenario2_101_105_site1_net  Removed
 Network defboot_design_change_n403030_wtmclu_scenario2_101_105_site2_net  Removed
 Network defboot_design_change_n403030_wtmclu_scenario2_101_105_site3_net  Removed
