time="2026-05-23T13:11:41+09:00" level=warning msg="The \"SERVER_CONFIG_PATH\" variable is not set. Defaulting to a blank string."
Compose now can delegate build to bake for better performances
Just set COMPOSE_BAKE=true
#0 building with "default" instance using docker driver

#1 [client2 internal] load build definition from Dockerfile.app
#1 transferring dockerfile: 778B done
#1 DONE 0.0s

#2 [client1 internal] load build definition from Dockerfile.app
#2 transferring dockerfile: 778B done
#2 DONE 0.0s

#3 [client3 internal] load build definition from Dockerfile.app
#3 transferring dockerfile: 778B done
#3 DONE 0.0s

#4 [client3 internal] load metadata for docker.io/fedpoppk/base:0.1.0
#4 DONE 0.0s

#5 [client2 internal] load .dockerignore
#5 transferring context: 2B done
#5 DONE 0.0s

#6 [client1 internal] load .dockerignore
#6 transferring context: 2B done
#6 DONE 0.0s

#7 [client3 internal] load .dockerignore
#7 transferring context: 2B done
#7 DONE 0.0s

#8 [client3 1/8] FROM docker.io/fedpoppk/base:0.1.0
#8 DONE 0.0s

#9 [client2 internal] load build context
#9 transferring context: 736.51kB 0.3s done
#9 DONE 0.3s

#10 [client1 internal] load build context
#10 transferring context: 736.51kB 0.3s done
#10 DONE 0.3s

#11 [client3 internal] load build context
#11 transferring context: 736.51kB 0.3s done
#11 DONE 0.3s

#12 [client1 6/8] COPY R/ R/
#12 CACHED

#13 [client1 5/8] COPY apps/ apps/
#13 CACHED

#14 [client1 4/8] RUN Rscript -e "options(renv.consent=TRUE, Ncpus=parallel::detectCores());                 renv::restore(prompt=FALSE)"
#14 CACHED

#15 [client1 3/8] COPY renv.lock .Rprofile renv/activate.R ./
#15 CACHED

#16 [client1 7/8] COPY analysis/ analysis/
#16 CACHED

#17 [client1 2/8] WORKDIR /project
#17 CACHED

#18 [client2 8/8] RUN mkdir -p /project/configs/modes /project/data /project/artifacts /project/result
#18 CACHED

#19 [client1] exporting to image
#19 exporting layers done
#19 writing image sha256:dcb77f40fd35a9c3d0a59ebbabc8e18b5d65ecde3348730914714155e20f1018 done
#19 naming to docker.io/library/defboot_design_change_n403030_wtmclu_scenario2_226_230-client1 0.0s done
#19 DONE 0.0s

#20 [client2] exporting to image
#20 exporting layers done
#20 writing image sha256:13e8ac4c7700a2d8321db65e7f43e69372ed70042daeffc08f09f627ca942f96 done
#20 naming to docker.io/library/defboot_design_change_n403030_wtmclu_scenario2_226_230-client2 0.0s done
#20 DONE 0.1s

#21 [client3] exporting to image
#21 exporting layers done
#21 writing image sha256:4ce3eefad7873bda5882d96cfa35d7b4f0f8fadc6a00b346420a61b10833e664 done
#21 naming to docker.io/library/defboot_design_change_n403030_wtmclu_scenario2_226_230-client3 0.1s done
#21 DONE 0.1s

#22 [client1] resolving provenance for metadata file
#22 DONE 0.0s

#23 [client2] resolving provenance for metadata file
#23 DONE 0.0s

#24 [client3] resolving provenance for metadata file
#24 DONE 0.0s

#25 [server internal] load build definition from Dockerfile.app
#25 transferring dockerfile: 778B done
#25 DONE 0.0s

#4 [server internal] load metadata for docker.io/fedpoppk/base:0.1.0
#4 DONE 0.0s

#26 [server internal] load .dockerignore
#26 transferring context: 2B done
#26 DONE 0.0s

#8 [server 1/8] FROM docker.io/fedpoppk/base:0.1.0
#8 DONE 0.0s

#27 [server internal] load build context
#27 transferring context: 736.51kB 0.3s done
#27 DONE 0.3s

#28 [server 4/8] RUN Rscript -e "options(renv.consent=TRUE, Ncpus=parallel::detectCores());                 renv::restore(prompt=FALSE)"
#28 CACHED

#29 [server 6/8] COPY R/ R/
#29 CACHED

#17 [server 2/8] WORKDIR /project
#17 CACHED

#30 [server 5/8] COPY apps/ apps/
#30 CACHED

#31 [server 7/8] COPY analysis/ analysis/
#31 CACHED

#32 [server 3/8] COPY renv.lock .Rprofile renv/activate.R ./
#32 CACHED

#33 [server 8/8] RUN mkdir -p /project/configs/modes /project/data /project/artifacts /project/result
#33 CACHED

#34 [server] exporting to image
#34 exporting layers done
#34 writing image sha256:44ba9ed59a2b7279b6ab61d5642bf3df4966801e8769e35772f64e901de16131 done
#34 naming to docker.io/library/defboot_design_change_n403030_wtmclu_scenario2_226_230-server 0.0s done
#34 DONE 0.0s

#35 [server] resolving provenance for metadata file
#35 DONE 0.0s
 client1  Built
 client2  Built
 client3  Built
 server  Built
 Network defboot_design_change_n403030_wtmclu_scenario2_226_230_site1_net  Creating
 Network defboot_design_change_n403030_wtmclu_scenario2_226_230_site1_net  Created
 Network defboot_design_change_n403030_wtmclu_scenario2_226_230_site3_net  Creating
 Network defboot_design_change_n403030_wtmclu_scenario2_226_230_site3_net  Created
 Network defboot_design_change_n403030_wtmclu_scenario2_226_230_site2_net  Creating
 Network defboot_design_change_n403030_wtmclu_scenario2_226_230_site2_net  Created
 Container defboot_design_change_n403030_wtmclu_scenario2_226_230-client2-1  Creating
 Container defboot_design_change_n403030_wtmclu_scenario2_226_230-client3-1  Creating
 Container defboot_design_change_n403030_wtmclu_scenario2_226_230-client1-1  Creating
 Container defboot_design_change_n403030_wtmclu_scenario2_226_230-client3-1  Created
 Container defboot_design_change_n403030_wtmclu_scenario2_226_230-client1-1  Created
 Container defboot_design_change_n403030_wtmclu_scenario2_226_230-client2-1  Created
 Container defboot_design_change_n403030_wtmclu_scenario2_226_230-server-1  Creating
 Container defboot_design_change_n403030_wtmclu_scenario2_226_230-server-1  Created
Attaching to client1-1, client2-1, client3-1, server-1
client3-1  | Running plumber API at http://0.0.0.0:8000
client1-1  | Running plumber API at http://0.0.0.0:8000
client3-1  | Running swagger Docs at http://127.0.0.1:8000/__docs__/
client1-1  | Running swagger Docs at http://127.0.0.1:8000/__docs__/
client2-1  | Running plumber API at http://0.0.0.0:8000
client2-1  | Running swagger Docs at http://127.0.0.1:8000/__docs__/
client1-1  | ℹ parameter labels from comments are typically ignored in non-interactive mode
client2-1  | ℹ parameter labels from comments are typically ignored in non-interactive mode
client1-1  | ℹ Need to run with the source intact to parse comments
client2-1  | ℹ Need to run with the source intact to parse comments
client3-1  | ℹ parameter labels from comments are typically ignored in non-interactive mode
client3-1  | ℹ Need to run with the source intact to parse comments
server-1   | [send_init] http://client1:8000 init succeeded
server-1   | [send_init] http://client3:8000 init succeeded
server-1   | [send_init] http://client2:8000 init succeeded
server-1   | {"schema":{"schema_version":"1.1.0","generated_at":"2026-05-23T04:11:50Z","config_path":"/project/configs/../temp/deferiprone_single_oral_25mgkg_designcheck_20260511/validation/design_change_n403030_wtmclustT10_nomix_site403030_nondesignquota_precisionchol_basefitbootinit_preboot_20260521/configs/resolved/scenario2_bootstrap.json","config_md5":"67e6a296d3935d620e746ed6160f8ca2","seed":4869,"host":"f4d7f029b344","pid":1,"image_tag":null,"git_sha":null,"git_dirty":null},"aggregation":{"ci_method":"percentile","ci_level":0.95,"quantile_type":7,"estimates_scale":"natural"},"summary":[{"parameter":"(etaLcl,etaLvc)","median":0.07274151738,"p2.5":0.049274058864,"p97.5":0.08091680433},{"parameter":"CcPropSd","median":0.3651819514,"p2.5":0.31411872747,"p97.5":0.38090142408},{"parameter":"etaLcl","median":0.122017547,"p2.5":0.09263349294,"p97.5":0.13374998457},{"parameter":"etaLvc","median":0.044891161561,"p2.5":0.026616758374,"p97.5":0.051594950429},{"parameter":"lcl","median":2.188941503,"p2.5":2.1508385681,"p97.5":2.2113813322},{"parameter":"lka","median":2.3126890621,"p2.5":2.1807322315,"p97.5":2.4068656128},{"parameter":"lvc","median":2.9908177896,"p2.5":2.9380868544,"p97.5":3.0534007742},{"parameter":"rho_(etaLcl,etaLvc)","median":0.98285802895,"p2.5":0.9713478201,"p97.5":0.98502639136}],"runs":[{"tag":"trial_226_20260523-041150","value":2178.1325,"counts":[20,20],"control":{"maxit":100,"factr":1000000000,"pgtol":0,"trace":0,"method":"L-BFGS-B"},"convergence":0,"message":"CONVERGENCE: REL_REDUCTION_OF_F <= FACTR*EPSMCH","nat_par":{"lka":2.3989956222,"lcl":2.188941503,"lvc":2.9908177896,"CcPropSd":0.31005392805,"etaLcl":0.13470329819,"etaLvc":0.050358572925,"(etaLcl,etaLvc)":0.081100038685,"rho_(etaLcl,etaLvc)":0.98468027754},"failed_clients":[],"attempt":1,"files":{"result":"/project/temp/deferiprone_single_oral_25mgkg_designcheck_20260511/validation/design_change_n403030_wtmclustT10_nomix_site403030_nondesignquota_precisionchol_basefitbootinit_preboot_20260521/runs/scenario2/bootstrap/federated/scenario2/raw_runs/run_20260523-041150/optim_result_trial_226_20260523-041150.json","trace":"/project/temp/deferiprone_single_oral_25mgkg_designcheck_20260511/validation/design_change_n403030_wtmclustT10_nomix_site403030_nondesignquota_precisionchol_basefitbootinit_preboot_20260521/runs/scenario2/bootstrap/federated/scenario2/raw_runs/run_20260523-041150/optim_trace_trial_226_20260523-041150.csv","final":"/project/temp/deferiprone_single_oral_25mgkg_designcheck_20260511/validation/design_change_n403030_wtmclustT10_nomix_site403030_nondesignquota_precisionchol_basefitbootinit_preboot_20260521/runs/scenario2/bootstrap/federated/scenario2/raw_runs/run_20260523-041150/final_params_trial_226_20260523-041150.csv"},"log_n":20,"execution_state":"completed","trial":226,"attempts":1},{"tag":"trial_227_20260523-041422","value":2266.3438,"counts":[16,16],"control":{"maxit":100,"factr":1000000000,"pgtol":0,"trace":0,"method":"L-BFGS-B"},"convergence":0,"message":"CONVERGENCE: REL_REDUCTION_OF_F <= FACTR*EPSMCH","nat_par":{"lka":2.1725915859,"lcl":2.147759455,"lvc":2.9366057449,"CcPropSd":0.3651819514,"etaLcl":0.122017547,"etaLvc":0.044891161561,"(etaLcl,etaLvc)":0.07274151738,"rho_(etaLcl,etaLvc)":0.98285802895},"failed_clients":[],"attempt":1,"files":{"result":"/project/temp/deferiprone_single_oral_25mgkg_designcheck_20260511/validation/design_change_n403030_wtmclustT10_nomix_site403030_nondesignquota_precisionchol_basefitbootinit_preboot_20260521/runs/scenario2/bootstrap/federated/scenario2/raw_runs/run_20260523-041150/optim_result_trial_227_20260523-041422.json","trace":"/project/temp/deferiprone_single_oral_25mgkg_designcheck_20260511/validation/design_change_n403030_wtmclustT10_nomix_site403030_nondesignquota_precisionchol_basefitbootinit_preboot_20260521/runs/scenario2/bootstrap/federated/scenario2/raw_runs/run_20260523-041150/optim_trace_trial_227_20260523-041422.csv","final":"/project/temp/deferiprone_single_oral_25mgkg_designcheck_20260511/validation/design_change_n403030_wtmclustT10_nomix_site403030_nondesignquota_precisionchol_basefitbootinit_preboot_20260521/runs/scenario2/bootstrap/federated/scenario2/raw_runs/run_20260523-041150/final_params_trial_227_20260523-041422.csv"},"log_n":16,"execution_state":"completed","trial":227,"attempts":1},{"tag":"trial_228_20260523-041623","value":2193.2293,"counts":[24,24],"control":{"maxit":100,"factr":1000000000,"pgtol":0,"trace":0,"method":"L-BFGS-B"},"convergence":0,"message":"CONVERGENCE: REL_REDUCTION_OF_F <= FACTR*EPSMCH","nat_par":{"lka":2.4077400562,"lcl":2.210905507,"lvc":3.0576303208,"CcPropSd":0.35070192218,"etaLcl":0.12517016192,"etaLvc":0.051732325708,"(etaLcl,etaLvc)":0.079267695133,"rho_(etaLcl,etaLvc)":0.98506484845},"failed_clients":[],"attempt":1,"files":{"result":"/project/temp/deferiprone_single_oral_25mgkg_designcheck_20260511/validation/design_change_n403030_wtmclustT10_nomix_site403030_nondesignquota_precisionchol_basefitbootinit_preboot_20260521/runs/scenario2/bootstrap/federated/scenario2/raw_runs/run_20260523-041150/optim_result_trial_228_20260523-041623.json","trace":"/project/temp/deferiprone_single_oral_25mgkg_designcheck_20260511/validation/design_change_n403030_wtmclustT10_nomix_site403030_nondesignquota_precisionchol_basefitbootinit_preboot_20260521/runs/scenario2/bootstrap/federated/scenario2/raw_runs/run_20260523-041150/optim_trace_trial_228_20260523-041623.csv","final":"/project/temp/deferiprone_single_oral_25mgkg_designcheck_20260511/validation/design_change_n403030_wtmclustT10_nomix_site403030_nondesignquota_precisionchol_basefitbootinit_preboot_20260521/runs/scenario2/bootstrap/federated/scenario2/raw_runs/run_20260523-041150/final_params_trial_228_20260523-041623.csv"},"log_n":24,"execution_state":"completed","trial":228,"attempts":1},{"tag":"trial_229_20260523-041926","value":2237.2625,"counts":[43,43],"control":{"maxit":100,"factr":1000000000,"pgtol":0,"trace":0,"method":"L-BFGS-B"},"convergence":0,"message":"CONVERGENCE: REL_REDUCTION_OF_F <= FACTR*EPSMCH","nat_par":{"lka":2.2539980424,"lcl":2.1785505865,"lvc":2.9514168404,"CcPropSd":0.37015234433,"etaLcl":0.097601264277,"etaLvc":0.025571033698,"(etaLcl,etaLvc)":0.048485069568,"rho_(etaLcl,etaLvc)":0.97052373107},"failed_clients":[],"attempt":1,"files":{"result":"/project/temp/deferiprone_single_oral_25mgkg_designcheck_20260511/validation/design_change_n403030_wtmclustT10_nomix_site403030_nondesignquota_precisionchol_basefitbootinit_preboot_20260521/runs/scenario2/bootstrap/federated/scenario2/raw_runs/run_20260523-041150/optim_result_trial_229_20260523-041926.json","trace":"/project/temp/deferiprone_single_oral_25mgkg_designcheck_20260511/validation/design_change_n403030_wtmclustT10_nomix_site403030_nondesignquota_precisionchol_basefitbootinit_preboot_20260521/runs/scenario2/bootstrap/federated/scenario2/raw_runs/run_20260523-041150/optim_trace_trial_229_20260523-041926.csv","final":"/project/temp/deferiprone_single_oral_25mgkg_designcheck_20260511/validation/design_change_n403030_wtmclustT10_nomix_site403030_nondesignquota_precisionchol_basefitbootinit_preboot_20260521/runs/scenario2/bootstrap/federated/scenario2/raw_runs/run_20260523-041150/final_params_trial_229_20260523-041926.csv"},"log_n":43,"execution_state":"completed","trial":229,"attempts":1},{"tag":"trial_230_20260523-042454","value":2212.2236,"counts":[17,17],"control":{"maxit":100,"factr":1000000000,"pgtol":0,"trace":0,"method":"L-BFGS-B"},"convergence":0,"message":"CONVERGENCE: REL_REDUCTION_OF_F <= FACTR*EPSMCH","nat_par":{"lka":2.3126890621,"lcl":2.2114342016,"lvc":3.0153348544,"CcPropSd":0.38209576628,"etaLcl":0.092081518347,"etaLvc":0.036028280461,"(etaLcl,etaLvc)":0.056374962527,"rho_(etaLcl,etaLvc)":0.97876462139},"failed_clients":[],"attempt":1,"files":{"result":"/project/temp/deferiprone_single_oral_25mgkg_designcheck_20260511/validation/design_change_n403030_wtmclustT10_nomix_site403030_nondesignquota_precisionchol_basefitbootinit_preboot_20260521/runs/scenario2/bootstrap/federated/scenario2/raw_runs/run_20260523-041150/optim_result_trial_230_20260523-042454.json","trace":"/project/temp/deferiprone_single_oral_25mgkg_designcheck_20260511/validation/design_change_n403030_wtmclustT10_nomix_site403030_nondesignquota_precisionchol_basefitbootinit_preboot_20260521/runs/scenario2/bootstrap/federated/scenario2/raw_runs/run_20260523-041150/optim_trace_trial_230_20260523-042454.csv","final":"/project/temp/deferiprone_single_oral_25mgkg_designcheck_20260511/validation/design_change_n403030_wtmclustT10_nomix_site403030_nondesignquota_precisionchol_basefitbootinit_preboot_20260521/runs/scenario2/bootstrap/federated/scenario2/raw_runs/run_20260523-041150/final_params_trial_230_20260523-042454.csv"},"log_n":17,"execution_state":"completed","trial":230,"attempts":1}],"trial_status":[{"trial":226,"execution_state":"completed","converged":true,"attempts":1,"convergence":0,"value":2178.1325,"eval_fn":20,"eval_gr":20,"log_n":20,"failed_clients_n":0,"message":"CONVERGENCE: REL_REDUCTION_OF_F <= FACTR*EPSMCH","result_file":"/project/temp/deferiprone_single_oral_25mgkg_designcheck_20260511/validation/design_change_n403030_wtmclustT10_nomix_site403030_nondesignquota_precisionchol_basefitbootinit_preboot_20260521/runs/scenario2/bootstrap/federated/scenario2/raw_runs/run_20260523-041150/optim_result_trial_226_20260523-041150.json","trace_file":"/project/temp/deferiprone_single_oral_25mgkg_designcheck_20260511/validation/design_change_n403030_wtmclustT10_nomix_site403030_nondesignquota_precisionchol_basefitbootinit_preboot_20260521/runs/scenario2/bootstrap/federated/scenario2/raw_runs/run_20260523-041150/optim_trace_trial_226_20260523-041150.csv","final_file":"/project/temp/deferiprone_single_oral_25mgkg_designcheck_20260511/validation/design_change_n403030_wtmclustT10_nomix_site403030_nondesignquota_precisionchol_basefitbootinit_preboot_20260521/runs/scenario2/bootstrap/federated/scenario2/raw_runs/run_20260523-041150/final_params_trial_226_20260523-041150.csv"},{"trial":227,"execution_state":"completed","converged":true,"attempts":1,"convergence":0,"value":2266.3438,"eval_fn":16,"eval_gr":16,"log_n":16,"failed_clients_n":0,"message":"CONVERGENCE: REL_REDUCTION_OF_F <= FACTR*EPSMCH","result_file":"/project/temp/deferiprone_single_oral_25mgkg_designcheck_20260511/validation/design_change_n403030_wtmclustT10_nomix_site403030_nondesignquota_precisionchol_basefitbootinit_preboot_20260521/runs/scenario2/bootstrap/federated/scenario2/raw_runs/run_20260523-041150/optim_result_trial_227_20260523-041422.json","trace_file":"/project/temp/deferiprone_single_oral_25mgkg_designcheck_20260511/validation/design_change_n403030_wtmclustT10_nomix_site403030_nondesignquota_precisionchol_basefitbootinit_preboot_20260521/runs/scenario2/bootstrap/federated/scenario2/raw_runs/run_20260523-041150/optim_trace_trial_227_20260523-041422.csv","final_file":"/project/temp/deferiprone_single_oral_25mgkg_designcheck_20260511/validation/design_change_n403030_wtmclustT10_nomix_site403030_nondesignquota_precisionchol_basefitbootinit_preboot_20260521/runs/scenario2/bootstrap/federated/scenario2/raw_runs/run_20260523-041150/final_params_trial_227_20260523-041422.csv"},{"trial":228,"execution_state":"completed","converged":true,"attempts":1,"convergence":0,"value":2193.2293,"eval_fn":24,"eval_gr":24,"log_n":24,"failed_clients_n":0,"message":"CONVERGENCE: REL_REDUCTION_OF_F <= FACTR*EPSMCH","result_file":"/project/temp/deferiprone_single_oral_25mgkg_designcheck_20260511/validation/design_change_n403030_wtmclustT10_nomix_site403030_nondesignquota_precisionchol_basefitbootinit_preboot_20260521/runs/scenario2/bootstrap/federated/scenario2/raw_runs/run_20260523-041150/optim_result_trial_228_20260523-041623.json","trace_file":"/project/temp/deferiprone_single_oral_25mgkg_designcheck_20260511/validation/design_change_n403030_wtmclustT10_nomix_site403030_nondesignquota_precisionchol_basefitbootinit_preboot_20260521/runs/scenario2/bootstrap/federated/scenario2/raw_runs/run_20260523-041150/optim_trace_trial_228_20260523-041623.csv","final_file":"/project/temp/deferiprone_single_oral_25mgkg_designcheck_20260511/validation/design_change_n403030_wtmclustT10_nomix_site403030_nondesignquota_precisionchol_basefitbootinit_preboot_20260521/runs/scenario2/bootstrap/federated/scenario2/raw_runs/run_20260523-041150/final_params_trial_228_20260523-041623.csv"},{"trial":229,"execution_state":"completed","converged":true,"attempts":1,"convergence":0,"value":2237.2625,"eval_fn":43,"eval_gr":43,"log_n":43,"failed_clients_n":0,"message":"CONVERGENCE: REL_REDUCTION_OF_F <= FACTR*EPSMCH","result_file":"/project/temp/deferiprone_single_oral_25mgkg_designcheck_20260511/validation/design_change_n403030_wtmclustT10_nomix_site403030_nondesignquota_precisionchol_basefitbootinit_preboot_20260521/runs/scenario2/bootstrap/federated/scenario2/raw_runs/run_20260523-041150/optim_result_trial_229_20260523-041926.json","trace_file":"/project/temp/deferiprone_single_oral_25mgkg_designcheck_20260511/validation/design_change_n403030_wtmclustT10_nomix_site403030_nondesignquota_precisionchol_basefitbootinit_preboot_20260521/runs/scenario2/bootstrap/federated/scenario2/raw_runs/run_20260523-041150/optim_trace_trial_229_20260523-041926.csv","final_file":"/project/temp/deferiprone_single_oral_25mgkg_designcheck_20260511/validation/design_change_n403030_wtmclustT10_nomix_site403030_nondesignquota_precisionchol_basefitbootinit_preboot_20260521/runs/scenario2/bootstrap/federated/scenario2/raw_runs/run_20260523-041150/final_params_trial_229_20260523-041926.csv"},{"trial":230,"execution_state":"completed","converged":true,"attempts":1,"convergence":0,"value":2212.2236,"eval_fn":17,"eval_gr":17,"log_n":17,"failed_clients_n":0,"message":"CONVERGENCE: REL_REDUCTION_OF_F <= FACTR*EPSMCH","result_file":"/project/temp/deferiprone_single_oral_25mgkg_designcheck_20260511/validation/design_change_n403030_wtmclustT10_nomix_site403030_nondesignquota_precisionchol_basefitbootinit_preboot_20260521/runs/scenario2/bootstrap/federated/scenario2/raw_runs/run_20260523-041150/optim_result_trial_230_20260523-042454.json","trace_file":"/project/temp/deferiprone_single_oral_25mgkg_designcheck_20260511/validation/design_change_n403030_wtmclustT10_nomix_site403030_nondesignquota_precisionchol_basefitbootinit_preboot_20260521/runs/scenario2/bootstrap/federated/scenario2/raw_runs/run_20260523-041150/optim_trace_trial_230_20260523-042454.csv","final_file":"/project/temp/deferiprone_single_oral_25mgkg_designcheck_20260511/validation/design_change_n403030_wtmclustT10_nomix_site403030_nondesignquota_precisionchol_basefitbootinit_preboot_20260521/runs/scenario2/bootstrap/federated/scenario2/raw_runs/run_20260523-041150/final_params_trial_230_20260523-042454.csv"}],"info":{"run_id":"20260523-041150","log_base_dir":"/project/temp/deferiprone_single_oral_25mgkg_designcheck_20260511/validation/design_change_n403030_wtmclustT10_nomix_site403030_nondesignquota_precisionchol_basefitbootinit_preboot_20260521/runs/scenario2/bootstrap/federated","scenario":"scenario2/raw_runs","total_trials":5,"successes":5,"failures":0,"nonconverged_count":0,"nonconverged_trials":[],"convergence_missing_count":0,"seed_base":4869,"B_per_client":500,"duration_sec":921.9593346119,"host":"f4d7f029b344","image_tag":null,"communication":{"generated_at":"2026-05-23T04:27:06Z","totals":{"requests":723,"request_bytes":806283,"response_bytes":183288,"total_bytes":989571,"retries":0},"init":{"requests":3,"request_bytes":8139,"response_bytes":1161,"total_bytes":9300,"retries":0,"median_elapsed_sec":0.36611223221},"init_round_latency":{"n_rounds":1,"median_round_wall_sec":0.36896729469,"p95_round_wall_sec":0.36896729469},"run":{"requests":0,"request_bytes":0,"response_bytes":0,"total_bytes":0,"retries":0,"median_elapsed_sec":"NA"},"run_bootstrap":{"requests":720,"request_bytes":798144,"response_bytes":182127,"total_bytes":980271,"retries":0,"median_elapsed_sec":3.6558538675},"round_latency":{"n_rounds":240,"median_round_wall_sec":3.7802559137,"p95_round_wall_sec":4.0508213282},"timing_split":{"n_rounds":240,"rounds_with_compute":240,"total_round_wall_sec":911.0067884922,"total_round_compute_wall_sec":903.1242,"total_round_comm_overhead_wall_sec":7.8825884922,"comm_overhead_ratio":0.0086526122437,"compute_ratio":0.99134738776}},"communication_files":{"csv":"/project/temp/deferiprone_single_oral_25mgkg_designcheck_20260511/validation/design_change_n403030_wtmclustT10_nomix_site403030_nondesignquota_precisionchol_basefitbootinit_preboot_20260521/runs/scenario2/bootstrap/federated/scenario2/raw_runs/run_20260523-041150/comm_metrics.csv","json":"/project/temp/deferiprone_single_oral_25mgkg_designcheck_20260511/validation/design_change_n403030_wtmclustT10_nomix_site403030_nondesignquota_precisionchol_basefitbootinit_preboot_20260521/runs/scenario2/bootstrap/federated/scenario2/raw_runs/run_20260523-041150/comm_metrics.json"},"output_files":{"bootstrap_summary_csv":"/project/temp/deferiprone_single_oral_25mgkg_designcheck_20260511/validation/design_change_n403030_wtmclustT10_nomix_site403030_nondesignquota_precisionchol_basefitbootinit_preboot_20260521/runs/scenario2/bootstrap/federated/scenario2/raw_runs/run_20260523-041150/bootstrap_summary.csv","bootstrap_summary_json":"/project/temp/deferiprone_single_oral_25mgkg_designcheck_20260511/validation/design_change_n403030_wtmclustT10_nomix_site403030_nondesignquota_precisionchol_basefitbootinit_preboot_20260521/runs/scenario2/bootstrap/federated/scenario2/raw_runs/run_20260523-041150/bootstrap_summary.json","trial_status_csv":"/project/temp/deferiprone_single_oral_25mgkg_designcheck_20260511/validation/design_change_n403030_wtmclustT10_nomix_site403030_nondesignquota_precisionchol_basefitbootinit_preboot_20260521/runs/scenario2/bootstrap/federated/scenario2/raw_runs/run_20260523-041150/trial_status.csv","failed_trials_csv":"/project/temp/deferiprone_single_oral_25mgkg_designcheck_20260511/validation/design_change_n403030_wtmclustT10_nomix_site403030_nondesignquota_precisionchol_basefitbootinit_preboot_20260521/runs/scenario2/bootstrap/federated/scenario2/raw_runs/run_20260523-041150/failed_trials.csv","trial_estimates_wide_csv":"/project/temp/deferiprone_single_oral_25mgkg_designcheck_20260511/validation/design_change_n403030_wtmclustT10_nomix_site403030_nondesignquota_precisionchol_basefitbootinit_preboot_20260521/runs/scenario2/bootstrap/federated/scenario2/raw_runs/run_20260523-041150/trial_estimates_wide.csv","trial_estimates_long_csv":"/project/temp/deferiprone_single_oral_25mgkg_designcheck_20260511/validation/design_change_n403030_wtmclustT10_nomix_site403030_nondesignquota_precisionchol_basefitbootinit_preboot_20260521/runs/scenario2/bootstrap/federated/scenario2/raw_runs/run_20260523-041150/trial_estimates_long.csv","result_json":"/project/temp/deferiprone_single_oral_25mgkg_designcheck_20260511/validation/design_change_n403030_wtmclustT10_nomix_site403030_nondesignquota_precisionchol_basefitbootinit_preboot_20260521/runs/scenario2/bootstrap/federated/scenario2/raw_runs/run_20260523-041150/result.json"}}}
[Kserver-1 exited with code 0
Aborting on container exit...
 Container defboot_design_change_n403030_wtmclu_scenario2_226_230-server-1  Stopping
 Container defboot_design_change_n403030_wtmclu_scenario2_226_230-server-1  Stopped
 Container defboot_design_change_n403030_wtmclu_scenario2_226_230-client2-1  Stopping
 Container defboot_design_change_n403030_wtmclu_scenario2_226_230-client1-1  Stopping
 Container defboot_design_change_n403030_wtmclu_scenario2_226_230-client3-1  Stopping
 Container defboot_design_change_n403030_wtmclu_scenario2_226_230-client2-1  Stopped
 Container defboot_design_change_n403030_wtmclu_scenario2_226_230-client3-1  Stopped
 Container defboot_design_change_n403030_wtmclu_scenario2_226_230-client1-1  Stopped
time="2026-05-23T13:27:17+09:00" level=warning msg="The \"SERVER_CONFIG_PATH\" variable is not set. Defaulting to a blank string."
 Container defboot_design_change_n403030_wtmclu_scenario2_226_230-server-1  Stopping
 Container defboot_design_change_n403030_wtmclu_scenario2_226_230-server-1  Stopped
 Container defboot_design_change_n403030_wtmclu_scenario2_226_230-server-1  Removing
 Container defboot_design_change_n403030_wtmclu_scenario2_226_230-server-1  Removed
 Container defboot_design_change_n403030_wtmclu_scenario2_226_230-client3-1  Stopping
 Container defboot_design_change_n403030_wtmclu_scenario2_226_230-client2-1  Stopping
 Container defboot_design_change_n403030_wtmclu_scenario2_226_230-client1-1  Stopping
 Container defboot_design_change_n403030_wtmclu_scenario2_226_230-client3-1  Stopped
 Container defboot_design_change_n403030_wtmclu_scenario2_226_230-client3-1  Removing
 Container defboot_design_change_n403030_wtmclu_scenario2_226_230-client2-1  Stopped
 Container defboot_design_change_n403030_wtmclu_scenario2_226_230-client2-1  Removing
 Container defboot_design_change_n403030_wtmclu_scenario2_226_230-client1-1  Stopped
 Container defboot_design_change_n403030_wtmclu_scenario2_226_230-client1-1  Removing
 Container defboot_design_change_n403030_wtmclu_scenario2_226_230-client3-1  Removed
 Container defboot_design_change_n403030_wtmclu_scenario2_226_230-client1-1  Removed
 Container defboot_design_change_n403030_wtmclu_scenario2_226_230-client2-1  Removed
 Network defboot_design_change_n403030_wtmclu_scenario2_226_230_site1_net  Removing
 Network defboot_design_change_n403030_wtmclu_scenario2_226_230_site2_net  Removing
 Network defboot_design_change_n403030_wtmclu_scenario2_226_230_site3_net  Removing
 Network defboot_design_change_n403030_wtmclu_scenario2_226_230_site2_net  Removed
 Network defboot_design_change_n403030_wtmclu_scenario2_226_230_site3_net  Removed
 Network defboot_design_change_n403030_wtmclu_scenario2_226_230_site1_net  Removed
