time="2026-05-24T03:20:15+09:00" level=warning msg="The \"SERVER_CONFIG_PATH\" variable is not set. Defaulting to a blank string."
Compose now can delegate build to bake for better performances
Just set COMPOSE_BAKE=true
#0 building with "default" instance using docker driver

#1 [client2 internal] load build definition from Dockerfile.app
#1 transferring dockerfile: 778B done
#1 DONE 0.0s

#2 [client3 internal] load build definition from Dockerfile.app
#2 transferring dockerfile: 778B done
#2 DONE 0.0s

#3 [client1 internal] load build definition from Dockerfile.app
#3 transferring dockerfile: 778B done
#3 DONE 0.0s

#4 [client1 internal] load metadata for docker.io/fedpoppk/base:0.1.0
#4 DONE 0.0s

#5 [client1 internal] load .dockerignore
#5 transferring context: 2B done
#5 DONE 0.0s

#6 [client2 internal] load .dockerignore
#6 transferring context: 2B done
#6 DONE 0.0s

#7 [client3 internal] load .dockerignore
#7 transferring context: 2B done
#7 DONE 0.0s

#8 [client3 1/8] FROM docker.io/fedpoppk/base:0.1.0
#8 DONE 0.0s

#9 [client2 internal] load build context
#9 transferring context: 736.51kB 0.3s done
#9 DONE 0.3s

#10 [client1 internal] load build context
#10 transferring context: 736.51kB 0.3s done
#10 DONE 0.3s

#11 [client3 internal] load build context
#11 transferring context: 736.51kB 0.3s done
#11 DONE 0.3s

#12 [client1 3/8] COPY renv.lock .Rprofile renv/activate.R ./
#12 CACHED

#13 [client1 5/8] COPY apps/ apps/
#13 CACHED

#14 [client1 2/8] WORKDIR /project
#14 CACHED

#15 [client1 4/8] RUN Rscript -e "options(renv.consent=TRUE, Ncpus=parallel::detectCores());                 renv::restore(prompt=FALSE)"
#15 CACHED

#16 [client1 6/8] COPY R/ R/
#16 CACHED

#17 [client1 7/8] COPY analysis/ analysis/
#17 CACHED

#18 [client1 8/8] RUN mkdir -p /project/configs/modes /project/data /project/artifacts /project/result
#18 CACHED

#19 [client1] exporting to image
#19 exporting layers done
#19 writing image sha256:8052a199be8064874c5301e5c32004f582c25b3e896cdcff4677cb41866bae71 done
#19 naming to docker.io/library/defboot_design_change_n403030_wtmclu_scenario2_496_500-client1 0.0s done
#19 DONE 0.0s

#20 [client2] exporting to image
#20 exporting layers done
#20 writing image sha256:f89ab5193a5d8bc628e828c6ba5b04bbcada5cdeb83918367439cffd881f099c done
#20 naming to docker.io/library/defboot_design_change_n403030_wtmclu_scenario2_496_500-client2 0.0s done
#20 DONE 0.0s

#21 [client3] exporting to image
#21 exporting layers done
#21 writing image sha256:8af7c2fb8768d6f250bc6a011181d7080e92e87c02637cb7f1089fb883c5f609 done
#21 naming to docker.io/library/defboot_design_change_n403030_wtmclu_scenario2_496_500-client3 0.0s done
#21 DONE 0.1s

#22 [client1] resolving provenance for metadata file
#22 DONE 0.0s

#23 [client2] resolving provenance for metadata file
#23 DONE 0.0s

#24 [client3] resolving provenance for metadata file
#24 DONE 0.0s

#25 [server internal] load build definition from Dockerfile.app
#25 transferring dockerfile: 778B done
#25 DONE 0.0s

#4 [server internal] load metadata for docker.io/fedpoppk/base:0.1.0
#4 DONE 0.0s

#26 [server internal] load .dockerignore
#26 transferring context: 2B done
#26 DONE 0.0s

#8 [server 1/8] FROM docker.io/fedpoppk/base:0.1.0
#8 DONE 0.0s

#27 [server internal] load build context
#27 transferring context: 736.51kB 0.4s done
#27 DONE 0.4s

#14 [server 2/8] WORKDIR /project
#14 CACHED

#28 [server 3/8] COPY renv.lock .Rprofile renv/activate.R ./
#28 CACHED

#29 [server 4/8] RUN Rscript -e "options(renv.consent=TRUE, Ncpus=parallel::detectCores());                 renv::restore(prompt=FALSE)"
#29 CACHED

#30 [server 5/8] COPY apps/ apps/
#30 CACHED

#31 [server 6/8] COPY R/ R/
#31 CACHED

#32 [server 7/8] COPY analysis/ analysis/
#32 CACHED

#33 [server 8/8] RUN mkdir -p /project/configs/modes /project/data /project/artifacts /project/result
#33 CACHED

#34 [server] exporting to image
#34 exporting layers done
#34 writing image sha256:37530bb309d64ef8866a11e6ac5c358bd39bd0e2bacf8646b494542cd1fccb2b done
#34 naming to docker.io/library/defboot_design_change_n403030_wtmclu_scenario2_496_500-server 0.0s done
#34 DONE 0.0s

#35 [server] resolving provenance for metadata file
#35 DONE 0.0s
 client1  Built
 client2  Built
 client3  Built
 server  Built
 Network defboot_design_change_n403030_wtmclu_scenario2_496_500_site2_net  Creating
 Network defboot_design_change_n403030_wtmclu_scenario2_496_500_site2_net  Created
 Network defboot_design_change_n403030_wtmclu_scenario2_496_500_site3_net  Creating
 Network defboot_design_change_n403030_wtmclu_scenario2_496_500_site3_net  Created
 Network defboot_design_change_n403030_wtmclu_scenario2_496_500_site1_net  Creating
 Network defboot_design_change_n403030_wtmclu_scenario2_496_500_site1_net  Created
 Container defboot_design_change_n403030_wtmclu_scenario2_496_500-client1-1  Creating
 Container defboot_design_change_n403030_wtmclu_scenario2_496_500-client2-1  Creating
 Container defboot_design_change_n403030_wtmclu_scenario2_496_500-client3-1  Creating
 Container defboot_design_change_n403030_wtmclu_scenario2_496_500-client2-1  Created
 Container defboot_design_change_n403030_wtmclu_scenario2_496_500-client1-1  Created
 Container defboot_design_change_n403030_wtmclu_scenario2_496_500-client3-1  Created
 Container defboot_design_change_n403030_wtmclu_scenario2_496_500-server-1  Creating
 Container defboot_design_change_n403030_wtmclu_scenario2_496_500-server-1  Created
Attaching to client1-1, client2-1, client3-1, server-1
client2-1  | Running plumber API at http://0.0.0.0:8000
client2-1  | Running swagger Docs at http://127.0.0.1:8000/__docs__/
client1-1  | Running plumber API at http://0.0.0.0:8000
client1-1  | Running swagger Docs at http://127.0.0.1:8000/__docs__/
client3-1  | Running plumber API at http://0.0.0.0:8000
client3-1  | Running swagger Docs at http://127.0.0.1:8000/__docs__/
client1-1  | ℹ parameter labels from comments are typically ignored in non-interactive mode
client1-1  | ℹ Need to run with the source intact to parse comments
client2-1  | ℹ parameter labels from comments are typically ignored in non-interactive mode
client2-1  | ℹ Need to run with the source intact to parse comments
client3-1  | ℹ parameter labels from comments are typically ignored in non-interactive mode
client3-1  | ℹ Need to run with the source intact to parse comments
server-1   | [send_init] http://client1:8000 init succeeded
server-1   | [send_init] http://client2:8000 init succeeded
server-1   | [send_init] http://client3:8000 init succeeded
server-1   | {"schema":{"schema_version":"1.1.0","generated_at":"2026-05-23T18:20:24Z","config_path":"/project/configs/../temp/deferiprone_single_oral_25mgkg_designcheck_20260511/validation/design_change_n403030_wtmclustT10_nomix_site403030_nondesignquota_precisionchol_basefitbootinit_preboot_20260521/configs/resolved/scenario2_bootstrap.json","config_md5":"67e6a296d3935d620e746ed6160f8ca2","seed":4869,"host":"97e456689a51","pid":1,"image_tag":null,"git_sha":null,"git_dirty":null},"aggregation":{"ci_method":"percentile","ci_level":0.95,"quantile_type":7,"estimates_scale":"natural"},"summary":[{"parameter":"(etaLcl,etaLvc)","median":0.060048584181,"p2.5":0.055138399906,"p97.5":0.068007381848},{"parameter":"CcPropSd","median":0.34715783511,"p2.5":0.33639774637,"p97.5":0.37542465369},{"parameter":"etaLcl","median":0.10478839599,"p2.5":0.089844333741,"p97.5":0.11220439521},{"parameter":"etaLvc","median":0.035079001854,"p2.5":0.030716834481,"p97.5":0.049135392122},{"parameter":"lcl","median":2.1578006751,"p2.5":2.135484256,"p97.5":2.1761801498},{"parameter":"lka","median":2.3540710069,"p2.5":2.2264498511,"p97.5":2.4660592769},{"parameter":"lvc","median":2.9804966024,"p2.5":2.9337893389,"p97.5":3.0231681031},{"parameter":"rho_(etaLcl,etaLvc)","median":0.97822909298,"p2.5":0.97524603071,"p97.5":0.98414233041}],"runs":[{"tag":"trial_496_20260523-182024","value":2219.9572,"counts":[33,33],"control":{"maxit":100,"factr":1000000000,"pgtol":0,"trace":0,"method":"L-BFGS-B"},"convergence":0,"message":"CONVERGENCE: REL_REDUCTION_OF_F <= FACTR*EPSMCH","nat_par":{"lka":2.3540710069,"lcl":2.133217658,"lvc":2.9673968497,"CcPropSd":0.34715783511,"etaLcl":0.096904959159,"etaLvc":0.050492732042,"(etaLcl,etaLvc)":0.068878682923,"rho_(etaLcl,etaLvc)":0.98468517102},"failed_clients":[],"attempt":1,"files":{"result":"/project/temp/deferiprone_single_oral_25mgkg_designcheck_20260511/validation/design_change_n403030_wtmclustT10_nomix_site403030_nondesignquota_precisionchol_basefitbootinit_preboot_20260521/runs/scenario2/bootstrap/federated/scenario2/raw_runs/run_20260523-182024/optim_result_trial_496_20260523-182024.json","trace":"/project/temp/deferiprone_single_oral_25mgkg_designcheck_20260511/validation/design_change_n403030_wtmclustT10_nomix_site403030_nondesignquota_precisionchol_basefitbootinit_preboot_20260521/runs/scenario2/bootstrap/federated/scenario2/raw_runs/run_20260523-182024/optim_trace_trial_496_20260523-182024.csv","final":"/project/temp/deferiprone_single_oral_25mgkg_designcheck_20260511/validation/design_change_n403030_wtmclustT10_nomix_site403030_nondesignquota_precisionchol_basefitbootinit_preboot_20260521/runs/scenario2/bootstrap/federated/scenario2/raw_runs/run_20260523-182024/final_params_trial_496_20260523-182024.csv"},"log_n":33,"execution_state":"completed","trial":496,"attempts":1},{"tag":"trial_497_20260523-182434","value":2216.0018,"counts":[26,26],"control":{"maxit":100,"factr":1000000000,"pgtol":0,"trace":0,"method":"L-BFGS-B"},"convergence":0,"message":"CONVERGENCE: REL_REDUCTION_OF_F <= FACTR*EPSMCH","nat_par":{"lka":2.4368585197,"lcl":2.1699832309,"lvc":3.0273049605,"CcPropSd":0.3413412512,"etaLcl":0.10478839599,"etaLvc":0.030394655656,"(etaLcl,etaLvc)":0.055025789464,"rho_(etaLcl,etaLvc)":0.97501449482},"failed_clients":[],"attempt":1,"files":{"result":"/project/temp/deferiprone_single_oral_25mgkg_designcheck_20260511/validation/design_change_n403030_wtmclustT10_nomix_site403030_nondesignquota_precisionchol_basefitbootinit_preboot_20260521/runs/scenario2/bootstrap/federated/scenario2/raw_runs/run_20260523-182024/optim_result_trial_497_20260523-182434.json","trace":"/project/temp/deferiprone_single_oral_25mgkg_designcheck_20260511/validation/design_change_n403030_wtmclustT10_nomix_site403030_nondesignquota_precisionchol_basefitbootinit_preboot_20260521/runs/scenario2/bootstrap/federated/scenario2/raw_runs/run_20260523-182024/optim_trace_trial_497_20260523-182434.csv","final":"/project/temp/deferiprone_single_oral_25mgkg_designcheck_20260511/validation/design_change_n403030_wtmclustT10_nomix_site403030_nondesignquota_precisionchol_basefitbootinit_preboot_20260521/runs/scenario2/bootstrap/federated/scenario2/raw_runs/run_20260523-182024/final_params_trial_497_20260523-182434.csv"},"log_n":26,"execution_state":"completed","trial":497,"attempts":1},{"tag":"trial_498_20260523-182752","value":2184.916,"counts":[23,23],"control":{"maxit":100,"factr":1000000000,"pgtol":0,"trace":0,"method":"L-BFGS-B"},"convergence":0,"message":"CONVERGENCE: REL_REDUCTION_OF_F <= FACTR*EPSMCH","nat_par":{"lka":2.2645702046,"lcl":2.1558836377,"lvc":2.9859363868,"CcPropSd":0.33584846806,"etaLcl":0.089059819805,"etaLvc":0.036919332844,"(etaLcl,etaLvc)":0.056151893884,"rho_(etaLcl,etaLvc)":0.97925676486},"failed_clients":[],"attempt":1,"files":{"result":"/project/temp/deferiprone_single_oral_25mgkg_designcheck_20260511/validation/design_change_n403030_wtmclustT10_nomix_site403030_nondesignquota_precisionchol_basefitbootinit_preboot_20260521/runs/scenario2/bootstrap/federated/scenario2/raw_runs/run_20260523-182024/optim_result_trial_498_20260523-182752.json","trace":"/project/temp/deferiprone_single_oral_25mgkg_designcheck_20260511/validation/design_change_n403030_wtmclustT10_nomix_site403030_nondesignquota_precisionchol_basefitbootinit_preboot_20260521/runs/scenario2/bootstrap/federated/scenario2/raw_runs/run_20260523-182024/optim_trace_trial_498_20260523-182752.csv","final":"/project/temp/deferiprone_single_oral_25mgkg_designcheck_20260511/validation/design_change_n403030_wtmclustT10_nomix_site403030_nondesignquota_precisionchol_basefitbootinit_preboot_20260521/runs/scenario2/bootstrap/federated/scenario2/raw_runs/run_20260523-182024/final_params_trial_498_20260523-182752.csv"},"log_n":23,"execution_state":"completed","trial":498,"attempts":1},{"tag":"trial_499_20260523-183048","value":2208.7021,"counts":[22,22],"control":{"maxit":100,"factr":1000000000,"pgtol":0,"trace":0,"method":"L-BFGS-B"},"convergence":0,"message":"CONVERGENCE: REL_REDUCTION_OF_F <= FACTR*EPSMCH","nat_par":{"lka":2.4693038055,"lcl":2.1768686963,"lvc":2.9804966024,"CcPropSd":0.35317699586,"etaLcl":0.10741802603,"etaLvc":0.035079001854,"(etaLcl,etaLvc)":0.060048584181,"rho_(etaLcl,etaLvc)":0.97822909298},"failed_clients":[],"attempt":1,"files":{"result":"/project/temp/deferiprone_single_oral_25mgkg_designcheck_20260511/validation/design_change_n403030_wtmclustT10_nomix_site403030_nondesignquota_precisionchol_basefitbootinit_preboot_20260521/runs/scenario2/bootstrap/federated/scenario2/raw_runs/run_20260523-182024/optim_result_trial_499_20260523-183048.json","trace":"/project/temp/deferiprone_single_oral_25mgkg_designcheck_20260511/validation/design_change_n403030_wtmclustT10_nomix_site403030_nondesignquota_precisionchol_basefitbootinit_preboot_20260521/runs/scenario2/bootstrap/federated/scenario2/raw_runs/run_20260523-182024/optim_trace_trial_499_20260523-183048.csv","final":"/project/temp/deferiprone_single_oral_25mgkg_designcheck_20260511/validation/design_change_n403030_wtmclustT10_nomix_site403030_nondesignquota_precisionchol_basefitbootinit_preboot_20260521/runs/scenario2/bootstrap/federated/scenario2/raw_runs/run_20260523-182024/final_params_trial_499_20260523-183048.csv"},"log_n":22,"execution_state":"completed","trial":499,"attempts":1},{"tag":"trial_500_20260523-183335","value":2260.6435,"counts":[24,24],"control":{"maxit":100,"factr":1000000000,"pgtol":0,"trace":0,"method":"L-BFGS-B"},"convergence":0,"message":"CONVERGENCE: REL_REDUCTION_OF_F <= FACTR*EPSMCH","nat_par":{"lka":2.2222142563,"lcl":2.1578006751,"lvc":2.9300551711,"CcPropSd":0.37789661567,"etaLcl":0.11273621401,"etaLvc":0.033616443914,"(etaLcl,etaLvc)":0.060165672179,"rho_(etaLcl,etaLvc)":0.97732985378},"failed_clients":[],"attempt":1,"files":{"result":"/project/temp/deferiprone_single_oral_25mgkg_designcheck_20260511/validation/design_change_n403030_wtmclustT10_nomix_site403030_nondesignquota_precisionchol_basefitbootinit_preboot_20260521/runs/scenario2/bootstrap/federated/scenario2/raw_runs/run_20260523-182024/optim_result_trial_500_20260523-183335.json","trace":"/project/temp/deferiprone_single_oral_25mgkg_designcheck_20260511/validation/design_change_n403030_wtmclustT10_nomix_site403030_nondesignquota_precisionchol_basefitbootinit_preboot_20260521/runs/scenario2/bootstrap/federated/scenario2/raw_runs/run_20260523-182024/optim_trace_trial_500_20260523-183335.csv","final":"/project/temp/deferiprone_single_oral_25mgkg_designcheck_20260511/validation/design_change_n403030_wtmclustT10_nomix_site403030_nondesignquota_precisionchol_basefitbootinit_preboot_20260521/runs/scenario2/bootstrap/federated/scenario2/raw_runs/run_20260523-182024/final_params_trial_500_20260523-183335.csv"},"log_n":24,"execution_state":"completed","trial":500,"attempts":1}],"trial_status":[{"trial":496,"execution_state":"completed","converged":true,"attempts":1,"convergence":0,"value":2219.9572,"eval_fn":33,"eval_gr":33,"log_n":33,"failed_clients_n":0,"message":"CONVERGENCE: REL_REDUCTION_OF_F <= FACTR*EPSMCH","result_file":"/project/temp/deferiprone_single_oral_25mgkg_designcheck_20260511/validation/design_change_n403030_wtmclustT10_nomix_site403030_nondesignquota_precisionchol_basefitbootinit_preboot_20260521/runs/scenario2/bootstrap/federated/scenario2/raw_runs/run_20260523-182024/optim_result_trial_496_20260523-182024.json","trace_file":"/project/temp/deferiprone_single_oral_25mgkg_designcheck_20260511/validation/design_change_n403030_wtmclustT10_nomix_site403030_nondesignquota_precisionchol_basefitbootinit_preboot_20260521/runs/scenario2/bootstrap/federated/scenario2/raw_runs/run_20260523-182024/optim_trace_trial_496_20260523-182024.csv","final_file":"/project/temp/deferiprone_single_oral_25mgkg_designcheck_20260511/validation/design_change_n403030_wtmclustT10_nomix_site403030_nondesignquota_precisionchol_basefitbootinit_preboot_20260521/runs/scenario2/bootstrap/federated/scenario2/raw_runs/run_20260523-182024/final_params_trial_496_20260523-182024.csv"},{"trial":497,"execution_state":"completed","converged":true,"attempts":1,"convergence":0,"value":2216.0018,"eval_fn":26,"eval_gr":26,"log_n":26,"failed_clients_n":0,"message":"CONVERGENCE: REL_REDUCTION_OF_F <= FACTR*EPSMCH","result_file":"/project/temp/deferiprone_single_oral_25mgkg_designcheck_20260511/validation/design_change_n403030_wtmclustT10_nomix_site403030_nondesignquota_precisionchol_basefitbootinit_preboot_20260521/runs/scenario2/bootstrap/federated/scenario2/raw_runs/run_20260523-182024/optim_result_trial_497_20260523-182434.json","trace_file":"/project/temp/deferiprone_single_oral_25mgkg_designcheck_20260511/validation/design_change_n403030_wtmclustT10_nomix_site403030_nondesignquota_precisionchol_basefitbootinit_preboot_20260521/runs/scenario2/bootstrap/federated/scenario2/raw_runs/run_20260523-182024/optim_trace_trial_497_20260523-182434.csv","final_file":"/project/temp/deferiprone_single_oral_25mgkg_designcheck_20260511/validation/design_change_n403030_wtmclustT10_nomix_site403030_nondesignquota_precisionchol_basefitbootinit_preboot_20260521/runs/scenario2/bootstrap/federated/scenario2/raw_runs/run_20260523-182024/final_params_trial_497_20260523-182434.csv"},{"trial":498,"execution_state":"completed","converged":true,"attempts":1,"convergence":0,"value":2184.916,"eval_fn":23,"eval_gr":23,"log_n":23,"failed_clients_n":0,"message":"CONVERGENCE: REL_REDUCTION_OF_F <= FACTR*EPSMCH","result_file":"/project/temp/deferiprone_single_oral_25mgkg_designcheck_20260511/validation/design_change_n403030_wtmclustT10_nomix_site403030_nondesignquota_precisionchol_basefitbootinit_preboot_20260521/runs/scenario2/bootstrap/federated/scenario2/raw_runs/run_20260523-182024/optim_result_trial_498_20260523-182752.json","trace_file":"/project/temp/deferiprone_single_oral_25mgkg_designcheck_20260511/validation/design_change_n403030_wtmclustT10_nomix_site403030_nondesignquota_precisionchol_basefitbootinit_preboot_20260521/runs/scenario2/bootstrap/federated/scenario2/raw_runs/run_20260523-182024/optim_trace_trial_498_20260523-182752.csv","final_file":"/project/temp/deferiprone_single_oral_25mgkg_designcheck_20260511/validation/design_change_n403030_wtmclustT10_nomix_site403030_nondesignquota_precisionchol_basefitbootinit_preboot_20260521/runs/scenario2/bootstrap/federated/scenario2/raw_runs/run_20260523-182024/final_params_trial_498_20260523-182752.csv"},{"trial":499,"execution_state":"completed","converged":true,"attempts":1,"convergence":0,"value":2208.7021,"eval_fn":22,"eval_gr":22,"log_n":22,"failed_clients_n":0,"message":"CONVERGENCE: REL_REDUCTION_OF_F <= FACTR*EPSMCH","result_file":"/project/temp/deferiprone_single_oral_25mgkg_designcheck_20260511/validation/design_change_n403030_wtmclustT10_nomix_site403030_nondesignquota_precisionchol_basefitbootinit_preboot_20260521/runs/scenario2/bootstrap/federated/scenario2/raw_runs/run_20260523-182024/optim_result_trial_499_20260523-183048.json","trace_file":"/project/temp/deferiprone_single_oral_25mgkg_designcheck_20260511/validation/design_change_n403030_wtmclustT10_nomix_site403030_nondesignquota_precisionchol_basefitbootinit_preboot_20260521/runs/scenario2/bootstrap/federated/scenario2/raw_runs/run_20260523-182024/optim_trace_trial_499_20260523-183048.csv","final_file":"/project/temp/deferiprone_single_oral_25mgkg_designcheck_20260511/validation/design_change_n403030_wtmclustT10_nomix_site403030_nondesignquota_precisionchol_basefitbootinit_preboot_20260521/runs/scenario2/bootstrap/federated/scenario2/raw_runs/run_20260523-182024/final_params_trial_499_20260523-183048.csv"},{"trial":500,"execution_state":"completed","converged":true,"attempts":1,"convergence":0,"value":2260.6435,"eval_fn":24,"eval_gr":24,"log_n":24,"failed_clients_n":0,"message":"CONVERGENCE: REL_REDUCTION_OF_F <= FACTR*EPSMCH","result_file":"/project/temp/deferiprone_single_oral_25mgkg_designcheck_20260511/validation/design_change_n403030_wtmclustT10_nomix_site403030_nondesignquota_precisionchol_basefitbootinit_preboot_20260521/runs/scenario2/bootstrap/federated/scenario2/raw_runs/run_20260523-182024/optim_result_trial_500_20260523-183335.json","trace_file":"/project/temp/deferiprone_single_oral_25mgkg_designcheck_20260511/validation/design_change_n403030_wtmclustT10_nomix_site403030_nondesignquota_precisionchol_basefitbootinit_preboot_20260521/runs/scenario2/bootstrap/federated/scenario2/raw_runs/run_20260523-182024/optim_trace_trial_500_20260523-183335.csv","final_file":"/project/temp/deferiprone_single_oral_25mgkg_designcheck_20260511/validation/design_change_n403030_wtmclustT10_nomix_site403030_nondesignquota_precisionchol_basefitbootinit_preboot_20260521/runs/scenario2/bootstrap/federated/scenario2/raw_runs/run_20260523-182024/final_params_trial_500_20260523-183335.csv"}],"info":{"run_id":"20260523-182024","log_base_dir":"/project/temp/deferiprone_single_oral_25mgkg_designcheck_20260511/validation/design_change_n403030_wtmclustT10_nomix_site403030_nondesignquota_precisionchol_basefitbootinit_preboot_20260521/runs/scenario2/bootstrap/federated","scenario":"scenario2/raw_runs","total_trials":5,"successes":5,"failures":0,"nonconverged_count":0,"nonconverged_trials":[],"convergence_missing_count":0,"seed_base":4869,"B_per_client":500,"duration_sec":981.3089261055,"host":"97e456689a51","image_tag":null,"communication":{"generated_at":"2026-05-23T18:36:40Z","totals":{"requests":771,"request_bytes":859359,"response_bytes":195418,"total_bytes":1054777,"retries":0},"init":{"requests":3,"request_bytes":8139,"response_bytes":1161,"total_bytes":9300,"retries":0,"median_elapsed_sec":0.36372637749},"init_round_latency":{"n_rounds":1,"median_round_wall_sec":0.37049150467,"p95_round_wall_sec":0.37049150467},"run":{"requests":0,"request_bytes":0,"response_bytes":0,"total_bytes":0,"retries":0,"median_elapsed_sec":"NA"},"run_bootstrap":{"requests":768,"request_bytes":851220,"response_bytes":194257,"total_bytes":1045477,"retries":0,"median_elapsed_sec":3.6568758488},"round_latency":{"n_rounds":256,"median_round_wall_sec":3.7713261843,"p95_round_wall_sec":4.0313566327},"timing_split":{"n_rounds":256,"rounds_with_compute":256,"total_round_wall_sec":970.1064560413,"total_round_compute_wall_sec":961.7911,"total_round_comm_overhead_wall_sec":8.3153560413,"comm_overhead_ratio":0.0085715912821,"compute_ratio":0.99142840872}},"communication_files":{"csv":"/project/temp/deferiprone_single_oral_25mgkg_designcheck_20260511/validation/design_change_n403030_wtmclustT10_nomix_site403030_nondesignquota_precisionchol_basefitbootinit_preboot_20260521/runs/scenario2/bootstrap/federated/scenario2/raw_runs/run_20260523-182024/comm_metrics.csv","json":"/project/temp/deferiprone_single_oral_25mgkg_designcheck_20260511/validation/design_change_n403030_wtmclustT10_nomix_site403030_nondesignquota_precisionchol_basefitbootinit_preboot_20260521/runs/scenario2/bootstrap/federated/scenario2/raw_runs/run_20260523-182024/comm_metrics.json"},"output_files":{"bootstrap_summary_csv":"/project/temp/deferiprone_single_oral_25mgkg_designcheck_20260511/validation/design_change_n403030_wtmclustT10_nomix_site403030_nondesignquota_precisionchol_basefitbootinit_preboot_20260521/runs/scenario2/bootstrap/federated/scenario2/raw_runs/run_20260523-182024/bootstrap_summary.csv","bootstrap_summary_json":"/project/temp/deferiprone_single_oral_25mgkg_designcheck_20260511/validation/design_change_n403030_wtmclustT10_nomix_site403030_nondesignquota_precisionchol_basefitbootinit_preboot_20260521/runs/scenario2/bootstrap/federated/scenario2/raw_runs/run_20260523-182024/bootstrap_summary.json","trial_status_csv":"/project/temp/deferiprone_single_oral_25mgkg_designcheck_20260511/validation/design_change_n403030_wtmclustT10_nomix_site403030_nondesignquota_precisionchol_basefitbootinit_preboot_20260521/runs/scenario2/bootstrap/federated/scenario2/raw_runs/run_20260523-182024/trial_status.csv","failed_trials_csv":"/project/temp/deferiprone_single_oral_25mgkg_designcheck_20260511/validation/design_change_n403030_wtmclustT10_nomix_site403030_nondesignquota_precisionchol_basefitbootinit_preboot_20260521/runs/scenario2/bootstrap/federated/scenario2/raw_runs/run_20260523-182024/failed_trials.csv","trial_estimates_wide_csv":"/project/temp/deferiprone_single_oral_25mgkg_designcheck_20260511/validation/design_change_n403030_wtmclustT10_nomix_site403030_nondesignquota_precisionchol_basefitbootinit_preboot_20260521/runs/scenario2/bootstrap/federated/scenario2/raw_runs/run_20260523-182024/trial_estimates_wide.csv","trial_estimates_long_csv":"/project/temp/deferiprone_single_oral_25mgkg_designcheck_20260511/validation/design_change_n403030_wtmclustT10_nomix_site403030_nondesignquota_precisionchol_basefitbootinit_preboot_20260521/runs/scenario2/bootstrap/federated/scenario2/raw_runs/run_20260523-182024/trial_estimates_long.csv","result_json":"/project/temp/deferiprone_single_oral_25mgkg_designcheck_20260511/validation/design_change_n403030_wtmclustT10_nomix_site403030_nondesignquota_precisionchol_basefitbootinit_preboot_20260521/runs/scenario2/bootstrap/federated/scenario2/raw_runs/run_20260523-182024/result.json"}}}
[Kserver-1 exited with code 0
Aborting on container exit...
 Container defboot_design_change_n403030_wtmclu_scenario2_496_500-server-1  Stopping
 Container defboot_design_change_n403030_wtmclu_scenario2_496_500-server-1  Stopped
 Container defboot_design_change_n403030_wtmclu_scenario2_496_500-client2-1  Stopping
 Container defboot_design_change_n403030_wtmclu_scenario2_496_500-client3-1  Stopping
 Container defboot_design_change_n403030_wtmclu_scenario2_496_500-client1-1  Stopping
 Container defboot_design_change_n403030_wtmclu_scenario2_496_500-client1-1  Stopped
 Container defboot_design_change_n403030_wtmclu_scenario2_496_500-client2-1  Stopped
 Container defboot_design_change_n403030_wtmclu_scenario2_496_500-client3-1  Stopped
time="2026-05-24T03:36:50+09:00" level=warning msg="The \"SERVER_CONFIG_PATH\" variable is not set. Defaulting to a blank string."
 Container defboot_design_change_n403030_wtmclu_scenario2_496_500-server-1  Stopping
 Container defboot_design_change_n403030_wtmclu_scenario2_496_500-server-1  Stopped
 Container defboot_design_change_n403030_wtmclu_scenario2_496_500-server-1  Removing
 Container defboot_design_change_n403030_wtmclu_scenario2_496_500-server-1  Removed
 Container defboot_design_change_n403030_wtmclu_scenario2_496_500-client1-1  Stopping
 Container defboot_design_change_n403030_wtmclu_scenario2_496_500-client2-1  Stopping
 Container defboot_design_change_n403030_wtmclu_scenario2_496_500-client3-1  Stopping
 Container defboot_design_change_n403030_wtmclu_scenario2_496_500-client1-1  Stopped
 Container defboot_design_change_n403030_wtmclu_scenario2_496_500-client1-1  Removing
 Container defboot_design_change_n403030_wtmclu_scenario2_496_500-client2-1  Stopped
 Container defboot_design_change_n403030_wtmclu_scenario2_496_500-client2-1  Removing
 Container defboot_design_change_n403030_wtmclu_scenario2_496_500-client3-1  Stopped
 Container defboot_design_change_n403030_wtmclu_scenario2_496_500-client3-1  Removing
 Container defboot_design_change_n403030_wtmclu_scenario2_496_500-client1-1  Removed
 Container defboot_design_change_n403030_wtmclu_scenario2_496_500-client2-1  Removed
 Container defboot_design_change_n403030_wtmclu_scenario2_496_500-client3-1  Removed
 Network defboot_design_change_n403030_wtmclu_scenario2_496_500_site3_net  Removing
 Network defboot_design_change_n403030_wtmclu_scenario2_496_500_site2_net  Removing
 Network defboot_design_change_n403030_wtmclu_scenario2_496_500_site1_net  Removing
 Network defboot_design_change_n403030_wtmclu_scenario2_496_500_site2_net  Removed
 Network defboot_design_change_n403030_wtmclu_scenario2_496_500_site3_net  Removed
 Network defboot_design_change_n403030_wtmclu_scenario2_496_500_site1_net  Removed
