time="2026-05-23T14:19:59+09:00" level=warning msg="The \"SERVER_CONFIG_PATH\" variable is not set. Defaulting to a blank string."
Compose now can delegate build to bake for better performances
Just set COMPOSE_BAKE=true
#0 building with "default" instance using docker driver

#1 [client2 internal] load build definition from Dockerfile.app
#1 transferring dockerfile: 778B done
#1 DONE 0.0s

#2 [client1 internal] load build definition from Dockerfile.app
#2 transferring dockerfile: 778B done
#2 DONE 0.0s

#3 [client3 internal] load build definition from Dockerfile.app
#3 transferring dockerfile: 778B done
#3 DONE 0.0s

#4 [client3 internal] load metadata for docker.io/fedpoppk/base:0.1.0
#4 DONE 0.0s

#5 [client2 internal] load .dockerignore
#5 transferring context: 2B done
#5 DONE 0.0s

#6 [client1 internal] load .dockerignore
#6 transferring context: 2B done
#6 DONE 0.0s

#7 [client3 internal] load .dockerignore
#7 transferring context: 2B done
#7 DONE 0.0s

#8 [client3 1/8] FROM docker.io/fedpoppk/base:0.1.0
#8 DONE 0.0s

#9 [client2 internal] load build context
#9 transferring context: 736.51kB 0.3s done
#9 DONE 0.3s

#10 [client1 internal] load build context
#10 transferring context: 736.51kB 0.3s done
#10 DONE 0.3s

#11 [client3 internal] load build context
#11 transferring context: 736.51kB 0.3s done
#11 DONE 0.3s

#12 [client1 2/8] WORKDIR /project
#12 CACHED

#13 [client1 5/8] COPY apps/ apps/
#13 CACHED

#14 [client1 7/8] COPY analysis/ analysis/
#14 CACHED

#15 [client1 6/8] COPY R/ R/
#15 CACHED

#16 [client1 3/8] COPY renv.lock .Rprofile renv/activate.R ./
#16 CACHED

#17 [client1 4/8] RUN Rscript -e "options(renv.consent=TRUE, Ncpus=parallel::detectCores());                 renv::restore(prompt=FALSE)"
#17 CACHED

#18 [client3 8/8] RUN mkdir -p /project/configs/modes /project/data /project/artifacts /project/result
#18 CACHED

#19 [client1] exporting to image
#19 exporting layers done
#19 writing image sha256:03a9b20877c8644051b1e8f37c94de4ade88c1d116c3ed89a3ec6393554c8dc7 done
#19 naming to docker.io/library/defboot_design_change_n403030_wtmclu_scenario2_246_250-client1 0.0s done
#19 DONE 0.0s

#20 [client2] exporting to image
#20 exporting layers done
#20 writing image sha256:428ae7a4296bbba09dbe9afb25ae4e9c69847a9501fe1174112e228fb0054bc7 done
#20 naming to docker.io/library/defboot_design_change_n403030_wtmclu_scenario2_246_250-client2 0.0s done
#20 DONE 0.0s

#21 [client3] exporting to image
#21 exporting layers done
#21 writing image sha256:a36f4b7e40b258a8b908f9d68d24d742d393481ec4d18d59776bdd9d6000f631 done
#21 naming to docker.io/library/defboot_design_change_n403030_wtmclu_scenario2_246_250-client3 0.1s done
#21 DONE 0.1s

#22 [client2] resolving provenance for metadata file
#22 DONE 0.0s

#23 [client1] resolving provenance for metadata file
#23 DONE 0.0s

#24 [client3] resolving provenance for metadata file
#24 DONE 0.0s

#25 [server internal] load build definition from Dockerfile.app
#25 transferring dockerfile: 778B done
#25 DONE 0.0s

#4 [server internal] load metadata for docker.io/fedpoppk/base:0.1.0
#4 DONE 0.0s

#26 [server internal] load .dockerignore
#26 transferring context: 2B done
#26 DONE 0.0s

#8 [server 1/8] FROM docker.io/fedpoppk/base:0.1.0
#8 DONE 0.0s

#27 [server internal] load build context
#27 transferring context: 736.51kB 0.3s done
#27 DONE 0.3s

#28 [server 3/8] COPY renv.lock .Rprofile renv/activate.R ./
#28 CACHED

#29 [server 6/8] COPY R/ R/
#29 CACHED

#12 [server 2/8] WORKDIR /project
#12 CACHED

#30 [server 4/8] RUN Rscript -e "options(renv.consent=TRUE, Ncpus=parallel::detectCores());                 renv::restore(prompt=FALSE)"
#30 CACHED

#31 [server 5/8] COPY apps/ apps/
#31 CACHED

#32 [server 7/8] COPY analysis/ analysis/
#32 CACHED

#33 [server 8/8] RUN mkdir -p /project/configs/modes /project/data /project/artifacts /project/result
#33 CACHED

#34 [server] exporting to image
#34 exporting layers done
#34 writing image sha256:faec6073b6bb3db8cdea3993e5f932d6f8e5c5d2c255a7e22594e7458cb5ad26 done
#34 naming to docker.io/library/defboot_design_change_n403030_wtmclu_scenario2_246_250-server 0.0s done
#34 DONE 0.0s

#35 [server] resolving provenance for metadata file
#35 DONE 0.0s
 client1  Built
 client2  Built
 client3  Built
 server  Built
 Network defboot_design_change_n403030_wtmclu_scenario2_246_250_site2_net  Creating
 Network defboot_design_change_n403030_wtmclu_scenario2_246_250_site2_net  Created
 Network defboot_design_change_n403030_wtmclu_scenario2_246_250_site3_net  Creating
 Network defboot_design_change_n403030_wtmclu_scenario2_246_250_site3_net  Created
 Network defboot_design_change_n403030_wtmclu_scenario2_246_250_site1_net  Creating
 Network defboot_design_change_n403030_wtmclu_scenario2_246_250_site1_net  Created
 Container defboot_design_change_n403030_wtmclu_scenario2_246_250-client1-1  Creating
 Container defboot_design_change_n403030_wtmclu_scenario2_246_250-client2-1  Creating
 Container defboot_design_change_n403030_wtmclu_scenario2_246_250-client3-1  Creating
 Container defboot_design_change_n403030_wtmclu_scenario2_246_250-client3-1  Created
 Container defboot_design_change_n403030_wtmclu_scenario2_246_250-client2-1  Created
 Container defboot_design_change_n403030_wtmclu_scenario2_246_250-client1-1  Created
 Container defboot_design_change_n403030_wtmclu_scenario2_246_250-server-1  Creating
 Container defboot_design_change_n403030_wtmclu_scenario2_246_250-server-1  Created
Attaching to client1-1, client2-1, client3-1, server-1
client3-1  | Running plumber API at http://0.0.0.0:8000
client3-1  | Running swagger Docs at http://127.0.0.1:8000/__docs__/
client2-1  | Running plumber API at http://0.0.0.0:8000
client2-1  | Running swagger Docs at http://127.0.0.1:8000/__docs__/
client1-1  | Running plumber API at http://0.0.0.0:8000
client1-1  | Running swagger Docs at http://127.0.0.1:8000/__docs__/
client1-1  | ℹ parameter labels from comments are typically ignored in non-interactive mode
client1-1  | ℹ Need to run with the source intact to parse comments
client2-1  | ℹ parameter labels from comments are typically ignored in non-interactive mode
client3-1  | ℹ parameter labels from comments are typically ignored in non-interactive mode
client3-1  | ℹ Need to run with the source intact to parse comments
client2-1  | ℹ Need to run with the source intact to parse comments
server-1   | [send_init] http://client1:8000 init succeeded
server-1   | [send_init] http://client2:8000 init succeeded
server-1   | [send_init] http://client3:8000 init succeeded
server-1   | {"schema":{"schema_version":"1.1.0","generated_at":"2026-05-23T05:20:07Z","config_path":"/project/configs/../temp/deferiprone_single_oral_25mgkg_designcheck_20260511/validation/design_change_n403030_wtmclustT10_nomix_site403030_nondesignquota_precisionchol_basefitbootinit_preboot_20260521/configs/resolved/scenario2_bootstrap.json","config_md5":"67e6a296d3935d620e746ed6160f8ca2","seed":4869,"host":"916520c45e18","pid":1,"image_tag":null,"git_sha":null,"git_dirty":null},"aggregation":{"ci_method":"percentile","ci_level":0.95,"quantile_type":7,"estimates_scale":"natural"},"summary":[{"parameter":"(etaLcl,etaLvc)","median":0.051142169533,"p2.5":0.044558340178,"p97.5":0.053237789122},{"parameter":"CcPropSd","median":0.35993225946,"p2.5":0.33441576424,"p97.5":0.38724530153},{"parameter":"etaLcl","median":0.077984027062,"p2.5":0.071556483356,"p97.5":0.11091422734},{"parameter":"etaLvc","median":0.030212178738,"p2.5":0.024770671517,"p97.5":0.040449935715},{"parameter":"lcl","median":2.1628995572,"p2.5":2.1421370508,"p97.5":2.2106397761},{"parameter":"lka","median":2.1033110001,"p2.5":2.0148830866,"p97.5":2.3275495096},{"parameter":"lvc","median":2.9465551684,"p2.5":2.9407292224,"p97.5":2.9870974513},{"parameter":"rho_(etaLcl,etaLvc)","median":0.97481744735,"p2.5":0.9696195315,"p97.5":0.98085938855}],"runs":[{"tag":"trial_246_20260523-052007","value":2207.8242,"counts":[28,28],"control":{"maxit":100,"factr":1000000000,"pgtol":0,"trace":0,"method":"L-BFGS-B"},"convergence":0,"message":"CONVERGENCE: REL_REDUCTION_OF_F <= FACTR*EPSMCH","nat_par":{"lka":2.0061587954,"lcl":2.2129728458,"lvc":2.9465551684,"CcPropSd":0.3889279998,"etaLcl":0.088340378853,"etaLvc":0.031299603702,"(etaLcl,etaLvc)":0.051305018242,"rho_(etaLcl,etaLvc)":0.97568762847},"failed_clients":[],"attempt":1,"files":{"result":"/project/temp/deferiprone_single_oral_25mgkg_designcheck_20260511/validation/design_change_n403030_wtmclustT10_nomix_site403030_nondesignquota_precisionchol_basefitbootinit_preboot_20260521/runs/scenario2/bootstrap/federated/scenario2/raw_runs/run_20260523-052007/optim_result_trial_246_20260523-052007.json","trace":"/project/temp/deferiprone_single_oral_25mgkg_designcheck_20260511/validation/design_change_n403030_wtmclustT10_nomix_site403030_nondesignquota_precisionchol_basefitbootinit_preboot_20260521/runs/scenario2/bootstrap/federated/scenario2/raw_runs/run_20260523-052007/optim_trace_trial_246_20260523-052007.csv","final":"/project/temp/deferiprone_single_oral_25mgkg_designcheck_20260511/validation/design_change_n403030_wtmclustT10_nomix_site403030_nondesignquota_precisionchol_basefitbootinit_preboot_20260521/runs/scenario2/bootstrap/federated/scenario2/raw_runs/run_20260523-052007/final_params_trial_246_20260523-052007.csv"},"log_n":28,"execution_state":"completed","trial":246,"attempts":1},{"tag":"trial_247_20260523-052339","value":2195.4117,"counts":[25,25],"control":{"maxit":100,"factr":1000000000,"pgtol":0,"trace":0,"method":"L-BFGS-B"},"convergence":0,"message":"CONVERGENCE: REL_REDUCTION_OF_F <= FACTR*EPSMCH","nat_par":{"lka":2.3386982561,"lcl":2.1570791545,"lvc":2.9911322843,"CcPropSd":0.35993225946,"etaLcl":0.077984027062,"etaLvc":0.026845742855,"(etaLcl,etaLvc)":0.044466192365,"rho_(etaLcl,etaLvc)":0.9718279837},"failed_clients":[],"attempt":1,"files":{"result":"/project/temp/deferiprone_single_oral_25mgkg_designcheck_20260511/validation/design_change_n403030_wtmclustT10_nomix_site403030_nondesignquota_precisionchol_basefitbootinit_preboot_20260521/runs/scenario2/bootstrap/federated/scenario2/raw_runs/run_20260523-052007/optim_result_trial_247_20260523-052339.json","trace":"/project/temp/deferiprone_single_oral_25mgkg_designcheck_20260511/validation/design_change_n403030_wtmclustT10_nomix_site403030_nondesignquota_precisionchol_basefitbootinit_preboot_20260521/runs/scenario2/bootstrap/federated/scenario2/raw_runs/run_20260523-052007/optim_trace_trial_247_20260523-052339.csv","final":"/project/temp/deferiprone_single_oral_25mgkg_designcheck_20260511/validation/design_change_n403030_wtmclustT10_nomix_site403030_nondesignquota_precisionchol_basefitbootinit_preboot_20260521/runs/scenario2/bootstrap/federated/scenario2/raw_runs/run_20260523-052007/final_params_trial_247_20260523-052339.csv"},"log_n":25,"execution_state":"completed","trial":247,"attempts":1},{"tag":"trial_248_20260523-052649","value":2175.4403,"counts":[20,20],"control":{"maxit":100,"factr":1000000000,"pgtol":0,"trace":0,"method":"L-BFGS-B"},"convergence":0,"message":"CONVERGENCE: REL_REDUCTION_OF_F <= FACTR*EPSMCH","nat_par":{"lka":2.0934017075,"lcl":2.1896421487,"lvc":2.9507839538,"CcPropSd":0.33838260871,"etaLcl":0.11342243272,"etaLvc":0.024540108034,"(etaLcl,etaLvc)":0.051142169533,"rho_(etaLcl,etaLvc)":0.96937414793},"failed_clients":[],"attempt":1,"files":{"result":"/project/temp/deferiprone_single_oral_25mgkg_designcheck_20260511/validation/design_change_n403030_wtmclustT10_nomix_site403030_nondesignquota_precisionchol_basefitbootinit_preboot_20260521/runs/scenario2/bootstrap/federated/scenario2/raw_runs/run_20260523-052007/optim_result_trial_248_20260523-052649.json","trace":"/project/temp/deferiprone_single_oral_25mgkg_designcheck_20260511/validation/design_change_n403030_wtmclustT10_nomix_site403030_nondesignquota_precisionchol_basefitbootinit_preboot_20260521/runs/scenario2/bootstrap/federated/scenario2/raw_runs/run_20260523-052007/optim_trace_trial_248_20260523-052649.csv","final":"/project/temp/deferiprone_single_oral_25mgkg_designcheck_20260511/validation/design_change_n403030_wtmclustT10_nomix_site403030_nondesignquota_precisionchol_basefitbootinit_preboot_20260521/runs/scenario2/bootstrap/federated/scenario2/raw_runs/run_20260523-052007/final_params_trial_248_20260523-052649.csv"},"log_n":20,"execution_state":"completed","trial":248,"attempts":1},{"tag":"trial_249_20260523-052922","value":2149.5879,"counts":[19,19],"control":{"maxit":100,"factr":1000000000,"pgtol":0,"trace":0,"method":"L-BFGS-B"},"convergence":0,"message":"CONVERGENCE: REL_REDUCTION_OF_F <= FACTR*EPSMCH","nat_par":{"lka":2.2272107906,"lcl":2.1628995572,"lvc":2.9430324987,"CcPropSd":0.33397500374,"etaLcl":0.071534518012,"etaLvc":0.041466639272,"(etaLcl,etaLvc)":0.053452541442,"rho_(etaLcl,etaLvc)":0.98143402856},"failed_clients":[],"attempt":1,"files":{"result":"/project/temp/deferiprone_single_oral_25mgkg_designcheck_20260511/validation/design_change_n403030_wtmclustT10_nomix_site403030_nondesignquota_precisionchol_basefitbootinit_preboot_20260521/runs/scenario2/bootstrap/federated/scenario2/raw_runs/run_20260523-052007/optim_result_trial_249_20260523-052922.json","trace":"/project/temp/deferiprone_single_oral_25mgkg_designcheck_20260511/validation/design_change_n403030_wtmclustT10_nomix_site403030_nondesignquota_precisionchol_basefitbootinit_preboot_20260521/runs/scenario2/bootstrap/federated/scenario2/raw_runs/run_20260523-052007/optim_trace_trial_249_20260523-052922.csv","final":"/project/temp/deferiprone_single_oral_25mgkg_designcheck_20260511/validation/design_change_n403030_wtmclustT10_nomix_site403030_nondesignquota_precisionchol_basefitbootinit_preboot_20260521/runs/scenario2/bootstrap/federated/scenario2/raw_runs/run_20260523-052007/final_params_trial_249_20260523-052922.csv"},"log_n":19,"execution_state":"completed","trial":249,"attempts":1},{"tag":"trial_250_20260523-053146","value":2237.5059,"counts":[19,19],"control":{"maxit":100,"factr":1000000000,"pgtol":0,"trace":0,"method":"L-BFGS-B"},"convergence":0,"message":"CONVERGENCE: REL_REDUCTION_OF_F <= FACTR*EPSMCH","nat_par":{"lka":2.1033110001,"lcl":2.1404768171,"lvc":2.9404733029,"CcPropSd":0.37210101714,"etaLcl":0.071754171459,"etaLvc":0.030212178738,"(etaLcl,etaLvc)":0.045387670495,"rho_(etaLcl,etaLvc)":0.97481744735},"failed_clients":[],"attempt":1,"files":{"result":"/project/temp/deferiprone_single_oral_25mgkg_designcheck_20260511/validation/design_change_n403030_wtmclustT10_nomix_site403030_nondesignquota_precisionchol_basefitbootinit_preboot_20260521/runs/scenario2/bootstrap/federated/scenario2/raw_runs/run_20260523-052007/optim_result_trial_250_20260523-053146.json","trace":"/project/temp/deferiprone_single_oral_25mgkg_designcheck_20260511/validation/design_change_n403030_wtmclustT10_nomix_site403030_nondesignquota_precisionchol_basefitbootinit_preboot_20260521/runs/scenario2/bootstrap/federated/scenario2/raw_runs/run_20260523-052007/optim_trace_trial_250_20260523-053146.csv","final":"/project/temp/deferiprone_single_oral_25mgkg_designcheck_20260511/validation/design_change_n403030_wtmclustT10_nomix_site403030_nondesignquota_precisionchol_basefitbootinit_preboot_20260521/runs/scenario2/bootstrap/federated/scenario2/raw_runs/run_20260523-052007/final_params_trial_250_20260523-053146.csv"},"log_n":19,"execution_state":"completed","trial":250,"attempts":1}],"trial_status":[{"trial":246,"execution_state":"completed","converged":true,"attempts":1,"convergence":0,"value":2207.8242,"eval_fn":28,"eval_gr":28,"log_n":28,"failed_clients_n":0,"message":"CONVERGENCE: REL_REDUCTION_OF_F <= FACTR*EPSMCH","result_file":"/project/temp/deferiprone_single_oral_25mgkg_designcheck_20260511/validation/design_change_n403030_wtmclustT10_nomix_site403030_nondesignquota_precisionchol_basefitbootinit_preboot_20260521/runs/scenario2/bootstrap/federated/scenario2/raw_runs/run_20260523-052007/optim_result_trial_246_20260523-052007.json","trace_file":"/project/temp/deferiprone_single_oral_25mgkg_designcheck_20260511/validation/design_change_n403030_wtmclustT10_nomix_site403030_nondesignquota_precisionchol_basefitbootinit_preboot_20260521/runs/scenario2/bootstrap/federated/scenario2/raw_runs/run_20260523-052007/optim_trace_trial_246_20260523-052007.csv","final_file":"/project/temp/deferiprone_single_oral_25mgkg_designcheck_20260511/validation/design_change_n403030_wtmclustT10_nomix_site403030_nondesignquota_precisionchol_basefitbootinit_preboot_20260521/runs/scenario2/bootstrap/federated/scenario2/raw_runs/run_20260523-052007/final_params_trial_246_20260523-052007.csv"},{"trial":247,"execution_state":"completed","converged":true,"attempts":1,"convergence":0,"value":2195.4117,"eval_fn":25,"eval_gr":25,"log_n":25,"failed_clients_n":0,"message":"CONVERGENCE: REL_REDUCTION_OF_F <= FACTR*EPSMCH","result_file":"/project/temp/deferiprone_single_oral_25mgkg_designcheck_20260511/validation/design_change_n403030_wtmclustT10_nomix_site403030_nondesignquota_precisionchol_basefitbootinit_preboot_20260521/runs/scenario2/bootstrap/federated/scenario2/raw_runs/run_20260523-052007/optim_result_trial_247_20260523-052339.json","trace_file":"/project/temp/deferiprone_single_oral_25mgkg_designcheck_20260511/validation/design_change_n403030_wtmclustT10_nomix_site403030_nondesignquota_precisionchol_basefitbootinit_preboot_20260521/runs/scenario2/bootstrap/federated/scenario2/raw_runs/run_20260523-052007/optim_trace_trial_247_20260523-052339.csv","final_file":"/project/temp/deferiprone_single_oral_25mgkg_designcheck_20260511/validation/design_change_n403030_wtmclustT10_nomix_site403030_nondesignquota_precisionchol_basefitbootinit_preboot_20260521/runs/scenario2/bootstrap/federated/scenario2/raw_runs/run_20260523-052007/final_params_trial_247_20260523-052339.csv"},{"trial":248,"execution_state":"completed","converged":true,"attempts":1,"convergence":0,"value":2175.4403,"eval_fn":20,"eval_gr":20,"log_n":20,"failed_clients_n":0,"message":"CONVERGENCE: REL_REDUCTION_OF_F <= FACTR*EPSMCH","result_file":"/project/temp/deferiprone_single_oral_25mgkg_designcheck_20260511/validation/design_change_n403030_wtmclustT10_nomix_site403030_nondesignquota_precisionchol_basefitbootinit_preboot_20260521/runs/scenario2/bootstrap/federated/scenario2/raw_runs/run_20260523-052007/optim_result_trial_248_20260523-052649.json","trace_file":"/project/temp/deferiprone_single_oral_25mgkg_designcheck_20260511/validation/design_change_n403030_wtmclustT10_nomix_site403030_nondesignquota_precisionchol_basefitbootinit_preboot_20260521/runs/scenario2/bootstrap/federated/scenario2/raw_runs/run_20260523-052007/optim_trace_trial_248_20260523-052649.csv","final_file":"/project/temp/deferiprone_single_oral_25mgkg_designcheck_20260511/validation/design_change_n403030_wtmclustT10_nomix_site403030_nondesignquota_precisionchol_basefitbootinit_preboot_20260521/runs/scenario2/bootstrap/federated/scenario2/raw_runs/run_20260523-052007/final_params_trial_248_20260523-052649.csv"},{"trial":249,"execution_state":"completed","converged":true,"attempts":1,"convergence":0,"value":2149.5879,"eval_fn":19,"eval_gr":19,"log_n":19,"failed_clients_n":0,"message":"CONVERGENCE: REL_REDUCTION_OF_F <= FACTR*EPSMCH","result_file":"/project/temp/deferiprone_single_oral_25mgkg_designcheck_20260511/validation/design_change_n403030_wtmclustT10_nomix_site403030_nondesignquota_precisionchol_basefitbootinit_preboot_20260521/runs/scenario2/bootstrap/federated/scenario2/raw_runs/run_20260523-052007/optim_result_trial_249_20260523-052922.json","trace_file":"/project/temp/deferiprone_single_oral_25mgkg_designcheck_20260511/validation/design_change_n403030_wtmclustT10_nomix_site403030_nondesignquota_precisionchol_basefitbootinit_preboot_20260521/runs/scenario2/bootstrap/federated/scenario2/raw_runs/run_20260523-052007/optim_trace_trial_249_20260523-052922.csv","final_file":"/project/temp/deferiprone_single_oral_25mgkg_designcheck_20260511/validation/design_change_n403030_wtmclustT10_nomix_site403030_nondesignquota_precisionchol_basefitbootinit_preboot_20260521/runs/scenario2/bootstrap/federated/scenario2/raw_runs/run_20260523-052007/final_params_trial_249_20260523-052922.csv"},{"trial":250,"execution_state":"completed","converged":true,"attempts":1,"convergence":0,"value":2237.5059,"eval_fn":19,"eval_gr":19,"log_n":19,"failed_clients_n":0,"message":"CONVERGENCE: REL_REDUCTION_OF_F <= FACTR*EPSMCH","result_file":"/project/temp/deferiprone_single_oral_25mgkg_designcheck_20260511/validation/design_change_n403030_wtmclustT10_nomix_site403030_nondesignquota_precisionchol_basefitbootinit_preboot_20260521/runs/scenario2/bootstrap/federated/scenario2/raw_runs/run_20260523-052007/optim_result_trial_250_20260523-053146.json","trace_file":"/project/temp/deferiprone_single_oral_25mgkg_designcheck_20260511/validation/design_change_n403030_wtmclustT10_nomix_site403030_nondesignquota_precisionchol_basefitbootinit_preboot_20260521/runs/scenario2/bootstrap/federated/scenario2/raw_runs/run_20260523-052007/optim_trace_trial_250_20260523-053146.csv","final_file":"/project/temp/deferiprone_single_oral_25mgkg_designcheck_20260511/validation/design_change_n403030_wtmclustT10_nomix_site403030_nondesignquota_precisionchol_basefitbootinit_preboot_20260521/runs/scenario2/bootstrap/federated/scenario2/raw_runs/run_20260523-052007/final_params_trial_250_20260523-053146.csv"}],"info":{"run_id":"20260523-052007","log_base_dir":"/project/temp/deferiprone_single_oral_25mgkg_designcheck_20260511/validation/design_change_n403030_wtmclustT10_nomix_site403030_nondesignquota_precisionchol_basefitbootinit_preboot_20260521/runs/scenario2/bootstrap/federated","scenario":"scenario2/raw_runs","total_trials":5,"successes":5,"failures":0,"nonconverged_count":0,"nonconverged_trials":[],"convergence_missing_count":0,"seed_base":4869,"B_per_client":500,"duration_sec":850.209035635,"host":"916520c45e18","image_tag":null,"communication":{"generated_at":"2026-05-23T05:34:12Z","totals":{"requests":669,"request_bytes":746427,"response_bytes":169846,"total_bytes":916273,"retries":0},"init":{"requests":3,"request_bytes":8139,"response_bytes":1161,"total_bytes":9300,"retries":0,"median_elapsed_sec":0.37349176407},"init_round_latency":{"n_rounds":1,"median_round_wall_sec":0.38435339928,"p95_round_wall_sec":0.38435339928},"run":{"requests":0,"request_bytes":0,"response_bytes":0,"total_bytes":0,"retries":0,"median_elapsed_sec":"NA"},"run_bootstrap":{"requests":666,"request_bytes":738288,"response_bytes":168685,"total_bytes":906973,"retries":0,"median_elapsed_sec":3.6531260014},"round_latency":{"n_rounds":222,"median_round_wall_sec":3.7661639452,"p95_round_wall_sec":3.9982325792},"timing_split":{"n_rounds":222,"rounds_with_compute":222,"total_round_wall_sec":839.6338310242,"total_round_compute_wall_sec":832.3145,"total_round_comm_overhead_wall_sec":7.3193310242,"comm_overhead_ratio":0.0087172893156,"compute_ratio":0.99128271068}},"communication_files":{"csv":"/project/temp/deferiprone_single_oral_25mgkg_designcheck_20260511/validation/design_change_n403030_wtmclustT10_nomix_site403030_nondesignquota_precisionchol_basefitbootinit_preboot_20260521/runs/scenario2/bootstrap/federated/scenario2/raw_runs/run_20260523-052007/comm_metrics.csv","json":"/project/temp/deferiprone_single_oral_25mgkg_designcheck_20260511/validation/design_change_n403030_wtmclustT10_nomix_site403030_nondesignquota_precisionchol_basefitbootinit_preboot_20260521/runs/scenario2/bootstrap/federated/scenario2/raw_runs/run_20260523-052007/comm_metrics.json"},"output_files":{"bootstrap_summary_csv":"/project/temp/deferiprone_single_oral_25mgkg_designcheck_20260511/validation/design_change_n403030_wtmclustT10_nomix_site403030_nondesignquota_precisionchol_basefitbootinit_preboot_20260521/runs/scenario2/bootstrap/federated/scenario2/raw_runs/run_20260523-052007/bootstrap_summary.csv","bootstrap_summary_json":"/project/temp/deferiprone_single_oral_25mgkg_designcheck_20260511/validation/design_change_n403030_wtmclustT10_nomix_site403030_nondesignquota_precisionchol_basefitbootinit_preboot_20260521/runs/scenario2/bootstrap/federated/scenario2/raw_runs/run_20260523-052007/bootstrap_summary.json","trial_status_csv":"/project/temp/deferiprone_single_oral_25mgkg_designcheck_20260511/validation/design_change_n403030_wtmclustT10_nomix_site403030_nondesignquota_precisionchol_basefitbootinit_preboot_20260521/runs/scenario2/bootstrap/federated/scenario2/raw_runs/run_20260523-052007/trial_status.csv","failed_trials_csv":"/project/temp/deferiprone_single_oral_25mgkg_designcheck_20260511/validation/design_change_n403030_wtmclustT10_nomix_site403030_nondesignquota_precisionchol_basefitbootinit_preboot_20260521/runs/scenario2/bootstrap/federated/scenario2/raw_runs/run_20260523-052007/failed_trials.csv","trial_estimates_wide_csv":"/project/temp/deferiprone_single_oral_25mgkg_designcheck_20260511/validation/design_change_n403030_wtmclustT10_nomix_site403030_nondesignquota_precisionchol_basefitbootinit_preboot_20260521/runs/scenario2/bootstrap/federated/scenario2/raw_runs/run_20260523-052007/trial_estimates_wide.csv","trial_estimates_long_csv":"/project/temp/deferiprone_single_oral_25mgkg_designcheck_20260511/validation/design_change_n403030_wtmclustT10_nomix_site403030_nondesignquota_precisionchol_basefitbootinit_preboot_20260521/runs/scenario2/bootstrap/federated/scenario2/raw_runs/run_20260523-052007/trial_estimates_long.csv","result_json":"/project/temp/deferiprone_single_oral_25mgkg_designcheck_20260511/validation/design_change_n403030_wtmclustT10_nomix_site403030_nondesignquota_precisionchol_basefitbootinit_preboot_20260521/runs/scenario2/bootstrap/federated/scenario2/raw_runs/run_20260523-052007/result.json"}}}
[Kserver-1 exited with code 0
Aborting on container exit...
 Container defboot_design_change_n403030_wtmclu_scenario2_246_250-server-1  Stopping
 Container defboot_design_change_n403030_wtmclu_scenario2_246_250-server-1  Stopped
 Container defboot_design_change_n403030_wtmclu_scenario2_246_250-client1-1  Stopping
 Container defboot_design_change_n403030_wtmclu_scenario2_246_250-client3-1  Stopping
 Container defboot_design_change_n403030_wtmclu_scenario2_246_250-client2-1  Stopping
 Container defboot_design_change_n403030_wtmclu_scenario2_246_250-client3-1  Stopped
 Container defboot_design_change_n403030_wtmclu_scenario2_246_250-client2-1  Stopped
 Container defboot_design_change_n403030_wtmclu_scenario2_246_250-client1-1  Stopped
time="2026-05-23T14:34:23+09:00" level=warning msg="The \"SERVER_CONFIG_PATH\" variable is not set. Defaulting to a blank string."
 Container defboot_design_change_n403030_wtmclu_scenario2_246_250-server-1  Stopping
 Container defboot_design_change_n403030_wtmclu_scenario2_246_250-server-1  Stopped
 Container defboot_design_change_n403030_wtmclu_scenario2_246_250-server-1  Removing
 Container defboot_design_change_n403030_wtmclu_scenario2_246_250-server-1  Removed
 Container defboot_design_change_n403030_wtmclu_scenario2_246_250-client1-1  Stopping
 Container defboot_design_change_n403030_wtmclu_scenario2_246_250-client2-1  Stopping
 Container defboot_design_change_n403030_wtmclu_scenario2_246_250-client3-1  Stopping
 Container defboot_design_change_n403030_wtmclu_scenario2_246_250-client1-1  Stopped
 Container defboot_design_change_n403030_wtmclu_scenario2_246_250-client1-1  Removing
 Container defboot_design_change_n403030_wtmclu_scenario2_246_250-client2-1  Stopped
 Container defboot_design_change_n403030_wtmclu_scenario2_246_250-client2-1  Removing
 Container defboot_design_change_n403030_wtmclu_scenario2_246_250-client3-1  Stopped
 Container defboot_design_change_n403030_wtmclu_scenario2_246_250-client3-1  Removing
 Container defboot_design_change_n403030_wtmclu_scenario2_246_250-client2-1  Removed
 Container defboot_design_change_n403030_wtmclu_scenario2_246_250-client1-1  Removed
 Container defboot_design_change_n403030_wtmclu_scenario2_246_250-client3-1  Removed
 Network defboot_design_change_n403030_wtmclu_scenario2_246_250_site3_net  Removing
 Network defboot_design_change_n403030_wtmclu_scenario2_246_250_site1_net  Removing
 Network defboot_design_change_n403030_wtmclu_scenario2_246_250_site2_net  Removing
 Network defboot_design_change_n403030_wtmclu_scenario2_246_250_site3_net  Removed
 Network defboot_design_change_n403030_wtmclu_scenario2_246_250_site1_net  Removed
 Network defboot_design_change_n403030_wtmclu_scenario2_246_250_site2_net  Removed
