time="2026-05-22T17:22:28+09:00" level=warning msg="The \"SERVER_CONFIG_PATH\" variable is not set. Defaulting to a blank string."
Compose now can delegate build to bake for better performances
Just set COMPOSE_BAKE=true
#0 building with "default" instance using docker driver

#1 [client1 internal] load build definition from Dockerfile.app
#1 transferring dockerfile: 778B done
#1 DONE 0.0s

#2 [client2 internal] load build definition from Dockerfile.app
#2 transferring dockerfile: 778B done
#2 DONE 0.0s

#3 [client3 internal] load build definition from Dockerfile.app
#3 transferring dockerfile: 778B done
#3 DONE 0.0s

#4 [client3 internal] load metadata for docker.io/fedpoppk/base:0.1.0
#4 DONE 0.0s

#5 [client1 internal] load .dockerignore
#5 transferring context: 2B done
#5 DONE 0.0s

#6 [client2 internal] load .dockerignore
#6 transferring context: 2B done
#6 DONE 0.0s

#7 [client2 1/8] FROM docker.io/fedpoppk/base:0.1.0
#7 DONE 0.0s

#8 [client3 internal] load .dockerignore
#8 transferring context: 2B done
#8 DONE 0.0s

#9 [client1 internal] load build context
#9 transferring context: 736.51kB 0.3s done
#9 DONE 0.3s

#10 [client2 internal] load build context
#10 transferring context: 736.51kB 0.3s done
#10 DONE 0.3s

#11 [client3 internal] load build context
#11 transferring context: 736.51kB 0.3s done
#11 DONE 0.3s

#12 [client1 7/8] COPY analysis/ analysis/
#12 CACHED

#13 [client1 2/8] WORKDIR /project
#13 CACHED

#14 [client1 3/8] COPY renv.lock .Rprofile renv/activate.R ./
#14 CACHED

#15 [client1 5/8] COPY apps/ apps/
#15 CACHED

#16 [client1 4/8] RUN Rscript -e "options(renv.consent=TRUE, Ncpus=parallel::detectCores());                 renv::restore(prompt=FALSE)"
#16 CACHED

#17 [client1 6/8] COPY R/ R/
#17 CACHED

#18 [client3 8/8] RUN mkdir -p /project/configs/modes /project/data /project/artifacts /project/result
#18 CACHED

#19 [client1] exporting to image
#19 exporting layers done
#19 writing image sha256:f0a358f551cefcdb64f15940b4ac3a65a2a7f0c865400c26a7df95922f90c8ef done
#19 naming to docker.io/library/defboot_design_change_n403030_wtmclu_scenario1_341_345-client1 0.0s done
#19 DONE 0.0s

#20 [client2] exporting to image
#20 exporting layers done
#20 writing image sha256:e39eb82208ec47cae4963e8400a40b1b8334e8272140def9d1fcfc127df0a81a done
#20 naming to docker.io/library/defboot_design_change_n403030_wtmclu_scenario1_341_345-client2 0.0s done
#20 DONE 0.0s

#21 [client3] exporting to image
#21 exporting layers done
#21 writing image sha256:dfedf4ad4e31f073a3591791842ff0613a05e3b874c37fa4bb498a4956977c2a done
#21 naming to docker.io/library/defboot_design_change_n403030_wtmclu_scenario1_341_345-client3 0.0s done
#21 DONE 0.1s

#22 [client1] resolving provenance for metadata file
#22 DONE 0.0s

#23 [client2] resolving provenance for metadata file
#23 DONE 0.0s

#24 [client3] resolving provenance for metadata file
#24 DONE 0.0s

#25 [server internal] load build definition from Dockerfile.app
#25 transferring dockerfile: 778B done
#25 DONE 0.0s

#4 [server internal] load metadata for docker.io/fedpoppk/base:0.1.0
#4 DONE 0.0s

#26 [server internal] load .dockerignore
#26 transferring context: 2B done
#26 DONE 0.0s

#7 [server 1/8] FROM docker.io/fedpoppk/base:0.1.0
#7 DONE 0.0s

#27 [server internal] load build context
#27 transferring context: 736.51kB 0.3s done
#27 DONE 0.4s

#28 [server 5/8] COPY apps/ apps/
#28 CACHED

#29 [server 6/8] COPY R/ R/
#29 CACHED

#30 [server 3/8] COPY renv.lock .Rprofile renv/activate.R ./
#30 CACHED

#31 [server 4/8] RUN Rscript -e "options(renv.consent=TRUE, Ncpus=parallel::detectCores());                 renv::restore(prompt=FALSE)"
#31 CACHED

#32 [server 7/8] COPY analysis/ analysis/
#32 CACHED

#13 [server 2/8] WORKDIR /project
#13 CACHED

#33 [server 8/8] RUN mkdir -p /project/configs/modes /project/data /project/artifacts /project/result
#33 CACHED

#34 [server] exporting to image
#34 exporting layers done
#34 writing image sha256:8e615e80bf27dfd1177d820f6f8c1a6fd6f4dbd729242ebb36a7ce17de030344 done
#34 naming to docker.io/library/defboot_design_change_n403030_wtmclu_scenario1_341_345-server 0.0s done
#34 DONE 0.0s

#35 [server] resolving provenance for metadata file
#35 DONE 0.0s
 client1  Built
 client2  Built
 client3  Built
 server  Built
 Network defboot_design_change_n403030_wtmclu_scenario1_341_345_site2_net  Creating
 Network defboot_design_change_n403030_wtmclu_scenario1_341_345_site2_net  Created
 Network defboot_design_change_n403030_wtmclu_scenario1_341_345_site3_net  Creating
 Network defboot_design_change_n403030_wtmclu_scenario1_341_345_site3_net  Created
 Network defboot_design_change_n403030_wtmclu_scenario1_341_345_site1_net  Creating
 Network defboot_design_change_n403030_wtmclu_scenario1_341_345_site1_net  Created
 Container defboot_design_change_n403030_wtmclu_scenario1_341_345-client1-1  Creating
 Container defboot_design_change_n403030_wtmclu_scenario1_341_345-client3-1  Creating
 Container defboot_design_change_n403030_wtmclu_scenario1_341_345-client2-1  Creating
 Container defboot_design_change_n403030_wtmclu_scenario1_341_345-client1-1  Created
 Container defboot_design_change_n403030_wtmclu_scenario1_341_345-client2-1  Created
 Container defboot_design_change_n403030_wtmclu_scenario1_341_345-client3-1  Created
 Container defboot_design_change_n403030_wtmclu_scenario1_341_345-server-1  Creating
 Container defboot_design_change_n403030_wtmclu_scenario1_341_345-server-1  Created
Attaching to client1-1, client2-1, client3-1, server-1
client3-1  | Running plumber API at http://0.0.0.0:8000
client2-1  | Running plumber API at http://0.0.0.0:8000
client3-1  | Running swagger Docs at http://127.0.0.1:8000/__docs__/
client2-1  | Running swagger Docs at http://127.0.0.1:8000/__docs__/
client1-1  | Running plumber API at http://0.0.0.0:8000
client1-1  | Running swagger Docs at http://127.0.0.1:8000/__docs__/
client1-1  | ℹ parameter labels from comments are typically ignored in non-interactive mode
client1-1  | ℹ Need to run with the source intact to parse comments
client2-1  | ℹ parameter labels from comments are typically ignored in non-interactive mode
client2-1  | ℹ Need to run with the source intact to parse comments
client3-1  | ℹ parameter labels from comments are typically ignored in non-interactive mode
client3-1  | ℹ Need to run with the source intact to parse comments
server-1   | [send_init] http://client1:8000 init succeeded
server-1   | [send_init] http://client2:8000 init succeeded
server-1   | [send_init] http://client3:8000 init succeeded
server-1   | {"schema":{"schema_version":"1.1.0","generated_at":"2026-05-22T08:22:37Z","config_path":"/project/configs/../temp/deferiprone_single_oral_25mgkg_designcheck_20260511/validation/design_change_n403030_wtmclustT10_nomix_site403030_nondesignquota_precisionchol_basefitbootinit_preboot_20260521/configs/resolved/scenario1_bootstrap.json","config_md5":"9d7556058a6c3cb18af9ad7ffdd7076b","seed":4869,"host":"ac61866b7741","pid":1,"image_tag":null,"git_sha":null,"git_dirty":null},"aggregation":{"ci_method":"percentile","ci_level":0.95,"quantile_type":7,"estimates_scale":"natural"},"summary":[{"parameter":"(etaLcl,etaLvc)","median":0.057538707459,"p2.5":0.04802905253,"p97.5":0.089600622555},{"parameter":"CcPropSd","median":0.3608999775,"p2.5":0.33416464042,"p97.5":0.38147537782},{"parameter":"etaLcl","median":0.11989187993,"p2.5":0.077759840008,"p97.5":0.13478518266},{"parameter":"etaLvc","median":0.036698460505,"p2.5":0.026943743107,"p97.5":0.065482322038},{"parameter":"lcl","median":2.1543176304,"p2.5":2.1354165834,"p97.5":2.1937584731},{"parameter":"lka","median":2.2548938795,"p2.5":2.1079237405,"p97.5":2.3575309504},{"parameter":"lvc","median":2.9643395917,"p2.5":2.9268366484,"p97.5":3.0089409313},{"parameter":"rho_(etaLcl,etaLvc)","median":0.97914152316,"p2.5":0.97192332342,"p97.5":0.98810417737}],"runs":[{"tag":"trial_341_20260522-082237","value":2246.54,"counts":[18,18],"control":{"maxit":100,"factr":1000000000,"pgtol":0,"trace":0,"method":"L-BFGS-B"},"convergence":0,"message":"CONVERGENCE: REL_REDUCTION_OF_F <= FACTR*EPSMCH","nat_par":{"lka":2.2224275,"lcl":2.1396470513,"lvc":2.9271782429,"CcPropSd":0.37857663071,"etaLcl":0.075944464154,"etaLvc":0.030939865316,"(etaLcl,etaLvc)":0.047281002818,"rho_(etaLcl,etaLvc)":0.97539249293},"failed_clients":[],"attempt":1,"files":{"result":"/project/temp/deferiprone_single_oral_25mgkg_designcheck_20260511/validation/design_change_n403030_wtmclustT10_nomix_site403030_nondesignquota_precisionchol_basefitbootinit_preboot_20260521/runs/scenario1/bootstrap/federated/scenario1/raw_runs/run_20260522-082237/optim_result_trial_341_20260522-082237.json","trace":"/project/temp/deferiprone_single_oral_25mgkg_designcheck_20260511/validation/design_change_n403030_wtmclustT10_nomix_site403030_nondesignquota_precisionchol_basefitbootinit_preboot_20260521/runs/scenario1/bootstrap/federated/scenario1/raw_runs/run_20260522-082237/optim_trace_trial_341_20260522-082237.csv","final":"/project/temp/deferiprone_single_oral_25mgkg_designcheck_20260511/validation/design_change_n403030_wtmclustT10_nomix_site403030_nondesignquota_precisionchol_basefitbootinit_preboot_20260521/runs/scenario1/bootstrap/federated/scenario1/raw_runs/run_20260522-082237/final_params_trial_341_20260522-082237.csv"},"log_n":18,"execution_state":"completed","trial":341,"attempts":1},{"tag":"trial_342_20260522-082453","value":2264.2461,"counts":[24,24],"control":{"maxit":100,"factr":1000000000,"pgtol":0,"trace":0,"method":"L-BFGS-B"},"convergence":0,"message":"CONVERGENCE: REL_REDUCTION_OF_F <= FACTR*EPSMCH","nat_par":{"lka":2.3679643166,"lcl":2.1543176304,"lvc":2.9643395917,"CcPropSd":0.38179746083,"etaLcl":0.12461057859,"etaLvc":0.066480609625,"(etaLcl,etaLvc)":0.089953026615,"rho_(etaLcl,etaLvc)":0.9883046246},"failed_clients":[],"attempt":1,"files":{"result":"/project/temp/deferiprone_single_oral_25mgkg_designcheck_20260511/validation/design_change_n403030_wtmclustT10_nomix_site403030_nondesignquota_precisionchol_basefitbootinit_preboot_20260521/runs/scenario1/bootstrap/federated/scenario1/raw_runs/run_20260522-082237/optim_result_trial_342_20260522-082453.json","trace":"/project/temp/deferiprone_single_oral_25mgkg_designcheck_20260511/validation/design_change_n403030_wtmclustT10_nomix_site403030_nondesignquota_precisionchol_basefitbootinit_preboot_20260521/runs/scenario1/bootstrap/federated/scenario1/raw_runs/run_20260522-082237/optim_trace_trial_342_20260522-082453.csv","final":"/project/temp/deferiprone_single_oral_25mgkg_designcheck_20260511/validation/design_change_n403030_wtmclustT10_nomix_site403030_nondesignquota_precisionchol_basefitbootinit_preboot_20260521/runs/scenario1/bootstrap/federated/scenario1/raw_runs/run_20260522-082237/final_params_trial_342_20260522-082453.csv"},"log_n":24,"execution_state":"completed","trial":342,"attempts":1},{"tag":"trial_343_20260522-082756","value":2214.7824,"counts":[37,37],"control":{"maxit":100,"factr":1000000000,"pgtol":0,"trace":0,"method":"L-BFGS-B"},"convergence":0,"message":"CONVERGENCE: REL_REDUCTION_OF_F <= FACTR*EPSMCH","nat_par":{"lka":2.2548938795,"lcl":2.1968118011,"lvc":3.0090246159,"CcPropSd":0.34122369637,"etaLcl":0.13591569422,"etaLvc":0.056497733751,"(etaLcl,etaLvc)":0.086428986017,"rho_(etaLcl,etaLvc)":0.98630015234},"failed_clients":[],"attempt":1,"files":{"result":"/project/temp/deferiprone_single_oral_25mgkg_designcheck_20260511/validation/design_change_n403030_wtmclustT10_nomix_site403030_nondesignquota_precisionchol_basefitbootinit_preboot_20260521/runs/scenario1/bootstrap/federated/scenario1/raw_runs/run_20260522-082237/optim_result_trial_343_20260522-082756.json","trace":"/project/temp/deferiprone_single_oral_25mgkg_designcheck_20260511/validation/design_change_n403030_wtmclustT10_nomix_site403030_nondesignquota_precisionchol_basefitbootinit_preboot_20260521/runs/scenario1/bootstrap/federated/scenario1/raw_runs/run_20260522-082237/optim_trace_trial_343_20260522-082756.csv","final":"/project/temp/deferiprone_single_oral_25mgkg_designcheck_20260511/validation/design_change_n403030_wtmclustT10_nomix_site403030_nondesignquota_precisionchol_basefitbootinit_preboot_20260521/runs/scenario1/bootstrap/federated/scenario1/raw_runs/run_20260522-082237/final_params_trial_343_20260522-082756.csv"},"log_n":36,"execution_state":"completed","trial":343,"attempts":1},{"tag":"trial_344_20260522-083229","value":2215.5432,"counts":[24,24],"control":{"maxit":100,"factr":1000000000,"pgtol":0,"trace":0,"method":"L-BFGS-B"},"convergence":0,"message":"CONVERGENCE: REL_REDUCTION_OF_F <= FACTR*EPSMCH","nat_par":{"lka":2.2636306542,"lcl":2.166278521,"lvc":3.0081877704,"CcPropSd":0.33338030087,"etaLcl":0.11989187993,"etaLvc":0.026499729529,"(etaLcl,etaLvc)":0.054761499938,"rho_(etaLcl,etaLvc)":0.97153786015},"failed_clients":[],"attempt":1,"files":{"result":"/project/temp/deferiprone_single_oral_25mgkg_designcheck_20260511/validation/design_change_n403030_wtmclustT10_nomix_site403030_nondesignquota_precisionchol_basefitbootinit_preboot_20260521/runs/scenario1/bootstrap/federated/scenario1/raw_runs/run_20260522-082237/optim_result_trial_344_20260522-083229.json","trace":"/project/temp/deferiprone_single_oral_25mgkg_designcheck_20260511/validation/design_change_n403030_wtmclustT10_nomix_site403030_nondesignquota_precisionchol_basefitbootinit_preboot_20260521/runs/scenario1/bootstrap/federated/scenario1/raw_runs/run_20260522-082237/optim_trace_trial_344_20260522-083229.csv","final":"/project/temp/deferiprone_single_oral_25mgkg_designcheck_20260511/validation/design_change_n403030_wtmclustT10_nomix_site403030_nondesignquota_precisionchol_basefitbootinit_preboot_20260521/runs/scenario1/bootstrap/federated/scenario1/raw_runs/run_20260522-082237/final_params_trial_344_20260522-083229.csv"},"log_n":24,"execution_state":"completed","trial":344,"attempts":1},{"tag":"trial_345_20260522-083531","value":2238.5566,"counts":[18,18],"control":{"maxit":100,"factr":1000000000,"pgtol":0,"trace":0,"method":"L-BFGS-B"},"convergence":0,"message":"CONVERGENCE: REL_REDUCTION_OF_F <= FACTR*EPSMCH","nat_par":{"lka":2.0952011005,"lcl":2.1349465314,"lvc":2.9267986935,"CcPropSd":0.3608999775,"etaLcl":0.094098222691,"etaLvc":0.036698460505,"(etaLcl,etaLvc)":0.057538707459,"rho_(etaLcl,etaLvc)":0.97914152316},"failed_clients":[],"attempt":1,"files":{"result":"/project/temp/deferiprone_single_oral_25mgkg_designcheck_20260511/validation/design_change_n403030_wtmclustT10_nomix_site403030_nondesignquota_precisionchol_basefitbootinit_preboot_20260521/runs/scenario1/bootstrap/federated/scenario1/raw_runs/run_20260522-082237/optim_result_trial_345_20260522-083531.json","trace":"/project/temp/deferiprone_single_oral_25mgkg_designcheck_20260511/validation/design_change_n403030_wtmclustT10_nomix_site403030_nondesignquota_precisionchol_basefitbootinit_preboot_20260521/runs/scenario1/bootstrap/federated/scenario1/raw_runs/run_20260522-082237/optim_trace_trial_345_20260522-083531.csv","final":"/project/temp/deferiprone_single_oral_25mgkg_designcheck_20260511/validation/design_change_n403030_wtmclustT10_nomix_site403030_nondesignquota_precisionchol_basefitbootinit_preboot_20260521/runs/scenario1/bootstrap/federated/scenario1/raw_runs/run_20260522-082237/final_params_trial_345_20260522-083531.csv"},"log_n":18,"execution_state":"completed","trial":345,"attempts":1}],"trial_status":[{"trial":341,"execution_state":"completed","converged":true,"attempts":1,"convergence":0,"value":2246.54,"eval_fn":18,"eval_gr":18,"log_n":18,"failed_clients_n":0,"message":"CONVERGENCE: REL_REDUCTION_OF_F <= FACTR*EPSMCH","result_file":"/project/temp/deferiprone_single_oral_25mgkg_designcheck_20260511/validation/design_change_n403030_wtmclustT10_nomix_site403030_nondesignquota_precisionchol_basefitbootinit_preboot_20260521/runs/scenario1/bootstrap/federated/scenario1/raw_runs/run_20260522-082237/optim_result_trial_341_20260522-082237.json","trace_file":"/project/temp/deferiprone_single_oral_25mgkg_designcheck_20260511/validation/design_change_n403030_wtmclustT10_nomix_site403030_nondesignquota_precisionchol_basefitbootinit_preboot_20260521/runs/scenario1/bootstrap/federated/scenario1/raw_runs/run_20260522-082237/optim_trace_trial_341_20260522-082237.csv","final_file":"/project/temp/deferiprone_single_oral_25mgkg_designcheck_20260511/validation/design_change_n403030_wtmclustT10_nomix_site403030_nondesignquota_precisionchol_basefitbootinit_preboot_20260521/runs/scenario1/bootstrap/federated/scenario1/raw_runs/run_20260522-082237/final_params_trial_341_20260522-082237.csv"},{"trial":342,"execution_state":"completed","converged":true,"attempts":1,"convergence":0,"value":2264.2461,"eval_fn":24,"eval_gr":24,"log_n":24,"failed_clients_n":0,"message":"CONVERGENCE: REL_REDUCTION_OF_F <= FACTR*EPSMCH","result_file":"/project/temp/deferiprone_single_oral_25mgkg_designcheck_20260511/validation/design_change_n403030_wtmclustT10_nomix_site403030_nondesignquota_precisionchol_basefitbootinit_preboot_20260521/runs/scenario1/bootstrap/federated/scenario1/raw_runs/run_20260522-082237/optim_result_trial_342_20260522-082453.json","trace_file":"/project/temp/deferiprone_single_oral_25mgkg_designcheck_20260511/validation/design_change_n403030_wtmclustT10_nomix_site403030_nondesignquota_precisionchol_basefitbootinit_preboot_20260521/runs/scenario1/bootstrap/federated/scenario1/raw_runs/run_20260522-082237/optim_trace_trial_342_20260522-082453.csv","final_file":"/project/temp/deferiprone_single_oral_25mgkg_designcheck_20260511/validation/design_change_n403030_wtmclustT10_nomix_site403030_nondesignquota_precisionchol_basefitbootinit_preboot_20260521/runs/scenario1/bootstrap/federated/scenario1/raw_runs/run_20260522-082237/final_params_trial_342_20260522-082453.csv"},{"trial":343,"execution_state":"completed","converged":true,"attempts":1,"convergence":0,"value":2214.7824,"eval_fn":37,"eval_gr":37,"log_n":36,"failed_clients_n":0,"message":"CONVERGENCE: REL_REDUCTION_OF_F <= FACTR*EPSMCH","result_file":"/project/temp/deferiprone_single_oral_25mgkg_designcheck_20260511/validation/design_change_n403030_wtmclustT10_nomix_site403030_nondesignquota_precisionchol_basefitbootinit_preboot_20260521/runs/scenario1/bootstrap/federated/scenario1/raw_runs/run_20260522-082237/optim_result_trial_343_20260522-082756.json","trace_file":"/project/temp/deferiprone_single_oral_25mgkg_designcheck_20260511/validation/design_change_n403030_wtmclustT10_nomix_site403030_nondesignquota_precisionchol_basefitbootinit_preboot_20260521/runs/scenario1/bootstrap/federated/scenario1/raw_runs/run_20260522-082237/optim_trace_trial_343_20260522-082756.csv","final_file":"/project/temp/deferiprone_single_oral_25mgkg_designcheck_20260511/validation/design_change_n403030_wtmclustT10_nomix_site403030_nondesignquota_precisionchol_basefitbootinit_preboot_20260521/runs/scenario1/bootstrap/federated/scenario1/raw_runs/run_20260522-082237/final_params_trial_343_20260522-082756.csv"},{"trial":344,"execution_state":"completed","converged":true,"attempts":1,"convergence":0,"value":2215.5432,"eval_fn":24,"eval_gr":24,"log_n":24,"failed_clients_n":0,"message":"CONVERGENCE: REL_REDUCTION_OF_F <= FACTR*EPSMCH","result_file":"/project/temp/deferiprone_single_oral_25mgkg_designcheck_20260511/validation/design_change_n403030_wtmclustT10_nomix_site403030_nondesignquota_precisionchol_basefitbootinit_preboot_20260521/runs/scenario1/bootstrap/federated/scenario1/raw_runs/run_20260522-082237/optim_result_trial_344_20260522-083229.json","trace_file":"/project/temp/deferiprone_single_oral_25mgkg_designcheck_20260511/validation/design_change_n403030_wtmclustT10_nomix_site403030_nondesignquota_precisionchol_basefitbootinit_preboot_20260521/runs/scenario1/bootstrap/federated/scenario1/raw_runs/run_20260522-082237/optim_trace_trial_344_20260522-083229.csv","final_file":"/project/temp/deferiprone_single_oral_25mgkg_designcheck_20260511/validation/design_change_n403030_wtmclustT10_nomix_site403030_nondesignquota_precisionchol_basefitbootinit_preboot_20260521/runs/scenario1/bootstrap/federated/scenario1/raw_runs/run_20260522-082237/final_params_trial_344_20260522-083229.csv"},{"trial":345,"execution_state":"completed","converged":true,"attempts":1,"convergence":0,"value":2238.5566,"eval_fn":18,"eval_gr":18,"log_n":18,"failed_clients_n":0,"message":"CONVERGENCE: REL_REDUCTION_OF_F <= FACTR*EPSMCH","result_file":"/project/temp/deferiprone_single_oral_25mgkg_designcheck_20260511/validation/design_change_n403030_wtmclustT10_nomix_site403030_nondesignquota_precisionchol_basefitbootinit_preboot_20260521/runs/scenario1/bootstrap/federated/scenario1/raw_runs/run_20260522-082237/optim_result_trial_345_20260522-083531.json","trace_file":"/project/temp/deferiprone_single_oral_25mgkg_designcheck_20260511/validation/design_change_n403030_wtmclustT10_nomix_site403030_nondesignquota_precisionchol_basefitbootinit_preboot_20260521/runs/scenario1/bootstrap/federated/scenario1/raw_runs/run_20260522-082237/optim_trace_trial_345_20260522-083531.csv","final_file":"/project/temp/deferiprone_single_oral_25mgkg_designcheck_20260511/validation/design_change_n403030_wtmclustT10_nomix_site403030_nondesignquota_precisionchol_basefitbootinit_preboot_20260521/runs/scenario1/bootstrap/federated/scenario1/raw_runs/run_20260522-082237/final_params_trial_345_20260522-083531.csv"}],"info":{"run_id":"20260522-082237","log_base_dir":"/project/temp/deferiprone_single_oral_25mgkg_designcheck_20260511/validation/design_change_n403030_wtmclustT10_nomix_site403030_nondesignquota_precisionchol_basefitbootinit_preboot_20260521/runs/scenario1/bootstrap/federated","scenario":"scenario1/raw_runs","total_trials":5,"successes":5,"failures":0,"nonconverged_count":0,"nonconverged_trials":[],"convergence_missing_count":0,"seed_base":4869,"B_per_client":500,"duration_sec":918.5842592716,"host":"ac61866b7741","image_tag":null,"communication":{"generated_at":"2026-05-22T08:37:50Z","totals":{"requests":723,"request_bytes":806259,"response_bytes":183243,"total_bytes":989502,"retries":0},"init":{"requests":3,"request_bytes":8139,"response_bytes":1161,"total_bytes":9300,"retries":0,"median_elapsed_sec":0.36435031891},"init_round_latency":{"n_rounds":1,"median_round_wall_sec":0.38961839676,"p95_round_wall_sec":0.38961839676},"run":{"requests":0,"request_bytes":0,"response_bytes":0,"total_bytes":0,"retries":0,"median_elapsed_sec":"NA"},"run_bootstrap":{"requests":720,"request_bytes":798120,"response_bytes":182082,"total_bytes":980202,"retries":0,"median_elapsed_sec":3.6437259912},"round_latency":{"n_rounds":240,"median_round_wall_sec":3.7662864923,"p95_round_wall_sec":4.0220900178},"timing_split":{"n_rounds":240,"rounds_with_compute":240,"total_round_wall_sec":907.6998870373,"total_round_compute_wall_sec":899.7339,"total_round_comm_overhead_wall_sec":7.9659870373,"comm_overhead_ratio":0.0087760141331,"compute_ratio":0.99122398587}},"communication_files":{"csv":"/project/temp/deferiprone_single_oral_25mgkg_designcheck_20260511/validation/design_change_n403030_wtmclustT10_nomix_site403030_nondesignquota_precisionchol_basefitbootinit_preboot_20260521/runs/scenario1/bootstrap/federated/scenario1/raw_runs/run_20260522-082237/comm_metrics.csv","json":"/project/temp/deferiprone_single_oral_25mgkg_designcheck_20260511/validation/design_change_n403030_wtmclustT10_nomix_site403030_nondesignquota_precisionchol_basefitbootinit_preboot_20260521/runs/scenario1/bootstrap/federated/scenario1/raw_runs/run_20260522-082237/comm_metrics.json"},"output_files":{"bootstrap_summary_csv":"/project/temp/deferiprone_single_oral_25mgkg_designcheck_20260511/validation/design_change_n403030_wtmclustT10_nomix_site403030_nondesignquota_precisionchol_basefitbootinit_preboot_20260521/runs/scenario1/bootstrap/federated/scenario1/raw_runs/run_20260522-082237/bootstrap_summary.csv","bootstrap_summary_json":"/project/temp/deferiprone_single_oral_25mgkg_designcheck_20260511/validation/design_change_n403030_wtmclustT10_nomix_site403030_nondesignquota_precisionchol_basefitbootinit_preboot_20260521/runs/scenario1/bootstrap/federated/scenario1/raw_runs/run_20260522-082237/bootstrap_summary.json","trial_status_csv":"/project/temp/deferiprone_single_oral_25mgkg_designcheck_20260511/validation/design_change_n403030_wtmclustT10_nomix_site403030_nondesignquota_precisionchol_basefitbootinit_preboot_20260521/runs/scenario1/bootstrap/federated/scenario1/raw_runs/run_20260522-082237/trial_status.csv","failed_trials_csv":"/project/temp/deferiprone_single_oral_25mgkg_designcheck_20260511/validation/design_change_n403030_wtmclustT10_nomix_site403030_nondesignquota_precisionchol_basefitbootinit_preboot_20260521/runs/scenario1/bootstrap/federated/scenario1/raw_runs/run_20260522-082237/failed_trials.csv","trial_estimates_wide_csv":"/project/temp/deferiprone_single_oral_25mgkg_designcheck_20260511/validation/design_change_n403030_wtmclustT10_nomix_site403030_nondesignquota_precisionchol_basefitbootinit_preboot_20260521/runs/scenario1/bootstrap/federated/scenario1/raw_runs/run_20260522-082237/trial_estimates_wide.csv","trial_estimates_long_csv":"/project/temp/deferiprone_single_oral_25mgkg_designcheck_20260511/validation/design_change_n403030_wtmclustT10_nomix_site403030_nondesignquota_precisionchol_basefitbootinit_preboot_20260521/runs/scenario1/bootstrap/federated/scenario1/raw_runs/run_20260522-082237/trial_estimates_long.csv","result_json":"/project/temp/deferiprone_single_oral_25mgkg_designcheck_20260511/validation/design_change_n403030_wtmclustT10_nomix_site403030_nondesignquota_precisionchol_basefitbootinit_preboot_20260521/runs/scenario1/bootstrap/federated/scenario1/raw_runs/run_20260522-082237/result.json"}}}
[Kserver-1 exited with code 0
Aborting on container exit...
 Container defboot_design_change_n403030_wtmclu_scenario1_341_345-server-1  Stopping
 Container defboot_design_change_n403030_wtmclu_scenario1_341_345-server-1  Stopped
 Container defboot_design_change_n403030_wtmclu_scenario1_341_345-client1-1  Stopping
 Container defboot_design_change_n403030_wtmclu_scenario1_341_345-client3-1  Stopping
 Container defboot_design_change_n403030_wtmclu_scenario1_341_345-client2-1  Stopping
 Container defboot_design_change_n403030_wtmclu_scenario1_341_345-client2-1  Stopped
 Container defboot_design_change_n403030_wtmclu_scenario1_341_345-client1-1  Stopped
 Container defboot_design_change_n403030_wtmclu_scenario1_341_345-client3-1  Stopped
time="2026-05-22T17:38:00+09:00" level=warning msg="The \"SERVER_CONFIG_PATH\" variable is not set. Defaulting to a blank string."
 Container defboot_design_change_n403030_wtmclu_scenario1_341_345-server-1  Stopping
 Container defboot_design_change_n403030_wtmclu_scenario1_341_345-server-1  Stopped
 Container defboot_design_change_n403030_wtmclu_scenario1_341_345-server-1  Removing
 Container defboot_design_change_n403030_wtmclu_scenario1_341_345-server-1  Removed
 Container defboot_design_change_n403030_wtmclu_scenario1_341_345-client2-1  Stopping
 Container defboot_design_change_n403030_wtmclu_scenario1_341_345-client3-1  Stopping
 Container defboot_design_change_n403030_wtmclu_scenario1_341_345-client1-1  Stopping
 Container defboot_design_change_n403030_wtmclu_scenario1_341_345-client2-1  Stopped
 Container defboot_design_change_n403030_wtmclu_scenario1_341_345-client2-1  Removing
 Container defboot_design_change_n403030_wtmclu_scenario1_341_345-client1-1  Stopped
 Container defboot_design_change_n403030_wtmclu_scenario1_341_345-client1-1  Removing
 Container defboot_design_change_n403030_wtmclu_scenario1_341_345-client3-1  Stopped
 Container defboot_design_change_n403030_wtmclu_scenario1_341_345-client3-1  Removing
 Container defboot_design_change_n403030_wtmclu_scenario1_341_345-client2-1  Removed
 Container defboot_design_change_n403030_wtmclu_scenario1_341_345-client3-1  Removed
 Container defboot_design_change_n403030_wtmclu_scenario1_341_345-client1-1  Removed
 Network defboot_design_change_n403030_wtmclu_scenario1_341_345_site2_net  Removing
 Network defboot_design_change_n403030_wtmclu_scenario1_341_345_site3_net  Removing
 Network defboot_design_change_n403030_wtmclu_scenario1_341_345_site1_net  Removing
 Network defboot_design_change_n403030_wtmclu_scenario1_341_345_site1_net  Removed
 Network defboot_design_change_n403030_wtmclu_scenario1_341_345_site2_net  Removed
 Network defboot_design_change_n403030_wtmclu_scenario1_341_345_site3_net  Removed
