time="2026-05-22T14:06:29+09:00" level=warning msg="The \"SERVER_CONFIG_PATH\" variable is not set. Defaulting to a blank string."
Compose now can delegate build to bake for better performances
Just set COMPOSE_BAKE=true
#0 building with "default" instance using docker driver

#1 [client2 internal] load build definition from Dockerfile.app
#1 transferring dockerfile: 778B done
#1 DONE 0.0s

#2 [client1 internal] load build definition from Dockerfile.app
#2 transferring dockerfile: 778B done
#2 DONE 0.0s

#3 [client3 internal] load build definition from Dockerfile.app
#3 transferring dockerfile: 778B done
#3 DONE 0.0s

#4 [client1 internal] load metadata for docker.io/fedpoppk/base:0.1.0
#4 DONE 0.0s

#5 [client2 internal] load .dockerignore
#5 transferring context: 2B done
#5 DONE 0.0s

#6 [client3 internal] load .dockerignore
#6 transferring context: 2B done
#6 DONE 0.0s

#7 [client1 internal] load .dockerignore
#7 transferring context: 2B done
#7 DONE 0.0s

#8 [client1 1/8] FROM docker.io/fedpoppk/base:0.1.0
#8 DONE 0.0s

#9 [client2 internal] load build context
#9 transferring context: 736.51kB 0.3s done
#9 DONE 0.3s

#10 [client3 internal] load build context
#10 transferring context: 736.51kB 0.3s done
#10 DONE 0.3s

#11 [client1 internal] load build context
#11 transferring context: 736.51kB 0.3s done
#11 DONE 0.3s

#12 [client2 2/8] WORKDIR /project
#12 CACHED

#13 [client2 4/8] RUN Rscript -e "options(renv.consent=TRUE, Ncpus=parallel::detectCores());                 renv::restore(prompt=FALSE)"
#13 CACHED

#14 [client2 5/8] COPY apps/ apps/
#14 CACHED

#15 [client2 6/8] COPY R/ R/
#15 CACHED

#16 [client2 3/8] COPY renv.lock .Rprofile renv/activate.R ./
#16 CACHED

#17 [client2 7/8] COPY analysis/ analysis/
#17 CACHED

#18 [client3 8/8] RUN mkdir -p /project/configs/modes /project/data /project/artifacts /project/result
#18 CACHED

#19 [client2] exporting to image
#19 exporting layers done
#19 writing image sha256:76287927609958d83e678d33ba5aa629a3b7efc09115149f8bd46c28ad40b826 done
#19 naming to docker.io/library/defboot_design_change_n403030_wtmclu_scenario1_276_280-client2 0.0s done
#19 DONE 0.0s

#20 [client3] exporting to image
#20 exporting layers done
#20 writing image sha256:19025265b3f0761921f8a45c19767d1ac8a66102c9c6c06d4c529cbbd61392dc done
#20 naming to docker.io/library/defboot_design_change_n403030_wtmclu_scenario1_276_280-client3 0.0s done
#20 DONE 0.1s

#21 [client1] exporting to image
#21 exporting layers done
#21 writing image sha256:ca3ad4aa4622555782bf73fc4b46a3905a8c11d4aab91b493ccbcbf2639c8e3f done
#21 naming to docker.io/library/defboot_design_change_n403030_wtmclu_scenario1_276_280-client1 0.1s done
#21 DONE 0.1s

#22 [client3] resolving provenance for metadata file
#22 DONE 0.0s

#23 [client1] resolving provenance for metadata file
#23 DONE 0.0s

#24 [client2] resolving provenance for metadata file
#24 DONE 0.0s

#25 [server internal] load build definition from Dockerfile.app
#25 transferring dockerfile: 778B done
#25 DONE 0.0s

#4 [server internal] load metadata for docker.io/fedpoppk/base:0.1.0
#4 DONE 0.0s

#26 [server internal] load .dockerignore
#26 transferring context: 2B done
#26 DONE 0.0s

#8 [server 1/8] FROM docker.io/fedpoppk/base:0.1.0
#8 DONE 0.0s

#27 [server internal] load build context
#27 transferring context: 736.51kB 0.3s done
#27 DONE 0.3s

#12 [server 2/8] WORKDIR /project
#12 CACHED

#28 [server 6/8] COPY R/ R/
#28 CACHED

#29 [server 7/8] COPY analysis/ analysis/
#29 CACHED

#30 [server 3/8] COPY renv.lock .Rprofile renv/activate.R ./
#30 CACHED

#31 [server 4/8] RUN Rscript -e "options(renv.consent=TRUE, Ncpus=parallel::detectCores());                 renv::restore(prompt=FALSE)"
#31 CACHED

#32 [server 5/8] COPY apps/ apps/
#32 CACHED

#33 [server 8/8] RUN mkdir -p /project/configs/modes /project/data /project/artifacts /project/result
#33 CACHED

#34 [server] exporting to image
#34 exporting layers done
#34 writing image sha256:75f4ac77a31e1182a19c9767339a2bcf21b043802e7719e31ff34292b86fffda done
#34 naming to docker.io/library/defboot_design_change_n403030_wtmclu_scenario1_276_280-server 0.0s done
#34 DONE 0.0s

#35 [server] resolving provenance for metadata file
#35 DONE 0.0s
 client1  Built
 client2  Built
 client3  Built
 server  Built
 Network defboot_design_change_n403030_wtmclu_scenario1_276_280_site3_net  Creating
 Network defboot_design_change_n403030_wtmclu_scenario1_276_280_site3_net  Created
 Network defboot_design_change_n403030_wtmclu_scenario1_276_280_site1_net  Creating
 Network defboot_design_change_n403030_wtmclu_scenario1_276_280_site1_net  Created
 Network defboot_design_change_n403030_wtmclu_scenario1_276_280_site2_net  Creating
 Network defboot_design_change_n403030_wtmclu_scenario1_276_280_site2_net  Created
 Container defboot_design_change_n403030_wtmclu_scenario1_276_280-client2-1  Creating
 Container defboot_design_change_n403030_wtmclu_scenario1_276_280-client1-1  Creating
 Container defboot_design_change_n403030_wtmclu_scenario1_276_280-client3-1  Creating
 Container defboot_design_change_n403030_wtmclu_scenario1_276_280-client2-1  Created
 Container defboot_design_change_n403030_wtmclu_scenario1_276_280-client1-1  Created
 Container defboot_design_change_n403030_wtmclu_scenario1_276_280-client3-1  Created
 Container defboot_design_change_n403030_wtmclu_scenario1_276_280-server-1  Creating
 Container defboot_design_change_n403030_wtmclu_scenario1_276_280-server-1  Created
Attaching to client1-1, client2-1, client3-1, server-1
client1-1  | Running plumber API at http://0.0.0.0:8000
client1-1  | Running swagger Docs at http://127.0.0.1:8000/__docs__/
client2-1  | Running plumber API at http://0.0.0.0:8000
client2-1  | Running swagger Docs at http://127.0.0.1:8000/__docs__/
client3-1  | Running plumber API at http://0.0.0.0:8000
client3-1  | Running swagger Docs at http://127.0.0.1:8000/__docs__/
client1-1  | ℹ parameter labels from comments are typically ignored in non-interactive mode
client1-1  | ℹ Need to run with the source intact to parse comments
client2-1  | ℹ parameter labels from comments are typically ignored in non-interactive mode
client2-1  | ℹ Need to run with the source intact to parse comments
client3-1  | ℹ parameter labels from comments are typically ignored in non-interactive mode
client3-1  | ℹ Need to run with the source intact to parse comments
server-1   | [send_init] http://client2:8000 init succeeded
server-1   | [send_init] http://client1:8000 init succeeded
server-1   | [send_init] http://client3:8000 init succeeded
server-1   | {"schema":{"schema_version":"1.1.0","generated_at":"2026-05-22T05:06:38Z","config_path":"/project/configs/../temp/deferiprone_single_oral_25mgkg_designcheck_20260511/validation/design_change_n403030_wtmclustT10_nomix_site403030_nondesignquota_precisionchol_basefitbootinit_preboot_20260521/configs/resolved/scenario1_bootstrap.json","config_md5":"9d7556058a6c3cb18af9ad7ffdd7076b","seed":4869,"host":"f858c287092b","pid":1,"image_tag":null,"git_sha":null,"git_dirty":null},"aggregation":{"ci_method":"percentile","ci_level":0.95,"quantile_type":7,"estimates_scale":"natural"},"summary":[{"parameter":"(etaLcl,etaLvc)","median":0.052869795084,"p2.5":0.046238908361,"p97.5":0.069045808416},{"parameter":"CcPropSd","median":0.35160245562,"p2.5":0.32538857406,"p97.5":0.35796290243},{"parameter":"etaLcl","median":0.10021374594,"p2.5":0.086876391102,"p97.5":0.11529622878},{"parameter":"etaLvc","median":0.03409499531,"p2.5":0.020767595001,"p97.5":0.043339151417},{"parameter":"lcl","median":2.1676471002,"p2.5":2.1319705086,"p97.5":2.2310477226},{"parameter":"lka","median":2.242386626,"p2.5":2.052385072,"p97.5":2.3706919895},{"parameter":"lvc","median":2.9597295311,"p2.5":2.92892148,"p97.5":2.9809870825},{"parameter":"rho_(etaLcl,etaLvc)","median":0.97759789139,"p2.5":0.96399095727,"p97.5":0.98215412333}],"runs":[{"tag":"trial_276_20260522-050638","value":2197.1948,"counts":[41,41],"control":{"maxit":100,"factr":1000000000,"pgtol":0,"trace":0,"method":"L-BFGS-B"},"convergence":0,"message":"CONVERGENCE: REL_REDUCTION_OF_F <= FACTR*EPSMCH","nat_par":{"lka":2.3023735618,"lcl":2.1676471002,"lvc":2.9610595382,"CcPropSd":0.32507847603,"etaLcl":0.11271856511,"etaLvc":0.020294558881,"(etaLcl,etaLvc)":0.046074919388,"rho_(etaLcl,etaLvc)":0.96333435855},"failed_clients":[],"attempt":1,"files":{"result":"/project/temp/deferiprone_single_oral_25mgkg_designcheck_20260511/validation/design_change_n403030_wtmclustT10_nomix_site403030_nondesignquota_precisionchol_basefitbootinit_preboot_20260521/runs/scenario1/bootstrap/federated/scenario1/raw_runs/run_20260522-050638/optim_result_trial_276_20260522-050638.json","trace":"/project/temp/deferiprone_single_oral_25mgkg_designcheck_20260511/validation/design_change_n403030_wtmclustT10_nomix_site403030_nondesignquota_precisionchol_basefitbootinit_preboot_20260521/runs/scenario1/bootstrap/federated/scenario1/raw_runs/run_20260522-050638/optim_trace_trial_276_20260522-050638.csv","final":"/project/temp/deferiprone_single_oral_25mgkg_designcheck_20260511/validation/design_change_n403030_wtmclustT10_nomix_site403030_nondesignquota_precisionchol_basefitbootinit_preboot_20260521/runs/scenario1/bootstrap/federated/scenario1/raw_runs/run_20260522-050638/final_params_trial_276_20260522-050638.csv"},"log_n":41,"execution_state":"completed","trial":276,"attempts":1},{"tag":"trial_277_20260522-051149","value":2172.0659,"counts":[25,25],"control":{"maxit":100,"factr":1000000000,"pgtol":0,"trace":0,"method":"L-BFGS-B"},"convergence":0,"message":"CONVERGENCE: REL_REDUCTION_OF_F <= FACTR*EPSMCH","nat_par":{"lka":2.3782829259,"lcl":2.1968225422,"lvc":2.9832012541,"CcPropSd":0.32817945634,"etaLcl":0.10021374594,"etaLvc":0.034123884816,"(etaLcl,etaLvc)":0.05717041596,"rho_(etaLcl,etaLvc)":0.97763889239},"failed_clients":[],"attempt":1,"files":{"result":"/project/temp/deferiprone_single_oral_25mgkg_designcheck_20260511/validation/design_change_n403030_wtmclustT10_nomix_site403030_nondesignquota_precisionchol_basefitbootinit_preboot_20260521/runs/scenario1/bootstrap/federated/scenario1/raw_runs/run_20260522-050638/optim_result_trial_277_20260522-051149.json","trace":"/project/temp/deferiprone_single_oral_25mgkg_designcheck_20260511/validation/design_change_n403030_wtmclustT10_nomix_site403030_nondesignquota_precisionchol_basefitbootinit_preboot_20260521/runs/scenario1/bootstrap/federated/scenario1/raw_runs/run_20260522-050638/optim_trace_trial_277_20260522-051149.csv","final":"/project/temp/deferiprone_single_oral_25mgkg_designcheck_20260511/validation/design_change_n403030_wtmclustT10_nomix_site403030_nondesignquota_precisionchol_basefitbootinit_preboot_20260521/runs/scenario1/bootstrap/federated/scenario1/raw_runs/run_20260522-050638/final_params_trial_277_20260522-051149.csv"},"log_n":25,"execution_state":"completed","trial":277,"attempts":1},{"tag":"trial_278_20260522-051459","value":2184.3811,"counts":[26,26],"control":{"maxit":100,"factr":1000000000,"pgtol":0,"trace":0,"method":"L-BFGS-B"},"convergence":0,"message":"CONVERGENCE: REL_REDUCTION_OF_F <= FACTR*EPSMCH","nat_par":{"lka":2.0411868547,"lcl":2.2348505204,"lvc":2.9597295311,"CcPropSd":0.35160245562,"etaLcl":0.096711797219,"etaLvc":0.025024920082,"(etaLcl,etaLvc)":0.047714809115,"rho_(etaLcl,etaLvc)":0.96990034578},"failed_clients":[],"attempt":1,"files":{"result":"/project/temp/deferiprone_single_oral_25mgkg_designcheck_20260511/validation/design_change_n403030_wtmclustT10_nomix_site403030_nondesignquota_precisionchol_basefitbootinit_preboot_20260521/runs/scenario1/bootstrap/federated/scenario1/raw_runs/run_20260522-050638/optim_result_trial_278_20260522-051459.json","trace":"/project/temp/deferiprone_single_oral_25mgkg_designcheck_20260511/validation/design_change_n403030_wtmclustT10_nomix_site403030_nondesignquota_precisionchol_basefitbootinit_preboot_20260521/runs/scenario1/bootstrap/federated/scenario1/raw_runs/run_20260522-050638/optim_trace_trial_278_20260522-051459.csv","final":"/project/temp/deferiprone_single_oral_25mgkg_designcheck_20260511/validation/design_change_n403030_wtmclustT10_nomix_site403030_nondesignquota_precisionchol_basefitbootinit_preboot_20260521/runs/scenario1/bootstrap/federated/scenario1/raw_runs/run_20260522-050638/final_params_trial_278_20260522-051459.csv"},"log_n":26,"execution_state":"completed","trial":278,"attempts":1},{"tag":"trial_279_20260522-051818","value":2218.8978,"counts":[17,17],"control":{"maxit":100,"factr":1000000000,"pgtol":0,"trace":0,"method":"L-BFGS-B"},"convergence":0,"message":"CONVERGENCE: REL_REDUCTION_OF_F <= FACTR*EPSMCH","nat_par":{"lka":2.153169027,"lcl":2.1280939304,"lvc":2.9288354649,"CcPropSd":0.35797354503,"etaLcl":0.0857835682,"etaLvc":0.03409499531,"(etaLcl,etaLvc)":0.052869795084,"rho_(etaLcl,etaLvc)":0.97759789139},"failed_clients":[],"attempt":1,"files":{"result":"/project/temp/deferiprone_single_oral_25mgkg_designcheck_20260511/validation/design_change_n403030_wtmclustT10_nomix_site403030_nondesignquota_precisionchol_basefitbootinit_preboot_20260521/runs/scenario1/bootstrap/federated/scenario1/raw_runs/run_20260522-050638/optim_result_trial_279_20260522-051818.json","trace":"/project/temp/deferiprone_single_oral_25mgkg_designcheck_20260511/validation/design_change_n403030_wtmclustT10_nomix_site403030_nondesignquota_precisionchol_basefitbootinit_preboot_20260521/runs/scenario1/bootstrap/federated/scenario1/raw_runs/run_20260522-050638/optim_trace_trial_279_20260522-051818.csv","final":"/project/temp/deferiprone_single_oral_25mgkg_designcheck_20260511/validation/design_change_n403030_wtmclustT10_nomix_site403030_nondesignquota_precisionchol_basefitbootinit_preboot_20260521/runs/scenario1/bootstrap/federated/scenario1/raw_runs/run_20260522-050638/final_params_trial_279_20260522-051818.csv"},"log_n":17,"execution_state":"completed","trial":279,"attempts":1},{"tag":"trial_280_20260522-052029","value":2226.1334,"counts":[18,18],"control":{"maxit":100,"factr":1000000000,"pgtol":0,"trace":0,"method":"L-BFGS-B"},"convergence":0,"message":"CONVERGENCE: REL_REDUCTION_OF_F <= FACTR*EPSMCH","nat_par":{"lka":2.242386626,"lcl":2.1668597122,"lvc":2.9296956157,"CcPropSd":0.35786711905,"etaLcl":0.11558263585,"etaLvc":0.044363069928,"(etaLcl,etaLvc)":0.070365296466,"rho_(etaLcl,etaLvc)":0.98265581565},"failed_clients":[],"attempt":1,"files":{"result":"/project/temp/deferiprone_single_oral_25mgkg_designcheck_20260511/validation/design_change_n403030_wtmclustT10_nomix_site403030_nondesignquota_precisionchol_basefitbootinit_preboot_20260521/runs/scenario1/bootstrap/federated/scenario1/raw_runs/run_20260522-050638/optim_result_trial_280_20260522-052029.json","trace":"/project/temp/deferiprone_single_oral_25mgkg_designcheck_20260511/validation/design_change_n403030_wtmclustT10_nomix_site403030_nondesignquota_precisionchol_basefitbootinit_preboot_20260521/runs/scenario1/bootstrap/federated/scenario1/raw_runs/run_20260522-050638/optim_trace_trial_280_20260522-052029.csv","final":"/project/temp/deferiprone_single_oral_25mgkg_designcheck_20260511/validation/design_change_n403030_wtmclustT10_nomix_site403030_nondesignquota_precisionchol_basefitbootinit_preboot_20260521/runs/scenario1/bootstrap/federated/scenario1/raw_runs/run_20260522-050638/final_params_trial_280_20260522-052029.csv"},"log_n":18,"execution_state":"completed","trial":280,"attempts":1}],"trial_status":[{"trial":276,"execution_state":"completed","converged":true,"attempts":1,"convergence":0,"value":2197.1948,"eval_fn":41,"eval_gr":41,"log_n":41,"failed_clients_n":0,"message":"CONVERGENCE: REL_REDUCTION_OF_F <= FACTR*EPSMCH","result_file":"/project/temp/deferiprone_single_oral_25mgkg_designcheck_20260511/validation/design_change_n403030_wtmclustT10_nomix_site403030_nondesignquota_precisionchol_basefitbootinit_preboot_20260521/runs/scenario1/bootstrap/federated/scenario1/raw_runs/run_20260522-050638/optim_result_trial_276_20260522-050638.json","trace_file":"/project/temp/deferiprone_single_oral_25mgkg_designcheck_20260511/validation/design_change_n403030_wtmclustT10_nomix_site403030_nondesignquota_precisionchol_basefitbootinit_preboot_20260521/runs/scenario1/bootstrap/federated/scenario1/raw_runs/run_20260522-050638/optim_trace_trial_276_20260522-050638.csv","final_file":"/project/temp/deferiprone_single_oral_25mgkg_designcheck_20260511/validation/design_change_n403030_wtmclustT10_nomix_site403030_nondesignquota_precisionchol_basefitbootinit_preboot_20260521/runs/scenario1/bootstrap/federated/scenario1/raw_runs/run_20260522-050638/final_params_trial_276_20260522-050638.csv"},{"trial":277,"execution_state":"completed","converged":true,"attempts":1,"convergence":0,"value":2172.0659,"eval_fn":25,"eval_gr":25,"log_n":25,"failed_clients_n":0,"message":"CONVERGENCE: REL_REDUCTION_OF_F <= FACTR*EPSMCH","result_file":"/project/temp/deferiprone_single_oral_25mgkg_designcheck_20260511/validation/design_change_n403030_wtmclustT10_nomix_site403030_nondesignquota_precisionchol_basefitbootinit_preboot_20260521/runs/scenario1/bootstrap/federated/scenario1/raw_runs/run_20260522-050638/optim_result_trial_277_20260522-051149.json","trace_file":"/project/temp/deferiprone_single_oral_25mgkg_designcheck_20260511/validation/design_change_n403030_wtmclustT10_nomix_site403030_nondesignquota_precisionchol_basefitbootinit_preboot_20260521/runs/scenario1/bootstrap/federated/scenario1/raw_runs/run_20260522-050638/optim_trace_trial_277_20260522-051149.csv","final_file":"/project/temp/deferiprone_single_oral_25mgkg_designcheck_20260511/validation/design_change_n403030_wtmclustT10_nomix_site403030_nondesignquota_precisionchol_basefitbootinit_preboot_20260521/runs/scenario1/bootstrap/federated/scenario1/raw_runs/run_20260522-050638/final_params_trial_277_20260522-051149.csv"},{"trial":278,"execution_state":"completed","converged":true,"attempts":1,"convergence":0,"value":2184.3811,"eval_fn":26,"eval_gr":26,"log_n":26,"failed_clients_n":0,"message":"CONVERGENCE: REL_REDUCTION_OF_F <= FACTR*EPSMCH","result_file":"/project/temp/deferiprone_single_oral_25mgkg_designcheck_20260511/validation/design_change_n403030_wtmclustT10_nomix_site403030_nondesignquota_precisionchol_basefitbootinit_preboot_20260521/runs/scenario1/bootstrap/federated/scenario1/raw_runs/run_20260522-050638/optim_result_trial_278_20260522-051459.json","trace_file":"/project/temp/deferiprone_single_oral_25mgkg_designcheck_20260511/validation/design_change_n403030_wtmclustT10_nomix_site403030_nondesignquota_precisionchol_basefitbootinit_preboot_20260521/runs/scenario1/bootstrap/federated/scenario1/raw_runs/run_20260522-050638/optim_trace_trial_278_20260522-051459.csv","final_file":"/project/temp/deferiprone_single_oral_25mgkg_designcheck_20260511/validation/design_change_n403030_wtmclustT10_nomix_site403030_nondesignquota_precisionchol_basefitbootinit_preboot_20260521/runs/scenario1/bootstrap/federated/scenario1/raw_runs/run_20260522-050638/final_params_trial_278_20260522-051459.csv"},{"trial":279,"execution_state":"completed","converged":true,"attempts":1,"convergence":0,"value":2218.8978,"eval_fn":17,"eval_gr":17,"log_n":17,"failed_clients_n":0,"message":"CONVERGENCE: REL_REDUCTION_OF_F <= FACTR*EPSMCH","result_file":"/project/temp/deferiprone_single_oral_25mgkg_designcheck_20260511/validation/design_change_n403030_wtmclustT10_nomix_site403030_nondesignquota_precisionchol_basefitbootinit_preboot_20260521/runs/scenario1/bootstrap/federated/scenario1/raw_runs/run_20260522-050638/optim_result_trial_279_20260522-051818.json","trace_file":"/project/temp/deferiprone_single_oral_25mgkg_designcheck_20260511/validation/design_change_n403030_wtmclustT10_nomix_site403030_nondesignquota_precisionchol_basefitbootinit_preboot_20260521/runs/scenario1/bootstrap/federated/scenario1/raw_runs/run_20260522-050638/optim_trace_trial_279_20260522-051818.csv","final_file":"/project/temp/deferiprone_single_oral_25mgkg_designcheck_20260511/validation/design_change_n403030_wtmclustT10_nomix_site403030_nondesignquota_precisionchol_basefitbootinit_preboot_20260521/runs/scenario1/bootstrap/federated/scenario1/raw_runs/run_20260522-050638/final_params_trial_279_20260522-051818.csv"},{"trial":280,"execution_state":"completed","converged":true,"attempts":1,"convergence":0,"value":2226.1334,"eval_fn":18,"eval_gr":18,"log_n":18,"failed_clients_n":0,"message":"CONVERGENCE: REL_REDUCTION_OF_F <= FACTR*EPSMCH","result_file":"/project/temp/deferiprone_single_oral_25mgkg_designcheck_20260511/validation/design_change_n403030_wtmclustT10_nomix_site403030_nondesignquota_precisionchol_basefitbootinit_preboot_20260521/runs/scenario1/bootstrap/federated/scenario1/raw_runs/run_20260522-050638/optim_result_trial_280_20260522-052029.json","trace_file":"/project/temp/deferiprone_single_oral_25mgkg_designcheck_20260511/validation/design_change_n403030_wtmclustT10_nomix_site403030_nondesignquota_precisionchol_basefitbootinit_preboot_20260521/runs/scenario1/bootstrap/federated/scenario1/raw_runs/run_20260522-050638/optim_trace_trial_280_20260522-052029.csv","final_file":"/project/temp/deferiprone_single_oral_25mgkg_designcheck_20260511/validation/design_change_n403030_wtmclustT10_nomix_site403030_nondesignquota_precisionchol_basefitbootinit_preboot_20260521/runs/scenario1/bootstrap/federated/scenario1/raw_runs/run_20260522-050638/final_params_trial_280_20260522-052029.csv"}],"info":{"run_id":"20260522-050638","log_base_dir":"/project/temp/deferiprone_single_oral_25mgkg_designcheck_20260511/validation/design_change_n403030_wtmclustT10_nomix_site403030_nondesignquota_precisionchol_basefitbootinit_preboot_20260521/runs/scenario1/bootstrap/federated","scenario":"scenario1/raw_runs","total_trials":5,"successes":5,"failures":0,"nonconverged_count":0,"nonconverged_trials":[],"convergence_missing_count":0,"seed_base":4869,"B_per_client":500,"duration_sec":974.7312216759,"host":"f858c287092b","image_tag":null,"communication":{"generated_at":"2026-05-22T05:22:47Z","totals":{"requests":765,"request_bytes":852627,"response_bytes":194755,"total_bytes":1047382,"retries":0},"init":{"requests":3,"request_bytes":8139,"response_bytes":1161,"total_bytes":9300,"retries":0,"median_elapsed_sec":0.36420035362},"init_round_latency":{"n_rounds":1,"median_round_wall_sec":0.36902117729,"p95_round_wall_sec":0.36902117729},"run":{"requests":0,"request_bytes":0,"response_bytes":0,"total_bytes":0,"retries":0,"median_elapsed_sec":"NA"},"run_bootstrap":{"requests":762,"request_bytes":844488,"response_bytes":193594,"total_bytes":1038082,"retries":0,"median_elapsed_sec":3.661554575},"round_latency":{"n_rounds":254,"median_round_wall_sec":3.7825145721,"p95_round_wall_sec":4.027875483},"timing_split":{"n_rounds":254,"rounds_with_compute":254,"total_round_wall_sec":963.6013076305,"total_round_compute_wall_sec":955.2056,"total_round_comm_overhead_wall_sec":8.3957076305,"comm_overhead_ratio":0.0087128437499,"compute_ratio":0.99128715625}},"communication_files":{"csv":"/project/temp/deferiprone_single_oral_25mgkg_designcheck_20260511/validation/design_change_n403030_wtmclustT10_nomix_site403030_nondesignquota_precisionchol_basefitbootinit_preboot_20260521/runs/scenario1/bootstrap/federated/scenario1/raw_runs/run_20260522-050638/comm_metrics.csv","json":"/project/temp/deferiprone_single_oral_25mgkg_designcheck_20260511/validation/design_change_n403030_wtmclustT10_nomix_site403030_nondesignquota_precisionchol_basefitbootinit_preboot_20260521/runs/scenario1/bootstrap/federated/scenario1/raw_runs/run_20260522-050638/comm_metrics.json"},"output_files":{"bootstrap_summary_csv":"/project/temp/deferiprone_single_oral_25mgkg_designcheck_20260511/validation/design_change_n403030_wtmclustT10_nomix_site403030_nondesignquota_precisionchol_basefitbootinit_preboot_20260521/runs/scenario1/bootstrap/federated/scenario1/raw_runs/run_20260522-050638/bootstrap_summary.csv","bootstrap_summary_json":"/project/temp/deferiprone_single_oral_25mgkg_designcheck_20260511/validation/design_change_n403030_wtmclustT10_nomix_site403030_nondesignquota_precisionchol_basefitbootinit_preboot_20260521/runs/scenario1/bootstrap/federated/scenario1/raw_runs/run_20260522-050638/bootstrap_summary.json","trial_status_csv":"/project/temp/deferiprone_single_oral_25mgkg_designcheck_20260511/validation/design_change_n403030_wtmclustT10_nomix_site403030_nondesignquota_precisionchol_basefitbootinit_preboot_20260521/runs/scenario1/bootstrap/federated/scenario1/raw_runs/run_20260522-050638/trial_status.csv","failed_trials_csv":"/project/temp/deferiprone_single_oral_25mgkg_designcheck_20260511/validation/design_change_n403030_wtmclustT10_nomix_site403030_nondesignquota_precisionchol_basefitbootinit_preboot_20260521/runs/scenario1/bootstrap/federated/scenario1/raw_runs/run_20260522-050638/failed_trials.csv","trial_estimates_wide_csv":"/project/temp/deferiprone_single_oral_25mgkg_designcheck_20260511/validation/design_change_n403030_wtmclustT10_nomix_site403030_nondesignquota_precisionchol_basefitbootinit_preboot_20260521/runs/scenario1/bootstrap/federated/scenario1/raw_runs/run_20260522-050638/trial_estimates_wide.csv","trial_estimates_long_csv":"/project/temp/deferiprone_single_oral_25mgkg_designcheck_20260511/validation/design_change_n403030_wtmclustT10_nomix_site403030_nondesignquota_precisionchol_basefitbootinit_preboot_20260521/runs/scenario1/bootstrap/federated/scenario1/raw_runs/run_20260522-050638/trial_estimates_long.csv","result_json":"/project/temp/deferiprone_single_oral_25mgkg_designcheck_20260511/validation/design_change_n403030_wtmclustT10_nomix_site403030_nondesignquota_precisionchol_basefitbootinit_preboot_20260521/runs/scenario1/bootstrap/federated/scenario1/raw_runs/run_20260522-050638/result.json"}}}
[Kserver-1 exited with code 0
Aborting on container exit...
 Container defboot_design_change_n403030_wtmclu_scenario1_276_280-server-1  Stopping
 Container defboot_design_change_n403030_wtmclu_scenario1_276_280-server-1  Stopped
 Container defboot_design_change_n403030_wtmclu_scenario1_276_280-client1-1  Stopping
 Container defboot_design_change_n403030_wtmclu_scenario1_276_280-client3-1  Stopping
 Container defboot_design_change_n403030_wtmclu_scenario1_276_280-client2-1  Stopping
 Container defboot_design_change_n403030_wtmclu_scenario1_276_280-client2-1  Stopped
 Container defboot_design_change_n403030_wtmclu_scenario1_276_280-client3-1  Stopped
 Container defboot_design_change_n403030_wtmclu_scenario1_276_280-client1-1  Stopped
time="2026-05-22T14:22:58+09:00" level=warning msg="The \"SERVER_CONFIG_PATH\" variable is not set. Defaulting to a blank string."
 Container defboot_design_change_n403030_wtmclu_scenario1_276_280-server-1  Stopping
 Container defboot_design_change_n403030_wtmclu_scenario1_276_280-server-1  Stopped
 Container defboot_design_change_n403030_wtmclu_scenario1_276_280-server-1  Removing
 Container defboot_design_change_n403030_wtmclu_scenario1_276_280-server-1  Removed
 Container defboot_design_change_n403030_wtmclu_scenario1_276_280-client1-1  Stopping
 Container defboot_design_change_n403030_wtmclu_scenario1_276_280-client3-1  Stopping
 Container defboot_design_change_n403030_wtmclu_scenario1_276_280-client2-1  Stopping
 Container defboot_design_change_n403030_wtmclu_scenario1_276_280-client3-1  Stopped
 Container defboot_design_change_n403030_wtmclu_scenario1_276_280-client3-1  Removing
 Container defboot_design_change_n403030_wtmclu_scenario1_276_280-client1-1  Stopped
 Container defboot_design_change_n403030_wtmclu_scenario1_276_280-client1-1  Removing
 Container defboot_design_change_n403030_wtmclu_scenario1_276_280-client2-1  Stopped
 Container defboot_design_change_n403030_wtmclu_scenario1_276_280-client2-1  Removing
 Container defboot_design_change_n403030_wtmclu_scenario1_276_280-client3-1  Removed
 Container defboot_design_change_n403030_wtmclu_scenario1_276_280-client1-1  Removed
 Container defboot_design_change_n403030_wtmclu_scenario1_276_280-client2-1  Removed
 Network defboot_design_change_n403030_wtmclu_scenario1_276_280_site1_net  Removing
 Network defboot_design_change_n403030_wtmclu_scenario1_276_280_site3_net  Removing
 Network defboot_design_change_n403030_wtmclu_scenario1_276_280_site2_net  Removing
 Network defboot_design_change_n403030_wtmclu_scenario1_276_280_site1_net  Removed
 Network defboot_design_change_n403030_wtmclu_scenario1_276_280_site3_net  Removed
 Network defboot_design_change_n403030_wtmclu_scenario1_276_280_site2_net  Removed
