time="2026-05-22T05:25:15+09:00" level=warning msg="The \"SERVER_CONFIG_PATH\" variable is not set. Defaulting to a blank string."
Compose now can delegate build to bake for better performances
Just set COMPOSE_BAKE=true
#0 building with "default" instance using docker driver

#1 [client1 internal] load build definition from Dockerfile.app
#1 transferring dockerfile: 778B done
#1 DONE 0.0s

#2 [client2 internal] load build definition from Dockerfile.app
#2 transferring dockerfile: 778B done
#2 DONE 0.0s

#3 [client3 internal] load build definition from Dockerfile.app
#3 transferring dockerfile: 778B done
#3 DONE 0.0s

#4 [client3 internal] load metadata for docker.io/fedpoppk/base:0.1.0
#4 DONE 0.0s

#5 [client1 internal] load .dockerignore
#5 transferring context: 2B done
#5 DONE 0.0s

#6 [client2 internal] load .dockerignore
#6 transferring context: 2B done
#6 DONE 0.0s

#7 [client3 internal] load .dockerignore
#7 transferring context: 2B done
#7 DONE 0.0s

#8 [client3 1/8] FROM docker.io/fedpoppk/base:0.1.0
#8 DONE 0.0s

#9 [client1 internal] load build context
#9 transferring context: 736.51kB 0.3s done
#9 DONE 0.3s

#10 [client2 internal] load build context
#10 transferring context: 736.51kB 0.3s done
#10 DONE 0.3s

#11 [client3 internal] load build context
#11 transferring context: 736.51kB 0.3s done
#11 DONE 0.3s

#12 [client1 4/8] RUN Rscript -e "options(renv.consent=TRUE, Ncpus=parallel::detectCores());                 renv::restore(prompt=FALSE)"
#12 CACHED

#13 [client1 5/8] COPY apps/ apps/
#13 CACHED

#14 [client1 2/8] WORKDIR /project
#14 CACHED

#15 [client1 3/8] COPY renv.lock .Rprofile renv/activate.R ./
#15 CACHED

#16 [client1 7/8] COPY analysis/ analysis/
#16 CACHED

#17 [client1 6/8] COPY R/ R/
#17 CACHED

#18 [client3 8/8] RUN mkdir -p /project/configs/modes /project/data /project/artifacts /project/result
#18 CACHED

#19 [client1] exporting to image
#19 exporting layers done
#19 writing image sha256:57fb1e766f7192fb31637b1c9146f37cb76dddd2b0af8427b0d726104825c742 done
#19 naming to docker.io/library/defboot_design_change_n403030_wtmclu_scenario1_106_110-client1 0.0s done
#19 DONE 0.0s

#20 [client3] exporting to image
#20 exporting layers done
#20 writing image sha256:49f0ffa79553ae64b450cfdfba8f27276e3e02a48db4c7059092b08a1e7d9b80 done
#20 naming to docker.io/library/defboot_design_change_n403030_wtmclu_scenario1_106_110-client3 0.1s done
#20 DONE 0.1s

#21 [client2] exporting to image
#21 exporting layers done
#21 writing image sha256:7ad56c3e12c501faf07ec74280fa20b7c41c8bf6cfbb54b3ed9ba02ca1f6ab21 done
#21 naming to docker.io/library/defboot_design_change_n403030_wtmclu_scenario1_106_110-client2 0.1s done
#21 DONE 0.1s

#22 [client1] resolving provenance for metadata file
#22 DONE 0.0s

#23 [client3] resolving provenance for metadata file
#23 DONE 0.0s

#24 [client2] resolving provenance for metadata file
#24 DONE 0.0s

#25 [server internal] load build definition from Dockerfile.app
#25 transferring dockerfile: 778B done
#25 DONE 0.0s

#4 [server internal] load metadata for docker.io/fedpoppk/base:0.1.0
#4 DONE 0.0s

#26 [server internal] load .dockerignore
#26 transferring context: 2B done
#26 DONE 0.0s

#8 [server 1/8] FROM docker.io/fedpoppk/base:0.1.0
#8 DONE 0.0s

#27 [server internal] load build context
#27 transferring context: 736.51kB 0.3s done
#27 DONE 0.3s

#28 [server 5/8] COPY apps/ apps/
#28 CACHED

#29 [server 4/8] RUN Rscript -e "options(renv.consent=TRUE, Ncpus=parallel::detectCores());                 renv::restore(prompt=FALSE)"
#29 CACHED

#30 [server 7/8] COPY analysis/ analysis/
#30 CACHED

#14 [server 2/8] WORKDIR /project
#14 CACHED

#31 [server 6/8] COPY R/ R/
#31 CACHED

#32 [server 3/8] COPY renv.lock .Rprofile renv/activate.R ./
#32 CACHED

#33 [server 8/8] RUN mkdir -p /project/configs/modes /project/data /project/artifacts /project/result
#33 CACHED

#34 [server] exporting to image
#34 exporting layers done
#34 writing image sha256:781832cb144f7779baaed93ef84de43a1307d254f1faf6d47cda5a57958fc072 done
#34 naming to docker.io/library/defboot_design_change_n403030_wtmclu_scenario1_106_110-server 0.0s done
#34 DONE 0.0s

#35 [server] resolving provenance for metadata file
#35 DONE 0.0s
 client1  Built
 client2  Built
 client3  Built
 server  Built
 Network defboot_design_change_n403030_wtmclu_scenario1_106_110_site1_net  Creating
 Network defboot_design_change_n403030_wtmclu_scenario1_106_110_site1_net  Created
 Network defboot_design_change_n403030_wtmclu_scenario1_106_110_site2_net  Creating
 Network defboot_design_change_n403030_wtmclu_scenario1_106_110_site2_net  Created
 Network defboot_design_change_n403030_wtmclu_scenario1_106_110_site3_net  Creating
 Network defboot_design_change_n403030_wtmclu_scenario1_106_110_site3_net  Created
 Container defboot_design_change_n403030_wtmclu_scenario1_106_110-client3-1  Creating
 Container defboot_design_change_n403030_wtmclu_scenario1_106_110-client1-1  Creating
 Container defboot_design_change_n403030_wtmclu_scenario1_106_110-client2-1  Creating
 Container defboot_design_change_n403030_wtmclu_scenario1_106_110-client1-1  Created
 Container defboot_design_change_n403030_wtmclu_scenario1_106_110-client3-1  Created
 Container defboot_design_change_n403030_wtmclu_scenario1_106_110-client2-1  Created
 Container defboot_design_change_n403030_wtmclu_scenario1_106_110-server-1  Creating
 Container defboot_design_change_n403030_wtmclu_scenario1_106_110-server-1  Created
Attaching to client1-1, client2-1, client3-1, server-1
client2-1  | Running plumber API at http://0.0.0.0:8000
client2-1  | Running swagger Docs at http://127.0.0.1:8000/__docs__/
client1-1  | Running plumber API at http://0.0.0.0:8000
client1-1  | Running swagger Docs at http://127.0.0.1:8000/__docs__/
client3-1  | Running plumber API at http://0.0.0.0:8000
client3-1  | Running swagger Docs at http://127.0.0.1:8000/__docs__/
client1-1  | ℹ parameter labels from comments are typically ignored in non-interactive mode
client2-1  | ℹ parameter labels from comments are typically ignored in non-interactive mode
client1-1  | ℹ Need to run with the source intact to parse comments
client2-1  | ℹ Need to run with the source intact to parse comments
client3-1  | ℹ parameter labels from comments are typically ignored in non-interactive mode
client3-1  | ℹ Need to run with the source intact to parse comments
server-1   | [send_init] http://client3:8000 init succeeded
server-1   | [send_init] http://client1:8000 init succeeded
server-1   | [send_init] http://client2:8000 init succeeded
server-1   | {"schema":{"schema_version":"1.1.0","generated_at":"2026-05-21T20:25:24Z","config_path":"/project/configs/../temp/deferiprone_single_oral_25mgkg_designcheck_20260511/validation/design_change_n403030_wtmclustT10_nomix_site403030_nondesignquota_precisionchol_basefitbootinit_preboot_20260521/configs/resolved/scenario1_bootstrap.json","config_md5":"9d7556058a6c3cb18af9ad7ffdd7076b","seed":4869,"host":"cffb8736e554","pid":1,"image_tag":null,"git_sha":null,"git_dirty":null},"aggregation":{"ci_method":"percentile","ci_level":0.95,"quantile_type":7,"estimates_scale":"natural"},"summary":[{"parameter":"(etaLcl,etaLvc)","median":0.061828987843,"p2.5":0.058649825004,"p97.5":0.080012877807},{"parameter":"CcPropSd","median":0.35321711487,"p2.5":0.34721733222,"p97.5":0.38771202164},{"parameter":"etaLcl","median":0.10305765312,"p2.5":0.09597689748,"p97.5":0.12524335594},{"parameter":"etaLvc","median":0.037939541734,"p2.5":0.035937609574,"p97.5":0.05273364465},{"parameter":"lcl","median":2.1816882206,"p2.5":2.1381032086,"p97.5":2.2236877909},{"parameter":"lka","median":2.2703706533,"p2.5":2.1806572564,"p97.5":2.3471687065},{"parameter":"lvc","median":2.9605907235,"p2.5":2.9194649554,"p97.5":3.023408111},{"parameter":"rho_(etaLcl,etaLvc)","median":0.97981099,"p2.5":0.97872805769,"p97.5":0.98531643915}],"runs":[{"tag":"trial_106_20260521-202524","value":2196.9005,"counts":[21,21],"control":{"maxit":100,"factr":1000000000,"pgtol":0,"trace":0,"method":"L-BFGS-B"},"convergence":0,"message":"CONVERGENCE: REL_REDUCTION_OF_F <= FACTR*EPSMCH","nat_par":{"lka":2.1738051834,"lcl":2.1813803848,"lvc":2.9157586567,"CcPropSd":0.348590364,"etaLcl":0.10495607483,"etaLvc":0.037939541734,"(etaLcl,etaLvc)":0.061828987843,"rho_(etaLcl,etaLvc)":0.97981099},"failed_clients":[],"attempt":1,"files":{"result":"/project/temp/deferiprone_single_oral_25mgkg_designcheck_20260511/validation/design_change_n403030_wtmclustT10_nomix_site403030_nondesignquota_precisionchol_basefitbootinit_preboot_20260521/runs/scenario1/bootstrap/federated/scenario1/raw_runs/run_20260521-202524/optim_result_trial_106_20260521-202524.json","trace":"/project/temp/deferiprone_single_oral_25mgkg_designcheck_20260511/validation/design_change_n403030_wtmclustT10_nomix_site403030_nondesignquota_precisionchol_basefitbootinit_preboot_20260521/runs/scenario1/bootstrap/federated/scenario1/raw_runs/run_20260521-202524/optim_trace_trial_106_20260521-202524.csv","final":"/project/temp/deferiprone_single_oral_25mgkg_designcheck_20260511/validation/design_change_n403030_wtmclustT10_nomix_site403030_nondesignquota_precisionchol_basefitbootinit_preboot_20260521/runs/scenario1/bootstrap/federated/scenario1/raw_runs/run_20260521-202524/final_params_trial_106_20260521-202524.csv"},"log_n":21,"execution_state":"completed","trial":106,"attempts":1},{"tag":"trial_107_20260521-202803","value":2251.3096,"counts":[25,25],"control":{"maxit":100,"factr":1000000000,"pgtol":0,"trace":0,"method":"L-BFGS-B"},"convergence":0,"message":"CONVERGENCE: REL_REDUCTION_OF_F <= FACTR*EPSMCH","nat_par":{"lka":2.3494907002,"lcl":2.2252354105,"lvc":3.0266215792,"CcPropSd":0.39108047661,"etaLcl":0.12749749828,"etaLvc":0.053475080233,"(etaLcl,etaLvc)":0.081377197489,"rho_(etaLcl,etaLvc)":0.98554435618},"failed_clients":[],"attempt":1,"files":{"result":"/project/temp/deferiprone_single_oral_25mgkg_designcheck_20260511/validation/design_change_n403030_wtmclustT10_nomix_site403030_nondesignquota_precisionchol_basefitbootinit_preboot_20260521/runs/scenario1/bootstrap/federated/scenario1/raw_runs/run_20260521-202524/optim_result_trial_107_20260521-202803.json","trace":"/project/temp/deferiprone_single_oral_25mgkg_designcheck_20260511/validation/design_change_n403030_wtmclustT10_nomix_site403030_nondesignquota_precisionchol_basefitbootinit_preboot_20260521/runs/scenario1/bootstrap/federated/scenario1/raw_runs/run_20260521-202524/optim_trace_trial_107_20260521-202803.csv","final":"/project/temp/deferiprone_single_oral_25mgkg_designcheck_20260511/validation/design_change_n403030_wtmclustT10_nomix_site403030_nondesignquota_precisionchol_basefitbootinit_preboot_20260521/runs/scenario1/bootstrap/federated/scenario1/raw_runs/run_20260521-202524/final_params_trial_107_20260521-202803.csv"},"log_n":25,"execution_state":"completed","trial":107,"attempts":1},{"tag":"trial_108_20260521-203112","value":2212.6807,"counts":[40,40],"control":{"maxit":100,"factr":1000000000,"pgtol":0,"trace":0,"method":"L-BFGS-B"},"convergence":0,"message":"CONVERGENCE: REL_REDUCTION_OF_F <= FACTR*EPSMCH","nat_par":{"lka":2.3262707627,"lcl":2.2097592152,"lvc":2.9944868977,"CcPropSd":0.35739592691,"etaLcl":0.10305765312,"etaLvc":0.035758745406,"(etaLcl,etaLvc)":0.059408752552,"rho_(etaLcl,etaLvc)":0.97863145925},"failed_clients":[],"attempt":1,"files":{"result":"/project/temp/deferiprone_single_oral_25mgkg_designcheck_20260511/validation/design_change_n403030_wtmclustT10_nomix_site403030_nondesignquota_precisionchol_basefitbootinit_preboot_20260521/runs/scenario1/bootstrap/federated/scenario1/raw_runs/run_20260521-202524/optim_result_trial_108_20260521-203112.json","trace":"/project/temp/deferiprone_single_oral_25mgkg_designcheck_20260511/validation/design_change_n403030_wtmclustT10_nomix_site403030_nondesignquota_precisionchol_basefitbootinit_preboot_20260521/runs/scenario1/bootstrap/federated/scenario1/raw_runs/run_20260521-202524/optim_trace_trial_108_20260521-203112.csv","final":"/project/temp/deferiprone_single_oral_25mgkg_designcheck_20260511/validation/design_change_n403030_wtmclustT10_nomix_site403030_nondesignquota_precisionchol_basefitbootinit_preboot_20260521/runs/scenario1/bootstrap/federated/scenario1/raw_runs/run_20260521-202524/final_params_trial_108_20260521-203112.csv"},"log_n":39,"execution_state":"completed","trial":108,"attempts":1},{"tag":"trial_109_20260521-203610","value":2192.2055,"counts":[15,15],"control":{"maxit":100,"factr":1000000000,"pgtol":0,"trace":0,"method":"L-BFGS-B"},"convergence":0,"message":"CONVERGENCE: REL_REDUCTION_OF_F <= FACTR*EPSMCH","nat_par":{"lka":2.2703706533,"lcl":2.1816882206,"lvc":2.9528216439,"CcPropSd":0.35321711487,"etaLcl":0.095193808102,"etaLvc":0.037547387082,"(etaLcl,etaLvc)":0.058565499721,"rho_(etaLcl,etaLvc)":0.97959744365},"failed_clients":[],"attempt":1,"files":{"result":"/project/temp/deferiprone_single_oral_25mgkg_designcheck_20260511/validation/design_change_n403030_wtmclustT10_nomix_site403030_nondesignquota_precisionchol_basefitbootinit_preboot_20260521/runs/scenario1/bootstrap/federated/scenario1/raw_runs/run_20260521-202524/optim_result_trial_109_20260521-203610.json","trace":"/project/temp/deferiprone_single_oral_25mgkg_designcheck_20260511/validation/design_change_n403030_wtmclustT10_nomix_site403030_nondesignquota_precisionchol_basefitbootinit_preboot_20260521/runs/scenario1/bootstrap/federated/scenario1/raw_runs/run_20260521-202524/optim_trace_trial_109_20260521-203610.csv","final":"/project/temp/deferiprone_single_oral_25mgkg_designcheck_20260511/validation/design_change_n403030_wtmclustT10_nomix_site403030_nondesignquota_precisionchol_basefitbootinit_preboot_20260521/runs/scenario1/bootstrap/federated/scenario1/raw_runs/run_20260521-202524/final_params_trial_109_20260521-203610.csv"},"log_n":15,"execution_state":"completed","trial":109,"attempts":1},{"tag":"trial_110_20260521-203805","value":2231.6812,"counts":[50,50],"control":{"maxit":100,"factr":1000000000,"pgtol":0,"trace":0,"method":"L-BFGS-B"},"convergence":0,"message":"CONVERGENCE: REL_REDUCTION_OF_F <= FACTR*EPSMCH","nat_par":{"lka":2.242325914,"lcl":2.1332946334,"lvc":2.9605907235,"CcPropSd":0.34706477313,"etaLcl":0.10302470189,"etaLvc":0.046060724398,"(etaLcl,etaLvc)":0.067734000668,"rho_(etaLcl,etaLvc)":0.98326518588},"failed_clients":[],"attempt":1,"files":{"result":"/project/temp/deferiprone_single_oral_25mgkg_designcheck_20260511/validation/design_change_n403030_wtmclustT10_nomix_site403030_nondesignquota_precisionchol_basefitbootinit_preboot_20260521/runs/scenario1/bootstrap/federated/scenario1/raw_runs/run_20260521-202524/optim_result_trial_110_20260521-203805.json","trace":"/project/temp/deferiprone_single_oral_25mgkg_designcheck_20260511/validation/design_change_n403030_wtmclustT10_nomix_site403030_nondesignquota_precisionchol_basefitbootinit_preboot_20260521/runs/scenario1/bootstrap/federated/scenario1/raw_runs/run_20260521-202524/optim_trace_trial_110_20260521-203805.csv","final":"/project/temp/deferiprone_single_oral_25mgkg_designcheck_20260511/validation/design_change_n403030_wtmclustT10_nomix_site403030_nondesignquota_precisionchol_basefitbootinit_preboot_20260521/runs/scenario1/bootstrap/federated/scenario1/raw_runs/run_20260521-202524/final_params_trial_110_20260521-203805.csv"},"log_n":49,"execution_state":"completed","trial":110,"attempts":1}],"trial_status":[{"trial":106,"execution_state":"completed","converged":true,"attempts":1,"convergence":0,"value":2196.9005,"eval_fn":21,"eval_gr":21,"log_n":21,"failed_clients_n":0,"message":"CONVERGENCE: REL_REDUCTION_OF_F <= FACTR*EPSMCH","result_file":"/project/temp/deferiprone_single_oral_25mgkg_designcheck_20260511/validation/design_change_n403030_wtmclustT10_nomix_site403030_nondesignquota_precisionchol_basefitbootinit_preboot_20260521/runs/scenario1/bootstrap/federated/scenario1/raw_runs/run_20260521-202524/optim_result_trial_106_20260521-202524.json","trace_file":"/project/temp/deferiprone_single_oral_25mgkg_designcheck_20260511/validation/design_change_n403030_wtmclustT10_nomix_site403030_nondesignquota_precisionchol_basefitbootinit_preboot_20260521/runs/scenario1/bootstrap/federated/scenario1/raw_runs/run_20260521-202524/optim_trace_trial_106_20260521-202524.csv","final_file":"/project/temp/deferiprone_single_oral_25mgkg_designcheck_20260511/validation/design_change_n403030_wtmclustT10_nomix_site403030_nondesignquota_precisionchol_basefitbootinit_preboot_20260521/runs/scenario1/bootstrap/federated/scenario1/raw_runs/run_20260521-202524/final_params_trial_106_20260521-202524.csv"},{"trial":107,"execution_state":"completed","converged":true,"attempts":1,"convergence":0,"value":2251.3096,"eval_fn":25,"eval_gr":25,"log_n":25,"failed_clients_n":0,"message":"CONVERGENCE: REL_REDUCTION_OF_F <= FACTR*EPSMCH","result_file":"/project/temp/deferiprone_single_oral_25mgkg_designcheck_20260511/validation/design_change_n403030_wtmclustT10_nomix_site403030_nondesignquota_precisionchol_basefitbootinit_preboot_20260521/runs/scenario1/bootstrap/federated/scenario1/raw_runs/run_20260521-202524/optim_result_trial_107_20260521-202803.json","trace_file":"/project/temp/deferiprone_single_oral_25mgkg_designcheck_20260511/validation/design_change_n403030_wtmclustT10_nomix_site403030_nondesignquota_precisionchol_basefitbootinit_preboot_20260521/runs/scenario1/bootstrap/federated/scenario1/raw_runs/run_20260521-202524/optim_trace_trial_107_20260521-202803.csv","final_file":"/project/temp/deferiprone_single_oral_25mgkg_designcheck_20260511/validation/design_change_n403030_wtmclustT10_nomix_site403030_nondesignquota_precisionchol_basefitbootinit_preboot_20260521/runs/scenario1/bootstrap/federated/scenario1/raw_runs/run_20260521-202524/final_params_trial_107_20260521-202803.csv"},{"trial":108,"execution_state":"completed","converged":true,"attempts":1,"convergence":0,"value":2212.6807,"eval_fn":40,"eval_gr":40,"log_n":39,"failed_clients_n":0,"message":"CONVERGENCE: REL_REDUCTION_OF_F <= FACTR*EPSMCH","result_file":"/project/temp/deferiprone_single_oral_25mgkg_designcheck_20260511/validation/design_change_n403030_wtmclustT10_nomix_site403030_nondesignquota_precisionchol_basefitbootinit_preboot_20260521/runs/scenario1/bootstrap/federated/scenario1/raw_runs/run_20260521-202524/optim_result_trial_108_20260521-203112.json","trace_file":"/project/temp/deferiprone_single_oral_25mgkg_designcheck_20260511/validation/design_change_n403030_wtmclustT10_nomix_site403030_nondesignquota_precisionchol_basefitbootinit_preboot_20260521/runs/scenario1/bootstrap/federated/scenario1/raw_runs/run_20260521-202524/optim_trace_trial_108_20260521-203112.csv","final_file":"/project/temp/deferiprone_single_oral_25mgkg_designcheck_20260511/validation/design_change_n403030_wtmclustT10_nomix_site403030_nondesignquota_precisionchol_basefitbootinit_preboot_20260521/runs/scenario1/bootstrap/federated/scenario1/raw_runs/run_20260521-202524/final_params_trial_108_20260521-203112.csv"},{"trial":109,"execution_state":"completed","converged":true,"attempts":1,"convergence":0,"value":2192.2055,"eval_fn":15,"eval_gr":15,"log_n":15,"failed_clients_n":0,"message":"CONVERGENCE: REL_REDUCTION_OF_F <= FACTR*EPSMCH","result_file":"/project/temp/deferiprone_single_oral_25mgkg_designcheck_20260511/validation/design_change_n403030_wtmclustT10_nomix_site403030_nondesignquota_precisionchol_basefitbootinit_preboot_20260521/runs/scenario1/bootstrap/federated/scenario1/raw_runs/run_20260521-202524/optim_result_trial_109_20260521-203610.json","trace_file":"/project/temp/deferiprone_single_oral_25mgkg_designcheck_20260511/validation/design_change_n403030_wtmclustT10_nomix_site403030_nondesignquota_precisionchol_basefitbootinit_preboot_20260521/runs/scenario1/bootstrap/federated/scenario1/raw_runs/run_20260521-202524/optim_trace_trial_109_20260521-203610.csv","final_file":"/project/temp/deferiprone_single_oral_25mgkg_designcheck_20260511/validation/design_change_n403030_wtmclustT10_nomix_site403030_nondesignquota_precisionchol_basefitbootinit_preboot_20260521/runs/scenario1/bootstrap/federated/scenario1/raw_runs/run_20260521-202524/final_params_trial_109_20260521-203610.csv"},{"trial":110,"execution_state":"completed","converged":true,"attempts":1,"convergence":0,"value":2231.6812,"eval_fn":50,"eval_gr":50,"log_n":49,"failed_clients_n":0,"message":"CONVERGENCE: REL_REDUCTION_OF_F <= FACTR*EPSMCH","result_file":"/project/temp/deferiprone_single_oral_25mgkg_designcheck_20260511/validation/design_change_n403030_wtmclustT10_nomix_site403030_nondesignquota_precisionchol_basefitbootinit_preboot_20260521/runs/scenario1/bootstrap/federated/scenario1/raw_runs/run_20260521-202524/optim_result_trial_110_20260521-203805.json","trace_file":"/project/temp/deferiprone_single_oral_25mgkg_designcheck_20260511/validation/design_change_n403030_wtmclustT10_nomix_site403030_nondesignquota_precisionchol_basefitbootinit_preboot_20260521/runs/scenario1/bootstrap/federated/scenario1/raw_runs/run_20260521-202524/optim_trace_trial_110_20260521-203805.csv","final_file":"/project/temp/deferiprone_single_oral_25mgkg_designcheck_20260511/validation/design_change_n403030_wtmclustT10_nomix_site403030_nondesignquota_precisionchol_basefitbootinit_preboot_20260521/runs/scenario1/bootstrap/federated/scenario1/raw_runs/run_20260521-202524/final_params_trial_110_20260521-203805.csv"}],"info":{"run_id":"20260521-202524","log_base_dir":"/project/temp/deferiprone_single_oral_25mgkg_designcheck_20260511/validation/design_change_n403030_wtmclustT10_nomix_site403030_nondesignquota_precisionchol_basefitbootinit_preboot_20260521/runs/scenario1/bootstrap/federated","scenario":"scenario1/raw_runs","total_trials":5,"successes":5,"failures":0,"nonconverged_count":0,"nonconverged_trials":[],"convergence_missing_count":0,"seed_base":4869,"B_per_client":500,"duration_sec":1144.2975261211,"host":"cffb8736e554","image_tag":null,"communication":{"generated_at":"2026-05-21T20:44:22Z","totals":{"requests":897,"request_bytes":999033,"response_bytes":227273,"total_bytes":1226306,"retries":0},"init":{"requests":3,"request_bytes":8139,"response_bytes":1161,"total_bytes":9300,"retries":0,"median_elapsed_sec":0.36649608612},"init_round_latency":{"n_rounds":1,"median_round_wall_sec":0.36939120293,"p95_round_wall_sec":0.36939120293},"run":{"requests":0,"request_bytes":0,"response_bytes":0,"total_bytes":0,"retries":0,"median_elapsed_sec":"NA"},"run_bootstrap":{"requests":894,"request_bytes":990894,"response_bytes":226112,"total_bytes":1217006,"retries":0,"median_elapsed_sec":3.6628625393},"round_latency":{"n_rounds":298,"median_round_wall_sec":3.7835041285,"p95_round_wall_sec":4.0648904085},"timing_split":{"n_rounds":298,"rounds_with_compute":298,"total_round_wall_sec":1132.1922335625,"total_round_compute_wall_sec":1122.5301,"total_round_comm_overhead_wall_sec":9.6621335625,"comm_overhead_ratio":0.0085340044526,"compute_ratio":0.99146599555}},"communication_files":{"csv":"/project/temp/deferiprone_single_oral_25mgkg_designcheck_20260511/validation/design_change_n403030_wtmclustT10_nomix_site403030_nondesignquota_precisionchol_basefitbootinit_preboot_20260521/runs/scenario1/bootstrap/federated/scenario1/raw_runs/run_20260521-202524/comm_metrics.csv","json":"/project/temp/deferiprone_single_oral_25mgkg_designcheck_20260511/validation/design_change_n403030_wtmclustT10_nomix_site403030_nondesignquota_precisionchol_basefitbootinit_preboot_20260521/runs/scenario1/bootstrap/federated/scenario1/raw_runs/run_20260521-202524/comm_metrics.json"},"output_files":{"bootstrap_summary_csv":"/project/temp/deferiprone_single_oral_25mgkg_designcheck_20260511/validation/design_change_n403030_wtmclustT10_nomix_site403030_nondesignquota_precisionchol_basefitbootinit_preboot_20260521/runs/scenario1/bootstrap/federated/scenario1/raw_runs/run_20260521-202524/bootstrap_summary.csv","bootstrap_summary_json":"/project/temp/deferiprone_single_oral_25mgkg_designcheck_20260511/validation/design_change_n403030_wtmclustT10_nomix_site403030_nondesignquota_precisionchol_basefitbootinit_preboot_20260521/runs/scenario1/bootstrap/federated/scenario1/raw_runs/run_20260521-202524/bootstrap_summary.json","trial_status_csv":"/project/temp/deferiprone_single_oral_25mgkg_designcheck_20260511/validation/design_change_n403030_wtmclustT10_nomix_site403030_nondesignquota_precisionchol_basefitbootinit_preboot_20260521/runs/scenario1/bootstrap/federated/scenario1/raw_runs/run_20260521-202524/trial_status.csv","failed_trials_csv":"/project/temp/deferiprone_single_oral_25mgkg_designcheck_20260511/validation/design_change_n403030_wtmclustT10_nomix_site403030_nondesignquota_precisionchol_basefitbootinit_preboot_20260521/runs/scenario1/bootstrap/federated/scenario1/raw_runs/run_20260521-202524/failed_trials.csv","trial_estimates_wide_csv":"/project/temp/deferiprone_single_oral_25mgkg_designcheck_20260511/validation/design_change_n403030_wtmclustT10_nomix_site403030_nondesignquota_precisionchol_basefitbootinit_preboot_20260521/runs/scenario1/bootstrap/federated/scenario1/raw_runs/run_20260521-202524/trial_estimates_wide.csv","trial_estimates_long_csv":"/project/temp/deferiprone_single_oral_25mgkg_designcheck_20260511/validation/design_change_n403030_wtmclustT10_nomix_site403030_nondesignquota_precisionchol_basefitbootinit_preboot_20260521/runs/scenario1/bootstrap/federated/scenario1/raw_runs/run_20260521-202524/trial_estimates_long.csv","result_json":"/project/temp/deferiprone_single_oral_25mgkg_designcheck_20260511/validation/design_change_n403030_wtmclustT10_nomix_site403030_nondesignquota_precisionchol_basefitbootinit_preboot_20260521/runs/scenario1/bootstrap/federated/scenario1/raw_runs/run_20260521-202524/result.json"}}}
[Kserver-1 exited with code 0
Aborting on container exit...
 Container defboot_design_change_n403030_wtmclu_scenario1_106_110-server-1  Stopping
 Container defboot_design_change_n403030_wtmclu_scenario1_106_110-server-1  Stopped
 Container defboot_design_change_n403030_wtmclu_scenario1_106_110-client2-1  Stopping
 Container defboot_design_change_n403030_wtmclu_scenario1_106_110-client3-1  Stopping
 Container defboot_design_change_n403030_wtmclu_scenario1_106_110-client1-1  Stopping
 Container defboot_design_change_n403030_wtmclu_scenario1_106_110-client3-1  Stopped
 Container defboot_design_change_n403030_wtmclu_scenario1_106_110-client2-1  Stopped
 Container defboot_design_change_n403030_wtmclu_scenario1_106_110-client1-1  Stopped
time="2026-05-22T05:44:33+09:00" level=warning msg="The \"SERVER_CONFIG_PATH\" variable is not set. Defaulting to a blank string."
 Container defboot_design_change_n403030_wtmclu_scenario1_106_110-server-1  Stopping
 Container defboot_design_change_n403030_wtmclu_scenario1_106_110-server-1  Stopped
 Container defboot_design_change_n403030_wtmclu_scenario1_106_110-server-1  Removing
 Container defboot_design_change_n403030_wtmclu_scenario1_106_110-server-1  Removed
 Container defboot_design_change_n403030_wtmclu_scenario1_106_110-client3-1  Stopping
 Container defboot_design_change_n403030_wtmclu_scenario1_106_110-client1-1  Stopping
 Container defboot_design_change_n403030_wtmclu_scenario1_106_110-client2-1  Stopping
 Container defboot_design_change_n403030_wtmclu_scenario1_106_110-client3-1  Stopped
 Container defboot_design_change_n403030_wtmclu_scenario1_106_110-client3-1  Removing
 Container defboot_design_change_n403030_wtmclu_scenario1_106_110-client2-1  Stopped
 Container defboot_design_change_n403030_wtmclu_scenario1_106_110-client2-1  Removing
 Container defboot_design_change_n403030_wtmclu_scenario1_106_110-client1-1  Stopped
 Container defboot_design_change_n403030_wtmclu_scenario1_106_110-client1-1  Removing
 Container defboot_design_change_n403030_wtmclu_scenario1_106_110-client3-1  Removed
 Container defboot_design_change_n403030_wtmclu_scenario1_106_110-client1-1  Removed
 Container defboot_design_change_n403030_wtmclu_scenario1_106_110-client2-1  Removed
 Network defboot_design_change_n403030_wtmclu_scenario1_106_110_site1_net  Removing
 Network defboot_design_change_n403030_wtmclu_scenario1_106_110_site2_net  Removing
 Network defboot_design_change_n403030_wtmclu_scenario1_106_110_site3_net  Removing
 Network defboot_design_change_n403030_wtmclu_scenario1_106_110_site2_net  Removed
 Network defboot_design_change_n403030_wtmclu_scenario1_106_110_site1_net  Removed
 Network defboot_design_change_n403030_wtmclu_scenario1_106_110_site3_net  Removed
