time="2026-05-22T11:33:54+09:00" level=warning msg="The \"SERVER_CONFIG_PATH\" variable is not set. Defaulting to a blank string."
Compose now can delegate build to bake for better performances
Just set COMPOSE_BAKE=true
#0 building with "default" instance using docker driver

#1 [client2 internal] load build definition from Dockerfile.app
#1 transferring dockerfile: 778B 0.0s done
#1 DONE 0.0s

#2 [client1 internal] load build definition from Dockerfile.app
#2 transferring dockerfile: 778B done
#2 DONE 0.0s

#3 [client3 internal] load build definition from Dockerfile.app
#3 transferring dockerfile: 778B done
#3 DONE 0.0s

#4 [client3 internal] load metadata for docker.io/fedpoppk/base:0.1.0
#4 DONE 0.0s

#5 [client2 internal] load .dockerignore
#5 transferring context: 2B done
#5 DONE 0.0s

#6 [client1 internal] load .dockerignore
#6 transferring context: 2B done
#6 DONE 0.0s

#7 [client3 internal] load .dockerignore
#7 transferring context: 2B done
#7 DONE 0.0s

#8 [client3 1/8] FROM docker.io/fedpoppk/base:0.1.0
#8 DONE 0.0s

#9 [client2 internal] load build context
#9 ...

#10 [client3 internal] load build context
#10 transferring context: 736.51kB 0.3s done
#10 DONE 0.3s

#9 [client2 internal] load build context
#9 transferring context: 736.51kB 0.3s done
#9 DONE 0.3s

#11 [client1 internal] load build context
#11 transferring context: 736.51kB 0.3s done
#11 DONE 0.3s

#12 [client3 3/8] COPY renv.lock .Rprofile renv/activate.R ./
#12 CACHED

#13 [client3 4/8] RUN Rscript -e "options(renv.consent=TRUE, Ncpus=parallel::detectCores());                 renv::restore(prompt=FALSE)"
#13 CACHED

#14 [client3 6/8] COPY R/ R/
#14 CACHED

#15 [client3 7/8] COPY analysis/ analysis/
#15 CACHED

#16 [client3 5/8] COPY apps/ apps/
#16 CACHED

#17 [client3 2/8] WORKDIR /project
#17 CACHED

#18 [client2 8/8] RUN mkdir -p /project/configs/modes /project/data /project/artifacts /project/result
#18 CACHED

#19 [client1] exporting to image
#19 exporting layers done
#19 writing image sha256:48b6b62fd9e2afc3938898de443c07bfa89430885bd34f4371b9495c31723209 done
#19 naming to docker.io/library/defboot_design_change_n403030_wtmclu_scenario1_226_230-client1 0.0s done
#19 DONE 0.0s

#20 [client3] exporting to image
#20 exporting layers done
#20 writing image sha256:4454e30e227c01768c754dfa12eea7dfd79dec14a69674b787b4c11c697ad1cf done
#20 naming to docker.io/library/defboot_design_change_n403030_wtmclu_scenario1_226_230-client3 0.0s done
#20 DONE 0.0s

#21 [client2] exporting to image
#21 exporting layers done
#21 writing image sha256:be521129a9d735e80d9dba3b600ca33b92db6fb31de3cea8aa0beb04cbfeb655 done
#21 naming to docker.io/library/defboot_design_change_n403030_wtmclu_scenario1_226_230-client2 0.0s done
#21 DONE 0.1s

#22 [client1] resolving provenance for metadata file
#22 DONE 0.0s

#23 [client3] resolving provenance for metadata file
#23 DONE 0.0s

#24 [client2] resolving provenance for metadata file
#24 DONE 0.0s

#25 [server internal] load build definition from Dockerfile.app
#25 transferring dockerfile: 778B done
#25 DONE 0.0s

#4 [server internal] load metadata for docker.io/fedpoppk/base:0.1.0
#4 DONE 0.0s

#26 [server internal] load .dockerignore
#26 transferring context: 2B done
#26 DONE 0.0s

#8 [server 1/8] FROM docker.io/fedpoppk/base:0.1.0
#8 DONE 0.0s

#27 [server internal] load build context
#27 transferring context: 736.51kB 0.3s done
#27 DONE 0.3s

#28 [server 4/8] RUN Rscript -e "options(renv.consent=TRUE, Ncpus=parallel::detectCores());                 renv::restore(prompt=FALSE)"
#28 CACHED

#29 [server 3/8] COPY renv.lock .Rprofile renv/activate.R ./
#29 CACHED

#30 [server 5/8] COPY apps/ apps/
#30 CACHED

#31 [server 6/8] COPY R/ R/
#31 CACHED

#32 [server 7/8] COPY analysis/ analysis/
#32 CACHED

#17 [server 2/8] WORKDIR /project
#17 CACHED

#33 [server 8/8] RUN mkdir -p /project/configs/modes /project/data /project/artifacts /project/result
#33 CACHED

#34 [server] exporting to image
#34 exporting layers done
#34 writing image sha256:756a393d77e3c49a5836bc7307d8c097746e793682ac22d4a56e43d9e3c33742 done
#34 naming to docker.io/library/defboot_design_change_n403030_wtmclu_scenario1_226_230-server 0.0s done
#34 DONE 0.0s

#35 [server] resolving provenance for metadata file
#35 DONE 0.0s
 client1  Built
 client2  Built
 client3  Built
 server  Built
 Network defboot_design_change_n403030_wtmclu_scenario1_226_230_site3_net  Creating
 Network defboot_design_change_n403030_wtmclu_scenario1_226_230_site3_net  Created
 Network defboot_design_change_n403030_wtmclu_scenario1_226_230_site1_net  Creating
 Network defboot_design_change_n403030_wtmclu_scenario1_226_230_site1_net  Created
 Network defboot_design_change_n403030_wtmclu_scenario1_226_230_site2_net  Creating
 Network defboot_design_change_n403030_wtmclu_scenario1_226_230_site2_net  Created
 Container defboot_design_change_n403030_wtmclu_scenario1_226_230-client3-1  Creating
 Container defboot_design_change_n403030_wtmclu_scenario1_226_230-client1-1  Creating
 Container defboot_design_change_n403030_wtmclu_scenario1_226_230-client2-1  Creating
 Container defboot_design_change_n403030_wtmclu_scenario1_226_230-client3-1  Created
 Container defboot_design_change_n403030_wtmclu_scenario1_226_230-client1-1  Created
 Container defboot_design_change_n403030_wtmclu_scenario1_226_230-client2-1  Created
 Container defboot_design_change_n403030_wtmclu_scenario1_226_230-server-1  Creating
 Container defboot_design_change_n403030_wtmclu_scenario1_226_230-server-1  Created
Attaching to client1-1, client2-1, client3-1, server-1
client3-1  | Running plumber API at http://0.0.0.0:8000
client3-1  | Running swagger Docs at http://127.0.0.1:8000/__docs__/
client1-1  | Running plumber API at http://0.0.0.0:8000
client2-1  | Running plumber API at http://0.0.0.0:8000
client1-1  | Running swagger Docs at http://127.0.0.1:8000/__docs__/
client2-1  | Running swagger Docs at http://127.0.0.1:8000/__docs__/
client1-1  | ℹ parameter labels from comments are typically ignored in non-interactive mode
client1-1  | ℹ Need to run with the source intact to parse comments
client2-1  | ℹ parameter labels from comments are typically ignored in non-interactive mode
client3-1  | ℹ parameter labels from comments are typically ignored in non-interactive mode
client2-1  | ℹ Need to run with the source intact to parse comments
client3-1  | ℹ Need to run with the source intact to parse comments
server-1   | [send_init] http://client1:8000 init succeeded
server-1   | [send_init] http://client2:8000 init succeeded
server-1   | [send_init] http://client3:8000 init succeeded
server-1   | {"schema":{"schema_version":"1.1.0","generated_at":"2026-05-22T02:34:03Z","config_path":"/project/configs/../temp/deferiprone_single_oral_25mgkg_designcheck_20260511/validation/design_change_n403030_wtmclustT10_nomix_site403030_nondesignquota_precisionchol_basefitbootinit_preboot_20260521/configs/resolved/scenario1_bootstrap.json","config_md5":"9d7556058a6c3cb18af9ad7ffdd7076b","seed":4869,"host":"5722e09124bb","pid":1,"image_tag":null,"git_sha":null,"git_dirty":null},"aggregation":{"ci_method":"percentile","ci_level":0.95,"quantile_type":7,"estimates_scale":"natural"},"summary":[{"parameter":"(etaLcl,etaLvc)","median":0.042028754477,"p2.5":0.03598028213,"p97.5":0.060527958579},{"parameter":"CcPropSd","median":0.35523426335,"p2.5":0.33905736768,"p97.5":0.36780924413},{"parameter":"etaLcl","median":0.10830090257,"p2.5":0.078910150282,"p97.5":0.11537473239},{"parameter":"etaLvc","median":0.018495045452,"p2.5":0.017758903213,"p97.5":0.033260322308},{"parameter":"lcl","median":2.1892968104,"p2.5":2.109572083,"p97.5":2.1972345879},{"parameter":"lka","median":2.1702129977,"p2.5":2.1480634688,"p97.5":2.5222203258},{"parameter":"lvc","median":2.9510865772,"p2.5":2.9200501901,"p97.5":2.9838433268},{"parameter":"rho_(etaLcl,etaLvc)","median":0.95995761377,"p2.5":0.95843710937,"p97.5":0.97709070646}],"runs":[{"tag":"trial_226_20260522-023403","value":2255.8218,"counts":[23,23],"control":{"maxit":100,"factr":1000000000,"pgtol":0,"trace":0,"method":"L-BFGS-B"},"convergence":0,"message":"CONVERGENCE: REL_REDUCTION_OF_F <= FACTR*EPSMCH","nat_par":{"lka":2.4629203134,"lcl":2.1973973222,"lvc":2.9865863632,"CcPropSd":0.36792560762,"etaLcl":0.11594953087,"etaLvc":0.033449230358,"(etaLcl,etaLvc)":0.060858474138,"rho_(etaLcl,etaLvc)":0.97722258767},"failed_clients":[],"attempt":1,"files":{"result":"/project/temp/deferiprone_single_oral_25mgkg_designcheck_20260511/validation/design_change_n403030_wtmclustT10_nomix_site403030_nondesignquota_precisionchol_basefitbootinit_preboot_20260521/runs/scenario1/bootstrap/federated/scenario1/raw_runs/run_20260522-023403/optim_result_trial_226_20260522-023403.json","trace":"/project/temp/deferiprone_single_oral_25mgkg_designcheck_20260511/validation/design_change_n403030_wtmclustT10_nomix_site403030_nondesignquota_precisionchol_basefitbootinit_preboot_20260521/runs/scenario1/bootstrap/federated/scenario1/raw_runs/run_20260522-023403/optim_trace_trial_226_20260522-023403.csv","final":"/project/temp/deferiprone_single_oral_25mgkg_designcheck_20260511/validation/design_change_n403030_wtmclustT10_nomix_site403030_nondesignquota_precisionchol_basefitbootinit_preboot_20260521/runs/scenario1/bootstrap/federated/scenario1/raw_runs/run_20260522-023403/final_params_trial_226_20260522-023403.csv"},"log_n":23,"execution_state":"completed","trial":226,"attempts":1},{"tag":"trial_227_20260522-023656","value":2218.406,"counts":[20,20],"control":{"maxit":100,"factr":1000000000,"pgtol":0,"trace":0,"method":"L-BFGS-B"},"convergence":0,"message":"CONVERGENCE: REL_REDUCTION_OF_F <= FACTR*EPSMCH","nat_par":{"lka":2.1702129977,"lcl":2.1497028249,"lvc":2.9175379931,"CcPropSd":0.33816138945,"etaLcl":0.11020154608,"etaLvc":0.031560149854,"(etaLcl,etaLvc)":0.057553318548,"rho_(etaLcl,etaLvc)":0.97590377557},"failed_clients":[],"attempt":1,"files":{"result":"/project/temp/deferiprone_single_oral_25mgkg_designcheck_20260511/validation/design_change_n403030_wtmclustT10_nomix_site403030_nondesignquota_precisionchol_basefitbootinit_preboot_20260521/runs/scenario1/bootstrap/federated/scenario1/raw_runs/run_20260522-023403/optim_result_trial_227_20260522-023656.json","trace":"/project/temp/deferiprone_single_oral_25mgkg_designcheck_20260511/validation/design_change_n403030_wtmclustT10_nomix_site403030_nondesignquota_precisionchol_basefitbootinit_preboot_20260521/runs/scenario1/bootstrap/federated/scenario1/raw_runs/run_20260522-023403/optim_trace_trial_227_20260522-023656.csv","final":"/project/temp/deferiprone_single_oral_25mgkg_designcheck_20260511/validation/design_change_n403030_wtmclustT10_nomix_site403030_nondesignquota_precisionchol_basefitbootinit_preboot_20260521/runs/scenario1/bootstrap/federated/scenario1/raw_runs/run_20260522-023403/final_params_trial_227_20260522-023656.csv"},"log_n":20,"execution_state":"completed","trial":227,"attempts":1},{"tag":"trial_228_20260522-023929","value":2252.6407,"counts":[25,25],"control":{"maxit":100,"factr":1000000000,"pgtol":0,"trace":0,"method":"L-BFGS-B"},"convergence":0,"message":"CONVERGENCE: REL_REDUCTION_OF_F <= FACTR*EPSMCH","nat_par":{"lka":2.528809216,"lcl":2.1051131116,"lvc":2.9591559993,"CcPropSd":0.35523426335,"etaLcl":0.091132561897,"etaLvc":0.018495045452,"(etaLcl,etaLvc)":0.03941091778,"rho_(etaLcl,etaLvc)":0.95995761377},"failed_clients":[],"attempt":1,"files":{"result":"/project/temp/deferiprone_single_oral_25mgkg_designcheck_20260511/validation/design_change_n403030_wtmclustT10_nomix_site403030_nondesignquota_precisionchol_basefitbootinit_preboot_20260521/runs/scenario1/bootstrap/federated/scenario1/raw_runs/run_20260522-023403/optim_result_trial_228_20260522-023929.json","trace":"/project/temp/deferiprone_single_oral_25mgkg_designcheck_20260511/validation/design_change_n403030_wtmclustT10_nomix_site403030_nondesignquota_precisionchol_basefitbootinit_preboot_20260521/runs/scenario1/bootstrap/federated/scenario1/raw_runs/run_20260522-023403/optim_trace_trial_228_20260522-023929.csv","final":"/project/temp/deferiprone_single_oral_25mgkg_designcheck_20260511/validation/design_change_n403030_wtmclustT10_nomix_site403030_nondesignquota_precisionchol_basefitbootinit_preboot_20260521/runs/scenario1/bootstrap/federated/scenario1/raw_runs/run_20260522-023403/final_params_trial_228_20260522-023929.csv"},"log_n":25,"execution_state":"completed","trial":228,"attempts":1},{"tag":"trial_229_20260522-024237","value":2203.3283,"counts":[20,20],"control":{"maxit":100,"factr":1000000000,"pgtol":0,"trace":0,"method":"L-BFGS-B"},"convergence":0,"message":"CONVERGENCE: REL_REDUCTION_OF_F <= FACTR*EPSMCH","nat_par":{"lka":2.1690372635,"lcl":2.1957699789,"lvc":2.9510865772,"CcPropSd":0.34712117172,"etaLcl":0.10830090257,"etaLvc":0.017755579403,"(etaLcl,etaLvc)":0.042028754477,"rho_(etaLcl,etaLvc)":0.95843586645},"failed_clients":[],"attempt":1,"files":{"result":"/project/temp/deferiprone_single_oral_25mgkg_designcheck_20260511/validation/design_change_n403030_wtmclustT10_nomix_site403030_nondesignquota_precisionchol_basefitbootinit_preboot_20260521/runs/scenario1/bootstrap/federated/scenario1/raw_runs/run_20260522-023403/optim_result_trial_229_20260522-024237.json","trace":"/project/temp/deferiprone_single_oral_25mgkg_designcheck_20260511/validation/design_change_n403030_wtmclustT10_nomix_site403030_nondesignquota_precisionchol_basefitbootinit_preboot_20260521/runs/scenario1/bootstrap/federated/scenario1/raw_runs/run_20260522-023403/optim_trace_trial_229_20260522-024237.csv","final":"/project/temp/deferiprone_single_oral_25mgkg_designcheck_20260511/validation/design_change_n403030_wtmclustT10_nomix_site403030_nondesignquota_precisionchol_basefitbootinit_preboot_20260521/runs/scenario1/bootstrap/federated/scenario1/raw_runs/run_20260522-023403/final_params_trial_229_20260522-024237.csv"},"log_n":20,"execution_state":"completed","trial":229,"attempts":1},{"tag":"trial_230_20260522-024510","value":2200.3779,"counts":[28,28],"control":{"maxit":100,"factr":1000000000,"pgtol":0,"trace":0,"method":"L-BFGS-B"},"convergence":0,"message":"CONVERGENCE: REL_REDUCTION_OF_F <= FACTR*EPSMCH","nat_par":{"lka":2.1457330472,"lcl":2.1892968104,"lvc":2.9426599631,"CcPropSd":0.36676197277,"etaLcl":0.077552104548,"etaLvc":0.017788817507,"(etaLcl,etaLvc)":0.035599100391,"rho_(etaLcl,etaLvc)":0.95844829563},"failed_clients":[],"attempt":1,"files":{"result":"/project/temp/deferiprone_single_oral_25mgkg_designcheck_20260511/validation/design_change_n403030_wtmclustT10_nomix_site403030_nondesignquota_precisionchol_basefitbootinit_preboot_20260521/runs/scenario1/bootstrap/federated/scenario1/raw_runs/run_20260522-023403/optim_result_trial_230_20260522-024510.json","trace":"/project/temp/deferiprone_single_oral_25mgkg_designcheck_20260511/validation/design_change_n403030_wtmclustT10_nomix_site403030_nondesignquota_precisionchol_basefitbootinit_preboot_20260521/runs/scenario1/bootstrap/federated/scenario1/raw_runs/run_20260522-023403/optim_trace_trial_230_20260522-024510.csv","final":"/project/temp/deferiprone_single_oral_25mgkg_designcheck_20260511/validation/design_change_n403030_wtmclustT10_nomix_site403030_nondesignquota_precisionchol_basefitbootinit_preboot_20260521/runs/scenario1/bootstrap/federated/scenario1/raw_runs/run_20260522-023403/final_params_trial_230_20260522-024510.csv"},"log_n":28,"execution_state":"completed","trial":230,"attempts":1}],"trial_status":[{"trial":226,"execution_state":"completed","converged":true,"attempts":1,"convergence":0,"value":2255.8218,"eval_fn":23,"eval_gr":23,"log_n":23,"failed_clients_n":0,"message":"CONVERGENCE: REL_REDUCTION_OF_F <= FACTR*EPSMCH","result_file":"/project/temp/deferiprone_single_oral_25mgkg_designcheck_20260511/validation/design_change_n403030_wtmclustT10_nomix_site403030_nondesignquota_precisionchol_basefitbootinit_preboot_20260521/runs/scenario1/bootstrap/federated/scenario1/raw_runs/run_20260522-023403/optim_result_trial_226_20260522-023403.json","trace_file":"/project/temp/deferiprone_single_oral_25mgkg_designcheck_20260511/validation/design_change_n403030_wtmclustT10_nomix_site403030_nondesignquota_precisionchol_basefitbootinit_preboot_20260521/runs/scenario1/bootstrap/federated/scenario1/raw_runs/run_20260522-023403/optim_trace_trial_226_20260522-023403.csv","final_file":"/project/temp/deferiprone_single_oral_25mgkg_designcheck_20260511/validation/design_change_n403030_wtmclustT10_nomix_site403030_nondesignquota_precisionchol_basefitbootinit_preboot_20260521/runs/scenario1/bootstrap/federated/scenario1/raw_runs/run_20260522-023403/final_params_trial_226_20260522-023403.csv"},{"trial":227,"execution_state":"completed","converged":true,"attempts":1,"convergence":0,"value":2218.406,"eval_fn":20,"eval_gr":20,"log_n":20,"failed_clients_n":0,"message":"CONVERGENCE: REL_REDUCTION_OF_F <= FACTR*EPSMCH","result_file":"/project/temp/deferiprone_single_oral_25mgkg_designcheck_20260511/validation/design_change_n403030_wtmclustT10_nomix_site403030_nondesignquota_precisionchol_basefitbootinit_preboot_20260521/runs/scenario1/bootstrap/federated/scenario1/raw_runs/run_20260522-023403/optim_result_trial_227_20260522-023656.json","trace_file":"/project/temp/deferiprone_single_oral_25mgkg_designcheck_20260511/validation/design_change_n403030_wtmclustT10_nomix_site403030_nondesignquota_precisionchol_basefitbootinit_preboot_20260521/runs/scenario1/bootstrap/federated/scenario1/raw_runs/run_20260522-023403/optim_trace_trial_227_20260522-023656.csv","final_file":"/project/temp/deferiprone_single_oral_25mgkg_designcheck_20260511/validation/design_change_n403030_wtmclustT10_nomix_site403030_nondesignquota_precisionchol_basefitbootinit_preboot_20260521/runs/scenario1/bootstrap/federated/scenario1/raw_runs/run_20260522-023403/final_params_trial_227_20260522-023656.csv"},{"trial":228,"execution_state":"completed","converged":true,"attempts":1,"convergence":0,"value":2252.6407,"eval_fn":25,"eval_gr":25,"log_n":25,"failed_clients_n":0,"message":"CONVERGENCE: REL_REDUCTION_OF_F <= FACTR*EPSMCH","result_file":"/project/temp/deferiprone_single_oral_25mgkg_designcheck_20260511/validation/design_change_n403030_wtmclustT10_nomix_site403030_nondesignquota_precisionchol_basefitbootinit_preboot_20260521/runs/scenario1/bootstrap/federated/scenario1/raw_runs/run_20260522-023403/optim_result_trial_228_20260522-023929.json","trace_file":"/project/temp/deferiprone_single_oral_25mgkg_designcheck_20260511/validation/design_change_n403030_wtmclustT10_nomix_site403030_nondesignquota_precisionchol_basefitbootinit_preboot_20260521/runs/scenario1/bootstrap/federated/scenario1/raw_runs/run_20260522-023403/optim_trace_trial_228_20260522-023929.csv","final_file":"/project/temp/deferiprone_single_oral_25mgkg_designcheck_20260511/validation/design_change_n403030_wtmclustT10_nomix_site403030_nondesignquota_precisionchol_basefitbootinit_preboot_20260521/runs/scenario1/bootstrap/federated/scenario1/raw_runs/run_20260522-023403/final_params_trial_228_20260522-023929.csv"},{"trial":229,"execution_state":"completed","converged":true,"attempts":1,"convergence":0,"value":2203.3283,"eval_fn":20,"eval_gr":20,"log_n":20,"failed_clients_n":0,"message":"CONVERGENCE: REL_REDUCTION_OF_F <= FACTR*EPSMCH","result_file":"/project/temp/deferiprone_single_oral_25mgkg_designcheck_20260511/validation/design_change_n403030_wtmclustT10_nomix_site403030_nondesignquota_precisionchol_basefitbootinit_preboot_20260521/runs/scenario1/bootstrap/federated/scenario1/raw_runs/run_20260522-023403/optim_result_trial_229_20260522-024237.json","trace_file":"/project/temp/deferiprone_single_oral_25mgkg_designcheck_20260511/validation/design_change_n403030_wtmclustT10_nomix_site403030_nondesignquota_precisionchol_basefitbootinit_preboot_20260521/runs/scenario1/bootstrap/federated/scenario1/raw_runs/run_20260522-023403/optim_trace_trial_229_20260522-024237.csv","final_file":"/project/temp/deferiprone_single_oral_25mgkg_designcheck_20260511/validation/design_change_n403030_wtmclustT10_nomix_site403030_nondesignquota_precisionchol_basefitbootinit_preboot_20260521/runs/scenario1/bootstrap/federated/scenario1/raw_runs/run_20260522-023403/final_params_trial_229_20260522-024237.csv"},{"trial":230,"execution_state":"completed","converged":true,"attempts":1,"convergence":0,"value":2200.3779,"eval_fn":28,"eval_gr":28,"log_n":28,"failed_clients_n":0,"message":"CONVERGENCE: REL_REDUCTION_OF_F <= FACTR*EPSMCH","result_file":"/project/temp/deferiprone_single_oral_25mgkg_designcheck_20260511/validation/design_change_n403030_wtmclustT10_nomix_site403030_nondesignquota_precisionchol_basefitbootinit_preboot_20260521/runs/scenario1/bootstrap/federated/scenario1/raw_runs/run_20260522-023403/optim_result_trial_230_20260522-024510.json","trace_file":"/project/temp/deferiprone_single_oral_25mgkg_designcheck_20260511/validation/design_change_n403030_wtmclustT10_nomix_site403030_nondesignquota_precisionchol_basefitbootinit_preboot_20260521/runs/scenario1/bootstrap/federated/scenario1/raw_runs/run_20260522-023403/optim_trace_trial_230_20260522-024510.csv","final_file":"/project/temp/deferiprone_single_oral_25mgkg_designcheck_20260511/validation/design_change_n403030_wtmclustT10_nomix_site403030_nondesignquota_precisionchol_basefitbootinit_preboot_20260521/runs/scenario1/bootstrap/federated/scenario1/raw_runs/run_20260522-023403/final_params_trial_230_20260522-024510.csv"}],"info":{"run_id":"20260522-023403","log_base_dir":"/project/temp/deferiprone_single_oral_25mgkg_designcheck_20260511/validation/design_change_n403030_wtmclustT10_nomix_site403030_nondesignquota_precisionchol_basefitbootinit_preboot_20260521/runs/scenario1/bootstrap/federated","scenario":"scenario1/raw_runs","total_trials":5,"successes":5,"failures":0,"nonconverged_count":0,"nonconverged_trials":[],"convergence_missing_count":0,"seed_base":4869,"B_per_client":500,"duration_sec":888.0863990784,"host":"5722e09124bb","image_tag":null,"communication":{"generated_at":"2026-05-22T02:48:45Z","totals":{"requests":699,"request_bytes":779625,"response_bytes":177501,"total_bytes":957126,"retries":0},"init":{"requests":3,"request_bytes":8139,"response_bytes":1161,"total_bytes":9300,"retries":0,"median_elapsed_sec":0.37292361259},"init_round_latency":{"n_rounds":1,"median_round_wall_sec":0.37950587273,"p95_round_wall_sec":0.37950587273},"run":{"requests":0,"request_bytes":0,"response_bytes":0,"total_bytes":0,"retries":0,"median_elapsed_sec":"NA"},"run_bootstrap":{"requests":696,"request_bytes":771486,"response_bytes":176340,"total_bytes":947826,"retries":0,"median_elapsed_sec":3.6503219604},"round_latency":{"n_rounds":232,"median_round_wall_sec":3.7554490566,"p95_round_wall_sec":4.063977325},"timing_split":{"n_rounds":232,"rounds_with_compute":232,"total_round_wall_sec":877.3492083549,"total_round_compute_wall_sec":869.6768,"total_round_comm_overhead_wall_sec":7.6724083549,"comm_overhead_ratio":0.0087449880639,"compute_ratio":0.99125501194}},"communication_files":{"csv":"/project/temp/deferiprone_single_oral_25mgkg_designcheck_20260511/validation/design_change_n403030_wtmclustT10_nomix_site403030_nondesignquota_precisionchol_basefitbootinit_preboot_20260521/runs/scenario1/bootstrap/federated/scenario1/raw_runs/run_20260522-023403/comm_metrics.csv","json":"/project/temp/deferiprone_single_oral_25mgkg_designcheck_20260511/validation/design_change_n403030_wtmclustT10_nomix_site403030_nondesignquota_precisionchol_basefitbootinit_preboot_20260521/runs/scenario1/bootstrap/federated/scenario1/raw_runs/run_20260522-023403/comm_metrics.json"},"output_files":{"bootstrap_summary_csv":"/project/temp/deferiprone_single_oral_25mgkg_designcheck_20260511/validation/design_change_n403030_wtmclustT10_nomix_site403030_nondesignquota_precisionchol_basefitbootinit_preboot_20260521/runs/scenario1/bootstrap/federated/scenario1/raw_runs/run_20260522-023403/bootstrap_summary.csv","bootstrap_summary_json":"/project/temp/deferiprone_single_oral_25mgkg_designcheck_20260511/validation/design_change_n403030_wtmclustT10_nomix_site403030_nondesignquota_precisionchol_basefitbootinit_preboot_20260521/runs/scenario1/bootstrap/federated/scenario1/raw_runs/run_20260522-023403/bootstrap_summary.json","trial_status_csv":"/project/temp/deferiprone_single_oral_25mgkg_designcheck_20260511/validation/design_change_n403030_wtmclustT10_nomix_site403030_nondesignquota_precisionchol_basefitbootinit_preboot_20260521/runs/scenario1/bootstrap/federated/scenario1/raw_runs/run_20260522-023403/trial_status.csv","failed_trials_csv":"/project/temp/deferiprone_single_oral_25mgkg_designcheck_20260511/validation/design_change_n403030_wtmclustT10_nomix_site403030_nondesignquota_precisionchol_basefitbootinit_preboot_20260521/runs/scenario1/bootstrap/federated/scenario1/raw_runs/run_20260522-023403/failed_trials.csv","trial_estimates_wide_csv":"/project/temp/deferiprone_single_oral_25mgkg_designcheck_20260511/validation/design_change_n403030_wtmclustT10_nomix_site403030_nondesignquota_precisionchol_basefitbootinit_preboot_20260521/runs/scenario1/bootstrap/federated/scenario1/raw_runs/run_20260522-023403/trial_estimates_wide.csv","trial_estimates_long_csv":"/project/temp/deferiprone_single_oral_25mgkg_designcheck_20260511/validation/design_change_n403030_wtmclustT10_nomix_site403030_nondesignquota_precisionchol_basefitbootinit_preboot_20260521/runs/scenario1/bootstrap/federated/scenario1/raw_runs/run_20260522-023403/trial_estimates_long.csv","result_json":"/project/temp/deferiprone_single_oral_25mgkg_designcheck_20260511/validation/design_change_n403030_wtmclustT10_nomix_site403030_nondesignquota_precisionchol_basefitbootinit_preboot_20260521/runs/scenario1/bootstrap/federated/scenario1/raw_runs/run_20260522-023403/result.json"}}}
[Kserver-1 exited with code 0
Aborting on container exit...
 Container defboot_design_change_n403030_wtmclu_scenario1_226_230-server-1  Stopping
 Container defboot_design_change_n403030_wtmclu_scenario1_226_230-server-1  Stopped
 Container defboot_design_change_n403030_wtmclu_scenario1_226_230-client3-1  Stopping
 Container defboot_design_change_n403030_wtmclu_scenario1_226_230-client1-1  Stopping
 Container defboot_design_change_n403030_wtmclu_scenario1_226_230-client2-1  Stopping
 Container defboot_design_change_n403030_wtmclu_scenario1_226_230-client2-1  Stopped
 Container defboot_design_change_n403030_wtmclu_scenario1_226_230-client3-1  Stopped
 Container defboot_design_change_n403030_wtmclu_scenario1_226_230-client1-1  Stopped
time="2026-05-22T11:48:56+09:00" level=warning msg="The \"SERVER_CONFIG_PATH\" variable is not set. Defaulting to a blank string."
 Container defboot_design_change_n403030_wtmclu_scenario1_226_230-server-1  Stopping
 Container defboot_design_change_n403030_wtmclu_scenario1_226_230-server-1  Stopped
 Container defboot_design_change_n403030_wtmclu_scenario1_226_230-server-1  Removing
 Container defboot_design_change_n403030_wtmclu_scenario1_226_230-server-1  Removed
 Container defboot_design_change_n403030_wtmclu_scenario1_226_230-client1-1  Stopping
 Container defboot_design_change_n403030_wtmclu_scenario1_226_230-client3-1  Stopping
 Container defboot_design_change_n403030_wtmclu_scenario1_226_230-client2-1  Stopping
 Container defboot_design_change_n403030_wtmclu_scenario1_226_230-client1-1  Stopped
 Container defboot_design_change_n403030_wtmclu_scenario1_226_230-client1-1  Removing
 Container defboot_design_change_n403030_wtmclu_scenario1_226_230-client2-1  Stopped
 Container defboot_design_change_n403030_wtmclu_scenario1_226_230-client2-1  Removing
 Container defboot_design_change_n403030_wtmclu_scenario1_226_230-client3-1  Stopped
 Container defboot_design_change_n403030_wtmclu_scenario1_226_230-client3-1  Removing
 Container defboot_design_change_n403030_wtmclu_scenario1_226_230-client2-1  Removed
 Container defboot_design_change_n403030_wtmclu_scenario1_226_230-client3-1  Removed
 Container defboot_design_change_n403030_wtmclu_scenario1_226_230-client1-1  Removed
 Network defboot_design_change_n403030_wtmclu_scenario1_226_230_site3_net  Removing
 Network defboot_design_change_n403030_wtmclu_scenario1_226_230_site1_net  Removing
 Network defboot_design_change_n403030_wtmclu_scenario1_226_230_site2_net  Removing
 Network defboot_design_change_n403030_wtmclu_scenario1_226_230_site1_net  Removed
 Network defboot_design_change_n403030_wtmclu_scenario1_226_230_site3_net  Removed
 Network defboot_design_change_n403030_wtmclu_scenario1_226_230_site2_net  Removed
