time="2026-05-22T18:06:14+09:00" level=warning msg="The \"SERVER_CONFIG_PATH\" variable is not set. Defaulting to a blank string."
Compose now can delegate build to bake for better performances
Just set COMPOSE_BAKE=true
#0 building with "default" instance using docker driver

#1 [client1 internal] load build definition from Dockerfile.app
#1 transferring dockerfile: 778B done
#1 DONE 0.0s

#2 [client2 internal] load build definition from Dockerfile.app
#2 transferring dockerfile: 778B done
#2 DONE 0.0s

#3 [client3 internal] load build definition from Dockerfile.app
#3 transferring dockerfile: 778B done
#3 DONE 0.0s

#4 [client3 internal] load metadata for docker.io/fedpoppk/base:0.1.0
#4 DONE 0.0s

#5 [client1 internal] load .dockerignore
#5 transferring context: 2B done
#5 DONE 0.0s

#6 [client2 internal] load .dockerignore
#6 transferring context: 2B done
#6 DONE 0.0s

#7 [client3 internal] load .dockerignore
#7 transferring context: 2B done
#7 DONE 0.0s

#8 [client3 1/8] FROM docker.io/fedpoppk/base:0.1.0
#8 DONE 0.0s

#9 [client1 internal] load build context
#9 transferring context: 736.51kB 0.3s done
#9 DONE 0.3s

#10 [client3 internal] load build context
#10 transferring context: 736.51kB 0.3s done
#10 DONE 0.3s

#11 [client2 internal] load build context
#11 transferring context: 736.51kB 0.3s done
#11 DONE 0.3s

#12 [client1 6/8] COPY R/ R/
#12 CACHED

#13 [client1 5/8] COPY apps/ apps/
#13 CACHED

#14 [client1 4/8] RUN Rscript -e "options(renv.consent=TRUE, Ncpus=parallel::detectCores());                 renv::restore(prompt=FALSE)"
#14 CACHED

#15 [client1 7/8] COPY analysis/ analysis/
#15 CACHED

#16 [client1 2/8] WORKDIR /project
#16 CACHED

#17 [client1 3/8] COPY renv.lock .Rprofile renv/activate.R ./
#17 CACHED

#18 [client2 8/8] RUN mkdir -p /project/configs/modes /project/data /project/artifacts /project/result
#18 CACHED

#19 [client2] exporting to image
#19 exporting layers done
#19 writing image sha256:a2da8224e33a882d205665ea740fdd4d1e5efb0c01ac1c446cc6165023c748f7 done
#19 naming to docker.io/library/defboot_design_change_n403030_wtmclu_scenario1_356_360-client2 0.0s done
#19 DONE 0.0s

#20 [client3] exporting to image
#20 exporting layers done
#20 writing image sha256:e79738c6861efd6ec771669773e3a9a3f2ba97463e7ef725844a42d34cfd354b done
#20 naming to docker.io/library/defboot_design_change_n403030_wtmclu_scenario1_356_360-client3 0.0s done
#20 DONE 0.1s

#21 [client1] exporting to image
#21 exporting layers done
#21 writing image sha256:d8ee251035f2486b08c98826f15fcb405815807a8603e41db9bd0f1ce85d1f5e done
#21 naming to docker.io/library/defboot_design_change_n403030_wtmclu_scenario1_356_360-client1 0.1s done
#21 DONE 0.1s

#22 [client2] resolving provenance for metadata file
#22 DONE 0.0s

#23 [client3] resolving provenance for metadata file
#23 DONE 0.0s

#24 [client1] resolving provenance for metadata file
#24 DONE 0.0s

#25 [server internal] load build definition from Dockerfile.app
#25 transferring dockerfile: 778B done
#25 DONE 0.0s

#4 [server internal] load metadata for docker.io/fedpoppk/base:0.1.0
#4 DONE 0.0s

#26 [server internal] load .dockerignore
#26 transferring context: 2B done
#26 DONE 0.0s

#8 [server 1/8] FROM docker.io/fedpoppk/base:0.1.0
#8 DONE 0.0s

#27 [server internal] load build context
#27 transferring context: 736.51kB 0.2s done
#27 DONE 0.2s

#28 [server 3/8] COPY renv.lock .Rprofile renv/activate.R ./
#28 CACHED

#29 [server 7/8] COPY analysis/ analysis/
#29 CACHED

#30 [server 4/8] RUN Rscript -e "options(renv.consent=TRUE, Ncpus=parallel::detectCores());                 renv::restore(prompt=FALSE)"
#30 CACHED

#16 [server 2/8] WORKDIR /project
#16 CACHED

#31 [server 5/8] COPY apps/ apps/
#31 CACHED

#32 [server 6/8] COPY R/ R/
#32 CACHED

#33 [server 8/8] RUN mkdir -p /project/configs/modes /project/data /project/artifacts /project/result
#33 CACHED

#34 [server] exporting to image
#34 exporting layers done
#34 writing image sha256:1ba9c7e9fb76df2b62439d527b06d5b4d775fc82474d1d698f0e93a9da914f36 done
#34 naming to docker.io/library/defboot_design_change_n403030_wtmclu_scenario1_356_360-server 0.0s done
#34 DONE 0.0s

#35 [server] resolving provenance for metadata file
#35 DONE 0.0s
 client1  Built
 client2  Built
 client3  Built
 server  Built
 Network defboot_design_change_n403030_wtmclu_scenario1_356_360_site1_net  Creating
 Network defboot_design_change_n403030_wtmclu_scenario1_356_360_site1_net  Created
 Network defboot_design_change_n403030_wtmclu_scenario1_356_360_site2_net  Creating
 Network defboot_design_change_n403030_wtmclu_scenario1_356_360_site2_net  Created
 Network defboot_design_change_n403030_wtmclu_scenario1_356_360_site3_net  Creating
 Network defboot_design_change_n403030_wtmclu_scenario1_356_360_site3_net  Created
 Container defboot_design_change_n403030_wtmclu_scenario1_356_360-client2-1  Creating
 Container defboot_design_change_n403030_wtmclu_scenario1_356_360-client3-1  Creating
 Container defboot_design_change_n403030_wtmclu_scenario1_356_360-client1-1  Creating
 Container defboot_design_change_n403030_wtmclu_scenario1_356_360-client2-1  Created
 Container defboot_design_change_n403030_wtmclu_scenario1_356_360-client3-1  Created
 Container defboot_design_change_n403030_wtmclu_scenario1_356_360-client1-1  Created
 Container defboot_design_change_n403030_wtmclu_scenario1_356_360-server-1  Creating
 Container defboot_design_change_n403030_wtmclu_scenario1_356_360-server-1  Created
Attaching to client1-1, client2-1, client3-1, server-1
client1-1  | Running plumber API at http://0.0.0.0:8000
client1-1  | Running swagger Docs at http://127.0.0.1:8000/__docs__/
client3-1  | Running plumber API at http://0.0.0.0:8000
client3-1  | Running swagger Docs at http://127.0.0.1:8000/__docs__/
client2-1  | Running plumber API at http://0.0.0.0:8000
client2-1  | Running swagger Docs at http://127.0.0.1:8000/__docs__/
client1-1  | ℹ parameter labels from comments are typically ignored in non-interactive mode
client1-1  | ℹ Need to run with the source intact to parse comments
client2-1  | ℹ parameter labels from comments are typically ignored in non-interactive mode
client3-1  | ℹ parameter labels from comments are typically ignored in non-interactive mode
client2-1  | ℹ Need to run with the source intact to parse comments
client3-1  | ℹ Need to run with the source intact to parse comments
server-1   | [send_init] http://client1:8000 init succeeded
server-1   | [send_init] http://client3:8000 init succeeded
server-1   | [send_init] http://client2:8000 init succeeded
server-1   | {"schema":{"schema_version":"1.1.0","generated_at":"2026-05-22T09:06:23Z","config_path":"/project/configs/../temp/deferiprone_single_oral_25mgkg_designcheck_20260511/validation/design_change_n403030_wtmclustT10_nomix_site403030_nondesignquota_precisionchol_basefitbootinit_preboot_20260521/configs/resolved/scenario1_bootstrap.json","config_md5":"9d7556058a6c3cb18af9ad7ffdd7076b","seed":4869,"host":"e367f08b054d","pid":1,"image_tag":null,"git_sha":null,"git_dirty":null},"aggregation":{"ci_method":"percentile","ci_level":0.95,"quantile_type":7,"estimates_scale":"natural"},"summary":[{"parameter":"(etaLcl,etaLvc)","median":0.065079829213,"p2.5":0.046953748981,"p97.5":0.070642305013},{"parameter":"CcPropSd","median":0.35121767608,"p2.5":0.33042512949,"p97.5":0.37223059945},{"parameter":"etaLcl","median":0.10944650954,"p2.5":0.079456880241,"p97.5":0.1257212698},{"parameter":"etaLvc","median":0.039887651124,"p2.5":0.026932544529,"p97.5":0.047258639837},{"parameter":"lcl","median":2.1635858777,"p2.5":2.0793420236,"p97.5":2.2336690636},{"parameter":"lka","median":2.2240091765,"p2.5":2.0257084136,"p97.5":2.5996218831},{"parameter":"lvc","median":2.9494228007,"p2.5":2.9335896168,"p97.5":2.9733296624},{"parameter":"rho_(etaLcl,etaLvc)","median":0.98076838846,"p2.5":0.97161884351,"p97.5":0.98367137367}],"runs":[{"tag":"trial_356_20260522-090623","value":2225.9758,"counts":[22,22],"control":{"maxit":100,"factr":1000000000,"pgtol":0,"trace":0,"method":"L-BFGS-B"},"convergence":0,"message":"CONVERGENCE: REL_REDUCTION_OF_F <= FACTR*EPSMCH","nat_par":{"lka":2.6296671573,"lcl":2.1635858777,"lvc":2.9554238375,"CcPropSd":0.35121767608,"etaLcl":0.10944650954,"etaLvc":0.047580720833,"(etaLcl,etaLvc)":0.070993477615,"rho_(etaLcl,etaLvc)":0.98378904961},"failed_clients":[],"attempt":1,"files":{"result":"/project/temp/deferiprone_single_oral_25mgkg_designcheck_20260511/validation/design_change_n403030_wtmclustT10_nomix_site403030_nondesignquota_precisionchol_basefitbootinit_preboot_20260521/runs/scenario1/bootstrap/federated/scenario1/raw_runs/run_20260522-090623/optim_result_trial_356_20260522-090623.json","trace":"/project/temp/deferiprone_single_oral_25mgkg_designcheck_20260511/validation/design_change_n403030_wtmclustT10_nomix_site403030_nondesignquota_precisionchol_basefitbootinit_preboot_20260521/runs/scenario1/bootstrap/federated/scenario1/raw_runs/run_20260522-090623/optim_trace_trial_356_20260522-090623.csv","final":"/project/temp/deferiprone_single_oral_25mgkg_designcheck_20260511/validation/design_change_n403030_wtmclustT10_nomix_site403030_nondesignquota_precisionchol_basefitbootinit_preboot_20260521/runs/scenario1/bootstrap/federated/scenario1/raw_runs/run_20260522-090623/final_params_trial_356_20260522-090623.csv"},"log_n":22,"execution_state":"completed","trial":356,"attempts":1},{"tag":"trial_357_20260522-090911","value":2188.745,"counts":[21,21],"control":{"maxit":100,"factr":1000000000,"pgtol":0,"trace":0,"method":"L-BFGS-B"},"convergence":0,"message":"CONVERGENCE: REL_REDUCTION_OF_F <= FACTR*EPSMCH","nat_par":{"lka":2.2240091765,"lcl":2.1390648528,"lvc":2.9494228007,"CcPropSd":0.33422506217,"etaLcl":0.086018518814,"etaLvc":0.025786099374,"(etaLcl,etaLvc)":0.045718761789,"rho_(etaLcl,etaLvc)":0.97074609857},"failed_clients":[],"attempt":1,"files":{"result":"/project/temp/deferiprone_single_oral_25mgkg_designcheck_20260511/validation/design_change_n403030_wtmclustT10_nomix_site403030_nondesignquota_precisionchol_basefitbootinit_preboot_20260521/runs/scenario1/bootstrap/federated/scenario1/raw_runs/run_20260522-090623/optim_result_trial_357_20260522-090911.json","trace":"/project/temp/deferiprone_single_oral_25mgkg_designcheck_20260511/validation/design_change_n403030_wtmclustT10_nomix_site403030_nondesignquota_precisionchol_basefitbootinit_preboot_20260521/runs/scenario1/bootstrap/federated/scenario1/raw_runs/run_20260522-090623/optim_trace_trial_357_20260522-090911.csv","final":"/project/temp/deferiprone_single_oral_25mgkg_designcheck_20260511/validation/design_change_n403030_wtmclustT10_nomix_site403030_nondesignquota_precisionchol_basefitbootinit_preboot_20260521/runs/scenario1/bootstrap/federated/scenario1/raw_runs/run_20260522-090623/final_params_trial_357_20260522-090911.csv"},"log_n":21,"execution_state":"completed","trial":357,"attempts":1},{"tag":"trial_358_20260522-091150","value":2245.2117,"counts":[39,39],"control":{"maxit":100,"factr":1000000000,"pgtol":0,"trace":0,"method":"L-BFGS-B"},"convergence":0,"message":"CONVERGENCE: REL_REDUCTION_OF_F <= FACTR*EPSMCH","nat_par":{"lka":2.3292144149,"lcl":2.17651567,"lvc":2.9479681521,"CcPropSd":0.3728211257,"etaLcl":0.1274249788,"etaLvc":0.03725055092,"(etaLcl,etaLvc)":0.067481751597,"rho_(etaLcl,etaLvc)":0.979473548},"failed_clients":[],"attempt":1,"files":{"result":"/project/temp/deferiprone_single_oral_25mgkg_designcheck_20260511/validation/design_change_n403030_wtmclustT10_nomix_site403030_nondesignquota_precisionchol_basefitbootinit_preboot_20260521/runs/scenario1/bootstrap/federated/scenario1/raw_runs/run_20260522-090623/optim_result_trial_358_20260522-091150.json","trace":"/project/temp/deferiprone_single_oral_25mgkg_designcheck_20260511/validation/design_change_n403030_wtmclustT10_nomix_site403030_nondesignquota_precisionchol_basefitbootinit_preboot_20260521/runs/scenario1/bootstrap/federated/scenario1/raw_runs/run_20260522-090623/optim_trace_trial_358_20260522-091150.csv","final":"/project/temp/deferiprone_single_oral_25mgkg_designcheck_20260511/validation/design_change_n403030_wtmclustT10_nomix_site403030_nondesignquota_precisionchol_basefitbootinit_preboot_20260521/runs/scenario1/bootstrap/federated/scenario1/raw_runs/run_20260522-090623/final_params_trial_358_20260522-091150.csv"},"log_n":39,"execution_state":"completed","trial":358,"attempts":1},{"tag":"trial_359_20260522-091646","value":2270.5224,"counts":[19,19],"control":{"maxit":100,"factr":1000000000,"pgtol":0,"trace":0,"method":"L-BFGS-B"},"convergence":0,"message":"CONVERGENCE: REL_REDUCTION_OF_F <= FACTR*EPSMCH","nat_par":{"lka":2.1904009022,"lcl":2.0727061536,"lvc":2.9319920018,"CcPropSd":0.36691586321,"etaLcl":0.078727809288,"etaLvc":0.044359910874,"(etaLcl,etaLvc)":0.05806863371,"rho_(etaLcl,etaLvc)":0.98261229021},"failed_clients":[],"attempt":1,"files":{"result":"/project/temp/deferiprone_single_oral_25mgkg_designcheck_20260511/validation/design_change_n403030_wtmclustT10_nomix_site403030_nondesignquota_precisionchol_basefitbootinit_preboot_20260521/runs/scenario1/bootstrap/federated/scenario1/raw_runs/run_20260522-090623/optim_result_trial_359_20260522-091646.json","trace":"/project/temp/deferiprone_single_oral_25mgkg_designcheck_20260511/validation/design_change_n403030_wtmclustT10_nomix_site403030_nondesignquota_precisionchol_basefitbootinit_preboot_20260521/runs/scenario1/bootstrap/federated/scenario1/raw_runs/run_20260522-090623/optim_trace_trial_359_20260522-091646.csv","final":"/project/temp/deferiprone_single_oral_25mgkg_designcheck_20260511/validation/design_change_n403030_wtmclustT10_nomix_site403030_nondesignquota_precisionchol_basefitbootinit_preboot_20260521/runs/scenario1/bootstrap/federated/scenario1/raw_runs/run_20260522-090623/final_params_trial_359_20260522-091646.csv"},"log_n":19,"execution_state":"completed","trial":359,"attempts":1},{"tag":"trial_360_20260522-091912","value":2140.0413,"counts":[22,22],"control":{"maxit":100,"factr":1000000000,"pgtol":0,"trace":0,"method":"L-BFGS-B"},"convergence":0,"message":"CONVERGENCE: REL_REDUCTION_OF_F <= FACTR*EPSMCH","nat_par":{"lka":2.0074092483,"lcl":2.2400194407,"lvc":2.9753191985,"CcPropSd":0.33000291474,"etaLcl":0.11038788883,"etaLvc":0.039887651124,"(etaLcl,etaLvc)":0.065079829213,"rho_(etaLcl,etaLvc)":0.98076838846},"failed_clients":[],"attempt":1,"files":{"result":"/project/temp/deferiprone_single_oral_25mgkg_designcheck_20260511/validation/design_change_n403030_wtmclustT10_nomix_site403030_nondesignquota_precisionchol_basefitbootinit_preboot_20260521/runs/scenario1/bootstrap/federated/scenario1/raw_runs/run_20260522-090623/optim_result_trial_360_20260522-091912.json","trace":"/project/temp/deferiprone_single_oral_25mgkg_designcheck_20260511/validation/design_change_n403030_wtmclustT10_nomix_site403030_nondesignquota_precisionchol_basefitbootinit_preboot_20260521/runs/scenario1/bootstrap/federated/scenario1/raw_runs/run_20260522-090623/optim_trace_trial_360_20260522-091912.csv","final":"/project/temp/deferiprone_single_oral_25mgkg_designcheck_20260511/validation/design_change_n403030_wtmclustT10_nomix_site403030_nondesignquota_precisionchol_basefitbootinit_preboot_20260521/runs/scenario1/bootstrap/federated/scenario1/raw_runs/run_20260522-090623/final_params_trial_360_20260522-091912.csv"},"log_n":22,"execution_state":"completed","trial":360,"attempts":1}],"trial_status":[{"trial":356,"execution_state":"completed","converged":true,"attempts":1,"convergence":0,"value":2225.9758,"eval_fn":22,"eval_gr":22,"log_n":22,"failed_clients_n":0,"message":"CONVERGENCE: REL_REDUCTION_OF_F <= FACTR*EPSMCH","result_file":"/project/temp/deferiprone_single_oral_25mgkg_designcheck_20260511/validation/design_change_n403030_wtmclustT10_nomix_site403030_nondesignquota_precisionchol_basefitbootinit_preboot_20260521/runs/scenario1/bootstrap/federated/scenario1/raw_runs/run_20260522-090623/optim_result_trial_356_20260522-090623.json","trace_file":"/project/temp/deferiprone_single_oral_25mgkg_designcheck_20260511/validation/design_change_n403030_wtmclustT10_nomix_site403030_nondesignquota_precisionchol_basefitbootinit_preboot_20260521/runs/scenario1/bootstrap/federated/scenario1/raw_runs/run_20260522-090623/optim_trace_trial_356_20260522-090623.csv","final_file":"/project/temp/deferiprone_single_oral_25mgkg_designcheck_20260511/validation/design_change_n403030_wtmclustT10_nomix_site403030_nondesignquota_precisionchol_basefitbootinit_preboot_20260521/runs/scenario1/bootstrap/federated/scenario1/raw_runs/run_20260522-090623/final_params_trial_356_20260522-090623.csv"},{"trial":357,"execution_state":"completed","converged":true,"attempts":1,"convergence":0,"value":2188.745,"eval_fn":21,"eval_gr":21,"log_n":21,"failed_clients_n":0,"message":"CONVERGENCE: REL_REDUCTION_OF_F <= FACTR*EPSMCH","result_file":"/project/temp/deferiprone_single_oral_25mgkg_designcheck_20260511/validation/design_change_n403030_wtmclustT10_nomix_site403030_nondesignquota_precisionchol_basefitbootinit_preboot_20260521/runs/scenario1/bootstrap/federated/scenario1/raw_runs/run_20260522-090623/optim_result_trial_357_20260522-090911.json","trace_file":"/project/temp/deferiprone_single_oral_25mgkg_designcheck_20260511/validation/design_change_n403030_wtmclustT10_nomix_site403030_nondesignquota_precisionchol_basefitbootinit_preboot_20260521/runs/scenario1/bootstrap/federated/scenario1/raw_runs/run_20260522-090623/optim_trace_trial_357_20260522-090911.csv","final_file":"/project/temp/deferiprone_single_oral_25mgkg_designcheck_20260511/validation/design_change_n403030_wtmclustT10_nomix_site403030_nondesignquota_precisionchol_basefitbootinit_preboot_20260521/runs/scenario1/bootstrap/federated/scenario1/raw_runs/run_20260522-090623/final_params_trial_357_20260522-090911.csv"},{"trial":358,"execution_state":"completed","converged":true,"attempts":1,"convergence":0,"value":2245.2117,"eval_fn":39,"eval_gr":39,"log_n":39,"failed_clients_n":0,"message":"CONVERGENCE: REL_REDUCTION_OF_F <= FACTR*EPSMCH","result_file":"/project/temp/deferiprone_single_oral_25mgkg_designcheck_20260511/validation/design_change_n403030_wtmclustT10_nomix_site403030_nondesignquota_precisionchol_basefitbootinit_preboot_20260521/runs/scenario1/bootstrap/federated/scenario1/raw_runs/run_20260522-090623/optim_result_trial_358_20260522-091150.json","trace_file":"/project/temp/deferiprone_single_oral_25mgkg_designcheck_20260511/validation/design_change_n403030_wtmclustT10_nomix_site403030_nondesignquota_precisionchol_basefitbootinit_preboot_20260521/runs/scenario1/bootstrap/federated/scenario1/raw_runs/run_20260522-090623/optim_trace_trial_358_20260522-091150.csv","final_file":"/project/temp/deferiprone_single_oral_25mgkg_designcheck_20260511/validation/design_change_n403030_wtmclustT10_nomix_site403030_nondesignquota_precisionchol_basefitbootinit_preboot_20260521/runs/scenario1/bootstrap/federated/scenario1/raw_runs/run_20260522-090623/final_params_trial_358_20260522-091150.csv"},{"trial":359,"execution_state":"completed","converged":true,"attempts":1,"convergence":0,"value":2270.5224,"eval_fn":19,"eval_gr":19,"log_n":19,"failed_clients_n":0,"message":"CONVERGENCE: REL_REDUCTION_OF_F <= FACTR*EPSMCH","result_file":"/project/temp/deferiprone_single_oral_25mgkg_designcheck_20260511/validation/design_change_n403030_wtmclustT10_nomix_site403030_nondesignquota_precisionchol_basefitbootinit_preboot_20260521/runs/scenario1/bootstrap/federated/scenario1/raw_runs/run_20260522-090623/optim_result_trial_359_20260522-091646.json","trace_file":"/project/temp/deferiprone_single_oral_25mgkg_designcheck_20260511/validation/design_change_n403030_wtmclustT10_nomix_site403030_nondesignquota_precisionchol_basefitbootinit_preboot_20260521/runs/scenario1/bootstrap/federated/scenario1/raw_runs/run_20260522-090623/optim_trace_trial_359_20260522-091646.csv","final_file":"/project/temp/deferiprone_single_oral_25mgkg_designcheck_20260511/validation/design_change_n403030_wtmclustT10_nomix_site403030_nondesignquota_precisionchol_basefitbootinit_preboot_20260521/runs/scenario1/bootstrap/federated/scenario1/raw_runs/run_20260522-090623/final_params_trial_359_20260522-091646.csv"},{"trial":360,"execution_state":"completed","converged":true,"attempts":1,"convergence":0,"value":2140.0413,"eval_fn":22,"eval_gr":22,"log_n":22,"failed_clients_n":0,"message":"CONVERGENCE: REL_REDUCTION_OF_F <= FACTR*EPSMCH","result_file":"/project/temp/deferiprone_single_oral_25mgkg_designcheck_20260511/validation/design_change_n403030_wtmclustT10_nomix_site403030_nondesignquota_precisionchol_basefitbootinit_preboot_20260521/runs/scenario1/bootstrap/federated/scenario1/raw_runs/run_20260522-090623/optim_result_trial_360_20260522-091912.json","trace_file":"/project/temp/deferiprone_single_oral_25mgkg_designcheck_20260511/validation/design_change_n403030_wtmclustT10_nomix_site403030_nondesignquota_precisionchol_basefitbootinit_preboot_20260521/runs/scenario1/bootstrap/federated/scenario1/raw_runs/run_20260522-090623/optim_trace_trial_360_20260522-091912.csv","final_file":"/project/temp/deferiprone_single_oral_25mgkg_designcheck_20260511/validation/design_change_n403030_wtmclustT10_nomix_site403030_nondesignquota_precisionchol_basefitbootinit_preboot_20260521/runs/scenario1/bootstrap/federated/scenario1/raw_runs/run_20260522-090623/final_params_trial_360_20260522-091912.csv"}],"info":{"run_id":"20260522-090623","log_base_dir":"/project/temp/deferiprone_single_oral_25mgkg_designcheck_20260511/validation/design_change_n403030_wtmclustT10_nomix_site403030_nondesignquota_precisionchol_basefitbootinit_preboot_20260521/runs/scenario1/bootstrap/federated","scenario":"scenario1/raw_runs","total_trials":5,"successes":5,"failures":0,"nonconverged_count":0,"nonconverged_trials":[],"convergence_missing_count":0,"seed_base":4869,"B_per_client":500,"duration_sec":944.4146065712,"host":"e367f08b054d","image_tag":null,"communication":{"generated_at":"2026-05-22T09:22:02Z","totals":{"requests":741,"request_bytes":826191,"response_bytes":188011,"total_bytes":1014202,"retries":0},"init":{"requests":3,"request_bytes":8139,"response_bytes":1161,"total_bytes":9300,"retries":0,"median_elapsed_sec":0.36404466629},"init_round_latency":{"n_rounds":1,"median_round_wall_sec":0.36916518211,"p95_round_wall_sec":0.36916518211},"run":{"requests":0,"request_bytes":0,"response_bytes":0,"total_bytes":0,"retries":0,"median_elapsed_sec":"NA"},"run_bootstrap":{"requests":738,"request_bytes":818052,"response_bytes":186850,"total_bytes":1004902,"retries":0,"median_elapsed_sec":3.6508897543},"round_latency":{"n_rounds":246,"median_round_wall_sec":3.7870987654,"p95_round_wall_sec":4.058509469},"timing_split":{"n_rounds":246,"rounds_with_compute":246,"total_round_wall_sec":933.3013629913,"total_round_compute_wall_sec":925.1741,"total_round_comm_overhead_wall_sec":8.1272629913,"comm_overhead_ratio":0.0087080800625,"compute_ratio":0.99129191994}},"communication_files":{"csv":"/project/temp/deferiprone_single_oral_25mgkg_designcheck_20260511/validation/design_change_n403030_wtmclustT10_nomix_site403030_nondesignquota_precisionchol_basefitbootinit_preboot_20260521/runs/scenario1/bootstrap/federated/scenario1/raw_runs/run_20260522-090623/comm_metrics.csv","json":"/project/temp/deferiprone_single_oral_25mgkg_designcheck_20260511/validation/design_change_n403030_wtmclustT10_nomix_site403030_nondesignquota_precisionchol_basefitbootinit_preboot_20260521/runs/scenario1/bootstrap/federated/scenario1/raw_runs/run_20260522-090623/comm_metrics.json"},"output_files":{"bootstrap_summary_csv":"/project/temp/deferiprone_single_oral_25mgkg_designcheck_20260511/validation/design_change_n403030_wtmclustT10_nomix_site403030_nondesignquota_precisionchol_basefitbootinit_preboot_20260521/runs/scenario1/bootstrap/federated/scenario1/raw_runs/run_20260522-090623/bootstrap_summary.csv","bootstrap_summary_json":"/project/temp/deferiprone_single_oral_25mgkg_designcheck_20260511/validation/design_change_n403030_wtmclustT10_nomix_site403030_nondesignquota_precisionchol_basefitbootinit_preboot_20260521/runs/scenario1/bootstrap/federated/scenario1/raw_runs/run_20260522-090623/bootstrap_summary.json","trial_status_csv":"/project/temp/deferiprone_single_oral_25mgkg_designcheck_20260511/validation/design_change_n403030_wtmclustT10_nomix_site403030_nondesignquota_precisionchol_basefitbootinit_preboot_20260521/runs/scenario1/bootstrap/federated/scenario1/raw_runs/run_20260522-090623/trial_status.csv","failed_trials_csv":"/project/temp/deferiprone_single_oral_25mgkg_designcheck_20260511/validation/design_change_n403030_wtmclustT10_nomix_site403030_nondesignquota_precisionchol_basefitbootinit_preboot_20260521/runs/scenario1/bootstrap/federated/scenario1/raw_runs/run_20260522-090623/failed_trials.csv","trial_estimates_wide_csv":"/project/temp/deferiprone_single_oral_25mgkg_designcheck_20260511/validation/design_change_n403030_wtmclustT10_nomix_site403030_nondesignquota_precisionchol_basefitbootinit_preboot_20260521/runs/scenario1/bootstrap/federated/scenario1/raw_runs/run_20260522-090623/trial_estimates_wide.csv","trial_estimates_long_csv":"/project/temp/deferiprone_single_oral_25mgkg_designcheck_20260511/validation/design_change_n403030_wtmclustT10_nomix_site403030_nondesignquota_precisionchol_basefitbootinit_preboot_20260521/runs/scenario1/bootstrap/federated/scenario1/raw_runs/run_20260522-090623/trial_estimates_long.csv","result_json":"/project/temp/deferiprone_single_oral_25mgkg_designcheck_20260511/validation/design_change_n403030_wtmclustT10_nomix_site403030_nondesignquota_precisionchol_basefitbootinit_preboot_20260521/runs/scenario1/bootstrap/federated/scenario1/raw_runs/run_20260522-090623/result.json"}}}
[Kserver-1 exited with code 0
Aborting on container exit...
 Container defboot_design_change_n403030_wtmclu_scenario1_356_360-server-1  Stopping
 Container defboot_design_change_n403030_wtmclu_scenario1_356_360-server-1  Stopped
 Container defboot_design_change_n403030_wtmclu_scenario1_356_360-client1-1  Stopping
 Container defboot_design_change_n403030_wtmclu_scenario1_356_360-client3-1  Stopping
 Container defboot_design_change_n403030_wtmclu_scenario1_356_360-client2-1  Stopping
 Container defboot_design_change_n403030_wtmclu_scenario1_356_360-client2-1  Stopped
 Container defboot_design_change_n403030_wtmclu_scenario1_356_360-client1-1  Stopped
 Container defboot_design_change_n403030_wtmclu_scenario1_356_360-client3-1  Stopped
time="2026-05-22T18:22:12+09:00" level=warning msg="The \"SERVER_CONFIG_PATH\" variable is not set. Defaulting to a blank string."
 Container defboot_design_change_n403030_wtmclu_scenario1_356_360-server-1  Stopping
 Container defboot_design_change_n403030_wtmclu_scenario1_356_360-server-1  Stopped
 Container defboot_design_change_n403030_wtmclu_scenario1_356_360-server-1  Removing
 Container defboot_design_change_n403030_wtmclu_scenario1_356_360-server-1  Removed
 Container defboot_design_change_n403030_wtmclu_scenario1_356_360-client3-1  Stopping
 Container defboot_design_change_n403030_wtmclu_scenario1_356_360-client1-1  Stopping
 Container defboot_design_change_n403030_wtmclu_scenario1_356_360-client2-1  Stopping
 Container defboot_design_change_n403030_wtmclu_scenario1_356_360-client3-1  Stopped
 Container defboot_design_change_n403030_wtmclu_scenario1_356_360-client3-1  Removing
 Container defboot_design_change_n403030_wtmclu_scenario1_356_360-client2-1  Stopped
 Container defboot_design_change_n403030_wtmclu_scenario1_356_360-client2-1  Removing
 Container defboot_design_change_n403030_wtmclu_scenario1_356_360-client1-1  Stopped
 Container defboot_design_change_n403030_wtmclu_scenario1_356_360-client1-1  Removing
 Container defboot_design_change_n403030_wtmclu_scenario1_356_360-client3-1  Removed
 Container defboot_design_change_n403030_wtmclu_scenario1_356_360-client2-1  Removed
 Container defboot_design_change_n403030_wtmclu_scenario1_356_360-client1-1  Removed
 Network defboot_design_change_n403030_wtmclu_scenario1_356_360_site2_net  Removing
 Network defboot_design_change_n403030_wtmclu_scenario1_356_360_site3_net  Removing
 Network defboot_design_change_n403030_wtmclu_scenario1_356_360_site1_net  Removing
 Network defboot_design_change_n403030_wtmclu_scenario1_356_360_site2_net  Removed
 Network defboot_design_change_n403030_wtmclu_scenario1_356_360_site3_net  Removed
 Network defboot_design_change_n403030_wtmclu_scenario1_356_360_site1_net  Removed
