time="2026-05-22T07:05:44+09:00" level=warning msg="The \"SERVER_CONFIG_PATH\" variable is not set. Defaulting to a blank string."
Compose now can delegate build to bake for better performances
Just set COMPOSE_BAKE=true
#0 building with "default" instance using docker driver

#1 [client3 internal] load build definition from Dockerfile.app
#1 transferring dockerfile: 778B done
#1 DONE 0.0s

#2 [client1 internal] load build definition from Dockerfile.app
#2 transferring dockerfile: 778B done
#2 DONE 0.0s

#3 [client2 internal] load build definition from Dockerfile.app
#3 transferring dockerfile: 778B done
#3 DONE 0.0s

#4 [client2 internal] load metadata for docker.io/fedpoppk/base:0.1.0
#4 DONE 0.0s

#5 [client3 internal] load .dockerignore
#5 transferring context: 2B done
#5 DONE 0.0s

#6 [client1 internal] load .dockerignore
#6 transferring context: 2B done
#6 DONE 0.0s

#7 [client2 internal] load .dockerignore
#7 transferring context: 2B done
#7 DONE 0.0s

#8 [client2 1/8] FROM docker.io/fedpoppk/base:0.1.0
#8 DONE 0.0s

#9 [client3 internal] load build context
#9 ...

#10 [client2 internal] load build context
#10 transferring context: 736.51kB 0.3s done
#10 DONE 0.3s

#9 [client3 internal] load build context
#9 transferring context: 736.51kB 0.3s done
#9 DONE 0.3s

#11 [client1 internal] load build context
#11 transferring context: 736.51kB 0.3s done
#11 DONE 0.3s

#12 [client2 2/8] WORKDIR /project
#12 CACHED

#13 [client2 4/8] RUN Rscript -e "options(renv.consent=TRUE, Ncpus=parallel::detectCores());                 renv::restore(prompt=FALSE)"
#13 CACHED

#14 [client2 6/8] COPY R/ R/
#14 CACHED

#15 [client2 7/8] COPY analysis/ analysis/
#15 CACHED

#16 [client2 3/8] COPY renv.lock .Rprofile renv/activate.R ./
#16 CACHED

#17 [client2 5/8] COPY apps/ apps/
#17 CACHED

#18 [client1 8/8] RUN mkdir -p /project/configs/modes /project/data /project/artifacts /project/result
#18 CACHED

#19 [client2] exporting to image
#19 exporting layers done
#19 writing image sha256:a892e1fa2d50493e238f1cf2d91be2667140a6a67af4dd0dc3a04824e4b3bb27 done
#19 naming to docker.io/library/defboot_design_change_n403030_wtmclu_scenario1_136_140-client2 0.0s done
#19 DONE 0.0s

#20 [client3] exporting to image
#20 exporting layers done
#20 writing image sha256:c0070b851408c01d43cd6a433ba17c752eb665441992947c7f0404edda6247f6 done
#20 naming to docker.io/library/defboot_design_change_n403030_wtmclu_scenario1_136_140-client3 0.0s done
#20 DONE 0.0s

#21 [client1] exporting to image
#21 exporting layers done
#21 writing image sha256:19ccfc4188565a934335836b9348755f25436e582c0268a763e283cbad90cb4a done
#21 naming to docker.io/library/defboot_design_change_n403030_wtmclu_scenario1_136_140-client1 0.1s done
#21 DONE 0.1s

#22 [client2] resolving provenance for metadata file
#22 DONE 0.0s

#23 [client3] resolving provenance for metadata file
#23 DONE 0.0s

#24 [client1] resolving provenance for metadata file
#24 DONE 0.0s

#25 [server internal] load build definition from Dockerfile.app
#25 transferring dockerfile: 778B done
#25 DONE 0.0s

#4 [server internal] load metadata for docker.io/fedpoppk/base:0.1.0
#4 DONE 0.0s

#26 [server internal] load .dockerignore
#26 transferring context: 2B done
#26 DONE 0.0s

#8 [server 1/8] FROM docker.io/fedpoppk/base:0.1.0
#8 DONE 0.0s

#27 [server internal] load build context
#27 transferring context: 736.51kB 0.3s done
#27 DONE 0.4s

#28 [server 3/8] COPY renv.lock .Rprofile renv/activate.R ./
#28 CACHED

#12 [server 2/8] WORKDIR /project
#12 CACHED

#29 [server 4/8] RUN Rscript -e "options(renv.consent=TRUE, Ncpus=parallel::detectCores());                 renv::restore(prompt=FALSE)"
#29 CACHED

#30 [server 7/8] COPY analysis/ analysis/
#30 CACHED

#31 [server 6/8] COPY R/ R/
#31 CACHED

#32 [server 5/8] COPY apps/ apps/
#32 CACHED

#33 [server 8/8] RUN mkdir -p /project/configs/modes /project/data /project/artifacts /project/result
#33 CACHED

#34 [server] exporting to image
#34 exporting layers done
#34 writing image sha256:7a43aa4ed774630e0d0daed653002ff62ba0493a4888e21cfae92edee9833dec done
#34 naming to docker.io/library/defboot_design_change_n403030_wtmclu_scenario1_136_140-server 0.0s done
#34 DONE 0.0s

#35 [server] resolving provenance for metadata file
#35 DONE 0.0s
 client1  Built
 client2  Built
 client3  Built
 server  Built
 Network defboot_design_change_n403030_wtmclu_scenario1_136_140_site2_net  Creating
 Network defboot_design_change_n403030_wtmclu_scenario1_136_140_site2_net  Created
 Network defboot_design_change_n403030_wtmclu_scenario1_136_140_site1_net  Creating
 Network defboot_design_change_n403030_wtmclu_scenario1_136_140_site1_net  Created
 Network defboot_design_change_n403030_wtmclu_scenario1_136_140_site3_net  Creating
 Network defboot_design_change_n403030_wtmclu_scenario1_136_140_site3_net  Created
 Container defboot_design_change_n403030_wtmclu_scenario1_136_140-client2-1  Creating
 Container defboot_design_change_n403030_wtmclu_scenario1_136_140-client1-1  Creating
 Container defboot_design_change_n403030_wtmclu_scenario1_136_140-client3-1  Creating
 Container defboot_design_change_n403030_wtmclu_scenario1_136_140-client3-1  Created
 Container defboot_design_change_n403030_wtmclu_scenario1_136_140-client2-1  Created
 Container defboot_design_change_n403030_wtmclu_scenario1_136_140-client1-1  Created
 Container defboot_design_change_n403030_wtmclu_scenario1_136_140-server-1  Creating
 Container defboot_design_change_n403030_wtmclu_scenario1_136_140-server-1  Created
Attaching to client1-1, client2-1, client3-1, server-1
client1-1  | Running plumber API at http://0.0.0.0:8000
client1-1  | Running swagger Docs at http://127.0.0.1:8000/__docs__/
client3-1  | Running plumber API at http://0.0.0.0:8000
client3-1  | Running swagger Docs at http://127.0.0.1:8000/__docs__/
client2-1  | Running plumber API at http://0.0.0.0:8000
client2-1  | Running swagger Docs at http://127.0.0.1:8000/__docs__/
client1-1  | ℹ parameter labels from comments are typically ignored in non-interactive mode
client1-1  | ℹ Need to run with the source intact to parse comments
client2-1  | ℹ parameter labels from comments are typically ignored in non-interactive mode
client2-1  | ℹ Need to run with the source intact to parse comments
client3-1  | ℹ parameter labels from comments are typically ignored in non-interactive mode
client3-1  | ℹ Need to run with the source intact to parse comments
server-1   | [send_init] http://client1:8000 init succeeded
server-1   | [send_init] http://client2:8000 init succeeded
server-1   | [send_init] http://client3:8000 init succeeded
server-1   | {"schema":{"schema_version":"1.1.0","generated_at":"2026-05-21T22:05:54Z","config_path":"/project/configs/../temp/deferiprone_single_oral_25mgkg_designcheck_20260511/validation/design_change_n403030_wtmclustT10_nomix_site403030_nondesignquota_precisionchol_basefitbootinit_preboot_20260521/configs/resolved/scenario1_bootstrap.json","config_md5":"9d7556058a6c3cb18af9ad7ffdd7076b","seed":4869,"host":"ff6ae5b856dd","pid":1,"image_tag":null,"git_sha":null,"git_dirty":null},"aggregation":{"ci_method":"percentile","ci_level":0.95,"quantile_type":7,"estimates_scale":"natural"},"summary":[{"parameter":"(etaLcl,etaLvc)","median":0.057256533522,"p2.5":0.052312311798,"p97.5":0.070981799774},{"parameter":"CcPropSd","median":0.34577812393,"p2.5":0.32384980348,"p97.5":0.37072124586},{"parameter":"etaLcl","median":0.10357084725,"p2.5":0.09527789136,"p97.5":0.1112585722},{"parameter":"etaLvc","median":0.035561999363,"p2.5":0.026519132142,"p97.5":0.047798222198},{"parameter":"lcl","median":2.1788544118,"p2.5":2.160553644,"p97.5":2.2041969866},{"parameter":"lka","median":2.2559377837,"p2.5":2.1955768841,"p97.5":2.3174411438},{"parameter":"lvc","median":2.9611556798,"p2.5":2.9217084241,"p97.5":2.9923462234},{"parameter":"rho_(etaLcl,etaLvc)","median":0.9785086781,"p2.5":0.97137645756,"p97.5":0.98379521077}],"runs":[{"tag":"trial_136_20260521-220554","value":2185.5805,"counts":[19,19],"control":{"maxit":100,"factr":1000000000,"pgtol":0,"trace":0,"method":"L-BFGS-B"},"convergence":0,"message":"CONVERGENCE: REL_REDUCTION_OF_F <= FACTR*EPSMCH","nat_par":{"lka":2.2559377837,"lcl":2.1788544118,"lvc":2.9619519038,"CcPropSd":0.3225645725,"etaLcl":0.1114474428,"etaLvc":0.02573544063,"(etaLcl,etaLvc)":0.051987077201,"rho_(etaLcl,etaLvc)":0.97072126422},"failed_clients":[],"attempt":1,"files":{"result":"/project/temp/deferiprone_single_oral_25mgkg_designcheck_20260511/validation/design_change_n403030_wtmclustT10_nomix_site403030_nondesignquota_precisionchol_basefitbootinit_preboot_20260521/runs/scenario1/bootstrap/federated/scenario1/raw_runs/run_20260521-220554/optim_result_trial_136_20260521-220554.json","trace":"/project/temp/deferiprone_single_oral_25mgkg_designcheck_20260511/validation/design_change_n403030_wtmclustT10_nomix_site403030_nondesignquota_precisionchol_basefitbootinit_preboot_20260521/runs/scenario1/bootstrap/federated/scenario1/raw_runs/run_20260521-220554/optim_trace_trial_136_20260521-220554.csv","final":"/project/temp/deferiprone_single_oral_25mgkg_designcheck_20260511/validation/design_change_n403030_wtmclustT10_nomix_site403030_nondesignquota_precisionchol_basefitbootinit_preboot_20260521/runs/scenario1/bootstrap/federated/scenario1/raw_runs/run_20260521-220554/final_params_trial_136_20260521-220554.csv"},"log_n":19,"execution_state":"completed","trial":136,"attempts":1},{"tag":"trial_137_20260521-220819","value":2192.8077,"counts":[19,19],"control":{"maxit":100,"factr":1000000000,"pgtol":0,"trace":0,"method":"L-BFGS-B"},"convergence":0,"message":"CONVERGENCE: REL_REDUCTION_OF_F <= FACTR*EPSMCH","nat_par":{"lka":2.2269877038,"lcl":2.2053118962,"lvc":2.9957233701,"CcPropSd":0.34577812393,"etaLcl":0.10357084725,"etaLvc":0.039150985941,"(etaLcl,etaLvc)":0.06243102482,"rho_(etaLcl,etaLvc)":0.98041590451},"failed_clients":[],"attempt":1,"files":{"result":"/project/temp/deferiprone_single_oral_25mgkg_designcheck_20260511/validation/design_change_n403030_wtmclustT10_nomix_site403030_nondesignquota_precisionchol_basefitbootinit_preboot_20260521/runs/scenario1/bootstrap/federated/scenario1/raw_runs/run_20260521-220554/optim_result_trial_137_20260521-220819.json","trace":"/project/temp/deferiprone_single_oral_25mgkg_designcheck_20260511/validation/design_change_n403030_wtmclustT10_nomix_site403030_nondesignquota_precisionchol_basefitbootinit_preboot_20260521/runs/scenario1/bootstrap/federated/scenario1/raw_runs/run_20260521-220554/optim_trace_trial_137_20260521-220819.csv","final":"/project/temp/deferiprone_single_oral_25mgkg_designcheck_20260511/validation/design_change_n403030_wtmclustT10_nomix_site403030_nondesignquota_precisionchol_basefitbootinit_preboot_20260521/runs/scenario1/bootstrap/federated/scenario1/raw_runs/run_20260521-220554/final_params_trial_137_20260521-220819.csv"},"log_n":19,"execution_state":"completed","trial":137,"attempts":1},{"tag":"trial_138_20260521-221042","value":2198.6719,"counts":[20,20],"control":{"maxit":100,"factr":1000000000,"pgtol":0,"trace":0,"method":"L-BFGS-B"},"convergence":0,"message":"CONVERGENCE: REL_REDUCTION_OF_F <= FACTR*EPSMCH","nat_par":{"lka":2.3176565045,"lcl":2.1941628002,"lvc":2.9295156214,"CcPropSd":0.36264110363,"etaLcl":0.096279664652,"etaLvc":0.035561999363,"(etaLcl,etaLvc)":0.057256533522,"rho_(etaLcl,etaLvc)":0.9785086781},"failed_clients":[],"attempt":1,"files":{"result":"/project/temp/deferiprone_single_oral_25mgkg_designcheck_20260511/validation/design_change_n403030_wtmclustT10_nomix_site403030_nondesignquota_precisionchol_basefitbootinit_preboot_20260521/runs/scenario1/bootstrap/federated/scenario1/raw_runs/run_20260521-220554/optim_result_trial_138_20260521-221042.json","trace":"/project/temp/deferiprone_single_oral_25mgkg_designcheck_20260511/validation/design_change_n403030_wtmclustT10_nomix_site403030_nondesignquota_precisionchol_basefitbootinit_preboot_20260521/runs/scenario1/bootstrap/federated/scenario1/raw_runs/run_20260521-220554/optim_trace_trial_138_20260521-221042.csv","final":"/project/temp/deferiprone_single_oral_25mgkg_designcheck_20260511/validation/design_change_n403030_wtmclustT10_nomix_site403030_nondesignquota_precisionchol_basefitbootinit_preboot_20260521/runs/scenario1/bootstrap/federated/scenario1/raw_runs/run_20260521-220554/final_params_trial_138_20260521-221042.csv"},"log_n":20,"execution_state":"completed","trial":138,"attempts":1},{"tag":"trial_139_20260521-221315","value":2235.4955,"counts":[25,25],"control":{"maxit":100,"factr":1000000000,"pgtol":0,"trace":0,"method":"L-BFGS-B"},"convergence":0,"message":"CONVERGENCE: REL_REDUCTION_OF_F <= FACTR*EPSMCH","nat_par":{"lka":2.3155028979,"lcl":2.1617939099,"lvc":2.9611556798,"CcPropSd":0.37161903944,"etaLcl":0.095166583217,"etaLvc":0.03357235575,"(etaLcl,etaLvc)":0.055239423168,"rho_(etaLcl,etaLvc)":0.97727319758},"failed_clients":[],"attempt":1,"files":{"result":"/project/temp/deferiprone_single_oral_25mgkg_designcheck_20260511/validation/design_change_n403030_wtmclustT10_nomix_site403030_nondesignquota_precisionchol_basefitbootinit_preboot_20260521/runs/scenario1/bootstrap/federated/scenario1/raw_runs/run_20260521-220554/optim_result_trial_139_20260521-221315.json","trace":"/project/temp/deferiprone_single_oral_25mgkg_designcheck_20260511/validation/design_change_n403030_wtmclustT10_nomix_site403030_nondesignquota_precisionchol_basefitbootinit_preboot_20260521/runs/scenario1/bootstrap/federated/scenario1/raw_runs/run_20260521-220554/optim_trace_trial_139_20260521-221315.csv","final":"/project/temp/deferiprone_single_oral_25mgkg_designcheck_20260511/validation/design_change_n403030_wtmclustT10_nomix_site403030_nondesignquota_precisionchol_basefitbootinit_preboot_20260521/runs/scenario1/bootstrap/federated/scenario1/raw_runs/run_20260521-220554/final_params_trial_139_20260521-221315.csv"},"log_n":25,"execution_state":"completed","trial":139,"attempts":1},{"tag":"trial_140_20260521-221625","value":2190.563,"counts":[17,17],"control":{"maxit":100,"factr":1000000000,"pgtol":0,"trace":0,"method":"L-BFGS-B"},"convergence":0,"message":"CONVERGENCE: REL_REDUCTION_OF_F <= FACTR*EPSMCH","nat_par":{"lka":2.192086793,"lcl":2.1604158367,"lvc":2.9208409578,"CcPropSd":0.33541688227,"etaLcl":0.10955873679,"etaLvc":0.048759026227,"(etaLcl,etaLvc)":0.07193188588,"rho_(etaLcl,etaLvc)":0.98417068924},"failed_clients":[],"attempt":1,"files":{"result":"/project/temp/deferiprone_single_oral_25mgkg_designcheck_20260511/validation/design_change_n403030_wtmclustT10_nomix_site403030_nondesignquota_precisionchol_basefitbootinit_preboot_20260521/runs/scenario1/bootstrap/federated/scenario1/raw_runs/run_20260521-220554/optim_result_trial_140_20260521-221625.json","trace":"/project/temp/deferiprone_single_oral_25mgkg_designcheck_20260511/validation/design_change_n403030_wtmclustT10_nomix_site403030_nondesignquota_precisionchol_basefitbootinit_preboot_20260521/runs/scenario1/bootstrap/federated/scenario1/raw_runs/run_20260521-220554/optim_trace_trial_140_20260521-221625.csv","final":"/project/temp/deferiprone_single_oral_25mgkg_designcheck_20260511/validation/design_change_n403030_wtmclustT10_nomix_site403030_nondesignquota_precisionchol_basefitbootinit_preboot_20260521/runs/scenario1/bootstrap/federated/scenario1/raw_runs/run_20260521-220554/final_params_trial_140_20260521-221625.csv"},"log_n":17,"execution_state":"completed","trial":140,"attempts":1}],"trial_status":[{"trial":136,"execution_state":"completed","converged":true,"attempts":1,"convergence":0,"value":2185.5805,"eval_fn":19,"eval_gr":19,"log_n":19,"failed_clients_n":0,"message":"CONVERGENCE: REL_REDUCTION_OF_F <= FACTR*EPSMCH","result_file":"/project/temp/deferiprone_single_oral_25mgkg_designcheck_20260511/validation/design_change_n403030_wtmclustT10_nomix_site403030_nondesignquota_precisionchol_basefitbootinit_preboot_20260521/runs/scenario1/bootstrap/federated/scenario1/raw_runs/run_20260521-220554/optim_result_trial_136_20260521-220554.json","trace_file":"/project/temp/deferiprone_single_oral_25mgkg_designcheck_20260511/validation/design_change_n403030_wtmclustT10_nomix_site403030_nondesignquota_precisionchol_basefitbootinit_preboot_20260521/runs/scenario1/bootstrap/federated/scenario1/raw_runs/run_20260521-220554/optim_trace_trial_136_20260521-220554.csv","final_file":"/project/temp/deferiprone_single_oral_25mgkg_designcheck_20260511/validation/design_change_n403030_wtmclustT10_nomix_site403030_nondesignquota_precisionchol_basefitbootinit_preboot_20260521/runs/scenario1/bootstrap/federated/scenario1/raw_runs/run_20260521-220554/final_params_trial_136_20260521-220554.csv"},{"trial":137,"execution_state":"completed","converged":true,"attempts":1,"convergence":0,"value":2192.8077,"eval_fn":19,"eval_gr":19,"log_n":19,"failed_clients_n":0,"message":"CONVERGENCE: REL_REDUCTION_OF_F <= FACTR*EPSMCH","result_file":"/project/temp/deferiprone_single_oral_25mgkg_designcheck_20260511/validation/design_change_n403030_wtmclustT10_nomix_site403030_nondesignquota_precisionchol_basefitbootinit_preboot_20260521/runs/scenario1/bootstrap/federated/scenario1/raw_runs/run_20260521-220554/optim_result_trial_137_20260521-220819.json","trace_file":"/project/temp/deferiprone_single_oral_25mgkg_designcheck_20260511/validation/design_change_n403030_wtmclustT10_nomix_site403030_nondesignquota_precisionchol_basefitbootinit_preboot_20260521/runs/scenario1/bootstrap/federated/scenario1/raw_runs/run_20260521-220554/optim_trace_trial_137_20260521-220819.csv","final_file":"/project/temp/deferiprone_single_oral_25mgkg_designcheck_20260511/validation/design_change_n403030_wtmclustT10_nomix_site403030_nondesignquota_precisionchol_basefitbootinit_preboot_20260521/runs/scenario1/bootstrap/federated/scenario1/raw_runs/run_20260521-220554/final_params_trial_137_20260521-220819.csv"},{"trial":138,"execution_state":"completed","converged":true,"attempts":1,"convergence":0,"value":2198.6719,"eval_fn":20,"eval_gr":20,"log_n":20,"failed_clients_n":0,"message":"CONVERGENCE: REL_REDUCTION_OF_F <= FACTR*EPSMCH","result_file":"/project/temp/deferiprone_single_oral_25mgkg_designcheck_20260511/validation/design_change_n403030_wtmclustT10_nomix_site403030_nondesignquota_precisionchol_basefitbootinit_preboot_20260521/runs/scenario1/bootstrap/federated/scenario1/raw_runs/run_20260521-220554/optim_result_trial_138_20260521-221042.json","trace_file":"/project/temp/deferiprone_single_oral_25mgkg_designcheck_20260511/validation/design_change_n403030_wtmclustT10_nomix_site403030_nondesignquota_precisionchol_basefitbootinit_preboot_20260521/runs/scenario1/bootstrap/federated/scenario1/raw_runs/run_20260521-220554/optim_trace_trial_138_20260521-221042.csv","final_file":"/project/temp/deferiprone_single_oral_25mgkg_designcheck_20260511/validation/design_change_n403030_wtmclustT10_nomix_site403030_nondesignquota_precisionchol_basefitbootinit_preboot_20260521/runs/scenario1/bootstrap/federated/scenario1/raw_runs/run_20260521-220554/final_params_trial_138_20260521-221042.csv"},{"trial":139,"execution_state":"completed","converged":true,"attempts":1,"convergence":0,"value":2235.4955,"eval_fn":25,"eval_gr":25,"log_n":25,"failed_clients_n":0,"message":"CONVERGENCE: REL_REDUCTION_OF_F <= FACTR*EPSMCH","result_file":"/project/temp/deferiprone_single_oral_25mgkg_designcheck_20260511/validation/design_change_n403030_wtmclustT10_nomix_site403030_nondesignquota_precisionchol_basefitbootinit_preboot_20260521/runs/scenario1/bootstrap/federated/scenario1/raw_runs/run_20260521-220554/optim_result_trial_139_20260521-221315.json","trace_file":"/project/temp/deferiprone_single_oral_25mgkg_designcheck_20260511/validation/design_change_n403030_wtmclustT10_nomix_site403030_nondesignquota_precisionchol_basefitbootinit_preboot_20260521/runs/scenario1/bootstrap/federated/scenario1/raw_runs/run_20260521-220554/optim_trace_trial_139_20260521-221315.csv","final_file":"/project/temp/deferiprone_single_oral_25mgkg_designcheck_20260511/validation/design_change_n403030_wtmclustT10_nomix_site403030_nondesignquota_precisionchol_basefitbootinit_preboot_20260521/runs/scenario1/bootstrap/federated/scenario1/raw_runs/run_20260521-220554/final_params_trial_139_20260521-221315.csv"},{"trial":140,"execution_state":"completed","converged":true,"attempts":1,"convergence":0,"value":2190.563,"eval_fn":17,"eval_gr":17,"log_n":17,"failed_clients_n":0,"message":"CONVERGENCE: REL_REDUCTION_OF_F <= FACTR*EPSMCH","result_file":"/project/temp/deferiprone_single_oral_25mgkg_designcheck_20260511/validation/design_change_n403030_wtmclustT10_nomix_site403030_nondesignquota_precisionchol_basefitbootinit_preboot_20260521/runs/scenario1/bootstrap/federated/scenario1/raw_runs/run_20260521-220554/optim_result_trial_140_20260521-221625.json","trace_file":"/project/temp/deferiprone_single_oral_25mgkg_designcheck_20260511/validation/design_change_n403030_wtmclustT10_nomix_site403030_nondesignquota_precisionchol_basefitbootinit_preboot_20260521/runs/scenario1/bootstrap/federated/scenario1/raw_runs/run_20260521-220554/optim_trace_trial_140_20260521-221625.csv","final_file":"/project/temp/deferiprone_single_oral_25mgkg_designcheck_20260511/validation/design_change_n403030_wtmclustT10_nomix_site403030_nondesignquota_precisionchol_basefitbootinit_preboot_20260521/runs/scenario1/bootstrap/federated/scenario1/raw_runs/run_20260521-220554/final_params_trial_140_20260521-221625.csv"}],"info":{"run_id":"20260521-220554","log_base_dir":"/project/temp/deferiprone_single_oral_25mgkg_designcheck_20260511/validation/design_change_n403030_wtmclustT10_nomix_site403030_nondesignquota_precisionchol_basefitbootinit_preboot_20260521/runs/scenario1/bootstrap/federated","scenario":"scenario1/raw_runs","total_trials":5,"successes":5,"failures":0,"nonconverged_count":0,"nonconverged_trials":[],"convergence_missing_count":0,"seed_base":4869,"B_per_client":500,"duration_sec":768.1053435802,"host":"ff6ae5b856dd","image_tag":null,"communication":{"generated_at":"2026-05-21T22:18:36Z","totals":{"requests":603,"request_bytes":673233,"response_bytes":153269,"total_bytes":826502,"retries":0},"init":{"requests":3,"request_bytes":8139,"response_bytes":1161,"total_bytes":9300,"retries":0,"median_elapsed_sec":0.3657412529},"init_round_latency":{"n_rounds":1,"median_round_wall_sec":0.36993837357,"p95_round_wall_sec":0.36993837357},"run":{"requests":0,"request_bytes":0,"response_bytes":0,"total_bytes":0,"retries":0,"median_elapsed_sec":"NA"},"run_bootstrap":{"requests":600,"request_bytes":665094,"response_bytes":152108,"total_bytes":817202,"retries":0,"median_elapsed_sec":3.6396956444},"round_latency":{"n_rounds":200,"median_round_wall_sec":3.7688449621,"p95_round_wall_sec":4.0581900239},"timing_split":{"n_rounds":200,"rounds_with_compute":200,"total_round_wall_sec":758.0285096169,"total_round_compute_wall_sec":751.4156,"total_round_comm_overhead_wall_sec":6.6129096169,"comm_overhead_ratio":0.00872382705,"compute_ratio":0.99127617295}},"communication_files":{"csv":"/project/temp/deferiprone_single_oral_25mgkg_designcheck_20260511/validation/design_change_n403030_wtmclustT10_nomix_site403030_nondesignquota_precisionchol_basefitbootinit_preboot_20260521/runs/scenario1/bootstrap/federated/scenario1/raw_runs/run_20260521-220554/comm_metrics.csv","json":"/project/temp/deferiprone_single_oral_25mgkg_designcheck_20260511/validation/design_change_n403030_wtmclustT10_nomix_site403030_nondesignquota_precisionchol_basefitbootinit_preboot_20260521/runs/scenario1/bootstrap/federated/scenario1/raw_runs/run_20260521-220554/comm_metrics.json"},"output_files":{"bootstrap_summary_csv":"/project/temp/deferiprone_single_oral_25mgkg_designcheck_20260511/validation/design_change_n403030_wtmclustT10_nomix_site403030_nondesignquota_precisionchol_basefitbootinit_preboot_20260521/runs/scenario1/bootstrap/federated/scenario1/raw_runs/run_20260521-220554/bootstrap_summary.csv","bootstrap_summary_json":"/project/temp/deferiprone_single_oral_25mgkg_designcheck_20260511/validation/design_change_n403030_wtmclustT10_nomix_site403030_nondesignquota_precisionchol_basefitbootinit_preboot_20260521/runs/scenario1/bootstrap/federated/scenario1/raw_runs/run_20260521-220554/bootstrap_summary.json","trial_status_csv":"/project/temp/deferiprone_single_oral_25mgkg_designcheck_20260511/validation/design_change_n403030_wtmclustT10_nomix_site403030_nondesignquota_precisionchol_basefitbootinit_preboot_20260521/runs/scenario1/bootstrap/federated/scenario1/raw_runs/run_20260521-220554/trial_status.csv","failed_trials_csv":"/project/temp/deferiprone_single_oral_25mgkg_designcheck_20260511/validation/design_change_n403030_wtmclustT10_nomix_site403030_nondesignquota_precisionchol_basefitbootinit_preboot_20260521/runs/scenario1/bootstrap/federated/scenario1/raw_runs/run_20260521-220554/failed_trials.csv","trial_estimates_wide_csv":"/project/temp/deferiprone_single_oral_25mgkg_designcheck_20260511/validation/design_change_n403030_wtmclustT10_nomix_site403030_nondesignquota_precisionchol_basefitbootinit_preboot_20260521/runs/scenario1/bootstrap/federated/scenario1/raw_runs/run_20260521-220554/trial_estimates_wide.csv","trial_estimates_long_csv":"/project/temp/deferiprone_single_oral_25mgkg_designcheck_20260511/validation/design_change_n403030_wtmclustT10_nomix_site403030_nondesignquota_precisionchol_basefitbootinit_preboot_20260521/runs/scenario1/bootstrap/federated/scenario1/raw_runs/run_20260521-220554/trial_estimates_long.csv","result_json":"/project/temp/deferiprone_single_oral_25mgkg_designcheck_20260511/validation/design_change_n403030_wtmclustT10_nomix_site403030_nondesignquota_precisionchol_basefitbootinit_preboot_20260521/runs/scenario1/bootstrap/federated/scenario1/raw_runs/run_20260521-220554/result.json"}}}
[Kserver-1 exited with code 0
Aborting on container exit...
 Container defboot_design_change_n403030_wtmclu_scenario1_136_140-server-1  Stopping
 Container defboot_design_change_n403030_wtmclu_scenario1_136_140-server-1  Stopped
 Container defboot_design_change_n403030_wtmclu_scenario1_136_140-client1-1  Stopping
 Container defboot_design_change_n403030_wtmclu_scenario1_136_140-client2-1  Stopping
 Container defboot_design_change_n403030_wtmclu_scenario1_136_140-client3-1  Stopping
 Container defboot_design_change_n403030_wtmclu_scenario1_136_140-client1-1  Stopped
 Container defboot_design_change_n403030_wtmclu_scenario1_136_140-client3-1  Stopped
 Container defboot_design_change_n403030_wtmclu_scenario1_136_140-client2-1  Stopped
time="2026-05-22T07:18:47+09:00" level=warning msg="The \"SERVER_CONFIG_PATH\" variable is not set. Defaulting to a blank string."
 Container defboot_design_change_n403030_wtmclu_scenario1_136_140-server-1  Stopping
 Container defboot_design_change_n403030_wtmclu_scenario1_136_140-server-1  Stopped
 Container defboot_design_change_n403030_wtmclu_scenario1_136_140-server-1  Removing
 Container defboot_design_change_n403030_wtmclu_scenario1_136_140-server-1  Removed
 Container defboot_design_change_n403030_wtmclu_scenario1_136_140-client3-1  Stopping
 Container defboot_design_change_n403030_wtmclu_scenario1_136_140-client2-1  Stopping
 Container defboot_design_change_n403030_wtmclu_scenario1_136_140-client1-1  Stopping
 Container defboot_design_change_n403030_wtmclu_scenario1_136_140-client3-1  Stopped
 Container defboot_design_change_n403030_wtmclu_scenario1_136_140-client3-1  Removing
 Container defboot_design_change_n403030_wtmclu_scenario1_136_140-client2-1  Stopped
 Container defboot_design_change_n403030_wtmclu_scenario1_136_140-client2-1  Removing
 Container defboot_design_change_n403030_wtmclu_scenario1_136_140-client1-1  Stopped
 Container defboot_design_change_n403030_wtmclu_scenario1_136_140-client1-1  Removing
 Container defboot_design_change_n403030_wtmclu_scenario1_136_140-client3-1  Removed
 Container defboot_design_change_n403030_wtmclu_scenario1_136_140-client2-1  Removed
 Container defboot_design_change_n403030_wtmclu_scenario1_136_140-client1-1  Removed
 Network defboot_design_change_n403030_wtmclu_scenario1_136_140_site1_net  Removing
 Network defboot_design_change_n403030_wtmclu_scenario1_136_140_site3_net  Removing
 Network defboot_design_change_n403030_wtmclu_scenario1_136_140_site2_net  Removing
 Network defboot_design_change_n403030_wtmclu_scenario1_136_140_site3_net  Removed
 Network defboot_design_change_n403030_wtmclu_scenario1_136_140_site1_net  Removed
 Network defboot_design_change_n403030_wtmclu_scenario1_136_140_site2_net  Removed
