time="2026-05-22T10:33:57+09:00" level=warning msg="The \"SERVER_CONFIG_PATH\" variable is not set. Defaulting to a blank string."
Compose now can delegate build to bake for better performances
Just set COMPOSE_BAKE=true
#0 building with "default" instance using docker driver

#1 [client3 internal] load build definition from Dockerfile.app
#1 transferring dockerfile: 778B done
#1 DONE 0.0s

#2 [client2 internal] load build definition from Dockerfile.app
#2 transferring dockerfile: 778B done
#2 DONE 0.0s

#3 [client1 internal] load build definition from Dockerfile.app
#3 transferring dockerfile: 778B done
#3 DONE 0.0s

#4 [client1 internal] load metadata for docker.io/fedpoppk/base:0.1.0
#4 DONE 0.0s

#5 [client3 internal] load .dockerignore
#5 transferring context: 2B done
#5 DONE 0.0s

#6 [client2 internal] load .dockerignore
#6 transferring context: 2B done
#6 DONE 0.0s

#7 [client1 internal] load .dockerignore
#7 transferring context: 2B done
#7 DONE 0.0s

#8 [client1 1/8] FROM docker.io/fedpoppk/base:0.1.0
#8 DONE 0.0s

#9 [client3 internal] load build context
#9 transferring context: 736.51kB 0.3s done
#9 DONE 0.3s

#10 [client2 internal] load build context
#10 transferring context: 736.51kB 0.3s done
#10 DONE 0.3s

#11 [client1 internal] load build context
#11 transferring context: 736.51kB 0.3s done
#11 DONE 0.3s

#12 [client2 6/8] COPY R/ R/
#12 CACHED

#13 [client2 7/8] COPY analysis/ analysis/
#13 CACHED

#14 [client2 4/8] RUN Rscript -e "options(renv.consent=TRUE, Ncpus=parallel::detectCores());                 renv::restore(prompt=FALSE)"
#14 CACHED

#15 [client2 5/8] COPY apps/ apps/
#15 CACHED

#16 [client2 3/8] COPY renv.lock .Rprofile renv/activate.R ./
#16 CACHED

#17 [client2 2/8] WORKDIR /project
#17 CACHED

#18 [client2 8/8] RUN mkdir -p /project/configs/modes /project/data /project/artifacts /project/result
#18 CACHED

#19 [client2] exporting to image
#19 exporting layers done
#19 writing image sha256:480863186414b33a7b5c02357b181bbe9a80e201cee9656124c9aaeb35956a45 done
#19 naming to docker.io/library/defboot_design_change_n403030_wtmclu_scenario1_206_210-client2 0.0s done
#19 DONE 0.0s

#20 [client3] exporting to image
#20 exporting layers done
#20 writing image sha256:43fe5c946764229f471759a2d84504a0664042f5ceaed594ac7281a0c18f9539 done
#20 naming to docker.io/library/defboot_design_change_n403030_wtmclu_scenario1_206_210-client3 0.0s done
#20 DONE 0.1s

#21 [client1] exporting to image
#21 exporting layers done
#21 writing image sha256:bd872f050ad182f3d73724ce84ff4283b8288988cc5e8be4fdc31387d51f1c1e done
#21 naming to docker.io/library/defboot_design_change_n403030_wtmclu_scenario1_206_210-client1 0.0s done
#21 DONE 0.1s

#22 [client1] resolving provenance for metadata file
#22 DONE 0.0s

#23 [client2] resolving provenance for metadata file
#23 DONE 0.0s

#24 [client3] resolving provenance for metadata file
#24 DONE 0.0s

#25 [server internal] load build definition from Dockerfile.app
#25 transferring dockerfile: 778B done
#25 DONE 0.0s

#4 [server internal] load metadata for docker.io/fedpoppk/base:0.1.0
#4 DONE 0.0s

#26 [server internal] load .dockerignore
#26 transferring context: 2B done
#26 DONE 0.0s

#8 [server 1/8] FROM docker.io/fedpoppk/base:0.1.0
#8 DONE 0.0s

#27 [server internal] load build context
#27 transferring context: 736.51kB 0.3s done
#27 DONE 0.4s

#28 [server 7/8] COPY analysis/ analysis/
#28 CACHED

#29 [server 5/8] COPY apps/ apps/
#29 CACHED

#30 [server 6/8] COPY R/ R/
#30 CACHED

#17 [server 2/8] WORKDIR /project
#17 CACHED

#31 [server 4/8] RUN Rscript -e "options(renv.consent=TRUE, Ncpus=parallel::detectCores());                 renv::restore(prompt=FALSE)"
#31 CACHED

#32 [server 3/8] COPY renv.lock .Rprofile renv/activate.R ./
#32 CACHED

#33 [server 8/8] RUN mkdir -p /project/configs/modes /project/data /project/artifacts /project/result
#33 CACHED

#34 [server] exporting to image
#34 exporting layers done
#34 writing image sha256:bbe893d677f31d9ba68ae1311588c81a7dd1f0e136a96d920ead8e6c74740463 done
#34 naming to docker.io/library/defboot_design_change_n403030_wtmclu_scenario1_206_210-server 0.0s done
#34 DONE 0.0s

#35 [server] resolving provenance for metadata file
#35 DONE 0.0s
 client1  Built
 client2  Built
 client3  Built
 server  Built
 Network defboot_design_change_n403030_wtmclu_scenario1_206_210_site3_net  Creating
 Network defboot_design_change_n403030_wtmclu_scenario1_206_210_site3_net  Created
 Network defboot_design_change_n403030_wtmclu_scenario1_206_210_site1_net  Creating
 Network defboot_design_change_n403030_wtmclu_scenario1_206_210_site1_net  Created
 Network defboot_design_change_n403030_wtmclu_scenario1_206_210_site2_net  Creating
 Network defboot_design_change_n403030_wtmclu_scenario1_206_210_site2_net  Created
 Container defboot_design_change_n403030_wtmclu_scenario1_206_210-client2-1  Creating
 Container defboot_design_change_n403030_wtmclu_scenario1_206_210-client1-1  Creating
 Container defboot_design_change_n403030_wtmclu_scenario1_206_210-client3-1  Creating
 Container defboot_design_change_n403030_wtmclu_scenario1_206_210-client1-1  Created
 Container defboot_design_change_n403030_wtmclu_scenario1_206_210-client2-1  Created
 Container defboot_design_change_n403030_wtmclu_scenario1_206_210-client3-1  Created
 Container defboot_design_change_n403030_wtmclu_scenario1_206_210-server-1  Creating
 Container defboot_design_change_n403030_wtmclu_scenario1_206_210-server-1  Created
Attaching to client1-1, client2-1, client3-1, server-1
client3-1  | Running plumber API at http://0.0.0.0:8000
client1-1  | Running plumber API at http://0.0.0.0:8000
client3-1  | Running swagger Docs at http://127.0.0.1:8000/__docs__/
client1-1  | Running swagger Docs at http://127.0.0.1:8000/__docs__/
client2-1  | Running plumber API at http://0.0.0.0:8000
client2-1  | Running swagger Docs at http://127.0.0.1:8000/__docs__/
client1-1  | ℹ parameter labels from comments are typically ignored in non-interactive mode
client1-1  | ℹ Need to run with the source intact to parse comments
client3-1  | ℹ parameter labels from comments are typically ignored in non-interactive mode
client3-1  | ℹ Need to run with the source intact to parse comments
client2-1  | ℹ parameter labels from comments are typically ignored in non-interactive mode
client2-1  | ℹ Need to run with the source intact to parse comments
server-1   | [send_init] http://client1:8000 init succeeded
server-1   | [send_init] http://client3:8000 init succeeded
server-1   | [send_init] http://client2:8000 init succeeded
server-1   | {"schema":{"schema_version":"1.1.0","generated_at":"2026-05-22T01:34:06Z","config_path":"/project/configs/../temp/deferiprone_single_oral_25mgkg_designcheck_20260511/validation/design_change_n403030_wtmclustT10_nomix_site403030_nondesignquota_precisionchol_basefitbootinit_preboot_20260521/configs/resolved/scenario1_bootstrap.json","config_md5":"9d7556058a6c3cb18af9ad7ffdd7076b","seed":4869,"host":"416207a57afe","pid":1,"image_tag":null,"git_sha":null,"git_dirty":null},"aggregation":{"ci_method":"percentile","ci_level":0.95,"quantile_type":7,"estimates_scale":"natural"},"summary":[{"parameter":"(etaLcl,etaLvc)","median":0.075084802522,"p2.5":0.067148167232,"p97.5":0.084390175611},{"parameter":"CcPropSd","median":0.35926019292,"p2.5":0.33512693037,"p97.5":0.38932111043},{"parameter":"etaLcl","median":0.12660576876,"p2.5":0.11335042926,"p97.5":0.13603507804},{"parameter":"etaLvc","median":0.046056859599,"p2.5":0.040871840599,"p97.5":0.056868610951},{"parameter":"lcl","median":2.1540661018,"p2.5":2.1403168879,"p97.5":2.2045175199},{"parameter":"lka","median":2.4601383196,"p2.5":2.2223356492,"p97.5":2.496708313},{"parameter":"lvc","median":3.0136166675,"p2.5":2.953350238,"p97.5":3.0439071565},{"parameter":"rho_(etaLcl,etaLvc)","median":0.98328210292,"p2.5":0.98122379504,"p97.5":0.98634581173}],"runs":[{"tag":"trial_206_20260522-013406","value":2222.2209,"counts":[14,14],"control":{"maxit":100,"factr":1000000000,"pgtol":0,"trace":0,"method":"L-BFGS-B"},"convergence":0,"message":"CONVERGENCE: REL_REDUCTION_OF_F <= FACTR*EPSMCH","nat_par":{"lka":2.4601383196,"lcl":2.1388234823,"lvc":2.9584268422,"CcPropSd":0.33499160865,"etaLcl":0.12660576876,"etaLvc":0.046056859599,"(etaLcl,etaLvc)":0.075084802522,"rho_(etaLcl,etaLvc)":0.98328210292},"failed_clients":[],"attempt":1,"files":{"result":"/project/temp/deferiprone_single_oral_25mgkg_designcheck_20260511/validation/design_change_n403030_wtmclustT10_nomix_site403030_nondesignquota_precisionchol_basefitbootinit_preboot_20260521/runs/scenario1/bootstrap/federated/scenario1/raw_runs/run_20260522-013406/optim_result_trial_206_20260522-013406.json","trace":"/project/temp/deferiprone_single_oral_25mgkg_designcheck_20260511/validation/design_change_n403030_wtmclustT10_nomix_site403030_nondesignquota_precisionchol_basefitbootinit_preboot_20260521/runs/scenario1/bootstrap/federated/scenario1/raw_runs/run_20260522-013406/optim_trace_trial_206_20260522-013406.csv","final":"/project/temp/deferiprone_single_oral_25mgkg_designcheck_20260511/validation/design_change_n403030_wtmclustT10_nomix_site403030_nondesignquota_precisionchol_basefitbootinit_preboot_20260521/runs/scenario1/bootstrap/federated/scenario1/raw_runs/run_20260522-013406/final_params_trial_206_20260522-013406.csv"},"log_n":14,"execution_state":"completed","trial":206,"attempts":1},{"tag":"trial_207_20260522-013553","value":2186.4636,"counts":[19,19],"control":{"maxit":100,"factr":1000000000,"pgtol":0,"trace":0,"method":"L-BFGS-B"},"convergence":0,"message":"CONVERGENCE: REL_REDUCTION_OF_F <= FACTR*EPSMCH","nat_par":{"lka":2.4983571781,"lcl":2.2060286554,"lvc":3.0136166675,"CcPropSd":0.33634482579,"etaLcl":0.11218397161,"etaLvc":0.040682358175,"(etaLcl,etaLvc)":0.066282654177,"rho_(etaLcl,etaLvc)":0.98114100257},"failed_clients":[],"attempt":1,"files":{"result":"/project/temp/deferiprone_single_oral_25mgkg_designcheck_20260511/validation/design_change_n403030_wtmclustT10_nomix_site403030_nondesignquota_precisionchol_basefitbootinit_preboot_20260521/runs/scenario1/bootstrap/federated/scenario1/raw_runs/run_20260522-013406/optim_result_trial_207_20260522-013553.json","trace":"/project/temp/deferiprone_single_oral_25mgkg_designcheck_20260511/validation/design_change_n403030_wtmclustT10_nomix_site403030_nondesignquota_precisionchol_basefitbootinit_preboot_20260521/runs/scenario1/bootstrap/federated/scenario1/raw_runs/run_20260522-013406/optim_trace_trial_207_20260522-013553.csv","final":"/project/temp/deferiprone_single_oral_25mgkg_designcheck_20260511/validation/design_change_n403030_wtmclustT10_nomix_site403030_nondesignquota_precisionchol_basefitbootinit_preboot_20260521/runs/scenario1/bootstrap/federated/scenario1/raw_runs/run_20260522-013406/final_params_trial_207_20260522-013553.csv"},"log_n":19,"execution_state":"completed","trial":207,"attempts":1},{"tag":"trial_208_20260522-013816","value":2281.4279,"counts":[23,23],"control":{"maxit":100,"factr":1000000000,"pgtol":0,"trace":0,"method":"L-BFGS-B"},"convergence":0,"message":"CONVERGENCE: REL_REDUCTION_OF_F <= FACTR*EPSMCH","nat_par":{"lka":2.4818685266,"lcl":2.1909173,"lvc":3.0452458283,"CcPropSd":0.39015483881,"etaLcl":0.13678210781,"etaLvc":0.042577182416,"(etaLcl,etaLvc)":0.074937784729,"rho_(etaLcl,etaLvc)":0.98196892725},"failed_clients":[],"attempt":1,"files":{"result":"/project/temp/deferiprone_single_oral_25mgkg_designcheck_20260511/validation/design_change_n403030_wtmclustT10_nomix_site403030_nondesignquota_precisionchol_basefitbootinit_preboot_20260521/runs/scenario1/bootstrap/federated/scenario1/raw_runs/run_20260522-013406/optim_result_trial_208_20260522-013816.json","trace":"/project/temp/deferiprone_single_oral_25mgkg_designcheck_20260511/validation/design_change_n403030_wtmclustT10_nomix_site403030_nondesignquota_precisionchol_basefitbootinit_preboot_20260521/runs/scenario1/bootstrap/federated/scenario1/raw_runs/run_20260522-013406/optim_trace_trial_208_20260522-013816.csv","final":"/project/temp/deferiprone_single_oral_25mgkg_designcheck_20260511/validation/design_change_n403030_wtmclustT10_nomix_site403030_nondesignquota_precisionchol_basefitbootinit_preboot_20260521/runs/scenario1/bootstrap/federated/scenario1/raw_runs/run_20260522-013406/final_params_trial_208_20260522-013816.csv"},"log_n":23,"execution_state":"completed","trial":208,"attempts":1},{"tag":"trial_209_20260522-014112","value":2241.0546,"counts":[19,19],"control":{"maxit":100,"factr":1000000000,"pgtol":0,"trace":0,"method":"L-BFGS-B"},"convergence":0,"message":"CONVERGENCE: REL_REDUCTION_OF_F <= FACTR*EPSMCH","nat_par":{"lka":2.2067287777,"lcl":2.1537575384,"lvc":2.9527861709,"CcPropSd":0.35926019292,"etaLcl":0.12384854806,"etaLvc":0.0482703811,"(etaLcl,etaLvc)":0.076083755453,"rho_(etaLcl,etaLvc)":0.98402496653},"failed_clients":[],"attempt":1,"files":{"result":"/project/temp/deferiprone_single_oral_25mgkg_designcheck_20260511/validation/design_change_n403030_wtmclustT10_nomix_site403030_nondesignquota_precisionchol_basefitbootinit_preboot_20260521/runs/scenario1/bootstrap/federated/scenario1/raw_runs/run_20260522-013406/optim_result_trial_209_20260522-014112.json","trace":"/project/temp/deferiprone_single_oral_25mgkg_designcheck_20260511/validation/design_change_n403030_wtmclustT10_nomix_site403030_nondesignquota_precisionchol_basefitbootinit_preboot_20260521/runs/scenario1/bootstrap/federated/scenario1/raw_runs/run_20260522-013406/optim_trace_trial_209_20260522-014112.csv","final":"/project/temp/deferiprone_single_oral_25mgkg_designcheck_20260511/validation/design_change_n403030_wtmclustT10_nomix_site403030_nondesignquota_precisionchol_basefitbootinit_preboot_20260521/runs/scenario1/bootstrap/federated/scenario1/raw_runs/run_20260522-013406/final_params_trial_209_20260522-014112.csv"},"log_n":19,"execution_state":"completed","trial":209,"attempts":1},{"tag":"trial_210_20260522-014336","value":2286.9252,"counts":[23,23],"control":{"maxit":100,"factr":1000000000,"pgtol":0,"trace":0,"method":"L-BFGS-B"},"convergence":0,"message":"CONVERGENCE: REL_REDUCTION_OF_F <= FACTR*EPSMCH","nat_par":{"lka":2.3627974926,"lcl":2.1540661018,"lvc":3.0318591103,"CcPropSd":0.38181755506,"etaLcl":0.12931181003,"etaLvc":0.057823969823,"(etaLcl,etaLvc)":0.085313111184,"rho_(etaLcl,etaLvc)":0.98660368341},"failed_clients":[],"attempt":1,"files":{"result":"/project/temp/deferiprone_single_oral_25mgkg_designcheck_20260511/validation/design_change_n403030_wtmclustT10_nomix_site403030_nondesignquota_precisionchol_basefitbootinit_preboot_20260521/runs/scenario1/bootstrap/federated/scenario1/raw_runs/run_20260522-013406/optim_result_trial_210_20260522-014336.json","trace":"/project/temp/deferiprone_single_oral_25mgkg_designcheck_20260511/validation/design_change_n403030_wtmclustT10_nomix_site403030_nondesignquota_precisionchol_basefitbootinit_preboot_20260521/runs/scenario1/bootstrap/federated/scenario1/raw_runs/run_20260522-013406/optim_trace_trial_210_20260522-014336.csv","final":"/project/temp/deferiprone_single_oral_25mgkg_designcheck_20260511/validation/design_change_n403030_wtmclustT10_nomix_site403030_nondesignquota_precisionchol_basefitbootinit_preboot_20260521/runs/scenario1/bootstrap/federated/scenario1/raw_runs/run_20260522-013406/final_params_trial_210_20260522-014336.csv"},"log_n":23,"execution_state":"completed","trial":210,"attempts":1}],"trial_status":[{"trial":206,"execution_state":"completed","converged":true,"attempts":1,"convergence":0,"value":2222.2209,"eval_fn":14,"eval_gr":14,"log_n":14,"failed_clients_n":0,"message":"CONVERGENCE: REL_REDUCTION_OF_F <= FACTR*EPSMCH","result_file":"/project/temp/deferiprone_single_oral_25mgkg_designcheck_20260511/validation/design_change_n403030_wtmclustT10_nomix_site403030_nondesignquota_precisionchol_basefitbootinit_preboot_20260521/runs/scenario1/bootstrap/federated/scenario1/raw_runs/run_20260522-013406/optim_result_trial_206_20260522-013406.json","trace_file":"/project/temp/deferiprone_single_oral_25mgkg_designcheck_20260511/validation/design_change_n403030_wtmclustT10_nomix_site403030_nondesignquota_precisionchol_basefitbootinit_preboot_20260521/runs/scenario1/bootstrap/federated/scenario1/raw_runs/run_20260522-013406/optim_trace_trial_206_20260522-013406.csv","final_file":"/project/temp/deferiprone_single_oral_25mgkg_designcheck_20260511/validation/design_change_n403030_wtmclustT10_nomix_site403030_nondesignquota_precisionchol_basefitbootinit_preboot_20260521/runs/scenario1/bootstrap/federated/scenario1/raw_runs/run_20260522-013406/final_params_trial_206_20260522-013406.csv"},{"trial":207,"execution_state":"completed","converged":true,"attempts":1,"convergence":0,"value":2186.4636,"eval_fn":19,"eval_gr":19,"log_n":19,"failed_clients_n":0,"message":"CONVERGENCE: REL_REDUCTION_OF_F <= FACTR*EPSMCH","result_file":"/project/temp/deferiprone_single_oral_25mgkg_designcheck_20260511/validation/design_change_n403030_wtmclustT10_nomix_site403030_nondesignquota_precisionchol_basefitbootinit_preboot_20260521/runs/scenario1/bootstrap/federated/scenario1/raw_runs/run_20260522-013406/optim_result_trial_207_20260522-013553.json","trace_file":"/project/temp/deferiprone_single_oral_25mgkg_designcheck_20260511/validation/design_change_n403030_wtmclustT10_nomix_site403030_nondesignquota_precisionchol_basefitbootinit_preboot_20260521/runs/scenario1/bootstrap/federated/scenario1/raw_runs/run_20260522-013406/optim_trace_trial_207_20260522-013553.csv","final_file":"/project/temp/deferiprone_single_oral_25mgkg_designcheck_20260511/validation/design_change_n403030_wtmclustT10_nomix_site403030_nondesignquota_precisionchol_basefitbootinit_preboot_20260521/runs/scenario1/bootstrap/federated/scenario1/raw_runs/run_20260522-013406/final_params_trial_207_20260522-013553.csv"},{"trial":208,"execution_state":"completed","converged":true,"attempts":1,"convergence":0,"value":2281.4279,"eval_fn":23,"eval_gr":23,"log_n":23,"failed_clients_n":0,"message":"CONVERGENCE: REL_REDUCTION_OF_F <= FACTR*EPSMCH","result_file":"/project/temp/deferiprone_single_oral_25mgkg_designcheck_20260511/validation/design_change_n403030_wtmclustT10_nomix_site403030_nondesignquota_precisionchol_basefitbootinit_preboot_20260521/runs/scenario1/bootstrap/federated/scenario1/raw_runs/run_20260522-013406/optim_result_trial_208_20260522-013816.json","trace_file":"/project/temp/deferiprone_single_oral_25mgkg_designcheck_20260511/validation/design_change_n403030_wtmclustT10_nomix_site403030_nondesignquota_precisionchol_basefitbootinit_preboot_20260521/runs/scenario1/bootstrap/federated/scenario1/raw_runs/run_20260522-013406/optim_trace_trial_208_20260522-013816.csv","final_file":"/project/temp/deferiprone_single_oral_25mgkg_designcheck_20260511/validation/design_change_n403030_wtmclustT10_nomix_site403030_nondesignquota_precisionchol_basefitbootinit_preboot_20260521/runs/scenario1/bootstrap/federated/scenario1/raw_runs/run_20260522-013406/final_params_trial_208_20260522-013816.csv"},{"trial":209,"execution_state":"completed","converged":true,"attempts":1,"convergence":0,"value":2241.0546,"eval_fn":19,"eval_gr":19,"log_n":19,"failed_clients_n":0,"message":"CONVERGENCE: REL_REDUCTION_OF_F <= FACTR*EPSMCH","result_file":"/project/temp/deferiprone_single_oral_25mgkg_designcheck_20260511/validation/design_change_n403030_wtmclustT10_nomix_site403030_nondesignquota_precisionchol_basefitbootinit_preboot_20260521/runs/scenario1/bootstrap/federated/scenario1/raw_runs/run_20260522-013406/optim_result_trial_209_20260522-014112.json","trace_file":"/project/temp/deferiprone_single_oral_25mgkg_designcheck_20260511/validation/design_change_n403030_wtmclustT10_nomix_site403030_nondesignquota_precisionchol_basefitbootinit_preboot_20260521/runs/scenario1/bootstrap/federated/scenario1/raw_runs/run_20260522-013406/optim_trace_trial_209_20260522-014112.csv","final_file":"/project/temp/deferiprone_single_oral_25mgkg_designcheck_20260511/validation/design_change_n403030_wtmclustT10_nomix_site403030_nondesignquota_precisionchol_basefitbootinit_preboot_20260521/runs/scenario1/bootstrap/federated/scenario1/raw_runs/run_20260522-013406/final_params_trial_209_20260522-014112.csv"},{"trial":210,"execution_state":"completed","converged":true,"attempts":1,"convergence":0,"value":2286.9252,"eval_fn":23,"eval_gr":23,"log_n":23,"failed_clients_n":0,"message":"CONVERGENCE: REL_REDUCTION_OF_F <= FACTR*EPSMCH","result_file":"/project/temp/deferiprone_single_oral_25mgkg_designcheck_20260511/validation/design_change_n403030_wtmclustT10_nomix_site403030_nondesignquota_precisionchol_basefitbootinit_preboot_20260521/runs/scenario1/bootstrap/federated/scenario1/raw_runs/run_20260522-013406/optim_result_trial_210_20260522-014336.json","trace_file":"/project/temp/deferiprone_single_oral_25mgkg_designcheck_20260511/validation/design_change_n403030_wtmclustT10_nomix_site403030_nondesignquota_precisionchol_basefitbootinit_preboot_20260521/runs/scenario1/bootstrap/federated/scenario1/raw_runs/run_20260522-013406/optim_trace_trial_210_20260522-014336.csv","final_file":"/project/temp/deferiprone_single_oral_25mgkg_designcheck_20260511/validation/design_change_n403030_wtmclustT10_nomix_site403030_nondesignquota_precisionchol_basefitbootinit_preboot_20260521/runs/scenario1/bootstrap/federated/scenario1/raw_runs/run_20260522-013406/final_params_trial_210_20260522-014336.csv"}],"info":{"run_id":"20260522-013406","log_base_dir":"/project/temp/deferiprone_single_oral_25mgkg_designcheck_20260511/validation/design_change_n403030_wtmclustT10_nomix_site403030_nondesignquota_precisionchol_basefitbootinit_preboot_20260521/runs/scenario1/bootstrap/federated","scenario":"scenario1/raw_runs","total_trials":5,"successes":5,"failures":0,"nonconverged_count":0,"nonconverged_trials":[],"convergence_missing_count":0,"seed_base":4869,"B_per_client":500,"duration_sec":752.7559125423,"host":"416207a57afe","image_tag":null,"communication":{"generated_at":"2026-05-22T01:46:33Z","totals":{"requests":591,"request_bytes":660063,"response_bytes":149971,"total_bytes":810034,"retries":0},"init":{"requests":3,"request_bytes":8139,"response_bytes":1161,"total_bytes":9300,"retries":0,"median_elapsed_sec":0.36403059959},"init_round_latency":{"n_rounds":1,"median_round_wall_sec":0.36522507668,"p95_round_wall_sec":0.36522507668},"run":{"requests":0,"request_bytes":0,"response_bytes":0,"total_bytes":0,"retries":0,"median_elapsed_sec":"NA"},"run_bootstrap":{"requests":588,"request_bytes":651924,"response_bytes":148810,"total_bytes":800734,"retries":0,"median_elapsed_sec":3.6525118351},"round_latency":{"n_rounds":196,"median_round_wall_sec":3.7622652054,"p95_round_wall_sec":4.0617259741},"timing_split":{"n_rounds":196,"rounds_with_compute":196,"total_round_wall_sec":742.7909829617,"total_round_compute_wall_sec":736.3918,"total_round_comm_overhead_wall_sec":6.3991829617,"comm_overhead_ratio":0.0086150520246,"compute_ratio":0.99138494798}},"communication_files":{"csv":"/project/temp/deferiprone_single_oral_25mgkg_designcheck_20260511/validation/design_change_n403030_wtmclustT10_nomix_site403030_nondesignquota_precisionchol_basefitbootinit_preboot_20260521/runs/scenario1/bootstrap/federated/scenario1/raw_runs/run_20260522-013406/comm_metrics.csv","json":"/project/temp/deferiprone_single_oral_25mgkg_designcheck_20260511/validation/design_change_n403030_wtmclustT10_nomix_site403030_nondesignquota_precisionchol_basefitbootinit_preboot_20260521/runs/scenario1/bootstrap/federated/scenario1/raw_runs/run_20260522-013406/comm_metrics.json"},"output_files":{"bootstrap_summary_csv":"/project/temp/deferiprone_single_oral_25mgkg_designcheck_20260511/validation/design_change_n403030_wtmclustT10_nomix_site403030_nondesignquota_precisionchol_basefitbootinit_preboot_20260521/runs/scenario1/bootstrap/federated/scenario1/raw_runs/run_20260522-013406/bootstrap_summary.csv","bootstrap_summary_json":"/project/temp/deferiprone_single_oral_25mgkg_designcheck_20260511/validation/design_change_n403030_wtmclustT10_nomix_site403030_nondesignquota_precisionchol_basefitbootinit_preboot_20260521/runs/scenario1/bootstrap/federated/scenario1/raw_runs/run_20260522-013406/bootstrap_summary.json","trial_status_csv":"/project/temp/deferiprone_single_oral_25mgkg_designcheck_20260511/validation/design_change_n403030_wtmclustT10_nomix_site403030_nondesignquota_precisionchol_basefitbootinit_preboot_20260521/runs/scenario1/bootstrap/federated/scenario1/raw_runs/run_20260522-013406/trial_status.csv","failed_trials_csv":"/project/temp/deferiprone_single_oral_25mgkg_designcheck_20260511/validation/design_change_n403030_wtmclustT10_nomix_site403030_nondesignquota_precisionchol_basefitbootinit_preboot_20260521/runs/scenario1/bootstrap/federated/scenario1/raw_runs/run_20260522-013406/failed_trials.csv","trial_estimates_wide_csv":"/project/temp/deferiprone_single_oral_25mgkg_designcheck_20260511/validation/design_change_n403030_wtmclustT10_nomix_site403030_nondesignquota_precisionchol_basefitbootinit_preboot_20260521/runs/scenario1/bootstrap/federated/scenario1/raw_runs/run_20260522-013406/trial_estimates_wide.csv","trial_estimates_long_csv":"/project/temp/deferiprone_single_oral_25mgkg_designcheck_20260511/validation/design_change_n403030_wtmclustT10_nomix_site403030_nondesignquota_precisionchol_basefitbootinit_preboot_20260521/runs/scenario1/bootstrap/federated/scenario1/raw_runs/run_20260522-013406/trial_estimates_long.csv","result_json":"/project/temp/deferiprone_single_oral_25mgkg_designcheck_20260511/validation/design_change_n403030_wtmclustT10_nomix_site403030_nondesignquota_precisionchol_basefitbootinit_preboot_20260521/runs/scenario1/bootstrap/federated/scenario1/raw_runs/run_20260522-013406/result.json"}}}
[Kserver-1 exited with code 0
Aborting on container exit...
 Container defboot_design_change_n403030_wtmclu_scenario1_206_210-server-1  Stopping
 Container defboot_design_change_n403030_wtmclu_scenario1_206_210-server-1  Stopped
 Container defboot_design_change_n403030_wtmclu_scenario1_206_210-client1-1  Stopping
 Container defboot_design_change_n403030_wtmclu_scenario1_206_210-client3-1  Stopping
 Container defboot_design_change_n403030_wtmclu_scenario1_206_210-client2-1  Stopping
 Container defboot_design_change_n403030_wtmclu_scenario1_206_210-client3-1  Stopped
 Container defboot_design_change_n403030_wtmclu_scenario1_206_210-client1-1  Stopped
 Container defboot_design_change_n403030_wtmclu_scenario1_206_210-client2-1  Stopped
time="2026-05-22T10:46:44+09:00" level=warning msg="The \"SERVER_CONFIG_PATH\" variable is not set. Defaulting to a blank string."
 Container defboot_design_change_n403030_wtmclu_scenario1_206_210-server-1  Stopping
 Container defboot_design_change_n403030_wtmclu_scenario1_206_210-server-1  Stopped
 Container defboot_design_change_n403030_wtmclu_scenario1_206_210-server-1  Removing
 Container defboot_design_change_n403030_wtmclu_scenario1_206_210-server-1  Removed
 Container defboot_design_change_n403030_wtmclu_scenario1_206_210-client2-1  Stopping
 Container defboot_design_change_n403030_wtmclu_scenario1_206_210-client1-1  Stopping
 Container defboot_design_change_n403030_wtmclu_scenario1_206_210-client3-1  Stopping
 Container defboot_design_change_n403030_wtmclu_scenario1_206_210-client2-1  Stopped
 Container defboot_design_change_n403030_wtmclu_scenario1_206_210-client2-1  Removing
 Container defboot_design_change_n403030_wtmclu_scenario1_206_210-client1-1  Stopped
 Container defboot_design_change_n403030_wtmclu_scenario1_206_210-client1-1  Removing
 Container defboot_design_change_n403030_wtmclu_scenario1_206_210-client3-1  Stopped
 Container defboot_design_change_n403030_wtmclu_scenario1_206_210-client3-1  Removing
 Container defboot_design_change_n403030_wtmclu_scenario1_206_210-client2-1  Removed
 Container defboot_design_change_n403030_wtmclu_scenario1_206_210-client1-1  Removed
 Container defboot_design_change_n403030_wtmclu_scenario1_206_210-client3-1  Removed
 Network defboot_design_change_n403030_wtmclu_scenario1_206_210_site1_net  Removing
 Network defboot_design_change_n403030_wtmclu_scenario1_206_210_site3_net  Removing
 Network defboot_design_change_n403030_wtmclu_scenario1_206_210_site2_net  Removing
 Network defboot_design_change_n403030_wtmclu_scenario1_206_210_site3_net  Removed
 Network defboot_design_change_n403030_wtmclu_scenario1_206_210_site1_net  Removed
 Network defboot_design_change_n403030_wtmclu_scenario1_206_210_site2_net  Removed
