time="2026-05-22T04:39:33+09:00" level=warning msg="The \"SERVER_CONFIG_PATH\" variable is not set. Defaulting to a blank string."
Compose now can delegate build to bake for better performances
Just set COMPOSE_BAKE=true
#0 building with "default" instance using docker driver

#1 [client2 internal] load build definition from Dockerfile.app
#1 transferring dockerfile: 778B done
#1 DONE 0.0s

#2 [client3 internal] load build definition from Dockerfile.app
#2 transferring dockerfile: 778B done
#2 DONE 0.0s

#3 [client1 internal] load build definition from Dockerfile.app
#3 transferring dockerfile: 778B done
#3 DONE 0.0s

#4 [client1 internal] load metadata for docker.io/fedpoppk/base:0.1.0
#4 DONE 0.0s

#5 [client2 internal] load .dockerignore
#5 transferring context: 2B done
#5 DONE 0.0s

#6 [client3 internal] load .dockerignore
#6 transferring context: 2B done
#6 DONE 0.0s

#7 [client1 internal] load .dockerignore
#7 transferring context: 2B done
#7 DONE 0.0s

#8 [client1 1/8] FROM docker.io/fedpoppk/base:0.1.0
#8 DONE 0.0s

#9 [client2 internal] load build context
#9 transferring context: 736.51kB 0.3s done
#9 DONE 0.3s

#10 [client3 internal] load build context
#10 transferring context: 736.51kB 0.3s done
#10 DONE 0.3s

#11 [client1 internal] load build context
#11 transferring context: 736.51kB 0.3s done
#11 DONE 0.3s

#12 [client2 2/8] WORKDIR /project
#12 CACHED

#13 [client2 4/8] RUN Rscript -e "options(renv.consent=TRUE, Ncpus=parallel::detectCores());                 renv::restore(prompt=FALSE)"
#13 CACHED

#14 [client2 3/8] COPY renv.lock .Rprofile renv/activate.R ./
#14 CACHED

#15 [client2 5/8] COPY apps/ apps/
#15 CACHED

#16 [client2 6/8] COPY R/ R/
#16 CACHED

#17 [client2 7/8] COPY analysis/ analysis/
#17 CACHED

#18 [client3 8/8] RUN mkdir -p /project/configs/modes /project/data /project/artifacts /project/result
#18 CACHED

#19 [client1] exporting to image
#19 exporting layers done
#19 writing image sha256:a4470c19a3865b24db841d9e8b7a26625e4189f49e628107de31f795f66c1e4c done
#19 naming to docker.io/library/defboot_design_change_n403030_wtmclu_scenario1_91_95-client1 0.0s done
#19 DONE 0.0s

#20 [client2] exporting to image
#20 exporting layers done
#20 writing image sha256:6459fd136adcbbf919ae894e87d5eccbb737a5f59c12e970e6cf9627ea9f107a done
#20 naming to docker.io/library/defboot_design_change_n403030_wtmclu_scenario1_91_95-client2 0.0s done
#20 DONE 0.1s

#21 [client3] exporting to image
#21 exporting layers done
#21 writing image sha256:e562bba5effd95023f0dce3d0796153516ee6c7de2d95cfe4115801e612d0781 done
#21 naming to docker.io/library/defboot_design_change_n403030_wtmclu_scenario1_91_95-client3 0.1s done
#21 DONE 0.1s

#22 [client2] resolving provenance for metadata file
#22 DONE 0.0s

#23 [client1] resolving provenance for metadata file
#23 DONE 0.0s

#24 [client3] resolving provenance for metadata file
#24 DONE 0.0s

#25 [server internal] load build definition from Dockerfile.app
#25 transferring dockerfile: 778B done
#25 DONE 0.0s

#4 [server internal] load metadata for docker.io/fedpoppk/base:0.1.0
#4 DONE 0.0s

#26 [server internal] load .dockerignore
#26 transferring context: 2B done
#26 DONE 0.0s

#8 [server 1/8] FROM docker.io/fedpoppk/base:0.1.0
#8 DONE 0.0s

#27 [server internal] load build context
#27 transferring context: 736.51kB 0.3s done
#27 DONE 0.4s

#28 [server 7/8] COPY analysis/ analysis/
#28 CACHED

#29 [server 3/8] COPY renv.lock .Rprofile renv/activate.R ./
#29 CACHED

#30 [server 4/8] RUN Rscript -e "options(renv.consent=TRUE, Ncpus=parallel::detectCores());                 renv::restore(prompt=FALSE)"
#30 CACHED

#31 [server 5/8] COPY apps/ apps/
#31 CACHED

#32 [server 6/8] COPY R/ R/
#32 CACHED

#12 [server 2/8] WORKDIR /project
#12 CACHED

#33 [server 8/8] RUN mkdir -p /project/configs/modes /project/data /project/artifacts /project/result
#33 CACHED

#34 [server] exporting to image
#34 exporting layers done
#34 writing image sha256:24242543765ade99d5a4d9c5007deba5b71b522716bc6384f7d2e6c5ecb9a749 done
#34 naming to docker.io/library/defboot_design_change_n403030_wtmclu_scenario1_91_95-server 0.0s done
#34 DONE 0.0s

#35 [server] resolving provenance for metadata file
#35 DONE 0.0s
 client1  Built
 client2  Built
 client3  Built
 server  Built
 Network defboot_design_change_n403030_wtmclu_scenario1_91_95_site3_net  Creating
 Network defboot_design_change_n403030_wtmclu_scenario1_91_95_site3_net  Created
 Network defboot_design_change_n403030_wtmclu_scenario1_91_95_site2_net  Creating
 Network defboot_design_change_n403030_wtmclu_scenario1_91_95_site2_net  Created
 Network defboot_design_change_n403030_wtmclu_scenario1_91_95_site1_net  Creating
 Network defboot_design_change_n403030_wtmclu_scenario1_91_95_site1_net  Created
 Container defboot_design_change_n403030_wtmclu_scenario1_91_95-client1-1  Creating
 Container defboot_design_change_n403030_wtmclu_scenario1_91_95-client2-1  Creating
 Container defboot_design_change_n403030_wtmclu_scenario1_91_95-client3-1  Creating
 Container defboot_design_change_n403030_wtmclu_scenario1_91_95-client3-1  Created
 Container defboot_design_change_n403030_wtmclu_scenario1_91_95-client1-1  Created
 Container defboot_design_change_n403030_wtmclu_scenario1_91_95-client2-1  Created
 Container defboot_design_change_n403030_wtmclu_scenario1_91_95-server-1  Creating
 Container defboot_design_change_n403030_wtmclu_scenario1_91_95-server-1  Created
Attaching to client1-1, client2-1, client3-1, server-1
client1-1  | Running plumber API at http://0.0.0.0:8000
client1-1  | Running swagger Docs at http://127.0.0.1:8000/__docs__/
client2-1  | Running plumber API at http://0.0.0.0:8000
client2-1  | Running swagger Docs at http://127.0.0.1:8000/__docs__/
client3-1  | Running plumber API at http://0.0.0.0:8000
client3-1  | Running swagger Docs at http://127.0.0.1:8000/__docs__/
client1-1  | ℹ parameter labels from comments are typically ignored in non-interactive mode
client2-1  | ℹ parameter labels from comments are typically ignored in non-interactive mode
client3-1  | ℹ parameter labels from comments are typically ignored in non-interactive mode
client1-1  | ℹ Need to run with the source intact to parse comments
client2-1  | ℹ Need to run with the source intact to parse comments
client3-1  | ℹ Need to run with the source intact to parse comments
server-1   | [send_init] http://client3:8000 init succeeded
server-1   | [send_init] http://client2:8000 init succeeded
server-1   | [send_init] http://client1:8000 init succeeded
server-1   | {"schema":{"schema_version":"1.1.0","generated_at":"2026-05-21T19:39:42Z","config_path":"/project/configs/../temp/deferiprone_single_oral_25mgkg_designcheck_20260511/validation/design_change_n403030_wtmclustT10_nomix_site403030_nondesignquota_precisionchol_basefitbootinit_preboot_20260521/configs/resolved/scenario1_bootstrap.json","config_md5":"9d7556058a6c3cb18af9ad7ffdd7076b","seed":4869,"host":"e2acbb724f32","pid":1,"image_tag":null,"git_sha":null,"git_dirty":null},"aggregation":{"ci_method":"percentile","ci_level":0.95,"quantile_type":7,"estimates_scale":"natural"},"summary":[{"parameter":"(etaLcl,etaLvc)","median":0.067600788014,"p2.5":0.057329288891,"p97.5":0.076787963137},{"parameter":"CcPropSd","median":0.35577469382,"p2.5":0.29548440075,"p97.5":0.36914764467},{"parameter":"etaLcl","median":0.1079608749,"p2.5":0.09636898001,"p97.5":0.11195966348},{"parameter":"etaLvc","median":0.042266544995,"p2.5":0.034319720108,"p97.5":0.055234047318},{"parameter":"lcl","median":2.1484028093,"p2.5":2.1061102234,"p97.5":2.2055717251},{"parameter":"lka","median":2.1967211103,"p2.5":1.9528269215,"p97.5":2.4390198705},{"parameter":"lvc","median":2.9396078117,"p2.5":2.8798849925,"p97.5":2.9814129638},{"parameter":"rho_(etaLcl,etaLvc)","median":0.98181839698,"p2.5":0.97775590866,"p97.5":0.98590859751}],"runs":[{"tag":"trial_091_20260521-193942","value":2165.3481,"counts":[19,19],"control":{"maxit":100,"factr":1000000000,"pgtol":0,"trace":0,"method":"L-BFGS-B"},"convergence":0,"message":"CONVERGENCE: REL_REDUCTION_OF_F <= FACTR*EPSMCH","nat_par":{"lka":2.4650215675,"lcl":2.1029493153,"lvc":2.9396078117,"CcPropSd":0.2894563848,"etaLcl":0.10110483487,"etaLvc":0.034156487763,"(etaLcl,etaLvc)":0.057452611535,"rho_(etaLcl,etaLvc)":0.97765856428},"failed_clients":[],"attempt":1,"files":{"result":"/project/temp/deferiprone_single_oral_25mgkg_designcheck_20260511/validation/design_change_n403030_wtmclustT10_nomix_site403030_nondesignquota_precisionchol_basefitbootinit_preboot_20260521/runs/scenario1/bootstrap/federated/scenario1/raw_runs/run_20260521-193942/optim_result_trial_091_20260521-193942.json","trace":"/project/temp/deferiprone_single_oral_25mgkg_designcheck_20260511/validation/design_change_n403030_wtmclustT10_nomix_site403030_nondesignquota_precisionchol_basefitbootinit_preboot_20260521/runs/scenario1/bootstrap/federated/scenario1/raw_runs/run_20260521-193942/optim_trace_trial_091_20260521-193942.csv","final":"/project/temp/deferiprone_single_oral_25mgkg_designcheck_20260511/validation/design_change_n403030_wtmclustT10_nomix_site403030_nondesignquota_precisionchol_basefitbootinit_preboot_20260521/runs/scenario1/bootstrap/federated/scenario1/raw_runs/run_20260521-193942/final_params_trial_091_20260521-193942.csv"},"log_n":19,"execution_state":"completed","trial":91,"attempts":1},{"tag":"trial_092_20260521-194206","value":2214.7036,"counts":[8,8],"control":{"maxit":100,"factr":1000000000,"pgtol":0,"trace":0,"method":"L-BFGS-B"},"convergence":0,"message":"CONVERGENCE: REL_REDUCTION_OF_F <= FACTR*EPSMCH","nat_par":{"lka":2.1967211103,"lcl":2.2023751487,"lvc":2.9614290442,"CcPropSd":0.3603375417,"etaLcl":0.11216166234,"etaLvc":0.042266544995,"(etaLcl,etaLvc)":0.067600788014,"rho_(etaLcl,etaLvc)":0.98181839698},"failed_clients":[],"attempt":1,"files":{"result":"/project/temp/deferiprone_single_oral_25mgkg_designcheck_20260511/validation/design_change_n403030_wtmclustT10_nomix_site403030_nondesignquota_precisionchol_basefitbootinit_preboot_20260521/runs/scenario1/bootstrap/federated/scenario1/raw_runs/run_20260521-193942/optim_result_trial_092_20260521-194206.json","trace":"/project/temp/deferiprone_single_oral_25mgkg_designcheck_20260511/validation/design_change_n403030_wtmclustT10_nomix_site403030_nondesignquota_precisionchol_basefitbootinit_preboot_20260521/runs/scenario1/bootstrap/federated/scenario1/raw_runs/run_20260521-193942/optim_trace_trial_092_20260521-194206.csv","final":"/project/temp/deferiprone_single_oral_25mgkg_designcheck_20260511/validation/design_change_n403030_wtmclustT10_nomix_site403030_nondesignquota_precisionchol_basefitbootinit_preboot_20260521/runs/scenario1/bootstrap/federated/scenario1/raw_runs/run_20260521-193942/final_params_trial_092_20260521-194206.csv"},"log_n":8,"execution_state":"completed","trial":92,"attempts":1},{"tag":"trial_093_20260521-194306","value":2219.0099,"counts":[23,23],"control":{"maxit":100,"factr":1000000000,"pgtol":0,"trace":0,"method":"L-BFGS-B"},"convergence":0,"message":"CONVERGENCE: REL_REDUCTION_OF_F <= FACTR*EPSMCH","nat_par":{"lka":2.2050045972,"lcl":2.2059269003,"lvc":2.9836333993,"CcPropSd":0.37012654499,"etaLcl":0.11014167367,"etaLvc":0.056430693334,"(etaLcl,etaLvc)":0.077754959652,"rho_(etaLcl,etaLvc)":0.98626715748},"failed_clients":[],"attempt":1,"files":{"result":"/project/temp/deferiprone_single_oral_25mgkg_designcheck_20260511/validation/design_change_n403030_wtmclustT10_nomix_site403030_nondesignquota_precisionchol_basefitbootinit_preboot_20260521/runs/scenario1/bootstrap/federated/scenario1/raw_runs/run_20260521-193942/optim_result_trial_093_20260521-194306.json","trace":"/project/temp/deferiprone_single_oral_25mgkg_designcheck_20260511/validation/design_change_n403030_wtmclustT10_nomix_site403030_nondesignquota_precisionchol_basefitbootinit_preboot_20260521/runs/scenario1/bootstrap/federated/scenario1/raw_runs/run_20260521-193942/optim_trace_trial_093_20260521-194306.csv","final":"/project/temp/deferiprone_single_oral_25mgkg_designcheck_20260511/validation/design_change_n403030_wtmclustT10_nomix_site403030_nondesignquota_precisionchol_basefitbootinit_preboot_20260521/runs/scenario1/bootstrap/federated/scenario1/raw_runs/run_20260521-193942/final_params_trial_093_20260521-194306.csv"},"log_n":23,"execution_state":"completed","trial":93,"attempts":1},{"tag":"trial_094_20260521-194601","value":2232.703,"counts":[19,19],"control":{"maxit":100,"factr":1000000000,"pgtol":0,"trace":0,"method":"L-BFGS-B"},"convergence":0,"message":"CONVERGENCE: REL_REDUCTION_OF_F <= FACTR*EPSMCH","nat_par":{"lka":2.0730112239,"lcl":2.1484028093,"lvc":2.9298363181,"CcPropSd":0.35577469382,"etaLcl":0.1079608749,"etaLvc":0.044464233167,"(etaLcl,etaLvc)":0.068084994505,"rho_(etaLcl,etaLvc)":0.98268155782},"failed_clients":[],"attempt":1,"files":{"result":"/project/temp/deferiprone_single_oral_25mgkg_designcheck_20260511/validation/design_change_n403030_wtmclustT10_nomix_site403030_nondesignquota_precisionchol_basefitbootinit_preboot_20260521/runs/scenario1/bootstrap/federated/scenario1/raw_runs/run_20260521-193942/optim_result_trial_094_20260521-194601.json","trace":"/project/temp/deferiprone_single_oral_25mgkg_designcheck_20260511/validation/design_change_n403030_wtmclustT10_nomix_site403030_nondesignquota_precisionchol_basefitbootinit_preboot_20260521/runs/scenario1/bootstrap/federated/scenario1/raw_runs/run_20260521-193942/optim_trace_trial_094_20260521-194601.csv","final":"/project/temp/deferiprone_single_oral_25mgkg_designcheck_20260511/validation/design_change_n403030_wtmclustT10_nomix_site403030_nondesignquota_precisionchol_basefitbootinit_preboot_20260521/runs/scenario1/bootstrap/federated/scenario1/raw_runs/run_20260521-193942/final_params_trial_094_20260521-194601.csv"},"log_n":19,"execution_state":"completed","trial":94,"attempts":1},{"tag":"trial_095_20260521-194825","value":2214.0279,"counts":[22,22],"control":{"maxit":100,"factr":1000000000,"pgtol":0,"trace":0,"method":"L-BFGS-B"},"convergence":0,"message":"CONVERGENCE: REL_REDUCTION_OF_F <= FACTR*EPSMCH","nat_par":{"lka":1.9394731102,"lcl":2.134558396,"lvc":2.8743348452,"CcPropSd":0.34973654432,"etaLcl":0.095842773914,"etaLvc":0.03578881121,"(etaLcl,etaLvc)":0.057315586375,"rho_(etaLcl,etaLvc)":0.97863200814},"failed_clients":[],"attempt":1,"files":{"result":"/project/temp/deferiprone_single_oral_25mgkg_designcheck_20260511/validation/design_change_n403030_wtmclustT10_nomix_site403030_nondesignquota_precisionchol_basefitbootinit_preboot_20260521/runs/scenario1/bootstrap/federated/scenario1/raw_runs/run_20260521-193942/optim_result_trial_095_20260521-194825.json","trace":"/project/temp/deferiprone_single_oral_25mgkg_designcheck_20260511/validation/design_change_n403030_wtmclustT10_nomix_site403030_nondesignquota_precisionchol_basefitbootinit_preboot_20260521/runs/scenario1/bootstrap/federated/scenario1/raw_runs/run_20260521-193942/optim_trace_trial_095_20260521-194825.csv","final":"/project/temp/deferiprone_single_oral_25mgkg_designcheck_20260511/validation/design_change_n403030_wtmclustT10_nomix_site403030_nondesignquota_precisionchol_basefitbootinit_preboot_20260521/runs/scenario1/bootstrap/federated/scenario1/raw_runs/run_20260521-193942/final_params_trial_095_20260521-194825.csv"},"log_n":22,"execution_state":"completed","trial":95,"attempts":1}],"trial_status":[{"trial":91,"execution_state":"completed","converged":true,"attempts":1,"convergence":0,"value":2165.3481,"eval_fn":19,"eval_gr":19,"log_n":19,"failed_clients_n":0,"message":"CONVERGENCE: REL_REDUCTION_OF_F <= FACTR*EPSMCH","result_file":"/project/temp/deferiprone_single_oral_25mgkg_designcheck_20260511/validation/design_change_n403030_wtmclustT10_nomix_site403030_nondesignquota_precisionchol_basefitbootinit_preboot_20260521/runs/scenario1/bootstrap/federated/scenario1/raw_runs/run_20260521-193942/optim_result_trial_091_20260521-193942.json","trace_file":"/project/temp/deferiprone_single_oral_25mgkg_designcheck_20260511/validation/design_change_n403030_wtmclustT10_nomix_site403030_nondesignquota_precisionchol_basefitbootinit_preboot_20260521/runs/scenario1/bootstrap/federated/scenario1/raw_runs/run_20260521-193942/optim_trace_trial_091_20260521-193942.csv","final_file":"/project/temp/deferiprone_single_oral_25mgkg_designcheck_20260511/validation/design_change_n403030_wtmclustT10_nomix_site403030_nondesignquota_precisionchol_basefitbootinit_preboot_20260521/runs/scenario1/bootstrap/federated/scenario1/raw_runs/run_20260521-193942/final_params_trial_091_20260521-193942.csv"},{"trial":92,"execution_state":"completed","converged":true,"attempts":1,"convergence":0,"value":2214.7036,"eval_fn":8,"eval_gr":8,"log_n":8,"failed_clients_n":0,"message":"CONVERGENCE: REL_REDUCTION_OF_F <= FACTR*EPSMCH","result_file":"/project/temp/deferiprone_single_oral_25mgkg_designcheck_20260511/validation/design_change_n403030_wtmclustT10_nomix_site403030_nondesignquota_precisionchol_basefitbootinit_preboot_20260521/runs/scenario1/bootstrap/federated/scenario1/raw_runs/run_20260521-193942/optim_result_trial_092_20260521-194206.json","trace_file":"/project/temp/deferiprone_single_oral_25mgkg_designcheck_20260511/validation/design_change_n403030_wtmclustT10_nomix_site403030_nondesignquota_precisionchol_basefitbootinit_preboot_20260521/runs/scenario1/bootstrap/federated/scenario1/raw_runs/run_20260521-193942/optim_trace_trial_092_20260521-194206.csv","final_file":"/project/temp/deferiprone_single_oral_25mgkg_designcheck_20260511/validation/design_change_n403030_wtmclustT10_nomix_site403030_nondesignquota_precisionchol_basefitbootinit_preboot_20260521/runs/scenario1/bootstrap/federated/scenario1/raw_runs/run_20260521-193942/final_params_trial_092_20260521-194206.csv"},{"trial":93,"execution_state":"completed","converged":true,"attempts":1,"convergence":0,"value":2219.0099,"eval_fn":23,"eval_gr":23,"log_n":23,"failed_clients_n":0,"message":"CONVERGENCE: REL_REDUCTION_OF_F <= FACTR*EPSMCH","result_file":"/project/temp/deferiprone_single_oral_25mgkg_designcheck_20260511/validation/design_change_n403030_wtmclustT10_nomix_site403030_nondesignquota_precisionchol_basefitbootinit_preboot_20260521/runs/scenario1/bootstrap/federated/scenario1/raw_runs/run_20260521-193942/optim_result_trial_093_20260521-194306.json","trace_file":"/project/temp/deferiprone_single_oral_25mgkg_designcheck_20260511/validation/design_change_n403030_wtmclustT10_nomix_site403030_nondesignquota_precisionchol_basefitbootinit_preboot_20260521/runs/scenario1/bootstrap/federated/scenario1/raw_runs/run_20260521-193942/optim_trace_trial_093_20260521-194306.csv","final_file":"/project/temp/deferiprone_single_oral_25mgkg_designcheck_20260511/validation/design_change_n403030_wtmclustT10_nomix_site403030_nondesignquota_precisionchol_basefitbootinit_preboot_20260521/runs/scenario1/bootstrap/federated/scenario1/raw_runs/run_20260521-193942/final_params_trial_093_20260521-194306.csv"},{"trial":94,"execution_state":"completed","converged":true,"attempts":1,"convergence":0,"value":2232.703,"eval_fn":19,"eval_gr":19,"log_n":19,"failed_clients_n":0,"message":"CONVERGENCE: REL_REDUCTION_OF_F <= FACTR*EPSMCH","result_file":"/project/temp/deferiprone_single_oral_25mgkg_designcheck_20260511/validation/design_change_n403030_wtmclustT10_nomix_site403030_nondesignquota_precisionchol_basefitbootinit_preboot_20260521/runs/scenario1/bootstrap/federated/scenario1/raw_runs/run_20260521-193942/optim_result_trial_094_20260521-194601.json","trace_file":"/project/temp/deferiprone_single_oral_25mgkg_designcheck_20260511/validation/design_change_n403030_wtmclustT10_nomix_site403030_nondesignquota_precisionchol_basefitbootinit_preboot_20260521/runs/scenario1/bootstrap/federated/scenario1/raw_runs/run_20260521-193942/optim_trace_trial_094_20260521-194601.csv","final_file":"/project/temp/deferiprone_single_oral_25mgkg_designcheck_20260511/validation/design_change_n403030_wtmclustT10_nomix_site403030_nondesignquota_precisionchol_basefitbootinit_preboot_20260521/runs/scenario1/bootstrap/federated/scenario1/raw_runs/run_20260521-193942/final_params_trial_094_20260521-194601.csv"},{"trial":95,"execution_state":"completed","converged":true,"attempts":1,"convergence":0,"value":2214.0279,"eval_fn":22,"eval_gr":22,"log_n":22,"failed_clients_n":0,"message":"CONVERGENCE: REL_REDUCTION_OF_F <= FACTR*EPSMCH","result_file":"/project/temp/deferiprone_single_oral_25mgkg_designcheck_20260511/validation/design_change_n403030_wtmclustT10_nomix_site403030_nondesignquota_precisionchol_basefitbootinit_preboot_20260521/runs/scenario1/bootstrap/federated/scenario1/raw_runs/run_20260521-193942/optim_result_trial_095_20260521-194825.json","trace_file":"/project/temp/deferiprone_single_oral_25mgkg_designcheck_20260511/validation/design_change_n403030_wtmclustT10_nomix_site403030_nondesignquota_precisionchol_basefitbootinit_preboot_20260521/runs/scenario1/bootstrap/federated/scenario1/raw_runs/run_20260521-193942/optim_trace_trial_095_20260521-194825.csv","final_file":"/project/temp/deferiprone_single_oral_25mgkg_designcheck_20260511/validation/design_change_n403030_wtmclustT10_nomix_site403030_nondesignquota_precisionchol_basefitbootinit_preboot_20260521/runs/scenario1/bootstrap/federated/scenario1/raw_runs/run_20260521-193942/final_params_trial_095_20260521-194825.csv"}],"info":{"run_id":"20260521-193942","log_base_dir":"/project/temp/deferiprone_single_oral_25mgkg_designcheck_20260511/validation/design_change_n403030_wtmclustT10_nomix_site403030_nondesignquota_precisionchol_basefitbootinit_preboot_20260521/runs/scenario1/bootstrap/federated","scenario":"scenario1/raw_runs","total_trials":5,"successes":5,"failures":0,"nonconverged_count":0,"nonconverged_trials":[],"convergence_missing_count":0,"seed_base":4869,"B_per_client":500,"duration_sec":696.936340332,"host":"e2acbb724f32","image_tag":null,"communication":{"generated_at":"2026-05-21T19:51:13Z","totals":{"requests":549,"request_bytes":612843,"response_bytes":139721,"total_bytes":752564,"retries":0},"init":{"requests":3,"request_bytes":8139,"response_bytes":1161,"total_bytes":9300,"retries":0,"median_elapsed_sec":0.36528539658},"init_round_latency":{"n_rounds":1,"median_round_wall_sec":0.36641740799,"p95_round_wall_sec":0.36641740799},"run":{"requests":0,"request_bytes":0,"response_bytes":0,"total_bytes":0,"retries":0,"median_elapsed_sec":"NA"},"run_bootstrap":{"requests":546,"request_bytes":604704,"response_bytes":138560,"total_bytes":743264,"retries":0,"median_elapsed_sec":3.6428722143},"round_latency":{"n_rounds":182,"median_round_wall_sec":3.7531516552,"p95_round_wall_sec":3.9880500317},"timing_split":{"n_rounds":182,"rounds_with_compute":182,"total_round_wall_sec":687.2512617111,"total_round_compute_wall_sec":681.1793,"total_round_comm_overhead_wall_sec":6.0719617111,"comm_overhead_ratio":0.0088351408712,"compute_ratio":0.99116485913}},"communication_files":{"csv":"/project/temp/deferiprone_single_oral_25mgkg_designcheck_20260511/validation/design_change_n403030_wtmclustT10_nomix_site403030_nondesignquota_precisionchol_basefitbootinit_preboot_20260521/runs/scenario1/bootstrap/federated/scenario1/raw_runs/run_20260521-193942/comm_metrics.csv","json":"/project/temp/deferiprone_single_oral_25mgkg_designcheck_20260511/validation/design_change_n403030_wtmclustT10_nomix_site403030_nondesignquota_precisionchol_basefitbootinit_preboot_20260521/runs/scenario1/bootstrap/federated/scenario1/raw_runs/run_20260521-193942/comm_metrics.json"},"output_files":{"bootstrap_summary_csv":"/project/temp/deferiprone_single_oral_25mgkg_designcheck_20260511/validation/design_change_n403030_wtmclustT10_nomix_site403030_nondesignquota_precisionchol_basefitbootinit_preboot_20260521/runs/scenario1/bootstrap/federated/scenario1/raw_runs/run_20260521-193942/bootstrap_summary.csv","bootstrap_summary_json":"/project/temp/deferiprone_single_oral_25mgkg_designcheck_20260511/validation/design_change_n403030_wtmclustT10_nomix_site403030_nondesignquota_precisionchol_basefitbootinit_preboot_20260521/runs/scenario1/bootstrap/federated/scenario1/raw_runs/run_20260521-193942/bootstrap_summary.json","trial_status_csv":"/project/temp/deferiprone_single_oral_25mgkg_designcheck_20260511/validation/design_change_n403030_wtmclustT10_nomix_site403030_nondesignquota_precisionchol_basefitbootinit_preboot_20260521/runs/scenario1/bootstrap/federated/scenario1/raw_runs/run_20260521-193942/trial_status.csv","failed_trials_csv":"/project/temp/deferiprone_single_oral_25mgkg_designcheck_20260511/validation/design_change_n403030_wtmclustT10_nomix_site403030_nondesignquota_precisionchol_basefitbootinit_preboot_20260521/runs/scenario1/bootstrap/federated/scenario1/raw_runs/run_20260521-193942/failed_trials.csv","trial_estimates_wide_csv":"/project/temp/deferiprone_single_oral_25mgkg_designcheck_20260511/validation/design_change_n403030_wtmclustT10_nomix_site403030_nondesignquota_precisionchol_basefitbootinit_preboot_20260521/runs/scenario1/bootstrap/federated/scenario1/raw_runs/run_20260521-193942/trial_estimates_wide.csv","trial_estimates_long_csv":"/project/temp/deferiprone_single_oral_25mgkg_designcheck_20260511/validation/design_change_n403030_wtmclustT10_nomix_site403030_nondesignquota_precisionchol_basefitbootinit_preboot_20260521/runs/scenario1/bootstrap/federated/scenario1/raw_runs/run_20260521-193942/trial_estimates_long.csv","result_json":"/project/temp/deferiprone_single_oral_25mgkg_designcheck_20260511/validation/design_change_n403030_wtmclustT10_nomix_site403030_nondesignquota_precisionchol_basefitbootinit_preboot_20260521/runs/scenario1/bootstrap/federated/scenario1/raw_runs/run_20260521-193942/result.json"}}}
[Kserver-1 exited with code 0
Aborting on container exit...
 Container defboot_design_change_n403030_wtmclu_scenario1_91_95-server-1  Stopping
 Container defboot_design_change_n403030_wtmclu_scenario1_91_95-server-1  Stopped
 Container defboot_design_change_n403030_wtmclu_scenario1_91_95-client1-1  Stopping
 Container defboot_design_change_n403030_wtmclu_scenario1_91_95-client2-1  Stopping
 Container defboot_design_change_n403030_wtmclu_scenario1_91_95-client3-1  Stopping
 Container defboot_design_change_n403030_wtmclu_scenario1_91_95-client2-1  Stopped
 Container defboot_design_change_n403030_wtmclu_scenario1_91_95-client3-1  Stopped
 Container defboot_design_change_n403030_wtmclu_scenario1_91_95-client1-1  Stopped
time="2026-05-22T04:51:24+09:00" level=warning msg="The \"SERVER_CONFIG_PATH\" variable is not set. Defaulting to a blank string."
 Container defboot_design_change_n403030_wtmclu_scenario1_91_95-server-1  Stopping
 Container defboot_design_change_n403030_wtmclu_scenario1_91_95-server-1  Stopped
 Container defboot_design_change_n403030_wtmclu_scenario1_91_95-server-1  Removing
 Container defboot_design_change_n403030_wtmclu_scenario1_91_95-server-1  Removed
 Container defboot_design_change_n403030_wtmclu_scenario1_91_95-client3-1  Stopping
 Container defboot_design_change_n403030_wtmclu_scenario1_91_95-client2-1  Stopping
 Container defboot_design_change_n403030_wtmclu_scenario1_91_95-client1-1  Stopping
 Container defboot_design_change_n403030_wtmclu_scenario1_91_95-client3-1  Stopped
 Container defboot_design_change_n403030_wtmclu_scenario1_91_95-client3-1  Removing
 Container defboot_design_change_n403030_wtmclu_scenario1_91_95-client2-1  Stopped
 Container defboot_design_change_n403030_wtmclu_scenario1_91_95-client2-1  Removing
 Container defboot_design_change_n403030_wtmclu_scenario1_91_95-client1-1  Stopped
 Container defboot_design_change_n403030_wtmclu_scenario1_91_95-client1-1  Removing
 Container defboot_design_change_n403030_wtmclu_scenario1_91_95-client3-1  Removed
 Container defboot_design_change_n403030_wtmclu_scenario1_91_95-client2-1  Removed
 Container defboot_design_change_n403030_wtmclu_scenario1_91_95-client1-1  Removed
 Network defboot_design_change_n403030_wtmclu_scenario1_91_95_site2_net  Removing
 Network defboot_design_change_n403030_wtmclu_scenario1_91_95_site3_net  Removing
 Network defboot_design_change_n403030_wtmclu_scenario1_91_95_site1_net  Removing
 Network defboot_design_change_n403030_wtmclu_scenario1_91_95_site2_net  Removed
 Network defboot_design_change_n403030_wtmclu_scenario1_91_95_site3_net  Removed
 Network defboot_design_change_n403030_wtmclu_scenario1_91_95_site1_net  Removed
