time="2026-05-22T15:04:42+09:00" level=warning msg="The \"SERVER_CONFIG_PATH\" variable is not set. Defaulting to a blank string."
Compose now can delegate build to bake for better performances
Just set COMPOSE_BAKE=true
#0 building with "default" instance using docker driver

#1 [client1 internal] load build definition from Dockerfile.app
#1 transferring dockerfile: 778B done
#1 DONE 0.0s

#2 [client2 internal] load build definition from Dockerfile.app
#2 transferring dockerfile: 778B done
#2 DONE 0.0s

#3 [client3 internal] load build definition from Dockerfile.app
#3 transferring dockerfile: 778B done
#3 DONE 0.0s

#4 [client3 internal] load metadata for docker.io/fedpoppk/base:0.1.0
#4 DONE 0.0s

#5 [client1 internal] load .dockerignore
#5 transferring context: 2B done
#5 DONE 0.0s

#6 [client2 internal] load .dockerignore
#6 transferring context: 2B done
#6 DONE 0.0s

#7 [client3 internal] load .dockerignore
#7 transferring context: 2B done
#7 DONE 0.0s

#8 [client3 1/8] FROM docker.io/fedpoppk/base:0.1.0
#8 DONE 0.0s

#9 [client1 internal] load build context
#9 transferring context: 736.51kB 0.3s done
#9 DONE 0.3s

#10 [client3 internal] load build context
#10 transferring context: 736.51kB 0.3s done
#10 DONE 0.3s

#11 [client2 internal] load build context
#11 transferring context: 736.51kB 0.3s done
#11 DONE 0.3s

#12 [client3 5/8] COPY apps/ apps/
#12 CACHED

#13 [client3 7/8] COPY analysis/ analysis/
#13 CACHED

#14 [client3 6/8] COPY R/ R/
#14 CACHED

#15 [client3 3/8] COPY renv.lock .Rprofile renv/activate.R ./
#15 CACHED

#16 [client3 4/8] RUN Rscript -e "options(renv.consent=TRUE, Ncpus=parallel::detectCores());                 renv::restore(prompt=FALSE)"
#16 CACHED

#17 [client3 2/8] WORKDIR /project
#17 CACHED

#18 [client2 8/8] RUN mkdir -p /project/configs/modes /project/data /project/artifacts /project/result
#18 CACHED

#19 [client3] exporting to image
#19 exporting layers done
#19 writing image sha256:ed4abd428394971cd1e90eef5ab79fe7a3ec486721da7ae8b409b6355abb5051 done
#19 naming to docker.io/library/defboot_design_change_n403030_wtmclu_scenario1_296_300-client3 0.0s done
#19 DONE 0.0s

#20 [client1] exporting to image
#20 exporting layers done
#20 writing image sha256:79cb2c25f076b22c01f164020ccf26a2fe5953866b3b2e0b9563c4592700ad6d done
#20 naming to docker.io/library/defboot_design_change_n403030_wtmclu_scenario1_296_300-client1 0.0s done
#20 DONE 0.0s

#21 [client2] exporting to image
#21 exporting layers done
#21 writing image sha256:3585445622d2d6c422e67d08a91c3869910d075246cd846ea29ffe3e8159a801 done
#21 naming to docker.io/library/defboot_design_change_n403030_wtmclu_scenario1_296_300-client2 0.1s done
#21 DONE 0.1s

#22 [client3] resolving provenance for metadata file
#22 DONE 0.0s

#23 [client1] resolving provenance for metadata file
#23 DONE 0.0s

#24 [client2] resolving provenance for metadata file
#24 DONE 0.0s

#25 [server internal] load build definition from Dockerfile.app
#25 transferring dockerfile: 778B done
#25 DONE 0.0s

#4 [server internal] load metadata for docker.io/fedpoppk/base:0.1.0
#4 DONE 0.0s

#26 [server internal] load .dockerignore
#26 transferring context: 2B done
#26 DONE 0.0s

#8 [server 1/8] FROM docker.io/fedpoppk/base:0.1.0
#8 DONE 0.0s

#27 [server internal] load build context
#27 transferring context: 736.51kB 0.3s done
#27 DONE 0.4s

#28 [server 6/8] COPY R/ R/
#28 CACHED

#29 [server 4/8] RUN Rscript -e "options(renv.consent=TRUE, Ncpus=parallel::detectCores());                 renv::restore(prompt=FALSE)"
#29 CACHED

#30 [server 5/8] COPY apps/ apps/
#30 CACHED

#31 [server 7/8] COPY analysis/ analysis/
#31 CACHED

#32 [server 3/8] COPY renv.lock .Rprofile renv/activate.R ./
#32 CACHED

#17 [server 2/8] WORKDIR /project
#17 CACHED

#33 [server 8/8] RUN mkdir -p /project/configs/modes /project/data /project/artifacts /project/result
#33 CACHED

#34 [server] exporting to image
#34 exporting layers done
#34 writing image sha256:2355140e4218948e0e93c420b678e3d8bf87dcf1e8f2c3a8d05f4a7de3b89fb8 done
#34 naming to docker.io/library/defboot_design_change_n403030_wtmclu_scenario1_296_300-server 0.0s done
#34 DONE 0.0s

#35 [server] resolving provenance for metadata file
#35 DONE 0.0s
 client1  Built
 client2  Built
 client3  Built
 server  Built
 Network defboot_design_change_n403030_wtmclu_scenario1_296_300_site1_net  Creating
 Network defboot_design_change_n403030_wtmclu_scenario1_296_300_site1_net  Created
 Network defboot_design_change_n403030_wtmclu_scenario1_296_300_site2_net  Creating
 Network defboot_design_change_n403030_wtmclu_scenario1_296_300_site2_net  Created
 Network defboot_design_change_n403030_wtmclu_scenario1_296_300_site3_net  Creating
 Network defboot_design_change_n403030_wtmclu_scenario1_296_300_site3_net  Created
 Container defboot_design_change_n403030_wtmclu_scenario1_296_300-client3-1  Creating
 Container defboot_design_change_n403030_wtmclu_scenario1_296_300-client2-1  Creating
 Container defboot_design_change_n403030_wtmclu_scenario1_296_300-client1-1  Creating
 Container defboot_design_change_n403030_wtmclu_scenario1_296_300-client1-1  Created
 Container defboot_design_change_n403030_wtmclu_scenario1_296_300-client3-1  Created
 Container defboot_design_change_n403030_wtmclu_scenario1_296_300-client2-1  Created
 Container defboot_design_change_n403030_wtmclu_scenario1_296_300-server-1  Creating
 Container defboot_design_change_n403030_wtmclu_scenario1_296_300-server-1  Created
Attaching to client1-1, client2-1, client3-1, server-1
client3-1  | Running plumber API at http://0.0.0.0:8000
client3-1  | Running swagger Docs at http://127.0.0.1:8000/__docs__/
client1-1  | Running plumber API at http://0.0.0.0:8000
client1-1  | Running swagger Docs at http://127.0.0.1:8000/__docs__/
client2-1  | Running plumber API at http://0.0.0.0:8000
client2-1  | Running swagger Docs at http://127.0.0.1:8000/__docs__/
client1-1  | ℹ parameter labels from comments are typically ignored in non-interactive mode
client1-1  | ℹ Need to run with the source intact to parse comments
client3-1  | ℹ parameter labels from comments are typically ignored in non-interactive mode
client2-1  | ℹ parameter labels from comments are typically ignored in non-interactive mode
client3-1  | ℹ Need to run with the source intact to parse comments
client2-1  | ℹ Need to run with the source intact to parse comments
server-1   | [send_init] http://client1:8000 init succeeded
server-1   | [send_init] http://client3:8000 init succeeded
server-1   | [send_init] http://client2:8000 init succeeded
server-1   | {"schema":{"schema_version":"1.1.0","generated_at":"2026-05-22T06:04:50Z","config_path":"/project/configs/../temp/deferiprone_single_oral_25mgkg_designcheck_20260511/validation/design_change_n403030_wtmclustT10_nomix_site403030_nondesignquota_precisionchol_basefitbootinit_preboot_20260521/configs/resolved/scenario1_bootstrap.json","config_md5":"9d7556058a6c3cb18af9ad7ffdd7076b","seed":4869,"host":"c9abb1621cfa","pid":1,"image_tag":null,"git_sha":null,"git_dirty":null},"aggregation":{"ci_method":"percentile","ci_level":0.95,"quantile_type":7,"estimates_scale":"natural"},"summary":[{"parameter":"(etaLcl,etaLvc)","median":0.047437993675,"p2.5":0.0383234103,"p97.5":0.058580231246},{"parameter":"CcPropSd","median":0.34785043247,"p2.5":0.34174949789,"p97.5":0.37541375844},{"parameter":"etaLcl","median":0.086453499697,"p2.5":0.064342377392,"p97.5":0.10054159314},{"parameter":"etaLvc","median":0.027522963316,"p2.5":0.024346845737,"p97.5":0.038081994645},{"parameter":"lcl","median":2.162208416,"p2.5":2.1150362816,"p97.5":2.2101145314},{"parameter":"lka","median":2.114625267,"p2.5":2.0611786396,"p97.5":2.3655572619},{"parameter":"lvc","median":2.9747346246,"p2.5":2.8826262675,"p97.5":2.9900862039},{"parameter":"rho_(etaLcl,etaLvc)","median":0.97249511386,"p2.5":0.96905284154,"p97.5":0.97985890811}],"runs":[{"tag":"trial_296_20260522-060450","value":2211.6969,"counts":[26,26],"control":{"maxit":100,"factr":1000000000,"pgtol":0,"trace":0,"method":"L-BFGS-B"},"convergence":0,"message":"CONVERGENCE: REL_REDUCTION_OF_F <= FACTR*EPSMCH","nat_par":{"lka":2.3915849618,"lcl":2.1422301189,"lvc":2.989425569,"CcPropSd":0.34299017094,"etaLcl":0.086453499697,"etaLvc":0.027522963316,"(etaLcl,etaLvc)":0.047437993675,"rho_(etaLcl,etaLvc)":0.97249511386},"failed_clients":[],"attempt":1,"files":{"result":"/project/temp/deferiprone_single_oral_25mgkg_designcheck_20260511/validation/design_change_n403030_wtmclustT10_nomix_site403030_nondesignquota_precisionchol_basefitbootinit_preboot_20260521/runs/scenario1/bootstrap/federated/scenario1/raw_runs/run_20260522-060450/optim_result_trial_296_20260522-060450.json","trace":"/project/temp/deferiprone_single_oral_25mgkg_designcheck_20260511/validation/design_change_n403030_wtmclustT10_nomix_site403030_nondesignquota_precisionchol_basefitbootinit_preboot_20260521/runs/scenario1/bootstrap/federated/scenario1/raw_runs/run_20260522-060450/optim_trace_trial_296_20260522-060450.csv","final":"/project/temp/deferiprone_single_oral_25mgkg_designcheck_20260511/validation/design_change_n403030_wtmclustT10_nomix_site403030_nondesignquota_precisionchol_basefitbootinit_preboot_20260521/runs/scenario1/bootstrap/federated/scenario1/raw_runs/run_20260522-060450/final_params_trial_296_20260522-060450.csv"},"log_n":26,"execution_state":"completed","trial":296,"attempts":1},{"tag":"trial_297_20260522-060808","value":2231.6998,"counts":[21,21],"control":{"maxit":100,"factr":1000000000,"pgtol":0,"trace":0,"method":"L-BFGS-B"},"convergence":0,"message":"CONVERGENCE: REL_REDUCTION_OF_F <= FACTR*EPSMCH","nat_par":{"lka":2.0590516047,"lcl":2.1120147441,"lvc":2.8728503394,"CcPropSd":0.35844377029,"etaLcl":0.089144489765,"etaLvc":0.038382291977,"(etaLcl,etaLvc)":0.057325510692,"rho_(etaLcl,etaLvc)":0.98002065317},"failed_clients":[],"attempt":1,"files":{"result":"/project/temp/deferiprone_single_oral_25mgkg_designcheck_20260511/validation/design_change_n403030_wtmclustT10_nomix_site403030_nondesignquota_precisionchol_basefitbootinit_preboot_20260521/runs/scenario1/bootstrap/federated/scenario1/raw_runs/run_20260522-060450/optim_result_trial_297_20260522-060808.json","trace":"/project/temp/deferiprone_single_oral_25mgkg_designcheck_20260511/validation/design_change_n403030_wtmclustT10_nomix_site403030_nondesignquota_precisionchol_basefitbootinit_preboot_20260521/runs/scenario1/bootstrap/federated/scenario1/raw_runs/run_20260522-060450/optim_trace_trial_297_20260522-060808.csv","final":"/project/temp/deferiprone_single_oral_25mgkg_designcheck_20260511/validation/design_change_n403030_wtmclustT10_nomix_site403030_nondesignquota_precisionchol_basefitbootinit_preboot_20260521/runs/scenario1/bootstrap/federated/scenario1/raw_runs/run_20260522-060450/final_params_trial_297_20260522-060808.csv"},"log_n":21,"execution_state":"completed","trial":297,"attempts":1},{"tag":"trial_298_20260522-061047","value":2185.1742,"counts":[24,24],"control":{"maxit":100,"factr":1000000000,"pgtol":0,"trace":0,"method":"L-BFGS-B"},"convergence":0,"message":"CONVERGENCE: REL_REDUCTION_OF_F <= FACTR*EPSMCH","nat_par":{"lka":2.114625267,"lcl":2.2133528277,"lvc":2.9706096207,"CcPropSd":0.34785043247,"etaLcl":0.082584671311,"etaLvc":0.024937146724,"(etaLcl,etaLvc)":0.04401020307,"rho_(etaLcl,etaLvc)":0.96979573509},"failed_clients":[],"attempt":1,"files":{"result":"/project/temp/deferiprone_single_oral_25mgkg_designcheck_20260511/validation/design_change_n403030_wtmclustT10_nomix_site403030_nondesignquota_precisionchol_basefitbootinit_preboot_20260521/runs/scenario1/bootstrap/federated/scenario1/raw_runs/run_20260522-060450/optim_result_trial_298_20260522-061047.json","trace":"/project/temp/deferiprone_single_oral_25mgkg_designcheck_20260511/validation/design_change_n403030_wtmclustT10_nomix_site403030_nondesignquota_precisionchol_basefitbootinit_preboot_20260521/runs/scenario1/bootstrap/federated/scenario1/raw_runs/run_20260522-060450/optim_trace_trial_298_20260522-061047.csv","final":"/project/temp/deferiprone_single_oral_25mgkg_designcheck_20260511/validation/design_change_n403030_wtmclustT10_nomix_site403030_nondesignquota_precisionchol_basefitbootinit_preboot_20260521/runs/scenario1/bootstrap/federated/scenario1/raw_runs/run_20260522-060450/final_params_trial_298_20260522-061047.csv"},"log_n":24,"execution_state":"completed","trial":298,"attempts":1},{"tag":"trial_299_20260522-061351","value":2206.3058,"counts":[25,25],"control":{"maxit":100,"factr":1000000000,"pgtol":0,"trace":0,"method":"L-BFGS-B"},"convergence":0,"message":"CONVERGENCE: REL_REDUCTION_OF_F <= FACTR*EPSMCH","nat_par":{"lka":2.131307963,"lcl":2.162208416,"lvc":2.9901596077,"CcPropSd":0.34161164533,"etaLcl":0.10180793795,"etaLvc":0.035379318658,"(etaLcl,etaLvc)":0.058719644641,"rho_(etaLcl,etaLvc)":0.97840320257},"failed_clients":[],"attempt":1,"files":{"result":"/project/temp/deferiprone_single_oral_25mgkg_designcheck_20260511/validation/design_change_n403030_wtmclustT10_nomix_site403030_nondesignquota_precisionchol_basefitbootinit_preboot_20260521/runs/scenario1/bootstrap/federated/scenario1/raw_runs/run_20260522-060450/optim_result_trial_299_20260522-061351.json","trace":"/project/temp/deferiprone_single_oral_25mgkg_designcheck_20260511/validation/design_change_n403030_wtmclustT10_nomix_site403030_nondesignquota_precisionchol_basefitbootinit_preboot_20260521/runs/scenario1/bootstrap/federated/scenario1/raw_runs/run_20260522-060450/optim_trace_trial_299_20260522-061351.csv","final":"/project/temp/deferiprone_single_oral_25mgkg_designcheck_20260511/validation/design_change_n403030_wtmclustT10_nomix_site403030_nondesignquota_precisionchol_basefitbootinit_preboot_20260521/runs/scenario1/bootstrap/federated/scenario1/raw_runs/run_20260522-060450/final_params_trial_299_20260522-061351.csv"},"log_n":25,"execution_state":"completed","trial":299,"attempts":1},{"tag":"trial_300_20260522-061701","value":2216.5608,"counts":[26,26],"control":{"maxit":100,"factr":1000000000,"pgtol":0,"trace":0,"method":"L-BFGS-B"},"convergence":0,"message":"CONVERGENCE: REL_REDUCTION_OF_F <= FACTR*EPSMCH","nat_par":{"lka":2.0803219533,"lcl":2.1809698652,"lvc":2.9747346246,"CcPropSd":0.37729931268,"etaLcl":0.062315455846,"etaLvc":0.024281256739,"(etaLcl,etaLvc)":0.037691544436,"rho_(etaLcl,etaLvc)":0.96897029781},"failed_clients":[],"attempt":1,"files":{"result":"/project/temp/deferiprone_single_oral_25mgkg_designcheck_20260511/validation/design_change_n403030_wtmclustT10_nomix_site403030_nondesignquota_precisionchol_basefitbootinit_preboot_20260521/runs/scenario1/bootstrap/federated/scenario1/raw_runs/run_20260522-060450/optim_result_trial_300_20260522-061701.json","trace":"/project/temp/deferiprone_single_oral_25mgkg_designcheck_20260511/validation/design_change_n403030_wtmclustT10_nomix_site403030_nondesignquota_precisionchol_basefitbootinit_preboot_20260521/runs/scenario1/bootstrap/federated/scenario1/raw_runs/run_20260522-060450/optim_trace_trial_300_20260522-061701.csv","final":"/project/temp/deferiprone_single_oral_25mgkg_designcheck_20260511/validation/design_change_n403030_wtmclustT10_nomix_site403030_nondesignquota_precisionchol_basefitbootinit_preboot_20260521/runs/scenario1/bootstrap/federated/scenario1/raw_runs/run_20260522-060450/final_params_trial_300_20260522-061701.csv"},"log_n":26,"execution_state":"completed","trial":300,"attempts":1}],"trial_status":[{"trial":296,"execution_state":"completed","converged":true,"attempts":1,"convergence":0,"value":2211.6969,"eval_fn":26,"eval_gr":26,"log_n":26,"failed_clients_n":0,"message":"CONVERGENCE: REL_REDUCTION_OF_F <= FACTR*EPSMCH","result_file":"/project/temp/deferiprone_single_oral_25mgkg_designcheck_20260511/validation/design_change_n403030_wtmclustT10_nomix_site403030_nondesignquota_precisionchol_basefitbootinit_preboot_20260521/runs/scenario1/bootstrap/federated/scenario1/raw_runs/run_20260522-060450/optim_result_trial_296_20260522-060450.json","trace_file":"/project/temp/deferiprone_single_oral_25mgkg_designcheck_20260511/validation/design_change_n403030_wtmclustT10_nomix_site403030_nondesignquota_precisionchol_basefitbootinit_preboot_20260521/runs/scenario1/bootstrap/federated/scenario1/raw_runs/run_20260522-060450/optim_trace_trial_296_20260522-060450.csv","final_file":"/project/temp/deferiprone_single_oral_25mgkg_designcheck_20260511/validation/design_change_n403030_wtmclustT10_nomix_site403030_nondesignquota_precisionchol_basefitbootinit_preboot_20260521/runs/scenario1/bootstrap/federated/scenario1/raw_runs/run_20260522-060450/final_params_trial_296_20260522-060450.csv"},{"trial":297,"execution_state":"completed","converged":true,"attempts":1,"convergence":0,"value":2231.6998,"eval_fn":21,"eval_gr":21,"log_n":21,"failed_clients_n":0,"message":"CONVERGENCE: REL_REDUCTION_OF_F <= FACTR*EPSMCH","result_file":"/project/temp/deferiprone_single_oral_25mgkg_designcheck_20260511/validation/design_change_n403030_wtmclustT10_nomix_site403030_nondesignquota_precisionchol_basefitbootinit_preboot_20260521/runs/scenario1/bootstrap/federated/scenario1/raw_runs/run_20260522-060450/optim_result_trial_297_20260522-060808.json","trace_file":"/project/temp/deferiprone_single_oral_25mgkg_designcheck_20260511/validation/design_change_n403030_wtmclustT10_nomix_site403030_nondesignquota_precisionchol_basefitbootinit_preboot_20260521/runs/scenario1/bootstrap/federated/scenario1/raw_runs/run_20260522-060450/optim_trace_trial_297_20260522-060808.csv","final_file":"/project/temp/deferiprone_single_oral_25mgkg_designcheck_20260511/validation/design_change_n403030_wtmclustT10_nomix_site403030_nondesignquota_precisionchol_basefitbootinit_preboot_20260521/runs/scenario1/bootstrap/federated/scenario1/raw_runs/run_20260522-060450/final_params_trial_297_20260522-060808.csv"},{"trial":298,"execution_state":"completed","converged":true,"attempts":1,"convergence":0,"value":2185.1742,"eval_fn":24,"eval_gr":24,"log_n":24,"failed_clients_n":0,"message":"CONVERGENCE: REL_REDUCTION_OF_F <= FACTR*EPSMCH","result_file":"/project/temp/deferiprone_single_oral_25mgkg_designcheck_20260511/validation/design_change_n403030_wtmclustT10_nomix_site403030_nondesignquota_precisionchol_basefitbootinit_preboot_20260521/runs/scenario1/bootstrap/federated/scenario1/raw_runs/run_20260522-060450/optim_result_trial_298_20260522-061047.json","trace_file":"/project/temp/deferiprone_single_oral_25mgkg_designcheck_20260511/validation/design_change_n403030_wtmclustT10_nomix_site403030_nondesignquota_precisionchol_basefitbootinit_preboot_20260521/runs/scenario1/bootstrap/federated/scenario1/raw_runs/run_20260522-060450/optim_trace_trial_298_20260522-061047.csv","final_file":"/project/temp/deferiprone_single_oral_25mgkg_designcheck_20260511/validation/design_change_n403030_wtmclustT10_nomix_site403030_nondesignquota_precisionchol_basefitbootinit_preboot_20260521/runs/scenario1/bootstrap/federated/scenario1/raw_runs/run_20260522-060450/final_params_trial_298_20260522-061047.csv"},{"trial":299,"execution_state":"completed","converged":true,"attempts":1,"convergence":0,"value":2206.3058,"eval_fn":25,"eval_gr":25,"log_n":25,"failed_clients_n":0,"message":"CONVERGENCE: REL_REDUCTION_OF_F <= FACTR*EPSMCH","result_file":"/project/temp/deferiprone_single_oral_25mgkg_designcheck_20260511/validation/design_change_n403030_wtmclustT10_nomix_site403030_nondesignquota_precisionchol_basefitbootinit_preboot_20260521/runs/scenario1/bootstrap/federated/scenario1/raw_runs/run_20260522-060450/optim_result_trial_299_20260522-061351.json","trace_file":"/project/temp/deferiprone_single_oral_25mgkg_designcheck_20260511/validation/design_change_n403030_wtmclustT10_nomix_site403030_nondesignquota_precisionchol_basefitbootinit_preboot_20260521/runs/scenario1/bootstrap/federated/scenario1/raw_runs/run_20260522-060450/optim_trace_trial_299_20260522-061351.csv","final_file":"/project/temp/deferiprone_single_oral_25mgkg_designcheck_20260511/validation/design_change_n403030_wtmclustT10_nomix_site403030_nondesignquota_precisionchol_basefitbootinit_preboot_20260521/runs/scenario1/bootstrap/federated/scenario1/raw_runs/run_20260522-060450/final_params_trial_299_20260522-061351.csv"},{"trial":300,"execution_state":"completed","converged":true,"attempts":1,"convergence":0,"value":2216.5608,"eval_fn":26,"eval_gr":26,"log_n":26,"failed_clients_n":0,"message":"CONVERGENCE: REL_REDUCTION_OF_F <= FACTR*EPSMCH","result_file":"/project/temp/deferiprone_single_oral_25mgkg_designcheck_20260511/validation/design_change_n403030_wtmclustT10_nomix_site403030_nondesignquota_precisionchol_basefitbootinit_preboot_20260521/runs/scenario1/bootstrap/federated/scenario1/raw_runs/run_20260522-060450/optim_result_trial_300_20260522-061701.json","trace_file":"/project/temp/deferiprone_single_oral_25mgkg_designcheck_20260511/validation/design_change_n403030_wtmclustT10_nomix_site403030_nondesignquota_precisionchol_basefitbootinit_preboot_20260521/runs/scenario1/bootstrap/federated/scenario1/raw_runs/run_20260522-060450/optim_trace_trial_300_20260522-061701.csv","final_file":"/project/temp/deferiprone_single_oral_25mgkg_designcheck_20260511/validation/design_change_n403030_wtmclustT10_nomix_site403030_nondesignquota_precisionchol_basefitbootinit_preboot_20260521/runs/scenario1/bootstrap/federated/scenario1/raw_runs/run_20260522-060450/final_params_trial_300_20260522-061701.csv"}],"info":{"run_id":"20260522-060450","log_base_dir":"/project/temp/deferiprone_single_oral_25mgkg_designcheck_20260511/validation/design_change_n403030_wtmclustT10_nomix_site403030_nondesignquota_precisionchol_basefitbootinit_preboot_20260521/runs/scenario1/bootstrap/federated","scenario":"scenario1/raw_runs","total_trials":5,"successes":5,"failures":0,"nonconverged_count":0,"nonconverged_trials":[],"convergence_missing_count":0,"seed_base":4869,"B_per_client":500,"duration_sec":935.433989048,"host":"c9abb1621cfa","image_tag":null,"communication":{"generated_at":"2026-05-22T06:20:20Z","totals":{"requests":735,"request_bytes":819549,"response_bytes":186143,"total_bytes":1005692,"retries":0},"init":{"requests":3,"request_bytes":8139,"response_bytes":1161,"total_bytes":9300,"retries":0,"median_elapsed_sec":0.36603784561},"init_round_latency":{"n_rounds":1,"median_round_wall_sec":0.37258434296,"p95_round_wall_sec":0.37258434296},"run":{"requests":0,"request_bytes":0,"response_bytes":0,"total_bytes":0,"retries":0,"median_elapsed_sec":"NA"},"run_bootstrap":{"requests":732,"request_bytes":811410,"response_bytes":184982,"total_bytes":996392,"retries":0,"median_elapsed_sec":3.6485925913},"round_latency":{"n_rounds":244,"median_round_wall_sec":3.7729482651,"p95_round_wall_sec":4.0422418714},"timing_split":{"n_rounds":244,"rounds_with_compute":244,"total_round_wall_sec":924.4900839329,"total_round_compute_wall_sec":916.3545,"total_round_comm_overhead_wall_sec":8.1355839329,"comm_overhead_ratio":0.0088000770092,"compute_ratio":0.99119992299}},"communication_files":{"csv":"/project/temp/deferiprone_single_oral_25mgkg_designcheck_20260511/validation/design_change_n403030_wtmclustT10_nomix_site403030_nondesignquota_precisionchol_basefitbootinit_preboot_20260521/runs/scenario1/bootstrap/federated/scenario1/raw_runs/run_20260522-060450/comm_metrics.csv","json":"/project/temp/deferiprone_single_oral_25mgkg_designcheck_20260511/validation/design_change_n403030_wtmclustT10_nomix_site403030_nondesignquota_precisionchol_basefitbootinit_preboot_20260521/runs/scenario1/bootstrap/federated/scenario1/raw_runs/run_20260522-060450/comm_metrics.json"},"output_files":{"bootstrap_summary_csv":"/project/temp/deferiprone_single_oral_25mgkg_designcheck_20260511/validation/design_change_n403030_wtmclustT10_nomix_site403030_nondesignquota_precisionchol_basefitbootinit_preboot_20260521/runs/scenario1/bootstrap/federated/scenario1/raw_runs/run_20260522-060450/bootstrap_summary.csv","bootstrap_summary_json":"/project/temp/deferiprone_single_oral_25mgkg_designcheck_20260511/validation/design_change_n403030_wtmclustT10_nomix_site403030_nondesignquota_precisionchol_basefitbootinit_preboot_20260521/runs/scenario1/bootstrap/federated/scenario1/raw_runs/run_20260522-060450/bootstrap_summary.json","trial_status_csv":"/project/temp/deferiprone_single_oral_25mgkg_designcheck_20260511/validation/design_change_n403030_wtmclustT10_nomix_site403030_nondesignquota_precisionchol_basefitbootinit_preboot_20260521/runs/scenario1/bootstrap/federated/scenario1/raw_runs/run_20260522-060450/trial_status.csv","failed_trials_csv":"/project/temp/deferiprone_single_oral_25mgkg_designcheck_20260511/validation/design_change_n403030_wtmclustT10_nomix_site403030_nondesignquota_precisionchol_basefitbootinit_preboot_20260521/runs/scenario1/bootstrap/federated/scenario1/raw_runs/run_20260522-060450/failed_trials.csv","trial_estimates_wide_csv":"/project/temp/deferiprone_single_oral_25mgkg_designcheck_20260511/validation/design_change_n403030_wtmclustT10_nomix_site403030_nondesignquota_precisionchol_basefitbootinit_preboot_20260521/runs/scenario1/bootstrap/federated/scenario1/raw_runs/run_20260522-060450/trial_estimates_wide.csv","trial_estimates_long_csv":"/project/temp/deferiprone_single_oral_25mgkg_designcheck_20260511/validation/design_change_n403030_wtmclustT10_nomix_site403030_nondesignquota_precisionchol_basefitbootinit_preboot_20260521/runs/scenario1/bootstrap/federated/scenario1/raw_runs/run_20260522-060450/trial_estimates_long.csv","result_json":"/project/temp/deferiprone_single_oral_25mgkg_designcheck_20260511/validation/design_change_n403030_wtmclustT10_nomix_site403030_nondesignquota_precisionchol_basefitbootinit_preboot_20260521/runs/scenario1/bootstrap/federated/scenario1/raw_runs/run_20260522-060450/result.json"}}}
[Kserver-1 exited with code 0
Aborting on container exit...
 Container defboot_design_change_n403030_wtmclu_scenario1_296_300-server-1  Stopping
 Container defboot_design_change_n403030_wtmclu_scenario1_296_300-server-1  Stopped
 Container defboot_design_change_n403030_wtmclu_scenario1_296_300-client3-1  Stopping
 Container defboot_design_change_n403030_wtmclu_scenario1_296_300-client2-1  Stopping
 Container defboot_design_change_n403030_wtmclu_scenario1_296_300-client1-1  Stopping
 Container defboot_design_change_n403030_wtmclu_scenario1_296_300-client2-1  Stopped
 Container defboot_design_change_n403030_wtmclu_scenario1_296_300-client3-1  Stopped
 Container defboot_design_change_n403030_wtmclu_scenario1_296_300-client1-1  Stopped
time="2026-05-22T15:20:31+09:00" level=warning msg="The \"SERVER_CONFIG_PATH\" variable is not set. Defaulting to a blank string."
 Container defboot_design_change_n403030_wtmclu_scenario1_296_300-server-1  Stopping
 Container defboot_design_change_n403030_wtmclu_scenario1_296_300-server-1  Stopped
 Container defboot_design_change_n403030_wtmclu_scenario1_296_300-server-1  Removing
 Container defboot_design_change_n403030_wtmclu_scenario1_296_300-server-1  Removed
 Container defboot_design_change_n403030_wtmclu_scenario1_296_300-client1-1  Stopping
 Container defboot_design_change_n403030_wtmclu_scenario1_296_300-client3-1  Stopping
 Container defboot_design_change_n403030_wtmclu_scenario1_296_300-client2-1  Stopping
 Container defboot_design_change_n403030_wtmclu_scenario1_296_300-client1-1  Stopped
 Container defboot_design_change_n403030_wtmclu_scenario1_296_300-client1-1  Removing
 Container defboot_design_change_n403030_wtmclu_scenario1_296_300-client3-1  Stopped
 Container defboot_design_change_n403030_wtmclu_scenario1_296_300-client3-1  Removing
 Container defboot_design_change_n403030_wtmclu_scenario1_296_300-client2-1  Stopped
 Container defboot_design_change_n403030_wtmclu_scenario1_296_300-client2-1  Removing
 Container defboot_design_change_n403030_wtmclu_scenario1_296_300-client3-1  Removed
 Container defboot_design_change_n403030_wtmclu_scenario1_296_300-client1-1  Removed
 Container defboot_design_change_n403030_wtmclu_scenario1_296_300-client2-1  Removed
 Network defboot_design_change_n403030_wtmclu_scenario1_296_300_site1_net  Removing
 Network defboot_design_change_n403030_wtmclu_scenario1_296_300_site2_net  Removing
 Network defboot_design_change_n403030_wtmclu_scenario1_296_300_site3_net  Removing
 Network defboot_design_change_n403030_wtmclu_scenario1_296_300_site1_net  Removed
 Network defboot_design_change_n403030_wtmclu_scenario1_296_300_site2_net  Removed
 Network defboot_design_change_n403030_wtmclu_scenario1_296_300_site3_net  Removed
