time="2026-05-22T21:55:18+09:00" level=warning msg="The \"SERVER_CONFIG_PATH\" variable is not set. Defaulting to a blank string."
Compose now can delegate build to bake for better performances
Just set COMPOSE_BAKE=true
#0 building with "default" instance using docker driver

#1 [client3 internal] load build definition from Dockerfile.app
#1 transferring dockerfile: 778B done
#1 DONE 0.0s

#2 [client2 internal] load build definition from Dockerfile.app
#2 transferring dockerfile: 778B done
#2 DONE 0.0s

#3 [client1 internal] load build definition from Dockerfile.app
#3 transferring dockerfile: 778B done
#3 DONE 0.0s

#4 [client1 internal] load metadata for docker.io/fedpoppk/base:0.1.0
#4 DONE 0.0s

#5 [client3 internal] load .dockerignore
#5 transferring context: 2B done
#5 DONE 0.0s

#6 [client2 internal] load .dockerignore
#6 transferring context: 2B done
#6 DONE 0.0s

#7 [client1 1/8] FROM docker.io/fedpoppk/base:0.1.0
#7 DONE 0.0s

#8 [client1 internal] load .dockerignore
#8 transferring context: 2B done
#8 DONE 0.0s

#9 [client3 internal] load build context
#9 transferring context: 736.51kB 0.3s done
#9 DONE 0.3s

#10 [client1 internal] load build context
#10 transferring context: 736.51kB 0.3s done
#10 DONE 0.3s

#11 [client2 internal] load build context
#11 transferring context: 736.51kB 0.3s done
#11 DONE 0.3s

#12 [client1 2/8] WORKDIR /project
#12 CACHED

#13 [client1 4/8] RUN Rscript -e "options(renv.consent=TRUE, Ncpus=parallel::detectCores());                 renv::restore(prompt=FALSE)"
#13 CACHED

#14 [client1 6/8] COPY R/ R/
#14 CACHED

#15 [client1 5/8] COPY apps/ apps/
#15 CACHED

#16 [client1 7/8] COPY analysis/ analysis/
#16 CACHED

#17 [client1 3/8] COPY renv.lock .Rprofile renv/activate.R ./
#17 CACHED

#18 [client3 8/8] RUN mkdir -p /project/configs/modes /project/data /project/artifacts /project/result
#18 CACHED

#19 [client1] exporting to image
#19 exporting layers done
#19 writing image sha256:2b82b85f6ddb53ad9066204976e400254166a27c6596742b583bfee737c645bf done
#19 naming to docker.io/library/defboot_design_change_n403030_wtmclu_scenario1_426_430-client1 0.0s done
#19 DONE 0.0s

#20 [client3] exporting to image
#20 exporting layers done
#20 writing image sha256:f5baad9373ed40570ab95723696c56c480dccb3016155cf7735716b6ace00dec done
#20 naming to docker.io/library/defboot_design_change_n403030_wtmclu_scenario1_426_430-client3 0.0s done
#20 DONE 0.0s

#21 [client2] exporting to image
#21 exporting layers done
#21 writing image sha256:146a8e4b32899e0f982730b96fa5802693a5d6f6e5b2f423025ab4042facdb57 done
#21 naming to docker.io/library/defboot_design_change_n403030_wtmclu_scenario1_426_430-client2 0.0s done
#21 DONE 0.1s

#22 [client3] resolving provenance for metadata file
#22 DONE 0.0s

#23 [client1] resolving provenance for metadata file
#23 DONE 0.0s

#24 [client2] resolving provenance for metadata file
#24 DONE 0.0s

#25 [server internal] load build definition from Dockerfile.app
#25 transferring dockerfile: 778B done
#25 DONE 0.0s

#4 [server internal] load metadata for docker.io/fedpoppk/base:0.1.0
#4 DONE 0.0s

#26 [server internal] load .dockerignore
#26 transferring context: 2B done
#26 DONE 0.0s

#7 [server 1/8] FROM docker.io/fedpoppk/base:0.1.0
#7 DONE 0.0s

#27 [server internal] load build context
#27 transferring context: 736.51kB 0.3s done
#27 DONE 0.3s

#28 [server 3/8] COPY renv.lock .Rprofile renv/activate.R ./
#28 CACHED

#29 [server 6/8] COPY R/ R/
#29 CACHED

#30 [server 5/8] COPY apps/ apps/
#30 CACHED

#31 [server 4/8] RUN Rscript -e "options(renv.consent=TRUE, Ncpus=parallel::detectCores());                 renv::restore(prompt=FALSE)"
#31 CACHED

#12 [server 2/8] WORKDIR /project
#12 CACHED

#32 [server 7/8] COPY analysis/ analysis/
#32 CACHED

#33 [server 8/8] RUN mkdir -p /project/configs/modes /project/data /project/artifacts /project/result
#33 CACHED

#34 [server] exporting to image
#34 exporting layers done
#34 writing image sha256:01663d7fecbcafe0f75870beae9374641a1a98cffd0cf8e017f73019390c4032 done
#34 naming to docker.io/library/defboot_design_change_n403030_wtmclu_scenario1_426_430-server 0.0s done
#34 DONE 0.0s

#35 [server] resolving provenance for metadata file
#35 DONE 0.0s
 client1  Built
 client2  Built
 client3  Built
 server  Built
 Network defboot_design_change_n403030_wtmclu_scenario1_426_430_site3_net  Creating
 Network defboot_design_change_n403030_wtmclu_scenario1_426_430_site3_net  Created
 Network defboot_design_change_n403030_wtmclu_scenario1_426_430_site1_net  Creating
 Network defboot_design_change_n403030_wtmclu_scenario1_426_430_site1_net  Created
 Network defboot_design_change_n403030_wtmclu_scenario1_426_430_site2_net  Creating
 Network defboot_design_change_n403030_wtmclu_scenario1_426_430_site2_net  Created
 Container defboot_design_change_n403030_wtmclu_scenario1_426_430-client2-1  Creating
 Container defboot_design_change_n403030_wtmclu_scenario1_426_430-client3-1  Creating
 Container defboot_design_change_n403030_wtmclu_scenario1_426_430-client1-1  Creating
 Container defboot_design_change_n403030_wtmclu_scenario1_426_430-client1-1  Created
 Container defboot_design_change_n403030_wtmclu_scenario1_426_430-client3-1  Created
 Container defboot_design_change_n403030_wtmclu_scenario1_426_430-client2-1  Created
 Container defboot_design_change_n403030_wtmclu_scenario1_426_430-server-1  Creating
 Container defboot_design_change_n403030_wtmclu_scenario1_426_430-server-1  Created
Attaching to client1-1, client2-1, client3-1, server-1
client3-1  | Running plumber API at http://0.0.0.0:8000
client1-1  | Running plumber API at http://0.0.0.0:8000
client3-1  | Running swagger Docs at http://127.0.0.1:8000/__docs__/
client1-1  | Running swagger Docs at http://127.0.0.1:8000/__docs__/
client2-1  | Running plumber API at http://0.0.0.0:8000
client2-1  | Running swagger Docs at http://127.0.0.1:8000/__docs__/
client1-1  | ℹ parameter labels from comments are typically ignored in non-interactive mode
client1-1  | ℹ Need to run with the source intact to parse comments
client3-1  | ℹ parameter labels from comments are typically ignored in non-interactive mode
client2-1  | ℹ parameter labels from comments are typically ignored in non-interactive mode
client3-1  | ℹ Need to run with the source intact to parse comments
client2-1  | ℹ Need to run with the source intact to parse comments
server-1   | [send_init] http://client3:8000 init succeeded
server-1   | [send_init] http://client1:8000 init succeeded
server-1   | [send_init] http://client2:8000 init succeeded
server-1   | {"schema":{"schema_version":"1.1.0","generated_at":"2026-05-22T12:55:27Z","config_path":"/project/configs/../temp/deferiprone_single_oral_25mgkg_designcheck_20260511/validation/design_change_n403030_wtmclustT10_nomix_site403030_nondesignquota_precisionchol_basefitbootinit_preboot_20260521/configs/resolved/scenario1_bootstrap.json","config_md5":"9d7556058a6c3cb18af9ad7ffdd7076b","seed":4869,"host":"8fe23bc825a7","pid":1,"image_tag":null,"git_sha":null,"git_dirty":null},"aggregation":{"ci_method":"percentile","ci_level":0.95,"quantile_type":7,"estimates_scale":"natural"},"summary":[{"parameter":"(etaLcl,etaLvc)","median":0.062532513658,"p2.5":0.042544433982,"p97.5":0.069331195123},{"parameter":"CcPropSd","median":0.34619153553,"p2.5":0.33436622771,"p97.5":0.35447354388},{"parameter":"etaLcl","median":0.10411048738,"p2.5":0.085738046567,"p97.5":0.11404667163},{"parameter":"etaLvc","median":0.041328827954,"p2.5":0.021987128253,"p97.5":0.046276192854},{"parameter":"lcl","median":2.1829504338,"p2.5":2.1477608611,"p97.5":2.2034238546},{"parameter":"lka","median":2.0694954286,"p2.5":2.0157874359,"p97.5":2.2129642892},{"parameter":"lvc","median":2.9691326629,"p2.5":2.9498477688,"p97.5":2.9819341935},{"parameter":"rho_(etaLcl,etaLvc)","median":0.98141822748,"p2.5":0.96581435529,"p97.5":0.98334387273}],"runs":[{"tag":"trial_426_20260522-125527","value":2176.6988,"counts":[23,23],"control":{"maxit":100,"factr":1000000000,"pgtol":0,"trace":0,"method":"L-BFGS-B"},"convergence":0,"message":"CONVERGENCE: REL_REDUCTION_OF_F <= FACTR*EPSMCH","nat_par":{"lka":2.0120514252,"lcl":2.2055197795,"lvc":2.9829184754,"CcPropSd":0.34619153553,"etaLcl":0.10882148826,"etaLvc":0.046404388896,"(etaLcl,etaLvc)":0.069881707865,"rho_(etaLcl,etaLvc)":0.98339195462},"failed_clients":[],"attempt":1,"files":{"result":"/project/temp/deferiprone_single_oral_25mgkg_designcheck_20260511/validation/design_change_n403030_wtmclustT10_nomix_site403030_nondesignquota_precisionchol_basefitbootinit_preboot_20260521/runs/scenario1/bootstrap/federated/scenario1/raw_runs/run_20260522-125527/optim_result_trial_426_20260522-125527.json","trace":"/project/temp/deferiprone_single_oral_25mgkg_designcheck_20260511/validation/design_change_n403030_wtmclustT10_nomix_site403030_nondesignquota_precisionchol_basefitbootinit_preboot_20260521/runs/scenario1/bootstrap/federated/scenario1/raw_runs/run_20260522-125527/optim_trace_trial_426_20260522-125527.csv","final":"/project/temp/deferiprone_single_oral_25mgkg_designcheck_20260511/validation/design_change_n403030_wtmclustT10_nomix_site403030_nondesignquota_precisionchol_basefitbootinit_preboot_20260521/runs/scenario1/bootstrap/federated/scenario1/raw_runs/run_20260522-125527/final_params_trial_426_20260522-125527.csv"},"log_n":23,"execution_state":"completed","trial":426,"attempts":1},{"tag":"trial_427_20260522-125822","value":2203.4281,"counts":[23,23],"control":{"maxit":100,"factr":1000000000,"pgtol":0,"trace":0,"method":"L-BFGS-B"},"convergence":0,"message":"CONVERGENCE: REL_REDUCTION_OF_F <= FACTR*EPSMCH","nat_par":{"lka":2.0694954286,"lcl":2.1601923165,"lvc":2.973075656,"CcPropSd":0.35506540156,"etaLcl":0.085297867287,"etaLvc":0.021434716941,"(etaLcl,etaLvc)":0.04126792211,"rho_(etaLcl,etaLvc)":0.96512738683},"failed_clients":[],"attempt":1,"files":{"result":"/project/temp/deferiprone_single_oral_25mgkg_designcheck_20260511/validation/design_change_n403030_wtmclustT10_nomix_site403030_nondesignquota_precisionchol_basefitbootinit_preboot_20260521/runs/scenario1/bootstrap/federated/scenario1/raw_runs/run_20260522-125527/optim_result_trial_427_20260522-125822.json","trace":"/project/temp/deferiprone_single_oral_25mgkg_designcheck_20260511/validation/design_change_n403030_wtmclustT10_nomix_site403030_nondesignquota_precisionchol_basefitbootinit_preboot_20260521/runs/scenario1/bootstrap/federated/scenario1/raw_runs/run_20260522-125527/optim_trace_trial_427_20260522-125822.csv","final":"/project/temp/deferiprone_single_oral_25mgkg_designcheck_20260511/validation/design_change_n403030_wtmclustT10_nomix_site403030_nondesignquota_precisionchol_basefitbootinit_preboot_20260521/runs/scenario1/bootstrap/federated/scenario1/raw_runs/run_20260522-125527/final_params_trial_427_20260522-125822.csv"},"log_n":23,"execution_state":"completed","trial":427,"attempts":1},{"tag":"trial_428_20260522-130116","value":2201.0073,"counts":[16,16],"control":{"maxit":100,"factr":1000000000,"pgtol":0,"trace":0,"method":"L-BFGS-B"},"convergence":0,"message":"CONVERGENCE: REL_REDUCTION_OF_F <= FACTR*EPSMCH","nat_par":{"lka":2.1914133237,"lcl":2.1845605306,"lvc":2.9634593657,"CcPropSd":0.33372642985,"etaLcl":0.11462724756,"etaLvc":0.026958830058,"(etaLcl,etaLvc)":0.054033040823,"rho_(etaLcl,etaLvc)":0.97199707146},"failed_clients":[],"attempt":1,"files":{"result":"/project/temp/deferiprone_single_oral_25mgkg_designcheck_20260511/validation/design_change_n403030_wtmclustT10_nomix_site403030_nondesignquota_precisionchol_basefitbootinit_preboot_20260521/runs/scenario1/bootstrap/federated/scenario1/raw_runs/run_20260522-125527/optim_result_trial_428_20260522-130116.json","trace":"/project/temp/deferiprone_single_oral_25mgkg_designcheck_20260511/validation/design_change_n403030_wtmclustT10_nomix_site403030_nondesignquota_precisionchol_basefitbootinit_preboot_20260521/runs/scenario1/bootstrap/federated/scenario1/raw_runs/run_20260522-125527/optim_trace_trial_428_20260522-130116.csv","final":"/project/temp/deferiprone_single_oral_25mgkg_designcheck_20260511/validation/design_change_n403030_wtmclustT10_nomix_site403030_nondesignquota_precisionchol_basefitbootinit_preboot_20260521/runs/scenario1/bootstrap/federated/scenario1/raw_runs/run_20260522-125527/final_params_trial_428_20260522-130116.csv"},"log_n":16,"execution_state":"completed","trial":428,"attempts":1},{"tag":"trial_429_20260522-130318","value":2218.5722,"counts":[21,21],"control":{"maxit":100,"factr":1000000000,"pgtol":0,"trace":0,"method":"L-BFGS-B"},"convergence":0,"message":"CONVERGENCE: REL_REDUCTION_OF_F <= FACTR*EPSMCH","nat_par":{"lka":2.2153588409,"lcl":2.1463795883,"lvc":2.9691326629,"CcPropSd":0.34914682476,"etaLcl":0.089699660088,"etaLvc":0.045122428478,"(etaLcl,etaLvc)":0.062532513658,"rho_(etaLcl,etaLvc)":0.98291113574},"failed_clients":[],"attempt":1,"files":{"result":"/project/temp/deferiprone_single_oral_25mgkg_designcheck_20260511/validation/design_change_n403030_wtmclustT10_nomix_site403030_nondesignquota_precisionchol_basefitbootinit_preboot_20260521/runs/scenario1/bootstrap/federated/scenario1/raw_runs/run_20260522-125527/optim_result_trial_429_20260522-130318.json","trace":"/project/temp/deferiprone_single_oral_25mgkg_designcheck_20260511/validation/design_change_n403030_wtmclustT10_nomix_site403030_nondesignquota_precisionchol_basefitbootinit_preboot_20260521/runs/scenario1/bootstrap/federated/scenario1/raw_runs/run_20260522-125527/optim_trace_trial_429_20260522-130318.csv","final":"/project/temp/deferiprone_single_oral_25mgkg_designcheck_20260511/validation/design_change_n403030_wtmclustT10_nomix_site403030_nondesignquota_precisionchol_basefitbootinit_preboot_20260521/runs/scenario1/bootstrap/federated/scenario1/raw_runs/run_20260522-125527/final_params_trial_429_20260522-130318.csv"},"log_n":21,"execution_state":"completed","trial":429,"attempts":1},{"tag":"trial_430_20260522-130558","value":2172.4268,"counts":[19,19],"control":{"maxit":100,"factr":1000000000,"pgtol":0,"trace":0,"method":"L-BFGS-B"},"convergence":0,"message":"CONVERGENCE: REL_REDUCTION_OF_F <= FACTR*EPSMCH","nat_par":{"lka":2.0494115322,"lcl":2.1829504338,"lvc":2.9483353692,"CcPropSd":0.34012440847,"etaLcl":0.10411048738,"etaLvc":0.041328827954,"(etaLcl,etaLvc)":0.064376580448,"rho_(etaLcl,etaLvc)":0.98141822748},"failed_clients":[],"attempt":1,"files":{"result":"/project/temp/deferiprone_single_oral_25mgkg_designcheck_20260511/validation/design_change_n403030_wtmclustT10_nomix_site403030_nondesignquota_precisionchol_basefitbootinit_preboot_20260521/runs/scenario1/bootstrap/federated/scenario1/raw_runs/run_20260522-125527/optim_result_trial_430_20260522-130558.json","trace":"/project/temp/deferiprone_single_oral_25mgkg_designcheck_20260511/validation/design_change_n403030_wtmclustT10_nomix_site403030_nondesignquota_precisionchol_basefitbootinit_preboot_20260521/runs/scenario1/bootstrap/federated/scenario1/raw_runs/run_20260522-125527/optim_trace_trial_430_20260522-130558.csv","final":"/project/temp/deferiprone_single_oral_25mgkg_designcheck_20260511/validation/design_change_n403030_wtmclustT10_nomix_site403030_nondesignquota_precisionchol_basefitbootinit_preboot_20260521/runs/scenario1/bootstrap/federated/scenario1/raw_runs/run_20260522-125527/final_params_trial_430_20260522-130558.csv"},"log_n":19,"execution_state":"completed","trial":430,"attempts":1}],"trial_status":[{"trial":426,"execution_state":"completed","converged":true,"attempts":1,"convergence":0,"value":2176.6988,"eval_fn":23,"eval_gr":23,"log_n":23,"failed_clients_n":0,"message":"CONVERGENCE: REL_REDUCTION_OF_F <= FACTR*EPSMCH","result_file":"/project/temp/deferiprone_single_oral_25mgkg_designcheck_20260511/validation/design_change_n403030_wtmclustT10_nomix_site403030_nondesignquota_precisionchol_basefitbootinit_preboot_20260521/runs/scenario1/bootstrap/federated/scenario1/raw_runs/run_20260522-125527/optim_result_trial_426_20260522-125527.json","trace_file":"/project/temp/deferiprone_single_oral_25mgkg_designcheck_20260511/validation/design_change_n403030_wtmclustT10_nomix_site403030_nondesignquota_precisionchol_basefitbootinit_preboot_20260521/runs/scenario1/bootstrap/federated/scenario1/raw_runs/run_20260522-125527/optim_trace_trial_426_20260522-125527.csv","final_file":"/project/temp/deferiprone_single_oral_25mgkg_designcheck_20260511/validation/design_change_n403030_wtmclustT10_nomix_site403030_nondesignquota_precisionchol_basefitbootinit_preboot_20260521/runs/scenario1/bootstrap/federated/scenario1/raw_runs/run_20260522-125527/final_params_trial_426_20260522-125527.csv"},{"trial":427,"execution_state":"completed","converged":true,"attempts":1,"convergence":0,"value":2203.4281,"eval_fn":23,"eval_gr":23,"log_n":23,"failed_clients_n":0,"message":"CONVERGENCE: REL_REDUCTION_OF_F <= FACTR*EPSMCH","result_file":"/project/temp/deferiprone_single_oral_25mgkg_designcheck_20260511/validation/design_change_n403030_wtmclustT10_nomix_site403030_nondesignquota_precisionchol_basefitbootinit_preboot_20260521/runs/scenario1/bootstrap/federated/scenario1/raw_runs/run_20260522-125527/optim_result_trial_427_20260522-125822.json","trace_file":"/project/temp/deferiprone_single_oral_25mgkg_designcheck_20260511/validation/design_change_n403030_wtmclustT10_nomix_site403030_nondesignquota_precisionchol_basefitbootinit_preboot_20260521/runs/scenario1/bootstrap/federated/scenario1/raw_runs/run_20260522-125527/optim_trace_trial_427_20260522-125822.csv","final_file":"/project/temp/deferiprone_single_oral_25mgkg_designcheck_20260511/validation/design_change_n403030_wtmclustT10_nomix_site403030_nondesignquota_precisionchol_basefitbootinit_preboot_20260521/runs/scenario1/bootstrap/federated/scenario1/raw_runs/run_20260522-125527/final_params_trial_427_20260522-125822.csv"},{"trial":428,"execution_state":"completed","converged":true,"attempts":1,"convergence":0,"value":2201.0073,"eval_fn":16,"eval_gr":16,"log_n":16,"failed_clients_n":0,"message":"CONVERGENCE: REL_REDUCTION_OF_F <= FACTR*EPSMCH","result_file":"/project/temp/deferiprone_single_oral_25mgkg_designcheck_20260511/validation/design_change_n403030_wtmclustT10_nomix_site403030_nondesignquota_precisionchol_basefitbootinit_preboot_20260521/runs/scenario1/bootstrap/federated/scenario1/raw_runs/run_20260522-125527/optim_result_trial_428_20260522-130116.json","trace_file":"/project/temp/deferiprone_single_oral_25mgkg_designcheck_20260511/validation/design_change_n403030_wtmclustT10_nomix_site403030_nondesignquota_precisionchol_basefitbootinit_preboot_20260521/runs/scenario1/bootstrap/federated/scenario1/raw_runs/run_20260522-125527/optim_trace_trial_428_20260522-130116.csv","final_file":"/project/temp/deferiprone_single_oral_25mgkg_designcheck_20260511/validation/design_change_n403030_wtmclustT10_nomix_site403030_nondesignquota_precisionchol_basefitbootinit_preboot_20260521/runs/scenario1/bootstrap/federated/scenario1/raw_runs/run_20260522-125527/final_params_trial_428_20260522-130116.csv"},{"trial":429,"execution_state":"completed","converged":true,"attempts":1,"convergence":0,"value":2218.5722,"eval_fn":21,"eval_gr":21,"log_n":21,"failed_clients_n":0,"message":"CONVERGENCE: REL_REDUCTION_OF_F <= FACTR*EPSMCH","result_file":"/project/temp/deferiprone_single_oral_25mgkg_designcheck_20260511/validation/design_change_n403030_wtmclustT10_nomix_site403030_nondesignquota_precisionchol_basefitbootinit_preboot_20260521/runs/scenario1/bootstrap/federated/scenario1/raw_runs/run_20260522-125527/optim_result_trial_429_20260522-130318.json","trace_file":"/project/temp/deferiprone_single_oral_25mgkg_designcheck_20260511/validation/design_change_n403030_wtmclustT10_nomix_site403030_nondesignquota_precisionchol_basefitbootinit_preboot_20260521/runs/scenario1/bootstrap/federated/scenario1/raw_runs/run_20260522-125527/optim_trace_trial_429_20260522-130318.csv","final_file":"/project/temp/deferiprone_single_oral_25mgkg_designcheck_20260511/validation/design_change_n403030_wtmclustT10_nomix_site403030_nondesignquota_precisionchol_basefitbootinit_preboot_20260521/runs/scenario1/bootstrap/federated/scenario1/raw_runs/run_20260522-125527/final_params_trial_429_20260522-130318.csv"},{"trial":430,"execution_state":"completed","converged":true,"attempts":1,"convergence":0,"value":2172.4268,"eval_fn":19,"eval_gr":19,"log_n":19,"failed_clients_n":0,"message":"CONVERGENCE: REL_REDUCTION_OF_F <= FACTR*EPSMCH","result_file":"/project/temp/deferiprone_single_oral_25mgkg_designcheck_20260511/validation/design_change_n403030_wtmclustT10_nomix_site403030_nondesignquota_precisionchol_basefitbootinit_preboot_20260521/runs/scenario1/bootstrap/federated/scenario1/raw_runs/run_20260522-125527/optim_result_trial_430_20260522-130558.json","trace_file":"/project/temp/deferiprone_single_oral_25mgkg_designcheck_20260511/validation/design_change_n403030_wtmclustT10_nomix_site403030_nondesignquota_precisionchol_basefitbootinit_preboot_20260521/runs/scenario1/bootstrap/federated/scenario1/raw_runs/run_20260522-125527/optim_trace_trial_430_20260522-130558.csv","final_file":"/project/temp/deferiprone_single_oral_25mgkg_designcheck_20260511/validation/design_change_n403030_wtmclustT10_nomix_site403030_nondesignquota_precisionchol_basefitbootinit_preboot_20260521/runs/scenario1/bootstrap/federated/scenario1/raw_runs/run_20260522-125527/final_params_trial_430_20260522-130558.csv"}],"info":{"run_id":"20260522-125527","log_base_dir":"/project/temp/deferiprone_single_oral_25mgkg_designcheck_20260511/validation/design_change_n403030_wtmclustT10_nomix_site403030_nondesignquota_precisionchol_basefitbootinit_preboot_20260521/runs/scenario1/bootstrap/federated","scenario":"scenario1/raw_runs","total_trials":5,"successes":5,"failures":0,"nonconverged_count":0,"nonconverged_trials":[],"convergence_missing_count":0,"seed_base":4869,"B_per_client":500,"duration_sec":781.4435184002,"host":"8fe23bc825a7","image_tag":null,"communication":{"generated_at":"2026-05-22T13:08:23Z","totals":{"requests":615,"request_bytes":686397,"response_bytes":156020,"total_bytes":842417,"retries":0},"init":{"requests":3,"request_bytes":8139,"response_bytes":1161,"total_bytes":9300,"retries":0,"median_elapsed_sec":0.36357283592},"init_round_latency":{"n_rounds":1,"median_round_wall_sec":0.3657989502,"p95_round_wall_sec":0.3657989502},"run":{"requests":0,"request_bytes":0,"response_bytes":0,"total_bytes":0,"retries":0,"median_elapsed_sec":"NA"},"run_bootstrap":{"requests":612,"request_bytes":678258,"response_bytes":154859,"total_bytes":833117,"retries":0,"median_elapsed_sec":3.6354513168},"round_latency":{"n_rounds":204,"median_round_wall_sec":3.7628272772,"p95_round_wall_sec":4.0473482847},"timing_split":{"n_rounds":204,"rounds_with_compute":204,"total_round_wall_sec":771.2231090069,"total_round_compute_wall_sec":764.5083,"total_round_comm_overhead_wall_sec":6.7148090069,"comm_overhead_ratio":0.0087067009902,"compute_ratio":0.99129329901}},"communication_files":{"csv":"/project/temp/deferiprone_single_oral_25mgkg_designcheck_20260511/validation/design_change_n403030_wtmclustT10_nomix_site403030_nondesignquota_precisionchol_basefitbootinit_preboot_20260521/runs/scenario1/bootstrap/federated/scenario1/raw_runs/run_20260522-125527/comm_metrics.csv","json":"/project/temp/deferiprone_single_oral_25mgkg_designcheck_20260511/validation/design_change_n403030_wtmclustT10_nomix_site403030_nondesignquota_precisionchol_basefitbootinit_preboot_20260521/runs/scenario1/bootstrap/federated/scenario1/raw_runs/run_20260522-125527/comm_metrics.json"},"output_files":{"bootstrap_summary_csv":"/project/temp/deferiprone_single_oral_25mgkg_designcheck_20260511/validation/design_change_n403030_wtmclustT10_nomix_site403030_nondesignquota_precisionchol_basefitbootinit_preboot_20260521/runs/scenario1/bootstrap/federated/scenario1/raw_runs/run_20260522-125527/bootstrap_summary.csv","bootstrap_summary_json":"/project/temp/deferiprone_single_oral_25mgkg_designcheck_20260511/validation/design_change_n403030_wtmclustT10_nomix_site403030_nondesignquota_precisionchol_basefitbootinit_preboot_20260521/runs/scenario1/bootstrap/federated/scenario1/raw_runs/run_20260522-125527/bootstrap_summary.json","trial_status_csv":"/project/temp/deferiprone_single_oral_25mgkg_designcheck_20260511/validation/design_change_n403030_wtmclustT10_nomix_site403030_nondesignquota_precisionchol_basefitbootinit_preboot_20260521/runs/scenario1/bootstrap/federated/scenario1/raw_runs/run_20260522-125527/trial_status.csv","failed_trials_csv":"/project/temp/deferiprone_single_oral_25mgkg_designcheck_20260511/validation/design_change_n403030_wtmclustT10_nomix_site403030_nondesignquota_precisionchol_basefitbootinit_preboot_20260521/runs/scenario1/bootstrap/federated/scenario1/raw_runs/run_20260522-125527/failed_trials.csv","trial_estimates_wide_csv":"/project/temp/deferiprone_single_oral_25mgkg_designcheck_20260511/validation/design_change_n403030_wtmclustT10_nomix_site403030_nondesignquota_precisionchol_basefitbootinit_preboot_20260521/runs/scenario1/bootstrap/federated/scenario1/raw_runs/run_20260522-125527/trial_estimates_wide.csv","trial_estimates_long_csv":"/project/temp/deferiprone_single_oral_25mgkg_designcheck_20260511/validation/design_change_n403030_wtmclustT10_nomix_site403030_nondesignquota_precisionchol_basefitbootinit_preboot_20260521/runs/scenario1/bootstrap/federated/scenario1/raw_runs/run_20260522-125527/trial_estimates_long.csv","result_json":"/project/temp/deferiprone_single_oral_25mgkg_designcheck_20260511/validation/design_change_n403030_wtmclustT10_nomix_site403030_nondesignquota_precisionchol_basefitbootinit_preboot_20260521/runs/scenario1/bootstrap/federated/scenario1/raw_runs/run_20260522-125527/result.json"}}}
[Kserver-1 exited with code 0
Aborting on container exit...
 Container defboot_design_change_n403030_wtmclu_scenario1_426_430-server-1  Stopping
 Container defboot_design_change_n403030_wtmclu_scenario1_426_430-server-1  Stopped
 Container defboot_design_change_n403030_wtmclu_scenario1_426_430-client3-1  Stopping
 Container defboot_design_change_n403030_wtmclu_scenario1_426_430-client2-1  Stopping
 Container defboot_design_change_n403030_wtmclu_scenario1_426_430-client1-1  Stopping
 Container defboot_design_change_n403030_wtmclu_scenario1_426_430-client1-1  Stopped
 Container defboot_design_change_n403030_wtmclu_scenario1_426_430-client2-1  Stopped
 Container defboot_design_change_n403030_wtmclu_scenario1_426_430-client3-1  Stopped
time="2026-05-22T22:08:33+09:00" level=warning msg="The \"SERVER_CONFIG_PATH\" variable is not set. Defaulting to a blank string."
 Container defboot_design_change_n403030_wtmclu_scenario1_426_430-server-1  Stopping
 Container defboot_design_change_n403030_wtmclu_scenario1_426_430-server-1  Stopped
 Container defboot_design_change_n403030_wtmclu_scenario1_426_430-server-1  Removing
 Container defboot_design_change_n403030_wtmclu_scenario1_426_430-server-1  Removed
 Container defboot_design_change_n403030_wtmclu_scenario1_426_430-client2-1  Stopping
 Container defboot_design_change_n403030_wtmclu_scenario1_426_430-client3-1  Stopping
 Container defboot_design_change_n403030_wtmclu_scenario1_426_430-client1-1  Stopping
 Container defboot_design_change_n403030_wtmclu_scenario1_426_430-client2-1  Stopped
 Container defboot_design_change_n403030_wtmclu_scenario1_426_430-client2-1  Removing
 Container defboot_design_change_n403030_wtmclu_scenario1_426_430-client3-1  Stopped
 Container defboot_design_change_n403030_wtmclu_scenario1_426_430-client3-1  Removing
 Container defboot_design_change_n403030_wtmclu_scenario1_426_430-client1-1  Stopped
 Container defboot_design_change_n403030_wtmclu_scenario1_426_430-client1-1  Removing
 Container defboot_design_change_n403030_wtmclu_scenario1_426_430-client2-1  Removed
 Container defboot_design_change_n403030_wtmclu_scenario1_426_430-client1-1  Removed
 Container defboot_design_change_n403030_wtmclu_scenario1_426_430-client3-1  Removed
 Network defboot_design_change_n403030_wtmclu_scenario1_426_430_site3_net  Removing
 Network defboot_design_change_n403030_wtmclu_scenario1_426_430_site1_net  Removing
 Network defboot_design_change_n403030_wtmclu_scenario1_426_430_site2_net  Removing
 Network defboot_design_change_n403030_wtmclu_scenario1_426_430_site3_net  Removed
 Network defboot_design_change_n403030_wtmclu_scenario1_426_430_site1_net  Removed
 Network defboot_design_change_n403030_wtmclu_scenario1_426_430_site2_net  Removed
