time="2026-05-22T07:18:47+09:00" level=warning msg="The \"SERVER_CONFIG_PATH\" variable is not set. Defaulting to a blank string."
Compose now can delegate build to bake for better performances
Just set COMPOSE_BAKE=true
#0 building with "default" instance using docker driver

#1 [client3 internal] load build definition from Dockerfile.app
#1 transferring dockerfile: 778B done
#1 DONE 0.0s

#2 [client2 internal] load build definition from Dockerfile.app
#2 transferring dockerfile: 778B done
#2 DONE 0.0s

#3 [client1 internal] load build definition from Dockerfile.app
#3 transferring dockerfile: 778B done
#3 DONE 0.0s

#4 [client1 internal] load metadata for docker.io/fedpoppk/base:0.1.0
#4 DONE 0.0s

#5 [client3 internal] load .dockerignore
#5 transferring context: 2B done
#5 DONE 0.0s

#6 [client2 internal] load .dockerignore
#6 transferring context: 2B done
#6 DONE 0.0s

#7 [client1 internal] load .dockerignore
#7 transferring context: 2B done
#7 DONE 0.0s

#8 [client1 1/8] FROM docker.io/fedpoppk/base:0.1.0
#8 DONE 0.0s

#9 [client3 internal] load build context
#9 transferring context: 736.51kB 0.3s done
#9 DONE 0.3s

#10 [client2 internal] load build context
#10 transferring context: 736.51kB 0.3s done
#10 DONE 0.3s

#11 [client1 internal] load build context
#11 transferring context: 736.51kB 0.3s done
#11 DONE 0.3s

#12 [client3 4/8] RUN Rscript -e "options(renv.consent=TRUE, Ncpus=parallel::detectCores());                 renv::restore(prompt=FALSE)"
#12 CACHED

#13 [client3 2/8] WORKDIR /project
#13 CACHED

#14 [client3 3/8] COPY renv.lock .Rprofile renv/activate.R ./
#14 CACHED

#15 [client3 7/8] COPY analysis/ analysis/
#15 CACHED

#16 [client3 5/8] COPY apps/ apps/
#16 CACHED

#17 [client3 6/8] COPY R/ R/
#17 CACHED

#18 [client1 8/8] RUN mkdir -p /project/configs/modes /project/data /project/artifacts /project/result
#18 CACHED

#19 [client3] exporting to image
#19 exporting layers done
#19 writing image sha256:545a05466ae28be1ec5c31fd3f53109567ccedcc15ee1687e5372b93f9a259ba done
#19 naming to docker.io/library/defboot_design_change_n403030_wtmclu_scenario1_141_145-client3 0.0s done
#19 DONE 0.0s

#20 [client2] exporting to image
#20 exporting layers done
#20 writing image sha256:e16cd68dee2e9107a2ff90a8b9a436b59a9db30a7ca8eecd8d506f304e78da46 done
#20 naming to docker.io/library/defboot_design_change_n403030_wtmclu_scenario1_141_145-client2 0.0s done
#20 DONE 0.1s

#21 [client1] exporting to image
#21 exporting layers done
#21 writing image sha256:9f6121eb974f8931b3b5bd15f83e4854dd04b34ac07fddbf2ca39f1508ce618a done
#21 naming to docker.io/library/defboot_design_change_n403030_wtmclu_scenario1_141_145-client1
#21 naming to docker.io/library/defboot_design_change_n403030_wtmclu_scenario1_141_145-client1 0.1s done
#21 DONE 0.1s

#22 [client2] resolving provenance for metadata file
#22 DONE 0.0s

#23 [client3] resolving provenance for metadata file
#23 DONE 0.0s

#24 [client1] resolving provenance for metadata file
#24 DONE 0.0s

#25 [server internal] load build definition from Dockerfile.app
#25 transferring dockerfile: 778B done
#25 DONE 0.0s

#4 [server internal] load metadata for docker.io/fedpoppk/base:0.1.0
#4 DONE 0.0s

#26 [server internal] load .dockerignore
#26 transferring context: 2B done
#26 DONE 0.0s

#8 [server 1/8] FROM docker.io/fedpoppk/base:0.1.0
#8 DONE 0.0s

#27 [server internal] load build context
#27 transferring context: 736.51kB 0.3s done
#27 DONE 0.3s

#13 [server 2/8] WORKDIR /project
#13 CACHED

#28 [server 7/8] COPY analysis/ analysis/
#28 CACHED

#29 [server 3/8] COPY renv.lock .Rprofile renv/activate.R ./
#29 CACHED

#30 [server 6/8] COPY R/ R/
#30 CACHED

#31 [server 4/8] RUN Rscript -e "options(renv.consent=TRUE, Ncpus=parallel::detectCores());                 renv::restore(prompt=FALSE)"
#31 CACHED

#32 [server 5/8] COPY apps/ apps/
#32 CACHED

#33 [server 8/8] RUN mkdir -p /project/configs/modes /project/data /project/artifacts /project/result
#33 CACHED

#34 [server] exporting to image
#34 exporting layers done
#34 writing image sha256:68bf134be9e4df2e1b1020fcfa30458ee5020b7d8c5d55d1c575a3d6e2ac2e70 done
#34 naming to docker.io/library/defboot_design_change_n403030_wtmclu_scenario1_141_145-server 0.0s done
#34 DONE 0.0s

#35 [server] resolving provenance for metadata file
#35 DONE 0.0s
 client1  Built
 client2  Built
 client3  Built
 server  Built
 Network defboot_design_change_n403030_wtmclu_scenario1_141_145_site3_net  Creating
 Network defboot_design_change_n403030_wtmclu_scenario1_141_145_site3_net  Created
 Network defboot_design_change_n403030_wtmclu_scenario1_141_145_site1_net  Creating
 Network defboot_design_change_n403030_wtmclu_scenario1_141_145_site1_net  Created
 Network defboot_design_change_n403030_wtmclu_scenario1_141_145_site2_net  Creating
 Network defboot_design_change_n403030_wtmclu_scenario1_141_145_site2_net  Created
 Container defboot_design_change_n403030_wtmclu_scenario1_141_145-client1-1  Creating
 Container defboot_design_change_n403030_wtmclu_scenario1_141_145-client3-1  Creating
 Container defboot_design_change_n403030_wtmclu_scenario1_141_145-client2-1  Creating
 Container defboot_design_change_n403030_wtmclu_scenario1_141_145-client3-1  Created
 Container defboot_design_change_n403030_wtmclu_scenario1_141_145-client1-1  Created
 Container defboot_design_change_n403030_wtmclu_scenario1_141_145-client2-1  Created
 Container defboot_design_change_n403030_wtmclu_scenario1_141_145-server-1  Creating
 Container defboot_design_change_n403030_wtmclu_scenario1_141_145-server-1  Created
Attaching to client1-1, client2-1, client3-1, server-1
client1-1  | Running plumber API at http://0.0.0.0:8000
client1-1  | Running swagger Docs at http://127.0.0.1:8000/__docs__/
client3-1  | Running plumber API at http://0.0.0.0:8000
client3-1  | Running swagger Docs at http://127.0.0.1:8000/__docs__/
client2-1  | Running plumber API at http://0.0.0.0:8000
client2-1  | Running swagger Docs at http://127.0.0.1:8000/__docs__/
client2-1  | ℹ parameter labels from comments are typically ignored in non-interactive mode
client2-1  | ℹ Need to run with the source intact to parse comments
client1-1  | ℹ parameter labels from comments are typically ignored in non-interactive mode
client1-1  | ℹ Need to run with the source intact to parse comments
client3-1  | ℹ parameter labels from comments are typically ignored in non-interactive mode
client3-1  | ℹ Need to run with the source intact to parse comments
server-1   | [send_init] http://client2:8000 init succeeded
server-1   | [send_init] http://client1:8000 init succeeded
server-1   | [send_init] http://client3:8000 init succeeded
server-1   | {"schema":{"schema_version":"1.1.0","generated_at":"2026-05-21T22:18:56Z","config_path":"/project/configs/../temp/deferiprone_single_oral_25mgkg_designcheck_20260511/validation/design_change_n403030_wtmclustT10_nomix_site403030_nondesignquota_precisionchol_basefitbootinit_preboot_20260521/configs/resolved/scenario1_bootstrap.json","config_md5":"9d7556058a6c3cb18af9ad7ffdd7076b","seed":4869,"host":"e43e95cc7d4e","pid":1,"image_tag":null,"git_sha":null,"git_dirty":null},"aggregation":{"ci_method":"percentile","ci_level":0.95,"quantile_type":7,"estimates_scale":"natural"},"summary":[{"parameter":"(etaLcl,etaLvc)","median":0.054629236064,"p2.5":0.041504018951,"p97.5":0.067959140641},{"parameter":"CcPropSd","median":0.36880722238,"p2.5":0.33433119036,"p97.5":0.37978504556},{"parameter":"etaLcl","median":0.097806362904,"p2.5":0.081986645997,"p97.5":0.13071643191},{"parameter":"etaLvc","median":0.033157669053,"p2.5":0.019497648027,"p97.5":0.036910134017},{"parameter":"lcl","median":2.1604704809,"p2.5":2.1050214366,"p97.5":2.2133947076},{"parameter":"lka","median":2.221481171,"p2.5":2.1184392916,"p97.5":2.5202187104},{"parameter":"lvc","median":2.9476372917,"p2.5":2.8993074155,"p97.5":2.9844911547},{"parameter":"rho_(etaLcl,etaLvc)","median":0.97700054691,"p2.5":0.96162294699,"p97.5":0.97929422902}],"runs":[{"tag":"trial_141_20260521-221856","value":2240.424,"counts":[46,46],"control":{"maxit":100,"factr":1000000000,"pgtol":0,"trace":0,"method":"L-BFGS-B"},"convergence":0,"message":"CONVERGENCE: REL_REDUCTION_OF_F <= FACTR*EPSMCH","nat_par":{"lka":2.2274542166,"lcl":2.1394949757,"lvc":2.9476372917,"CcPropSd":0.35171965752,"etaLcl":0.094292391034,"etaLvc":0.033157669053,"(etaLcl,etaLvc)":0.054629236064,"rho_(etaLcl,etaLvc)":0.97700054691},"failed_clients":[],"attempt":1,"files":{"result":"/project/temp/deferiprone_single_oral_25mgkg_designcheck_20260511/validation/design_change_n403030_wtmclustT10_nomix_site403030_nondesignquota_precisionchol_basefitbootinit_preboot_20260521/runs/scenario1/bootstrap/federated/scenario1/raw_runs/run_20260521-221856/optim_result_trial_141_20260521-221856.json","trace":"/project/temp/deferiprone_single_oral_25mgkg_designcheck_20260511/validation/design_change_n403030_wtmclustT10_nomix_site403030_nondesignquota_precisionchol_basefitbootinit_preboot_20260521/runs/scenario1/bootstrap/federated/scenario1/raw_runs/run_20260521-221856/optim_trace_trial_141_20260521-221856.csv","final":"/project/temp/deferiprone_single_oral_25mgkg_designcheck_20260511/validation/design_change_n403030_wtmclustT10_nomix_site403030_nondesignquota_precisionchol_basefitbootinit_preboot_20260521/runs/scenario1/bootstrap/federated/scenario1/raw_runs/run_20260521-221856/final_params_trial_141_20260521-221856.csv"},"log_n":46,"execution_state":"completed","trial":141,"attempts":1},{"tag":"trial_142_20260521-222446","value":2220.0374,"counts":[22,22],"control":{"maxit":100,"factr":1000000000,"pgtol":0,"trace":0,"method":"L-BFGS-B"},"convergence":0,"message":"CONVERGENCE: REL_REDUCTION_OF_F <= FACTR*EPSMCH","nat_par":{"lka":2.1177585274,"lcl":2.2191904908,"lvc":2.976204031,"CcPropSd":0.38073641406,"etaLcl":0.098814230594,"etaLvc":0.036884173136,"(etaLcl,etaLvc)":0.05911824805,"rho_(etaLcl,etaLvc)":0.979245947},"failed_clients":[],"attempt":1,"files":{"result":"/project/temp/deferiprone_single_oral_25mgkg_designcheck_20260511/validation/design_change_n403030_wtmclustT10_nomix_site403030_nondesignquota_precisionchol_basefitbootinit_preboot_20260521/runs/scenario1/bootstrap/federated/scenario1/raw_runs/run_20260521-221856/optim_result_trial_142_20260521-222446.json","trace":"/project/temp/deferiprone_single_oral_25mgkg_designcheck_20260511/validation/design_change_n403030_wtmclustT10_nomix_site403030_nondesignquota_precisionchol_basefitbootinit_preboot_20260521/runs/scenario1/bootstrap/federated/scenario1/raw_runs/run_20260521-221856/optim_trace_trial_142_20260521-222446.csv","final":"/project/temp/deferiprone_single_oral_25mgkg_designcheck_20260511/validation/design_change_n403030_wtmclustT10_nomix_site403030_nondesignquota_precisionchol_basefitbootinit_preboot_20260521/runs/scenario1/bootstrap/federated/scenario1/raw_runs/run_20260521-221856/final_params_trial_142_20260521-222446.csv"},"log_n":22,"execution_state":"completed","trial":142,"attempts":1},{"tag":"trial_143_20260521-222733","value":2210.5538,"counts":[22,22],"control":{"maxit":100,"factr":1000000000,"pgtol":0,"trace":0,"method":"L-BFGS-B"},"convergence":0,"message":"CONVERGENCE: REL_REDUCTION_OF_F <= FACTR*EPSMCH","nat_par":{"lka":2.124566169,"lcl":2.1011910434,"lvc":2.8940778435,"CcPropSd":0.33239913845,"etaLcl":0.080619340993,"etaLvc":0.025505011327,"(etaLcl,etaLvc)":0.044004281647,"rho_(etaLcl,etaLvc)":0.9704262897},"failed_clients":[],"attempt":1,"files":{"result":"/project/temp/deferiprone_single_oral_25mgkg_designcheck_20260511/validation/design_change_n403030_wtmclustT10_nomix_site403030_nondesignquota_precisionchol_basefitbootinit_preboot_20260521/runs/scenario1/bootstrap/federated/scenario1/raw_runs/run_20260521-221856/optim_result_trial_143_20260521-222733.json","trace":"/project/temp/deferiprone_single_oral_25mgkg_designcheck_20260511/validation/design_change_n403030_wtmclustT10_nomix_site403030_nondesignquota_precisionchol_basefitbootinit_preboot_20260521/runs/scenario1/bootstrap/federated/scenario1/raw_runs/run_20260521-221856/optim_trace_trial_143_20260521-222733.csv","final":"/project/temp/deferiprone_single_oral_25mgkg_designcheck_20260511/validation/design_change_n403030_wtmclustT10_nomix_site403030_nondesignquota_precisionchol_basefitbootinit_preboot_20260521/runs/scenario1/bootstrap/federated/scenario1/raw_runs/run_20260521-221856/final_params_trial_143_20260521-222733.csv"},"log_n":22,"execution_state":"completed","trial":143,"attempts":1},{"tag":"trial_144_20260521-223021","value":2268.2307,"counts":[23,23],"control":{"maxit":100,"factr":1000000000,"pgtol":0,"trace":0,"method":"L-BFGS-B"},"convergence":0,"message":"CONVERGENCE: REL_REDUCTION_OF_F <= FACTR*EPSMCH","nat_par":{"lka":2.5527480986,"lcl":2.1604704809,"lvc":2.9854119463,"CcPropSd":0.36880722238,"etaLcl":0.13426112095,"etaLvc":0.03691301856,"(etaLcl,etaLvc)":0.06894146204,"rho_(etaLcl,etaLvc)":0.97929959369},"failed_clients":[],"attempt":1,"files":{"result":"/project/temp/deferiprone_single_oral_25mgkg_designcheck_20260511/validation/design_change_n403030_wtmclustT10_nomix_site403030_nondesignquota_precisionchol_basefitbootinit_preboot_20260521/runs/scenario1/bootstrap/federated/scenario1/raw_runs/run_20260521-221856/optim_result_trial_144_20260521-223021.json","trace":"/project/temp/deferiprone_single_oral_25mgkg_designcheck_20260511/validation/design_change_n403030_wtmclustT10_nomix_site403030_nondesignquota_precisionchol_basefitbootinit_preboot_20260521/runs/scenario1/bootstrap/federated/scenario1/raw_runs/run_20260521-221856/optim_trace_trial_144_20260521-223021.csv","final":"/project/temp/deferiprone_single_oral_25mgkg_designcheck_20260511/validation/design_change_n403030_wtmclustT10_nomix_site403030_nondesignquota_precisionchol_basefitbootinit_preboot_20260521/runs/scenario1/bootstrap/federated/scenario1/raw_runs/run_20260521-221856/final_params_trial_144_20260521-223021.csv"},"log_n":23,"execution_state":"completed","trial":144,"attempts":1},{"tag":"trial_145_20260521-223318","value":2227.2834,"counts":[25,25],"control":{"maxit":100,"factr":1000000000,"pgtol":0,"trace":0,"method":"L-BFGS-B"},"convergence":0,"message":"CONVERGENCE: REL_REDUCTION_OF_F <= FACTR*EPSMCH","nat_par":{"lka":2.221481171,"lcl":2.1612326591,"lvc":2.9463735629,"CcPropSd":0.37122272902,"etaLcl":0.097806362904,"etaLvc":0.018830163216,"(etaLcl,etaLvc)":0.041226211985,"rho_(etaLcl,etaLvc)":0.9606447978},"failed_clients":[],"attempt":1,"files":{"result":"/project/temp/deferiprone_single_oral_25mgkg_designcheck_20260511/validation/design_change_n403030_wtmclustT10_nomix_site403030_nondesignquota_precisionchol_basefitbootinit_preboot_20260521/runs/scenario1/bootstrap/federated/scenario1/raw_runs/run_20260521-221856/optim_result_trial_145_20260521-223318.json","trace":"/project/temp/deferiprone_single_oral_25mgkg_designcheck_20260511/validation/design_change_n403030_wtmclustT10_nomix_site403030_nondesignquota_precisionchol_basefitbootinit_preboot_20260521/runs/scenario1/bootstrap/federated/scenario1/raw_runs/run_20260521-221856/optim_trace_trial_145_20260521-223318.csv","final":"/project/temp/deferiprone_single_oral_25mgkg_designcheck_20260511/validation/design_change_n403030_wtmclustT10_nomix_site403030_nondesignquota_precisionchol_basefitbootinit_preboot_20260521/runs/scenario1/bootstrap/federated/scenario1/raw_runs/run_20260521-221856/final_params_trial_145_20260521-223318.csv"},"log_n":25,"execution_state":"completed","trial":145,"attempts":1}],"trial_status":[{"trial":141,"execution_state":"completed","converged":true,"attempts":1,"convergence":0,"value":2240.424,"eval_fn":46,"eval_gr":46,"log_n":46,"failed_clients_n":0,"message":"CONVERGENCE: REL_REDUCTION_OF_F <= FACTR*EPSMCH","result_file":"/project/temp/deferiprone_single_oral_25mgkg_designcheck_20260511/validation/design_change_n403030_wtmclustT10_nomix_site403030_nondesignquota_precisionchol_basefitbootinit_preboot_20260521/runs/scenario1/bootstrap/federated/scenario1/raw_runs/run_20260521-221856/optim_result_trial_141_20260521-221856.json","trace_file":"/project/temp/deferiprone_single_oral_25mgkg_designcheck_20260511/validation/design_change_n403030_wtmclustT10_nomix_site403030_nondesignquota_precisionchol_basefitbootinit_preboot_20260521/runs/scenario1/bootstrap/federated/scenario1/raw_runs/run_20260521-221856/optim_trace_trial_141_20260521-221856.csv","final_file":"/project/temp/deferiprone_single_oral_25mgkg_designcheck_20260511/validation/design_change_n403030_wtmclustT10_nomix_site403030_nondesignquota_precisionchol_basefitbootinit_preboot_20260521/runs/scenario1/bootstrap/federated/scenario1/raw_runs/run_20260521-221856/final_params_trial_141_20260521-221856.csv"},{"trial":142,"execution_state":"completed","converged":true,"attempts":1,"convergence":0,"value":2220.0374,"eval_fn":22,"eval_gr":22,"log_n":22,"failed_clients_n":0,"message":"CONVERGENCE: REL_REDUCTION_OF_F <= FACTR*EPSMCH","result_file":"/project/temp/deferiprone_single_oral_25mgkg_designcheck_20260511/validation/design_change_n403030_wtmclustT10_nomix_site403030_nondesignquota_precisionchol_basefitbootinit_preboot_20260521/runs/scenario1/bootstrap/federated/scenario1/raw_runs/run_20260521-221856/optim_result_trial_142_20260521-222446.json","trace_file":"/project/temp/deferiprone_single_oral_25mgkg_designcheck_20260511/validation/design_change_n403030_wtmclustT10_nomix_site403030_nondesignquota_precisionchol_basefitbootinit_preboot_20260521/runs/scenario1/bootstrap/federated/scenario1/raw_runs/run_20260521-221856/optim_trace_trial_142_20260521-222446.csv","final_file":"/project/temp/deferiprone_single_oral_25mgkg_designcheck_20260511/validation/design_change_n403030_wtmclustT10_nomix_site403030_nondesignquota_precisionchol_basefitbootinit_preboot_20260521/runs/scenario1/bootstrap/federated/scenario1/raw_runs/run_20260521-221856/final_params_trial_142_20260521-222446.csv"},{"trial":143,"execution_state":"completed","converged":true,"attempts":1,"convergence":0,"value":2210.5538,"eval_fn":22,"eval_gr":22,"log_n":22,"failed_clients_n":0,"message":"CONVERGENCE: REL_REDUCTION_OF_F <= FACTR*EPSMCH","result_file":"/project/temp/deferiprone_single_oral_25mgkg_designcheck_20260511/validation/design_change_n403030_wtmclustT10_nomix_site403030_nondesignquota_precisionchol_basefitbootinit_preboot_20260521/runs/scenario1/bootstrap/federated/scenario1/raw_runs/run_20260521-221856/optim_result_trial_143_20260521-222733.json","trace_file":"/project/temp/deferiprone_single_oral_25mgkg_designcheck_20260511/validation/design_change_n403030_wtmclustT10_nomix_site403030_nondesignquota_precisionchol_basefitbootinit_preboot_20260521/runs/scenario1/bootstrap/federated/scenario1/raw_runs/run_20260521-221856/optim_trace_trial_143_20260521-222733.csv","final_file":"/project/temp/deferiprone_single_oral_25mgkg_designcheck_20260511/validation/design_change_n403030_wtmclustT10_nomix_site403030_nondesignquota_precisionchol_basefitbootinit_preboot_20260521/runs/scenario1/bootstrap/federated/scenario1/raw_runs/run_20260521-221856/final_params_trial_143_20260521-222733.csv"},{"trial":144,"execution_state":"completed","converged":true,"attempts":1,"convergence":0,"value":2268.2307,"eval_fn":23,"eval_gr":23,"log_n":23,"failed_clients_n":0,"message":"CONVERGENCE: REL_REDUCTION_OF_F <= FACTR*EPSMCH","result_file":"/project/temp/deferiprone_single_oral_25mgkg_designcheck_20260511/validation/design_change_n403030_wtmclustT10_nomix_site403030_nondesignquota_precisionchol_basefitbootinit_preboot_20260521/runs/scenario1/bootstrap/federated/scenario1/raw_runs/run_20260521-221856/optim_result_trial_144_20260521-223021.json","trace_file":"/project/temp/deferiprone_single_oral_25mgkg_designcheck_20260511/validation/design_change_n403030_wtmclustT10_nomix_site403030_nondesignquota_precisionchol_basefitbootinit_preboot_20260521/runs/scenario1/bootstrap/federated/scenario1/raw_runs/run_20260521-221856/optim_trace_trial_144_20260521-223021.csv","final_file":"/project/temp/deferiprone_single_oral_25mgkg_designcheck_20260511/validation/design_change_n403030_wtmclustT10_nomix_site403030_nondesignquota_precisionchol_basefitbootinit_preboot_20260521/runs/scenario1/bootstrap/federated/scenario1/raw_runs/run_20260521-221856/final_params_trial_144_20260521-223021.csv"},{"trial":145,"execution_state":"completed","converged":true,"attempts":1,"convergence":0,"value":2227.2834,"eval_fn":25,"eval_gr":25,"log_n":25,"failed_clients_n":0,"message":"CONVERGENCE: REL_REDUCTION_OF_F <= FACTR*EPSMCH","result_file":"/project/temp/deferiprone_single_oral_25mgkg_designcheck_20260511/validation/design_change_n403030_wtmclustT10_nomix_site403030_nondesignquota_precisionchol_basefitbootinit_preboot_20260521/runs/scenario1/bootstrap/federated/scenario1/raw_runs/run_20260521-221856/optim_result_trial_145_20260521-223318.json","trace_file":"/project/temp/deferiprone_single_oral_25mgkg_designcheck_20260511/validation/design_change_n403030_wtmclustT10_nomix_site403030_nondesignquota_precisionchol_basefitbootinit_preboot_20260521/runs/scenario1/bootstrap/federated/scenario1/raw_runs/run_20260521-221856/optim_trace_trial_145_20260521-223318.csv","final_file":"/project/temp/deferiprone_single_oral_25mgkg_designcheck_20260511/validation/design_change_n403030_wtmclustT10_nomix_site403030_nondesignquota_precisionchol_basefitbootinit_preboot_20260521/runs/scenario1/bootstrap/federated/scenario1/raw_runs/run_20260521-221856/final_params_trial_145_20260521-223318.csv"}],"info":{"run_id":"20260521-221856","log_base_dir":"/project/temp/deferiprone_single_oral_25mgkg_designcheck_20260511/validation/design_change_n403030_wtmclustT10_nomix_site403030_nondesignquota_precisionchol_basefitbootinit_preboot_20260521/runs/scenario1/bootstrap/federated","scenario":"scenario1/raw_runs","total_trials":5,"successes":5,"failures":0,"nonconverged_count":0,"nonconverged_trials":[],"convergence_missing_count":0,"seed_base":4869,"B_per_client":500,"duration_sec":1058.8695898056,"host":"e43e95cc7d4e","image_tag":null,"communication":{"generated_at":"2026-05-21T22:36:29Z","totals":{"requests":831,"request_bytes":926115,"response_bytes":210096,"total_bytes":1136211,"retries":0},"init":{"requests":3,"request_bytes":8139,"response_bytes":1161,"total_bytes":9300,"retries":0,"median_elapsed_sec":0.36745905876},"init_round_latency":{"n_rounds":1,"median_round_wall_sec":0.37330102921,"p95_round_wall_sec":0.37330102921},"run":{"requests":0,"request_bytes":0,"response_bytes":0,"total_bytes":0,"retries":0,"median_elapsed_sec":"NA"},"run_bootstrap":{"requests":828,"request_bytes":917976,"response_bytes":208935,"total_bytes":1126911,"retries":0,"median_elapsed_sec":3.6613298655},"round_latency":{"n_rounds":276,"median_round_wall_sec":3.775426507,"p95_round_wall_sec":4.0334313512},"timing_split":{"n_rounds":276,"rounds_with_compute":276,"total_round_wall_sec":1047.2071278095,"total_round_compute_wall_sec":1038.0821,"total_round_comm_overhead_wall_sec":9.1250278095,"comm_overhead_ratio":0.0087136800039,"compute_ratio":0.99128632}},"communication_files":{"csv":"/project/temp/deferiprone_single_oral_25mgkg_designcheck_20260511/validation/design_change_n403030_wtmclustT10_nomix_site403030_nondesignquota_precisionchol_basefitbootinit_preboot_20260521/runs/scenario1/bootstrap/federated/scenario1/raw_runs/run_20260521-221856/comm_metrics.csv","json":"/project/temp/deferiprone_single_oral_25mgkg_designcheck_20260511/validation/design_change_n403030_wtmclustT10_nomix_site403030_nondesignquota_precisionchol_basefitbootinit_preboot_20260521/runs/scenario1/bootstrap/federated/scenario1/raw_runs/run_20260521-221856/comm_metrics.json"},"output_files":{"bootstrap_summary_csv":"/project/temp/deferiprone_single_oral_25mgkg_designcheck_20260511/validation/design_change_n403030_wtmclustT10_nomix_site403030_nondesignquota_precisionchol_basefitbootinit_preboot_20260521/runs/scenario1/bootstrap/federated/scenario1/raw_runs/run_20260521-221856/bootstrap_summary.csv","bootstrap_summary_json":"/project/temp/deferiprone_single_oral_25mgkg_designcheck_20260511/validation/design_change_n403030_wtmclustT10_nomix_site403030_nondesignquota_precisionchol_basefitbootinit_preboot_20260521/runs/scenario1/bootstrap/federated/scenario1/raw_runs/run_20260521-221856/bootstrap_summary.json","trial_status_csv":"/project/temp/deferiprone_single_oral_25mgkg_designcheck_20260511/validation/design_change_n403030_wtmclustT10_nomix_site403030_nondesignquota_precisionchol_basefitbootinit_preboot_20260521/runs/scenario1/bootstrap/federated/scenario1/raw_runs/run_20260521-221856/trial_status.csv","failed_trials_csv":"/project/temp/deferiprone_single_oral_25mgkg_designcheck_20260511/validation/design_change_n403030_wtmclustT10_nomix_site403030_nondesignquota_precisionchol_basefitbootinit_preboot_20260521/runs/scenario1/bootstrap/federated/scenario1/raw_runs/run_20260521-221856/failed_trials.csv","trial_estimates_wide_csv":"/project/temp/deferiprone_single_oral_25mgkg_designcheck_20260511/validation/design_change_n403030_wtmclustT10_nomix_site403030_nondesignquota_precisionchol_basefitbootinit_preboot_20260521/runs/scenario1/bootstrap/federated/scenario1/raw_runs/run_20260521-221856/trial_estimates_wide.csv","trial_estimates_long_csv":"/project/temp/deferiprone_single_oral_25mgkg_designcheck_20260511/validation/design_change_n403030_wtmclustT10_nomix_site403030_nondesignquota_precisionchol_basefitbootinit_preboot_20260521/runs/scenario1/bootstrap/federated/scenario1/raw_runs/run_20260521-221856/trial_estimates_long.csv","result_json":"/project/temp/deferiprone_single_oral_25mgkg_designcheck_20260511/validation/design_change_n403030_wtmclustT10_nomix_site403030_nondesignquota_precisionchol_basefitbootinit_preboot_20260521/runs/scenario1/bootstrap/federated/scenario1/raw_runs/run_20260521-221856/result.json"}}}
[Kserver-1 exited with code 0
Aborting on container exit...
 Container defboot_design_change_n403030_wtmclu_scenario1_141_145-server-1  Stopping
 Container defboot_design_change_n403030_wtmclu_scenario1_141_145-server-1  Stopped
 Container defboot_design_change_n403030_wtmclu_scenario1_141_145-client1-1  Stopping
 Container defboot_design_change_n403030_wtmclu_scenario1_141_145-client3-1  Stopping
 Container defboot_design_change_n403030_wtmclu_scenario1_141_145-client2-1  Stopping
 Container defboot_design_change_n403030_wtmclu_scenario1_141_145-client1-1  Stopped
 Container defboot_design_change_n403030_wtmclu_scenario1_141_145-client2-1  Stopped
 Container defboot_design_change_n403030_wtmclu_scenario1_141_145-client3-1  Stopped
time="2026-05-22T07:36:40+09:00" level=warning msg="The \"SERVER_CONFIG_PATH\" variable is not set. Defaulting to a blank string."
 Container defboot_design_change_n403030_wtmclu_scenario1_141_145-server-1  Stopping
 Container defboot_design_change_n403030_wtmclu_scenario1_141_145-server-1  Stopped
 Container defboot_design_change_n403030_wtmclu_scenario1_141_145-server-1  Removing
 Container defboot_design_change_n403030_wtmclu_scenario1_141_145-server-1  Removed
 Container defboot_design_change_n403030_wtmclu_scenario1_141_145-client1-1  Stopping
 Container defboot_design_change_n403030_wtmclu_scenario1_141_145-client3-1  Stopping
 Container defboot_design_change_n403030_wtmclu_scenario1_141_145-client2-1  Stopping
 Container defboot_design_change_n403030_wtmclu_scenario1_141_145-client1-1  Stopped
 Container defboot_design_change_n403030_wtmclu_scenario1_141_145-client1-1  Removing
 Container defboot_design_change_n403030_wtmclu_scenario1_141_145-client3-1  Stopped
 Container defboot_design_change_n403030_wtmclu_scenario1_141_145-client3-1  Removing
 Container defboot_design_change_n403030_wtmclu_scenario1_141_145-client2-1  Stopped
 Container defboot_design_change_n403030_wtmclu_scenario1_141_145-client2-1  Removing
 Container defboot_design_change_n403030_wtmclu_scenario1_141_145-client1-1  Removed
 Container defboot_design_change_n403030_wtmclu_scenario1_141_145-client3-1  Removed
 Container defboot_design_change_n403030_wtmclu_scenario1_141_145-client2-1  Removed
 Network defboot_design_change_n403030_wtmclu_scenario1_141_145_site2_net  Removing
 Network defboot_design_change_n403030_wtmclu_scenario1_141_145_site1_net  Removing
 Network defboot_design_change_n403030_wtmclu_scenario1_141_145_site3_net  Removing
 Network defboot_design_change_n403030_wtmclu_scenario1_141_145_site1_net  Removed
 Network defboot_design_change_n403030_wtmclu_scenario1_141_145_site2_net  Removed
 Network defboot_design_change_n403030_wtmclu_scenario1_141_145_site3_net  Removed
