time="2026-05-22T20:34:11+09:00" level=warning msg="The \"SERVER_CONFIG_PATH\" variable is not set. Defaulting to a blank string."
Compose now can delegate build to bake for better performances
Just set COMPOSE_BAKE=true
#0 building with "default" instance using docker driver

#1 [client2 internal] load build definition from Dockerfile.app
#1 transferring dockerfile: 778B done
#1 DONE 0.0s

#2 [client1 internal] load build definition from Dockerfile.app
#2 transferring dockerfile: 778B done
#2 DONE 0.0s

#3 [client3 internal] load build definition from Dockerfile.app
#3 transferring dockerfile: 778B done
#3 DONE 0.0s

#4 [client3 internal] load metadata for docker.io/fedpoppk/base:0.1.0
#4 DONE 0.0s

#5 [client2 internal] load .dockerignore
#5 transferring context: 2B done
#5 DONE 0.0s

#6 [client1 internal] load .dockerignore
#6 transferring context: 2B done
#6 DONE 0.0s

#7 [client3 internal] load .dockerignore
#7 transferring context: 2B done
#7 DONE 0.0s

#8 [client3 1/8] FROM docker.io/fedpoppk/base:0.1.0
#8 DONE 0.0s

#9 [client2 internal] load build context
#9 transferring context: 736.51kB 0.3s done
#9 DONE 0.3s

#10 [client3 internal] load build context
#10 transferring context: 736.51kB 0.3s done
#10 DONE 0.3s

#11 [client1 internal] load build context
#11 transferring context: 736.51kB 0.3s done
#11 DONE 0.3s

#12 [client2 4/8] RUN Rscript -e "options(renv.consent=TRUE, Ncpus=parallel::detectCores());                 renv::restore(prompt=FALSE)"
#12 CACHED

#13 [client2 7/8] COPY analysis/ analysis/
#13 CACHED

#14 [client2 3/8] COPY renv.lock .Rprofile renv/activate.R ./
#14 CACHED

#15 [client2 2/8] WORKDIR /project
#15 CACHED

#16 [client2 6/8] COPY R/ R/
#16 CACHED

#17 [client2 5/8] COPY apps/ apps/
#17 CACHED

#18 [client1 8/8] RUN mkdir -p /project/configs/modes /project/data /project/artifacts /project/result
#18 CACHED

#19 [client1] exporting to image
#19 exporting layers done
#19 writing image sha256:3b140ff2804564dc7db1ef643ac4e759cc4054fe4cb5e336e837eb579d2b6143 done
#19 naming to docker.io/library/defboot_design_change_n403030_wtmclu_scenario1_401_405-client1 0.0s done
#19 DONE 0.0s

#20 [client3] exporting to image
#20 exporting layers done
#20 writing image sha256:fdf26c1fb7a142e060d48b76d016519fd2eaccc87a815b884e4859274bcf7ad2 done
#20 naming to docker.io/library/defboot_design_change_n403030_wtmclu_scenario1_401_405-client3 0.0s done
#20 DONE 0.0s

#21 [client2] exporting to image
#21 exporting layers done
#21 writing image sha256:95adc0679cc3d4c1e3a3d35586ac39ca78405d1bc2cc8d17aa6cbc6b168435e0 done
#21 naming to docker.io/library/defboot_design_change_n403030_wtmclu_scenario1_401_405-client2 0.0s done
#21 DONE 0.1s

#22 [client1] resolving provenance for metadata file
#22 DONE 0.0s

#23 [client2] resolving provenance for metadata file
#23 DONE 0.0s

#24 [client3] resolving provenance for metadata file
#24 DONE 0.0s

#25 [server internal] load build definition from Dockerfile.app
#25 transferring dockerfile: 778B done
#25 DONE 0.0s

#4 [server internal] load metadata for docker.io/fedpoppk/base:0.1.0
#4 DONE 0.0s

#26 [server internal] load .dockerignore
#26 transferring context: 2B done
#26 DONE 0.0s

#8 [server 1/8] FROM docker.io/fedpoppk/base:0.1.0
#8 DONE 0.0s

#27 [server internal] load build context
#27 transferring context: 736.51kB 0.3s done
#27 DONE 0.4s

#28 [server 4/8] RUN Rscript -e "options(renv.consent=TRUE, Ncpus=parallel::detectCores());                 renv::restore(prompt=FALSE)"
#28 CACHED

#29 [server 5/8] COPY apps/ apps/
#29 CACHED

#30 [server 6/8] COPY R/ R/
#30 CACHED

#31 [server 3/8] COPY renv.lock .Rprofile renv/activate.R ./
#31 CACHED

#32 [server 7/8] COPY analysis/ analysis/
#32 CACHED

#15 [server 2/8] WORKDIR /project
#15 CACHED

#33 [server 8/8] RUN mkdir -p /project/configs/modes /project/data /project/artifacts /project/result
#33 CACHED

#34 [server] exporting to image
#34 exporting layers done
#34 writing image sha256:4a227f939cf23f49bb86a7d478c5db72ecabf11a7df205803335c0c151370435 done
#34 naming to docker.io/library/defboot_design_change_n403030_wtmclu_scenario1_401_405-server 0.0s done
#34 DONE 0.0s

#35 [server] resolving provenance for metadata file
#35 DONE 0.0s
 client1  Built
 client2  Built
 client3  Built
 server  Built
 Network defboot_design_change_n403030_wtmclu_scenario1_401_405_site2_net  Creating
 Network defboot_design_change_n403030_wtmclu_scenario1_401_405_site2_net  Created
 Network defboot_design_change_n403030_wtmclu_scenario1_401_405_site3_net  Creating
 Network defboot_design_change_n403030_wtmclu_scenario1_401_405_site3_net  Created
 Network defboot_design_change_n403030_wtmclu_scenario1_401_405_site1_net  Creating
 Network defboot_design_change_n403030_wtmclu_scenario1_401_405_site1_net  Created
 Container defboot_design_change_n403030_wtmclu_scenario1_401_405-client3-1  Creating
 Container defboot_design_change_n403030_wtmclu_scenario1_401_405-client2-1  Creating
 Container defboot_design_change_n403030_wtmclu_scenario1_401_405-client1-1  Creating
 Container defboot_design_change_n403030_wtmclu_scenario1_401_405-client1-1  Created
 Container defboot_design_change_n403030_wtmclu_scenario1_401_405-client2-1  Created
 Container defboot_design_change_n403030_wtmclu_scenario1_401_405-client3-1  Created
 Container defboot_design_change_n403030_wtmclu_scenario1_401_405-server-1  Creating
 Container defboot_design_change_n403030_wtmclu_scenario1_401_405-server-1  Created
Attaching to client1-1, client2-1, client3-1, server-1
client2-1  | Running plumber API at http://0.0.0.0:8000
client2-1  | Running swagger Docs at http://127.0.0.1:8000/__docs__/
client1-1  | Running plumber API at http://0.0.0.0:8000
client1-1  | Running swagger Docs at http://127.0.0.1:8000/__docs__/
client3-1  | Running plumber API at http://0.0.0.0:8000
client3-1  | Running swagger Docs at http://127.0.0.1:8000/__docs__/
client1-1  | ℹ parameter labels from comments are typically ignored in non-interactive mode
client2-1  | ℹ parameter labels from comments are typically ignored in non-interactive mode
client1-1  | ℹ Need to run with the source intact to parse comments
client3-1  | ℹ parameter labels from comments are typically ignored in non-interactive mode
client2-1  | ℹ Need to run with the source intact to parse comments
client3-1  | ℹ Need to run with the source intact to parse comments
server-1   | [send_init] http://client2:8000 init succeeded
server-1   | [send_init] http://client3:8000 init succeeded
server-1   | [send_init] http://client1:8000 init succeeded
server-1   | {"schema":{"schema_version":"1.1.0","generated_at":"2026-05-22T11:34:20Z","config_path":"/project/configs/../temp/deferiprone_single_oral_25mgkg_designcheck_20260511/validation/design_change_n403030_wtmclustT10_nomix_site403030_nondesignquota_precisionchol_basefitbootinit_preboot_20260521/configs/resolved/scenario1_bootstrap.json","config_md5":"9d7556058a6c3cb18af9ad7ffdd7076b","seed":4869,"host":"0e50e6ec058a","pid":1,"image_tag":null,"git_sha":null,"git_dirty":null},"aggregation":{"ci_method":"percentile","ci_level":0.95,"quantile_type":7,"estimates_scale":"natural"},"summary":[{"parameter":"(etaLcl,etaLvc)","median":0.064832137916,"p2.5":0.049471381719,"p97.5":0.073476308166},{"parameter":"CcPropSd","median":0.32438944657,"p2.5":0.3036725581,"p97.5":0.37606498188},{"parameter":"etaLcl","median":0.10266955225,"p2.5":0.085942627303,"p97.5":0.1165526234},{"parameter":"etaLvc","median":0.043088674948,"p2.5":0.02993682486,"p97.5":0.047850611839},{"parameter":"lcl","median":2.146587159,"p2.5":2.0956989178,"p97.5":2.221317611},{"parameter":"lka","median":2.205657033,"p2.5":2.0945082927,"p97.5":2.3405255632},{"parameter":"lvc","median":2.9384605239,"p2.5":2.9347782194,"p97.5":2.9905037757},{"parameter":"rho_(etaLcl,etaLvc)","median":0.98214783062,"p2.5":0.9746209082,"p97.5":0.98387086357}],"runs":[{"tag":"trial_401_20260522-113420","value":2215.4416,"counts":[20,20],"control":{"maxit":100,"factr":1000000000,"pgtol":0,"trace":0,"method":"L-BFGS-B"},"convergence":0,"message":"CONVERGENCE: REL_REDUCTION_OF_F <= FACTR*EPSMCH","nat_par":{"lka":2.205657033,"lcl":2.226443657,"lvc":2.9929464239,"CcPropSd":0.37698035266,"etaLcl":0.10266955225,"etaLvc":0.031886901323,"(etaLcl,etaLvc)":0.055851675956,"rho_(etaLcl,etaLvc)":0.97613349798},"failed_clients":[],"attempt":1,"files":{"result":"/project/temp/deferiprone_single_oral_25mgkg_designcheck_20260511/validation/design_change_n403030_wtmclustT10_nomix_site403030_nondesignquota_precisionchol_basefitbootinit_preboot_20260521/runs/scenario1/bootstrap/federated/scenario1/raw_runs/run_20260522-113420/optim_result_trial_401_20260522-113420.json","trace":"/project/temp/deferiprone_single_oral_25mgkg_designcheck_20260511/validation/design_change_n403030_wtmclustT10_nomix_site403030_nondesignquota_precisionchol_basefitbootinit_preboot_20260521/runs/scenario1/bootstrap/federated/scenario1/raw_runs/run_20260522-113420/optim_trace_trial_401_20260522-113420.csv","final":"/project/temp/deferiprone_single_oral_25mgkg_designcheck_20260511/validation/design_change_n403030_wtmclustT10_nomix_site403030_nondesignquota_precisionchol_basefitbootinit_preboot_20260521/runs/scenario1/bootstrap/federated/scenario1/raw_runs/run_20260522-113420/final_params_trial_401_20260522-113420.csv"},"log_n":20,"execution_state":"completed","trial":401,"attempts":1},{"tag":"trial_402_20260522-113652","value":2209.2549,"counts":[20,20],"control":{"maxit":100,"factr":1000000000,"pgtol":0,"trace":0,"method":"L-BFGS-B"},"convergence":0,"message":"CONVERGENCE: REL_REDUCTION_OF_F <= FACTR*EPSMCH","nat_par":{"lka":2.1220535865,"lcl":2.1176366831,"lvc":2.9384605239,"CcPropSd":0.32438944657,"etaLcl":0.11746803379,"etaLvc":0.048270949124,"(etaLcl,etaLvc)":0.07409798326,"rho_(etaLcl,etaLvc)":0.98401930569},"failed_clients":[],"attempt":1,"files":{"result":"/project/temp/deferiprone_single_oral_25mgkg_designcheck_20260511/validation/design_change_n403030_wtmclustT10_nomix_site403030_nondesignquota_precisionchol_basefitbootinit_preboot_20260521/runs/scenario1/bootstrap/federated/scenario1/raw_runs/run_20260522-113420/optim_result_trial_402_20260522-113652.json","trace":"/project/temp/deferiprone_single_oral_25mgkg_designcheck_20260511/validation/design_change_n403030_wtmclustT10_nomix_site403030_nondesignquota_precisionchol_basefitbootinit_preboot_20260521/runs/scenario1/bootstrap/federated/scenario1/raw_runs/run_20260522-113420/optim_trace_trial_402_20260522-113652.csv","final":"/project/temp/deferiprone_single_oral_25mgkg_designcheck_20260511/validation/design_change_n403030_wtmclustT10_nomix_site403030_nondesignquota_precisionchol_basefitbootinit_preboot_20260521/runs/scenario1/bootstrap/federated/scenario1/raw_runs/run_20260522-113420/final_params_trial_402_20260522-113652.csv"},"log_n":20,"execution_state":"completed","trial":402,"attempts":1},{"tag":"trial_403_20260522-113923","value":2134.9907,"counts":[22,22],"control":{"maxit":100,"factr":1000000000,"pgtol":0,"trace":0,"method":"L-BFGS-B"},"convergence":0,"message":"CONVERGENCE: REL_REDUCTION_OF_F <= FACTR*EPSMCH","nat_par":{"lka":2.0914477045,"lcl":2.1751831972,"lvc":2.9382221647,"CcPropSd":0.3016668063,"etaLcl":0.1083139299,"etaLvc":0.044067576276,"(etaLcl,etaLvc)":0.067881232318,"rho_(etaLcl,etaLvc)":0.98253488449},"failed_clients":[],"attempt":1,"files":{"result":"/project/temp/deferiprone_single_oral_25mgkg_designcheck_20260511/validation/design_change_n403030_wtmclustT10_nomix_site403030_nondesignquota_precisionchol_basefitbootinit_preboot_20260521/runs/scenario1/bootstrap/federated/scenario1/raw_runs/run_20260522-113420/optim_result_trial_403_20260522-113923.json","trace":"/project/temp/deferiprone_single_oral_25mgkg_designcheck_20260511/validation/design_change_n403030_wtmclustT10_nomix_site403030_nondesignquota_precisionchol_basefitbootinit_preboot_20260521/runs/scenario1/bootstrap/federated/scenario1/raw_runs/run_20260522-113420/optim_trace_trial_403_20260522-113923.csv","final":"/project/temp/deferiprone_single_oral_25mgkg_designcheck_20260511/validation/design_change_n403030_wtmclustT10_nomix_site403030_nondesignquota_precisionchol_basefitbootinit_preboot_20260521/runs/scenario1/bootstrap/federated/scenario1/raw_runs/run_20260522-113420/final_params_trial_403_20260522-113923.csv"},"log_n":22,"execution_state":"completed","trial":403,"attempts":1},{"tag":"trial_404_20260522-114210","value":2196.8177,"counts":[25,25],"control":{"maxit":100,"factr":1000000000,"pgtol":0,"trace":0,"method":"L-BFGS-B"},"convergence":0,"message":"CONVERGENCE: REL_REDUCTION_OF_F <= FACTR*EPSMCH","nat_par":{"lka":2.3421027736,"lcl":2.0932613883,"lvc":2.9343955588,"CcPropSd":0.32172432434,"etaLcl":0.084255560155,"etaLvc":0.029720149697,"(etaLcl,etaLvc)":0.048762460137,"rho_(etaLcl,etaLvc)":0.97445284267},"failed_clients":[],"attempt":1,"files":{"result":"/project/temp/deferiprone_single_oral_25mgkg_designcheck_20260511/validation/design_change_n403030_wtmclustT10_nomix_site403030_nondesignquota_precisionchol_basefitbootinit_preboot_20260521/runs/scenario1/bootstrap/federated/scenario1/raw_runs/run_20260522-113420/optim_result_trial_404_20260522-114210.json","trace":"/project/temp/deferiprone_single_oral_25mgkg_designcheck_20260511/validation/design_change_n403030_wtmclustT10_nomix_site403030_nondesignquota_precisionchol_basefitbootinit_preboot_20260521/runs/scenario1/bootstrap/federated/scenario1/raw_runs/run_20260522-113420/optim_trace_trial_404_20260522-114210.csv","final":"/project/temp/deferiprone_single_oral_25mgkg_designcheck_20260511/validation/design_change_n403030_wtmclustT10_nomix_site403030_nondesignquota_precisionchol_basefitbootinit_preboot_20260521/runs/scenario1/bootstrap/federated/scenario1/raw_runs/run_20260522-113420/final_params_trial_404_20260522-114210.csv"},"log_n":25,"execution_state":"completed","trial":404,"attempts":1},{"tag":"trial_405_20260522-114520","value":2254.8834,"counts":[25,25],"control":{"maxit":100,"factr":1000000000,"pgtol":0,"trace":0,"method":"L-BFGS-B"},"convergence":0,"message":"CONVERGENCE: REL_REDUCTION_OF_F <= FACTR*EPSMCH","nat_par":{"lka":2.3263306694,"lcl":2.146587159,"lvc":2.9685199418,"CcPropSd":0.36782664485,"etaLcl":0.10112623164,"etaLvc":0.043088674948,"(etaLcl,etaLvc)":0.064832137916,"rho_(etaLcl,etaLvc)":0.98214783062},"failed_clients":[],"attempt":1,"files":{"result":"/project/temp/deferiprone_single_oral_25mgkg_designcheck_20260511/validation/design_change_n403030_wtmclustT10_nomix_site403030_nondesignquota_precisionchol_basefitbootinit_preboot_20260521/runs/scenario1/bootstrap/federated/scenario1/raw_runs/run_20260522-113420/optim_result_trial_405_20260522-114520.json","trace":"/project/temp/deferiprone_single_oral_25mgkg_designcheck_20260511/validation/design_change_n403030_wtmclustT10_nomix_site403030_nondesignquota_precisionchol_basefitbootinit_preboot_20260521/runs/scenario1/bootstrap/federated/scenario1/raw_runs/run_20260522-113420/optim_trace_trial_405_20260522-114520.csv","final":"/project/temp/deferiprone_single_oral_25mgkg_designcheck_20260511/validation/design_change_n403030_wtmclustT10_nomix_site403030_nondesignquota_precisionchol_basefitbootinit_preboot_20260521/runs/scenario1/bootstrap/federated/scenario1/raw_runs/run_20260522-113420/final_params_trial_405_20260522-114520.csv"},"log_n":25,"execution_state":"completed","trial":405,"attempts":1}],"trial_status":[{"trial":401,"execution_state":"completed","converged":true,"attempts":1,"convergence":0,"value":2215.4416,"eval_fn":20,"eval_gr":20,"log_n":20,"failed_clients_n":0,"message":"CONVERGENCE: REL_REDUCTION_OF_F <= FACTR*EPSMCH","result_file":"/project/temp/deferiprone_single_oral_25mgkg_designcheck_20260511/validation/design_change_n403030_wtmclustT10_nomix_site403030_nondesignquota_precisionchol_basefitbootinit_preboot_20260521/runs/scenario1/bootstrap/federated/scenario1/raw_runs/run_20260522-113420/optim_result_trial_401_20260522-113420.json","trace_file":"/project/temp/deferiprone_single_oral_25mgkg_designcheck_20260511/validation/design_change_n403030_wtmclustT10_nomix_site403030_nondesignquota_precisionchol_basefitbootinit_preboot_20260521/runs/scenario1/bootstrap/federated/scenario1/raw_runs/run_20260522-113420/optim_trace_trial_401_20260522-113420.csv","final_file":"/project/temp/deferiprone_single_oral_25mgkg_designcheck_20260511/validation/design_change_n403030_wtmclustT10_nomix_site403030_nondesignquota_precisionchol_basefitbootinit_preboot_20260521/runs/scenario1/bootstrap/federated/scenario1/raw_runs/run_20260522-113420/final_params_trial_401_20260522-113420.csv"},{"trial":402,"execution_state":"completed","converged":true,"attempts":1,"convergence":0,"value":2209.2549,"eval_fn":20,"eval_gr":20,"log_n":20,"failed_clients_n":0,"message":"CONVERGENCE: REL_REDUCTION_OF_F <= FACTR*EPSMCH","result_file":"/project/temp/deferiprone_single_oral_25mgkg_designcheck_20260511/validation/design_change_n403030_wtmclustT10_nomix_site403030_nondesignquota_precisionchol_basefitbootinit_preboot_20260521/runs/scenario1/bootstrap/federated/scenario1/raw_runs/run_20260522-113420/optim_result_trial_402_20260522-113652.json","trace_file":"/project/temp/deferiprone_single_oral_25mgkg_designcheck_20260511/validation/design_change_n403030_wtmclustT10_nomix_site403030_nondesignquota_precisionchol_basefitbootinit_preboot_20260521/runs/scenario1/bootstrap/federated/scenario1/raw_runs/run_20260522-113420/optim_trace_trial_402_20260522-113652.csv","final_file":"/project/temp/deferiprone_single_oral_25mgkg_designcheck_20260511/validation/design_change_n403030_wtmclustT10_nomix_site403030_nondesignquota_precisionchol_basefitbootinit_preboot_20260521/runs/scenario1/bootstrap/federated/scenario1/raw_runs/run_20260522-113420/final_params_trial_402_20260522-113652.csv"},{"trial":403,"execution_state":"completed","converged":true,"attempts":1,"convergence":0,"value":2134.9907,"eval_fn":22,"eval_gr":22,"log_n":22,"failed_clients_n":0,"message":"CONVERGENCE: REL_REDUCTION_OF_F <= FACTR*EPSMCH","result_file":"/project/temp/deferiprone_single_oral_25mgkg_designcheck_20260511/validation/design_change_n403030_wtmclustT10_nomix_site403030_nondesignquota_precisionchol_basefitbootinit_preboot_20260521/runs/scenario1/bootstrap/federated/scenario1/raw_runs/run_20260522-113420/optim_result_trial_403_20260522-113923.json","trace_file":"/project/temp/deferiprone_single_oral_25mgkg_designcheck_20260511/validation/design_change_n403030_wtmclustT10_nomix_site403030_nondesignquota_precisionchol_basefitbootinit_preboot_20260521/runs/scenario1/bootstrap/federated/scenario1/raw_runs/run_20260522-113420/optim_trace_trial_403_20260522-113923.csv","final_file":"/project/temp/deferiprone_single_oral_25mgkg_designcheck_20260511/validation/design_change_n403030_wtmclustT10_nomix_site403030_nondesignquota_precisionchol_basefitbootinit_preboot_20260521/runs/scenario1/bootstrap/federated/scenario1/raw_runs/run_20260522-113420/final_params_trial_403_20260522-113923.csv"},{"trial":404,"execution_state":"completed","converged":true,"attempts":1,"convergence":0,"value":2196.8177,"eval_fn":25,"eval_gr":25,"log_n":25,"failed_clients_n":0,"message":"CONVERGENCE: REL_REDUCTION_OF_F <= FACTR*EPSMCH","result_file":"/project/temp/deferiprone_single_oral_25mgkg_designcheck_20260511/validation/design_change_n403030_wtmclustT10_nomix_site403030_nondesignquota_precisionchol_basefitbootinit_preboot_20260521/runs/scenario1/bootstrap/federated/scenario1/raw_runs/run_20260522-113420/optim_result_trial_404_20260522-114210.json","trace_file":"/project/temp/deferiprone_single_oral_25mgkg_designcheck_20260511/validation/design_change_n403030_wtmclustT10_nomix_site403030_nondesignquota_precisionchol_basefitbootinit_preboot_20260521/runs/scenario1/bootstrap/federated/scenario1/raw_runs/run_20260522-113420/optim_trace_trial_404_20260522-114210.csv","final_file":"/project/temp/deferiprone_single_oral_25mgkg_designcheck_20260511/validation/design_change_n403030_wtmclustT10_nomix_site403030_nondesignquota_precisionchol_basefitbootinit_preboot_20260521/runs/scenario1/bootstrap/federated/scenario1/raw_runs/run_20260522-113420/final_params_trial_404_20260522-114210.csv"},{"trial":405,"execution_state":"completed","converged":true,"attempts":1,"convergence":0,"value":2254.8834,"eval_fn":25,"eval_gr":25,"log_n":25,"failed_clients_n":0,"message":"CONVERGENCE: REL_REDUCTION_OF_F <= FACTR*EPSMCH","result_file":"/project/temp/deferiprone_single_oral_25mgkg_designcheck_20260511/validation/design_change_n403030_wtmclustT10_nomix_site403030_nondesignquota_precisionchol_basefitbootinit_preboot_20260521/runs/scenario1/bootstrap/federated/scenario1/raw_runs/run_20260522-113420/optim_result_trial_405_20260522-114520.json","trace_file":"/project/temp/deferiprone_single_oral_25mgkg_designcheck_20260511/validation/design_change_n403030_wtmclustT10_nomix_site403030_nondesignquota_precisionchol_basefitbootinit_preboot_20260521/runs/scenario1/bootstrap/federated/scenario1/raw_runs/run_20260522-113420/optim_trace_trial_405_20260522-114520.csv","final_file":"/project/temp/deferiprone_single_oral_25mgkg_designcheck_20260511/validation/design_change_n403030_wtmclustT10_nomix_site403030_nondesignquota_precisionchol_basefitbootinit_preboot_20260521/runs/scenario1/bootstrap/federated/scenario1/raw_runs/run_20260522-113420/final_params_trial_405_20260522-114520.csv"}],"info":{"run_id":"20260522-113420","log_base_dir":"/project/temp/deferiprone_single_oral_25mgkg_designcheck_20260511/validation/design_change_n403030_wtmclustT10_nomix_site403030_nondesignquota_precisionchol_basefitbootinit_preboot_20260521/runs/scenario1/bootstrap/federated","scenario":"scenario1/raw_runs","total_trials":5,"successes":5,"failures":0,"nonconverged_count":0,"nonconverged_trials":[],"convergence_missing_count":0,"seed_base":4869,"B_per_client":500,"duration_sec":858.974820137,"host":"0e50e6ec058a","image_tag":null,"communication":{"generated_at":"2026-05-22T11:48:33Z","totals":{"requests":675,"request_bytes":752973,"response_bytes":171204,"total_bytes":924177,"retries":0},"init":{"requests":3,"request_bytes":8139,"response_bytes":1161,"total_bytes":9300,"retries":0,"median_elapsed_sec":0.36264586449},"init_round_latency":{"n_rounds":1,"median_round_wall_sec":0.3645055294,"p95_round_wall_sec":0.3645055294},"run":{"requests":0,"request_bytes":0,"response_bytes":0,"total_bytes":0,"retries":0,"median_elapsed_sec":"NA"},"run_bootstrap":{"requests":672,"request_bytes":744834,"response_bytes":170043,"total_bytes":914877,"retries":0,"median_elapsed_sec":3.6510833502},"round_latency":{"n_rounds":224,"median_round_wall_sec":3.7661588192,"p95_round_wall_sec":4.073790586},"timing_split":{"n_rounds":224,"rounds_with_compute":224,"total_round_wall_sec":848.3980770111,"total_round_compute_wall_sec":840.9352,"total_round_comm_overhead_wall_sec":7.4628770111,"comm_overhead_ratio":0.0087964331996,"compute_ratio":0.9912035668}},"communication_files":{"csv":"/project/temp/deferiprone_single_oral_25mgkg_designcheck_20260511/validation/design_change_n403030_wtmclustT10_nomix_site403030_nondesignquota_precisionchol_basefitbootinit_preboot_20260521/runs/scenario1/bootstrap/federated/scenario1/raw_runs/run_20260522-113420/comm_metrics.csv","json":"/project/temp/deferiprone_single_oral_25mgkg_designcheck_20260511/validation/design_change_n403030_wtmclustT10_nomix_site403030_nondesignquota_precisionchol_basefitbootinit_preboot_20260521/runs/scenario1/bootstrap/federated/scenario1/raw_runs/run_20260522-113420/comm_metrics.json"},"output_files":{"bootstrap_summary_csv":"/project/temp/deferiprone_single_oral_25mgkg_designcheck_20260511/validation/design_change_n403030_wtmclustT10_nomix_site403030_nondesignquota_precisionchol_basefitbootinit_preboot_20260521/runs/scenario1/bootstrap/federated/scenario1/raw_runs/run_20260522-113420/bootstrap_summary.csv","bootstrap_summary_json":"/project/temp/deferiprone_single_oral_25mgkg_designcheck_20260511/validation/design_change_n403030_wtmclustT10_nomix_site403030_nondesignquota_precisionchol_basefitbootinit_preboot_20260521/runs/scenario1/bootstrap/federated/scenario1/raw_runs/run_20260522-113420/bootstrap_summary.json","trial_status_csv":"/project/temp/deferiprone_single_oral_25mgkg_designcheck_20260511/validation/design_change_n403030_wtmclustT10_nomix_site403030_nondesignquota_precisionchol_basefitbootinit_preboot_20260521/runs/scenario1/bootstrap/federated/scenario1/raw_runs/run_20260522-113420/trial_status.csv","failed_trials_csv":"/project/temp/deferiprone_single_oral_25mgkg_designcheck_20260511/validation/design_change_n403030_wtmclustT10_nomix_site403030_nondesignquota_precisionchol_basefitbootinit_preboot_20260521/runs/scenario1/bootstrap/federated/scenario1/raw_runs/run_20260522-113420/failed_trials.csv","trial_estimates_wide_csv":"/project/temp/deferiprone_single_oral_25mgkg_designcheck_20260511/validation/design_change_n403030_wtmclustT10_nomix_site403030_nondesignquota_precisionchol_basefitbootinit_preboot_20260521/runs/scenario1/bootstrap/federated/scenario1/raw_runs/run_20260522-113420/trial_estimates_wide.csv","trial_estimates_long_csv":"/project/temp/deferiprone_single_oral_25mgkg_designcheck_20260511/validation/design_change_n403030_wtmclustT10_nomix_site403030_nondesignquota_precisionchol_basefitbootinit_preboot_20260521/runs/scenario1/bootstrap/federated/scenario1/raw_runs/run_20260522-113420/trial_estimates_long.csv","result_json":"/project/temp/deferiprone_single_oral_25mgkg_designcheck_20260511/validation/design_change_n403030_wtmclustT10_nomix_site403030_nondesignquota_precisionchol_basefitbootinit_preboot_20260521/runs/scenario1/bootstrap/federated/scenario1/raw_runs/run_20260522-113420/result.json"}}}
[Kserver-1 exited with code 0
Aborting on container exit...
 Container defboot_design_change_n403030_wtmclu_scenario1_401_405-server-1  Stopping
 Container defboot_design_change_n403030_wtmclu_scenario1_401_405-server-1  Stopped
 Container defboot_design_change_n403030_wtmclu_scenario1_401_405-client1-1  Stopping
 Container defboot_design_change_n403030_wtmclu_scenario1_401_405-client3-1  Stopping
 Container defboot_design_change_n403030_wtmclu_scenario1_401_405-client2-1  Stopping
 Container defboot_design_change_n403030_wtmclu_scenario1_401_405-client1-1  Stopped
 Container defboot_design_change_n403030_wtmclu_scenario1_401_405-client3-1  Stopped
 Container defboot_design_change_n403030_wtmclu_scenario1_401_405-client2-1  Stopped
time="2026-05-22T20:48:44+09:00" level=warning msg="The \"SERVER_CONFIG_PATH\" variable is not set. Defaulting to a blank string."
 Container defboot_design_change_n403030_wtmclu_scenario1_401_405-server-1  Stopping
 Container defboot_design_change_n403030_wtmclu_scenario1_401_405-server-1  Stopped
 Container defboot_design_change_n403030_wtmclu_scenario1_401_405-server-1  Removing
 Container defboot_design_change_n403030_wtmclu_scenario1_401_405-server-1  Removed
 Container defboot_design_change_n403030_wtmclu_scenario1_401_405-client3-1  Stopping
 Container defboot_design_change_n403030_wtmclu_scenario1_401_405-client2-1  Stopping
 Container defboot_design_change_n403030_wtmclu_scenario1_401_405-client1-1  Stopping
 Container defboot_design_change_n403030_wtmclu_scenario1_401_405-client3-1  Stopped
 Container defboot_design_change_n403030_wtmclu_scenario1_401_405-client3-1  Removing
 Container defboot_design_change_n403030_wtmclu_scenario1_401_405-client2-1  Stopped
 Container defboot_design_change_n403030_wtmclu_scenario1_401_405-client2-1  Removing
 Container defboot_design_change_n403030_wtmclu_scenario1_401_405-client1-1  Stopped
 Container defboot_design_change_n403030_wtmclu_scenario1_401_405-client1-1  Removing
 Container defboot_design_change_n403030_wtmclu_scenario1_401_405-client2-1  Removed
 Container defboot_design_change_n403030_wtmclu_scenario1_401_405-client1-1  Removed
 Container defboot_design_change_n403030_wtmclu_scenario1_401_405-client3-1  Removed
 Network defboot_design_change_n403030_wtmclu_scenario1_401_405_site2_net  Removing
 Network defboot_design_change_n403030_wtmclu_scenario1_401_405_site3_net  Removing
 Network defboot_design_change_n403030_wtmclu_scenario1_401_405_site1_net  Removing
 Network defboot_design_change_n403030_wtmclu_scenario1_401_405_site2_net  Removed
 Network defboot_design_change_n403030_wtmclu_scenario1_401_405_site3_net  Removed
 Network defboot_design_change_n403030_wtmclu_scenario1_401_405_site1_net  Removed
