time="2026-05-22T13:21:48+09:00" level=warning msg="The \"SERVER_CONFIG_PATH\" variable is not set. Defaulting to a blank string."
Compose now can delegate build to bake for better performances
Just set COMPOSE_BAKE=true
#0 building with "default" instance using docker driver

#1 [client3 internal] load build definition from Dockerfile.app
#1 transferring dockerfile: 778B done
#1 DONE 0.0s

#2 [client2 internal] load build definition from Dockerfile.app
#2 transferring dockerfile: 778B done
#2 DONE 0.0s

#3 [client1 internal] load build definition from Dockerfile.app
#3 transferring dockerfile: 778B done
#3 DONE 0.0s

#4 [client1 internal] load metadata for docker.io/fedpoppk/base:0.1.0
#4 DONE 0.0s

#5 [client3 internal] load .dockerignore
#5 transferring context: 2B done
#5 DONE 0.0s

#6 [client2 internal] load .dockerignore
#6 transferring context: 2B done
#6 DONE 0.0s

#7 [client1 internal] load .dockerignore
#7 transferring context: 2B done
#7 DONE 0.0s

#8 [client1 1/8] FROM docker.io/fedpoppk/base:0.1.0
#8 DONE 0.0s

#9 [client3 internal] load build context
#9 transferring context: 736.51kB 0.3s done
#9 DONE 0.3s

#10 [client1 internal] load build context
#10 transferring context: 736.51kB 0.3s done
#10 DONE 0.3s

#11 [client2 internal] load build context
#11 transferring context: 736.51kB 0.3s done
#11 DONE 0.3s

#12 [client3 6/8] COPY R/ R/
#12 CACHED

#13 [client3 5/8] COPY apps/ apps/
#13 CACHED

#14 [client3 7/8] COPY analysis/ analysis/
#14 CACHED

#15 [client3 2/8] WORKDIR /project
#15 CACHED

#16 [client3 3/8] COPY renv.lock .Rprofile renv/activate.R ./
#16 CACHED

#17 [client3 4/8] RUN Rscript -e "options(renv.consent=TRUE, Ncpus=parallel::detectCores());                 renv::restore(prompt=FALSE)"
#17 CACHED

#18 [client2 8/8] RUN mkdir -p /project/configs/modes /project/data /project/artifacts /project/result
#18 CACHED

#19 [client3] exporting to image
#19 exporting layers done
#19 writing image sha256:ea6c04abcc76ea6995088a50ba129c854a14f57a6a09cccb163bde99714a9916 done
#19 naming to docker.io/library/defboot_design_change_n403030_wtmclu_scenario1_261_265-client3 0.0s done
#19 DONE 0.0s

#20 [client1] exporting to image
#20 exporting layers done
#20 writing image sha256:708a1ef44d1217897b902dcf6d3c36d462c5a3682fc5641fe572b8cd07ca969c done
#20 naming to docker.io/library/defboot_design_change_n403030_wtmclu_scenario1_261_265-client1 0.0s done
#20 DONE 0.1s

#21 [client2] exporting to image
#21 exporting layers done
#21 writing image sha256:7b7160622406e87888575e57cb4cd1913791dfff5de9adb322e42fabd408c83f done
#21 naming to docker.io/library/defboot_design_change_n403030_wtmclu_scenario1_261_265-client2 0.1s done
#21 DONE 0.1s

#22 [client3] resolving provenance for metadata file
#22 DONE 0.0s

#23 [client2] resolving provenance for metadata file
#23 DONE 0.0s

#24 [client1] resolving provenance for metadata file
#24 DONE 0.0s

#25 [server internal] load build definition from Dockerfile.app
#25 transferring dockerfile: 778B done
#25 DONE 0.0s

#4 [server internal] load metadata for docker.io/fedpoppk/base:0.1.0
#4 DONE 0.0s

#26 [server internal] load .dockerignore
#26 transferring context: 2B done
#26 DONE 0.0s

#8 [server 1/8] FROM docker.io/fedpoppk/base:0.1.0
#8 DONE 0.0s

#27 [server internal] load build context
#27 transferring context: 736.51kB 0.3s done
#27 DONE 0.4s

#28 [server 5/8] COPY apps/ apps/
#28 CACHED

#29 [server 7/8] COPY analysis/ analysis/
#29 CACHED

#30 [server 3/8] COPY renv.lock .Rprofile renv/activate.R ./
#30 CACHED

#31 [server 4/8] RUN Rscript -e "options(renv.consent=TRUE, Ncpus=parallel::detectCores());                 renv::restore(prompt=FALSE)"
#31 CACHED

#32 [server 6/8] COPY R/ R/
#32 CACHED

#15 [server 2/8] WORKDIR /project
#15 CACHED

#33 [server 8/8] RUN mkdir -p /project/configs/modes /project/data /project/artifacts /project/result
#33 CACHED

#34 [server] exporting to image
#34 exporting layers done
#34 writing image sha256:c1d6c8e5ebb3de78d9e975d7d9fd8f43cee411f0f401ffd5e6b8d40ccd35c452 done
#34 naming to docker.io/library/defboot_design_change_n403030_wtmclu_scenario1_261_265-server 0.0s done
#34 DONE 0.0s

#35 [server] resolving provenance for metadata file
#35 DONE 0.0s
 client1  Built
 client2  Built
 client3  Built
 server  Built
 Network defboot_design_change_n403030_wtmclu_scenario1_261_265_site2_net  Creating
 Network defboot_design_change_n403030_wtmclu_scenario1_261_265_site2_net  Created
 Network defboot_design_change_n403030_wtmclu_scenario1_261_265_site1_net  Creating
 Network defboot_design_change_n403030_wtmclu_scenario1_261_265_site1_net  Created
 Network defboot_design_change_n403030_wtmclu_scenario1_261_265_site3_net  Creating
 Network defboot_design_change_n403030_wtmclu_scenario1_261_265_site3_net  Created
 Container defboot_design_change_n403030_wtmclu_scenario1_261_265-client2-1  Creating
 Container defboot_design_change_n403030_wtmclu_scenario1_261_265-client3-1  Creating
 Container defboot_design_change_n403030_wtmclu_scenario1_261_265-client1-1  Creating
 Container defboot_design_change_n403030_wtmclu_scenario1_261_265-client1-1  Created
 Container defboot_design_change_n403030_wtmclu_scenario1_261_265-client3-1  Created
 Container defboot_design_change_n403030_wtmclu_scenario1_261_265-client2-1  Created
 Container defboot_design_change_n403030_wtmclu_scenario1_261_265-server-1  Creating
 Container defboot_design_change_n403030_wtmclu_scenario1_261_265-server-1  Created
Attaching to client1-1, client2-1, client3-1, server-1
client2-1  | Running plumber API at http://0.0.0.0:8000
client1-1  | Running plumber API at http://0.0.0.0:8000
client2-1  | Running swagger Docs at http://127.0.0.1:8000/__docs__/
client1-1  | Running swagger Docs at http://127.0.0.1:8000/__docs__/
client3-1  | Running plumber API at http://0.0.0.0:8000
client3-1  | Running swagger Docs at http://127.0.0.1:8000/__docs__/
client1-1  | ℹ parameter labels from comments are typically ignored in non-interactive mode
client1-1  | ℹ Need to run with the source intact to parse comments
client3-1  | ℹ parameter labels from comments are typically ignored in non-interactive mode
client2-1  | ℹ parameter labels from comments are typically ignored in non-interactive mode
client3-1  | ℹ Need to run with the source intact to parse comments
client2-1  | ℹ Need to run with the source intact to parse comments
server-1   | [send_init] http://client3:8000 init succeeded
server-1   | [send_init] http://client2:8000 init succeeded
server-1   | [send_init] http://client1:8000 init succeeded
server-1   | {"schema":{"schema_version":"1.1.0","generated_at":"2026-05-22T04:21:58Z","config_path":"/project/configs/../temp/deferiprone_single_oral_25mgkg_designcheck_20260511/validation/design_change_n403030_wtmclustT10_nomix_site403030_nondesignquota_precisionchol_basefitbootinit_preboot_20260521/configs/resolved/scenario1_bootstrap.json","config_md5":"9d7556058a6c3cb18af9ad7ffdd7076b","seed":4869,"host":"f0d2a37e7272","pid":1,"image_tag":null,"git_sha":null,"git_dirty":null},"aggregation":{"ci_method":"percentile","ci_level":0.95,"quantile_type":7,"estimates_scale":"natural"},"summary":[{"parameter":"(etaLcl,etaLvc)","median":0.056272552352,"p2.5":0.045792498177,"p97.5":0.069828646971},{"parameter":"CcPropSd","median":0.36037950163,"p2.5":0.33426835222,"p97.5":0.40120609507},{"parameter":"etaLcl","median":0.095932397485,"p2.5":0.085913954998,"p97.5":0.11253134566},{"parameter":"etaLvc","median":0.036221737231,"p2.5":0.025823529218,"p97.5":0.048097947867},{"parameter":"lcl","median":2.1969416607,"p2.5":2.1396201721,"p97.5":2.2704669363},{"parameter":"lka","median":2.3505123075,"p2.5":2.0185384326,"p97.5":2.540884634},{"parameter":"lvc","median":2.9753666187,"p2.5":2.9105532629,"p97.5":3.0327269571},{"parameter":"rho_(etaLcl,etaLvc)","median":0.9788681511,"p2.5":0.97052051518,"p97.5":0.98394724714}],"runs":[{"tag":"trial_261_20260522-042158","value":2185.0538,"counts":[34,34],"control":{"maxit":100,"factr":1000000000,"pgtol":0,"trace":0,"method":"L-BFGS-B"},"convergence":0,"message":"CONVERGENCE: REL_REDUCTION_OF_F <= FACTR*EPSMCH","nat_par":{"lka":2.0082534993,"lcl":2.1355001124,"lvc":2.9045078624,"CcPropSd":0.34343154888,"etaLcl":0.086044578576,"etaLvc":0.036221737231,"(etaLcl,etaLvc)":0.054647536913,"rho_(etaLcl,etaLvc)":0.9788681511},"failed_clients":[],"attempt":1,"files":{"result":"/project/temp/deferiprone_single_oral_25mgkg_designcheck_20260511/validation/design_change_n403030_wtmclustT10_nomix_site403030_nondesignquota_precisionchol_basefitbootinit_preboot_20260521/runs/scenario1/bootstrap/federated/scenario1/raw_runs/run_20260522-042158/optim_result_trial_261_20260522-042158.json","trace":"/project/temp/deferiprone_single_oral_25mgkg_designcheck_20260511/validation/design_change_n403030_wtmclustT10_nomix_site403030_nondesignquota_precisionchol_basefitbootinit_preboot_20260521/runs/scenario1/bootstrap/federated/scenario1/raw_runs/run_20260522-042158/optim_trace_trial_261_20260522-042158.csv","final":"/project/temp/deferiprone_single_oral_25mgkg_designcheck_20260511/validation/design_change_n403030_wtmclustT10_nomix_site403030_nondesignquota_precisionchol_basefitbootinit_preboot_20260521/runs/scenario1/bootstrap/federated/scenario1/raw_runs/run_20260522-042158/final_params_trial_261_20260522-042158.csv"},"log_n":33,"execution_state":"completed","trial":261,"attempts":1},{"tag":"trial_262_20260522-042607","value":2216.7091,"counts":[24,24],"control":{"maxit":100,"factr":1000000000,"pgtol":0,"trace":0,"method":"L-BFGS-B"},"convergence":0,"message":"CONVERGENCE: REL_REDUCTION_OF_F <= FACTR*EPSMCH","nat_par":{"lka":2.4075338167,"lcl":2.1767007096,"lvc":2.9753666187,"CcPropSd":0.36037950163,"etaLcl":0.085899441267,"etaLvc":0.024857355876,"(etaLcl,etaLvc)":0.044808604984,"rho_(etaLcl,etaLvc)":0.96970311082},"failed_clients":[],"attempt":1,"files":{"result":"/project/temp/deferiprone_single_oral_25mgkg_designcheck_20260511/validation/design_change_n403030_wtmclustT10_nomix_site403030_nondesignquota_precisionchol_basefitbootinit_preboot_20260521/runs/scenario1/bootstrap/federated/scenario1/raw_runs/run_20260522-042158/optim_result_trial_262_20260522-042607.json","trace":"/project/temp/deferiprone_single_oral_25mgkg_designcheck_20260511/validation/design_change_n403030_wtmclustT10_nomix_site403030_nondesignquota_precisionchol_basefitbootinit_preboot_20260521/runs/scenario1/bootstrap/federated/scenario1/raw_runs/run_20260522-042158/optim_trace_trial_262_20260522-042607.csv","final":"/project/temp/deferiprone_single_oral_25mgkg_designcheck_20260511/validation/design_change_n403030_wtmclustT10_nomix_site403030_nondesignquota_precisionchol_basefitbootinit_preboot_20260521/runs/scenario1/bootstrap/federated/scenario1/raw_runs/run_20260522-042158/final_params_trial_262_20260522-042607.csv"},"log_n":24,"execution_state":"completed","trial":262,"attempts":1},{"tag":"trial_263_20260522-042908","value":2229.14,"counts":[23,23],"control":{"maxit":100,"factr":1000000000,"pgtol":0,"trace":0,"method":"L-BFGS-B"},"convergence":0,"message":"CONVERGENCE: REL_REDUCTION_OF_F <= FACTR*EPSMCH","nat_par":{"lka":2.5557013915,"lcl":2.2059977277,"lvc":3.0377658476,"CcPropSd":0.36172324469,"etaLcl":0.11352922139,"etaLvc":0.044487853087,"(etaLcl,etaLvc)":0.069838608038,"rho_(etaLcl,etaLvc)":0.98270014733},"failed_clients":[],"attempt":1,"files":{"result":"/project/temp/deferiprone_single_oral_25mgkg_designcheck_20260511/validation/design_change_n403030_wtmclustT10_nomix_site403030_nondesignquota_precisionchol_basefitbootinit_preboot_20260521/runs/scenario1/bootstrap/federated/scenario1/raw_runs/run_20260522-042158/optim_result_trial_263_20260522-042908.json","trace":"/project/temp/deferiprone_single_oral_25mgkg_designcheck_20260511/validation/design_change_n403030_wtmclustT10_nomix_site403030_nondesignquota_precisionchol_basefitbootinit_preboot_20260521/runs/scenario1/bootstrap/federated/scenario1/raw_runs/run_20260522-042158/optim_trace_trial_263_20260522-042908.csv","final":"/project/temp/deferiprone_single_oral_25mgkg_designcheck_20260511/validation/design_change_n403030_wtmclustT10_nomix_site403030_nondesignquota_precisionchol_basefitbootinit_preboot_20260521/runs/scenario1/bootstrap/federated/scenario1/raw_runs/run_20260522-042158/final_params_trial_263_20260522-042908.csv"},"log_n":23,"execution_state":"completed","trial":263,"attempts":1},{"tag":"trial_264_20260522-043204","value":2171.9655,"counts":[21,21],"control":{"maxit":100,"factr":1000000000,"pgtol":0,"trace":0,"method":"L-BFGS-B"},"convergence":0,"message":"CONVERGENCE: REL_REDUCTION_OF_F <= FACTR*EPSMCH","nat_par":{"lka":2.3505123075,"lcl":2.1969416607,"lvc":2.9873769433,"CcPropSd":0.33325021926,"etaLcl":0.095932397485,"etaLvc":0.034519089296,"(etaLcl,etaLvc)":0.056272552352,"rho_(etaLcl,etaLvc)":0.97787715444},"failed_clients":[],"attempt":1,"files":{"result":"/project/temp/deferiprone_single_oral_25mgkg_designcheck_20260511/validation/design_change_n403030_wtmclustT10_nomix_site403030_nondesignquota_precisionchol_basefitbootinit_preboot_20260521/runs/scenario1/bootstrap/federated/scenario1/raw_runs/run_20260522-042158/optim_result_trial_264_20260522-043204.json","trace":"/project/temp/deferiprone_single_oral_25mgkg_designcheck_20260511/validation/design_change_n403030_wtmclustT10_nomix_site403030_nondesignquota_precisionchol_basefitbootinit_preboot_20260521/runs/scenario1/bootstrap/federated/scenario1/raw_runs/run_20260522-042158/optim_trace_trial_264_20260522-043204.csv","final":"/project/temp/deferiprone_single_oral_25mgkg_designcheck_20260511/validation/design_change_n403030_wtmclustT10_nomix_site403030_nondesignquota_precisionchol_basefitbootinit_preboot_20260521/runs/scenario1/bootstrap/federated/scenario1/raw_runs/run_20260522-042158/final_params_trial_264_20260522-043204.csv"},"log_n":21,"execution_state":"completed","trial":264,"attempts":1},{"tag":"trial_265_20260522-043444","value":2207.9944,"counts":[25,25],"control":{"maxit":100,"factr":1000000000,"pgtol":0,"trace":0,"method":"L-BFGS-B"},"convergence":0,"message":"CONVERGENCE: REL_REDUCTION_OF_F <= FACTR*EPSMCH","nat_par":{"lka":2.1111028329,"lcl":2.2776301817,"lvc":2.9649618673,"CcPropSd":0.40559307845,"etaLcl":0.1035504641,"etaLvc":0.048499069509,"(etaLcl,etaLvc)":0.069738997368,"rho_(etaLcl,etaLvc)":0.98408581378},"failed_clients":[],"attempt":1,"files":{"result":"/project/temp/deferiprone_single_oral_25mgkg_designcheck_20260511/validation/design_change_n403030_wtmclustT10_nomix_site403030_nondesignquota_precisionchol_basefitbootinit_preboot_20260521/runs/scenario1/bootstrap/federated/scenario1/raw_runs/run_20260522-042158/optim_result_trial_265_20260522-043444.json","trace":"/project/temp/deferiprone_single_oral_25mgkg_designcheck_20260511/validation/design_change_n403030_wtmclustT10_nomix_site403030_nondesignquota_precisionchol_basefitbootinit_preboot_20260521/runs/scenario1/bootstrap/federated/scenario1/raw_runs/run_20260522-042158/optim_trace_trial_265_20260522-043444.csv","final":"/project/temp/deferiprone_single_oral_25mgkg_designcheck_20260511/validation/design_change_n403030_wtmclustT10_nomix_site403030_nondesignquota_precisionchol_basefitbootinit_preboot_20260521/runs/scenario1/bootstrap/federated/scenario1/raw_runs/run_20260522-042158/final_params_trial_265_20260522-043444.csv"},"log_n":25,"execution_state":"completed","trial":265,"attempts":1}],"trial_status":[{"trial":261,"execution_state":"completed","converged":true,"attempts":1,"convergence":0,"value":2185.0538,"eval_fn":34,"eval_gr":34,"log_n":33,"failed_clients_n":0,"message":"CONVERGENCE: REL_REDUCTION_OF_F <= FACTR*EPSMCH","result_file":"/project/temp/deferiprone_single_oral_25mgkg_designcheck_20260511/validation/design_change_n403030_wtmclustT10_nomix_site403030_nondesignquota_precisionchol_basefitbootinit_preboot_20260521/runs/scenario1/bootstrap/federated/scenario1/raw_runs/run_20260522-042158/optim_result_trial_261_20260522-042158.json","trace_file":"/project/temp/deferiprone_single_oral_25mgkg_designcheck_20260511/validation/design_change_n403030_wtmclustT10_nomix_site403030_nondesignquota_precisionchol_basefitbootinit_preboot_20260521/runs/scenario1/bootstrap/federated/scenario1/raw_runs/run_20260522-042158/optim_trace_trial_261_20260522-042158.csv","final_file":"/project/temp/deferiprone_single_oral_25mgkg_designcheck_20260511/validation/design_change_n403030_wtmclustT10_nomix_site403030_nondesignquota_precisionchol_basefitbootinit_preboot_20260521/runs/scenario1/bootstrap/federated/scenario1/raw_runs/run_20260522-042158/final_params_trial_261_20260522-042158.csv"},{"trial":262,"execution_state":"completed","converged":true,"attempts":1,"convergence":0,"value":2216.7091,"eval_fn":24,"eval_gr":24,"log_n":24,"failed_clients_n":0,"message":"CONVERGENCE: REL_REDUCTION_OF_F <= FACTR*EPSMCH","result_file":"/project/temp/deferiprone_single_oral_25mgkg_designcheck_20260511/validation/design_change_n403030_wtmclustT10_nomix_site403030_nondesignquota_precisionchol_basefitbootinit_preboot_20260521/runs/scenario1/bootstrap/federated/scenario1/raw_runs/run_20260522-042158/optim_result_trial_262_20260522-042607.json","trace_file":"/project/temp/deferiprone_single_oral_25mgkg_designcheck_20260511/validation/design_change_n403030_wtmclustT10_nomix_site403030_nondesignquota_precisionchol_basefitbootinit_preboot_20260521/runs/scenario1/bootstrap/federated/scenario1/raw_runs/run_20260522-042158/optim_trace_trial_262_20260522-042607.csv","final_file":"/project/temp/deferiprone_single_oral_25mgkg_designcheck_20260511/validation/design_change_n403030_wtmclustT10_nomix_site403030_nondesignquota_precisionchol_basefitbootinit_preboot_20260521/runs/scenario1/bootstrap/federated/scenario1/raw_runs/run_20260522-042158/final_params_trial_262_20260522-042607.csv"},{"trial":263,"execution_state":"completed","converged":true,"attempts":1,"convergence":0,"value":2229.14,"eval_fn":23,"eval_gr":23,"log_n":23,"failed_clients_n":0,"message":"CONVERGENCE: REL_REDUCTION_OF_F <= FACTR*EPSMCH","result_file":"/project/temp/deferiprone_single_oral_25mgkg_designcheck_20260511/validation/design_change_n403030_wtmclustT10_nomix_site403030_nondesignquota_precisionchol_basefitbootinit_preboot_20260521/runs/scenario1/bootstrap/federated/scenario1/raw_runs/run_20260522-042158/optim_result_trial_263_20260522-042908.json","trace_file":"/project/temp/deferiprone_single_oral_25mgkg_designcheck_20260511/validation/design_change_n403030_wtmclustT10_nomix_site403030_nondesignquota_precisionchol_basefitbootinit_preboot_20260521/runs/scenario1/bootstrap/federated/scenario1/raw_runs/run_20260522-042158/optim_trace_trial_263_20260522-042908.csv","final_file":"/project/temp/deferiprone_single_oral_25mgkg_designcheck_20260511/validation/design_change_n403030_wtmclustT10_nomix_site403030_nondesignquota_precisionchol_basefitbootinit_preboot_20260521/runs/scenario1/bootstrap/federated/scenario1/raw_runs/run_20260522-042158/final_params_trial_263_20260522-042908.csv"},{"trial":264,"execution_state":"completed","converged":true,"attempts":1,"convergence":0,"value":2171.9655,"eval_fn":21,"eval_gr":21,"log_n":21,"failed_clients_n":0,"message":"CONVERGENCE: REL_REDUCTION_OF_F <= FACTR*EPSMCH","result_file":"/project/temp/deferiprone_single_oral_25mgkg_designcheck_20260511/validation/design_change_n403030_wtmclustT10_nomix_site403030_nondesignquota_precisionchol_basefitbootinit_preboot_20260521/runs/scenario1/bootstrap/federated/scenario1/raw_runs/run_20260522-042158/optim_result_trial_264_20260522-043204.json","trace_file":"/project/temp/deferiprone_single_oral_25mgkg_designcheck_20260511/validation/design_change_n403030_wtmclustT10_nomix_site403030_nondesignquota_precisionchol_basefitbootinit_preboot_20260521/runs/scenario1/bootstrap/federated/scenario1/raw_runs/run_20260522-042158/optim_trace_trial_264_20260522-043204.csv","final_file":"/project/temp/deferiprone_single_oral_25mgkg_designcheck_20260511/validation/design_change_n403030_wtmclustT10_nomix_site403030_nondesignquota_precisionchol_basefitbootinit_preboot_20260521/runs/scenario1/bootstrap/federated/scenario1/raw_runs/run_20260522-042158/final_params_trial_264_20260522-043204.csv"},{"trial":265,"execution_state":"completed","converged":true,"attempts":1,"convergence":0,"value":2207.9944,"eval_fn":25,"eval_gr":25,"log_n":25,"failed_clients_n":0,"message":"CONVERGENCE: REL_REDUCTION_OF_F <= FACTR*EPSMCH","result_file":"/project/temp/deferiprone_single_oral_25mgkg_designcheck_20260511/validation/design_change_n403030_wtmclustT10_nomix_site403030_nondesignquota_precisionchol_basefitbootinit_preboot_20260521/runs/scenario1/bootstrap/federated/scenario1/raw_runs/run_20260522-042158/optim_result_trial_265_20260522-043444.json","trace_file":"/project/temp/deferiprone_single_oral_25mgkg_designcheck_20260511/validation/design_change_n403030_wtmclustT10_nomix_site403030_nondesignquota_precisionchol_basefitbootinit_preboot_20260521/runs/scenario1/bootstrap/federated/scenario1/raw_runs/run_20260522-042158/optim_trace_trial_265_20260522-043444.csv","final_file":"/project/temp/deferiprone_single_oral_25mgkg_designcheck_20260511/validation/design_change_n403030_wtmclustT10_nomix_site403030_nondesignquota_precisionchol_basefitbootinit_preboot_20260521/runs/scenario1/bootstrap/federated/scenario1/raw_runs/run_20260522-042158/final_params_trial_265_20260522-043444.csv"}],"info":{"run_id":"20260522-042158","log_base_dir":"/project/temp/deferiprone_single_oral_25mgkg_designcheck_20260511/validation/design_change_n403030_wtmclustT10_nomix_site403030_nondesignquota_precisionchol_basefitbootinit_preboot_20260521/runs/scenario1/bootstrap/federated","scenario":"scenario1/raw_runs","total_trials":5,"successes":5,"failures":0,"nonconverged_count":0,"nonconverged_trials":[],"convergence_missing_count":0,"seed_base":4869,"B_per_client":500,"duration_sec":964.4731094837,"host":"f0d2a37e7272","image_tag":null,"communication":{"generated_at":"2026-05-22T04:37:56Z","totals":{"requests":759,"request_bytes":846123,"response_bytes":192943,"total_bytes":1039066,"retries":0},"init":{"requests":3,"request_bytes":8139,"response_bytes":1161,"total_bytes":9300,"retries":0,"median_elapsed_sec":0.36481142044},"init_round_latency":{"n_rounds":1,"median_round_wall_sec":0.36827850342,"p95_round_wall_sec":0.36827850342},"run":{"requests":0,"request_bytes":0,"response_bytes":0,"total_bytes":0,"retries":0,"median_elapsed_sec":"NA"},"run_bootstrap":{"requests":756,"request_bytes":837984,"response_bytes":191782,"total_bytes":1029766,"retries":0,"median_elapsed_sec":3.6610873938},"round_latency":{"n_rounds":252,"median_round_wall_sec":3.7632519007,"p95_round_wall_sec":4.0504590034},"timing_split":{"n_rounds":252,"rounds_with_compute":252,"total_round_wall_sec":953.4158358574,"total_round_compute_wall_sec":945.1127,"total_round_comm_overhead_wall_sec":8.3031358574,"comm_overhead_ratio":0.0087088293954,"compute_ratio":0.9912911706}},"communication_files":{"csv":"/project/temp/deferiprone_single_oral_25mgkg_designcheck_20260511/validation/design_change_n403030_wtmclustT10_nomix_site403030_nondesignquota_precisionchol_basefitbootinit_preboot_20260521/runs/scenario1/bootstrap/federated/scenario1/raw_runs/run_20260522-042158/comm_metrics.csv","json":"/project/temp/deferiprone_single_oral_25mgkg_designcheck_20260511/validation/design_change_n403030_wtmclustT10_nomix_site403030_nondesignquota_precisionchol_basefitbootinit_preboot_20260521/runs/scenario1/bootstrap/federated/scenario1/raw_runs/run_20260522-042158/comm_metrics.json"},"output_files":{"bootstrap_summary_csv":"/project/temp/deferiprone_single_oral_25mgkg_designcheck_20260511/validation/design_change_n403030_wtmclustT10_nomix_site403030_nondesignquota_precisionchol_basefitbootinit_preboot_20260521/runs/scenario1/bootstrap/federated/scenario1/raw_runs/run_20260522-042158/bootstrap_summary.csv","bootstrap_summary_json":"/project/temp/deferiprone_single_oral_25mgkg_designcheck_20260511/validation/design_change_n403030_wtmclustT10_nomix_site403030_nondesignquota_precisionchol_basefitbootinit_preboot_20260521/runs/scenario1/bootstrap/federated/scenario1/raw_runs/run_20260522-042158/bootstrap_summary.json","trial_status_csv":"/project/temp/deferiprone_single_oral_25mgkg_designcheck_20260511/validation/design_change_n403030_wtmclustT10_nomix_site403030_nondesignquota_precisionchol_basefitbootinit_preboot_20260521/runs/scenario1/bootstrap/federated/scenario1/raw_runs/run_20260522-042158/trial_status.csv","failed_trials_csv":"/project/temp/deferiprone_single_oral_25mgkg_designcheck_20260511/validation/design_change_n403030_wtmclustT10_nomix_site403030_nondesignquota_precisionchol_basefitbootinit_preboot_20260521/runs/scenario1/bootstrap/federated/scenario1/raw_runs/run_20260522-042158/failed_trials.csv","trial_estimates_wide_csv":"/project/temp/deferiprone_single_oral_25mgkg_designcheck_20260511/validation/design_change_n403030_wtmclustT10_nomix_site403030_nondesignquota_precisionchol_basefitbootinit_preboot_20260521/runs/scenario1/bootstrap/federated/scenario1/raw_runs/run_20260522-042158/trial_estimates_wide.csv","trial_estimates_long_csv":"/project/temp/deferiprone_single_oral_25mgkg_designcheck_20260511/validation/design_change_n403030_wtmclustT10_nomix_site403030_nondesignquota_precisionchol_basefitbootinit_preboot_20260521/runs/scenario1/bootstrap/federated/scenario1/raw_runs/run_20260522-042158/trial_estimates_long.csv","result_json":"/project/temp/deferiprone_single_oral_25mgkg_designcheck_20260511/validation/design_change_n403030_wtmclustT10_nomix_site403030_nondesignquota_precisionchol_basefitbootinit_preboot_20260521/runs/scenario1/bootstrap/federated/scenario1/raw_runs/run_20260522-042158/result.json"}}}
[Kserver-1 exited with code 0
Aborting on container exit...
 Container defboot_design_change_n403030_wtmclu_scenario1_261_265-server-1  Stopping
 Container defboot_design_change_n403030_wtmclu_scenario1_261_265-server-1  Stopped
 Container defboot_design_change_n403030_wtmclu_scenario1_261_265-client3-1  Stopping
 Container defboot_design_change_n403030_wtmclu_scenario1_261_265-client1-1  Stopping
 Container defboot_design_change_n403030_wtmclu_scenario1_261_265-client2-1  Stopping
 Container defboot_design_change_n403030_wtmclu_scenario1_261_265-client3-1  Stopped
 Container defboot_design_change_n403030_wtmclu_scenario1_261_265-client1-1  Stopped
 Container defboot_design_change_n403030_wtmclu_scenario1_261_265-client2-1  Stopped
time="2026-05-22T13:38:07+09:00" level=warning msg="The \"SERVER_CONFIG_PATH\" variable is not set. Defaulting to a blank string."
 Container defboot_design_change_n403030_wtmclu_scenario1_261_265-server-1  Stopping
 Container defboot_design_change_n403030_wtmclu_scenario1_261_265-server-1  Stopped
 Container defboot_design_change_n403030_wtmclu_scenario1_261_265-server-1  Removing
 Container defboot_design_change_n403030_wtmclu_scenario1_261_265-server-1  Removed
 Container defboot_design_change_n403030_wtmclu_scenario1_261_265-client2-1  Stopping
 Container defboot_design_change_n403030_wtmclu_scenario1_261_265-client1-1  Stopping
 Container defboot_design_change_n403030_wtmclu_scenario1_261_265-client3-1  Stopping
 Container defboot_design_change_n403030_wtmclu_scenario1_261_265-client2-1  Stopped
 Container defboot_design_change_n403030_wtmclu_scenario1_261_265-client2-1  Removing
 Container defboot_design_change_n403030_wtmclu_scenario1_261_265-client1-1  Stopped
 Container defboot_design_change_n403030_wtmclu_scenario1_261_265-client1-1  Removing
 Container defboot_design_change_n403030_wtmclu_scenario1_261_265-client3-1  Stopped
 Container defboot_design_change_n403030_wtmclu_scenario1_261_265-client3-1  Removing
 Container defboot_design_change_n403030_wtmclu_scenario1_261_265-client1-1  Removed
 Container defboot_design_change_n403030_wtmclu_scenario1_261_265-client2-1  Removed
 Container defboot_design_change_n403030_wtmclu_scenario1_261_265-client3-1  Removed
 Network defboot_design_change_n403030_wtmclu_scenario1_261_265_site2_net  Removing
 Network defboot_design_change_n403030_wtmclu_scenario1_261_265_site3_net  Removing
 Network defboot_design_change_n403030_wtmclu_scenario1_261_265_site1_net  Removing
 Network defboot_design_change_n403030_wtmclu_scenario1_261_265_site2_net  Removed
 Network defboot_design_change_n403030_wtmclu_scenario1_261_265_site3_net  Removed
 Network defboot_design_change_n403030_wtmclu_scenario1_261_265_site1_net  Removed
