time="2026-05-22T03:39:03+09:00" level=warning msg="The \"SERVER_CONFIG_PATH\" variable is not set. Defaulting to a blank string."
Compose now can delegate build to bake for better performances
Just set COMPOSE_BAKE=true
#0 building with "default" instance using docker driver

#1 [client2 internal] load build definition from Dockerfile.app
#1 transferring dockerfile: 778B done
#1 DONE 0.0s

#2 [client1 internal] load build definition from Dockerfile.app
#2 transferring dockerfile: 778B done
#2 DONE 0.0s

#3 [client3 internal] load build definition from Dockerfile.app
#3 transferring dockerfile: 778B done
#3 DONE 0.0s

#4 [client3 internal] load metadata for docker.io/fedpoppk/base:0.1.0
#4 DONE 0.0s

#5 [client2 internal] load .dockerignore
#5 transferring context: 2B done
#5 DONE 0.0s

#6 [client1 internal] load .dockerignore
#6 transferring context: 2B done
#6 DONE 0.0s

#7 [client3 internal] load .dockerignore
#7 transferring context: 2B done
#7 DONE 0.0s

#8 [client3 1/8] FROM docker.io/fedpoppk/base:0.1.0
#8 DONE 0.0s

#9 [client2 internal] load build context
#9 transferring context: 736.51kB 0.3s done
#9 DONE 0.3s

#10 [client3 internal] load build context
#10 transferring context: 736.51kB 0.3s done
#10 DONE 0.3s

#11 [client1 internal] load build context
#11 transferring context: 736.51kB 0.3s done
#11 DONE 0.3s

#12 [client2 7/8] COPY analysis/ analysis/
#12 CACHED

#13 [client2 2/8] WORKDIR /project
#13 CACHED

#14 [client2 6/8] COPY R/ R/
#14 CACHED

#15 [client2 3/8] COPY renv.lock .Rprofile renv/activate.R ./
#15 CACHED

#16 [client2 4/8] RUN Rscript -e "options(renv.consent=TRUE, Ncpus=parallel::detectCores());                 renv::restore(prompt=FALSE)"
#16 CACHED

#17 [client2 5/8] COPY apps/ apps/
#17 CACHED

#18 [client1 8/8] RUN mkdir -p /project/configs/modes /project/data /project/artifacts /project/result
#18 CACHED

#19 [client2] exporting to image
#19 exporting layers done
#19 writing image sha256:32466386922630641cfa8951ef336272456cfada610e130a64b2931b9de83d15 done
#19 naming to docker.io/library/defboot_design_change_n403030_wtmclu_scenario1_71_75-client2 0.0s done
#19 DONE 0.0s

#20 [client1] exporting to image
#20 exporting layers done
#20 writing image sha256:6dd47e2962cf8a5add0dd00cf1a8ac1b14b8ccf5b9f06042fe339ebe6d474216 done
#20 naming to docker.io/library/defboot_design_change_n403030_wtmclu_scenario1_71_75-client1 0.0s done
#20 DONE 0.0s

#21 [client2] resolving provenance for metadata file
#21 DONE 0.0s

#22 [client3] exporting to image
#22 exporting layers done
#22 writing image sha256:98f43f91816412bf00fd39e75cefcf537d0da09b0ff3818417bd483cbe4d4fdf done
#22 naming to docker.io/library/defboot_design_change_n403030_wtmclu_scenario1_71_75-client3 0.1s done
#22 DONE 0.1s

#23 [client1] resolving provenance for metadata file
#23 DONE 0.0s

#24 [client3] resolving provenance for metadata file
#24 DONE 0.0s

#25 [server internal] load build definition from Dockerfile.app
#25 transferring dockerfile: 778B done
#25 DONE 0.0s

#4 [server internal] load metadata for docker.io/fedpoppk/base:0.1.0
#4 DONE 0.0s

#26 [server internal] load .dockerignore
#26 transferring context: 2B done
#26 DONE 0.0s

#8 [server 1/8] FROM docker.io/fedpoppk/base:0.1.0
#8 DONE 0.0s

#27 [server internal] load build context
#27 transferring context: 736.51kB 0.1s done
#27 DONE 0.1s

#28 [server 4/8] RUN Rscript -e "options(renv.consent=TRUE, Ncpus=parallel::detectCores());                 renv::restore(prompt=FALSE)"
#28 CACHED

#13 [server 2/8] WORKDIR /project
#13 CACHED

#29 [server 7/8] COPY analysis/ analysis/
#29 CACHED

#30 [server 5/8] COPY apps/ apps/
#30 CACHED

#31 [server 3/8] COPY renv.lock .Rprofile renv/activate.R ./
#31 CACHED

#32 [server 6/8] COPY R/ R/
#32 CACHED

#33 [server 8/8] RUN mkdir -p /project/configs/modes /project/data /project/artifacts /project/result
#33 CACHED

#34 [server] exporting to image
#34 exporting layers done
#34 writing image sha256:14eb1014a1f078ea310471f5cd51456edec144a30a0412d75d6caaf30b768723 done
#34 naming to docker.io/library/defboot_design_change_n403030_wtmclu_scenario1_71_75-server 0.0s done
#34 DONE 0.0s

#35 [server] resolving provenance for metadata file
#35 DONE 0.0s
 client1  Built
 client2  Built
 client3  Built
 server  Built
 Network defboot_design_change_n403030_wtmclu_scenario1_71_75_site2_net  Creating
 Network defboot_design_change_n403030_wtmclu_scenario1_71_75_site2_net  Created
 Network defboot_design_change_n403030_wtmclu_scenario1_71_75_site3_net  Creating
 Network defboot_design_change_n403030_wtmclu_scenario1_71_75_site3_net  Created
 Network defboot_design_change_n403030_wtmclu_scenario1_71_75_site1_net  Creating
 Network defboot_design_change_n403030_wtmclu_scenario1_71_75_site1_net  Created
 Container defboot_design_change_n403030_wtmclu_scenario1_71_75-client3-1  Creating
 Container defboot_design_change_n403030_wtmclu_scenario1_71_75-client2-1  Creating
 Container defboot_design_change_n403030_wtmclu_scenario1_71_75-client1-1  Creating
 Container defboot_design_change_n403030_wtmclu_scenario1_71_75-client3-1  Created
 Container defboot_design_change_n403030_wtmclu_scenario1_71_75-client1-1  Created
 Container defboot_design_change_n403030_wtmclu_scenario1_71_75-client2-1  Created
 Container defboot_design_change_n403030_wtmclu_scenario1_71_75-server-1  Creating
 Container defboot_design_change_n403030_wtmclu_scenario1_71_75-server-1  Created
Attaching to client1-1, client2-1, client3-1, server-1
client3-1  | Running plumber API at http://0.0.0.0:8000
client3-1  | Running swagger Docs at http://127.0.0.1:8000/__docs__/
client1-1  | Running plumber API at http://0.0.0.0:8000
client1-1  | Running swagger Docs at http://127.0.0.1:8000/__docs__/
client2-1  | Running plumber API at http://0.0.0.0:8000
client2-1  | Running swagger Docs at http://127.0.0.1:8000/__docs__/
client1-1  | ℹ parameter labels from comments are typically ignored in non-interactive mode
client1-1  | ℹ Need to run with the source intact to parse comments
client3-1  | ℹ parameter labels from comments are typically ignored in non-interactive mode
client3-1  | ℹ Need to run with the source intact to parse comments
client2-1  | ℹ parameter labels from comments are typically ignored in non-interactive mode
client2-1  | ℹ Need to run with the source intact to parse comments
server-1   | [send_init] http://client2:8000 init succeeded
server-1   | [send_init] http://client3:8000 init succeeded
server-1   | [send_init] http://client1:8000 init succeeded
server-1   | {"schema":{"schema_version":"1.1.0","generated_at":"2026-05-21T18:39:11Z","config_path":"/project/configs/../temp/deferiprone_single_oral_25mgkg_designcheck_20260511/validation/design_change_n403030_wtmclustT10_nomix_site403030_nondesignquota_precisionchol_basefitbootinit_preboot_20260521/configs/resolved/scenario1_bootstrap.json","config_md5":"9d7556058a6c3cb18af9ad7ffdd7076b","seed":4869,"host":"581522cd1049","pid":1,"image_tag":null,"git_sha":null,"git_dirty":null},"aggregation":{"ci_method":"percentile","ci_level":0.95,"quantile_type":7,"estimates_scale":"natural"},"summary":[{"parameter":"(etaLcl,etaLvc)","median":0.049642948471,"p2.5":0.046524548337,"p97.5":0.055242324829},{"parameter":"CcPropSd","median":0.3634567639,"p2.5":0.3425040376,"p97.5":0.3920993376},{"parameter":"etaLcl","median":0.09130346573,"p2.5":0.083579859362,"p97.5":0.098490693646},{"parameter":"etaLvc","median":0.028793154066,"p2.5":0.023821009544,"p97.5":0.037847798455},{"parameter":"lcl","median":2.1891131191,"p2.5":2.1452036057,"p97.5":2.192088818},{"parameter":"lka","median":2.2060770982,"p2.5":2.0704891674,"p97.5":2.2555733629},{"parameter":"lvc","median":2.9486204579,"p2.5":2.9121231711,"p97.5":2.9888245228},{"parameter":"rho_(etaLcl,etaLvc)","median":0.9736791241,"p2.5":0.96846063528,"p97.5":0.97958868632}],"runs":[{"tag":"trial_071_20260521-183911","value":2194.9111,"counts":[23,23],"control":{"maxit":100,"factr":1000000000,"pgtol":0,"trace":0,"method":"L-BFGS-B"},"convergence":0,"message":"CONVERGENCE: REL_REDUCTION_OF_F <= FACTR*EPSMCH","nat_par":{"lka":2.257302074,"lcl":2.1575441183,"lvc":2.9324430795,"CcPropSd":0.34247154235,"etaLcl":0.09130346573,"etaLvc":0.025191364048,"(etaLcl,etaLvc)":0.046524417825,"rho_(etaLcl,etaLvc)":0.97008876274},"failed_clients":[],"attempt":1,"files":{"result":"/project/temp/deferiprone_single_oral_25mgkg_designcheck_20260511/validation/design_change_n403030_wtmclustT10_nomix_site403030_nondesignquota_precisionchol_basefitbootinit_preboot_20260521/runs/scenario1/bootstrap/federated/scenario1/raw_runs/run_20260521-183911/optim_result_trial_071_20260521-183911.json","trace":"/project/temp/deferiprone_single_oral_25mgkg_designcheck_20260511/validation/design_change_n403030_wtmclustT10_nomix_site403030_nondesignquota_precisionchol_basefitbootinit_preboot_20260521/runs/scenario1/bootstrap/federated/scenario1/raw_runs/run_20260521-183911/optim_trace_trial_071_20260521-183911.csv","final":"/project/temp/deferiprone_single_oral_25mgkg_designcheck_20260511/validation/design_change_n403030_wtmclustT10_nomix_site403030_nondesignquota_precisionchol_basefitbootinit_preboot_20260521/runs/scenario1/bootstrap/federated/scenario1/raw_runs/run_20260521-183911/final_params_trial_071_20260521-183911.csv"},"log_n":23,"execution_state":"completed","trial":71,"attempts":1},{"tag":"trial_072_20260521-184205","value":2183.7899,"counts":[21,21],"control":{"maxit":100,"factr":1000000000,"pgtol":0,"trace":0,"method":"L-BFGS-B"},"convergence":0,"message":"CONVERGENCE: REL_REDUCTION_OF_F <= FACTR*EPSMCH","nat_par":{"lka":2.2060770982,"lcl":2.1438324376,"lvc":2.9098654035,"CcPropSd":0.34279649493,"etaLcl":0.082885693481,"etaLvc":0.038838415668,"(etaLcl,etaLvc)":0.055616056909,"rho_(etaLcl,etaLvc)":0.98023375663},"failed_clients":[],"attempt":1,"files":{"result":"/project/temp/deferiprone_single_oral_25mgkg_designcheck_20260511/validation/design_change_n403030_wtmclustT10_nomix_site403030_nondesignquota_precisionchol_basefitbootinit_preboot_20260521/runs/scenario1/bootstrap/federated/scenario1/raw_runs/run_20260521-183911/optim_result_trial_072_20260521-184205.json","trace":"/project/temp/deferiprone_single_oral_25mgkg_designcheck_20260511/validation/design_change_n403030_wtmclustT10_nomix_site403030_nondesignquota_precisionchol_basefitbootinit_preboot_20260521/runs/scenario1/bootstrap/federated/scenario1/raw_runs/run_20260521-183911/optim_trace_trial_072_20260521-184205.csv","final":"/project/temp/deferiprone_single_oral_25mgkg_designcheck_20260511/validation/design_change_n403030_wtmclustT10_nomix_site403030_nondesignquota_precisionchol_basefitbootinit_preboot_20260521/runs/scenario1/bootstrap/federated/scenario1/raw_runs/run_20260521-183911/final_params_trial_072_20260521-184205.csv"},"log_n":21,"execution_state":"completed","trial":72,"attempts":1},{"tag":"trial_073_20260521-184446","value":2245.6366,"counts":[24,24],"control":{"maxit":100,"factr":1000000000,"pgtol":0,"trace":0,"method":"L-BFGS-B"},"convergence":0,"message":"CONVERGENCE: REL_REDUCTION_OF_F <= FACTR*EPSMCH","nat_par":{"lka":2.0635383687,"lcl":2.1891131191,"lvc":2.9486204579,"CcPropSd":0.39514200131,"etaLcl":0.089827352295,"etaLvc":0.028932243541,"(etaLcl,etaLvc)":0.049642948471,"rho_(etaLcl,etaLvc)":0.97378305355},"failed_clients":[],"attempt":1,"files":{"result":"/project/temp/deferiprone_single_oral_25mgkg_designcheck_20260511/validation/design_change_n403030_wtmclustT10_nomix_site403030_nondesignquota_precisionchol_basefitbootinit_preboot_20260521/runs/scenario1/bootstrap/federated/scenario1/raw_runs/run_20260521-183911/optim_result_trial_073_20260521-184446.json","trace":"/project/temp/deferiprone_single_oral_25mgkg_designcheck_20260511/validation/design_change_n403030_wtmclustT10_nomix_site403030_nondesignquota_precisionchol_basefitbootinit_preboot_20260521/runs/scenario1/bootstrap/federated/scenario1/raw_runs/run_20260521-183911/optim_trace_trial_073_20260521-184446.csv","final":"/project/temp/deferiprone_single_oral_25mgkg_designcheck_20260511/validation/design_change_n403030_wtmclustT10_nomix_site403030_nondesignquota_precisionchol_basefitbootinit_preboot_20260521/runs/scenario1/bootstrap/federated/scenario1/raw_runs/run_20260521-183911/final_params_trial_073_20260521-184446.csv"},"log_n":24,"execution_state":"completed","trial":73,"attempts":1},{"tag":"trial_074_20260521-184746","value":2219.0407,"counts":[28,28],"control":{"maxit":100,"factr":1000000000,"pgtol":0,"trace":0,"method":"L-BFGS-B"},"convergence":0,"message":"CONVERGENCE: REL_REDUCTION_OF_F <= FACTR*EPSMCH","nat_par":{"lka":2.1330463554,"lcl":2.1917715796,"lvc":2.9725118811,"CcPropSd":0.3634567639,"etaLcl":0.097545961295,"etaLvc":0.023668747932,"(etaLcl,etaLvc)":0.046525722941,"rho_(etaLcl,etaLvc)":0.96827973223},"failed_clients":[],"attempt":1,"files":{"result":"/project/temp/deferiprone_single_oral_25mgkg_designcheck_20260511/validation/design_change_n403030_wtmclustT10_nomix_site403030_nondesignquota_precisionchol_basefitbootinit_preboot_20260521/runs/scenario1/bootstrap/federated/scenario1/raw_runs/run_20260521-183911/optim_result_trial_074_20260521-184746.json","trace":"/project/temp/deferiprone_single_oral_25mgkg_designcheck_20260511/validation/design_change_n403030_wtmclustT10_nomix_site403030_nondesignquota_precisionchol_basefitbootinit_preboot_20260521/runs/scenario1/bootstrap/federated/scenario1/raw_runs/run_20260521-183911/optim_trace_trial_074_20260521-184746.csv","final":"/project/temp/deferiprone_single_oral_25mgkg_designcheck_20260511/validation/design_change_n403030_wtmclustT10_nomix_site403030_nondesignquota_precisionchol_basefitbootinit_preboot_20260521/runs/scenario1/bootstrap/federated/scenario1/raw_runs/run_20260521-183911/final_params_trial_074_20260521-184746.csv"},"log_n":28,"execution_state":"completed","trial":74,"attempts":1},{"tag":"trial_075_20260521-185119","value":2219.9332,"counts":[24,24],"control":{"maxit":100,"factr":1000000000,"pgtol":0,"trace":0,"method":"L-BFGS-B"},"convergence":0,"message":"CONVERGENCE: REL_REDUCTION_OF_F <= FACTR*EPSMCH","nat_par":{"lka":2.2400149637,"lcl":2.1921240667,"lvc":2.9906370386,"CcPropSd":0.36471536418,"etaLcl":0.098595663907,"etaLvc":0.028793154066,"(etaLcl,etaLvc)":0.051878736115,"rho_(etaLcl,etaLvc)":0.9736791241},"failed_clients":[],"attempt":1,"files":{"result":"/project/temp/deferiprone_single_oral_25mgkg_designcheck_20260511/validation/design_change_n403030_wtmclustT10_nomix_site403030_nondesignquota_precisionchol_basefitbootinit_preboot_20260521/runs/scenario1/bootstrap/federated/scenario1/raw_runs/run_20260521-183911/optim_result_trial_075_20260521-185119.json","trace":"/project/temp/deferiprone_single_oral_25mgkg_designcheck_20260511/validation/design_change_n403030_wtmclustT10_nomix_site403030_nondesignquota_precisionchol_basefitbootinit_preboot_20260521/runs/scenario1/bootstrap/federated/scenario1/raw_runs/run_20260521-183911/optim_trace_trial_075_20260521-185119.csv","final":"/project/temp/deferiprone_single_oral_25mgkg_designcheck_20260511/validation/design_change_n403030_wtmclustT10_nomix_site403030_nondesignquota_precisionchol_basefitbootinit_preboot_20260521/runs/scenario1/bootstrap/federated/scenario1/raw_runs/run_20260521-183911/final_params_trial_075_20260521-185119.csv"},"log_n":24,"execution_state":"completed","trial":75,"attempts":1}],"trial_status":[{"trial":71,"execution_state":"completed","converged":true,"attempts":1,"convergence":0,"value":2194.9111,"eval_fn":23,"eval_gr":23,"log_n":23,"failed_clients_n":0,"message":"CONVERGENCE: REL_REDUCTION_OF_F <= FACTR*EPSMCH","result_file":"/project/temp/deferiprone_single_oral_25mgkg_designcheck_20260511/validation/design_change_n403030_wtmclustT10_nomix_site403030_nondesignquota_precisionchol_basefitbootinit_preboot_20260521/runs/scenario1/bootstrap/federated/scenario1/raw_runs/run_20260521-183911/optim_result_trial_071_20260521-183911.json","trace_file":"/project/temp/deferiprone_single_oral_25mgkg_designcheck_20260511/validation/design_change_n403030_wtmclustT10_nomix_site403030_nondesignquota_precisionchol_basefitbootinit_preboot_20260521/runs/scenario1/bootstrap/federated/scenario1/raw_runs/run_20260521-183911/optim_trace_trial_071_20260521-183911.csv","final_file":"/project/temp/deferiprone_single_oral_25mgkg_designcheck_20260511/validation/design_change_n403030_wtmclustT10_nomix_site403030_nondesignquota_precisionchol_basefitbootinit_preboot_20260521/runs/scenario1/bootstrap/federated/scenario1/raw_runs/run_20260521-183911/final_params_trial_071_20260521-183911.csv"},{"trial":72,"execution_state":"completed","converged":true,"attempts":1,"convergence":0,"value":2183.7899,"eval_fn":21,"eval_gr":21,"log_n":21,"failed_clients_n":0,"message":"CONVERGENCE: REL_REDUCTION_OF_F <= FACTR*EPSMCH","result_file":"/project/temp/deferiprone_single_oral_25mgkg_designcheck_20260511/validation/design_change_n403030_wtmclustT10_nomix_site403030_nondesignquota_precisionchol_basefitbootinit_preboot_20260521/runs/scenario1/bootstrap/federated/scenario1/raw_runs/run_20260521-183911/optim_result_trial_072_20260521-184205.json","trace_file":"/project/temp/deferiprone_single_oral_25mgkg_designcheck_20260511/validation/design_change_n403030_wtmclustT10_nomix_site403030_nondesignquota_precisionchol_basefitbootinit_preboot_20260521/runs/scenario1/bootstrap/federated/scenario1/raw_runs/run_20260521-183911/optim_trace_trial_072_20260521-184205.csv","final_file":"/project/temp/deferiprone_single_oral_25mgkg_designcheck_20260511/validation/design_change_n403030_wtmclustT10_nomix_site403030_nondesignquota_precisionchol_basefitbootinit_preboot_20260521/runs/scenario1/bootstrap/federated/scenario1/raw_runs/run_20260521-183911/final_params_trial_072_20260521-184205.csv"},{"trial":73,"execution_state":"completed","converged":true,"attempts":1,"convergence":0,"value":2245.6366,"eval_fn":24,"eval_gr":24,"log_n":24,"failed_clients_n":0,"message":"CONVERGENCE: REL_REDUCTION_OF_F <= FACTR*EPSMCH","result_file":"/project/temp/deferiprone_single_oral_25mgkg_designcheck_20260511/validation/design_change_n403030_wtmclustT10_nomix_site403030_nondesignquota_precisionchol_basefitbootinit_preboot_20260521/runs/scenario1/bootstrap/federated/scenario1/raw_runs/run_20260521-183911/optim_result_trial_073_20260521-184446.json","trace_file":"/project/temp/deferiprone_single_oral_25mgkg_designcheck_20260511/validation/design_change_n403030_wtmclustT10_nomix_site403030_nondesignquota_precisionchol_basefitbootinit_preboot_20260521/runs/scenario1/bootstrap/federated/scenario1/raw_runs/run_20260521-183911/optim_trace_trial_073_20260521-184446.csv","final_file":"/project/temp/deferiprone_single_oral_25mgkg_designcheck_20260511/validation/design_change_n403030_wtmclustT10_nomix_site403030_nondesignquota_precisionchol_basefitbootinit_preboot_20260521/runs/scenario1/bootstrap/federated/scenario1/raw_runs/run_20260521-183911/final_params_trial_073_20260521-184446.csv"},{"trial":74,"execution_state":"completed","converged":true,"attempts":1,"convergence":0,"value":2219.0407,"eval_fn":28,"eval_gr":28,"log_n":28,"failed_clients_n":0,"message":"CONVERGENCE: REL_REDUCTION_OF_F <= FACTR*EPSMCH","result_file":"/project/temp/deferiprone_single_oral_25mgkg_designcheck_20260511/validation/design_change_n403030_wtmclustT10_nomix_site403030_nondesignquota_precisionchol_basefitbootinit_preboot_20260521/runs/scenario1/bootstrap/federated/scenario1/raw_runs/run_20260521-183911/optim_result_trial_074_20260521-184746.json","trace_file":"/project/temp/deferiprone_single_oral_25mgkg_designcheck_20260511/validation/design_change_n403030_wtmclustT10_nomix_site403030_nondesignquota_precisionchol_basefitbootinit_preboot_20260521/runs/scenario1/bootstrap/federated/scenario1/raw_runs/run_20260521-183911/optim_trace_trial_074_20260521-184746.csv","final_file":"/project/temp/deferiprone_single_oral_25mgkg_designcheck_20260511/validation/design_change_n403030_wtmclustT10_nomix_site403030_nondesignquota_precisionchol_basefitbootinit_preboot_20260521/runs/scenario1/bootstrap/federated/scenario1/raw_runs/run_20260521-183911/final_params_trial_074_20260521-184746.csv"},{"trial":75,"execution_state":"completed","converged":true,"attempts":1,"convergence":0,"value":2219.9332,"eval_fn":24,"eval_gr":24,"log_n":24,"failed_clients_n":0,"message":"CONVERGENCE: REL_REDUCTION_OF_F <= FACTR*EPSMCH","result_file":"/project/temp/deferiprone_single_oral_25mgkg_designcheck_20260511/validation/design_change_n403030_wtmclustT10_nomix_site403030_nondesignquota_precisionchol_basefitbootinit_preboot_20260521/runs/scenario1/bootstrap/federated/scenario1/raw_runs/run_20260521-183911/optim_result_trial_075_20260521-185119.json","trace_file":"/project/temp/deferiprone_single_oral_25mgkg_designcheck_20260511/validation/design_change_n403030_wtmclustT10_nomix_site403030_nondesignquota_precisionchol_basefitbootinit_preboot_20260521/runs/scenario1/bootstrap/federated/scenario1/raw_runs/run_20260521-183911/optim_trace_trial_075_20260521-185119.csv","final_file":"/project/temp/deferiprone_single_oral_25mgkg_designcheck_20260511/validation/design_change_n403030_wtmclustT10_nomix_site403030_nondesignquota_precisionchol_basefitbootinit_preboot_20260521/runs/scenario1/bootstrap/federated/scenario1/raw_runs/run_20260521-183911/final_params_trial_075_20260521-185119.csv"}],"info":{"run_id":"20260521-183911","log_base_dir":"/project/temp/deferiprone_single_oral_25mgkg_designcheck_20260511/validation/design_change_n403030_wtmclustT10_nomix_site403030_nondesignquota_precisionchol_basefitbootinit_preboot_20260521/runs/scenario1/bootstrap/federated","scenario":"scenario1/raw_runs","total_trials":5,"successes":5,"failures":0,"nonconverged_count":0,"nonconverged_trials":[],"convergence_missing_count":0,"seed_base":4869,"B_per_client":500,"duration_sec":918.8304166794,"host":"581522cd1049","image_tag":null,"communication":{"generated_at":"2026-05-21T18:54:24Z","totals":{"requests":723,"request_bytes":805515,"response_bytes":183304,"total_bytes":988819,"retries":0},"init":{"requests":3,"request_bytes":8139,"response_bytes":1161,"total_bytes":9300,"retries":0,"median_elapsed_sec":0.36265444756},"init_round_latency":{"n_rounds":1,"median_round_wall_sec":0.36885404587,"p95_round_wall_sec":0.36885404587},"run":{"requests":0,"request_bytes":0,"response_bytes":0,"total_bytes":0,"retries":0,"median_elapsed_sec":"NA"},"run_bootstrap":{"requests":720,"request_bytes":797376,"response_bytes":182143,"total_bytes":979519,"retries":0,"median_elapsed_sec":3.6500862837},"round_latency":{"n_rounds":240,"median_round_wall_sec":3.7651277781,"p95_round_wall_sec":4.0421527982},"timing_split":{"n_rounds":240,"rounds_with_compute":240,"total_round_wall_sec":907.9473414421,"total_round_compute_wall_sec":900.0331,"total_round_comm_overhead_wall_sec":7.9142414421,"comm_overhead_ratio":0.0087166304486,"compute_ratio":0.99128336955}},"communication_files":{"csv":"/project/temp/deferiprone_single_oral_25mgkg_designcheck_20260511/validation/design_change_n403030_wtmclustT10_nomix_site403030_nondesignquota_precisionchol_basefitbootinit_preboot_20260521/runs/scenario1/bootstrap/federated/scenario1/raw_runs/run_20260521-183911/comm_metrics.csv","json":"/project/temp/deferiprone_single_oral_25mgkg_designcheck_20260511/validation/design_change_n403030_wtmclustT10_nomix_site403030_nondesignquota_precisionchol_basefitbootinit_preboot_20260521/runs/scenario1/bootstrap/federated/scenario1/raw_runs/run_20260521-183911/comm_metrics.json"},"output_files":{"bootstrap_summary_csv":"/project/temp/deferiprone_single_oral_25mgkg_designcheck_20260511/validation/design_change_n403030_wtmclustT10_nomix_site403030_nondesignquota_precisionchol_basefitbootinit_preboot_20260521/runs/scenario1/bootstrap/federated/scenario1/raw_runs/run_20260521-183911/bootstrap_summary.csv","bootstrap_summary_json":"/project/temp/deferiprone_single_oral_25mgkg_designcheck_20260511/validation/design_change_n403030_wtmclustT10_nomix_site403030_nondesignquota_precisionchol_basefitbootinit_preboot_20260521/runs/scenario1/bootstrap/federated/scenario1/raw_runs/run_20260521-183911/bootstrap_summary.json","trial_status_csv":"/project/temp/deferiprone_single_oral_25mgkg_designcheck_20260511/validation/design_change_n403030_wtmclustT10_nomix_site403030_nondesignquota_precisionchol_basefitbootinit_preboot_20260521/runs/scenario1/bootstrap/federated/scenario1/raw_runs/run_20260521-183911/trial_status.csv","failed_trials_csv":"/project/temp/deferiprone_single_oral_25mgkg_designcheck_20260511/validation/design_change_n403030_wtmclustT10_nomix_site403030_nondesignquota_precisionchol_basefitbootinit_preboot_20260521/runs/scenario1/bootstrap/federated/scenario1/raw_runs/run_20260521-183911/failed_trials.csv","trial_estimates_wide_csv":"/project/temp/deferiprone_single_oral_25mgkg_designcheck_20260511/validation/design_change_n403030_wtmclustT10_nomix_site403030_nondesignquota_precisionchol_basefitbootinit_preboot_20260521/runs/scenario1/bootstrap/federated/scenario1/raw_runs/run_20260521-183911/trial_estimates_wide.csv","trial_estimates_long_csv":"/project/temp/deferiprone_single_oral_25mgkg_designcheck_20260511/validation/design_change_n403030_wtmclustT10_nomix_site403030_nondesignquota_precisionchol_basefitbootinit_preboot_20260521/runs/scenario1/bootstrap/federated/scenario1/raw_runs/run_20260521-183911/trial_estimates_long.csv","result_json":"/project/temp/deferiprone_single_oral_25mgkg_designcheck_20260511/validation/design_change_n403030_wtmclustT10_nomix_site403030_nondesignquota_precisionchol_basefitbootinit_preboot_20260521/runs/scenario1/bootstrap/federated/scenario1/raw_runs/run_20260521-183911/result.json"}}}
[Kserver-1 exited with code 0
Aborting on container exit...
 Container defboot_design_change_n403030_wtmclu_scenario1_71_75-server-1  Stopping
 Container defboot_design_change_n403030_wtmclu_scenario1_71_75-server-1  Stopped
 Container defboot_design_change_n403030_wtmclu_scenario1_71_75-client2-1  Stopping
 Container defboot_design_change_n403030_wtmclu_scenario1_71_75-client3-1  Stopping
 Container defboot_design_change_n403030_wtmclu_scenario1_71_75-client1-1  Stopping
 Container defboot_design_change_n403030_wtmclu_scenario1_71_75-client1-1  Stopped
 Container defboot_design_change_n403030_wtmclu_scenario1_71_75-client2-1  Stopped
 Container defboot_design_change_n403030_wtmclu_scenario1_71_75-client3-1  Stopped
time="2026-05-22T03:54:35+09:00" level=warning msg="The \"SERVER_CONFIG_PATH\" variable is not set. Defaulting to a blank string."
 Container defboot_design_change_n403030_wtmclu_scenario1_71_75-server-1  Stopping
 Container defboot_design_change_n403030_wtmclu_scenario1_71_75-server-1  Stopped
 Container defboot_design_change_n403030_wtmclu_scenario1_71_75-server-1  Removing
 Container defboot_design_change_n403030_wtmclu_scenario1_71_75-server-1  Removed
 Container defboot_design_change_n403030_wtmclu_scenario1_71_75-client3-1  Stopping
 Container defboot_design_change_n403030_wtmclu_scenario1_71_75-client2-1  Stopping
 Container defboot_design_change_n403030_wtmclu_scenario1_71_75-client1-1  Stopping
 Container defboot_design_change_n403030_wtmclu_scenario1_71_75-client2-1  Stopped
 Container defboot_design_change_n403030_wtmclu_scenario1_71_75-client2-1  Removing
 Container defboot_design_change_n403030_wtmclu_scenario1_71_75-client3-1  Stopped
 Container defboot_design_change_n403030_wtmclu_scenario1_71_75-client3-1  Removing
 Container defboot_design_change_n403030_wtmclu_scenario1_71_75-client1-1  Stopped
 Container defboot_design_change_n403030_wtmclu_scenario1_71_75-client1-1  Removing
 Container defboot_design_change_n403030_wtmclu_scenario1_71_75-client1-1  Removed
 Container defboot_design_change_n403030_wtmclu_scenario1_71_75-client2-1  Removed
 Container defboot_design_change_n403030_wtmclu_scenario1_71_75-client3-1  Removed
 Network defboot_design_change_n403030_wtmclu_scenario1_71_75_site1_net  Removing
 Network defboot_design_change_n403030_wtmclu_scenario1_71_75_site3_net  Removing
 Network defboot_design_change_n403030_wtmclu_scenario1_71_75_site2_net  Removing
 Network defboot_design_change_n403030_wtmclu_scenario1_71_75_site1_net  Removed
 Network defboot_design_change_n403030_wtmclu_scenario1_71_75_site2_net  Removed
 Network defboot_design_change_n403030_wtmclu_scenario1_71_75_site3_net  Removed
