time="2026-05-22T19:44:18+09:00" level=warning msg="The \"SERVER_CONFIG_PATH\" variable is not set. Defaulting to a blank string."
Compose now can delegate build to bake for better performances
Just set COMPOSE_BAKE=true
#0 building with "default" instance using docker driver

#1 [client2 internal] load build definition from Dockerfile.app
#1 transferring dockerfile: 778B done
#1 DONE 0.0s

#2 [client1 internal] load build definition from Dockerfile.app
#2 transferring dockerfile: 778B done
#2 DONE 0.0s

#3 [client3 internal] load build definition from Dockerfile.app
#3 transferring dockerfile: 778B done
#3 DONE 0.0s

#4 [client3 internal] load metadata for docker.io/fedpoppk/base:0.1.0
#4 DONE 0.0s

#5 [client2 internal] load .dockerignore
#5 transferring context: 2B done
#5 DONE 0.0s

#6 [client1 internal] load .dockerignore
#6 transferring context: 2B done
#6 DONE 0.0s

#7 [client3 1/8] FROM docker.io/fedpoppk/base:0.1.0
#7 DONE 0.0s

#8 [client3 internal] load .dockerignore
#8 transferring context: 2B done
#8 DONE 0.0s

#9 [client2 internal] load build context
#9 transferring context: 736.51kB 0.3s done
#9 DONE 0.3s

#10 [client3 internal] load build context
#10 transferring context: 736.51kB 0.3s done
#10 DONE 0.3s

#11 [client1 internal] load build context
#11 transferring context: 736.51kB 0.3s done
#11 DONE 0.3s

#12 [client2 2/8] WORKDIR /project
#12 CACHED

#13 [client2 5/8] COPY apps/ apps/
#13 CACHED

#14 [client2 6/8] COPY R/ R/
#14 CACHED

#15 [client2 7/8] COPY analysis/ analysis/
#15 CACHED

#16 [client2 3/8] COPY renv.lock .Rprofile renv/activate.R ./
#16 CACHED

#17 [client2 4/8] RUN Rscript -e "options(renv.consent=TRUE, Ncpus=parallel::detectCores());                 renv::restore(prompt=FALSE)"
#17 CACHED

#18 [client1 8/8] RUN mkdir -p /project/configs/modes /project/data /project/artifacts /project/result
#18 CACHED

#19 [client2] exporting to image
#19 exporting layers done
#19 writing image sha256:94d612f7b8da0f31182d1b35ad95da757d9ef52f795d5c92c4c87bd20d844b5e done
#19 naming to docker.io/library/defboot_design_change_n403030_wtmclu_scenario1_386_390-client2 0.0s done
#19 DONE 0.0s

#20 [client1] exporting to image
#20 exporting layers done
#20 writing image sha256:a62edb50ec57141306a76b313213ec1919d6f4d15c04e14910e41197ede38974 done
#20 naming to docker.io/library/defboot_design_change_n403030_wtmclu_scenario1_386_390-client1 0.0s done
#20 DONE 0.1s

#21 [client3] exporting to image
#21 exporting layers done
#21 writing image sha256:dc4ee3eec774210e56d79bfbb0c7c0d57b8a14a9706e3178b45272cc0ac55ea0 done
#21 naming to docker.io/library/defboot_design_change_n403030_wtmclu_scenario1_386_390-client3 0.0s done
#21 DONE 0.1s

#22 [client2] resolving provenance for metadata file
#22 DONE 0.0s

#23 [client1] resolving provenance for metadata file
#23 DONE 0.0s

#24 [client3] resolving provenance for metadata file
#24 DONE 0.0s

#25 [server internal] load build definition from Dockerfile.app
#25 transferring dockerfile: 778B done
#25 DONE 0.0s

#4 [server internal] load metadata for docker.io/fedpoppk/base:0.1.0
#4 DONE 0.0s

#26 [server internal] load .dockerignore
#26 transferring context: 2B done
#26 DONE 0.0s

#7 [server 1/8] FROM docker.io/fedpoppk/base:0.1.0
#7 DONE 0.0s

#27 [server internal] load build context
#27 transferring context: 736.51kB 0.4s done
#27 DONE 0.4s

#28 [server 3/8] COPY renv.lock .Rprofile renv/activate.R ./
#28 CACHED

#29 [server 5/8] COPY apps/ apps/
#29 CACHED

#12 [server 2/8] WORKDIR /project
#12 CACHED

#30 [server 4/8] RUN Rscript -e "options(renv.consent=TRUE, Ncpus=parallel::detectCores());                 renv::restore(prompt=FALSE)"
#30 CACHED

#31 [server 6/8] COPY R/ R/
#31 CACHED

#32 [server 7/8] COPY analysis/ analysis/
#32 CACHED

#33 [server 8/8] RUN mkdir -p /project/configs/modes /project/data /project/artifacts /project/result
#33 CACHED

#34 [server] exporting to image
#34 exporting layers done
#34 writing image sha256:085914855da1b7dd43afb4936f27be104eb0c9176ec54f426325db6ecfae6f23 done
#34 naming to docker.io/library/defboot_design_change_n403030_wtmclu_scenario1_386_390-server 0.0s done
#34 DONE 0.0s

#35 [server] resolving provenance for metadata file
#35 DONE 0.0s
 client1  Built
 client2  Built
 client3  Built
 server  Built
 Network defboot_design_change_n403030_wtmclu_scenario1_386_390_site1_net  Creating
 Network defboot_design_change_n403030_wtmclu_scenario1_386_390_site1_net  Created
 Network defboot_design_change_n403030_wtmclu_scenario1_386_390_site2_net  Creating
 Network defboot_design_change_n403030_wtmclu_scenario1_386_390_site2_net  Created
 Network defboot_design_change_n403030_wtmclu_scenario1_386_390_site3_net  Creating
 Network defboot_design_change_n403030_wtmclu_scenario1_386_390_site3_net  Created
 Container defboot_design_change_n403030_wtmclu_scenario1_386_390-client3-1  Creating
 Container defboot_design_change_n403030_wtmclu_scenario1_386_390-client1-1  Creating
 Container defboot_design_change_n403030_wtmclu_scenario1_386_390-client2-1  Creating
 Container defboot_design_change_n403030_wtmclu_scenario1_386_390-client1-1  Created
 Container defboot_design_change_n403030_wtmclu_scenario1_386_390-client3-1  Created
 Container defboot_design_change_n403030_wtmclu_scenario1_386_390-client2-1  Created
 Container defboot_design_change_n403030_wtmclu_scenario1_386_390-server-1  Creating
 Container defboot_design_change_n403030_wtmclu_scenario1_386_390-server-1  Created
Attaching to client1-1, client2-1, client3-1, server-1
client3-1  | Running plumber API at http://0.0.0.0:8000
client3-1  | Running swagger Docs at http://127.0.0.1:8000/__docs__/
client1-1  | Running plumber API at http://0.0.0.0:8000
client1-1  | Running swagger Docs at http://127.0.0.1:8000/__docs__/
client2-1  | Running plumber API at http://0.0.0.0:8000
client2-1  | Running swagger Docs at http://127.0.0.1:8000/__docs__/
client1-1  | ℹ parameter labels from comments are typically ignored in non-interactive mode
client1-1  | ℹ Need to run with the source intact to parse comments
client2-1  | ℹ parameter labels from comments are typically ignored in non-interactive mode
client2-1  | ℹ Need to run with the source intact to parse comments
client3-1  | ℹ parameter labels from comments are typically ignored in non-interactive mode
client3-1  | ℹ Need to run with the source intact to parse comments
server-1   | [send_init] http://client1:8000 init succeeded
server-1   | [send_init] http://client3:8000 init succeeded
server-1   | [send_init] http://client2:8000 init succeeded
server-1   | {"schema":{"schema_version":"1.1.0","generated_at":"2026-05-22T10:44:27Z","config_path":"/project/configs/../temp/deferiprone_single_oral_25mgkg_designcheck_20260511/validation/design_change_n403030_wtmclustT10_nomix_site403030_nondesignquota_precisionchol_basefitbootinit_preboot_20260521/configs/resolved/scenario1_bootstrap.json","config_md5":"9d7556058a6c3cb18af9ad7ffdd7076b","seed":4869,"host":"210bb5ae1381","pid":1,"image_tag":null,"git_sha":null,"git_dirty":null},"aggregation":{"ci_method":"percentile","ci_level":0.95,"quantile_type":7,"estimates_scale":"natural"},"summary":[{"parameter":"(etaLcl,etaLvc)","median":0.061387411376,"p2.5":0.050006301217,"p97.5":0.08062067064},{"parameter":"CcPropSd","median":0.33596792561,"p2.5":0.32473753374,"p97.5":0.39198951068},{"parameter":"etaLcl","median":0.095459722396,"p2.5":0.08391876297,"p97.5":0.13601792088},{"parameter":"etaLvc","median":0.040998683943,"p2.5":0.028138659657,"p97.5":0.049362518065},{"parameter":"lcl","median":2.1600492151,"p2.5":2.0910090721,"p97.5":2.2186587951},{"parameter":"lka","median":2.1396661538,"p2.5":2.0166522206,"p97.5":2.3345639277},{"parameter":"lvc","median":2.9293715601,"p2.5":2.8962441017,"p97.5":3.012619532},{"parameter":"rho_(etaLcl,etaLvc)","median":0.98126041328,"p2.5":0.97297959665,"p97.5":0.98437375262}],"runs":[{"tag":"trial_386_20260522-104427","value":2262.9196,"counts":[17,17],"control":{"maxit":100,"factr":1000000000,"pgtol":0,"trace":0,"method":"L-BFGS-B"},"convergence":0,"message":"CONVERGENCE: REL_REDUCTION_OF_F <= FACTR*EPSMCH","nat_par":{"lka":2.3521900213,"lcl":2.2200980237,"lvc":3.0168181654,"CcPropSd":0.38947986605,"etaLcl":0.13928085104,"etaLvc":0.049575193031,"(etaLcl,etaLvc)":0.081802908054,"rho_(etaLcl,etaLvc)":0.98444357772},"failed_clients":[],"attempt":1,"files":{"result":"/project/temp/deferiprone_single_oral_25mgkg_designcheck_20260511/validation/design_change_n403030_wtmclustT10_nomix_site403030_nondesignquota_precisionchol_basefitbootinit_preboot_20260521/runs/scenario1/bootstrap/federated/scenario1/raw_runs/run_20260522-104427/optim_result_trial_386_20260522-104427.json","trace":"/project/temp/deferiprone_single_oral_25mgkg_designcheck_20260511/validation/design_change_n403030_wtmclustT10_nomix_site403030_nondesignquota_precisionchol_basefitbootinit_preboot_20260521/runs/scenario1/bootstrap/federated/scenario1/raw_runs/run_20260522-104427/optim_trace_trial_386_20260522-104427.csv","final":"/project/temp/deferiprone_single_oral_25mgkg_designcheck_20260511/validation/design_change_n403030_wtmclustT10_nomix_site403030_nondesignquota_precisionchol_basefitbootinit_preboot_20260521/runs/scenario1/bootstrap/federated/scenario1/raw_runs/run_20260522-104427/final_params_trial_386_20260522-104427.csv"},"log_n":17,"execution_state":"completed","trial":386,"attempts":1},{"tag":"trial_387_20260522-104636","value":2174.4692,"counts":[23,23],"control":{"maxit":100,"factr":1000000000,"pgtol":0,"trace":0,"method":"L-BFGS-B"},"convergence":0,"message":"CONVERGENCE: REL_REDUCTION_OF_F <= FACTR*EPSMCH","nat_par":{"lka":2.1148835819,"lcl":2.1600492151,"lvc":2.9748318315,"CcPropSd":0.33596792561,"etaLcl":0.095459722396,"etaLvc":0.040998683943,"(etaLcl,etaLvc)":0.061387411376,"rho_(etaLcl,etaLvc)":0.98126041328},"failed_clients":[],"attempt":1,"files":{"result":"/project/temp/deferiprone_single_oral_25mgkg_designcheck_20260511/validation/design_change_n403030_wtmclustT10_nomix_site403030_nondesignquota_precisionchol_basefitbootinit_preboot_20260521/runs/scenario1/bootstrap/federated/scenario1/raw_runs/run_20260522-104427/optim_result_trial_387_20260522-104636.json","trace":"/project/temp/deferiprone_single_oral_25mgkg_designcheck_20260511/validation/design_change_n403030_wtmclustT10_nomix_site403030_nondesignquota_precisionchol_basefitbootinit_preboot_20260521/runs/scenario1/bootstrap/federated/scenario1/raw_runs/run_20260522-104427/optim_trace_trial_387_20260522-104636.csv","final":"/project/temp/deferiprone_single_oral_25mgkg_designcheck_20260511/validation/design_change_n403030_wtmclustT10_nomix_site403030_nondesignquota_precisionchol_basefitbootinit_preboot_20260521/runs/scenario1/bootstrap/federated/scenario1/raw_runs/run_20260522-104427/final_params_trial_387_20260522-104636.csv"},"log_n":23,"execution_state":"completed","trial":387,"attempts":1},{"tag":"trial_388_20260522-104930","value":2161.1595,"counts":[41,41],"control":{"maxit":100,"factr":1000000000,"pgtol":0,"trace":0,"method":"L-BFGS-B"},"convergence":0,"message":"CONVERGENCE: REL_REDUCTION_OF_F <= FACTR*EPSMCH","nat_par":{"lka":2.175929086,"lcl":2.2057057383,"lvc":2.9293715601,"CcPropSd":0.32997862922,"etaLcl":0.09544388472,"etaLvc":0.027452909799,"(etaLcl,etaLvc)":0.049777872341,"rho_(etaLcl,etaLvc)":0.97245179942},"failed_clients":[],"attempt":1,"files":{"result":"/project/temp/deferiprone_single_oral_25mgkg_designcheck_20260511/validation/design_change_n403030_wtmclustT10_nomix_site403030_nondesignquota_precisionchol_basefitbootinit_preboot_20260521/runs/scenario1/bootstrap/federated/scenario1/raw_runs/run_20260522-104427/optim_result_trial_388_20260522-104930.json","trace":"/project/temp/deferiprone_single_oral_25mgkg_designcheck_20260511/validation/design_change_n403030_wtmclustT10_nomix_site403030_nondesignquota_precisionchol_basefitbootinit_preboot_20260521/runs/scenario1/bootstrap/federated/scenario1/raw_runs/run_20260522-104427/optim_trace_trial_388_20260522-104930.csv","final":"/project/temp/deferiprone_single_oral_25mgkg_designcheck_20260511/validation/design_change_n403030_wtmclustT10_nomix_site403030_nondesignquota_precisionchol_basefitbootinit_preboot_20260521/runs/scenario1/bootstrap/federated/scenario1/raw_runs/run_20260522-104427/final_params_trial_388_20260522-104930.csv"},"log_n":41,"execution_state":"completed","trial":388,"attempts":1},{"tag":"trial_389_20260522-105442","value":2201.3436,"counts":[23,23],"control":{"maxit":100,"factr":1000000000,"pgtol":0,"trace":0,"method":"L-BFGS-B"},"convergence":0,"message":"CONVERGENCE: REL_REDUCTION_OF_F <= FACTR*EPSMCH","nat_par":{"lka":2.0057376249,"lcl":2.087076113,"lvc":2.8952416766,"CcPropSd":0.32415518979,"etaLcl":0.10665154946,"etaLvc":0.047448443376,"(etaLcl,etaLvc)":0.069980533915,"rho_(etaLcl,etaLvc)":0.98374532678},"failed_clients":[],"attempt":1,"files":{"result":"/project/temp/deferiprone_single_oral_25mgkg_designcheck_20260511/validation/design_change_n403030_wtmclustT10_nomix_site403030_nondesignquota_precisionchol_basefitbootinit_preboot_20260521/runs/scenario1/bootstrap/federated/scenario1/raw_runs/run_20260522-104427/optim_result_trial_389_20260522-105442.json","trace":"/project/temp/deferiprone_single_oral_25mgkg_designcheck_20260511/validation/design_change_n403030_wtmclustT10_nomix_site403030_nondesignquota_precisionchol_basefitbootinit_preboot_20260521/runs/scenario1/bootstrap/federated/scenario1/raw_runs/run_20260522-104427/optim_trace_trial_389_20260522-105442.csv","final":"/project/temp/deferiprone_single_oral_25mgkg_designcheck_20260511/validation/design_change_n403030_wtmclustT10_nomix_site403030_nondesignquota_precisionchol_basefitbootinit_preboot_20260521/runs/scenario1/bootstrap/federated/scenario1/raw_runs/run_20260522-104427/final_params_trial_389_20260522-105442.csv"},"log_n":23,"execution_state":"completed","trial":389,"attempts":1},{"tag":"trial_390_20260522-105737","value":2255.8901,"counts":[16,16],"control":{"maxit":100,"factr":1000000000,"pgtol":0,"trace":0,"method":"L-BFGS-B"},"convergence":0,"message":"CONVERGENCE: REL_REDUCTION_OF_F <= FACTR*EPSMCH","nat_par":{"lka":2.1396661538,"lcl":2.1264057043,"lvc":2.9052659275,"CcPropSd":0.39226836008,"etaLcl":0.082638193887,"etaLvc":0.034310408384,"(etaLcl,etaLvc)":0.052062161094,"rho_(etaLcl,etaLvc)":0.97772977171},"failed_clients":[],"attempt":1,"files":{"result":"/project/temp/deferiprone_single_oral_25mgkg_designcheck_20260511/validation/design_change_n403030_wtmclustT10_nomix_site403030_nondesignquota_precisionchol_basefitbootinit_preboot_20260521/runs/scenario1/bootstrap/federated/scenario1/raw_runs/run_20260522-104427/optim_result_trial_390_20260522-105737.json","trace":"/project/temp/deferiprone_single_oral_25mgkg_designcheck_20260511/validation/design_change_n403030_wtmclustT10_nomix_site403030_nondesignquota_precisionchol_basefitbootinit_preboot_20260521/runs/scenario1/bootstrap/federated/scenario1/raw_runs/run_20260522-104427/optim_trace_trial_390_20260522-105737.csv","final":"/project/temp/deferiprone_single_oral_25mgkg_designcheck_20260511/validation/design_change_n403030_wtmclustT10_nomix_site403030_nondesignquota_precisionchol_basefitbootinit_preboot_20260521/runs/scenario1/bootstrap/federated/scenario1/raw_runs/run_20260522-104427/final_params_trial_390_20260522-105737.csv"},"log_n":16,"execution_state":"completed","trial":390,"attempts":1}],"trial_status":[{"trial":386,"execution_state":"completed","converged":true,"attempts":1,"convergence":0,"value":2262.9196,"eval_fn":17,"eval_gr":17,"log_n":17,"failed_clients_n":0,"message":"CONVERGENCE: REL_REDUCTION_OF_F <= FACTR*EPSMCH","result_file":"/project/temp/deferiprone_single_oral_25mgkg_designcheck_20260511/validation/design_change_n403030_wtmclustT10_nomix_site403030_nondesignquota_precisionchol_basefitbootinit_preboot_20260521/runs/scenario1/bootstrap/federated/scenario1/raw_runs/run_20260522-104427/optim_result_trial_386_20260522-104427.json","trace_file":"/project/temp/deferiprone_single_oral_25mgkg_designcheck_20260511/validation/design_change_n403030_wtmclustT10_nomix_site403030_nondesignquota_precisionchol_basefitbootinit_preboot_20260521/runs/scenario1/bootstrap/federated/scenario1/raw_runs/run_20260522-104427/optim_trace_trial_386_20260522-104427.csv","final_file":"/project/temp/deferiprone_single_oral_25mgkg_designcheck_20260511/validation/design_change_n403030_wtmclustT10_nomix_site403030_nondesignquota_precisionchol_basefitbootinit_preboot_20260521/runs/scenario1/bootstrap/federated/scenario1/raw_runs/run_20260522-104427/final_params_trial_386_20260522-104427.csv"},{"trial":387,"execution_state":"completed","converged":true,"attempts":1,"convergence":0,"value":2174.4692,"eval_fn":23,"eval_gr":23,"log_n":23,"failed_clients_n":0,"message":"CONVERGENCE: REL_REDUCTION_OF_F <= FACTR*EPSMCH","result_file":"/project/temp/deferiprone_single_oral_25mgkg_designcheck_20260511/validation/design_change_n403030_wtmclustT10_nomix_site403030_nondesignquota_precisionchol_basefitbootinit_preboot_20260521/runs/scenario1/bootstrap/federated/scenario1/raw_runs/run_20260522-104427/optim_result_trial_387_20260522-104636.json","trace_file":"/project/temp/deferiprone_single_oral_25mgkg_designcheck_20260511/validation/design_change_n403030_wtmclustT10_nomix_site403030_nondesignquota_precisionchol_basefitbootinit_preboot_20260521/runs/scenario1/bootstrap/federated/scenario1/raw_runs/run_20260522-104427/optim_trace_trial_387_20260522-104636.csv","final_file":"/project/temp/deferiprone_single_oral_25mgkg_designcheck_20260511/validation/design_change_n403030_wtmclustT10_nomix_site403030_nondesignquota_precisionchol_basefitbootinit_preboot_20260521/runs/scenario1/bootstrap/federated/scenario1/raw_runs/run_20260522-104427/final_params_trial_387_20260522-104636.csv"},{"trial":388,"execution_state":"completed","converged":true,"attempts":1,"convergence":0,"value":2161.1595,"eval_fn":41,"eval_gr":41,"log_n":41,"failed_clients_n":0,"message":"CONVERGENCE: REL_REDUCTION_OF_F <= FACTR*EPSMCH","result_file":"/project/temp/deferiprone_single_oral_25mgkg_designcheck_20260511/validation/design_change_n403030_wtmclustT10_nomix_site403030_nondesignquota_precisionchol_basefitbootinit_preboot_20260521/runs/scenario1/bootstrap/federated/scenario1/raw_runs/run_20260522-104427/optim_result_trial_388_20260522-104930.json","trace_file":"/project/temp/deferiprone_single_oral_25mgkg_designcheck_20260511/validation/design_change_n403030_wtmclustT10_nomix_site403030_nondesignquota_precisionchol_basefitbootinit_preboot_20260521/runs/scenario1/bootstrap/federated/scenario1/raw_runs/run_20260522-104427/optim_trace_trial_388_20260522-104930.csv","final_file":"/project/temp/deferiprone_single_oral_25mgkg_designcheck_20260511/validation/design_change_n403030_wtmclustT10_nomix_site403030_nondesignquota_precisionchol_basefitbootinit_preboot_20260521/runs/scenario1/bootstrap/federated/scenario1/raw_runs/run_20260522-104427/final_params_trial_388_20260522-104930.csv"},{"trial":389,"execution_state":"completed","converged":true,"attempts":1,"convergence":0,"value":2201.3436,"eval_fn":23,"eval_gr":23,"log_n":23,"failed_clients_n":0,"message":"CONVERGENCE: REL_REDUCTION_OF_F <= FACTR*EPSMCH","result_file":"/project/temp/deferiprone_single_oral_25mgkg_designcheck_20260511/validation/design_change_n403030_wtmclustT10_nomix_site403030_nondesignquota_precisionchol_basefitbootinit_preboot_20260521/runs/scenario1/bootstrap/federated/scenario1/raw_runs/run_20260522-104427/optim_result_trial_389_20260522-105442.json","trace_file":"/project/temp/deferiprone_single_oral_25mgkg_designcheck_20260511/validation/design_change_n403030_wtmclustT10_nomix_site403030_nondesignquota_precisionchol_basefitbootinit_preboot_20260521/runs/scenario1/bootstrap/federated/scenario1/raw_runs/run_20260522-104427/optim_trace_trial_389_20260522-105442.csv","final_file":"/project/temp/deferiprone_single_oral_25mgkg_designcheck_20260511/validation/design_change_n403030_wtmclustT10_nomix_site403030_nondesignquota_precisionchol_basefitbootinit_preboot_20260521/runs/scenario1/bootstrap/federated/scenario1/raw_runs/run_20260522-104427/final_params_trial_389_20260522-105442.csv"},{"trial":390,"execution_state":"completed","converged":true,"attempts":1,"convergence":0,"value":2255.8901,"eval_fn":16,"eval_gr":16,"log_n":16,"failed_clients_n":0,"message":"CONVERGENCE: REL_REDUCTION_OF_F <= FACTR*EPSMCH","result_file":"/project/temp/deferiprone_single_oral_25mgkg_designcheck_20260511/validation/design_change_n403030_wtmclustT10_nomix_site403030_nondesignquota_precisionchol_basefitbootinit_preboot_20260521/runs/scenario1/bootstrap/federated/scenario1/raw_runs/run_20260522-104427/optim_result_trial_390_20260522-105737.json","trace_file":"/project/temp/deferiprone_single_oral_25mgkg_designcheck_20260511/validation/design_change_n403030_wtmclustT10_nomix_site403030_nondesignquota_precisionchol_basefitbootinit_preboot_20260521/runs/scenario1/bootstrap/federated/scenario1/raw_runs/run_20260522-104427/optim_trace_trial_390_20260522-105737.csv","final_file":"/project/temp/deferiprone_single_oral_25mgkg_designcheck_20260511/validation/design_change_n403030_wtmclustT10_nomix_site403030_nondesignquota_precisionchol_basefitbootinit_preboot_20260521/runs/scenario1/bootstrap/federated/scenario1/raw_runs/run_20260522-104427/final_params_trial_390_20260522-105737.csv"}],"info":{"run_id":"20260522-104427","log_base_dir":"/project/temp/deferiprone_single_oral_25mgkg_designcheck_20260511/validation/design_change_n403030_wtmclustT10_nomix_site403030_nondesignquota_precisionchol_basefitbootinit_preboot_20260521/runs/scenario1/bootstrap/federated","scenario":"scenario1/raw_runs","total_trials":5,"successes":5,"failures":0,"nonconverged_count":0,"nonconverged_trials":[],"convergence_missing_count":0,"seed_base":4869,"B_per_client":500,"duration_sec":918.6058218479,"host":"210bb5ae1381","image_tag":null,"communication":{"generated_at":"2026-05-22T10:59:40Z","totals":{"requests":723,"request_bytes":806277,"response_bytes":183295,"total_bytes":989572,"retries":0},"init":{"requests":3,"request_bytes":8139,"response_bytes":1161,"total_bytes":9300,"retries":0,"median_elapsed_sec":0.3671028614},"init_round_latency":{"n_rounds":1,"median_round_wall_sec":0.37335062027,"p95_round_wall_sec":0.37335062027},"run":{"requests":0,"request_bytes":0,"response_bytes":0,"total_bytes":0,"retries":0,"median_elapsed_sec":"NA"},"run_bootstrap":{"requests":720,"request_bytes":798138,"response_bytes":182134,"total_bytes":980272,"retries":0,"median_elapsed_sec":3.6400618553},"round_latency":{"n_rounds":240,"median_round_wall_sec":3.7641079426,"p95_round_wall_sec":4.0716940641},"timing_split":{"n_rounds":240,"rounds_with_compute":240,"total_round_wall_sec":907.6813147068,"total_round_compute_wall_sec":899.7877,"total_round_comm_overhead_wall_sec":7.8936147068,"comm_overhead_ratio":0.0086964605076,"compute_ratio":0.99130353949}},"communication_files":{"csv":"/project/temp/deferiprone_single_oral_25mgkg_designcheck_20260511/validation/design_change_n403030_wtmclustT10_nomix_site403030_nondesignquota_precisionchol_basefitbootinit_preboot_20260521/runs/scenario1/bootstrap/federated/scenario1/raw_runs/run_20260522-104427/comm_metrics.csv","json":"/project/temp/deferiprone_single_oral_25mgkg_designcheck_20260511/validation/design_change_n403030_wtmclustT10_nomix_site403030_nondesignquota_precisionchol_basefitbootinit_preboot_20260521/runs/scenario1/bootstrap/federated/scenario1/raw_runs/run_20260522-104427/comm_metrics.json"},"output_files":{"bootstrap_summary_csv":"/project/temp/deferiprone_single_oral_25mgkg_designcheck_20260511/validation/design_change_n403030_wtmclustT10_nomix_site403030_nondesignquota_precisionchol_basefitbootinit_preboot_20260521/runs/scenario1/bootstrap/federated/scenario1/raw_runs/run_20260522-104427/bootstrap_summary.csv","bootstrap_summary_json":"/project/temp/deferiprone_single_oral_25mgkg_designcheck_20260511/validation/design_change_n403030_wtmclustT10_nomix_site403030_nondesignquota_precisionchol_basefitbootinit_preboot_20260521/runs/scenario1/bootstrap/federated/scenario1/raw_runs/run_20260522-104427/bootstrap_summary.json","trial_status_csv":"/project/temp/deferiprone_single_oral_25mgkg_designcheck_20260511/validation/design_change_n403030_wtmclustT10_nomix_site403030_nondesignquota_precisionchol_basefitbootinit_preboot_20260521/runs/scenario1/bootstrap/federated/scenario1/raw_runs/run_20260522-104427/trial_status.csv","failed_trials_csv":"/project/temp/deferiprone_single_oral_25mgkg_designcheck_20260511/validation/design_change_n403030_wtmclustT10_nomix_site403030_nondesignquota_precisionchol_basefitbootinit_preboot_20260521/runs/scenario1/bootstrap/federated/scenario1/raw_runs/run_20260522-104427/failed_trials.csv","trial_estimates_wide_csv":"/project/temp/deferiprone_single_oral_25mgkg_designcheck_20260511/validation/design_change_n403030_wtmclustT10_nomix_site403030_nondesignquota_precisionchol_basefitbootinit_preboot_20260521/runs/scenario1/bootstrap/federated/scenario1/raw_runs/run_20260522-104427/trial_estimates_wide.csv","trial_estimates_long_csv":"/project/temp/deferiprone_single_oral_25mgkg_designcheck_20260511/validation/design_change_n403030_wtmclustT10_nomix_site403030_nondesignquota_precisionchol_basefitbootinit_preboot_20260521/runs/scenario1/bootstrap/federated/scenario1/raw_runs/run_20260522-104427/trial_estimates_long.csv","result_json":"/project/temp/deferiprone_single_oral_25mgkg_designcheck_20260511/validation/design_change_n403030_wtmclustT10_nomix_site403030_nondesignquota_precisionchol_basefitbootinit_preboot_20260521/runs/scenario1/bootstrap/federated/scenario1/raw_runs/run_20260522-104427/result.json"}}}
[Kserver-1 exited with code 0
Aborting on container exit...
 Container defboot_design_change_n403030_wtmclu_scenario1_386_390-server-1  Stopping
 Container defboot_design_change_n403030_wtmclu_scenario1_386_390-server-1  Stopped
 Container defboot_design_change_n403030_wtmclu_scenario1_386_390-client3-1  Stopping
 Container defboot_design_change_n403030_wtmclu_scenario1_386_390-client1-1  Stopping
 Container defboot_design_change_n403030_wtmclu_scenario1_386_390-client2-1  Stopping
 Container defboot_design_change_n403030_wtmclu_scenario1_386_390-client1-1  Stopped
 Container defboot_design_change_n403030_wtmclu_scenario1_386_390-client2-1  Stopped
 Container defboot_design_change_n403030_wtmclu_scenario1_386_390-client3-1  Stopped
time="2026-05-22T19:59:50+09:00" level=warning msg="The \"SERVER_CONFIG_PATH\" variable is not set. Defaulting to a blank string."
 Container defboot_design_change_n403030_wtmclu_scenario1_386_390-server-1  Stopping
 Container defboot_design_change_n403030_wtmclu_scenario1_386_390-server-1  Stopped
 Container defboot_design_change_n403030_wtmclu_scenario1_386_390-server-1  Removing
 Container defboot_design_change_n403030_wtmclu_scenario1_386_390-server-1  Removed
 Container defboot_design_change_n403030_wtmclu_scenario1_386_390-client2-1  Stopping
 Container defboot_design_change_n403030_wtmclu_scenario1_386_390-client3-1  Stopping
 Container defboot_design_change_n403030_wtmclu_scenario1_386_390-client1-1  Stopping
 Container defboot_design_change_n403030_wtmclu_scenario1_386_390-client2-1  Stopped
 Container defboot_design_change_n403030_wtmclu_scenario1_386_390-client2-1  Removing
 Container defboot_design_change_n403030_wtmclu_scenario1_386_390-client3-1  Stopped
 Container defboot_design_change_n403030_wtmclu_scenario1_386_390-client3-1  Removing
 Container defboot_design_change_n403030_wtmclu_scenario1_386_390-client1-1  Stopped
 Container defboot_design_change_n403030_wtmclu_scenario1_386_390-client1-1  Removing
 Container defboot_design_change_n403030_wtmclu_scenario1_386_390-client2-1  Removed
 Container defboot_design_change_n403030_wtmclu_scenario1_386_390-client3-1  Removed
 Container defboot_design_change_n403030_wtmclu_scenario1_386_390-client1-1  Removed
 Network defboot_design_change_n403030_wtmclu_scenario1_386_390_site2_net  Removing
 Network defboot_design_change_n403030_wtmclu_scenario1_386_390_site3_net  Removing
 Network defboot_design_change_n403030_wtmclu_scenario1_386_390_site1_net  Removing
 Network defboot_design_change_n403030_wtmclu_scenario1_386_390_site2_net  Removed
 Network defboot_design_change_n403030_wtmclu_scenario1_386_390_site1_net  Removed
 Network defboot_design_change_n403030_wtmclu_scenario1_386_390_site3_net  Removed
