time="2026-05-22T12:50:48+09:00" level=warning msg="The \"SERVER_CONFIG_PATH\" variable is not set. Defaulting to a blank string."
Compose now can delegate build to bake for better performances
Just set COMPOSE_BAKE=true
#0 building with "default" instance using docker driver

#1 [client2 internal] load build definition from Dockerfile.app
#1 transferring dockerfile: 778B done
#1 DONE 0.0s

#2 [client3 internal] load build definition from Dockerfile.app
#2 transferring dockerfile: 778B done
#2 DONE 0.0s

#3 [client1 internal] load build definition from Dockerfile.app
#3 transferring dockerfile: 778B done
#3 DONE 0.0s

#4 [client1 internal] load metadata for docker.io/fedpoppk/base:0.1.0
#4 DONE 0.0s

#5 [client2 internal] load .dockerignore
#5 transferring context: 2B done
#5 DONE 0.0s

#6 [client1 internal] load .dockerignore
#6 transferring context: 2B done
#6 DONE 0.0s

#7 [client3 1/8] FROM docker.io/fedpoppk/base:0.1.0
#7 DONE 0.0s

#8 [client3 internal] load .dockerignore
#8 transferring context: 2B done
#8 DONE 0.0s

#9 [client2 internal] load build context
#9 transferring context: 736.51kB 0.3s done
#9 DONE 0.3s

#10 [client3 internal] load build context
#10 transferring context: 736.51kB 0.3s done
#10 DONE 0.3s

#11 [client1 internal] load build context
#11 transferring context: 736.51kB 0.3s done
#11 DONE 0.3s

#12 [client2 5/8] COPY apps/ apps/
#12 CACHED

#13 [client2 6/8] COPY R/ R/
#13 CACHED

#14 [client2 7/8] COPY analysis/ analysis/
#14 CACHED

#15 [client2 4/8] RUN Rscript -e "options(renv.consent=TRUE, Ncpus=parallel::detectCores());                 renv::restore(prompt=FALSE)"
#15 CACHED

#16 [client2 3/8] COPY renv.lock .Rprofile renv/activate.R ./
#16 CACHED

#17 [client2 2/8] WORKDIR /project
#17 CACHED

#18 [client1 8/8] RUN mkdir -p /project/configs/modes /project/data /project/artifacts /project/result
#18 CACHED

#19 [client1] exporting to image
#19 exporting layers done
#19 writing image sha256:1aa31a62bdf1ca56386917be040d2f2222d9adaee3032c8a05ba9ef76eea69f0 done
#19 naming to docker.io/library/defboot_design_change_n403030_wtmclu_scenario1_251_255-client1 0.0s done
#19 DONE 0.0s

#20 [client3] exporting to image
#20 exporting layers done
#20 writing image sha256:363de733684c6e15afe199a5e1fecb8f14798ccbe4bf1356ba69e3b8bb246ec6 done
#20 naming to docker.io/library/defboot_design_change_n403030_wtmclu_scenario1_251_255-client3 0.0s done
#20 DONE 0.0s

#21 [client2] exporting to image
#21 exporting layers done
#21 writing image sha256:c83956404b80ac4329a40ca265c5f3d2c31bf66289cb382a264332df10e0b181 done
#21 naming to docker.io/library/defboot_design_change_n403030_wtmclu_scenario1_251_255-client2 0.0s done
#21 DONE 0.1s

#22 [client2] resolving provenance for metadata file
#22 DONE 0.0s

#23 [client3] resolving provenance for metadata file
#23 DONE 0.0s

#24 [client1] resolving provenance for metadata file
#24 DONE 0.0s

#25 [server internal] load build definition from Dockerfile.app
#25 transferring dockerfile: 778B done
#25 DONE 0.0s

#4 [server internal] load metadata for docker.io/fedpoppk/base:0.1.0
#4 DONE 0.0s

#26 [server internal] load .dockerignore
#26 transferring context: 2B done
#26 DONE 0.0s

#7 [server 1/8] FROM docker.io/fedpoppk/base:0.1.0
#7 DONE 0.0s

#27 [server internal] load build context
#27 transferring context: 736.51kB 0.3s done
#27 DONE 0.4s

#28 [server 3/8] COPY renv.lock .Rprofile renv/activate.R ./
#28 CACHED

#17 [server 2/8] WORKDIR /project
#17 CACHED

#29 [server 5/8] COPY apps/ apps/
#29 CACHED

#30 [server 4/8] RUN Rscript -e "options(renv.consent=TRUE, Ncpus=parallel::detectCores());                 renv::restore(prompt=FALSE)"
#30 CACHED

#31 [server 6/8] COPY R/ R/
#31 CACHED

#32 [server 7/8] COPY analysis/ analysis/
#32 CACHED

#33 [server 8/8] RUN mkdir -p /project/configs/modes /project/data /project/artifacts /project/result
#33 CACHED

#34 [server] exporting to image
#34 exporting layers done
#34 writing image sha256:814d266d62d1668a64e22377199a36ae28d64c25f37bb626725536e58dcbd0bb done
#34 naming to docker.io/library/defboot_design_change_n403030_wtmclu_scenario1_251_255-server 0.0s done
#34 DONE 0.0s

#35 [server] resolving provenance for metadata file
#35 DONE 0.0s
 client1  Built
 client2  Built
 client3  Built
 server  Built
 Network defboot_design_change_n403030_wtmclu_scenario1_251_255_site2_net  Creating
 Network defboot_design_change_n403030_wtmclu_scenario1_251_255_site2_net  Created
 Network defboot_design_change_n403030_wtmclu_scenario1_251_255_site1_net  Creating
 Network defboot_design_change_n403030_wtmclu_scenario1_251_255_site1_net  Created
 Network defboot_design_change_n403030_wtmclu_scenario1_251_255_site3_net  Creating
 Network defboot_design_change_n403030_wtmclu_scenario1_251_255_site3_net  Created
 Container defboot_design_change_n403030_wtmclu_scenario1_251_255-client3-1  Creating
 Container defboot_design_change_n403030_wtmclu_scenario1_251_255-client2-1  Creating
 Container defboot_design_change_n403030_wtmclu_scenario1_251_255-client1-1  Creating
 Container defboot_design_change_n403030_wtmclu_scenario1_251_255-client1-1  Created
 Container defboot_design_change_n403030_wtmclu_scenario1_251_255-client2-1  Created
 Container defboot_design_change_n403030_wtmclu_scenario1_251_255-client3-1  Created
 Container defboot_design_change_n403030_wtmclu_scenario1_251_255-server-1  Creating
 Container defboot_design_change_n403030_wtmclu_scenario1_251_255-server-1  Created
Attaching to client1-1, client2-1, client3-1, server-1
client3-1  | Running plumber API at http://0.0.0.0:8000
client3-1  | Running swagger Docs at http://127.0.0.1:8000/__docs__/
client2-1  | Running plumber API at http://0.0.0.0:8000
client2-1  | Running swagger Docs at http://127.0.0.1:8000/__docs__/
client1-1  | Running plumber API at http://0.0.0.0:8000
client1-1  | Running swagger Docs at http://127.0.0.1:8000/__docs__/
client1-1  | ℹ parameter labels from comments are typically ignored in non-interactive mode
client2-1  | ℹ parameter labels from comments are typically ignored in non-interactive mode
client1-1  | ℹ Need to run with the source intact to parse comments
client2-1  | ℹ Need to run with the source intact to parse comments
client3-1  | ℹ parameter labels from comments are typically ignored in non-interactive mode
client3-1  | ℹ Need to run with the source intact to parse comments
server-1   | [send_init] http://client1:8000 init succeeded
server-1   | [send_init] http://client2:8000 init succeeded
server-1   | [send_init] http://client3:8000 init succeeded
server-1   | {"schema":{"schema_version":"1.1.0","generated_at":"2026-05-22T03:50:57Z","config_path":"/project/configs/../temp/deferiprone_single_oral_25mgkg_designcheck_20260511/validation/design_change_n403030_wtmclustT10_nomix_site403030_nondesignquota_precisionchol_basefitbootinit_preboot_20260521/configs/resolved/scenario1_bootstrap.json","config_md5":"9d7556058a6c3cb18af9ad7ffdd7076b","seed":4869,"host":"6939ffc8981d","pid":1,"image_tag":null,"git_sha":null,"git_dirty":null},"aggregation":{"ci_method":"percentile","ci_level":0.95,"quantile_type":7,"estimates_scale":"natural"},"summary":[{"parameter":"(etaLcl,etaLvc)","median":0.061432919356,"p2.5":0.055226144846,"p97.5":0.071798229601},{"parameter":"CcPropSd","median":0.34198688188,"p2.5":0.30950228055,"p97.5":0.36602895097},{"parameter":"etaLcl","median":0.11768223637,"p2.5":0.097197773164,"p97.5":0.12042983385},{"parameter":"etaLvc","median":0.03450282292,"p2.5":0.027350006694,"p97.5":0.046681069076},{"parameter":"lcl","median":2.195160556,"p2.5":2.1244381839,"p97.5":2.2290231156},{"parameter":"lka","median":2.2771761523,"p2.5":2.0429264988,"p97.5":2.3854268111},{"parameter":"lvc","median":2.9434590601,"p2.5":2.9143940925,"p97.5":3.0120352626},{"parameter":"rho_(etaLcl,etaLvc)","median":0.97789097587,"p2.5":0.97233509595,"p97.5":0.98347399228}],"runs":[{"tag":"trial_251_20260522-035057","value":2227.6966,"counts":[22,22],"control":{"maxit":100,"factr":1000000000,"pgtol":0,"trace":0,"method":"L-BFGS-B"},"convergence":0,"message":"CONVERGENCE: REL_REDUCTION_OF_F <= FACTR*EPSMCH","nat_par":{"lka":2.2793976103,"lcl":2.1437343645,"lvc":2.9434590601,"CcPropSd":0.34198688188,"etaLcl":0.12063072529,"etaLvc":0.030768951482,"(etaLcl,etaLvc)":0.059420130143,"rho_(etaLcl,etaLvc)":0.97532258414},"failed_clients":[],"attempt":1,"files":{"result":"/project/temp/deferiprone_single_oral_25mgkg_designcheck_20260511/validation/design_change_n403030_wtmclustT10_nomix_site403030_nondesignquota_precisionchol_basefitbootinit_preboot_20260521/runs/scenario1/bootstrap/federated/scenario1/raw_runs/run_20260522-035057/optim_result_trial_251_20260522-035057.json","trace":"/project/temp/deferiprone_single_oral_25mgkg_designcheck_20260511/validation/design_change_n403030_wtmclustT10_nomix_site403030_nondesignquota_precisionchol_basefitbootinit_preboot_20260521/runs/scenario1/bootstrap/federated/scenario1/raw_runs/run_20260522-035057/optim_trace_trial_251_20260522-035057.csv","final":"/project/temp/deferiprone_single_oral_25mgkg_designcheck_20260511/validation/design_change_n403030_wtmclustT10_nomix_site403030_nondesignquota_precisionchol_basefitbootinit_preboot_20260521/runs/scenario1/bootstrap/federated/scenario1/raw_runs/run_20260522-035057/final_params_trial_251_20260522-035057.csv"},"log_n":22,"execution_state":"completed","trial":251,"attempts":1},{"tag":"trial_252_20260522-035343","value":2265.7829,"counts":[42,42],"control":{"maxit":100,"factr":1000000000,"pgtol":0,"trace":0,"method":"L-BFGS-B"},"convergence":0,"message":"CONVERGENCE: REL_REDUCTION_OF_F <= FACTR*EPSMCH","nat_par":{"lka":2.2771761523,"lcl":2.1222941638,"lvc":2.9138655681,"CcPropSd":0.35424520106,"etaLcl":0.11438440089,"etaLvc":0.03450282292,"(etaLcl,etaLvc)":0.061432919356,"rho_(etaLcl,etaLvc)":0.97789097587},"failed_clients":[],"attempt":1,"files":{"result":"/project/temp/deferiprone_single_oral_25mgkg_designcheck_20260511/validation/design_change_n403030_wtmclustT10_nomix_site403030_nondesignquota_precisionchol_basefitbootinit_preboot_20260521/runs/scenario1/bootstrap/federated/scenario1/raw_runs/run_20260522-035057/optim_result_trial_252_20260522-035343.json","trace":"/project/temp/deferiprone_single_oral_25mgkg_designcheck_20260511/validation/design_change_n403030_wtmclustT10_nomix_site403030_nondesignquota_precisionchol_basefitbootinit_preboot_20260521/runs/scenario1/bootstrap/federated/scenario1/raw_runs/run_20260522-035057/optim_trace_trial_252_20260522-035343.csv","final":"/project/temp/deferiprone_single_oral_25mgkg_designcheck_20260511/validation/design_change_n403030_wtmclustT10_nomix_site403030_nondesignquota_precisionchol_basefitbootinit_preboot_20260521/runs/scenario1/bootstrap/federated/scenario1/raw_runs/run_20260522-035057/final_params_trial_252_20260522-035343.csv"},"log_n":41,"execution_state":"completed","trial":252,"attempts":1},{"tag":"trial_253_20260522-035853","value":2211.5773,"counts":[20,20],"control":{"maxit":100,"factr":1000000000,"pgtol":0,"trace":0,"method":"L-BFGS-B"},"convergence":0,"message":"CONVERGENCE: REL_REDUCTION_OF_F <= FACTR*EPSMCH","nat_par":{"lka":2.1314068925,"lcl":2.2323460055,"lvc":3.0131081101,"CcPropSd":0.36733825651,"etaLcl":0.11862181087,"etaLvc":0.045814015157,"(etaLcl,etaLvc)":0.072480028026,"rho_(etaLcl,etaLvc)":0.98318874915},"failed_clients":[],"attempt":1,"files":{"result":"/project/temp/deferiprone_single_oral_25mgkg_designcheck_20260511/validation/design_change_n403030_wtmclustT10_nomix_site403030_nondesignquota_precisionchol_basefitbootinit_preboot_20260521/runs/scenario1/bootstrap/federated/scenario1/raw_runs/run_20260522-035057/optim_result_trial_253_20260522-035853.json","trace":"/project/temp/deferiprone_single_oral_25mgkg_designcheck_20260511/validation/design_change_n403030_wtmclustT10_nomix_site403030_nondesignquota_precisionchol_basefitbootinit_preboot_20260521/runs/scenario1/bootstrap/federated/scenario1/raw_runs/run_20260522-035057/optim_trace_trial_253_20260522-035853.csv","final":"/project/temp/deferiprone_single_oral_25mgkg_designcheck_20260511/validation/design_change_n403030_wtmclustT10_nomix_site403030_nondesignquota_precisionchol_basefitbootinit_preboot_20260521/runs/scenario1/bootstrap/federated/scenario1/raw_runs/run_20260522-035057/final_params_trial_253_20260522-035853.csv"},"log_n":20,"execution_state":"completed","trial":253,"attempts":1},{"tag":"trial_254_20260522-040125","value":2156.8996,"counts":[23,23],"control":{"maxit":100,"factr":1000000000,"pgtol":0,"trace":0,"method":"L-BFGS-B"},"convergence":0,"message":"CONVERGENCE: REL_REDUCTION_OF_F <= FACTR*EPSMCH","nat_par":{"lka":2.3972078334,"lcl":2.199117107,"lvc":3.0023796351,"CcPropSd":0.30611536211,"etaLcl":0.11768223637,"etaLvc":0.026970123939,"(etaLcl,etaLvc)":0.05476014648,"rho_(etaLcl,etaLvc)":0.97200315281},"failed_clients":[],"attempt":1,"files":{"result":"/project/temp/deferiprone_single_oral_25mgkg_designcheck_20260511/validation/design_change_n403030_wtmclustT10_nomix_site403030_nondesignquota_precisionchol_basefitbootinit_preboot_20260521/runs/scenario1/bootstrap/federated/scenario1/raw_runs/run_20260522-035057/optim_result_trial_254_20260522-040125.json","trace":"/project/temp/deferiprone_single_oral_25mgkg_designcheck_20260511/validation/design_change_n403030_wtmclustT10_nomix_site403030_nondesignquota_precisionchol_basefitbootinit_preboot_20260521/runs/scenario1/bootstrap/federated/scenario1/raw_runs/run_20260522-035057/optim_trace_trial_254_20260522-040125.csv","final":"/project/temp/deferiprone_single_oral_25mgkg_designcheck_20260511/validation/design_change_n403030_wtmclustT10_nomix_site403030_nondesignquota_precisionchol_basefitbootinit_preboot_20260521/runs/scenario1/bootstrap/federated/scenario1/raw_runs/run_20260522-035057/final_params_trial_254_20260522-040125.csv"},"log_n":23,"execution_state":"completed","trial":254,"attempts":1},{"tag":"trial_255_20260522-040421","value":2166.0288,"counts":[29,29],"control":{"maxit":100,"factr":1000000000,"pgtol":0,"trace":0,"method":"L-BFGS-B"},"convergence":0,"message":"CONVERGENCE: REL_REDUCTION_OF_F <= FACTR*EPSMCH","nat_par":{"lka":2.0330953439,"lcl":2.195160556,"lvc":2.9191508124,"CcPropSd":0.33998454649,"etaLcl":0.095288147861,"etaLvc":0.0467774084,"(etaLcl,etaLvc)":0.065662043778,"rho_(etaLcl,etaLvc)":0.98350568596},"failed_clients":[],"attempt":1,"files":{"result":"/project/temp/deferiprone_single_oral_25mgkg_designcheck_20260511/validation/design_change_n403030_wtmclustT10_nomix_site403030_nondesignquota_precisionchol_basefitbootinit_preboot_20260521/runs/scenario1/bootstrap/federated/scenario1/raw_runs/run_20260522-035057/optim_result_trial_255_20260522-040421.json","trace":"/project/temp/deferiprone_single_oral_25mgkg_designcheck_20260511/validation/design_change_n403030_wtmclustT10_nomix_site403030_nondesignquota_precisionchol_basefitbootinit_preboot_20260521/runs/scenario1/bootstrap/federated/scenario1/raw_runs/run_20260522-035057/optim_trace_trial_255_20260522-040421.csv","final":"/project/temp/deferiprone_single_oral_25mgkg_designcheck_20260511/validation/design_change_n403030_wtmclustT10_nomix_site403030_nondesignquota_precisionchol_basefitbootinit_preboot_20260521/runs/scenario1/bootstrap/federated/scenario1/raw_runs/run_20260522-035057/final_params_trial_255_20260522-040421.csv"},"log_n":29,"execution_state":"completed","trial":255,"attempts":1}],"trial_status":[{"trial":251,"execution_state":"completed","converged":true,"attempts":1,"convergence":0,"value":2227.6966,"eval_fn":22,"eval_gr":22,"log_n":22,"failed_clients_n":0,"message":"CONVERGENCE: REL_REDUCTION_OF_F <= FACTR*EPSMCH","result_file":"/project/temp/deferiprone_single_oral_25mgkg_designcheck_20260511/validation/design_change_n403030_wtmclustT10_nomix_site403030_nondesignquota_precisionchol_basefitbootinit_preboot_20260521/runs/scenario1/bootstrap/federated/scenario1/raw_runs/run_20260522-035057/optim_result_trial_251_20260522-035057.json","trace_file":"/project/temp/deferiprone_single_oral_25mgkg_designcheck_20260511/validation/design_change_n403030_wtmclustT10_nomix_site403030_nondesignquota_precisionchol_basefitbootinit_preboot_20260521/runs/scenario1/bootstrap/federated/scenario1/raw_runs/run_20260522-035057/optim_trace_trial_251_20260522-035057.csv","final_file":"/project/temp/deferiprone_single_oral_25mgkg_designcheck_20260511/validation/design_change_n403030_wtmclustT10_nomix_site403030_nondesignquota_precisionchol_basefitbootinit_preboot_20260521/runs/scenario1/bootstrap/federated/scenario1/raw_runs/run_20260522-035057/final_params_trial_251_20260522-035057.csv"},{"trial":252,"execution_state":"completed","converged":true,"attempts":1,"convergence":0,"value":2265.7829,"eval_fn":42,"eval_gr":42,"log_n":41,"failed_clients_n":0,"message":"CONVERGENCE: REL_REDUCTION_OF_F <= FACTR*EPSMCH","result_file":"/project/temp/deferiprone_single_oral_25mgkg_designcheck_20260511/validation/design_change_n403030_wtmclustT10_nomix_site403030_nondesignquota_precisionchol_basefitbootinit_preboot_20260521/runs/scenario1/bootstrap/federated/scenario1/raw_runs/run_20260522-035057/optim_result_trial_252_20260522-035343.json","trace_file":"/project/temp/deferiprone_single_oral_25mgkg_designcheck_20260511/validation/design_change_n403030_wtmclustT10_nomix_site403030_nondesignquota_precisionchol_basefitbootinit_preboot_20260521/runs/scenario1/bootstrap/federated/scenario1/raw_runs/run_20260522-035057/optim_trace_trial_252_20260522-035343.csv","final_file":"/project/temp/deferiprone_single_oral_25mgkg_designcheck_20260511/validation/design_change_n403030_wtmclustT10_nomix_site403030_nondesignquota_precisionchol_basefitbootinit_preboot_20260521/runs/scenario1/bootstrap/federated/scenario1/raw_runs/run_20260522-035057/final_params_trial_252_20260522-035343.csv"},{"trial":253,"execution_state":"completed","converged":true,"attempts":1,"convergence":0,"value":2211.5773,"eval_fn":20,"eval_gr":20,"log_n":20,"failed_clients_n":0,"message":"CONVERGENCE: REL_REDUCTION_OF_F <= FACTR*EPSMCH","result_file":"/project/temp/deferiprone_single_oral_25mgkg_designcheck_20260511/validation/design_change_n403030_wtmclustT10_nomix_site403030_nondesignquota_precisionchol_basefitbootinit_preboot_20260521/runs/scenario1/bootstrap/federated/scenario1/raw_runs/run_20260522-035057/optim_result_trial_253_20260522-035853.json","trace_file":"/project/temp/deferiprone_single_oral_25mgkg_designcheck_20260511/validation/design_change_n403030_wtmclustT10_nomix_site403030_nondesignquota_precisionchol_basefitbootinit_preboot_20260521/runs/scenario1/bootstrap/federated/scenario1/raw_runs/run_20260522-035057/optim_trace_trial_253_20260522-035853.csv","final_file":"/project/temp/deferiprone_single_oral_25mgkg_designcheck_20260511/validation/design_change_n403030_wtmclustT10_nomix_site403030_nondesignquota_precisionchol_basefitbootinit_preboot_20260521/runs/scenario1/bootstrap/federated/scenario1/raw_runs/run_20260522-035057/final_params_trial_253_20260522-035853.csv"},{"trial":254,"execution_state":"completed","converged":true,"attempts":1,"convergence":0,"value":2156.8996,"eval_fn":23,"eval_gr":23,"log_n":23,"failed_clients_n":0,"message":"CONVERGENCE: REL_REDUCTION_OF_F <= FACTR*EPSMCH","result_file":"/project/temp/deferiprone_single_oral_25mgkg_designcheck_20260511/validation/design_change_n403030_wtmclustT10_nomix_site403030_nondesignquota_precisionchol_basefitbootinit_preboot_20260521/runs/scenario1/bootstrap/federated/scenario1/raw_runs/run_20260522-035057/optim_result_trial_254_20260522-040125.json","trace_file":"/project/temp/deferiprone_single_oral_25mgkg_designcheck_20260511/validation/design_change_n403030_wtmclustT10_nomix_site403030_nondesignquota_precisionchol_basefitbootinit_preboot_20260521/runs/scenario1/bootstrap/federated/scenario1/raw_runs/run_20260522-035057/optim_trace_trial_254_20260522-040125.csv","final_file":"/project/temp/deferiprone_single_oral_25mgkg_designcheck_20260511/validation/design_change_n403030_wtmclustT10_nomix_site403030_nondesignquota_precisionchol_basefitbootinit_preboot_20260521/runs/scenario1/bootstrap/federated/scenario1/raw_runs/run_20260522-035057/final_params_trial_254_20260522-040125.csv"},{"trial":255,"execution_state":"completed","converged":true,"attempts":1,"convergence":0,"value":2166.0288,"eval_fn":29,"eval_gr":29,"log_n":29,"failed_clients_n":0,"message":"CONVERGENCE: REL_REDUCTION_OF_F <= FACTR*EPSMCH","result_file":"/project/temp/deferiprone_single_oral_25mgkg_designcheck_20260511/validation/design_change_n403030_wtmclustT10_nomix_site403030_nondesignquota_precisionchol_basefitbootinit_preboot_20260521/runs/scenario1/bootstrap/federated/scenario1/raw_runs/run_20260522-035057/optim_result_trial_255_20260522-040421.json","trace_file":"/project/temp/deferiprone_single_oral_25mgkg_designcheck_20260511/validation/design_change_n403030_wtmclustT10_nomix_site403030_nondesignquota_precisionchol_basefitbootinit_preboot_20260521/runs/scenario1/bootstrap/federated/scenario1/raw_runs/run_20260522-035057/optim_trace_trial_255_20260522-040421.csv","final_file":"/project/temp/deferiprone_single_oral_25mgkg_designcheck_20260511/validation/design_change_n403030_wtmclustT10_nomix_site403030_nondesignquota_precisionchol_basefitbootinit_preboot_20260521/runs/scenario1/bootstrap/federated/scenario1/raw_runs/run_20260522-035057/final_params_trial_255_20260522-040421.csv"}],"info":{"run_id":"20260522-035057","log_base_dir":"/project/temp/deferiprone_single_oral_25mgkg_designcheck_20260511/validation/design_change_n403030_wtmclustT10_nomix_site403030_nondesignquota_precisionchol_basefitbootinit_preboot_20260521/runs/scenario1/bootstrap/federated","scenario":"scenario1/raw_runs","total_trials":5,"successes":5,"failures":0,"nonconverged_count":0,"nonconverged_trials":[],"convergence_missing_count":0,"seed_base":4869,"B_per_client":500,"duration_sec":1034.4889545441,"host":"6939ffc8981d","image_tag":null,"communication":{"generated_at":"2026-05-22T04:08:05Z","totals":{"requests":813,"request_bytes":905751,"response_bytes":205738,"total_bytes":1111489,"retries":0},"init":{"requests":3,"request_bytes":8139,"response_bytes":1161,"total_bytes":9300,"retries":0,"median_elapsed_sec":0.36445593834},"init_round_latency":{"n_rounds":1,"median_round_wall_sec":0.36944699287,"p95_round_wall_sec":0.36944699287},"run":{"requests":0,"request_bytes":0,"response_bytes":0,"total_bytes":0,"retries":0,"median_elapsed_sec":"NA"},"run_bootstrap":{"requests":810,"request_bytes":897612,"response_bytes":204577,"total_bytes":1102189,"retries":0,"median_elapsed_sec":3.644987464},"round_latency":{"n_rounds":270,"median_round_wall_sec":3.7726185322,"p95_round_wall_sec":4.0474129677},"timing_split":{"n_rounds":270,"rounds_with_compute":270,"total_round_wall_sec":1023.0065762997,"total_round_compute_wall_sec":1013.9575,"total_round_comm_overhead_wall_sec":9.0490762997,"comm_overhead_ratio":0.0088455700181,"compute_ratio":0.99115442998}},"communication_files":{"csv":"/project/temp/deferiprone_single_oral_25mgkg_designcheck_20260511/validation/design_change_n403030_wtmclustT10_nomix_site403030_nondesignquota_precisionchol_basefitbootinit_preboot_20260521/runs/scenario1/bootstrap/federated/scenario1/raw_runs/run_20260522-035057/comm_metrics.csv","json":"/project/temp/deferiprone_single_oral_25mgkg_designcheck_20260511/validation/design_change_n403030_wtmclustT10_nomix_site403030_nondesignquota_precisionchol_basefitbootinit_preboot_20260521/runs/scenario1/bootstrap/federated/scenario1/raw_runs/run_20260522-035057/comm_metrics.json"},"output_files":{"bootstrap_summary_csv":"/project/temp/deferiprone_single_oral_25mgkg_designcheck_20260511/validation/design_change_n403030_wtmclustT10_nomix_site403030_nondesignquota_precisionchol_basefitbootinit_preboot_20260521/runs/scenario1/bootstrap/federated/scenario1/raw_runs/run_20260522-035057/bootstrap_summary.csv","bootstrap_summary_json":"/project/temp/deferiprone_single_oral_25mgkg_designcheck_20260511/validation/design_change_n403030_wtmclustT10_nomix_site403030_nondesignquota_precisionchol_basefitbootinit_preboot_20260521/runs/scenario1/bootstrap/federated/scenario1/raw_runs/run_20260522-035057/bootstrap_summary.json","trial_status_csv":"/project/temp/deferiprone_single_oral_25mgkg_designcheck_20260511/validation/design_change_n403030_wtmclustT10_nomix_site403030_nondesignquota_precisionchol_basefitbootinit_preboot_20260521/runs/scenario1/bootstrap/federated/scenario1/raw_runs/run_20260522-035057/trial_status.csv","failed_trials_csv":"/project/temp/deferiprone_single_oral_25mgkg_designcheck_20260511/validation/design_change_n403030_wtmclustT10_nomix_site403030_nondesignquota_precisionchol_basefitbootinit_preboot_20260521/runs/scenario1/bootstrap/federated/scenario1/raw_runs/run_20260522-035057/failed_trials.csv","trial_estimates_wide_csv":"/project/temp/deferiprone_single_oral_25mgkg_designcheck_20260511/validation/design_change_n403030_wtmclustT10_nomix_site403030_nondesignquota_precisionchol_basefitbootinit_preboot_20260521/runs/scenario1/bootstrap/federated/scenario1/raw_runs/run_20260522-035057/trial_estimates_wide.csv","trial_estimates_long_csv":"/project/temp/deferiprone_single_oral_25mgkg_designcheck_20260511/validation/design_change_n403030_wtmclustT10_nomix_site403030_nondesignquota_precisionchol_basefitbootinit_preboot_20260521/runs/scenario1/bootstrap/federated/scenario1/raw_runs/run_20260522-035057/trial_estimates_long.csv","result_json":"/project/temp/deferiprone_single_oral_25mgkg_designcheck_20260511/validation/design_change_n403030_wtmclustT10_nomix_site403030_nondesignquota_precisionchol_basefitbootinit_preboot_20260521/runs/scenario1/bootstrap/federated/scenario1/raw_runs/run_20260522-035057/result.json"}}}
[Kserver-1 exited with code 0
Aborting on container exit...
 Container defboot_design_change_n403030_wtmclu_scenario1_251_255-server-1  Stopping
 Container defboot_design_change_n403030_wtmclu_scenario1_251_255-server-1  Stopped
 Container defboot_design_change_n403030_wtmclu_scenario1_251_255-client1-1  Stopping
 Container defboot_design_change_n403030_wtmclu_scenario1_251_255-client2-1  Stopping
 Container defboot_design_change_n403030_wtmclu_scenario1_251_255-client3-1  Stopping
 Container defboot_design_change_n403030_wtmclu_scenario1_251_255-client2-1  Stopped
 Container defboot_design_change_n403030_wtmclu_scenario1_251_255-client1-1  Stopped
 Container defboot_design_change_n403030_wtmclu_scenario1_251_255-client3-1  Stopped
time="2026-05-22T13:08:16+09:00" level=warning msg="The \"SERVER_CONFIG_PATH\" variable is not set. Defaulting to a blank string."
 Container defboot_design_change_n403030_wtmclu_scenario1_251_255-server-1  Stopping
 Container defboot_design_change_n403030_wtmclu_scenario1_251_255-server-1  Stopped
 Container defboot_design_change_n403030_wtmclu_scenario1_251_255-server-1  Removing
 Container defboot_design_change_n403030_wtmclu_scenario1_251_255-server-1  Removed
 Container defboot_design_change_n403030_wtmclu_scenario1_251_255-client1-1  Stopping
 Container defboot_design_change_n403030_wtmclu_scenario1_251_255-client2-1  Stopping
 Container defboot_design_change_n403030_wtmclu_scenario1_251_255-client3-1  Stopping
 Container defboot_design_change_n403030_wtmclu_scenario1_251_255-client1-1  Stopped
 Container defboot_design_change_n403030_wtmclu_scenario1_251_255-client1-1  Removing
 Container defboot_design_change_n403030_wtmclu_scenario1_251_255-client2-1  Stopped
 Container defboot_design_change_n403030_wtmclu_scenario1_251_255-client2-1  Removing
 Container defboot_design_change_n403030_wtmclu_scenario1_251_255-client3-1  Stopped
 Container defboot_design_change_n403030_wtmclu_scenario1_251_255-client3-1  Removing
 Container defboot_design_change_n403030_wtmclu_scenario1_251_255-client1-1  Removed
 Container defboot_design_change_n403030_wtmclu_scenario1_251_255-client3-1  Removed
 Container defboot_design_change_n403030_wtmclu_scenario1_251_255-client2-1  Removed
 Network defboot_design_change_n403030_wtmclu_scenario1_251_255_site2_net  Removing
 Network defboot_design_change_n403030_wtmclu_scenario1_251_255_site3_net  Removing
 Network defboot_design_change_n403030_wtmclu_scenario1_251_255_site1_net  Removing
 Network defboot_design_change_n403030_wtmclu_scenario1_251_255_site2_net  Removed
 Network defboot_design_change_n403030_wtmclu_scenario1_251_255_site3_net  Removed
 Network defboot_design_change_n403030_wtmclu_scenario1_251_255_site1_net  Removed
