time="2026-05-22T10:46:44+09:00" level=warning msg="The \"SERVER_CONFIG_PATH\" variable is not set. Defaulting to a blank string."
Compose now can delegate build to bake for better performances
Just set COMPOSE_BAKE=true
#0 building with "default" instance using docker driver

#1 [client1 internal] load build definition from Dockerfile.app
#1 transferring dockerfile: 778B done
#1 DONE 0.0s

#2 [client2 internal] load build definition from Dockerfile.app
#2 transferring dockerfile: 778B done
#2 DONE 0.0s

#3 [client3 internal] load build definition from Dockerfile.app
#3 transferring dockerfile: 778B done
#3 DONE 0.0s

#4 [client3 internal] load metadata for docker.io/fedpoppk/base:0.1.0
#4 DONE 0.0s

#5 [client1 internal] load .dockerignore
#5 transferring context: 2B done
#5 DONE 0.0s

#6 [client2 internal] load .dockerignore
#6 transferring context: 2B done
#6 DONE 0.0s

#7 [client3 1/8] FROM docker.io/fedpoppk/base:0.1.0
#7 DONE 0.0s

#8 [client3 internal] load .dockerignore
#8 transferring context: 2B done
#8 DONE 0.0s

#9 [client2 internal] load build context
#9 transferring context: 736.51kB 0.3s done
#9 DONE 0.3s

#10 [client1 internal] load build context
#10 transferring context: 736.51kB 0.3s done
#10 DONE 0.3s

#11 [client3 internal] load build context
#11 transferring context: 736.51kB 0.3s done
#11 DONE 0.3s

#12 [client1 3/8] COPY renv.lock .Rprofile renv/activate.R ./
#12 CACHED

#13 [client1 2/8] WORKDIR /project
#13 CACHED

#14 [client1 7/8] COPY analysis/ analysis/
#14 CACHED

#15 [client1 5/8] COPY apps/ apps/
#15 CACHED

#16 [client1 6/8] COPY R/ R/
#16 CACHED

#17 [client1 4/8] RUN Rscript -e "options(renv.consent=TRUE, Ncpus=parallel::detectCores());                 renv::restore(prompt=FALSE)"
#17 CACHED

#18 [client3 8/8] RUN mkdir -p /project/configs/modes /project/data /project/artifacts /project/result
#18 CACHED

#19 [client1] exporting to image
#19 exporting layers done
#19 writing image sha256:9807fd71a0288fb082531318a1c80caf0bb8ecd5bf99977de1d75e5581c9fab9 done
#19 naming to docker.io/library/defboot_design_change_n403030_wtmclu_scenario1_211_215-client1 0.0s done
#19 DONE 0.0s

#20 [client3] exporting to image
#20 exporting layers done
#20 writing image sha256:f21e721c9a3a30ebb12d0c918466612f21d994d8a0bca7fee7d4ff7a909215ed done
#20 naming to docker.io/library/defboot_design_change_n403030_wtmclu_scenario1_211_215-client3 0.0s done
#20 DONE 0.1s

#21 [client2] exporting to image
#21 exporting layers done
#21 writing image sha256:263cc81b0194a2e8ebf930a521733e7694996abbb54a860aaf647d083bf75b48 done
#21 naming to docker.io/library/defboot_design_change_n403030_wtmclu_scenario1_211_215-client2 0.1s done
#21 DONE 0.1s

#22 [client2] resolving provenance for metadata file
#22 DONE 0.0s

#23 [client1] resolving provenance for metadata file
#23 DONE 0.0s

#24 [client3] resolving provenance for metadata file
#24 DONE 0.0s

#25 [server internal] load build definition from Dockerfile.app
#25 transferring dockerfile: 778B done
#25 DONE 0.0s

#4 [server internal] load metadata for docker.io/fedpoppk/base:0.1.0
#4 DONE 0.0s

#26 [server internal] load .dockerignore
#26 transferring context: 2B done
#26 DONE 0.0s

#7 [server 1/8] FROM docker.io/fedpoppk/base:0.1.0
#7 DONE 0.0s

#27 [server internal] load build context
#27 transferring context: 736.51kB 0.3s done
#27 DONE 0.3s

#13 [server 2/8] WORKDIR /project
#13 CACHED

#28 [server 3/8] COPY renv.lock .Rprofile renv/activate.R ./
#28 CACHED

#29 [server 4/8] RUN Rscript -e "options(renv.consent=TRUE, Ncpus=parallel::detectCores());                 renv::restore(prompt=FALSE)"
#29 CACHED

#30 [server 5/8] COPY apps/ apps/
#30 CACHED

#31 [server 7/8] COPY analysis/ analysis/
#31 CACHED

#32 [server 6/8] COPY R/ R/
#32 CACHED

#33 [server 8/8] RUN mkdir -p /project/configs/modes /project/data /project/artifacts /project/result
#33 CACHED

#34 [server] exporting to image
#34 exporting layers done
#34 writing image sha256:23fb78d4e7a1bf456aacdbac391abf307c4d5e62cfdbe36d93ce8b98d0a29db6 done
#34 naming to docker.io/library/defboot_design_change_n403030_wtmclu_scenario1_211_215-server 0.0s done
#34 DONE 0.0s

#35 [server] resolving provenance for metadata file
#35 DONE 0.0s
 client1  Built
 client2  Built
 client3  Built
 server  Built
 Network defboot_design_change_n403030_wtmclu_scenario1_211_215_site1_net  Creating
 Network defboot_design_change_n403030_wtmclu_scenario1_211_215_site1_net  Created
 Network defboot_design_change_n403030_wtmclu_scenario1_211_215_site2_net  Creating
 Network defboot_design_change_n403030_wtmclu_scenario1_211_215_site2_net  Created
 Network defboot_design_change_n403030_wtmclu_scenario1_211_215_site3_net  Creating
 Network defboot_design_change_n403030_wtmclu_scenario1_211_215_site3_net  Created
 Container defboot_design_change_n403030_wtmclu_scenario1_211_215-client1-1  Creating
 Container defboot_design_change_n403030_wtmclu_scenario1_211_215-client2-1  Creating
 Container defboot_design_change_n403030_wtmclu_scenario1_211_215-client3-1  Creating
 Container defboot_design_change_n403030_wtmclu_scenario1_211_215-client3-1  Created
 Container defboot_design_change_n403030_wtmclu_scenario1_211_215-client1-1  Created
 Container defboot_design_change_n403030_wtmclu_scenario1_211_215-client2-1  Created
 Container defboot_design_change_n403030_wtmclu_scenario1_211_215-server-1  Creating
 Container defboot_design_change_n403030_wtmclu_scenario1_211_215-server-1  Created
Attaching to client1-1, client2-1, client3-1, server-1
client2-1  | Running plumber API at http://0.0.0.0:8000
client2-1  | Running swagger Docs at http://127.0.0.1:8000/__docs__/
client1-1  | Running plumber API at http://0.0.0.0:8000
client1-1  | Running swagger Docs at http://127.0.0.1:8000/__docs__/
client3-1  | Running plumber API at http://0.0.0.0:8000
client3-1  | Running swagger Docs at http://127.0.0.1:8000/__docs__/
client2-1  | ℹ parameter labels from comments are typically ignored in non-interactive mode
client1-1  | ℹ parameter labels from comments are typically ignored in non-interactive mode
client1-1  | ℹ Need to run with the source intact to parse comments
client2-1  | ℹ Need to run with the source intact to parse comments
client3-1  | ℹ parameter labels from comments are typically ignored in non-interactive mode
client3-1  | ℹ Need to run with the source intact to parse comments
server-1   | [send_init] http://client2:8000 init succeeded
server-1   | [send_init] http://client1:8000 init succeeded
server-1   | [send_init] http://client3:8000 init succeeded
server-1   | {"schema":{"schema_version":"1.1.0","generated_at":"2026-05-22T01:46:53Z","config_path":"/project/configs/../temp/deferiprone_single_oral_25mgkg_designcheck_20260511/validation/design_change_n403030_wtmclustT10_nomix_site403030_nondesignquota_precisionchol_basefitbootinit_preboot_20260521/configs/resolved/scenario1_bootstrap.json","config_md5":"9d7556058a6c3cb18af9ad7ffdd7076b","seed":4869,"host":"7d790cb112a3","pid":1,"image_tag":null,"git_sha":null,"git_dirty":null},"aggregation":{"ci_method":"percentile","ci_level":0.95,"quantile_type":7,"estimates_scale":"natural"},"summary":[{"parameter":"(etaLcl,etaLvc)","median":0.061288699301,"p2.5":0.049764866042,"p97.5":0.066164299187},{"parameter":"CcPropSd","median":0.36542010238,"p2.5":0.33660081253,"p97.5":0.37259434259},{"parameter":"etaLcl","median":0.11054542207,"p2.5":0.091884393015,"p97.5":0.12194716042},{"parameter":"etaLvc","median":0.035491164458,"p2.5":0.028165921783,"p97.5":0.039348696763},{"parameter":"lcl","median":2.1955331482,"p2.5":2.1627133692,"p97.5":2.2296304883},{"parameter":"lka","median":2.2905382064,"p2.5":2.0915664913,"p97.5":2.5473023816},{"parameter":"lvc","median":2.9752439064,"p2.5":2.9385159544,"p97.5":3.0366334162},{"parameter":"rho_(etaLcl,etaLvc)","median":0.97847537236,"p2.5":0.97312656777,"p97.5":0.98051001085}],"runs":[{"tag":"trial_211_20260522-014653","value":2193.2932,"counts":[23,23],"control":{"maxit":100,"factr":1000000000,"pgtol":0,"trace":0,"method":"L-BFGS-B"},"convergence":0,"message":"CONVERGENCE: REL_REDUCTION_OF_F <= FACTR*EPSMCH","nat_par":{"lka":2.2588655546,"lcl":2.2202032682,"lvc":3.0299024561,"CcPropSd":0.36542010238,"etaLcl":0.090247134587,"etaLvc":0.028507143725,"(etaLcl,etaLvc)":0.049373217457,"rho_(etaLcl,etaLvc)":0.97341462262},"failed_clients":[],"attempt":1,"files":{"result":"/project/temp/deferiprone_single_oral_25mgkg_designcheck_20260511/validation/design_change_n403030_wtmclustT10_nomix_site403030_nondesignquota_precisionchol_basefitbootinit_preboot_20260521/runs/scenario1/bootstrap/federated/scenario1/raw_runs/run_20260522-014653/optim_result_trial_211_20260522-014653.json","trace":"/project/temp/deferiprone_single_oral_25mgkg_designcheck_20260511/validation/design_change_n403030_wtmclustT10_nomix_site403030_nondesignquota_precisionchol_basefitbootinit_preboot_20260521/runs/scenario1/bootstrap/federated/scenario1/raw_runs/run_20260522-014653/optim_trace_trial_211_20260522-014653.csv","final":"/project/temp/deferiprone_single_oral_25mgkg_designcheck_20260511/validation/design_change_n403030_wtmclustT10_nomix_site403030_nondesignquota_precisionchol_basefitbootinit_preboot_20260521/runs/scenario1/bootstrap/federated/scenario1/raw_runs/run_20260522-014653/final_params_trial_211_20260522-014653.csv"},"log_n":23,"execution_state":"completed","trial":211,"attempts":1},{"tag":"trial_212_20260522-014947","value":2198.0008,"counts":[27,27],"control":{"maxit":100,"factr":1000000000,"pgtol":0,"trace":0,"method":"L-BFGS-B"},"convergence":0,"message":"CONVERGENCE: REL_REDUCTION_OF_F <= FACTR*EPSMCH","nat_par":{"lka":2.2905382064,"lcl":2.1919657069,"lvc":2.9752439064,"CcPropSd":0.34378890712,"etaLcl":0.10661971887,"etaLvc":0.028128008234,"(etaLcl,etaLvc)":0.053289703299,"rho_(etaLcl,etaLvc)":0.97309456168},"failed_clients":[],"attempt":1,"files":{"result":"/project/temp/deferiprone_single_oral_25mgkg_designcheck_20260511/validation/design_change_n403030_wtmclustT10_nomix_site403030_nondesignquota_precisionchol_basefitbootinit_preboot_20260521/runs/scenario1/bootstrap/federated/scenario1/raw_runs/run_20260522-014653/optim_result_trial_212_20260522-014947.json","trace":"/project/temp/deferiprone_single_oral_25mgkg_designcheck_20260511/validation/design_change_n403030_wtmclustT10_nomix_site403030_nondesignquota_precisionchol_basefitbootinit_preboot_20260521/runs/scenario1/bootstrap/federated/scenario1/raw_runs/run_20260522-014653/optim_trace_trial_212_20260522-014947.csv","final":"/project/temp/deferiprone_single_oral_25mgkg_designcheck_20260511/validation/design_change_n403030_wtmclustT10_nomix_site403030_nondesignquota_precisionchol_basefitbootinit_preboot_20260521/runs/scenario1/bootstrap/federated/scenario1/raw_runs/run_20260522-014653/final_params_trial_212_20260522-014947.csv"},"log_n":27,"execution_state":"completed","trial":212,"attempts":1},{"tag":"trial_213_20260522-015312","value":2219.1439,"counts":[22,22],"control":{"maxit":100,"factr":1000000000,"pgtol":0,"trace":0,"method":"L-BFGS-B"},"convergence":0,"message":"CONVERGENCE: REL_REDUCTION_OF_F <= FACTR*EPSMCH","nat_par":{"lka":2.3390763401,"lcl":2.1955331482,"lvc":2.9349480556,"CcPropSd":0.36579222656,"etaLcl":0.12271746967,"etaLvc":0.036182509125,"(etaLcl,etaLvc)":0.065228137104,"rho_(etaLcl,etaLvc)":0.97888672573},"failed_clients":[],"attempt":1,"files":{"result":"/project/temp/deferiprone_single_oral_25mgkg_designcheck_20260511/validation/design_change_n403030_wtmclustT10_nomix_site403030_nondesignquota_precisionchol_basefitbootinit_preboot_20260521/runs/scenario1/bootstrap/federated/scenario1/raw_runs/run_20260522-014653/optim_result_trial_213_20260522-015312.json","trace":"/project/temp/deferiprone_single_oral_25mgkg_designcheck_20260511/validation/design_change_n403030_wtmclustT10_nomix_site403030_nondesignquota_precisionchol_basefitbootinit_preboot_20260521/runs/scenario1/bootstrap/federated/scenario1/raw_runs/run_20260522-014653/optim_trace_trial_213_20260522-015312.csv","final":"/project/temp/deferiprone_single_oral_25mgkg_designcheck_20260511/validation/design_change_n403030_wtmclustT10_nomix_site403030_nondesignquota_precisionchol_basefitbootinit_preboot_20260521/runs/scenario1/bootstrap/federated/scenario1/raw_runs/run_20260522-014653/final_params_trial_213_20260522-015312.csv"},"log_n":22,"execution_state":"completed","trial":213,"attempts":1},{"tag":"trial_214_20260522-015559","value":2190.4986,"counts":[21,21],"control":{"maxit":100,"factr":1000000000,"pgtol":0,"trace":0,"method":"L-BFGS-B"},"convergence":0,"message":"CONVERGENCE: REL_REDUCTION_OF_F <= FACTR*EPSMCH","nat_par":{"lka":2.5704386085,"lcl":2.2306779572,"lvc":3.0373813006,"CcPropSd":0.33580213535,"etaLcl":0.1150143772,"etaLvc":0.039700495389,"(etaLcl,etaLvc)":0.066268317196,"rho_(etaLcl,etaLvc)":0.98069037586},"failed_clients":[],"attempt":1,"files":{"result":"/project/temp/deferiprone_single_oral_25mgkg_designcheck_20260511/validation/design_change_n403030_wtmclustT10_nomix_site403030_nondesignquota_precisionchol_basefitbootinit_preboot_20260521/runs/scenario1/bootstrap/federated/scenario1/raw_runs/run_20260522-014653/optim_result_trial_214_20260522-015559.json","trace":"/project/temp/deferiprone_single_oral_25mgkg_designcheck_20260511/validation/design_change_n403030_wtmclustT10_nomix_site403030_nondesignquota_precisionchol_basefitbootinit_preboot_20260521/runs/scenario1/bootstrap/federated/scenario1/raw_runs/run_20260522-014653/optim_trace_trial_214_20260522-015559.csv","final":"/project/temp/deferiprone_single_oral_25mgkg_designcheck_20260511/validation/design_change_n403030_wtmclustT10_nomix_site403030_nondesignquota_precisionchol_basefitbootinit_preboot_20260521/runs/scenario1/bootstrap/federated/scenario1/raw_runs/run_20260522-014653/final_params_trial_214_20260522-015559.csv"},"log_n":21,"execution_state":"completed","trial":214,"attempts":1},{"tag":"trial_215_20260522-015840","value":2244.6275,"counts":[27,27],"control":{"maxit":100,"factr":1000000000,"pgtol":0,"trace":0,"method":"L-BFGS-B"},"convergence":0,"message":"CONVERGENCE: REL_REDUCTION_OF_F <= FACTR*EPSMCH","nat_par":{"lka":2.0729777064,"lcl":2.1594631095,"lvc":2.9706270436,"CcPropSd":0.37335013326,"etaLcl":0.11054542207,"etaLvc":0.035491164458,"(etaLcl,etaLvc)":0.061288699301,"rho_(etaLcl,etaLvc)":0.97847537236},"failed_clients":[],"attempt":1,"files":{"result":"/project/temp/deferiprone_single_oral_25mgkg_designcheck_20260511/validation/design_change_n403030_wtmclustT10_nomix_site403030_nondesignquota_precisionchol_basefitbootinit_preboot_20260521/runs/scenario1/bootstrap/federated/scenario1/raw_runs/run_20260522-014653/optim_result_trial_215_20260522-015840.json","trace":"/project/temp/deferiprone_single_oral_25mgkg_designcheck_20260511/validation/design_change_n403030_wtmclustT10_nomix_site403030_nondesignquota_precisionchol_basefitbootinit_preboot_20260521/runs/scenario1/bootstrap/federated/scenario1/raw_runs/run_20260522-014653/optim_trace_trial_215_20260522-015840.csv","final":"/project/temp/deferiprone_single_oral_25mgkg_designcheck_20260511/validation/design_change_n403030_wtmclustT10_nomix_site403030_nondesignquota_precisionchol_basefitbootinit_preboot_20260521/runs/scenario1/bootstrap/federated/scenario1/raw_runs/run_20260522-014653/final_params_trial_215_20260522-015840.csv"},"log_n":27,"execution_state":"completed","trial":215,"attempts":1}],"trial_status":[{"trial":211,"execution_state":"completed","converged":true,"attempts":1,"convergence":0,"value":2193.2932,"eval_fn":23,"eval_gr":23,"log_n":23,"failed_clients_n":0,"message":"CONVERGENCE: REL_REDUCTION_OF_F <= FACTR*EPSMCH","result_file":"/project/temp/deferiprone_single_oral_25mgkg_designcheck_20260511/validation/design_change_n403030_wtmclustT10_nomix_site403030_nondesignquota_precisionchol_basefitbootinit_preboot_20260521/runs/scenario1/bootstrap/federated/scenario1/raw_runs/run_20260522-014653/optim_result_trial_211_20260522-014653.json","trace_file":"/project/temp/deferiprone_single_oral_25mgkg_designcheck_20260511/validation/design_change_n403030_wtmclustT10_nomix_site403030_nondesignquota_precisionchol_basefitbootinit_preboot_20260521/runs/scenario1/bootstrap/federated/scenario1/raw_runs/run_20260522-014653/optim_trace_trial_211_20260522-014653.csv","final_file":"/project/temp/deferiprone_single_oral_25mgkg_designcheck_20260511/validation/design_change_n403030_wtmclustT10_nomix_site403030_nondesignquota_precisionchol_basefitbootinit_preboot_20260521/runs/scenario1/bootstrap/federated/scenario1/raw_runs/run_20260522-014653/final_params_trial_211_20260522-014653.csv"},{"trial":212,"execution_state":"completed","converged":true,"attempts":1,"convergence":0,"value":2198.0008,"eval_fn":27,"eval_gr":27,"log_n":27,"failed_clients_n":0,"message":"CONVERGENCE: REL_REDUCTION_OF_F <= FACTR*EPSMCH","result_file":"/project/temp/deferiprone_single_oral_25mgkg_designcheck_20260511/validation/design_change_n403030_wtmclustT10_nomix_site403030_nondesignquota_precisionchol_basefitbootinit_preboot_20260521/runs/scenario1/bootstrap/federated/scenario1/raw_runs/run_20260522-014653/optim_result_trial_212_20260522-014947.json","trace_file":"/project/temp/deferiprone_single_oral_25mgkg_designcheck_20260511/validation/design_change_n403030_wtmclustT10_nomix_site403030_nondesignquota_precisionchol_basefitbootinit_preboot_20260521/runs/scenario1/bootstrap/federated/scenario1/raw_runs/run_20260522-014653/optim_trace_trial_212_20260522-014947.csv","final_file":"/project/temp/deferiprone_single_oral_25mgkg_designcheck_20260511/validation/design_change_n403030_wtmclustT10_nomix_site403030_nondesignquota_precisionchol_basefitbootinit_preboot_20260521/runs/scenario1/bootstrap/federated/scenario1/raw_runs/run_20260522-014653/final_params_trial_212_20260522-014947.csv"},{"trial":213,"execution_state":"completed","converged":true,"attempts":1,"convergence":0,"value":2219.1439,"eval_fn":22,"eval_gr":22,"log_n":22,"failed_clients_n":0,"message":"CONVERGENCE: REL_REDUCTION_OF_F <= FACTR*EPSMCH","result_file":"/project/temp/deferiprone_single_oral_25mgkg_designcheck_20260511/validation/design_change_n403030_wtmclustT10_nomix_site403030_nondesignquota_precisionchol_basefitbootinit_preboot_20260521/runs/scenario1/bootstrap/federated/scenario1/raw_runs/run_20260522-014653/optim_result_trial_213_20260522-015312.json","trace_file":"/project/temp/deferiprone_single_oral_25mgkg_designcheck_20260511/validation/design_change_n403030_wtmclustT10_nomix_site403030_nondesignquota_precisionchol_basefitbootinit_preboot_20260521/runs/scenario1/bootstrap/federated/scenario1/raw_runs/run_20260522-014653/optim_trace_trial_213_20260522-015312.csv","final_file":"/project/temp/deferiprone_single_oral_25mgkg_designcheck_20260511/validation/design_change_n403030_wtmclustT10_nomix_site403030_nondesignquota_precisionchol_basefitbootinit_preboot_20260521/runs/scenario1/bootstrap/federated/scenario1/raw_runs/run_20260522-014653/final_params_trial_213_20260522-015312.csv"},{"trial":214,"execution_state":"completed","converged":true,"attempts":1,"convergence":0,"value":2190.4986,"eval_fn":21,"eval_gr":21,"log_n":21,"failed_clients_n":0,"message":"CONVERGENCE: REL_REDUCTION_OF_F <= FACTR*EPSMCH","result_file":"/project/temp/deferiprone_single_oral_25mgkg_designcheck_20260511/validation/design_change_n403030_wtmclustT10_nomix_site403030_nondesignquota_precisionchol_basefitbootinit_preboot_20260521/runs/scenario1/bootstrap/federated/scenario1/raw_runs/run_20260522-014653/optim_result_trial_214_20260522-015559.json","trace_file":"/project/temp/deferiprone_single_oral_25mgkg_designcheck_20260511/validation/design_change_n403030_wtmclustT10_nomix_site403030_nondesignquota_precisionchol_basefitbootinit_preboot_20260521/runs/scenario1/bootstrap/federated/scenario1/raw_runs/run_20260522-014653/optim_trace_trial_214_20260522-015559.csv","final_file":"/project/temp/deferiprone_single_oral_25mgkg_designcheck_20260511/validation/design_change_n403030_wtmclustT10_nomix_site403030_nondesignquota_precisionchol_basefitbootinit_preboot_20260521/runs/scenario1/bootstrap/federated/scenario1/raw_runs/run_20260522-014653/final_params_trial_214_20260522-015559.csv"},{"trial":215,"execution_state":"completed","converged":true,"attempts":1,"convergence":0,"value":2244.6275,"eval_fn":27,"eval_gr":27,"log_n":27,"failed_clients_n":0,"message":"CONVERGENCE: REL_REDUCTION_OF_F <= FACTR*EPSMCH","result_file":"/project/temp/deferiprone_single_oral_25mgkg_designcheck_20260511/validation/design_change_n403030_wtmclustT10_nomix_site403030_nondesignquota_precisionchol_basefitbootinit_preboot_20260521/runs/scenario1/bootstrap/federated/scenario1/raw_runs/run_20260522-014653/optim_result_trial_215_20260522-015840.json","trace_file":"/project/temp/deferiprone_single_oral_25mgkg_designcheck_20260511/validation/design_change_n403030_wtmclustT10_nomix_site403030_nondesignquota_precisionchol_basefitbootinit_preboot_20260521/runs/scenario1/bootstrap/federated/scenario1/raw_runs/run_20260522-014653/optim_trace_trial_215_20260522-015840.csv","final_file":"/project/temp/deferiprone_single_oral_25mgkg_designcheck_20260511/validation/design_change_n403030_wtmclustT10_nomix_site403030_nondesignquota_precisionchol_basefitbootinit_preboot_20260521/runs/scenario1/bootstrap/federated/scenario1/raw_runs/run_20260522-014653/final_params_trial_215_20260522-015840.csv"}],"info":{"run_id":"20260522-014653","log_base_dir":"/project/temp/deferiprone_single_oral_25mgkg_designcheck_20260511/validation/design_change_n403030_wtmclustT10_nomix_site403030_nondesignquota_precisionchol_basefitbootinit_preboot_20260521/runs/scenario1/bootstrap/federated","scenario":"scenario1/raw_runs","total_trials":5,"successes":5,"failures":0,"nonconverged_count":0,"nonconverged_trials":[],"convergence_missing_count":0,"seed_base":4869,"B_per_client":500,"duration_sec":920.1173958778,"host":"7d790cb112a3","image_tag":null,"communication":{"generated_at":"2026-05-22T02:02:08Z","totals":{"requests":723,"request_bytes":806277,"response_bytes":183543,"total_bytes":989820,"retries":0},"init":{"requests":3,"request_bytes":8139,"response_bytes":1161,"total_bytes":9300,"retries":0,"median_elapsed_sec":0.36525464058},"init_round_latency":{"n_rounds":1,"median_round_wall_sec":0.36945772171,"p95_round_wall_sec":0.36945772171},"run":{"requests":0,"request_bytes":0,"response_bytes":0,"total_bytes":0,"retries":0,"median_elapsed_sec":"NA"},"run_bootstrap":{"requests":720,"request_bytes":798138,"response_bytes":182382,"total_bytes":980520,"retries":0,"median_elapsed_sec":3.6474561691},"round_latency":{"n_rounds":240,"median_round_wall_sec":3.7851163149,"p95_round_wall_sec":4.0307893872},"timing_split":{"n_rounds":240,"rounds_with_compute":240,"total_round_wall_sec":909.2400853634,"total_round_compute_wall_sec":901.1919,"total_round_comm_overhead_wall_sec":8.0481853634,"comm_overhead_ratio":0.0088515514141,"compute_ratio":0.99114844859}},"communication_files":{"csv":"/project/temp/deferiprone_single_oral_25mgkg_designcheck_20260511/validation/design_change_n403030_wtmclustT10_nomix_site403030_nondesignquota_precisionchol_basefitbootinit_preboot_20260521/runs/scenario1/bootstrap/federated/scenario1/raw_runs/run_20260522-014653/comm_metrics.csv","json":"/project/temp/deferiprone_single_oral_25mgkg_designcheck_20260511/validation/design_change_n403030_wtmclustT10_nomix_site403030_nondesignquota_precisionchol_basefitbootinit_preboot_20260521/runs/scenario1/bootstrap/federated/scenario1/raw_runs/run_20260522-014653/comm_metrics.json"},"output_files":{"bootstrap_summary_csv":"/project/temp/deferiprone_single_oral_25mgkg_designcheck_20260511/validation/design_change_n403030_wtmclustT10_nomix_site403030_nondesignquota_precisionchol_basefitbootinit_preboot_20260521/runs/scenario1/bootstrap/federated/scenario1/raw_runs/run_20260522-014653/bootstrap_summary.csv","bootstrap_summary_json":"/project/temp/deferiprone_single_oral_25mgkg_designcheck_20260511/validation/design_change_n403030_wtmclustT10_nomix_site403030_nondesignquota_precisionchol_basefitbootinit_preboot_20260521/runs/scenario1/bootstrap/federated/scenario1/raw_runs/run_20260522-014653/bootstrap_summary.json","trial_status_csv":"/project/temp/deferiprone_single_oral_25mgkg_designcheck_20260511/validation/design_change_n403030_wtmclustT10_nomix_site403030_nondesignquota_precisionchol_basefitbootinit_preboot_20260521/runs/scenario1/bootstrap/federated/scenario1/raw_runs/run_20260522-014653/trial_status.csv","failed_trials_csv":"/project/temp/deferiprone_single_oral_25mgkg_designcheck_20260511/validation/design_change_n403030_wtmclustT10_nomix_site403030_nondesignquota_precisionchol_basefitbootinit_preboot_20260521/runs/scenario1/bootstrap/federated/scenario1/raw_runs/run_20260522-014653/failed_trials.csv","trial_estimates_wide_csv":"/project/temp/deferiprone_single_oral_25mgkg_designcheck_20260511/validation/design_change_n403030_wtmclustT10_nomix_site403030_nondesignquota_precisionchol_basefitbootinit_preboot_20260521/runs/scenario1/bootstrap/federated/scenario1/raw_runs/run_20260522-014653/trial_estimates_wide.csv","trial_estimates_long_csv":"/project/temp/deferiprone_single_oral_25mgkg_designcheck_20260511/validation/design_change_n403030_wtmclustT10_nomix_site403030_nondesignquota_precisionchol_basefitbootinit_preboot_20260521/runs/scenario1/bootstrap/federated/scenario1/raw_runs/run_20260522-014653/trial_estimates_long.csv","result_json":"/project/temp/deferiprone_single_oral_25mgkg_designcheck_20260511/validation/design_change_n403030_wtmclustT10_nomix_site403030_nondesignquota_precisionchol_basefitbootinit_preboot_20260521/runs/scenario1/bootstrap/federated/scenario1/raw_runs/run_20260522-014653/result.json"}}}
[Kserver-1 exited with code 0
Aborting on container exit...
 Container defboot_design_change_n403030_wtmclu_scenario1_211_215-server-1  Stopping
 Container defboot_design_change_n403030_wtmclu_scenario1_211_215-server-1  Stopped
 Container defboot_design_change_n403030_wtmclu_scenario1_211_215-client2-1  Stopping
 Container defboot_design_change_n403030_wtmclu_scenario1_211_215-client3-1  Stopping
 Container defboot_design_change_n403030_wtmclu_scenario1_211_215-client1-1  Stopping
 Container defboot_design_change_n403030_wtmclu_scenario1_211_215-client3-1  Stopped
 Container defboot_design_change_n403030_wtmclu_scenario1_211_215-client2-1  Stopped
 Container defboot_design_change_n403030_wtmclu_scenario1_211_215-client1-1  Stopped
time="2026-05-22T11:02:18+09:00" level=warning msg="The \"SERVER_CONFIG_PATH\" variable is not set. Defaulting to a blank string."
 Container defboot_design_change_n403030_wtmclu_scenario1_211_215-server-1  Stopping
 Container defboot_design_change_n403030_wtmclu_scenario1_211_215-server-1  Stopped
 Container defboot_design_change_n403030_wtmclu_scenario1_211_215-server-1  Removing
 Container defboot_design_change_n403030_wtmclu_scenario1_211_215-server-1  Removed
 Container defboot_design_change_n403030_wtmclu_scenario1_211_215-client3-1  Stopping
 Container defboot_design_change_n403030_wtmclu_scenario1_211_215-client2-1  Stopping
 Container defboot_design_change_n403030_wtmclu_scenario1_211_215-client1-1  Stopping
 Container defboot_design_change_n403030_wtmclu_scenario1_211_215-client3-1  Stopped
 Container defboot_design_change_n403030_wtmclu_scenario1_211_215-client3-1  Removing
 Container defboot_design_change_n403030_wtmclu_scenario1_211_215-client1-1  Stopped
 Container defboot_design_change_n403030_wtmclu_scenario1_211_215-client1-1  Removing
 Container defboot_design_change_n403030_wtmclu_scenario1_211_215-client2-1  Stopped
 Container defboot_design_change_n403030_wtmclu_scenario1_211_215-client2-1  Removing
 Container defboot_design_change_n403030_wtmclu_scenario1_211_215-client1-1  Removed
 Container defboot_design_change_n403030_wtmclu_scenario1_211_215-client3-1  Removed
 Container defboot_design_change_n403030_wtmclu_scenario1_211_215-client2-1  Removed
 Network defboot_design_change_n403030_wtmclu_scenario1_211_215_site1_net  Removing
 Network defboot_design_change_n403030_wtmclu_scenario1_211_215_site3_net  Removing
 Network defboot_design_change_n403030_wtmclu_scenario1_211_215_site2_net  Removing
 Network defboot_design_change_n403030_wtmclu_scenario1_211_215_site1_net  Removed
 Network defboot_design_change_n403030_wtmclu_scenario1_211_215_site3_net  Removed
 Network defboot_design_change_n403030_wtmclu_scenario1_211_215_site2_net  Removed
