time="2026-05-22T19:27:05+09:00" level=warning msg="The \"SERVER_CONFIG_PATH\" variable is not set. Defaulting to a blank string."
Compose now can delegate build to bake for better performances
Just set COMPOSE_BAKE=true
#0 building with "default" instance using docker driver

#1 [client2 internal] load build definition from Dockerfile.app
#1 transferring dockerfile: 778B done
#1 DONE 0.0s

#2 [client3 internal] load build definition from Dockerfile.app
#2 transferring dockerfile: 778B done
#2 DONE 0.0s

#3 [client1 internal] load build definition from Dockerfile.app
#3 transferring dockerfile: 778B done
#3 DONE 0.0s

#4 [client1 internal] load metadata for docker.io/fedpoppk/base:0.1.0
#4 DONE 0.0s

#5 [client2 internal] load .dockerignore
#5 transferring context: 2B done
#5 DONE 0.0s

#6 [client3 internal] load .dockerignore
#6 transferring context: 2B done
#6 DONE 0.0s

#7 [client1 internal] load .dockerignore
#7 transferring context: 2B done
#7 DONE 0.0s

#8 [client1 1/8] FROM docker.io/fedpoppk/base:0.1.0
#8 DONE 0.0s

#9 [client2 internal] load build context
#9 transferring context: 736.51kB 0.3s done
#9 DONE 0.3s

#10 [client1 internal] load build context
#10 transferring context: 736.51kB 0.3s done
#10 DONE 0.3s

#11 [client3 internal] load build context
#11 transferring context: 736.51kB 0.3s done
#11 DONE 0.3s

#12 [client2 5/8] COPY apps/ apps/
#12 CACHED

#13 [client2 4/8] RUN Rscript -e "options(renv.consent=TRUE, Ncpus=parallel::detectCores());                 renv::restore(prompt=FALSE)"
#13 CACHED

#14 [client2 6/8] COPY R/ R/
#14 CACHED

#15 [client2 2/8] WORKDIR /project
#15 CACHED

#16 [client2 7/8] COPY analysis/ analysis/
#16 CACHED

#17 [client2 3/8] COPY renv.lock .Rprofile renv/activate.R ./
#17 CACHED

#18 [client3 8/8] RUN mkdir -p /project/configs/modes /project/data /project/artifacts /project/result
#18 CACHED

#19 [client2] exporting to image
#19 exporting layers done
#19 writing image sha256:ef96ca9aa8f3ff81bb60326e7b9e69878a47bde620dfbadd3994091f28e4b1d4 done
#19 naming to docker.io/library/defboot_design_change_n403030_wtmclu_scenario1_381_385-client2 0.0s done
#19 DONE 0.0s

#20 [client1] exporting to image
#20 exporting layers done
#20 writing image sha256:ffcf4b9e3782e8d01dd4dea2b292855adf46a3836e5a8f7442ac0d6b73545118 done
#20 naming to docker.io/library/defboot_design_change_n403030_wtmclu_scenario1_381_385-client1 0.1s done
#20 DONE 0.1s

#21 [client3] exporting to image
#21 exporting layers done
#21 writing image sha256:618122f3cd2fab18b642cdb6af0400b2f0534baa20dde8e4d8ae96e4a0228987 done
#21 naming to docker.io/library/defboot_design_change_n403030_wtmclu_scenario1_381_385-client3 0.1s done
#21 DONE 0.1s

#22 [client2] resolving provenance for metadata file
#22 DONE 0.0s

#23 [client1] resolving provenance for metadata file
#23 DONE 0.0s

#24 [client3] resolving provenance for metadata file
#24 DONE 0.0s

#25 [server internal] load build definition from Dockerfile.app
#25 transferring dockerfile: 778B done
#25 DONE 0.0s

#4 [server internal] load metadata for docker.io/fedpoppk/base:0.1.0
#4 DONE 0.0s

#26 [server internal] load .dockerignore
#26 DONE 0.0s

#26 [server internal] load .dockerignore
#26 transferring context: 2B done
#26 DONE 0.0s

#8 [server 1/8] FROM docker.io/fedpoppk/base:0.1.0
#8 DONE 0.0s

#27 [server internal] load build context
#27 transferring context: 736.51kB 0.3s done
#27 DONE 0.4s

#28 [server 5/8] COPY apps/ apps/
#28 CACHED

#29 [server 4/8] RUN Rscript -e "options(renv.consent=TRUE, Ncpus=parallel::detectCores());                 renv::restore(prompt=FALSE)"
#29 CACHED

#30 [server 7/8] COPY analysis/ analysis/
#30 CACHED

#15 [server 2/8] WORKDIR /project
#15 CACHED

#31 [server 3/8] COPY renv.lock .Rprofile renv/activate.R ./
#31 CACHED

#32 [server 6/8] COPY R/ R/
#32 CACHED

#33 [server 8/8] RUN mkdir -p /project/configs/modes /project/data /project/artifacts /project/result
#33 CACHED

#34 [server] exporting to image
#34 exporting layers done
#34 writing image sha256:43b181f2927ac844c8cc0449616a91e4352e64bba5d726567b15d6da572fd56e done
#34 naming to docker.io/library/defboot_design_change_n403030_wtmclu_scenario1_381_385-server 0.0s done
#34 DONE 0.0s

#35 [server] resolving provenance for metadata file
#35 DONE 0.0s
 client1  Built
 client2  Built
 client3  Built
 server  Built
 Network defboot_design_change_n403030_wtmclu_scenario1_381_385_site2_net  Creating
 Network defboot_design_change_n403030_wtmclu_scenario1_381_385_site2_net  Created
 Network defboot_design_change_n403030_wtmclu_scenario1_381_385_site3_net  Creating
 Network defboot_design_change_n403030_wtmclu_scenario1_381_385_site3_net  Created
 Network defboot_design_change_n403030_wtmclu_scenario1_381_385_site1_net  Creating
 Network defboot_design_change_n403030_wtmclu_scenario1_381_385_site1_net  Created
 Container defboot_design_change_n403030_wtmclu_scenario1_381_385-client2-1  Creating
 Container defboot_design_change_n403030_wtmclu_scenario1_381_385-client3-1  Creating
 Container defboot_design_change_n403030_wtmclu_scenario1_381_385-client1-1  Creating
 Container defboot_design_change_n403030_wtmclu_scenario1_381_385-client1-1  Created
 Container defboot_design_change_n403030_wtmclu_scenario1_381_385-client2-1  Created
 Container defboot_design_change_n403030_wtmclu_scenario1_381_385-client3-1  Created
 Container defboot_design_change_n403030_wtmclu_scenario1_381_385-server-1  Creating
 Container defboot_design_change_n403030_wtmclu_scenario1_381_385-server-1  Created
Attaching to client1-1, client2-1, client3-1, server-1
client3-1  | Running plumber API at http://0.0.0.0:8000
client1-1  | Running plumber API at http://0.0.0.0:8000
client3-1  | Running swagger Docs at http://127.0.0.1:8000/__docs__/
client1-1  | Running swagger Docs at http://127.0.0.1:8000/__docs__/
client2-1  | Running plumber API at http://0.0.0.0:8000
client2-1  | Running swagger Docs at http://127.0.0.1:8000/__docs__/
client1-1  | ℹ parameter labels from comments are typically ignored in non-interactive mode
client1-1  | ℹ Need to run with the source intact to parse comments
client2-1  | ℹ parameter labels from comments are typically ignored in non-interactive mode
client2-1  | ℹ Need to run with the source intact to parse comments
client3-1  | ℹ parameter labels from comments are typically ignored in non-interactive mode
client3-1  | ℹ Need to run with the source intact to parse comments
server-1   | [send_init] http://client1:8000 init succeeded
server-1   | [send_init] http://client2:8000 init succeeded
server-1   | [send_init] http://client3:8000 init succeeded
server-1   | {"schema":{"schema_version":"1.1.0","generated_at":"2026-05-22T10:27:14Z","config_path":"/project/configs/../temp/deferiprone_single_oral_25mgkg_designcheck_20260511/validation/design_change_n403030_wtmclustT10_nomix_site403030_nondesignquota_precisionchol_basefitbootinit_preboot_20260521/configs/resolved/scenario1_bootstrap.json","config_md5":"9d7556058a6c3cb18af9ad7ffdd7076b","seed":4869,"host":"4d96cb6d497d","pid":1,"image_tag":null,"git_sha":null,"git_dirty":null},"aggregation":{"ci_method":"percentile","ci_level":0.95,"quantile_type":7,"estimates_scale":"natural"},"summary":[{"parameter":"(etaLcl,etaLvc)","median":0.051971202453,"p2.5":0.047496664582,"p97.5":0.068664652207},{"parameter":"CcPropSd","median":0.34325221135,"p2.5":0.31707200917,"p97.5":0.37939367544},{"parameter":"etaLcl","median":0.088065167109,"p2.5":0.076538786773,"p97.5":0.11426966046},{"parameter":"etaLvc","median":0.032594622713,"p2.5":0.027453377829,"p97.5":0.043162830122},{"parameter":"lcl","median":2.1291011461,"p2.5":2.1113675411,"p97.5":2.1519303472},{"parameter":"lka","median":2.237741898,"p2.5":2.1847025508,"p97.5":2.4009482379},{"parameter":"lvc","median":2.9596984836,"p2.5":2.9201284863,"p97.5":2.9708346329},{"parameter":"rho_(etaLcl,etaLvc)","median":0.97659310591,"p2.5":0.9723726348,"p97.5":0.98210979612}],"runs":[{"tag":"trial_381_20260522-102714","value":2220.0242,"counts":[14,14],"control":{"maxit":100,"factr":1000000000,"pgtol":0,"trace":0,"method":"L-BFGS-B"},"convergence":0,"message":"CONVERGENCE: REL_REDUCTION_OF_F <= FACTR*EPSMCH","nat_par":{"lka":2.4126791073,"lcl":2.1284759196,"lvc":2.9596984836,"CcPropSd":0.3255761555,"etaLcl":0.11577672056,"etaLvc":0.04403596706,"(etaLcl,etaLvc)":0.070155251717,"rho_(etaLcl,etaLvc)":0.98252994679},"failed_clients":[],"attempt":1,"files":{"result":"/project/temp/deferiprone_single_oral_25mgkg_designcheck_20260511/validation/design_change_n403030_wtmclustT10_nomix_site403030_nondesignquota_precisionchol_basefitbootinit_preboot_20260521/runs/scenario1/bootstrap/federated/scenario1/raw_runs/run_20260522-102714/optim_result_trial_381_20260522-102714.json","trace":"/project/temp/deferiprone_single_oral_25mgkg_designcheck_20260511/validation/design_change_n403030_wtmclustT10_nomix_site403030_nondesignquota_precisionchol_basefitbootinit_preboot_20260521/runs/scenario1/bootstrap/federated/scenario1/raw_runs/run_20260522-102714/optim_trace_trial_381_20260522-102714.csv","final":"/project/temp/deferiprone_single_oral_25mgkg_designcheck_20260511/validation/design_change_n403030_wtmclustT10_nomix_site403030_nondesignquota_precisionchol_basefitbootinit_preboot_20260521/runs/scenario1/bootstrap/federated/scenario1/raw_runs/run_20260522-102714/final_params_trial_381_20260522-102714.csv"},"log_n":14,"execution_state":"completed","trial":381,"attempts":1},{"tag":"trial_382_20260522-102900","value":2223.5092,"counts":[39,39],"control":{"maxit":100,"factr":1000000000,"pgtol":0,"trace":0,"method":"L-BFGS-B"},"convergence":0,"message":"CONVERGENCE: REL_REDUCTION_OF_F <= FACTR*EPSMCH","nat_par":{"lka":2.237741898,"lcl":2.13749464,"lvc":2.9383160222,"CcPropSd":0.34846291053,"etaLcl":0.10070611951,"etaLvc":0.031814880115,"(etaLcl,etaLvc)":0.055249256613,"rho_(etaLcl,etaLvc)":0.97607538904},"failed_clients":[],"attempt":1,"files":{"result":"/project/temp/deferiprone_single_oral_25mgkg_designcheck_20260511/validation/design_change_n403030_wtmclustT10_nomix_site403030_nondesignquota_precisionchol_basefitbootinit_preboot_20260521/runs/scenario1/bootstrap/federated/scenario1/raw_runs/run_20260522-102714/optim_result_trial_382_20260522-102900.json","trace":"/project/temp/deferiprone_single_oral_25mgkg_designcheck_20260511/validation/design_change_n403030_wtmclustT10_nomix_site403030_nondesignquota_precisionchol_basefitbootinit_preboot_20260521/runs/scenario1/bootstrap/federated/scenario1/raw_runs/run_20260522-102714/optim_trace_trial_382_20260522-102900.csv","final":"/project/temp/deferiprone_single_oral_25mgkg_designcheck_20260511/validation/design_change_n403030_wtmclustT10_nomix_site403030_nondesignquota_precisionchol_basefitbootinit_preboot_20260521/runs/scenario1/bootstrap/federated/scenario1/raw_runs/run_20260522-102714/final_params_trial_382_20260522-102900.csv"},"log_n":39,"execution_state":"completed","trial":382,"attempts":1},{"tag":"trial_383_20260522-103355","value":2234.9757,"counts":[20,20],"control":{"maxit":100,"factr":1000000000,"pgtol":0,"trace":0,"method":"L-BFGS-B"},"convergence":0,"message":"CONVERGENCE: REL_REDUCTION_OF_F <= FACTR*EPSMCH","nat_par":{"lka":2.2953704131,"lcl":2.1535343147,"lvc":2.9713804602,"CcPropSd":0.38283042709,"etaLcl":0.076161676648,"etaLvc":0.032594622713,"(etaLcl,etaLvc)":0.048658070288,"rho_(etaLcl,etaLvc)":0.97659310591},"failed_clients":[],"attempt":1,"files":{"result":"/project/temp/deferiprone_single_oral_25mgkg_designcheck_20260511/validation/design_change_n403030_wtmclustT10_nomix_site403030_nondesignquota_precisionchol_basefitbootinit_preboot_20260521/runs/scenario1/bootstrap/federated/scenario1/raw_runs/run_20260522-102714/optim_result_trial_383_20260522-103355.json","trace":"/project/temp/deferiprone_single_oral_25mgkg_designcheck_20260511/validation/design_change_n403030_wtmclustT10_nomix_site403030_nondesignquota_precisionchol_basefitbootinit_preboot_20260521/runs/scenario1/bootstrap/federated/scenario1/raw_runs/run_20260522-102714/optim_trace_trial_383_20260522-103355.csv","final":"/project/temp/deferiprone_single_oral_25mgkg_designcheck_20260511/validation/design_change_n403030_wtmclustT10_nomix_site403030_nondesignquota_precisionchol_basefitbootinit_preboot_20260521/runs/scenario1/bootstrap/federated/scenario1/raw_runs/run_20260522-102714/final_params_trial_383_20260522-103355.csv"},"log_n":20,"execution_state":"completed","trial":383,"attempts":1},{"tag":"trial_384_20260522-103627","value":2214.8151,"counts":[35,35],"control":{"maxit":100,"factr":1000000000,"pgtol":0,"trace":0,"method":"L-BFGS-B"},"convergence":0,"message":"CONVERGENCE: REL_REDUCTION_OF_F <= FACTR*EPSMCH","nat_par":{"lka":2.2073971828,"lcl":2.1094666102,"lvc":2.918107649,"CcPropSd":0.34325221135,"etaLcl":0.088065167109,"etaLvc":0.026968766464,"(etaLcl,etaLvc)":0.047367619503,"rho_(etaLcl,etaLvc)":0.97196121766},"failed_clients":[],"attempt":1,"files":{"result":"/project/temp/deferiprone_single_oral_25mgkg_designcheck_20260511/validation/design_change_n403030_wtmclustT10_nomix_site403030_nondesignquota_precisionchol_basefitbootinit_preboot_20260521/runs/scenario1/bootstrap/federated/scenario1/raw_runs/run_20260522-102714/optim_result_trial_384_20260522-103627.json","trace":"/project/temp/deferiprone_single_oral_25mgkg_designcheck_20260511/validation/design_change_n403030_wtmclustT10_nomix_site403030_nondesignquota_precisionchol_basefitbootinit_preboot_20260521/runs/scenario1/bootstrap/federated/scenario1/raw_runs/run_20260522-102714/optim_trace_trial_384_20260522-103627.csv","final":"/project/temp/deferiprone_single_oral_25mgkg_designcheck_20260511/validation/design_change_n403030_wtmclustT10_nomix_site403030_nondesignquota_precisionchol_basefitbootinit_preboot_20260521/runs/scenario1/bootstrap/federated/scenario1/raw_runs/run_20260522-102714/final_params_trial_384_20260522-103627.csv"},"log_n":35,"execution_state":"completed","trial":384,"attempts":1},{"tag":"trial_385_20260522-104054","value":2175.1953,"counts":[25,25],"control":{"maxit":100,"factr":1000000000,"pgtol":0,"trace":0,"method":"L-BFGS-B"},"convergence":0,"message":"CONVERGENCE: REL_REDUCTION_OF_F <= FACTR*EPSMCH","nat_par":{"lka":2.182180925,"lcl":2.1291011461,"lvc":2.9659221871,"CcPropSd":0.31612710402,"etaLcl":0.079932777899,"etaLvc":0.035304597677,"(etaLcl,etaLvc)":0.051971202453,"rho_(etaLcl,etaLvc)":0.97832844008},"failed_clients":[],"attempt":1,"files":{"result":"/project/temp/deferiprone_single_oral_25mgkg_designcheck_20260511/validation/design_change_n403030_wtmclustT10_nomix_site403030_nondesignquota_precisionchol_basefitbootinit_preboot_20260521/runs/scenario1/bootstrap/federated/scenario1/raw_runs/run_20260522-102714/optim_result_trial_385_20260522-104054.json","trace":"/project/temp/deferiprone_single_oral_25mgkg_designcheck_20260511/validation/design_change_n403030_wtmclustT10_nomix_site403030_nondesignquota_precisionchol_basefitbootinit_preboot_20260521/runs/scenario1/bootstrap/federated/scenario1/raw_runs/run_20260522-102714/optim_trace_trial_385_20260522-104054.csv","final":"/project/temp/deferiprone_single_oral_25mgkg_designcheck_20260511/validation/design_change_n403030_wtmclustT10_nomix_site403030_nondesignquota_precisionchol_basefitbootinit_preboot_20260521/runs/scenario1/bootstrap/federated/scenario1/raw_runs/run_20260522-102714/final_params_trial_385_20260522-104054.csv"},"log_n":25,"execution_state":"completed","trial":385,"attempts":1}],"trial_status":[{"trial":381,"execution_state":"completed","converged":true,"attempts":1,"convergence":0,"value":2220.0242,"eval_fn":14,"eval_gr":14,"log_n":14,"failed_clients_n":0,"message":"CONVERGENCE: REL_REDUCTION_OF_F <= FACTR*EPSMCH","result_file":"/project/temp/deferiprone_single_oral_25mgkg_designcheck_20260511/validation/design_change_n403030_wtmclustT10_nomix_site403030_nondesignquota_precisionchol_basefitbootinit_preboot_20260521/runs/scenario1/bootstrap/federated/scenario1/raw_runs/run_20260522-102714/optim_result_trial_381_20260522-102714.json","trace_file":"/project/temp/deferiprone_single_oral_25mgkg_designcheck_20260511/validation/design_change_n403030_wtmclustT10_nomix_site403030_nondesignquota_precisionchol_basefitbootinit_preboot_20260521/runs/scenario1/bootstrap/federated/scenario1/raw_runs/run_20260522-102714/optim_trace_trial_381_20260522-102714.csv","final_file":"/project/temp/deferiprone_single_oral_25mgkg_designcheck_20260511/validation/design_change_n403030_wtmclustT10_nomix_site403030_nondesignquota_precisionchol_basefitbootinit_preboot_20260521/runs/scenario1/bootstrap/federated/scenario1/raw_runs/run_20260522-102714/final_params_trial_381_20260522-102714.csv"},{"trial":382,"execution_state":"completed","converged":true,"attempts":1,"convergence":0,"value":2223.5092,"eval_fn":39,"eval_gr":39,"log_n":39,"failed_clients_n":0,"message":"CONVERGENCE: REL_REDUCTION_OF_F <= FACTR*EPSMCH","result_file":"/project/temp/deferiprone_single_oral_25mgkg_designcheck_20260511/validation/design_change_n403030_wtmclustT10_nomix_site403030_nondesignquota_precisionchol_basefitbootinit_preboot_20260521/runs/scenario1/bootstrap/federated/scenario1/raw_runs/run_20260522-102714/optim_result_trial_382_20260522-102900.json","trace_file":"/project/temp/deferiprone_single_oral_25mgkg_designcheck_20260511/validation/design_change_n403030_wtmclustT10_nomix_site403030_nondesignquota_precisionchol_basefitbootinit_preboot_20260521/runs/scenario1/bootstrap/federated/scenario1/raw_runs/run_20260522-102714/optim_trace_trial_382_20260522-102900.csv","final_file":"/project/temp/deferiprone_single_oral_25mgkg_designcheck_20260511/validation/design_change_n403030_wtmclustT10_nomix_site403030_nondesignquota_precisionchol_basefitbootinit_preboot_20260521/runs/scenario1/bootstrap/federated/scenario1/raw_runs/run_20260522-102714/final_params_trial_382_20260522-102900.csv"},{"trial":383,"execution_state":"completed","converged":true,"attempts":1,"convergence":0,"value":2234.9757,"eval_fn":20,"eval_gr":20,"log_n":20,"failed_clients_n":0,"message":"CONVERGENCE: REL_REDUCTION_OF_F <= FACTR*EPSMCH","result_file":"/project/temp/deferiprone_single_oral_25mgkg_designcheck_20260511/validation/design_change_n403030_wtmclustT10_nomix_site403030_nondesignquota_precisionchol_basefitbootinit_preboot_20260521/runs/scenario1/bootstrap/federated/scenario1/raw_runs/run_20260522-102714/optim_result_trial_383_20260522-103355.json","trace_file":"/project/temp/deferiprone_single_oral_25mgkg_designcheck_20260511/validation/design_change_n403030_wtmclustT10_nomix_site403030_nondesignquota_precisionchol_basefitbootinit_preboot_20260521/runs/scenario1/bootstrap/federated/scenario1/raw_runs/run_20260522-102714/optim_trace_trial_383_20260522-103355.csv","final_file":"/project/temp/deferiprone_single_oral_25mgkg_designcheck_20260511/validation/design_change_n403030_wtmclustT10_nomix_site403030_nondesignquota_precisionchol_basefitbootinit_preboot_20260521/runs/scenario1/bootstrap/federated/scenario1/raw_runs/run_20260522-102714/final_params_trial_383_20260522-103355.csv"},{"trial":384,"execution_state":"completed","converged":true,"attempts":1,"convergence":0,"value":2214.8151,"eval_fn":35,"eval_gr":35,"log_n":35,"failed_clients_n":0,"message":"CONVERGENCE: REL_REDUCTION_OF_F <= FACTR*EPSMCH","result_file":"/project/temp/deferiprone_single_oral_25mgkg_designcheck_20260511/validation/design_change_n403030_wtmclustT10_nomix_site403030_nondesignquota_precisionchol_basefitbootinit_preboot_20260521/runs/scenario1/bootstrap/federated/scenario1/raw_runs/run_20260522-102714/optim_result_trial_384_20260522-103627.json","trace_file":"/project/temp/deferiprone_single_oral_25mgkg_designcheck_20260511/validation/design_change_n403030_wtmclustT10_nomix_site403030_nondesignquota_precisionchol_basefitbootinit_preboot_20260521/runs/scenario1/bootstrap/federated/scenario1/raw_runs/run_20260522-102714/optim_trace_trial_384_20260522-103627.csv","final_file":"/project/temp/deferiprone_single_oral_25mgkg_designcheck_20260511/validation/design_change_n403030_wtmclustT10_nomix_site403030_nondesignquota_precisionchol_basefitbootinit_preboot_20260521/runs/scenario1/bootstrap/federated/scenario1/raw_runs/run_20260522-102714/final_params_trial_384_20260522-103627.csv"},{"trial":385,"execution_state":"completed","converged":true,"attempts":1,"convergence":0,"value":2175.1953,"eval_fn":25,"eval_gr":25,"log_n":25,"failed_clients_n":0,"message":"CONVERGENCE: REL_REDUCTION_OF_F <= FACTR*EPSMCH","result_file":"/project/temp/deferiprone_single_oral_25mgkg_designcheck_20260511/validation/design_change_n403030_wtmclustT10_nomix_site403030_nondesignquota_precisionchol_basefitbootinit_preboot_20260521/runs/scenario1/bootstrap/federated/scenario1/raw_runs/run_20260522-102714/optim_result_trial_385_20260522-104054.json","trace_file":"/project/temp/deferiprone_single_oral_25mgkg_designcheck_20260511/validation/design_change_n403030_wtmclustT10_nomix_site403030_nondesignquota_precisionchol_basefitbootinit_preboot_20260521/runs/scenario1/bootstrap/federated/scenario1/raw_runs/run_20260522-102714/optim_trace_trial_385_20260522-104054.csv","final_file":"/project/temp/deferiprone_single_oral_25mgkg_designcheck_20260511/validation/design_change_n403030_wtmclustT10_nomix_site403030_nondesignquota_precisionchol_basefitbootinit_preboot_20260521/runs/scenario1/bootstrap/federated/scenario1/raw_runs/run_20260522-102714/final_params_trial_385_20260522-104054.csv"}],"info":{"run_id":"20260522-102714","log_base_dir":"/project/temp/deferiprone_single_oral_25mgkg_designcheck_20260511/validation/design_change_n403030_wtmclustT10_nomix_site403030_nondesignquota_precisionchol_basefitbootinit_preboot_20260521/runs/scenario1/bootstrap/federated","scenario":"scenario1/raw_runs","total_trials":5,"successes":5,"failures":0,"nonconverged_count":0,"nonconverged_trials":[],"convergence_missing_count":0,"seed_base":4869,"B_per_client":500,"duration_sec":1018.3861775398,"host":"4d96cb6d497d","image_tag":null,"communication":{"generated_at":"2026-05-22T10:44:07Z","totals":{"requests":801,"request_bytes":892641,"response_bytes":202933,"total_bytes":1095574,"retries":0},"init":{"requests":3,"request_bytes":8139,"response_bytes":1161,"total_bytes":9300,"retries":0,"median_elapsed_sec":0.36477041245},"init_round_latency":{"n_rounds":1,"median_round_wall_sec":0.36790275574,"p95_round_wall_sec":0.36790275574},"run":{"requests":0,"request_bytes":0,"response_bytes":0,"total_bytes":0,"retries":0,"median_elapsed_sec":"NA"},"run_bootstrap":{"requests":798,"request_bytes":884502,"response_bytes":201772,"total_bytes":1086274,"retries":0,"median_elapsed_sec":3.6473249197},"round_latency":{"n_rounds":266,"median_round_wall_sec":3.7694920301,"p95_round_wall_sec":4.0477975011},"timing_split":{"n_rounds":266,"rounds_with_compute":266,"total_round_wall_sec":1006.9921526909,"total_round_compute_wall_sec":998.2813,"total_round_comm_overhead_wall_sec":8.7108526909,"comm_overhead_ratio":0.008650367997,"compute_ratio":0.991349632}},"communication_files":{"csv":"/project/temp/deferiprone_single_oral_25mgkg_designcheck_20260511/validation/design_change_n403030_wtmclustT10_nomix_site403030_nondesignquota_precisionchol_basefitbootinit_preboot_20260521/runs/scenario1/bootstrap/federated/scenario1/raw_runs/run_20260522-102714/comm_metrics.csv","json":"/project/temp/deferiprone_single_oral_25mgkg_designcheck_20260511/validation/design_change_n403030_wtmclustT10_nomix_site403030_nondesignquota_precisionchol_basefitbootinit_preboot_20260521/runs/scenario1/bootstrap/federated/scenario1/raw_runs/run_20260522-102714/comm_metrics.json"},"output_files":{"bootstrap_summary_csv":"/project/temp/deferiprone_single_oral_25mgkg_designcheck_20260511/validation/design_change_n403030_wtmclustT10_nomix_site403030_nondesignquota_precisionchol_basefitbootinit_preboot_20260521/runs/scenario1/bootstrap/federated/scenario1/raw_runs/run_20260522-102714/bootstrap_summary.csv","bootstrap_summary_json":"/project/temp/deferiprone_single_oral_25mgkg_designcheck_20260511/validation/design_change_n403030_wtmclustT10_nomix_site403030_nondesignquota_precisionchol_basefitbootinit_preboot_20260521/runs/scenario1/bootstrap/federated/scenario1/raw_runs/run_20260522-102714/bootstrap_summary.json","trial_status_csv":"/project/temp/deferiprone_single_oral_25mgkg_designcheck_20260511/validation/design_change_n403030_wtmclustT10_nomix_site403030_nondesignquota_precisionchol_basefitbootinit_preboot_20260521/runs/scenario1/bootstrap/federated/scenario1/raw_runs/run_20260522-102714/trial_status.csv","failed_trials_csv":"/project/temp/deferiprone_single_oral_25mgkg_designcheck_20260511/validation/design_change_n403030_wtmclustT10_nomix_site403030_nondesignquota_precisionchol_basefitbootinit_preboot_20260521/runs/scenario1/bootstrap/federated/scenario1/raw_runs/run_20260522-102714/failed_trials.csv","trial_estimates_wide_csv":"/project/temp/deferiprone_single_oral_25mgkg_designcheck_20260511/validation/design_change_n403030_wtmclustT10_nomix_site403030_nondesignquota_precisionchol_basefitbootinit_preboot_20260521/runs/scenario1/bootstrap/federated/scenario1/raw_runs/run_20260522-102714/trial_estimates_wide.csv","trial_estimates_long_csv":"/project/temp/deferiprone_single_oral_25mgkg_designcheck_20260511/validation/design_change_n403030_wtmclustT10_nomix_site403030_nondesignquota_precisionchol_basefitbootinit_preboot_20260521/runs/scenario1/bootstrap/federated/scenario1/raw_runs/run_20260522-102714/trial_estimates_long.csv","result_json":"/project/temp/deferiprone_single_oral_25mgkg_designcheck_20260511/validation/design_change_n403030_wtmclustT10_nomix_site403030_nondesignquota_precisionchol_basefitbootinit_preboot_20260521/runs/scenario1/bootstrap/federated/scenario1/raw_runs/run_20260522-102714/result.json"}}}
[Kserver-1 exited with code 0
Aborting on container exit...
 Container defboot_design_change_n403030_wtmclu_scenario1_381_385-server-1  Stopping
 Container defboot_design_change_n403030_wtmclu_scenario1_381_385-server-1  Stopped
 Container defboot_design_change_n403030_wtmclu_scenario1_381_385-client2-1  Stopping
 Container defboot_design_change_n403030_wtmclu_scenario1_381_385-client1-1  Stopping
 Container defboot_design_change_n403030_wtmclu_scenario1_381_385-client3-1  Stopping
 Container defboot_design_change_n403030_wtmclu_scenario1_381_385-client1-1  Stopped
 Container defboot_design_change_n403030_wtmclu_scenario1_381_385-client3-1  Stopped
 Container defboot_design_change_n403030_wtmclu_scenario1_381_385-client2-1  Stopped
time="2026-05-22T19:44:17+09:00" level=warning msg="The \"SERVER_CONFIG_PATH\" variable is not set. Defaulting to a blank string."
 Container defboot_design_change_n403030_wtmclu_scenario1_381_385-server-1  Stopping
 Container defboot_design_change_n403030_wtmclu_scenario1_381_385-server-1  Stopped
 Container defboot_design_change_n403030_wtmclu_scenario1_381_385-server-1  Removing
 Container defboot_design_change_n403030_wtmclu_scenario1_381_385-server-1  Removed
 Container defboot_design_change_n403030_wtmclu_scenario1_381_385-client2-1  Stopping
 Container defboot_design_change_n403030_wtmclu_scenario1_381_385-client1-1  Stopping
 Container defboot_design_change_n403030_wtmclu_scenario1_381_385-client3-1  Stopping
 Container defboot_design_change_n403030_wtmclu_scenario1_381_385-client1-1  Stopped
 Container defboot_design_change_n403030_wtmclu_scenario1_381_385-client1-1  Removing
 Container defboot_design_change_n403030_wtmclu_scenario1_381_385-client2-1  Stopped
 Container defboot_design_change_n403030_wtmclu_scenario1_381_385-client2-1  Removing
 Container defboot_design_change_n403030_wtmclu_scenario1_381_385-client3-1  Stopped
 Container defboot_design_change_n403030_wtmclu_scenario1_381_385-client3-1  Removing
 Container defboot_design_change_n403030_wtmclu_scenario1_381_385-client1-1  Removed
 Container defboot_design_change_n403030_wtmclu_scenario1_381_385-client3-1  Removed
 Container defboot_design_change_n403030_wtmclu_scenario1_381_385-client2-1  Removed
 Network defboot_design_change_n403030_wtmclu_scenario1_381_385_site3_net  Removing
 Network defboot_design_change_n403030_wtmclu_scenario1_381_385_site2_net  Removing
 Network defboot_design_change_n403030_wtmclu_scenario1_381_385_site1_net  Removing
 Network defboot_design_change_n403030_wtmclu_scenario1_381_385_site3_net  Removed
 Network defboot_design_change_n403030_wtmclu_scenario1_381_385_site2_net  Removed
 Network defboot_design_change_n403030_wtmclu_scenario1_381_385_site1_net  Removed
