time="2026-05-22T17:38:01+09:00" level=warning msg="The \"SERVER_CONFIG_PATH\" variable is not set. Defaulting to a blank string."
Compose now can delegate build to bake for better performances
Just set COMPOSE_BAKE=true
#0 building with "default" instance using docker driver

#1 [client2 internal] load build definition from Dockerfile.app
#1 transferring dockerfile: 778B done
#1 DONE 0.0s

#2 [client3 internal] load build definition from Dockerfile.app
#2 transferring dockerfile: 778B done
#2 DONE 0.0s

#3 [client1 internal] load build definition from Dockerfile.app
#3 transferring dockerfile: 778B done
#3 DONE 0.0s

#4 [client1 internal] load metadata for docker.io/fedpoppk/base:0.1.0
#4 DONE 0.0s

#5 [client2 internal] load .dockerignore
#5 transferring context: 2B done
#5 DONE 0.0s

#6 [client3 internal] load .dockerignore
#6 transferring context: 2B done
#6 DONE 0.0s

#7 [client1 internal] load .dockerignore
#7 transferring context: 2B done
#7 DONE 0.0s

#8 [client1 1/8] FROM docker.io/fedpoppk/base:0.1.0
#8 DONE 0.0s

#9 [client2 internal] load build context
#9 transferring context: 736.51kB 0.3s done
#9 DONE 0.3s

#10 [client1 internal] load build context
#10 transferring context: 736.51kB 0.3s done
#10 DONE 0.3s

#11 [client3 internal] load build context
#11 transferring context: 736.51kB 0.3s done
#11 DONE 0.3s

#12 [client2 2/8] WORKDIR /project
#12 CACHED

#13 [client2 5/8] COPY apps/ apps/
#13 CACHED

#14 [client2 3/8] COPY renv.lock .Rprofile renv/activate.R ./
#14 CACHED

#15 [client2 4/8] RUN Rscript -e "options(renv.consent=TRUE, Ncpus=parallel::detectCores());                 renv::restore(prompt=FALSE)"
#15 CACHED

#16 [client2 6/8] COPY R/ R/
#16 CACHED

#17 [client2 7/8] COPY analysis/ analysis/
#17 CACHED

#18 [client3 8/8] RUN mkdir -p /project/configs/modes /project/data /project/artifacts /project/result
#18 CACHED

#19 [client2] exporting to image
#19 exporting layers done
#19 writing image sha256:1cd177d597859d820381c9290d75480533c8ce17977537e5f7de8e198bc1ce70 done
#19 naming to docker.io/library/defboot_design_change_n403030_wtmclu_scenario1_346_350-client2 0.0s done
#19 DONE 0.0s

#20 [client1] exporting to image
#20 exporting layers done
#20 writing image sha256:104e5a20f180c3a4a990bb12c39d1b929c9509d29f23680748bbc10ee667be95 done
#20 naming to docker.io/library/defboot_design_change_n403030_wtmclu_scenario1_346_350-client1 0.0s done
#20 DONE 0.1s

#21 [client3] exporting to image
#21 exporting layers done
#21 writing image sha256:a8635ffaeb95589c70d8820cb5ca78d9890d0840dd19f3942a1115b25c0f7533 done
#21 naming to docker.io/library/defboot_design_change_n403030_wtmclu_scenario1_346_350-client3 0.1s done
#21 DONE 0.1s

#22 [client2] resolving provenance for metadata file
#22 DONE 0.0s

#23 [client1] resolving provenance for metadata file
#23 DONE 0.0s

#24 [client3] resolving provenance for metadata file
#24 DONE 0.0s

#25 [server internal] load build definition from Dockerfile.app
#25 transferring dockerfile: 778B done
#25 DONE 0.0s

#4 [server internal] load metadata for docker.io/fedpoppk/base:0.1.0
#4 DONE 0.0s

#26 [server internal] load .dockerignore
#26 transferring context: 2B done
#26 DONE 0.0s

#8 [server 1/8] FROM docker.io/fedpoppk/base:0.1.0
#8 DONE 0.0s

#27 [server internal] load build context
#27 transferring context: 736.51kB 0.3s done
#27 DONE 0.4s

#28 [server 6/8] COPY R/ R/
#28 CACHED

#29 [server 3/8] COPY renv.lock .Rprofile renv/activate.R ./
#29 CACHED

#30 [server 5/8] COPY apps/ apps/
#30 CACHED

#12 [server 2/8] WORKDIR /project
#12 CACHED

#31 [server 4/8] RUN Rscript -e "options(renv.consent=TRUE, Ncpus=parallel::detectCores());                 renv::restore(prompt=FALSE)"
#31 CACHED

#32 [server 7/8] COPY analysis/ analysis/
#32 CACHED

#33 [server 8/8] RUN mkdir -p /project/configs/modes /project/data /project/artifacts /project/result
#33 CACHED

#34 [server] exporting to image
#34 exporting layers done
#34 writing image sha256:a2b541761d0bdfed0205064540a3ac4d5652686f065bc71cc93fc7f057e9fffd done
#34 naming to docker.io/library/defboot_design_change_n403030_wtmclu_scenario1_346_350-server 0.0s done
#34 DONE 0.0s

#35 [server] resolving provenance for metadata file
#35 DONE 0.0s
 client1  Built
 client2  Built
 client3  Built
 server  Built
 Network defboot_design_change_n403030_wtmclu_scenario1_346_350_site3_net  Creating
 Network defboot_design_change_n403030_wtmclu_scenario1_346_350_site3_net  Created
 Network defboot_design_change_n403030_wtmclu_scenario1_346_350_site1_net  Creating
 Network defboot_design_change_n403030_wtmclu_scenario1_346_350_site1_net  Created
 Network defboot_design_change_n403030_wtmclu_scenario1_346_350_site2_net  Creating
 Network defboot_design_change_n403030_wtmclu_scenario1_346_350_site2_net  Created
 Container defboot_design_change_n403030_wtmclu_scenario1_346_350-client2-1  Creating
 Container defboot_design_change_n403030_wtmclu_scenario1_346_350-client3-1  Creating
 Container defboot_design_change_n403030_wtmclu_scenario1_346_350-client1-1  Creating
 Container defboot_design_change_n403030_wtmclu_scenario1_346_350-client2-1  Created
 Container defboot_design_change_n403030_wtmclu_scenario1_346_350-client3-1  Created
 Container defboot_design_change_n403030_wtmclu_scenario1_346_350-client1-1  Created
 Container defboot_design_change_n403030_wtmclu_scenario1_346_350-server-1  Creating
 Container defboot_design_change_n403030_wtmclu_scenario1_346_350-server-1  Created
Attaching to client1-1, client2-1, client3-1, server-1
client1-1  | Running plumber API at http://0.0.0.0:8000
client1-1  | Running swagger Docs at http://127.0.0.1:8000/__docs__/
client2-1  | Running plumber API at http://0.0.0.0:8000
client2-1  | Running swagger Docs at http://127.0.0.1:8000/__docs__/
client3-1  | Running plumber API at http://0.0.0.0:8000
client3-1  | Running swagger Docs at http://127.0.0.1:8000/__docs__/
client1-1  | ℹ parameter labels from comments are typically ignored in non-interactive mode
client1-1  | ℹ Need to run with the source intact to parse comments
client2-1  | ℹ parameter labels from comments are typically ignored in non-interactive mode
client2-1  | ℹ Need to run with the source intact to parse comments
client3-1  | ℹ parameter labels from comments are typically ignored in non-interactive mode
client3-1  | ℹ Need to run with the source intact to parse comments
server-1   | [send_init] http://client2:8000 init succeeded
server-1   | [send_init] http://client1:8000 init succeeded
server-1   | [send_init] http://client3:8000 init succeeded
server-1   | {"schema":{"schema_version":"1.1.0","generated_at":"2026-05-22T08:38:10Z","config_path":"/project/configs/../temp/deferiprone_single_oral_25mgkg_designcheck_20260511/validation/design_change_n403030_wtmclustT10_nomix_site403030_nondesignquota_precisionchol_basefitbootinit_preboot_20260521/configs/resolved/scenario1_bootstrap.json","config_md5":"9d7556058a6c3cb18af9ad7ffdd7076b","seed":4869,"host":"0371fa5e2716","pid":1,"image_tag":null,"git_sha":null,"git_dirty":null},"aggregation":{"ci_method":"percentile","ci_level":0.95,"quantile_type":7,"estimates_scale":"natural"},"summary":[{"parameter":"(etaLcl,etaLvc)","median":0.04918152996,"p2.5":0.033238119398,"p97.5":0.07394289058},{"parameter":"CcPropSd","median":0.36008054218,"p2.5":0.3342413957,"p97.5":0.36945134869},{"parameter":"etaLcl","median":0.081927451625,"p2.5":0.070171000227,"p97.5":0.12865384019},{"parameter":"etaLvc","median":0.031027074986,"p2.5":0.01722151052,"p97.5":0.044151363627},{"parameter":"lcl","median":2.1935086108,"p2.5":2.1073835716,"p97.5":2.2019708518},{"parameter":"lka","median":2.3909091072,"p2.5":1.9906865307,"p97.5":2.4579510305},{"parameter":"lvc","median":2.9820387507,"p2.5":2.9410243692,"p97.5":3.0038170773},{"parameter":"rho_(etaLcl,etaLvc)","median":0.97547668579,"p2.5":0.95683850746,"p97.5":0.9825837251}],"runs":[{"tag":"trial_346_20260522-083810","value":2154.0726,"counts":[23,23],"control":{"maxit":100,"factr":1000000000,"pgtol":0,"trace":0,"method":"L-BFGS-B"},"convergence":0,"message":"CONVERGENCE: REL_REDUCTION_OF_F <= FACTR*EPSMCH","nat_par":{"lka":2.2094990497,"lcl":2.2026878702,"lvc":2.994553512,"CcPropSd":0.34354016525,"etaLcl":0.072683908479,"etaLvc":0.022590441426,"(etaLcl,etaLvc)":0.039175892673,"rho_(etaLcl,etaLvc)":0.96680170166},"failed_clients":[],"attempt":1,"files":{"result":"/project/temp/deferiprone_single_oral_25mgkg_designcheck_20260511/validation/design_change_n403030_wtmclustT10_nomix_site403030_nondesignquota_precisionchol_basefitbootinit_preboot_20260521/runs/scenario1/bootstrap/federated/scenario1/raw_runs/run_20260522-083810/optim_result_trial_346_20260522-083810.json","trace":"/project/temp/deferiprone_single_oral_25mgkg_designcheck_20260511/validation/design_change_n403030_wtmclustT10_nomix_site403030_nondesignquota_precisionchol_basefitbootinit_preboot_20260521/runs/scenario1/bootstrap/federated/scenario1/raw_runs/run_20260522-083810/optim_trace_trial_346_20260522-083810.csv","final":"/project/temp/deferiprone_single_oral_25mgkg_designcheck_20260511/validation/design_change_n403030_wtmclustT10_nomix_site403030_nondesignquota_precisionchol_basefitbootinit_preboot_20260521/runs/scenario1/bootstrap/federated/scenario1/raw_runs/run_20260522-083810/final_params_trial_346_20260522-083810.csv"},"log_n":23,"execution_state":"completed","trial":346,"attempts":1},{"tag":"trial_347_20260522-084104","value":2233.6078,"counts":[29,29],"control":{"maxit":100,"factr":1000000000,"pgtol":0,"trace":0,"method":"L-BFGS-B"},"convergence":0,"message":"CONVERGENCE: REL_REDUCTION_OF_F <= FACTR*EPSMCH","nat_par":{"lka":2.3909091072,"lcl":2.100745531,"lvc":2.9390835367,"CcPropSd":0.36008054218,"etaLcl":0.069891788199,"etaLvc":0.016624962642,"(etaLcl,etaLvc)":0.032578366812,"rho_(etaLcl,etaLvc)":0.95573148589},"failed_clients":[],"attempt":1,"files":{"result":"/project/temp/deferiprone_single_oral_25mgkg_designcheck_20260511/validation/design_change_n403030_wtmclustT10_nomix_site403030_nondesignquota_precisionchol_basefitbootinit_preboot_20260521/runs/scenario1/bootstrap/federated/scenario1/raw_runs/run_20260522-083810/optim_result_trial_347_20260522-084104.json","trace":"/project/temp/deferiprone_single_oral_25mgkg_designcheck_20260511/validation/design_change_n403030_wtmclustT10_nomix_site403030_nondesignquota_precisionchol_basefitbootinit_preboot_20260521/runs/scenario1/bootstrap/federated/scenario1/raw_runs/run_20260522-083810/optim_trace_trial_347_20260522-084104.csv","final":"/project/temp/deferiprone_single_oral_25mgkg_designcheck_20260511/validation/design_change_n403030_wtmclustT10_nomix_site403030_nondesignquota_precisionchol_basefitbootinit_preboot_20260521/runs/scenario1/bootstrap/federated/scenario1/raw_runs/run_20260522-083810/final_params_trial_347_20260522-084104.csv"},"log_n":29,"execution_state":"completed","trial":347,"attempts":1},{"tag":"trial_348_20260522-084442","value":2234.6631,"counts":[25,25],"control":{"maxit":100,"factr":1000000000,"pgtol":0,"trace":0,"method":"L-BFGS-B"},"convergence":0,"message":"CONVERGENCE: REL_REDUCTION_OF_F <= FACTR*EPSMCH","nat_par":{"lka":2.4224678249,"lcl":2.1935086108,"lvc":3.0048463623,"CcPropSd":0.36945188432,"etaLcl":0.13329940767,"etaLvc":0.044262236048,"(etaLcl,etaLvc)":0.075478175015,"rho_(etaLcl,etaLvc)":0.98263132798},"failed_clients":[],"attempt":1,"files":{"result":"/project/temp/deferiprone_single_oral_25mgkg_designcheck_20260511/validation/design_change_n403030_wtmclustT10_nomix_site403030_nondesignquota_precisionchol_basefitbootinit_preboot_20260521/runs/scenario1/bootstrap/federated/scenario1/raw_runs/run_20260522-083810/optim_result_trial_348_20260522-084442.json","trace":"/project/temp/deferiprone_single_oral_25mgkg_designcheck_20260511/validation/design_change_n403030_wtmclustT10_nomix_site403030_nondesignquota_precisionchol_basefitbootinit_preboot_20260521/runs/scenario1/bootstrap/federated/scenario1/raw_runs/run_20260522-083810/optim_trace_trial_348_20260522-084442.csv","final":"/project/temp/deferiprone_single_oral_25mgkg_designcheck_20260511/validation/design_change_n403030_wtmclustT10_nomix_site403030_nondesignquota_precisionchol_basefitbootinit_preboot_20260521/runs/scenario1/bootstrap/federated/scenario1/raw_runs/run_20260522-083810/final_params_trial_348_20260522-084442.csv"},"log_n":25,"execution_state":"completed","trial":348,"attempts":1},{"tag":"trial_349_20260522-084752","value":2186.5164,"counts":[24,24],"control":{"maxit":100,"factr":1000000000,"pgtol":0,"trace":0,"method":"L-BFGS-B"},"convergence":0,"message":"CONVERGENCE: REL_REDUCTION_OF_F <= FACTR*EPSMCH","nat_par":{"lka":2.4618936089,"lcl":2.1671259369,"lvc":2.9820387507,"CcPropSd":0.33320819908,"etaLcl":0.086843732904,"etaLvc":0.043153511837,"(etaLcl,etaLvc)":0.06012533067,"rho_(etaLcl,etaLvc)":0.98215529911},"failed_clients":[],"attempt":1,"files":{"result":"/project/temp/deferiprone_single_oral_25mgkg_designcheck_20260511/validation/design_change_n403030_wtmclustT10_nomix_site403030_nondesignquota_precisionchol_basefitbootinit_preboot_20260521/runs/scenario1/bootstrap/federated/scenario1/raw_runs/run_20260522-083810/optim_result_trial_349_20260522-084752.json","trace":"/project/temp/deferiprone_single_oral_25mgkg_designcheck_20260511/validation/design_change_n403030_wtmclustT10_nomix_site403030_nondesignquota_precisionchol_basefitbootinit_preboot_20260521/runs/scenario1/bootstrap/federated/scenario1/raw_runs/run_20260522-083810/optim_trace_trial_349_20260522-084752.csv","final":"/project/temp/deferiprone_single_oral_25mgkg_designcheck_20260511/validation/design_change_n403030_wtmclustT10_nomix_site403030_nondesignquota_precisionchol_basefitbootinit_preboot_20260521/runs/scenario1/bootstrap/federated/scenario1/raw_runs/run_20260522-083810/final_params_trial_349_20260522-084752.csv"},"log_n":24,"execution_state":"completed","trial":349,"attempts":1},{"tag":"trial_350_20260522-085055","value":2201.3066,"counts":[22,22],"control":{"maxit":100,"factr":1000000000,"pgtol":0,"trace":0,"method":"L-BFGS-B"},"convergence":0,"message":"CONVERGENCE: REL_REDUCTION_OF_F <= FACTR*EPSMCH","nat_par":{"lka":1.9663740285,"lcl":2.1955176859,"lvc":2.9584918611,"CcPropSd":0.36944652801,"etaLcl":0.081927451625,"etaLvc":0.031027074986,"(etaLcl,etaLvc)":0.04918152996,"rho_(etaLcl,etaLvc)":0.97547668579},"failed_clients":[],"attempt":1,"files":{"result":"/project/temp/deferiprone_single_oral_25mgkg_designcheck_20260511/validation/design_change_n403030_wtmclustT10_nomix_site403030_nondesignquota_precisionchol_basefitbootinit_preboot_20260521/runs/scenario1/bootstrap/federated/scenario1/raw_runs/run_20260522-083810/optim_result_trial_350_20260522-085055.json","trace":"/project/temp/deferiprone_single_oral_25mgkg_designcheck_20260511/validation/design_change_n403030_wtmclustT10_nomix_site403030_nondesignquota_precisionchol_basefitbootinit_preboot_20260521/runs/scenario1/bootstrap/federated/scenario1/raw_runs/run_20260522-083810/optim_trace_trial_350_20260522-085055.csv","final":"/project/temp/deferiprone_single_oral_25mgkg_designcheck_20260511/validation/design_change_n403030_wtmclustT10_nomix_site403030_nondesignquota_precisionchol_basefitbootinit_preboot_20260521/runs/scenario1/bootstrap/federated/scenario1/raw_runs/run_20260522-083810/final_params_trial_350_20260522-085055.csv"},"log_n":22,"execution_state":"completed","trial":350,"attempts":1}],"trial_status":[{"trial":346,"execution_state":"completed","converged":true,"attempts":1,"convergence":0,"value":2154.0726,"eval_fn":23,"eval_gr":23,"log_n":23,"failed_clients_n":0,"message":"CONVERGENCE: REL_REDUCTION_OF_F <= FACTR*EPSMCH","result_file":"/project/temp/deferiprone_single_oral_25mgkg_designcheck_20260511/validation/design_change_n403030_wtmclustT10_nomix_site403030_nondesignquota_precisionchol_basefitbootinit_preboot_20260521/runs/scenario1/bootstrap/federated/scenario1/raw_runs/run_20260522-083810/optim_result_trial_346_20260522-083810.json","trace_file":"/project/temp/deferiprone_single_oral_25mgkg_designcheck_20260511/validation/design_change_n403030_wtmclustT10_nomix_site403030_nondesignquota_precisionchol_basefitbootinit_preboot_20260521/runs/scenario1/bootstrap/federated/scenario1/raw_runs/run_20260522-083810/optim_trace_trial_346_20260522-083810.csv","final_file":"/project/temp/deferiprone_single_oral_25mgkg_designcheck_20260511/validation/design_change_n403030_wtmclustT10_nomix_site403030_nondesignquota_precisionchol_basefitbootinit_preboot_20260521/runs/scenario1/bootstrap/federated/scenario1/raw_runs/run_20260522-083810/final_params_trial_346_20260522-083810.csv"},{"trial":347,"execution_state":"completed","converged":true,"attempts":1,"convergence":0,"value":2233.6078,"eval_fn":29,"eval_gr":29,"log_n":29,"failed_clients_n":0,"message":"CONVERGENCE: REL_REDUCTION_OF_F <= FACTR*EPSMCH","result_file":"/project/temp/deferiprone_single_oral_25mgkg_designcheck_20260511/validation/design_change_n403030_wtmclustT10_nomix_site403030_nondesignquota_precisionchol_basefitbootinit_preboot_20260521/runs/scenario1/bootstrap/federated/scenario1/raw_runs/run_20260522-083810/optim_result_trial_347_20260522-084104.json","trace_file":"/project/temp/deferiprone_single_oral_25mgkg_designcheck_20260511/validation/design_change_n403030_wtmclustT10_nomix_site403030_nondesignquota_precisionchol_basefitbootinit_preboot_20260521/runs/scenario1/bootstrap/federated/scenario1/raw_runs/run_20260522-083810/optim_trace_trial_347_20260522-084104.csv","final_file":"/project/temp/deferiprone_single_oral_25mgkg_designcheck_20260511/validation/design_change_n403030_wtmclustT10_nomix_site403030_nondesignquota_precisionchol_basefitbootinit_preboot_20260521/runs/scenario1/bootstrap/federated/scenario1/raw_runs/run_20260522-083810/final_params_trial_347_20260522-084104.csv"},{"trial":348,"execution_state":"completed","converged":true,"attempts":1,"convergence":0,"value":2234.6631,"eval_fn":25,"eval_gr":25,"log_n":25,"failed_clients_n":0,"message":"CONVERGENCE: REL_REDUCTION_OF_F <= FACTR*EPSMCH","result_file":"/project/temp/deferiprone_single_oral_25mgkg_designcheck_20260511/validation/design_change_n403030_wtmclustT10_nomix_site403030_nondesignquota_precisionchol_basefitbootinit_preboot_20260521/runs/scenario1/bootstrap/federated/scenario1/raw_runs/run_20260522-083810/optim_result_trial_348_20260522-084442.json","trace_file":"/project/temp/deferiprone_single_oral_25mgkg_designcheck_20260511/validation/design_change_n403030_wtmclustT10_nomix_site403030_nondesignquota_precisionchol_basefitbootinit_preboot_20260521/runs/scenario1/bootstrap/federated/scenario1/raw_runs/run_20260522-083810/optim_trace_trial_348_20260522-084442.csv","final_file":"/project/temp/deferiprone_single_oral_25mgkg_designcheck_20260511/validation/design_change_n403030_wtmclustT10_nomix_site403030_nondesignquota_precisionchol_basefitbootinit_preboot_20260521/runs/scenario1/bootstrap/federated/scenario1/raw_runs/run_20260522-083810/final_params_trial_348_20260522-084442.csv"},{"trial":349,"execution_state":"completed","converged":true,"attempts":1,"convergence":0,"value":2186.5164,"eval_fn":24,"eval_gr":24,"log_n":24,"failed_clients_n":0,"message":"CONVERGENCE: REL_REDUCTION_OF_F <= FACTR*EPSMCH","result_file":"/project/temp/deferiprone_single_oral_25mgkg_designcheck_20260511/validation/design_change_n403030_wtmclustT10_nomix_site403030_nondesignquota_precisionchol_basefitbootinit_preboot_20260521/runs/scenario1/bootstrap/federated/scenario1/raw_runs/run_20260522-083810/optim_result_trial_349_20260522-084752.json","trace_file":"/project/temp/deferiprone_single_oral_25mgkg_designcheck_20260511/validation/design_change_n403030_wtmclustT10_nomix_site403030_nondesignquota_precisionchol_basefitbootinit_preboot_20260521/runs/scenario1/bootstrap/federated/scenario1/raw_runs/run_20260522-083810/optim_trace_trial_349_20260522-084752.csv","final_file":"/project/temp/deferiprone_single_oral_25mgkg_designcheck_20260511/validation/design_change_n403030_wtmclustT10_nomix_site403030_nondesignquota_precisionchol_basefitbootinit_preboot_20260521/runs/scenario1/bootstrap/federated/scenario1/raw_runs/run_20260522-083810/final_params_trial_349_20260522-084752.csv"},{"trial":350,"execution_state":"completed","converged":true,"attempts":1,"convergence":0,"value":2201.3066,"eval_fn":22,"eval_gr":22,"log_n":22,"failed_clients_n":0,"message":"CONVERGENCE: REL_REDUCTION_OF_F <= FACTR*EPSMCH","result_file":"/project/temp/deferiprone_single_oral_25mgkg_designcheck_20260511/validation/design_change_n403030_wtmclustT10_nomix_site403030_nondesignquota_precisionchol_basefitbootinit_preboot_20260521/runs/scenario1/bootstrap/federated/scenario1/raw_runs/run_20260522-083810/optim_result_trial_350_20260522-085055.json","trace_file":"/project/temp/deferiprone_single_oral_25mgkg_designcheck_20260511/validation/design_change_n403030_wtmclustT10_nomix_site403030_nondesignquota_precisionchol_basefitbootinit_preboot_20260521/runs/scenario1/bootstrap/federated/scenario1/raw_runs/run_20260522-083810/optim_trace_trial_350_20260522-085055.csv","final_file":"/project/temp/deferiprone_single_oral_25mgkg_designcheck_20260511/validation/design_change_n403030_wtmclustT10_nomix_site403030_nondesignquota_precisionchol_basefitbootinit_preboot_20260521/runs/scenario1/bootstrap/federated/scenario1/raw_runs/run_20260522-083810/final_params_trial_350_20260522-085055.csv"}],"info":{"run_id":"20260522-083810","log_base_dir":"/project/temp/deferiprone_single_oral_25mgkg_designcheck_20260511/validation/design_change_n403030_wtmclustT10_nomix_site403030_nondesignquota_precisionchol_basefitbootinit_preboot_20260521/runs/scenario1/bootstrap/federated","scenario":"scenario1/raw_runs","total_trials":5,"successes":5,"failures":0,"nonconverged_count":0,"nonconverged_trials":[],"convergence_missing_count":0,"seed_base":4869,"B_per_client":500,"duration_sec":939.238563776,"host":"0371fa5e2716","image_tag":null,"communication":{"generated_at":"2026-05-22T08:53:44Z","totals":{"requests":741,"request_bytes":826275,"response_bytes":187978,"total_bytes":1014253,"retries":0},"init":{"requests":3,"request_bytes":8139,"response_bytes":1161,"total_bytes":9300,"retries":0,"median_elapsed_sec":0.36395382881},"init_round_latency":{"n_rounds":1,"median_round_wall_sec":0.36587381363,"p95_round_wall_sec":0.36587381363},"run":{"requests":0,"request_bytes":0,"response_bytes":0,"total_bytes":0,"retries":0,"median_elapsed_sec":"NA"},"run_bootstrap":{"requests":738,"request_bytes":818136,"response_bytes":186817,"total_bytes":1004953,"retries":0,"median_elapsed_sec":3.6305458546},"round_latency":{"n_rounds":246,"median_round_wall_sec":3.7562588453,"p95_round_wall_sec":4.0316124558},"timing_split":{"n_rounds":246,"rounds_with_compute":246,"total_round_wall_sec":928.1922941208,"total_round_compute_wall_sec":920.0965,"total_round_comm_overhead_wall_sec":8.0957941208,"comm_overhead_ratio":0.0087221087398,"compute_ratio":0.99127789126}},"communication_files":{"csv":"/project/temp/deferiprone_single_oral_25mgkg_designcheck_20260511/validation/design_change_n403030_wtmclustT10_nomix_site403030_nondesignquota_precisionchol_basefitbootinit_preboot_20260521/runs/scenario1/bootstrap/federated/scenario1/raw_runs/run_20260522-083810/comm_metrics.csv","json":"/project/temp/deferiprone_single_oral_25mgkg_designcheck_20260511/validation/design_change_n403030_wtmclustT10_nomix_site403030_nondesignquota_precisionchol_basefitbootinit_preboot_20260521/runs/scenario1/bootstrap/federated/scenario1/raw_runs/run_20260522-083810/comm_metrics.json"},"output_files":{"bootstrap_summary_csv":"/project/temp/deferiprone_single_oral_25mgkg_designcheck_20260511/validation/design_change_n403030_wtmclustT10_nomix_site403030_nondesignquota_precisionchol_basefitbootinit_preboot_20260521/runs/scenario1/bootstrap/federated/scenario1/raw_runs/run_20260522-083810/bootstrap_summary.csv","bootstrap_summary_json":"/project/temp/deferiprone_single_oral_25mgkg_designcheck_20260511/validation/design_change_n403030_wtmclustT10_nomix_site403030_nondesignquota_precisionchol_basefitbootinit_preboot_20260521/runs/scenario1/bootstrap/federated/scenario1/raw_runs/run_20260522-083810/bootstrap_summary.json","trial_status_csv":"/project/temp/deferiprone_single_oral_25mgkg_designcheck_20260511/validation/design_change_n403030_wtmclustT10_nomix_site403030_nondesignquota_precisionchol_basefitbootinit_preboot_20260521/runs/scenario1/bootstrap/federated/scenario1/raw_runs/run_20260522-083810/trial_status.csv","failed_trials_csv":"/project/temp/deferiprone_single_oral_25mgkg_designcheck_20260511/validation/design_change_n403030_wtmclustT10_nomix_site403030_nondesignquota_precisionchol_basefitbootinit_preboot_20260521/runs/scenario1/bootstrap/federated/scenario1/raw_runs/run_20260522-083810/failed_trials.csv","trial_estimates_wide_csv":"/project/temp/deferiprone_single_oral_25mgkg_designcheck_20260511/validation/design_change_n403030_wtmclustT10_nomix_site403030_nondesignquota_precisionchol_basefitbootinit_preboot_20260521/runs/scenario1/bootstrap/federated/scenario1/raw_runs/run_20260522-083810/trial_estimates_wide.csv","trial_estimates_long_csv":"/project/temp/deferiprone_single_oral_25mgkg_designcheck_20260511/validation/design_change_n403030_wtmclustT10_nomix_site403030_nondesignquota_precisionchol_basefitbootinit_preboot_20260521/runs/scenario1/bootstrap/federated/scenario1/raw_runs/run_20260522-083810/trial_estimates_long.csv","result_json":"/project/temp/deferiprone_single_oral_25mgkg_designcheck_20260511/validation/design_change_n403030_wtmclustT10_nomix_site403030_nondesignquota_precisionchol_basefitbootinit_preboot_20260521/runs/scenario1/bootstrap/federated/scenario1/raw_runs/run_20260522-083810/result.json"}}}
[Kserver-1 exited with code 0
Aborting on container exit...
 Container defboot_design_change_n403030_wtmclu_scenario1_346_350-server-1  Stopping
 Container defboot_design_change_n403030_wtmclu_scenario1_346_350-server-1  Stopped
 Container defboot_design_change_n403030_wtmclu_scenario1_346_350-client2-1  Stopping
 Container defboot_design_change_n403030_wtmclu_scenario1_346_350-client1-1  Stopping
 Container defboot_design_change_n403030_wtmclu_scenario1_346_350-client3-1  Stopping
 Container defboot_design_change_n403030_wtmclu_scenario1_346_350-client1-1  Stopped
 Container defboot_design_change_n403030_wtmclu_scenario1_346_350-client3-1  Stopped
 Container defboot_design_change_n403030_wtmclu_scenario1_346_350-client2-1  Stopped
time="2026-05-22T17:53:54+09:00" level=warning msg="The \"SERVER_CONFIG_PATH\" variable is not set. Defaulting to a blank string."
 Container defboot_design_change_n403030_wtmclu_scenario1_346_350-server-1  Stopping
 Container defboot_design_change_n403030_wtmclu_scenario1_346_350-server-1  Stopped
 Container defboot_design_change_n403030_wtmclu_scenario1_346_350-server-1  Removing
 Container defboot_design_change_n403030_wtmclu_scenario1_346_350-server-1  Removed
 Container defboot_design_change_n403030_wtmclu_scenario1_346_350-client2-1  Stopping
 Container defboot_design_change_n403030_wtmclu_scenario1_346_350-client3-1  Stopping
 Container defboot_design_change_n403030_wtmclu_scenario1_346_350-client1-1  Stopping
 Container defboot_design_change_n403030_wtmclu_scenario1_346_350-client2-1  Stopped
 Container defboot_design_change_n403030_wtmclu_scenario1_346_350-client2-1  Removing
 Container defboot_design_change_n403030_wtmclu_scenario1_346_350-client3-1  Stopped
 Container defboot_design_change_n403030_wtmclu_scenario1_346_350-client3-1  Removing
 Container defboot_design_change_n403030_wtmclu_scenario1_346_350-client1-1  Stopped
 Container defboot_design_change_n403030_wtmclu_scenario1_346_350-client1-1  Removing
 Container defboot_design_change_n403030_wtmclu_scenario1_346_350-client3-1  Removed
 Container defboot_design_change_n403030_wtmclu_scenario1_346_350-client2-1  Removed
 Container defboot_design_change_n403030_wtmclu_scenario1_346_350-client1-1  Removed
 Network defboot_design_change_n403030_wtmclu_scenario1_346_350_site1_net  Removing
 Network defboot_design_change_n403030_wtmclu_scenario1_346_350_site3_net  Removing
 Network defboot_design_change_n403030_wtmclu_scenario1_346_350_site2_net  Removing
 Network defboot_design_change_n403030_wtmclu_scenario1_346_350_site1_net  Removed
 Network defboot_design_change_n403030_wtmclu_scenario1_346_350_site3_net  Removed
 Network defboot_design_change_n403030_wtmclu_scenario1_346_350_site2_net  Removed
