time="2026-05-22T09:17:19+09:00" level=warning msg="The \"SERVER_CONFIG_PATH\" variable is not set. Defaulting to a blank string."
Compose now can delegate build to bake for better performances
Just set COMPOSE_BAKE=true
#0 building with "default" instance using docker driver

#1 [client1 internal] load build definition from Dockerfile.app
#1 transferring dockerfile: 778B done
#1 DONE 0.0s

#2 [client3 internal] load build definition from Dockerfile.app
#2 transferring dockerfile: 778B done
#2 DONE 0.0s

#3 [client2 internal] load build definition from Dockerfile.app
#3 transferring dockerfile: 778B done
#3 DONE 0.0s

#4 [client2 internal] load metadata for docker.io/fedpoppk/base:0.1.0
#4 DONE 0.0s

#5 [client1 internal] load .dockerignore
#5 transferring context: 2B done
#5 DONE 0.0s

#6 [client3 internal] load .dockerignore
#6 transferring context: 2B done
#6 DONE 0.0s

#7 [client2 internal] load .dockerignore
#7 transferring context: 2B done
#7 DONE 0.0s

#8 [client2 1/8] FROM docker.io/fedpoppk/base:0.1.0
#8 DONE 0.0s

#9 [client1 internal] load build context
#9 transferring context: 736.51kB 0.3s done
#9 DONE 0.3s

#10 [client2 internal] load build context
#10 transferring context: 736.51kB 0.3s done
#10 DONE 0.3s

#11 [client3 internal] load build context
#11 transferring context: 736.51kB 0.3s done
#11 DONE 0.3s

#12 [client2 2/8] WORKDIR /project
#12 CACHED

#13 [client2 6/8] COPY R/ R/
#13 CACHED

#14 [client2 4/8] RUN Rscript -e "options(renv.consent=TRUE, Ncpus=parallel::detectCores());                 renv::restore(prompt=FALSE)"
#14 CACHED

#15 [client2 5/8] COPY apps/ apps/
#15 CACHED

#16 [client2 7/8] COPY analysis/ analysis/
#16 CACHED

#17 [client2 3/8] COPY renv.lock .Rprofile renv/activate.R ./
#17 CACHED

#18 [client2 8/8] RUN mkdir -p /project/configs/modes /project/data /project/artifacts /project/result
#18 CACHED

#19 [client1] exporting to image
#19 exporting layers done
#19 writing image sha256:ce0206ca9100307fd5580fdf44dab741111cdda902dcd0104ced478e95c9ec27 done
#19 naming to docker.io/library/defboot_design_change_n403030_wtmclu_scenario1_181_185-client1 0.0s done
#19 DONE 0.0s

#20 [client3] exporting to image
#20 exporting layers done
#20 writing image sha256:c2a62778e00f05fb90d75ab733db5b25d46f0bb9ce81017df2dbd9a33a64e24a done
#20 naming to docker.io/library/defboot_design_change_n403030_wtmclu_scenario1_181_185-client3 0.0s done
#20 DONE 0.0s

#21 [client2] exporting to image
#21 exporting layers done
#21 writing image sha256:018e398e3a7d299c053e431d1bb2cff55a0cd5faac180a9299e910e23d051a18 done
#21 naming to docker.io/library/defboot_design_change_n403030_wtmclu_scenario1_181_185-client2 0.0s done
#21 DONE 0.1s

#22 [client1] resolving provenance for metadata file
#22 DONE 0.0s

#23 [client2] resolving provenance for metadata file
#23 DONE 0.0s

#24 [client3] resolving provenance for metadata file
#24 DONE 0.0s

#25 [server internal] load build definition from Dockerfile.app
#25 transferring dockerfile: 778B done
#25 DONE 0.0s

#4 [server internal] load metadata for docker.io/fedpoppk/base:0.1.0
#4 DONE 0.0s

#26 [server internal] load .dockerignore
#26 transferring context: 2B done
#26 DONE 0.0s

#8 [server 1/8] FROM docker.io/fedpoppk/base:0.1.0
#8 DONE 0.0s

#27 [server internal] load build context
#27 transferring context: 736.51kB 0.3s done
#27 DONE 0.4s

#12 [server 2/8] WORKDIR /project
#12 CACHED

#28 [server 5/8] COPY apps/ apps/
#28 CACHED

#29 [server 7/8] COPY analysis/ analysis/
#29 CACHED

#30 [server 4/8] RUN Rscript -e "options(renv.consent=TRUE, Ncpus=parallel::detectCores());                 renv::restore(prompt=FALSE)"
#30 CACHED

#31 [server 6/8] COPY R/ R/
#31 CACHED

#32 [server 3/8] COPY renv.lock .Rprofile renv/activate.R ./
#32 CACHED

#33 [server 8/8] RUN mkdir -p /project/configs/modes /project/data /project/artifacts /project/result
#33 CACHED

#34 [server] exporting to image
#34 exporting layers done
#34 writing image sha256:1fb5639b1bdbfca5e70de1d8081dc72e1ed90674b983adec16393575af621ae4 done
#34 naming to docker.io/library/defboot_design_change_n403030_wtmclu_scenario1_181_185-server 0.0s done
#34 DONE 0.0s

#35 [server] resolving provenance for metadata file
#35 DONE 0.0s
 client1  Built
 client2  Built
 client3  Built
 server  Built
 Network defboot_design_change_n403030_wtmclu_scenario1_181_185_site3_net  Creating
 Network defboot_design_change_n403030_wtmclu_scenario1_181_185_site3_net  Created
 Network defboot_design_change_n403030_wtmclu_scenario1_181_185_site1_net  Creating
 Network defboot_design_change_n403030_wtmclu_scenario1_181_185_site1_net  Created
 Network defboot_design_change_n403030_wtmclu_scenario1_181_185_site2_net  Creating
 Network defboot_design_change_n403030_wtmclu_scenario1_181_185_site2_net  Created
 Container defboot_design_change_n403030_wtmclu_scenario1_181_185-client3-1  Creating
 Container defboot_design_change_n403030_wtmclu_scenario1_181_185-client1-1  Creating
 Container defboot_design_change_n403030_wtmclu_scenario1_181_185-client2-1  Creating
 Container defboot_design_change_n403030_wtmclu_scenario1_181_185-client2-1  Created
 Container defboot_design_change_n403030_wtmclu_scenario1_181_185-client1-1  Created
 Container defboot_design_change_n403030_wtmclu_scenario1_181_185-client3-1  Created
 Container defboot_design_change_n403030_wtmclu_scenario1_181_185-server-1  Creating
 Container defboot_design_change_n403030_wtmclu_scenario1_181_185-server-1  Created
Attaching to client1-1, client2-1, client3-1, server-1
client2-1  | Running plumber API at http://0.0.0.0:8000
client2-1  | Running swagger Docs at http://127.0.0.1:8000/__docs__/
client3-1  | Running plumber API at http://0.0.0.0:8000
client3-1  | Running swagger Docs at http://127.0.0.1:8000/__docs__/
client1-1  | Running plumber API at http://0.0.0.0:8000
client1-1  | Running swagger Docs at http://127.0.0.1:8000/__docs__/
client1-1  | ℹ parameter labels from comments are typically ignored in non-interactive mode
client2-1  | ℹ parameter labels from comments are typically ignored in non-interactive mode
client1-1  | ℹ Need to run with the source intact to parse comments
client2-1  | ℹ Need to run with the source intact to parse comments
client3-1  | ℹ parameter labels from comments are typically ignored in non-interactive mode
client3-1  | ℹ Need to run with the source intact to parse comments
server-1   | [send_init] http://client2:8000 init succeeded
server-1   | [send_init] http://client1:8000 init succeeded
server-1   | [send_init] http://client3:8000 init succeeded
server-1   | {"schema":{"schema_version":"1.1.0","generated_at":"2026-05-22T00:17:28Z","config_path":"/project/configs/../temp/deferiprone_single_oral_25mgkg_designcheck_20260511/validation/design_change_n403030_wtmclustT10_nomix_site403030_nondesignquota_precisionchol_basefitbootinit_preboot_20260521/configs/resolved/scenario1_bootstrap.json","config_md5":"9d7556058a6c3cb18af9ad7ffdd7076b","seed":4869,"host":"a30523270bcc","pid":1,"image_tag":null,"git_sha":null,"git_dirty":null},"aggregation":{"ci_method":"percentile","ci_level":0.95,"quantile_type":7,"estimates_scale":"natural"},"summary":[{"parameter":"(etaLcl,etaLvc)","median":0.065804692092,"p2.5":0.049093139397,"p97.5":0.066790019332},{"parameter":"CcPropSd","median":0.3527043638,"p2.5":0.32522212352,"p97.5":0.36091022141},{"parameter":"etaLcl","median":0.1003037915,"p2.5":0.094875773706,"p97.5":0.11920304029},{"parameter":"etaLvc","median":0.038420034491,"p2.5":0.026840319562,"p97.5":0.045306180116},{"parameter":"lcl","median":2.1845240295,"p2.5":2.094159865,"p97.5":2.2412446313},{"parameter":"lka","median":2.1159919268,"p2.5":2.037953453,"p97.5":2.2130983589},{"parameter":"lvc","median":2.9716466165,"p2.5":2.8874268138,"p97.5":2.97800666},{"parameter":"rho_(etaLcl,etaLvc)","median":0.98007032453,"p2.5":0.97180571962,"p97.5":0.98298944345}],"runs":[{"tag":"trial_181_20260522-001728","value":2188.3565,"counts":[21,21],"control":{"maxit":100,"factr":1000000000,"pgtol":0,"trace":0,"method":"L-BFGS-B"},"convergence":0,"message":"CONVERGENCE: REL_REDUCTION_OF_F <= FACTR*EPSMCH","nat_par":{"lka":2.0343230417,"lcl":2.1845240295,"lvc":2.9716466165,"CcPropSd":0.33409768768,"etaLcl":0.098178420133,"etaLvc":0.045634057549,"(etaLcl,etaLvc)":0.065804692092,"rho_(etaLcl,etaLvc)":0.98311494657},"failed_clients":[],"attempt":1,"files":{"result":"/project/temp/deferiprone_single_oral_25mgkg_designcheck_20260511/validation/design_change_n403030_wtmclustT10_nomix_site403030_nondesignquota_precisionchol_basefitbootinit_preboot_20260521/runs/scenario1/bootstrap/federated/scenario1/raw_runs/run_20260522-001728/optim_result_trial_181_20260522-001728.json","trace":"/project/temp/deferiprone_single_oral_25mgkg_designcheck_20260511/validation/design_change_n403030_wtmclustT10_nomix_site403030_nondesignquota_precisionchol_basefitbootinit_preboot_20260521/runs/scenario1/bootstrap/federated/scenario1/raw_runs/run_20260522-001728/optim_trace_trial_181_20260522-001728.csv","final":"/project/temp/deferiprone_single_oral_25mgkg_designcheck_20260511/validation/design_change_n403030_wtmclustT10_nomix_site403030_nondesignquota_precisionchol_basefitbootinit_preboot_20260521/runs/scenario1/bootstrap/federated/scenario1/raw_runs/run_20260522-001728/final_params_trial_181_20260522-001728.csv"},"log_n":21,"execution_state":"completed","trial":181,"attempts":1},{"tag":"trial_182_20260522-002008","value":2199.9042,"counts":[35,35],"control":{"maxit":100,"factr":1000000000,"pgtol":0,"trace":0,"method":"L-BFGS-B"},"convergence":0,"message":"CONVERGENCE: REL_REDUCTION_OF_F <= FACTR*EPSMCH","nat_par":{"lka":2.0706271552,"lcl":2.2469834263,"lvc":2.9780618478,"CcPropSd":0.361335119,"etaLcl":0.12030263252,"etaLvc":0.038420034491,"(etaLcl,etaLvc)":0.066630593251,"rho_(etaLcl,etaLvc)":0.98007032453},"failed_clients":[],"attempt":1,"files":{"result":"/project/temp/deferiprone_single_oral_25mgkg_designcheck_20260511/validation/design_change_n403030_wtmclustT10_nomix_site403030_nondesignquota_precisionchol_basefitbootinit_preboot_20260521/runs/scenario1/bootstrap/federated/scenario1/raw_runs/run_20260522-001728/optim_result_trial_182_20260522-002008.json","trace":"/project/temp/deferiprone_single_oral_25mgkg_designcheck_20260511/validation/design_change_n403030_wtmclustT10_nomix_site403030_nondesignquota_precisionchol_basefitbootinit_preboot_20260521/runs/scenario1/bootstrap/federated/scenario1/raw_runs/run_20260522-001728/optim_trace_trial_182_20260522-002008.csv","final":"/project/temp/deferiprone_single_oral_25mgkg_designcheck_20260511/validation/design_change_n403030_wtmclustT10_nomix_site403030_nondesignquota_precisionchol_basefitbootinit_preboot_20260521/runs/scenario1/bootstrap/federated/scenario1/raw_runs/run_20260522-001728/final_params_trial_182_20260522-002008.csv"},"log_n":35,"execution_state":"completed","trial":182,"attempts":1},{"tag":"trial_183_20260522-002433","value":2216.5257,"counts":[17,17],"control":{"maxit":100,"factr":1000000000,"pgtol":0,"trace":0,"method":"L-BFGS-B"},"convergence":0,"message":"CONVERGENCE: REL_REDUCTION_OF_F <= FACTR*EPSMCH","nat_par":{"lka":2.2191030774,"lcl":2.0847899005,"lvc":2.8822589054,"CcPropSd":0.32423594972,"etaLcl":0.1003037915,"etaLvc":0.03028466466,"(etaLcl,etaLvc)":0.053732959408,"rho_(etaLcl,etaLvc)":0.97492386401},"failed_clients":[],"attempt":1,"files":{"result":"/project/temp/deferiprone_single_oral_25mgkg_designcheck_20260511/validation/design_change_n403030_wtmclustT10_nomix_site403030_nondesignquota_precisionchol_basefitbootinit_preboot_20260521/runs/scenario1/bootstrap/federated/scenario1/raw_runs/run_20260522-001728/optim_result_trial_183_20260522-002433.json","trace":"/project/temp/deferiprone_single_oral_25mgkg_designcheck_20260511/validation/design_change_n403030_wtmclustT10_nomix_site403030_nondesignquota_precisionchol_basefitbootinit_preboot_20260521/runs/scenario1/bootstrap/federated/scenario1/raw_runs/run_20260522-001728/optim_trace_trial_183_20260522-002433.csv","final":"/project/temp/deferiprone_single_oral_25mgkg_designcheck_20260511/validation/design_change_n403030_wtmclustT10_nomix_site403030_nondesignquota_precisionchol_basefitbootinit_preboot_20260521/runs/scenario1/bootstrap/federated/scenario1/raw_runs/run_20260522-001728/final_params_trial_183_20260522-002433.csv"},"log_n":17,"execution_state":"completed","trial":183,"attempts":1},{"tag":"trial_184_20260522-002642","value":2209.4059,"counts":[24,24],"control":{"maxit":100,"factr":1000000000,"pgtol":0,"trace":0,"method":"L-BFGS-B"},"convergence":0,"message":"CONVERGENCE: REL_REDUCTION_OF_F <= FACTR*EPSMCH","nat_par":{"lka":2.1590558923,"lcl":2.1895954766,"lvc":2.9775099702,"CcPropSd":0.3527043638,"etaLcl":0.094508812992,"etaLvc":0.026457614551,"(etaLcl,etaLvc)":0.048577603841,"rho_(etaLcl,etaLvc)":0.97145925913},"failed_clients":[],"attempt":1,"files":{"result":"/project/temp/deferiprone_single_oral_25mgkg_designcheck_20260511/validation/design_change_n403030_wtmclustT10_nomix_site403030_nondesignquota_precisionchol_basefitbootinit_preboot_20260521/runs/scenario1/bootstrap/federated/scenario1/raw_runs/run_20260522-001728/optim_result_trial_184_20260522-002642.json","trace":"/project/temp/deferiprone_single_oral_25mgkg_designcheck_20260511/validation/design_change_n403030_wtmclustT10_nomix_site403030_nondesignquota_precisionchol_basefitbootinit_preboot_20260521/runs/scenario1/bootstrap/federated/scenario1/raw_runs/run_20260522-001728/optim_trace_trial_184_20260522-002642.csv","final":"/project/temp/deferiprone_single_oral_25mgkg_designcheck_20260511/validation/design_change_n403030_wtmclustT10_nomix_site403030_nondesignquota_precisionchol_basefitbootinit_preboot_20260521/runs/scenario1/bootstrap/federated/scenario1/raw_runs/run_20260522-001728/final_params_trial_184_20260522-002642.csv"},"log_n":24,"execution_state":"completed","trial":184,"attempts":1},{"tag":"trial_185_20260522-002944","value":2214.0749,"counts":[19,19],"control":{"maxit":100,"factr":1000000000,"pgtol":0,"trace":0,"method":"L-BFGS-B"},"convergence":0,"message":"CONVERGENCE: REL_REDUCTION_OF_F <= FACTR*EPSMCH","nat_par":{"lka":2.1159919268,"lcl":2.1784895459,"lvc":2.9339379894,"CcPropSd":0.3570861431,"etaLcl":0.10930671027,"etaLvc":0.042355283222,"(etaLcl,etaLvc)":0.066807733341,"rho_(etaLcl,etaLvc)":0.9818599154},"failed_clients":[],"attempt":1,"files":{"result":"/project/temp/deferiprone_single_oral_25mgkg_designcheck_20260511/validation/design_change_n403030_wtmclustT10_nomix_site403030_nondesignquota_precisionchol_basefitbootinit_preboot_20260521/runs/scenario1/bootstrap/federated/scenario1/raw_runs/run_20260522-001728/optim_result_trial_185_20260522-002944.json","trace":"/project/temp/deferiprone_single_oral_25mgkg_designcheck_20260511/validation/design_change_n403030_wtmclustT10_nomix_site403030_nondesignquota_precisionchol_basefitbootinit_preboot_20260521/runs/scenario1/bootstrap/federated/scenario1/raw_runs/run_20260522-001728/optim_trace_trial_185_20260522-002944.csv","final":"/project/temp/deferiprone_single_oral_25mgkg_designcheck_20260511/validation/design_change_n403030_wtmclustT10_nomix_site403030_nondesignquota_precisionchol_basefitbootinit_preboot_20260521/runs/scenario1/bootstrap/federated/scenario1/raw_runs/run_20260522-001728/final_params_trial_185_20260522-002944.csv"},"log_n":19,"execution_state":"completed","trial":185,"attempts":1}],"trial_status":[{"trial":181,"execution_state":"completed","converged":true,"attempts":1,"convergence":0,"value":2188.3565,"eval_fn":21,"eval_gr":21,"log_n":21,"failed_clients_n":0,"message":"CONVERGENCE: REL_REDUCTION_OF_F <= FACTR*EPSMCH","result_file":"/project/temp/deferiprone_single_oral_25mgkg_designcheck_20260511/validation/design_change_n403030_wtmclustT10_nomix_site403030_nondesignquota_precisionchol_basefitbootinit_preboot_20260521/runs/scenario1/bootstrap/federated/scenario1/raw_runs/run_20260522-001728/optim_result_trial_181_20260522-001728.json","trace_file":"/project/temp/deferiprone_single_oral_25mgkg_designcheck_20260511/validation/design_change_n403030_wtmclustT10_nomix_site403030_nondesignquota_precisionchol_basefitbootinit_preboot_20260521/runs/scenario1/bootstrap/federated/scenario1/raw_runs/run_20260522-001728/optim_trace_trial_181_20260522-001728.csv","final_file":"/project/temp/deferiprone_single_oral_25mgkg_designcheck_20260511/validation/design_change_n403030_wtmclustT10_nomix_site403030_nondesignquota_precisionchol_basefitbootinit_preboot_20260521/runs/scenario1/bootstrap/federated/scenario1/raw_runs/run_20260522-001728/final_params_trial_181_20260522-001728.csv"},{"trial":182,"execution_state":"completed","converged":true,"attempts":1,"convergence":0,"value":2199.9042,"eval_fn":35,"eval_gr":35,"log_n":35,"failed_clients_n":0,"message":"CONVERGENCE: REL_REDUCTION_OF_F <= FACTR*EPSMCH","result_file":"/project/temp/deferiprone_single_oral_25mgkg_designcheck_20260511/validation/design_change_n403030_wtmclustT10_nomix_site403030_nondesignquota_precisionchol_basefitbootinit_preboot_20260521/runs/scenario1/bootstrap/federated/scenario1/raw_runs/run_20260522-001728/optim_result_trial_182_20260522-002008.json","trace_file":"/project/temp/deferiprone_single_oral_25mgkg_designcheck_20260511/validation/design_change_n403030_wtmclustT10_nomix_site403030_nondesignquota_precisionchol_basefitbootinit_preboot_20260521/runs/scenario1/bootstrap/federated/scenario1/raw_runs/run_20260522-001728/optim_trace_trial_182_20260522-002008.csv","final_file":"/project/temp/deferiprone_single_oral_25mgkg_designcheck_20260511/validation/design_change_n403030_wtmclustT10_nomix_site403030_nondesignquota_precisionchol_basefitbootinit_preboot_20260521/runs/scenario1/bootstrap/federated/scenario1/raw_runs/run_20260522-001728/final_params_trial_182_20260522-002008.csv"},{"trial":183,"execution_state":"completed","converged":true,"attempts":1,"convergence":0,"value":2216.5257,"eval_fn":17,"eval_gr":17,"log_n":17,"failed_clients_n":0,"message":"CONVERGENCE: REL_REDUCTION_OF_F <= FACTR*EPSMCH","result_file":"/project/temp/deferiprone_single_oral_25mgkg_designcheck_20260511/validation/design_change_n403030_wtmclustT10_nomix_site403030_nondesignquota_precisionchol_basefitbootinit_preboot_20260521/runs/scenario1/bootstrap/federated/scenario1/raw_runs/run_20260522-001728/optim_result_trial_183_20260522-002433.json","trace_file":"/project/temp/deferiprone_single_oral_25mgkg_designcheck_20260511/validation/design_change_n403030_wtmclustT10_nomix_site403030_nondesignquota_precisionchol_basefitbootinit_preboot_20260521/runs/scenario1/bootstrap/federated/scenario1/raw_runs/run_20260522-001728/optim_trace_trial_183_20260522-002433.csv","final_file":"/project/temp/deferiprone_single_oral_25mgkg_designcheck_20260511/validation/design_change_n403030_wtmclustT10_nomix_site403030_nondesignquota_precisionchol_basefitbootinit_preboot_20260521/runs/scenario1/bootstrap/federated/scenario1/raw_runs/run_20260522-001728/final_params_trial_183_20260522-002433.csv"},{"trial":184,"execution_state":"completed","converged":true,"attempts":1,"convergence":0,"value":2209.4059,"eval_fn":24,"eval_gr":24,"log_n":24,"failed_clients_n":0,"message":"CONVERGENCE: REL_REDUCTION_OF_F <= FACTR*EPSMCH","result_file":"/project/temp/deferiprone_single_oral_25mgkg_designcheck_20260511/validation/design_change_n403030_wtmclustT10_nomix_site403030_nondesignquota_precisionchol_basefitbootinit_preboot_20260521/runs/scenario1/bootstrap/federated/scenario1/raw_runs/run_20260522-001728/optim_result_trial_184_20260522-002642.json","trace_file":"/project/temp/deferiprone_single_oral_25mgkg_designcheck_20260511/validation/design_change_n403030_wtmclustT10_nomix_site403030_nondesignquota_precisionchol_basefitbootinit_preboot_20260521/runs/scenario1/bootstrap/federated/scenario1/raw_runs/run_20260522-001728/optim_trace_trial_184_20260522-002642.csv","final_file":"/project/temp/deferiprone_single_oral_25mgkg_designcheck_20260511/validation/design_change_n403030_wtmclustT10_nomix_site403030_nondesignquota_precisionchol_basefitbootinit_preboot_20260521/runs/scenario1/bootstrap/federated/scenario1/raw_runs/run_20260522-001728/final_params_trial_184_20260522-002642.csv"},{"trial":185,"execution_state":"completed","converged":true,"attempts":1,"convergence":0,"value":2214.0749,"eval_fn":19,"eval_gr":19,"log_n":19,"failed_clients_n":0,"message":"CONVERGENCE: REL_REDUCTION_OF_F <= FACTR*EPSMCH","result_file":"/project/temp/deferiprone_single_oral_25mgkg_designcheck_20260511/validation/design_change_n403030_wtmclustT10_nomix_site403030_nondesignquota_precisionchol_basefitbootinit_preboot_20260521/runs/scenario1/bootstrap/federated/scenario1/raw_runs/run_20260522-001728/optim_result_trial_185_20260522-002944.json","trace_file":"/project/temp/deferiprone_single_oral_25mgkg_designcheck_20260511/validation/design_change_n403030_wtmclustT10_nomix_site403030_nondesignquota_precisionchol_basefitbootinit_preboot_20260521/runs/scenario1/bootstrap/federated/scenario1/raw_runs/run_20260522-001728/optim_trace_trial_185_20260522-002944.csv","final_file":"/project/temp/deferiprone_single_oral_25mgkg_designcheck_20260511/validation/design_change_n403030_wtmclustT10_nomix_site403030_nondesignquota_precisionchol_basefitbootinit_preboot_20260521/runs/scenario1/bootstrap/federated/scenario1/raw_runs/run_20260522-001728/final_params_trial_185_20260522-002944.csv"}],"info":{"run_id":"20260522-001728","log_base_dir":"/project/temp/deferiprone_single_oral_25mgkg_designcheck_20260511/validation/design_change_n403030_wtmclustT10_nomix_site403030_nondesignquota_precisionchol_basefitbootinit_preboot_20260521/runs/scenario1/bootstrap/federated","scenario":"scenario1/raw_runs","total_trials":5,"successes":5,"failures":0,"nonconverged_count":0,"nonconverged_trials":[],"convergence_missing_count":0,"seed_base":4869,"B_per_client":500,"duration_sec":888.0645093918,"host":"a30523270bcc","image_tag":null,"communication":{"generated_at":"2026-05-22T00:32:11Z","totals":{"requests":699,"request_bytes":779499,"response_bytes":177012,"total_bytes":956511,"retries":0},"init":{"requests":3,"request_bytes":8139,"response_bytes":1161,"total_bytes":9300,"retries":0,"median_elapsed_sec":0.36401605606},"init_round_latency":{"n_rounds":1,"median_round_wall_sec":0.36744093895,"p95_round_wall_sec":0.36744093895},"run":{"requests":0,"request_bytes":0,"response_bytes":0,"total_bytes":0,"retries":0,"median_elapsed_sec":"NA"},"run_bootstrap":{"requests":696,"request_bytes":771360,"response_bytes":175851,"total_bytes":947211,"retries":0,"median_elapsed_sec":3.6558948755},"round_latency":{"n_rounds":232,"median_round_wall_sec":3.7549698353,"p95_round_wall_sec":4.0369272947},"timing_split":{"n_rounds":232,"rounds_with_compute":232,"total_round_wall_sec":877.4125182629,"total_round_compute_wall_sec":869.8625,"total_round_comm_overhead_wall_sec":7.5500182629,"comm_overhead_ratio":0.0086048672725,"compute_ratio":0.99139513273}},"communication_files":{"csv":"/project/temp/deferiprone_single_oral_25mgkg_designcheck_20260511/validation/design_change_n403030_wtmclustT10_nomix_site403030_nondesignquota_precisionchol_basefitbootinit_preboot_20260521/runs/scenario1/bootstrap/federated/scenario1/raw_runs/run_20260522-001728/comm_metrics.csv","json":"/project/temp/deferiprone_single_oral_25mgkg_designcheck_20260511/validation/design_change_n403030_wtmclustT10_nomix_site403030_nondesignquota_precisionchol_basefitbootinit_preboot_20260521/runs/scenario1/bootstrap/federated/scenario1/raw_runs/run_20260522-001728/comm_metrics.json"},"output_files":{"bootstrap_summary_csv":"/project/temp/deferiprone_single_oral_25mgkg_designcheck_20260511/validation/design_change_n403030_wtmclustT10_nomix_site403030_nondesignquota_precisionchol_basefitbootinit_preboot_20260521/runs/scenario1/bootstrap/federated/scenario1/raw_runs/run_20260522-001728/bootstrap_summary.csv","bootstrap_summary_json":"/project/temp/deferiprone_single_oral_25mgkg_designcheck_20260511/validation/design_change_n403030_wtmclustT10_nomix_site403030_nondesignquota_precisionchol_basefitbootinit_preboot_20260521/runs/scenario1/bootstrap/federated/scenario1/raw_runs/run_20260522-001728/bootstrap_summary.json","trial_status_csv":"/project/temp/deferiprone_single_oral_25mgkg_designcheck_20260511/validation/design_change_n403030_wtmclustT10_nomix_site403030_nondesignquota_precisionchol_basefitbootinit_preboot_20260521/runs/scenario1/bootstrap/federated/scenario1/raw_runs/run_20260522-001728/trial_status.csv","failed_trials_csv":"/project/temp/deferiprone_single_oral_25mgkg_designcheck_20260511/validation/design_change_n403030_wtmclustT10_nomix_site403030_nondesignquota_precisionchol_basefitbootinit_preboot_20260521/runs/scenario1/bootstrap/federated/scenario1/raw_runs/run_20260522-001728/failed_trials.csv","trial_estimates_wide_csv":"/project/temp/deferiprone_single_oral_25mgkg_designcheck_20260511/validation/design_change_n403030_wtmclustT10_nomix_site403030_nondesignquota_precisionchol_basefitbootinit_preboot_20260521/runs/scenario1/bootstrap/federated/scenario1/raw_runs/run_20260522-001728/trial_estimates_wide.csv","trial_estimates_long_csv":"/project/temp/deferiprone_single_oral_25mgkg_designcheck_20260511/validation/design_change_n403030_wtmclustT10_nomix_site403030_nondesignquota_precisionchol_basefitbootinit_preboot_20260521/runs/scenario1/bootstrap/federated/scenario1/raw_runs/run_20260522-001728/trial_estimates_long.csv","result_json":"/project/temp/deferiprone_single_oral_25mgkg_designcheck_20260511/validation/design_change_n403030_wtmclustT10_nomix_site403030_nondesignquota_precisionchol_basefitbootinit_preboot_20260521/runs/scenario1/bootstrap/federated/scenario1/raw_runs/run_20260522-001728/result.json"}}}
[Kserver-1 exited with code 0
Aborting on container exit...
 Container defboot_design_change_n403030_wtmclu_scenario1_181_185-server-1  Stopping
 Container defboot_design_change_n403030_wtmclu_scenario1_181_185-server-1  Stopped
 Container defboot_design_change_n403030_wtmclu_scenario1_181_185-client1-1  Stopping
 Container defboot_design_change_n403030_wtmclu_scenario1_181_185-client2-1  Stopping
 Container defboot_design_change_n403030_wtmclu_scenario1_181_185-client3-1  Stopping
 Container defboot_design_change_n403030_wtmclu_scenario1_181_185-client2-1  Stopped
 Container defboot_design_change_n403030_wtmclu_scenario1_181_185-client1-1  Stopped
 Container defboot_design_change_n403030_wtmclu_scenario1_181_185-client3-1  Stopped
time="2026-05-22T09:32:21+09:00" level=warning msg="The \"SERVER_CONFIG_PATH\" variable is not set. Defaulting to a blank string."
 Container defboot_design_change_n403030_wtmclu_scenario1_181_185-server-1  Stopping
 Container defboot_design_change_n403030_wtmclu_scenario1_181_185-server-1  Stopped
 Container defboot_design_change_n403030_wtmclu_scenario1_181_185-server-1  Removing
 Container defboot_design_change_n403030_wtmclu_scenario1_181_185-server-1  Removed
 Container defboot_design_change_n403030_wtmclu_scenario1_181_185-client1-1  Stopping
 Container defboot_design_change_n403030_wtmclu_scenario1_181_185-client3-1  Stopping
 Container defboot_design_change_n403030_wtmclu_scenario1_181_185-client2-1  Stopping
 Container defboot_design_change_n403030_wtmclu_scenario1_181_185-client1-1  Stopped
 Container defboot_design_change_n403030_wtmclu_scenario1_181_185-client1-1  Removing
 Container defboot_design_change_n403030_wtmclu_scenario1_181_185-client3-1  Stopped
 Container defboot_design_change_n403030_wtmclu_scenario1_181_185-client3-1  Removing
 Container defboot_design_change_n403030_wtmclu_scenario1_181_185-client2-1  Stopped
 Container defboot_design_change_n403030_wtmclu_scenario1_181_185-client2-1  Removing
 Container defboot_design_change_n403030_wtmclu_scenario1_181_185-client1-1  Removed
 Container defboot_design_change_n403030_wtmclu_scenario1_181_185-client2-1  Removed
 Container defboot_design_change_n403030_wtmclu_scenario1_181_185-client3-1  Removed
 Network defboot_design_change_n403030_wtmclu_scenario1_181_185_site2_net  Removing
 Network defboot_design_change_n403030_wtmclu_scenario1_181_185_site3_net  Removing
 Network defboot_design_change_n403030_wtmclu_scenario1_181_185_site1_net  Removing
 Network defboot_design_change_n403030_wtmclu_scenario1_181_185_site2_net  Removed
 Network defboot_design_change_n403030_wtmclu_scenario1_181_185_site3_net  Removed
 Network defboot_design_change_n403030_wtmclu_scenario1_181_185_site1_net  Removed
