time="2026-05-22T21:03:34+09:00" level=warning msg="The \"SERVER_CONFIG_PATH\" variable is not set. Defaulting to a blank string."
Compose now can delegate build to bake for better performances
Just set COMPOSE_BAKE=true
#0 building with "default" instance using docker driver

#1 [client3 internal] load build definition from Dockerfile.app
#1 transferring dockerfile: 778B done
#1 DONE 0.0s

#2 [client2 internal] load build definition from Dockerfile.app
#2 transferring dockerfile: 778B done
#2 DONE 0.0s

#3 [client1 internal] load build definition from Dockerfile.app
#3 transferring dockerfile: 778B done
#3 DONE 0.0s

#4 [client2 internal] load metadata for docker.io/fedpoppk/base:0.1.0
#4 DONE 0.0s

#5 [client3 internal] load .dockerignore
#5 transferring context: 2B done
#5 DONE 0.0s

#6 [client1 internal] load .dockerignore
#6 transferring context: 2B done
#6 DONE 0.0s

#7 [client2 internal] load .dockerignore
#7 transferring context: 2B done
#7 DONE 0.0s

#8 [client2 1/8] FROM docker.io/fedpoppk/base:0.1.0
#8 DONE 0.0s

#9 [client3 internal] load build context
#9 ...

#10 [client1 internal] load build context
#10 transferring context: 736.51kB 0.3s done
#10 DONE 0.3s

#9 [client3 internal] load build context
#9 transferring context: 736.51kB 0.3s done
#9 DONE 0.3s

#11 [client2 internal] load build context
#11 transferring context: 736.51kB 0.3s done
#11 DONE 0.3s

#12 [client1 6/8] COPY R/ R/
#12 CACHED

#13 [client1 3/8] COPY renv.lock .Rprofile renv/activate.R ./
#13 CACHED

#14 [client1 4/8] RUN Rscript -e "options(renv.consent=TRUE, Ncpus=parallel::detectCores());                 renv::restore(prompt=FALSE)"
#14 CACHED

#15 [client1 7/8] COPY analysis/ analysis/
#15 CACHED

#16 [client1 2/8] WORKDIR /project
#16 CACHED

#17 [client1 5/8] COPY apps/ apps/
#17 CACHED

#18 [client3 8/8] RUN mkdir -p /project/configs/modes /project/data /project/artifacts /project/result
#18 CACHED

#19 [client1] exporting to image
#19 exporting layers done
#19 writing image sha256:02c3bb579214315f58d805b9bc5e52f188b23c1495e82eb0be78bd3f7472a90a done
#19 naming to docker.io/library/defboot_design_change_n403030_wtmclu_scenario1_411_415-client1 0.0s done
#19 DONE 0.0s

#20 [client3] exporting to image
#20 exporting layers done
#20 writing image sha256:82b04917507d1479f1aaf8bd537d58a38243b153172e5c1a34c8e8577a414d27 done
#20 naming to docker.io/library/defboot_design_change_n403030_wtmclu_scenario1_411_415-client3 0.0s done
#20 DONE 0.0s

#21 [client2] exporting to image
#21 exporting layers done
#21 writing image sha256:e03512e5ffc958ac761d63ab2d6998261135a2d6f75708597eba8ba18a20ae54 done
#21 naming to docker.io/library/defboot_design_change_n403030_wtmclu_scenario1_411_415-client2 0.0s done
#21 DONE 0.1s

#22 [client1] resolving provenance for metadata file
#22 DONE 0.0s

#23 [client2] resolving provenance for metadata file
#23 DONE 0.0s

#24 [client3] resolving provenance for metadata file
#24 DONE 0.0s

#25 [server internal] load build definition from Dockerfile.app
#25 transferring dockerfile: 778B done
#25 DONE 0.0s

#4 [server internal] load metadata for docker.io/fedpoppk/base:0.1.0
#4 DONE 0.0s

#26 [server internal] load .dockerignore
#26 transferring context: 2B done
#26 DONE 0.0s

#8 [server 1/8] FROM docker.io/fedpoppk/base:0.1.0
#8 DONE 0.0s

#27 [server internal] load build context
#27 transferring context: 736.51kB 0.4s done
#27 DONE 0.4s

#28 [server 5/8] COPY apps/ apps/
#28 CACHED

#29 [server 6/8] COPY R/ R/
#29 CACHED

#30 [server 7/8] COPY analysis/ analysis/
#30 CACHED

#31 [server 4/8] RUN Rscript -e "options(renv.consent=TRUE, Ncpus=parallel::detectCores());                 renv::restore(prompt=FALSE)"
#31 CACHED

#16 [server 2/8] WORKDIR /project
#16 CACHED

#32 [server 3/8] COPY renv.lock .Rprofile renv/activate.R ./
#32 CACHED

#33 [server 8/8] RUN mkdir -p /project/configs/modes /project/data /project/artifacts /project/result
#33 CACHED

#34 [server] exporting to image
#34 exporting layers done
#34 writing image sha256:ad0fd3c1fee980b9ed5aef9ce6044af711501446e52b6ca74e574018c5c520da done
#34 naming to docker.io/library/defboot_design_change_n403030_wtmclu_scenario1_411_415-server 0.0s done
#34 DONE 0.0s

#35 [server] resolving provenance for metadata file
#35 DONE 0.0s
 client1  Built
 client2  Built
 client3  Built
 server  Built
 Network defboot_design_change_n403030_wtmclu_scenario1_411_415_site2_net  Creating
 Network defboot_design_change_n403030_wtmclu_scenario1_411_415_site2_net  Created
 Network defboot_design_change_n403030_wtmclu_scenario1_411_415_site3_net  Creating
 Network defboot_design_change_n403030_wtmclu_scenario1_411_415_site3_net  Created
 Network defboot_design_change_n403030_wtmclu_scenario1_411_415_site1_net  Creating
 Network defboot_design_change_n403030_wtmclu_scenario1_411_415_site1_net  Created
 Container defboot_design_change_n403030_wtmclu_scenario1_411_415-client1-1  Creating
 Container defboot_design_change_n403030_wtmclu_scenario1_411_415-client2-1  Creating
 Container defboot_design_change_n403030_wtmclu_scenario1_411_415-client3-1  Creating
 Container defboot_design_change_n403030_wtmclu_scenario1_411_415-client3-1  Created
 Container defboot_design_change_n403030_wtmclu_scenario1_411_415-client1-1  Created
 Container defboot_design_change_n403030_wtmclu_scenario1_411_415-client2-1  Created
 Container defboot_design_change_n403030_wtmclu_scenario1_411_415-server-1  Creating
 Container defboot_design_change_n403030_wtmclu_scenario1_411_415-server-1  Created
Attaching to client1-1, client2-1, client3-1, server-1
client1-1  | Running plumber API at http://0.0.0.0:8000
client1-1  | Running swagger Docs at http://127.0.0.1:8000/__docs__/
client3-1  | Running plumber API at http://0.0.0.0:8000
client3-1  | Running swagger Docs at http://127.0.0.1:8000/__docs__/
client2-1  | Running plumber API at http://0.0.0.0:8000
client2-1  | Running swagger Docs at http://127.0.0.1:8000/__docs__/
client1-1  | ℹ parameter labels from comments are typically ignored in non-interactive mode
client1-1  | ℹ Need to run with the source intact to parse comments
client2-1  | ℹ parameter labels from comments are typically ignored in non-interactive mode
client2-1  | ℹ Need to run with the source intact to parse comments
client3-1  | ℹ parameter labels from comments are typically ignored in non-interactive mode
client3-1  | ℹ Need to run with the source intact to parse comments
server-1   | [send_init] http://client1:8000 init succeeded
server-1   | [send_init] http://client2:8000 init succeeded
server-1   | [send_init] http://client3:8000 init succeeded
server-1   | {"schema":{"schema_version":"1.1.0","generated_at":"2026-05-22T12:03:43Z","config_path":"/project/configs/../temp/deferiprone_single_oral_25mgkg_designcheck_20260511/validation/design_change_n403030_wtmclustT10_nomix_site403030_nondesignquota_precisionchol_basefitbootinit_preboot_20260521/configs/resolved/scenario1_bootstrap.json","config_md5":"9d7556058a6c3cb18af9ad7ffdd7076b","seed":4869,"host":"9383b6310611","pid":1,"image_tag":null,"git_sha":null,"git_dirty":null},"aggregation":{"ci_method":"percentile","ci_level":0.95,"quantile_type":7,"estimates_scale":"natural"},"summary":[{"parameter":"(etaLcl,etaLvc)","median":0.06349965179,"p2.5":0.057354580683,"p97.5":0.069164135946},{"parameter":"CcPropSd","median":0.34566301453,"p2.5":0.32994993254,"p97.5":0.3708129301},{"parameter":"etaLcl","median":0.1069612129,"p2.5":0.084401230875,"p97.5":0.12482214253},{"parameter":"etaLvc","median":0.040253884713,"p2.5":0.035764492317,"p97.5":0.041829458553},{"parameter":"lcl","median":2.1878041474,"p2.5":2.1435500007,"p97.5":2.2122387624},{"parameter":"lka","median":2.2283510403,"p2.5":2.1647200373,"p97.5":2.3245299149},{"parameter":"lvc","median":2.9805239042,"p2.5":2.9686884482,"p97.5":3.0066874855},{"parameter":"rho_(etaLcl,etaLvc)","median":0.98094632872,"p2.5":0.97863805891,"p97.5":0.98161886049}],"runs":[{"tag":"trial_411_20260522-120343","value":2183.2235,"counts":[23,23],"control":{"maxit":100,"factr":1000000000,"pgtol":0,"trace":0,"method":"L-BFGS-B"},"convergence":0,"message":"CONVERGENCE: REL_REDUCTION_OF_F <= FACTR*EPSMCH","nat_par":{"lka":2.1582599714,"lcl":2.1878041474,"lvc":2.9675941192,"CcPropSd":0.34029975456,"etaLcl":0.1069612129,"etaLvc":0.035720690039,"(etaLcl,etaLvc)":0.060490042976,"rho_(etaLcl,etaLvc)":0.97861262359},"failed_clients":[],"attempt":1,"files":{"result":"/project/temp/deferiprone_single_oral_25mgkg_designcheck_20260511/validation/design_change_n403030_wtmclustT10_nomix_site403030_nondesignquota_precisionchol_basefitbootinit_preboot_20260521/runs/scenario1/bootstrap/federated/scenario1/raw_runs/run_20260522-120343/optim_result_trial_411_20260522-120343.json","trace":"/project/temp/deferiprone_single_oral_25mgkg_designcheck_20260511/validation/design_change_n403030_wtmclustT10_nomix_site403030_nondesignquota_precisionchol_basefitbootinit_preboot_20260521/runs/scenario1/bootstrap/federated/scenario1/raw_runs/run_20260522-120343/optim_trace_trial_411_20260522-120343.csv","final":"/project/temp/deferiprone_single_oral_25mgkg_designcheck_20260511/validation/design_change_n403030_wtmclustT10_nomix_site403030_nondesignquota_precisionchol_basefitbootinit_preboot_20260521/runs/scenario1/bootstrap/federated/scenario1/raw_runs/run_20260522-120343/final_params_trial_411_20260522-120343.csv"},"log_n":23,"execution_state":"completed","trial":411,"attempts":1},{"tag":"trial_412_20260522-120636","value":2249.528,"counts":[22,22],"control":{"maxit":100,"factr":1000000000,"pgtol":0,"trace":0,"method":"L-BFGS-B"},"convergence":0,"message":"CONVERGENCE: REL_REDUCTION_OF_F <= FACTR*EPSMCH","nat_par":{"lka":2.2283510403,"lcl":2.1421816293,"lvc":2.9805239042,"CcPropSd":0.37087791118,"etaLcl":0.099762713097,"etaLvc":0.041941502761,"(etaLcl,etaLvc)":0.06349965179,"rho_(etaLcl,etaLvc)":0.98166933404},"failed_clients":[],"attempt":1,"files":{"result":"/project/temp/deferiprone_single_oral_25mgkg_designcheck_20260511/validation/design_change_n403030_wtmclustT10_nomix_site403030_nondesignquota_precisionchol_basefitbootinit_preboot_20260521/runs/scenario1/bootstrap/federated/scenario1/raw_runs/run_20260522-120343/optim_result_trial_412_20260522-120636.json","trace":"/project/temp/deferiprone_single_oral_25mgkg_designcheck_20260511/validation/design_change_n403030_wtmclustT10_nomix_site403030_nondesignquota_precisionchol_basefitbootinit_preboot_20260521/runs/scenario1/bootstrap/federated/scenario1/raw_runs/run_20260522-120343/optim_trace_trial_412_20260522-120636.csv","final":"/project/temp/deferiprone_single_oral_25mgkg_designcheck_20260511/validation/design_change_n403030_wtmclustT10_nomix_site403030_nondesignquota_precisionchol_basefitbootinit_preboot_20260521/runs/scenario1/bootstrap/federated/scenario1/raw_runs/run_20260522-120343/final_params_trial_412_20260522-120636.csv"},"log_n":22,"execution_state":"completed","trial":412,"attempts":1},{"tag":"trial_413_20260522-120922","value":2176.3018,"counts":[22,22],"control":{"maxit":100,"factr":1000000000,"pgtol":0,"trace":0,"method":"L-BFGS-B"},"convergence":0,"message":"CONVERGENCE: REL_REDUCTION_OF_F <= FACTR*EPSMCH","nat_par":{"lka":2.3317492832,"lcl":2.1990130754,"lvc":3.008438314,"CcPropSd":0.32879995232,"etaLcl":0.11777025092,"etaLvc":0.036158712819,"(etaLcl,etaLvc)":0.063877507043,"rho_(etaLcl,etaLvc)":0.97886697681},"failed_clients":[],"attempt":1,"files":{"result":"/project/temp/deferiprone_single_oral_25mgkg_designcheck_20260511/validation/design_change_n403030_wtmclustT10_nomix_site403030_nondesignquota_precisionchol_basefitbootinit_preboot_20260521/runs/scenario1/bootstrap/federated/scenario1/raw_runs/run_20260522-120343/optim_result_trial_413_20260522-120922.json","trace":"/project/temp/deferiprone_single_oral_25mgkg_designcheck_20260511/validation/design_change_n403030_wtmclustT10_nomix_site403030_nondesignquota_precisionchol_basefitbootinit_preboot_20260521/runs/scenario1/bootstrap/federated/scenario1/raw_runs/run_20260522-120343/optim_trace_trial_413_20260522-120922.csv","final":"/project/temp/deferiprone_single_oral_25mgkg_designcheck_20260511/validation/design_change_n403030_wtmclustT10_nomix_site403030_nondesignquota_precisionchol_basefitbootinit_preboot_20260521/runs/scenario1/bootstrap/federated/scenario1/raw_runs/run_20260522-120343/final_params_trial_413_20260522-120922.csv"},"log_n":22,"execution_state":"completed","trial":413,"attempts":1},{"tag":"trial_414_20260522-121207","value":2195.3167,"counts":[26,26],"control":{"maxit":100,"factr":1000000000,"pgtol":0,"trace":0,"method":"L-BFGS-B"},"convergence":0,"message":"CONVERGENCE: REL_REDUCTION_OF_F <= FACTR*EPSMCH","nat_par":{"lka":2.2228606301,"lcl":2.1558653424,"lvc":2.9909300282,"CcPropSd":0.34566301453,"etaLcl":0.082694399517,"etaLvc":0.040821060684,"(etaLcl,etaLvc)":0.057006195984,"rho_(etaLcl,etaLvc)":0.98116459858},"failed_clients":[],"attempt":1,"files":{"result":"/project/temp/deferiprone_single_oral_25mgkg_designcheck_20260511/validation/design_change_n403030_wtmclustT10_nomix_site403030_nondesignquota_precisionchol_basefitbootinit_preboot_20260521/runs/scenario1/bootstrap/federated/scenario1/raw_runs/run_20260522-120343/optim_result_trial_414_20260522-121207.json","trace":"/project/temp/deferiprone_single_oral_25mgkg_designcheck_20260511/validation/design_change_n403030_wtmclustT10_nomix_site403030_nondesignquota_precisionchol_basefitbootinit_preboot_20260521/runs/scenario1/bootstrap/federated/scenario1/raw_runs/run_20260522-120343/optim_trace_trial_414_20260522-121207.csv","final":"/project/temp/deferiprone_single_oral_25mgkg_designcheck_20260511/validation/design_change_n403030_wtmclustT10_nomix_site403030_nondesignquota_precisionchol_basefitbootinit_preboot_20260521/runs/scenario1/bootstrap/federated/scenario1/raw_runs/run_20260522-120343/final_params_trial_414_20260522-121207.csv"},"log_n":26,"execution_state":"completed","trial":414,"attempts":1},{"tag":"trial_415_20260522-121524","value":2223.6894,"counts":[26,26],"control":{"maxit":100,"factr":1000000000,"pgtol":0,"trace":0,"method":"L-BFGS-B"},"convergence":0,"message":"CONVERGENCE: REL_REDUCTION_OF_F <= FACTR*EPSMCH","nat_par":{"lka":2.2595555996,"lcl":2.2137082832,"lvc":2.9785374095,"CcPropSd":0.37022810032,"etaLcl":0.12560568604,"etaLvc":0.040253884713,"(etaLcl,etaLvc)":0.069751539158,"rho_(etaLcl,etaLvc)":0.98094632872},"failed_clients":[],"attempt":1,"files":{"result":"/project/temp/deferiprone_single_oral_25mgkg_designcheck_20260511/validation/design_change_n403030_wtmclustT10_nomix_site403030_nondesignquota_precisionchol_basefitbootinit_preboot_20260521/runs/scenario1/bootstrap/federated/scenario1/raw_runs/run_20260522-120343/optim_result_trial_415_20260522-121524.json","trace":"/project/temp/deferiprone_single_oral_25mgkg_designcheck_20260511/validation/design_change_n403030_wtmclustT10_nomix_site403030_nondesignquota_precisionchol_basefitbootinit_preboot_20260521/runs/scenario1/bootstrap/federated/scenario1/raw_runs/run_20260522-120343/optim_trace_trial_415_20260522-121524.csv","final":"/project/temp/deferiprone_single_oral_25mgkg_designcheck_20260511/validation/design_change_n403030_wtmclustT10_nomix_site403030_nondesignquota_precisionchol_basefitbootinit_preboot_20260521/runs/scenario1/bootstrap/federated/scenario1/raw_runs/run_20260522-120343/final_params_trial_415_20260522-121524.csv"},"log_n":26,"execution_state":"completed","trial":415,"attempts":1}],"trial_status":[{"trial":411,"execution_state":"completed","converged":true,"attempts":1,"convergence":0,"value":2183.2235,"eval_fn":23,"eval_gr":23,"log_n":23,"failed_clients_n":0,"message":"CONVERGENCE: REL_REDUCTION_OF_F <= FACTR*EPSMCH","result_file":"/project/temp/deferiprone_single_oral_25mgkg_designcheck_20260511/validation/design_change_n403030_wtmclustT10_nomix_site403030_nondesignquota_precisionchol_basefitbootinit_preboot_20260521/runs/scenario1/bootstrap/federated/scenario1/raw_runs/run_20260522-120343/optim_result_trial_411_20260522-120343.json","trace_file":"/project/temp/deferiprone_single_oral_25mgkg_designcheck_20260511/validation/design_change_n403030_wtmclustT10_nomix_site403030_nondesignquota_precisionchol_basefitbootinit_preboot_20260521/runs/scenario1/bootstrap/federated/scenario1/raw_runs/run_20260522-120343/optim_trace_trial_411_20260522-120343.csv","final_file":"/project/temp/deferiprone_single_oral_25mgkg_designcheck_20260511/validation/design_change_n403030_wtmclustT10_nomix_site403030_nondesignquota_precisionchol_basefitbootinit_preboot_20260521/runs/scenario1/bootstrap/federated/scenario1/raw_runs/run_20260522-120343/final_params_trial_411_20260522-120343.csv"},{"trial":412,"execution_state":"completed","converged":true,"attempts":1,"convergence":0,"value":2249.528,"eval_fn":22,"eval_gr":22,"log_n":22,"failed_clients_n":0,"message":"CONVERGENCE: REL_REDUCTION_OF_F <= FACTR*EPSMCH","result_file":"/project/temp/deferiprone_single_oral_25mgkg_designcheck_20260511/validation/design_change_n403030_wtmclustT10_nomix_site403030_nondesignquota_precisionchol_basefitbootinit_preboot_20260521/runs/scenario1/bootstrap/federated/scenario1/raw_runs/run_20260522-120343/optim_result_trial_412_20260522-120636.json","trace_file":"/project/temp/deferiprone_single_oral_25mgkg_designcheck_20260511/validation/design_change_n403030_wtmclustT10_nomix_site403030_nondesignquota_precisionchol_basefitbootinit_preboot_20260521/runs/scenario1/bootstrap/federated/scenario1/raw_runs/run_20260522-120343/optim_trace_trial_412_20260522-120636.csv","final_file":"/project/temp/deferiprone_single_oral_25mgkg_designcheck_20260511/validation/design_change_n403030_wtmclustT10_nomix_site403030_nondesignquota_precisionchol_basefitbootinit_preboot_20260521/runs/scenario1/bootstrap/federated/scenario1/raw_runs/run_20260522-120343/final_params_trial_412_20260522-120636.csv"},{"trial":413,"execution_state":"completed","converged":true,"attempts":1,"convergence":0,"value":2176.3018,"eval_fn":22,"eval_gr":22,"log_n":22,"failed_clients_n":0,"message":"CONVERGENCE: REL_REDUCTION_OF_F <= FACTR*EPSMCH","result_file":"/project/temp/deferiprone_single_oral_25mgkg_designcheck_20260511/validation/design_change_n403030_wtmclustT10_nomix_site403030_nondesignquota_precisionchol_basefitbootinit_preboot_20260521/runs/scenario1/bootstrap/federated/scenario1/raw_runs/run_20260522-120343/optim_result_trial_413_20260522-120922.json","trace_file":"/project/temp/deferiprone_single_oral_25mgkg_designcheck_20260511/validation/design_change_n403030_wtmclustT10_nomix_site403030_nondesignquota_precisionchol_basefitbootinit_preboot_20260521/runs/scenario1/bootstrap/federated/scenario1/raw_runs/run_20260522-120343/optim_trace_trial_413_20260522-120922.csv","final_file":"/project/temp/deferiprone_single_oral_25mgkg_designcheck_20260511/validation/design_change_n403030_wtmclustT10_nomix_site403030_nondesignquota_precisionchol_basefitbootinit_preboot_20260521/runs/scenario1/bootstrap/federated/scenario1/raw_runs/run_20260522-120343/final_params_trial_413_20260522-120922.csv"},{"trial":414,"execution_state":"completed","converged":true,"attempts":1,"convergence":0,"value":2195.3167,"eval_fn":26,"eval_gr":26,"log_n":26,"failed_clients_n":0,"message":"CONVERGENCE: REL_REDUCTION_OF_F <= FACTR*EPSMCH","result_file":"/project/temp/deferiprone_single_oral_25mgkg_designcheck_20260511/validation/design_change_n403030_wtmclustT10_nomix_site403030_nondesignquota_precisionchol_basefitbootinit_preboot_20260521/runs/scenario1/bootstrap/federated/scenario1/raw_runs/run_20260522-120343/optim_result_trial_414_20260522-121207.json","trace_file":"/project/temp/deferiprone_single_oral_25mgkg_designcheck_20260511/validation/design_change_n403030_wtmclustT10_nomix_site403030_nondesignquota_precisionchol_basefitbootinit_preboot_20260521/runs/scenario1/bootstrap/federated/scenario1/raw_runs/run_20260522-120343/optim_trace_trial_414_20260522-121207.csv","final_file":"/project/temp/deferiprone_single_oral_25mgkg_designcheck_20260511/validation/design_change_n403030_wtmclustT10_nomix_site403030_nondesignquota_precisionchol_basefitbootinit_preboot_20260521/runs/scenario1/bootstrap/federated/scenario1/raw_runs/run_20260522-120343/final_params_trial_414_20260522-121207.csv"},{"trial":415,"execution_state":"completed","converged":true,"attempts":1,"convergence":0,"value":2223.6894,"eval_fn":26,"eval_gr":26,"log_n":26,"failed_clients_n":0,"message":"CONVERGENCE: REL_REDUCTION_OF_F <= FACTR*EPSMCH","result_file":"/project/temp/deferiprone_single_oral_25mgkg_designcheck_20260511/validation/design_change_n403030_wtmclustT10_nomix_site403030_nondesignquota_precisionchol_basefitbootinit_preboot_20260521/runs/scenario1/bootstrap/federated/scenario1/raw_runs/run_20260522-120343/optim_result_trial_415_20260522-121524.json","trace_file":"/project/temp/deferiprone_single_oral_25mgkg_designcheck_20260511/validation/design_change_n403030_wtmclustT10_nomix_site403030_nondesignquota_precisionchol_basefitbootinit_preboot_20260521/runs/scenario1/bootstrap/federated/scenario1/raw_runs/run_20260522-120343/optim_trace_trial_415_20260522-121524.csv","final_file":"/project/temp/deferiprone_single_oral_25mgkg_designcheck_20260511/validation/design_change_n403030_wtmclustT10_nomix_site403030_nondesignquota_precisionchol_basefitbootinit_preboot_20260521/runs/scenario1/bootstrap/federated/scenario1/raw_runs/run_20260522-120343/final_params_trial_415_20260522-121524.csv"}],"info":{"run_id":"20260522-120343","log_base_dir":"/project/temp/deferiprone_single_oral_25mgkg_designcheck_20260511/validation/design_change_n403030_wtmclustT10_nomix_site403030_nondesignquota_precisionchol_basefitbootinit_preboot_20260521/runs/scenario1/bootstrap/federated","scenario":"scenario1/raw_runs","total_trials":5,"successes":5,"failures":0,"nonconverged_count":0,"nonconverged_trials":[],"convergence_missing_count":0,"seed_base":4869,"B_per_client":500,"duration_sec":905.7930648327,"host":"9383b6310611","image_tag":null,"communication":{"generated_at":"2026-05-22T12:18:43Z","totals":{"requests":717,"request_bytes":799683,"response_bytes":181898,"total_bytes":981581,"retries":0},"init":{"requests":3,"request_bytes":8139,"response_bytes":1161,"total_bytes":9300,"retries":0,"median_elapsed_sec":0.36439538002},"init_round_latency":{"n_rounds":1,"median_round_wall_sec":0.36867928505,"p95_round_wall_sec":0.36867928505},"run":{"requests":0,"request_bytes":0,"response_bytes":0,"total_bytes":0,"retries":0,"median_elapsed_sec":"NA"},"run_bootstrap":{"requests":714,"request_bytes":791544,"response_bytes":180737,"total_bytes":972281,"retries":0,"median_elapsed_sec":3.6370794773},"round_latency":{"n_rounds":238,"median_round_wall_sec":3.7488546371,"p95_round_wall_sec":3.9849445462},"timing_split":{"n_rounds":238,"rounds_with_compute":238,"total_round_wall_sec":894.9323112965,"total_round_compute_wall_sec":887.2929,"total_round_comm_overhead_wall_sec":7.6394112965,"comm_overhead_ratio":0.0085363006789,"compute_ratio":0.99146369932}},"communication_files":{"csv":"/project/temp/deferiprone_single_oral_25mgkg_designcheck_20260511/validation/design_change_n403030_wtmclustT10_nomix_site403030_nondesignquota_precisionchol_basefitbootinit_preboot_20260521/runs/scenario1/bootstrap/federated/scenario1/raw_runs/run_20260522-120343/comm_metrics.csv","json":"/project/temp/deferiprone_single_oral_25mgkg_designcheck_20260511/validation/design_change_n403030_wtmclustT10_nomix_site403030_nondesignquota_precisionchol_basefitbootinit_preboot_20260521/runs/scenario1/bootstrap/federated/scenario1/raw_runs/run_20260522-120343/comm_metrics.json"},"output_files":{"bootstrap_summary_csv":"/project/temp/deferiprone_single_oral_25mgkg_designcheck_20260511/validation/design_change_n403030_wtmclustT10_nomix_site403030_nondesignquota_precisionchol_basefitbootinit_preboot_20260521/runs/scenario1/bootstrap/federated/scenario1/raw_runs/run_20260522-120343/bootstrap_summary.csv","bootstrap_summary_json":"/project/temp/deferiprone_single_oral_25mgkg_designcheck_20260511/validation/design_change_n403030_wtmclustT10_nomix_site403030_nondesignquota_precisionchol_basefitbootinit_preboot_20260521/runs/scenario1/bootstrap/federated/scenario1/raw_runs/run_20260522-120343/bootstrap_summary.json","trial_status_csv":"/project/temp/deferiprone_single_oral_25mgkg_designcheck_20260511/validation/design_change_n403030_wtmclustT10_nomix_site403030_nondesignquota_precisionchol_basefitbootinit_preboot_20260521/runs/scenario1/bootstrap/federated/scenario1/raw_runs/run_20260522-120343/trial_status.csv","failed_trials_csv":"/project/temp/deferiprone_single_oral_25mgkg_designcheck_20260511/validation/design_change_n403030_wtmclustT10_nomix_site403030_nondesignquota_precisionchol_basefitbootinit_preboot_20260521/runs/scenario1/bootstrap/federated/scenario1/raw_runs/run_20260522-120343/failed_trials.csv","trial_estimates_wide_csv":"/project/temp/deferiprone_single_oral_25mgkg_designcheck_20260511/validation/design_change_n403030_wtmclustT10_nomix_site403030_nondesignquota_precisionchol_basefitbootinit_preboot_20260521/runs/scenario1/bootstrap/federated/scenario1/raw_runs/run_20260522-120343/trial_estimates_wide.csv","trial_estimates_long_csv":"/project/temp/deferiprone_single_oral_25mgkg_designcheck_20260511/validation/design_change_n403030_wtmclustT10_nomix_site403030_nondesignquota_precisionchol_basefitbootinit_preboot_20260521/runs/scenario1/bootstrap/federated/scenario1/raw_runs/run_20260522-120343/trial_estimates_long.csv","result_json":"/project/temp/deferiprone_single_oral_25mgkg_designcheck_20260511/validation/design_change_n403030_wtmclustT10_nomix_site403030_nondesignquota_precisionchol_basefitbootinit_preboot_20260521/runs/scenario1/bootstrap/federated/scenario1/raw_runs/run_20260522-120343/result.json"}}}
[Kserver-1 exited with code 0
Aborting on container exit...
 Container defboot_design_change_n403030_wtmclu_scenario1_411_415-server-1  Stopping
 Container defboot_design_change_n403030_wtmclu_scenario1_411_415-server-1  Stopped
 Container defboot_design_change_n403030_wtmclu_scenario1_411_415-client3-1  Stopping
 Container defboot_design_change_n403030_wtmclu_scenario1_411_415-client1-1  Stopping
 Container defboot_design_change_n403030_wtmclu_scenario1_411_415-client2-1  Stopping
 Container defboot_design_change_n403030_wtmclu_scenario1_411_415-client1-1  Stopped
 Container defboot_design_change_n403030_wtmclu_scenario1_411_415-client2-1  Stopped
 Container defboot_design_change_n403030_wtmclu_scenario1_411_415-client3-1  Stopped
time="2026-05-22T21:18:54+09:00" level=warning msg="The \"SERVER_CONFIG_PATH\" variable is not set. Defaulting to a blank string."
 Container defboot_design_change_n403030_wtmclu_scenario1_411_415-server-1  Stopping
 Container defboot_design_change_n403030_wtmclu_scenario1_411_415-server-1  Stopped
 Container defboot_design_change_n403030_wtmclu_scenario1_411_415-server-1  Removing
 Container defboot_design_change_n403030_wtmclu_scenario1_411_415-server-1  Removed
 Container defboot_design_change_n403030_wtmclu_scenario1_411_415-client1-1  Stopping
 Container defboot_design_change_n403030_wtmclu_scenario1_411_415-client3-1  Stopping
 Container defboot_design_change_n403030_wtmclu_scenario1_411_415-client2-1  Stopping
 Container defboot_design_change_n403030_wtmclu_scenario1_411_415-client1-1  Stopped
 Container defboot_design_change_n403030_wtmclu_scenario1_411_415-client1-1  Removing
 Container defboot_design_change_n403030_wtmclu_scenario1_411_415-client2-1  Stopped
 Container defboot_design_change_n403030_wtmclu_scenario1_411_415-client2-1  Removing
 Container defboot_design_change_n403030_wtmclu_scenario1_411_415-client3-1  Stopped
 Container defboot_design_change_n403030_wtmclu_scenario1_411_415-client3-1  Removing
 Container defboot_design_change_n403030_wtmclu_scenario1_411_415-client1-1  Removed
 Container defboot_design_change_n403030_wtmclu_scenario1_411_415-client2-1  Removed
 Container defboot_design_change_n403030_wtmclu_scenario1_411_415-client3-1  Removed
 Network defboot_design_change_n403030_wtmclu_scenario1_411_415_site1_net  Removing
 Network defboot_design_change_n403030_wtmclu_scenario1_411_415_site2_net  Removing
 Network defboot_design_change_n403030_wtmclu_scenario1_411_415_site3_net  Removing
 Network defboot_design_change_n403030_wtmclu_scenario1_411_415_site1_net  Removed
 Network defboot_design_change_n403030_wtmclu_scenario1_411_415_site2_net  Removed
 Network defboot_design_change_n403030_wtmclu_scenario1_411_415_site3_net  Removed
