time="2026-05-22T11:48:57+09:00" level=warning msg="The \"SERVER_CONFIG_PATH\" variable is not set. Defaulting to a blank string."
Compose now can delegate build to bake for better performances
Just set COMPOSE_BAKE=true
#0 building with "default" instance using docker driver

#1 [client3 internal] load build definition from Dockerfile.app
#1 transferring dockerfile: 778B done
#1 DONE 0.0s

#2 [client1 internal] load build definition from Dockerfile.app
#2 transferring dockerfile: 778B done
#2 DONE 0.0s

#3 [client2 internal] load build definition from Dockerfile.app
#3 transferring dockerfile: 778B done
#3 DONE 0.0s

#4 [client2 internal] load metadata for docker.io/fedpoppk/base:0.1.0
#4 DONE 0.0s

#5 [client3 internal] load .dockerignore
#5 transferring context: 2B done
#5 DONE 0.0s

#6 [client1 internal] load .dockerignore
#6 transferring context: 2B done
#6 DONE 0.0s

#7 [client2 internal] load .dockerignore
#7 transferring context: 2B done
#7 DONE 0.0s

#8 [client2 1/8] FROM docker.io/fedpoppk/base:0.1.0
#8 DONE 0.0s

#9 [client3 internal] load build context
#9 transferring context: 736.51kB 0.3s done
#9 DONE 0.3s

#10 [client2 internal] load build context
#10 transferring context: 736.51kB 0.3s done
#10 DONE 0.3s

#11 [client1 internal] load build context
#11 transferring context: 736.51kB 0.3s done
#11 DONE 0.3s

#12 [client3 2/8] WORKDIR /project
#12 CACHED

#13 [client3 6/8] COPY R/ R/
#13 CACHED

#14 [client3 5/8] COPY apps/ apps/
#14 CACHED

#15 [client3 3/8] COPY renv.lock .Rprofile renv/activate.R ./
#15 CACHED

#16 [client3 7/8] COPY analysis/ analysis/
#16 CACHED

#17 [client3 4/8] RUN Rscript -e "options(renv.consent=TRUE, Ncpus=parallel::detectCores());                 renv::restore(prompt=FALSE)"
#17 CACHED

#18 [client2 8/8] RUN mkdir -p /project/configs/modes /project/data /project/artifacts /project/result
#18 CACHED

#19 [client3] exporting to image
#19 exporting layers done
#19 writing image sha256:cf06e5b292e566f61a4bb532fbfffe24fd0d170e851c145e58de1d72eadd4ec5 done
#19 naming to docker.io/library/defboot_design_change_n403030_wtmclu_scenario1_231_235-client3 0.0s done
#19 DONE 0.0s

#20 [client1] exporting to image
#20 exporting layers done
#20 writing image sha256:86e7ffd60a628ad90d617d3f707d01cdec04f5b269b857536c0356315e6345d7 done
#20 naming to docker.io/library/defboot_design_change_n403030_wtmclu_scenario1_231_235-client1 0.0s done
#20 DONE 0.0s

#21 [client2] exporting to image
#21 exporting layers done
#21 writing image sha256:7428aa8923573fff9c4de540f9224b8493ac1c734dd7215909d2754c01d139ad done
#21 naming to docker.io/library/defboot_design_change_n403030_wtmclu_scenario1_231_235-client2 0.0s done
#21 DONE 0.1s

#22 [client3] resolving provenance for metadata file
#22 DONE 0.0s

#23 [client2] resolving provenance for metadata file
#23 DONE 0.0s

#24 [client1] resolving provenance for metadata file
#24 DONE 0.0s

#25 [server internal] load build definition from Dockerfile.app
#25 transferring dockerfile: 778B done
#25 DONE 0.0s

#4 [server internal] load metadata for docker.io/fedpoppk/base:0.1.0
#4 DONE 0.0s

#26 [server internal] load .dockerignore
#26 transferring context: 2B done
#26 DONE 0.0s

#8 [server 1/8] FROM docker.io/fedpoppk/base:0.1.0
#8 DONE 0.0s

#27 [server internal] load build context
#27 transferring context: 736.51kB 0.3s done
#27 DONE 0.4s

#28 [server 6/8] COPY R/ R/
#28 CACHED

#29 [server 3/8] COPY renv.lock .Rprofile renv/activate.R ./
#29 CACHED

#30 [server 7/8] COPY analysis/ analysis/
#30 CACHED

#31 [server 5/8] COPY apps/ apps/
#31 CACHED

#32 [server 4/8] RUN Rscript -e "options(renv.consent=TRUE, Ncpus=parallel::detectCores());                 renv::restore(prompt=FALSE)"
#32 CACHED

#12 [server 2/8] WORKDIR /project
#12 CACHED

#33 [server 8/8] RUN mkdir -p /project/configs/modes /project/data /project/artifacts /project/result
#33 CACHED

#34 [server] exporting to image
#34 exporting layers done
#34 writing image sha256:0aac77da844ef3e291b64d809ecdfc0e6f73ae07f86be41b3f8e7b18180c23b1 done
#34 naming to docker.io/library/defboot_design_change_n403030_wtmclu_scenario1_231_235-server 0.0s done
#34 DONE 0.0s

#35 [server] resolving provenance for metadata file
#35 DONE 0.0s
 client1  Built
 client2  Built
 client3  Built
 server  Built
 Network defboot_design_change_n403030_wtmclu_scenario1_231_235_site2_net  Creating
 Network defboot_design_change_n403030_wtmclu_scenario1_231_235_site2_net  Created
 Network defboot_design_change_n403030_wtmclu_scenario1_231_235_site3_net  Creating
 Network defboot_design_change_n403030_wtmclu_scenario1_231_235_site3_net  Created
 Network defboot_design_change_n403030_wtmclu_scenario1_231_235_site1_net  Creating
 Network defboot_design_change_n403030_wtmclu_scenario1_231_235_site1_net  Created
 Container defboot_design_change_n403030_wtmclu_scenario1_231_235-client1-1  Creating
 Container defboot_design_change_n403030_wtmclu_scenario1_231_235-client3-1  Creating
 Container defboot_design_change_n403030_wtmclu_scenario1_231_235-client2-1  Creating
 Container defboot_design_change_n403030_wtmclu_scenario1_231_235-client2-1  Created
 Container defboot_design_change_n403030_wtmclu_scenario1_231_235-client3-1  Created
 Container defboot_design_change_n403030_wtmclu_scenario1_231_235-client1-1  Created
 Container defboot_design_change_n403030_wtmclu_scenario1_231_235-server-1  Creating
 Container defboot_design_change_n403030_wtmclu_scenario1_231_235-server-1  Created
Attaching to client1-1, client2-1, client3-1, server-1
client3-1  | Running plumber API at http://0.0.0.0:8000
client3-1  | Running swagger Docs at http://127.0.0.1:8000/__docs__/
client1-1  | Running plumber API at http://0.0.0.0:8000
client1-1  | Running swagger Docs at http://127.0.0.1:8000/__docs__/
client2-1  | Running plumber API at http://0.0.0.0:8000
client2-1  | Running swagger Docs at http://127.0.0.1:8000/__docs__/
client1-1  | ℹ parameter labels from comments are typically ignored in non-interactive mode
client1-1  | ℹ Need to run with the source intact to parse comments
client2-1  | ℹ parameter labels from comments are typically ignored in non-interactive mode
client3-1  | ℹ parameter labels from comments are typically ignored in non-interactive mode
client2-1  | ℹ Need to run with the source intact to parse comments
client3-1  | ℹ Need to run with the source intact to parse comments
server-1   | [send_init] http://client1:8000 init succeeded
server-1   | [send_init] http://client2:8000 init succeeded
server-1   | [send_init] http://client3:8000 init succeeded
server-1   | {"schema":{"schema_version":"1.1.0","generated_at":"2026-05-22T02:49:05Z","config_path":"/project/configs/../temp/deferiprone_single_oral_25mgkg_designcheck_20260511/validation/design_change_n403030_wtmclustT10_nomix_site403030_nondesignquota_precisionchol_basefitbootinit_preboot_20260521/configs/resolved/scenario1_bootstrap.json","config_md5":"9d7556058a6c3cb18af9ad7ffdd7076b","seed":4869,"host":"e7bed7749540","pid":1,"image_tag":null,"git_sha":null,"git_dirty":null},"aggregation":{"ci_method":"percentile","ci_level":0.95,"quantile_type":7,"estimates_scale":"natural"},"summary":[{"parameter":"(etaLcl,etaLvc)","median":0.062913254973,"p2.5":0.059825082918,"p97.5":0.067863774595},{"parameter":"CcPropSd","median":0.360715696,"p2.5":0.34368589367,"p97.5":0.37121493889},{"parameter":"etaLcl","median":0.10644606126,"p2.5":0.085739689224,"p97.5":0.12487055679},{"parameter":"etaLvc","median":0.042024355398,"p2.5":0.032343715177,"p97.5":0.043965456449},{"parameter":"lcl","median":2.2109875912,"p2.5":2.1749787617,"p97.5":2.2278881626},{"parameter":"lka","median":2.2100334224,"p2.5":2.1473164265,"p97.5":2.3102271869},{"parameter":"lvc","median":3.0124384859,"p2.5":2.9649923543,"p97.5":3.020094303},{"parameter":"rho_(etaLcl,etaLvc)","median":0.98171204725,"p2.5":0.97637888766,"p97.5":0.98247741259}],"runs":[{"tag":"trial_231_20260522-024905","value":2214.2398,"counts":[23,23],"control":{"maxit":100,"factr":1000000000,"pgtol":0,"trace":0,"method":"L-BFGS-B"},"convergence":0,"message":"CONVERGENCE: REL_REDUCTION_OF_F <= FACTR*EPSMCH","nat_par":{"lka":2.3106757682,"lcl":2.2211735661,"lvc":3.0152455427,"CcPropSd":0.3528615287,"etaLcl":0.12654790477,"etaLvc":0.031534612987,"(etaLcl,etaLvc)":0.061649415915,"rho_(etaLcl,etaLvc)":0.97590542919},"failed_clients":[],"attempt":1,"files":{"result":"/project/temp/deferiprone_single_oral_25mgkg_designcheck_20260511/validation/design_change_n403030_wtmclustT10_nomix_site403030_nondesignquota_precisionchol_basefitbootinit_preboot_20260521/runs/scenario1/bootstrap/federated/scenario1/raw_runs/run_20260522-024905/optim_result_trial_231_20260522-024905.json","trace":"/project/temp/deferiprone_single_oral_25mgkg_designcheck_20260511/validation/design_change_n403030_wtmclustT10_nomix_site403030_nondesignquota_precisionchol_basefitbootinit_preboot_20260521/runs/scenario1/bootstrap/federated/scenario1/raw_runs/run_20260522-024905/optim_trace_trial_231_20260522-024905.csv","final":"/project/temp/deferiprone_single_oral_25mgkg_designcheck_20260511/validation/design_change_n403030_wtmclustT10_nomix_site403030_nondesignquota_precisionchol_basefitbootinit_preboot_20260521/runs/scenario1/bootstrap/federated/scenario1/raw_runs/run_20260522-024905/final_params_trial_231_20260522-024905.csv"},"log_n":23,"execution_state":"completed","trial":231,"attempts":1},{"tag":"trial_232_20260522-025158","value":2210.6195,"counts":[13,13],"control":{"maxit":100,"factr":1000000000,"pgtol":0,"trace":0,"method":"L-BFGS-B"},"convergence":0,"message":"CONVERGENCE: REL_REDUCTION_OF_F <= FACTR*EPSMCH","nat_par":{"lka":2.1878414791,"lcl":2.2109875912,"lvc":2.9647566236,"CcPropSd":0.360715696,"etaLcl":0.10386969496,"etaLvc":0.039625634888,"(etaLcl,etaLvc)":0.062913254973,"rho_(etaLcl,etaLvc)":0.98064001389},"failed_clients":[],"attempt":1,"files":{"result":"/project/temp/deferiprone_single_oral_25mgkg_designcheck_20260511/validation/design_change_n403030_wtmclustT10_nomix_site403030_nondesignquota_precisionchol_basefitbootinit_preboot_20260521/runs/scenario1/bootstrap/federated/scenario1/raw_runs/run_20260522-024905/optim_result_trial_232_20260522-025158.json","trace":"/project/temp/deferiprone_single_oral_25mgkg_designcheck_20260511/validation/design_change_n403030_wtmclustT10_nomix_site403030_nondesignquota_precisionchol_basefitbootinit_preboot_20260521/runs/scenario1/bootstrap/federated/scenario1/raw_runs/run_20260522-024905/optim_trace_trial_232_20260522-025158.csv","final":"/project/temp/deferiprone_single_oral_25mgkg_designcheck_20260511/validation/design_change_n403030_wtmclustT10_nomix_site403030_nondesignquota_precisionchol_basefitbootinit_preboot_20260521/runs/scenario1/bootstrap/federated/scenario1/raw_runs/run_20260522-024905/final_params_trial_232_20260522-025158.csv"},"log_n":13,"execution_state":"completed","trial":232,"attempts":1},{"tag":"trial_233_20260522-025337","value":2205.5146,"counts":[17,17],"control":{"maxit":100,"factr":1000000000,"pgtol":0,"trace":0,"method":"L-BFGS-B"},"convergence":0,"message":"CONVERGENCE: REL_REDUCTION_OF_F <= FACTR*EPSMCH","nat_par":{"lka":2.1428136428,"lcl":2.2031442614,"lvc":2.9671139315,"CcPropSd":0.36870816672,"etaLcl":0.10644606126,"etaLvc":0.042024355398,"(etaLcl,etaLvc)":0.065659783887,"rho_(etaLcl,etaLvc)":0.98171204725},"failed_clients":[],"attempt":1,"files":{"result":"/project/temp/deferiprone_single_oral_25mgkg_designcheck_20260511/validation/design_change_n403030_wtmclustT10_nomix_site403030_nondesignquota_precisionchol_basefitbootinit_preboot_20260521/runs/scenario1/bootstrap/federated/scenario1/raw_runs/run_20260522-024905/optim_result_trial_233_20260522-025337.json","trace":"/project/temp/deferiprone_single_oral_25mgkg_designcheck_20260511/validation/design_change_n403030_wtmclustT10_nomix_site403030_nondesignquota_precisionchol_basefitbootinit_preboot_20260521/runs/scenario1/bootstrap/federated/scenario1/raw_runs/run_20260522-024905/optim_trace_trial_233_20260522-025337.csv","final":"/project/temp/deferiprone_single_oral_25mgkg_designcheck_20260511/validation/design_change_n403030_wtmclustT10_nomix_site403030_nondesignquota_precisionchol_basefitbootinit_preboot_20260521/runs/scenario1/bootstrap/federated/scenario1/raw_runs/run_20260522-024905/final_params_trial_233_20260522-025337.csv"},"log_n":17,"execution_state":"completed","trial":233,"attempts":1},{"tag":"trial_234_20260522-025546","value":2191.5834,"counts":[28,28],"control":{"maxit":100,"factr":1000000000,"pgtol":0,"trace":0,"method":"L-BFGS-B"},"convergence":0,"message":"CONVERGENCE: REL_REDUCTION_OF_F <= FACTR*EPSMCH","nat_par":{"lka":2.2100334224,"lcl":2.1718492617,"lvc":3.0206330542,"CcPropSd":0.34266637866,"etaLcl":0.083725244142,"etaLvc":0.043985757612,"(etaLcl,etaLvc)":0.059622379251,"rho_(etaLcl,etaLvc)":0.98248301945},"failed_clients":[],"attempt":1,"files":{"result":"/project/temp/deferiprone_single_oral_25mgkg_designcheck_20260511/validation/design_change_n403030_wtmclustT10_nomix_site403030_nondesignquota_precisionchol_basefitbootinit_preboot_20260521/runs/scenario1/bootstrap/federated/scenario1/raw_runs/run_20260522-024905/optim_result_trial_234_20260522-025546.json","trace":"/project/temp/deferiprone_single_oral_25mgkg_designcheck_20260511/validation/design_change_n403030_wtmclustT10_nomix_site403030_nondesignquota_precisionchol_basefitbootinit_preboot_20260521/runs/scenario1/bootstrap/federated/scenario1/raw_runs/run_20260522-024905/optim_trace_trial_234_20260522-025546.csv","final":"/project/temp/deferiprone_single_oral_25mgkg_designcheck_20260511/validation/design_change_n403030_wtmclustT10_nomix_site403030_nondesignquota_precisionchol_basefitbootinit_preboot_20260521/runs/scenario1/bootstrap/federated/scenario1/raw_runs/run_20260522-024905/final_params_trial_234_20260522-025546.csv"},"log_n":28,"execution_state":"completed","trial":234,"attempts":1},{"tag":"trial_235_20260522-025920","value":2215.5731,"counts":[22,22],"control":{"maxit":100,"factr":1000000000,"pgtol":0,"trace":0,"method":"L-BFGS-B"},"convergence":0,"message":"CONVERGENCE: REL_REDUCTION_OF_F <= FACTR*EPSMCH","nat_par":{"lka":2.3061899555,"lcl":2.2286342289,"lvc":3.0124384859,"CcPropSd":0.37149346913,"etaLcl":0.10977442496,"etaLvc":0.043782745982,"(etaLcl,etaLvc)":0.068108662451,"rho_(etaLcl,etaLvc)":0.9824269509},"failed_clients":[],"attempt":1,"files":{"result":"/project/temp/deferiprone_single_oral_25mgkg_designcheck_20260511/validation/design_change_n403030_wtmclustT10_nomix_site403030_nondesignquota_precisionchol_basefitbootinit_preboot_20260521/runs/scenario1/bootstrap/federated/scenario1/raw_runs/run_20260522-024905/optim_result_trial_235_20260522-025920.json","trace":"/project/temp/deferiprone_single_oral_25mgkg_designcheck_20260511/validation/design_change_n403030_wtmclustT10_nomix_site403030_nondesignquota_precisionchol_basefitbootinit_preboot_20260521/runs/scenario1/bootstrap/federated/scenario1/raw_runs/run_20260522-024905/optim_trace_trial_235_20260522-025920.csv","final":"/project/temp/deferiprone_single_oral_25mgkg_designcheck_20260511/validation/design_change_n403030_wtmclustT10_nomix_site403030_nondesignquota_precisionchol_basefitbootinit_preboot_20260521/runs/scenario1/bootstrap/federated/scenario1/raw_runs/run_20260522-024905/final_params_trial_235_20260522-025920.csv"},"log_n":22,"execution_state":"completed","trial":235,"attempts":1}],"trial_status":[{"trial":231,"execution_state":"completed","converged":true,"attempts":1,"convergence":0,"value":2214.2398,"eval_fn":23,"eval_gr":23,"log_n":23,"failed_clients_n":0,"message":"CONVERGENCE: REL_REDUCTION_OF_F <= FACTR*EPSMCH","result_file":"/project/temp/deferiprone_single_oral_25mgkg_designcheck_20260511/validation/design_change_n403030_wtmclustT10_nomix_site403030_nondesignquota_precisionchol_basefitbootinit_preboot_20260521/runs/scenario1/bootstrap/federated/scenario1/raw_runs/run_20260522-024905/optim_result_trial_231_20260522-024905.json","trace_file":"/project/temp/deferiprone_single_oral_25mgkg_designcheck_20260511/validation/design_change_n403030_wtmclustT10_nomix_site403030_nondesignquota_precisionchol_basefitbootinit_preboot_20260521/runs/scenario1/bootstrap/federated/scenario1/raw_runs/run_20260522-024905/optim_trace_trial_231_20260522-024905.csv","final_file":"/project/temp/deferiprone_single_oral_25mgkg_designcheck_20260511/validation/design_change_n403030_wtmclustT10_nomix_site403030_nondesignquota_precisionchol_basefitbootinit_preboot_20260521/runs/scenario1/bootstrap/federated/scenario1/raw_runs/run_20260522-024905/final_params_trial_231_20260522-024905.csv"},{"trial":232,"execution_state":"completed","converged":true,"attempts":1,"convergence":0,"value":2210.6195,"eval_fn":13,"eval_gr":13,"log_n":13,"failed_clients_n":0,"message":"CONVERGENCE: REL_REDUCTION_OF_F <= FACTR*EPSMCH","result_file":"/project/temp/deferiprone_single_oral_25mgkg_designcheck_20260511/validation/design_change_n403030_wtmclustT10_nomix_site403030_nondesignquota_precisionchol_basefitbootinit_preboot_20260521/runs/scenario1/bootstrap/federated/scenario1/raw_runs/run_20260522-024905/optim_result_trial_232_20260522-025158.json","trace_file":"/project/temp/deferiprone_single_oral_25mgkg_designcheck_20260511/validation/design_change_n403030_wtmclustT10_nomix_site403030_nondesignquota_precisionchol_basefitbootinit_preboot_20260521/runs/scenario1/bootstrap/federated/scenario1/raw_runs/run_20260522-024905/optim_trace_trial_232_20260522-025158.csv","final_file":"/project/temp/deferiprone_single_oral_25mgkg_designcheck_20260511/validation/design_change_n403030_wtmclustT10_nomix_site403030_nondesignquota_precisionchol_basefitbootinit_preboot_20260521/runs/scenario1/bootstrap/federated/scenario1/raw_runs/run_20260522-024905/final_params_trial_232_20260522-025158.csv"},{"trial":233,"execution_state":"completed","converged":true,"attempts":1,"convergence":0,"value":2205.5146,"eval_fn":17,"eval_gr":17,"log_n":17,"failed_clients_n":0,"message":"CONVERGENCE: REL_REDUCTION_OF_F <= FACTR*EPSMCH","result_file":"/project/temp/deferiprone_single_oral_25mgkg_designcheck_20260511/validation/design_change_n403030_wtmclustT10_nomix_site403030_nondesignquota_precisionchol_basefitbootinit_preboot_20260521/runs/scenario1/bootstrap/federated/scenario1/raw_runs/run_20260522-024905/optim_result_trial_233_20260522-025337.json","trace_file":"/project/temp/deferiprone_single_oral_25mgkg_designcheck_20260511/validation/design_change_n403030_wtmclustT10_nomix_site403030_nondesignquota_precisionchol_basefitbootinit_preboot_20260521/runs/scenario1/bootstrap/federated/scenario1/raw_runs/run_20260522-024905/optim_trace_trial_233_20260522-025337.csv","final_file":"/project/temp/deferiprone_single_oral_25mgkg_designcheck_20260511/validation/design_change_n403030_wtmclustT10_nomix_site403030_nondesignquota_precisionchol_basefitbootinit_preboot_20260521/runs/scenario1/bootstrap/federated/scenario1/raw_runs/run_20260522-024905/final_params_trial_233_20260522-025337.csv"},{"trial":234,"execution_state":"completed","converged":true,"attempts":1,"convergence":0,"value":2191.5834,"eval_fn":28,"eval_gr":28,"log_n":28,"failed_clients_n":0,"message":"CONVERGENCE: REL_REDUCTION_OF_F <= FACTR*EPSMCH","result_file":"/project/temp/deferiprone_single_oral_25mgkg_designcheck_20260511/validation/design_change_n403030_wtmclustT10_nomix_site403030_nondesignquota_precisionchol_basefitbootinit_preboot_20260521/runs/scenario1/bootstrap/federated/scenario1/raw_runs/run_20260522-024905/optim_result_trial_234_20260522-025546.json","trace_file":"/project/temp/deferiprone_single_oral_25mgkg_designcheck_20260511/validation/design_change_n403030_wtmclustT10_nomix_site403030_nondesignquota_precisionchol_basefitbootinit_preboot_20260521/runs/scenario1/bootstrap/federated/scenario1/raw_runs/run_20260522-024905/optim_trace_trial_234_20260522-025546.csv","final_file":"/project/temp/deferiprone_single_oral_25mgkg_designcheck_20260511/validation/design_change_n403030_wtmclustT10_nomix_site403030_nondesignquota_precisionchol_basefitbootinit_preboot_20260521/runs/scenario1/bootstrap/federated/scenario1/raw_runs/run_20260522-024905/final_params_trial_234_20260522-025546.csv"},{"trial":235,"execution_state":"completed","converged":true,"attempts":1,"convergence":0,"value":2215.5731,"eval_fn":22,"eval_gr":22,"log_n":22,"failed_clients_n":0,"message":"CONVERGENCE: REL_REDUCTION_OF_F <= FACTR*EPSMCH","result_file":"/project/temp/deferiprone_single_oral_25mgkg_designcheck_20260511/validation/design_change_n403030_wtmclustT10_nomix_site403030_nondesignquota_precisionchol_basefitbootinit_preboot_20260521/runs/scenario1/bootstrap/federated/scenario1/raw_runs/run_20260522-024905/optim_result_trial_235_20260522-025920.json","trace_file":"/project/temp/deferiprone_single_oral_25mgkg_designcheck_20260511/validation/design_change_n403030_wtmclustT10_nomix_site403030_nondesignquota_precisionchol_basefitbootinit_preboot_20260521/runs/scenario1/bootstrap/federated/scenario1/raw_runs/run_20260522-024905/optim_trace_trial_235_20260522-025920.csv","final_file":"/project/temp/deferiprone_single_oral_25mgkg_designcheck_20260511/validation/design_change_n403030_wtmclustT10_nomix_site403030_nondesignquota_precisionchol_basefitbootinit_preboot_20260521/runs/scenario1/bootstrap/federated/scenario1/raw_runs/run_20260522-024905/final_params_trial_235_20260522-025920.csv"}],"info":{"run_id":"20260522-024905","log_base_dir":"/project/temp/deferiprone_single_oral_25mgkg_designcheck_20260511/validation/design_change_n403030_wtmclustT10_nomix_site403030_nondesignquota_precisionchol_basefitbootinit_preboot_20260521/runs/scenario1/bootstrap/federated","scenario":"scenario1/raw_runs","total_trials":5,"successes":5,"failures":0,"nonconverged_count":0,"nonconverged_trials":[],"convergence_missing_count":0,"seed_base":4869,"B_per_client":500,"duration_sec":787.601038456,"host":"e7bed7749540","image_tag":null,"communication":{"generated_at":"2026-05-22T03:02:07Z","totals":{"requests":621,"request_bytes":693219,"response_bytes":157374,"total_bytes":850593,"retries":0},"init":{"requests":3,"request_bytes":8139,"response_bytes":1161,"total_bytes":9300,"retries":0,"median_elapsed_sec":0.3722486496},"init_round_latency":{"n_rounds":1,"median_round_wall_sec":0.3770403862,"p95_round_wall_sec":0.3770403862},"run":{"requests":0,"request_bytes":0,"response_bytes":0,"total_bytes":0,"retries":0,"median_elapsed_sec":"NA"},"run_bootstrap":{"requests":618,"request_bytes":685080,"response_bytes":156213,"total_bytes":841293,"retries":0,"median_elapsed_sec":3.64511621},"round_latency":{"n_rounds":206,"median_round_wall_sec":3.7583962679,"p95_round_wall_sec":3.9885045886},"timing_split":{"n_rounds":206,"rounds_with_compute":206,"total_round_wall_sec":777.4181027412,"total_round_compute_wall_sec":770.6925,"total_round_comm_overhead_wall_sec":6.7256027412,"comm_overhead_ratio":0.0086512041815,"compute_ratio":0.99134879582}},"communication_files":{"csv":"/project/temp/deferiprone_single_oral_25mgkg_designcheck_20260511/validation/design_change_n403030_wtmclustT10_nomix_site403030_nondesignquota_precisionchol_basefitbootinit_preboot_20260521/runs/scenario1/bootstrap/federated/scenario1/raw_runs/run_20260522-024905/comm_metrics.csv","json":"/project/temp/deferiprone_single_oral_25mgkg_designcheck_20260511/validation/design_change_n403030_wtmclustT10_nomix_site403030_nondesignquota_precisionchol_basefitbootinit_preboot_20260521/runs/scenario1/bootstrap/federated/scenario1/raw_runs/run_20260522-024905/comm_metrics.json"},"output_files":{"bootstrap_summary_csv":"/project/temp/deferiprone_single_oral_25mgkg_designcheck_20260511/validation/design_change_n403030_wtmclustT10_nomix_site403030_nondesignquota_precisionchol_basefitbootinit_preboot_20260521/runs/scenario1/bootstrap/federated/scenario1/raw_runs/run_20260522-024905/bootstrap_summary.csv","bootstrap_summary_json":"/project/temp/deferiprone_single_oral_25mgkg_designcheck_20260511/validation/design_change_n403030_wtmclustT10_nomix_site403030_nondesignquota_precisionchol_basefitbootinit_preboot_20260521/runs/scenario1/bootstrap/federated/scenario1/raw_runs/run_20260522-024905/bootstrap_summary.json","trial_status_csv":"/project/temp/deferiprone_single_oral_25mgkg_designcheck_20260511/validation/design_change_n403030_wtmclustT10_nomix_site403030_nondesignquota_precisionchol_basefitbootinit_preboot_20260521/runs/scenario1/bootstrap/federated/scenario1/raw_runs/run_20260522-024905/trial_status.csv","failed_trials_csv":"/project/temp/deferiprone_single_oral_25mgkg_designcheck_20260511/validation/design_change_n403030_wtmclustT10_nomix_site403030_nondesignquota_precisionchol_basefitbootinit_preboot_20260521/runs/scenario1/bootstrap/federated/scenario1/raw_runs/run_20260522-024905/failed_trials.csv","trial_estimates_wide_csv":"/project/temp/deferiprone_single_oral_25mgkg_designcheck_20260511/validation/design_change_n403030_wtmclustT10_nomix_site403030_nondesignquota_precisionchol_basefitbootinit_preboot_20260521/runs/scenario1/bootstrap/federated/scenario1/raw_runs/run_20260522-024905/trial_estimates_wide.csv","trial_estimates_long_csv":"/project/temp/deferiprone_single_oral_25mgkg_designcheck_20260511/validation/design_change_n403030_wtmclustT10_nomix_site403030_nondesignquota_precisionchol_basefitbootinit_preboot_20260521/runs/scenario1/bootstrap/federated/scenario1/raw_runs/run_20260522-024905/trial_estimates_long.csv","result_json":"/project/temp/deferiprone_single_oral_25mgkg_designcheck_20260511/validation/design_change_n403030_wtmclustT10_nomix_site403030_nondesignquota_precisionchol_basefitbootinit_preboot_20260521/runs/scenario1/bootstrap/federated/scenario1/raw_runs/run_20260522-024905/result.json"}}}
[Kserver-1 exited with code 0
Aborting on container exit...
 Container defboot_design_change_n403030_wtmclu_scenario1_231_235-server-1  Stopping
 Container defboot_design_change_n403030_wtmclu_scenario1_231_235-server-1  Stopped
 Container defboot_design_change_n403030_wtmclu_scenario1_231_235-client2-1  Stopping
 Container defboot_design_change_n403030_wtmclu_scenario1_231_235-client1-1  Stopping
 Container defboot_design_change_n403030_wtmclu_scenario1_231_235-client3-1  Stopping
 Container defboot_design_change_n403030_wtmclu_scenario1_231_235-client1-1  Stopped
 Container defboot_design_change_n403030_wtmclu_scenario1_231_235-client3-1  Stopped
 Container defboot_design_change_n403030_wtmclu_scenario1_231_235-client2-1  Stopped
time="2026-05-22T12:02:18+09:00" level=warning msg="The \"SERVER_CONFIG_PATH\" variable is not set. Defaulting to a blank string."
 Container defboot_design_change_n403030_wtmclu_scenario1_231_235-server-1  Stopping
 Container defboot_design_change_n403030_wtmclu_scenario1_231_235-server-1  Stopped
 Container defboot_design_change_n403030_wtmclu_scenario1_231_235-server-1  Removing
 Container defboot_design_change_n403030_wtmclu_scenario1_231_235-server-1  Removed
 Container defboot_design_change_n403030_wtmclu_scenario1_231_235-client3-1  Stopping
 Container defboot_design_change_n403030_wtmclu_scenario1_231_235-client1-1  Stopping
 Container defboot_design_change_n403030_wtmclu_scenario1_231_235-client2-1  Stopping
 Container defboot_design_change_n403030_wtmclu_scenario1_231_235-client3-1  Stopped
 Container defboot_design_change_n403030_wtmclu_scenario1_231_235-client3-1  Removing
 Container defboot_design_change_n403030_wtmclu_scenario1_231_235-client2-1  Stopped
 Container defboot_design_change_n403030_wtmclu_scenario1_231_235-client2-1  Removing
 Container defboot_design_change_n403030_wtmclu_scenario1_231_235-client1-1  Stopped
 Container defboot_design_change_n403030_wtmclu_scenario1_231_235-client1-1  Removing
 Container defboot_design_change_n403030_wtmclu_scenario1_231_235-client3-1  Removed
 Container defboot_design_change_n403030_wtmclu_scenario1_231_235-client2-1  Removed
 Container defboot_design_change_n403030_wtmclu_scenario1_231_235-client1-1  Removed
 Network defboot_design_change_n403030_wtmclu_scenario1_231_235_site1_net  Removing
 Network defboot_design_change_n403030_wtmclu_scenario1_231_235_site2_net  Removing
 Network defboot_design_change_n403030_wtmclu_scenario1_231_235_site3_net  Removing
 Network defboot_design_change_n403030_wtmclu_scenario1_231_235_site1_net  Removed
 Network defboot_design_change_n403030_wtmclu_scenario1_231_235_site3_net  Removed
 Network defboot_design_change_n403030_wtmclu_scenario1_231_235_site2_net  Removed
