time="2026-05-22T15:20:32+09:00" level=warning msg="The \"SERVER_CONFIG_PATH\" variable is not set. Defaulting to a blank string."
Compose now can delegate build to bake for better performances
Just set COMPOSE_BAKE=true
#0 building with "default" instance using docker driver

#1 [client1 internal] load build definition from Dockerfile.app
#1 transferring dockerfile: 778B done
#1 DONE 0.0s

#2 [client3 internal] load build definition from Dockerfile.app
#2 transferring dockerfile: 778B done
#2 DONE 0.0s

#3 [client2 internal] load build definition from Dockerfile.app
#3 transferring dockerfile: 778B done
#3 DONE 0.0s

#4 [client2 internal] load metadata for docker.io/fedpoppk/base:0.1.0
#4 DONE 0.0s

#5 [client1 internal] load .dockerignore
#5 transferring context: 2B done
#5 DONE 0.0s

#6 [client3 internal] load .dockerignore
#6 transferring context: 2B done
#6 DONE 0.0s

#7 [client2 internal] load .dockerignore
#7 transferring context: 2B done
#7 DONE 0.0s

#8 [client2 1/8] FROM docker.io/fedpoppk/base:0.1.0
#8 DONE 0.0s

#9 [client1 internal] load build context
#9 ...

#10 [client2 internal] load build context
#10 transferring context: 736.51kB 0.3s done
#10 DONE 0.3s

#9 [client1 internal] load build context
#9 transferring context: 736.51kB 0.3s done
#9 DONE 0.3s

#11 [client3 internal] load build context
#11 transferring context: 736.51kB 0.3s done
#11 DONE 0.3s

#12 [client2 3/8] COPY renv.lock .Rprofile renv/activate.R ./
#12 CACHED

#13 [client2 6/8] COPY R/ R/
#13 CACHED

#14 [client2 2/8] WORKDIR /project
#14 CACHED

#15 [client2 4/8] RUN Rscript -e "options(renv.consent=TRUE, Ncpus=parallel::detectCores());                 renv::restore(prompt=FALSE)"
#15 CACHED

#16 [client2 5/8] COPY apps/ apps/
#16 CACHED

#17 [client2 7/8] COPY analysis/ analysis/
#17 CACHED

#18 [client3 8/8] RUN mkdir -p /project/configs/modes /project/data /project/artifacts /project/result
#18 CACHED

#19 [client2] exporting to image
#19 exporting layers done
#19 writing image sha256:39fab1232f08ba0424dd5c5927b9051459e06dc070f27cfa073cb8590c3370b2 done
#19 naming to docker.io/library/defboot_design_change_n403030_wtmclu_scenario1_301_305-client2 0.0s done
#19 DONE 0.0s

#20 [client1] exporting to image
#20 exporting layers done
#20 writing image sha256:35e43d05a19cacd129978b941dff7f00a6f47555a7faef6848d099dc4fe755d6 done
#20 naming to docker.io/library/defboot_design_change_n403030_wtmclu_scenario1_301_305-client1 0.0s done
#20 DONE 0.1s

#21 [client3] exporting to image
#21 exporting layers done
#21 writing image sha256:c4e2b18692ec4d13bc555099972cdd8c8d6ac1e5912529b44ddf21ef659bc86c done
#21 naming to docker.io/library/defboot_design_change_n403030_wtmclu_scenario1_301_305-client3 0.1s done
#21 DONE 0.1s

#22 [client2] resolving provenance for metadata file
#22 DONE 0.0s

#23 [client3] resolving provenance for metadata file
#23 DONE 0.0s

#24 [client1] resolving provenance for metadata file
#24 DONE 0.0s

#25 [server internal] load build definition from Dockerfile.app
#25 transferring dockerfile: 778B done
#25 DONE 0.0s

#4 [server internal] load metadata for docker.io/fedpoppk/base:0.1.0
#4 DONE 0.0s

#26 [server internal] load .dockerignore
#26 transferring context: 2B done
#26 DONE 0.0s

#8 [server 1/8] FROM docker.io/fedpoppk/base:0.1.0
#8 DONE 0.0s

#27 [server internal] load build context
#27 transferring context: 736.51kB 0.3s done
#27 DONE 0.3s

#28 [server 4/8] RUN Rscript -e "options(renv.consent=TRUE, Ncpus=parallel::detectCores());                 renv::restore(prompt=FALSE)"
#28 CACHED

#29 [server 5/8] COPY apps/ apps/
#29 CACHED

#30 [server 7/8] COPY analysis/ analysis/
#30 CACHED

#31 [server 6/8] COPY R/ R/
#31 CACHED

#14 [server 2/8] WORKDIR /project
#14 CACHED

#32 [server 3/8] COPY renv.lock .Rprofile renv/activate.R ./
#32 CACHED

#33 [server 8/8] RUN mkdir -p /project/configs/modes /project/data /project/artifacts /project/result
#33 CACHED

#34 [server] exporting to image
#34 exporting layers done
#34 writing image sha256:034b94be9f9a680aef3085acbc0a6d9e41d3c09e4c45e04c29cfcb851c397e56 done
#34 naming to docker.io/library/defboot_design_change_n403030_wtmclu_scenario1_301_305-server 0.0s done
#34 DONE 0.0s

#35 [server] resolving provenance for metadata file
#35 DONE 0.0s
 client1  Built
 client2  Built
 client3  Built
 server  Built
 Network defboot_design_change_n403030_wtmclu_scenario1_301_305_site1_net  Creating
 Network defboot_design_change_n403030_wtmclu_scenario1_301_305_site1_net  Created
 Network defboot_design_change_n403030_wtmclu_scenario1_301_305_site2_net  Creating
 Network defboot_design_change_n403030_wtmclu_scenario1_301_305_site2_net  Created
 Network defboot_design_change_n403030_wtmclu_scenario1_301_305_site3_net  Creating
 Network defboot_design_change_n403030_wtmclu_scenario1_301_305_site3_net  Created
 Container defboot_design_change_n403030_wtmclu_scenario1_301_305-client3-1  Creating
 Container defboot_design_change_n403030_wtmclu_scenario1_301_305-client1-1  Creating
 Container defboot_design_change_n403030_wtmclu_scenario1_301_305-client2-1  Creating
 Container defboot_design_change_n403030_wtmclu_scenario1_301_305-client3-1  Created
 Container defboot_design_change_n403030_wtmclu_scenario1_301_305-client1-1  Created
 Container defboot_design_change_n403030_wtmclu_scenario1_301_305-client2-1  Created
 Container defboot_design_change_n403030_wtmclu_scenario1_301_305-server-1  Creating
 Container defboot_design_change_n403030_wtmclu_scenario1_301_305-server-1  Created
Attaching to client1-1, client2-1, client3-1, server-1
client3-1  | Running plumber API at http://0.0.0.0:8000
client2-1  | Running plumber API at http://0.0.0.0:8000
client3-1  | Running swagger Docs at http://127.0.0.1:8000/__docs__/
client2-1  | Running swagger Docs at http://127.0.0.1:8000/__docs__/
client1-1  | Running plumber API at http://0.0.0.0:8000
client1-1  | Running swagger Docs at http://127.0.0.1:8000/__docs__/
client1-1  | ℹ parameter labels from comments are typically ignored in non-interactive mode
client1-1  | ℹ Need to run with the source intact to parse comments
client2-1  | ℹ parameter labels from comments are typically ignored in non-interactive mode
client3-1  | ℹ parameter labels from comments are typically ignored in non-interactive mode
client2-1  | ℹ Need to run with the source intact to parse comments
client3-1  | ℹ Need to run with the source intact to parse comments
server-1   | [send_init] http://client1:8000 init succeeded
server-1   | [send_init] http://client2:8000 init succeeded
server-1   | [send_init] http://client3:8000 init succeeded
server-1   | {"schema":{"schema_version":"1.1.0","generated_at":"2026-05-22T06:20:40Z","config_path":"/project/configs/../temp/deferiprone_single_oral_25mgkg_designcheck_20260511/validation/design_change_n403030_wtmclustT10_nomix_site403030_nondesignquota_precisionchol_basefitbootinit_preboot_20260521/configs/resolved/scenario1_bootstrap.json","config_md5":"9d7556058a6c3cb18af9ad7ffdd7076b","seed":4869,"host":"7823d4dc2c55","pid":1,"image_tag":null,"git_sha":null,"git_dirty":null},"aggregation":{"ci_method":"percentile","ci_level":0.95,"quantile_type":7,"estimates_scale":"natural"},"summary":[{"parameter":"(etaLcl,etaLvc)","median":0.064465051478,"p2.5":0.054381928013,"p97.5":0.079742731552},{"parameter":"CcPropSd","median":0.34722535736,"p2.5":0.33803678924,"p97.5":0.3913814691},{"parameter":"etaLcl","median":0.10468276694,"p2.5":0.082439246982,"p97.5":0.11331781581},{"parameter":"etaLvc","median":0.043686190906,"p2.5":0.037028256455,"p97.5":0.061854096843},{"parameter":"lcl","median":2.2022566709,"p2.5":2.161202896,"p97.5":2.2796624895},{"parameter":"lka","median":2.2977545701,"p2.5":2.0630854817,"p97.5":2.6951233441},{"parameter":"lvc","median":2.9920472112,"p2.5":2.9764097008,"p97.5":3.0679234165},{"parameter":"rho_(etaLcl,etaLvc)","median":0.98236942183,"p2.5":0.97929319772,"p97.5":0.98740247461}],"runs":[{"tag":"trial_301_20260522-062040","value":2143.9444,"counts":[29,29],"control":{"maxit":100,"factr":1000000000,"pgtol":0,"trace":0,"method":"L-BFGS-B"},"convergence":0,"message":"CONVERGENCE: REL_REDUCTION_OF_F <= FACTR*EPSMCH","nat_par":{"lka":2.0443431637,"lcl":2.2874337715,"lvc":2.9920472112,"CcPropSd":0.35749430623,"etaLcl":0.089451578937,"etaLvc":0.043686190906,"(etaLcl,etaLvc)":0.061410259249,"rho_(etaLcl,etaLvc)":0.98236942183},"failed_clients":[],"attempt":1,"files":{"result":"/project/temp/deferiprone_single_oral_25mgkg_designcheck_20260511/validation/design_change_n403030_wtmclustT10_nomix_site403030_nondesignquota_precisionchol_basefitbootinit_preboot_20260521/runs/scenario1/bootstrap/federated/scenario1/raw_runs/run_20260522-062040/optim_result_trial_301_20260522-062040.json","trace":"/project/temp/deferiprone_single_oral_25mgkg_designcheck_20260511/validation/design_change_n403030_wtmclustT10_nomix_site403030_nondesignquota_precisionchol_basefitbootinit_preboot_20260521/runs/scenario1/bootstrap/federated/scenario1/raw_runs/run_20260522-062040/optim_trace_trial_301_20260522-062040.csv","final":"/project/temp/deferiprone_single_oral_25mgkg_designcheck_20260511/validation/design_change_n403030_wtmclustT10_nomix_site403030_nondesignquota_precisionchol_basefitbootinit_preboot_20260521/runs/scenario1/bootstrap/federated/scenario1/raw_runs/run_20260522-062040/final_params_trial_301_20260522-062040.csv"},"log_n":29,"execution_state":"completed","trial":301,"attempts":1},{"tag":"trial_302_20260522-062420","value":2170.5123,"counts":[22,22],"control":{"maxit":100,"factr":1000000000,"pgtol":0,"trace":0,"method":"L-BFGS-B"},"convergence":0,"message":"CONVERGENCE: REL_REDUCTION_OF_F <= FACTR*EPSMCH","nat_par":{"lka":2.727388267,"lcl":2.2097209519,"lvc":3.0129824427,"CcPropSd":0.33718491616,"etaLcl":0.11390499135,"etaLvc":0.052426481054,"(etaLcl,etaLvc)":0.076136649862,"rho_(etaLcl,etaLvc)":0.9852513337},"failed_clients":[],"attempt":1,"files":{"result":"/project/temp/deferiprone_single_oral_25mgkg_designcheck_20260511/validation/design_change_n403030_wtmclustT10_nomix_site403030_nondesignquota_precisionchol_basefitbootinit_preboot_20260521/runs/scenario1/bootstrap/federated/scenario1/raw_runs/run_20260522-062040/optim_result_trial_302_20260522-062420.json","trace":"/project/temp/deferiprone_single_oral_25mgkg_designcheck_20260511/validation/design_change_n403030_wtmclustT10_nomix_site403030_nondesignquota_precisionchol_basefitbootinit_preboot_20260521/runs/scenario1/bootstrap/federated/scenario1/raw_runs/run_20260522-062040/optim_trace_trial_302_20260522-062420.csv","final":"/project/temp/deferiprone_single_oral_25mgkg_designcheck_20260511/validation/design_change_n403030_wtmclustT10_nomix_site403030_nondesignquota_precisionchol_basefitbootinit_preboot_20260521/runs/scenario1/bootstrap/federated/scenario1/raw_runs/run_20260522-062040/final_params_trial_302_20260522-062420.csv"},"log_n":22,"execution_state":"completed","trial":302,"attempts":1},{"tag":"trial_303_20260522-062707","value":2190.0221,"counts":[23,23],"control":{"maxit":100,"factr":1000000000,"pgtol":0,"trace":0,"method":"L-BFGS-B"},"convergence":0,"message":"CONVERGENCE: REL_REDUCTION_OF_F <= FACTR*EPSMCH","nat_par":{"lka":2.4047390384,"lcl":2.1604752403,"lvc":2.9751959875,"CcPropSd":0.34570364694,"etaLcl":0.081660098987,"etaLvc":0.036699513224,"(etaLcl,etaLvc)":0.05360100232,"rho_(etaLcl,etaLvc)":0.97912425244},"failed_clients":[],"attempt":1,"files":{"result":"/project/temp/deferiprone_single_oral_25mgkg_designcheck_20260511/validation/design_change_n403030_wtmclustT10_nomix_site403030_nondesignquota_precisionchol_basefitbootinit_preboot_20260521/runs/scenario1/bootstrap/federated/scenario1/raw_runs/run_20260522-062040/optim_result_trial_303_20260522-062707.json","trace":"/project/temp/deferiprone_single_oral_25mgkg_designcheck_20260511/validation/design_change_n403030_wtmclustT10_nomix_site403030_nondesignquota_precisionchol_basefitbootinit_preboot_20260521/runs/scenario1/bootstrap/federated/scenario1/raw_runs/run_20260522-062040/optim_trace_trial_303_20260522-062707.csv","final":"/project/temp/deferiprone_single_oral_25mgkg_designcheck_20260511/validation/design_change_n403030_wtmclustT10_nomix_site403030_nondesignquota_precisionchol_basefitbootinit_preboot_20260521/runs/scenario1/bootstrap/federated/scenario1/raw_runs/run_20260522-062040/final_params_trial_303_20260522-062707.csv"},"log_n":23,"execution_state":"completed","trial":303,"attempts":1},{"tag":"trial_304_20260522-063002","value":2259.881,"counts":[23,23],"control":{"maxit":100,"factr":1000000000,"pgtol":0,"trace":0,"method":"L-BFGS-B"},"convergence":0,"message":"CONVERGENCE: REL_REDUCTION_OF_F <= FACTR*EPSMCH","nat_par":{"lka":2.2977545701,"lcl":2.2022566709,"lvc":3.0740279692,"CcPropSd":0.39514670941,"etaLcl":0.10468276694,"etaLvc":0.062901609708,"(etaLcl,etaLvc)":0.080143407296,"rho_(etaLcl,etaLvc)":0.98764149027},"failed_clients":[],"attempt":1,"files":{"result":"/project/temp/deferiprone_single_oral_25mgkg_designcheck_20260511/validation/design_change_n403030_wtmclustT10_nomix_site403030_nondesignquota_precisionchol_basefitbootinit_preboot_20260521/runs/scenario1/bootstrap/federated/scenario1/raw_runs/run_20260522-062040/optim_result_trial_304_20260522-063002.json","trace":"/project/temp/deferiprone_single_oral_25mgkg_designcheck_20260511/validation/design_change_n403030_wtmclustT10_nomix_site403030_nondesignquota_precisionchol_basefitbootinit_preboot_20260521/runs/scenario1/bootstrap/federated/scenario1/raw_runs/run_20260522-062040/optim_trace_trial_304_20260522-063002.csv","final":"/project/temp/deferiprone_single_oral_25mgkg_designcheck_20260511/validation/design_change_n403030_wtmclustT10_nomix_site403030_nondesignquota_precisionchol_basefitbootinit_preboot_20260521/runs/scenario1/bootstrap/federated/scenario1/raw_runs/run_20260522-062040/final_params_trial_304_20260522-063002.csv"},"log_n":23,"execution_state":"completed","trial":304,"attempts":1},{"tag":"trial_305_20260522-063256","value":2218.3251,"counts":[19,19],"control":{"maxit":100,"factr":1000000000,"pgtol":0,"trace":0,"method":"L-BFGS-B"},"convergence":0,"message":"CONVERGENCE: REL_REDUCTION_OF_F <= FACTR*EPSMCH","nat_par":{"lka":2.2317663434,"lcl":2.1677517968,"lvc":2.9873331204,"CcPropSd":0.34722535736,"etaLcl":0.10803323599,"etaLvc":0.03998694553,"(etaLcl,etaLvc)":0.064465051478,"rho_(etaLcl,etaLvc)":0.98081370525},"failed_clients":[],"attempt":1,"files":{"result":"/project/temp/deferiprone_single_oral_25mgkg_designcheck_20260511/validation/design_change_n403030_wtmclustT10_nomix_site403030_nondesignquota_precisionchol_basefitbootinit_preboot_20260521/runs/scenario1/bootstrap/federated/scenario1/raw_runs/run_20260522-062040/optim_result_trial_305_20260522-063256.json","trace":"/project/temp/deferiprone_single_oral_25mgkg_designcheck_20260511/validation/design_change_n403030_wtmclustT10_nomix_site403030_nondesignquota_precisionchol_basefitbootinit_preboot_20260521/runs/scenario1/bootstrap/federated/scenario1/raw_runs/run_20260522-062040/optim_trace_trial_305_20260522-063256.csv","final":"/project/temp/deferiprone_single_oral_25mgkg_designcheck_20260511/validation/design_change_n403030_wtmclustT10_nomix_site403030_nondesignquota_precisionchol_basefitbootinit_preboot_20260521/runs/scenario1/bootstrap/federated/scenario1/raw_runs/run_20260522-062040/final_params_trial_305_20260522-063256.csv"},"log_n":19,"execution_state":"completed","trial":305,"attempts":1}],"trial_status":[{"trial":301,"execution_state":"completed","converged":true,"attempts":1,"convergence":0,"value":2143.9444,"eval_fn":29,"eval_gr":29,"log_n":29,"failed_clients_n":0,"message":"CONVERGENCE: REL_REDUCTION_OF_F <= FACTR*EPSMCH","result_file":"/project/temp/deferiprone_single_oral_25mgkg_designcheck_20260511/validation/design_change_n403030_wtmclustT10_nomix_site403030_nondesignquota_precisionchol_basefitbootinit_preboot_20260521/runs/scenario1/bootstrap/federated/scenario1/raw_runs/run_20260522-062040/optim_result_trial_301_20260522-062040.json","trace_file":"/project/temp/deferiprone_single_oral_25mgkg_designcheck_20260511/validation/design_change_n403030_wtmclustT10_nomix_site403030_nondesignquota_precisionchol_basefitbootinit_preboot_20260521/runs/scenario1/bootstrap/federated/scenario1/raw_runs/run_20260522-062040/optim_trace_trial_301_20260522-062040.csv","final_file":"/project/temp/deferiprone_single_oral_25mgkg_designcheck_20260511/validation/design_change_n403030_wtmclustT10_nomix_site403030_nondesignquota_precisionchol_basefitbootinit_preboot_20260521/runs/scenario1/bootstrap/federated/scenario1/raw_runs/run_20260522-062040/final_params_trial_301_20260522-062040.csv"},{"trial":302,"execution_state":"completed","converged":true,"attempts":1,"convergence":0,"value":2170.5123,"eval_fn":22,"eval_gr":22,"log_n":22,"failed_clients_n":0,"message":"CONVERGENCE: REL_REDUCTION_OF_F <= FACTR*EPSMCH","result_file":"/project/temp/deferiprone_single_oral_25mgkg_designcheck_20260511/validation/design_change_n403030_wtmclustT10_nomix_site403030_nondesignquota_precisionchol_basefitbootinit_preboot_20260521/runs/scenario1/bootstrap/federated/scenario1/raw_runs/run_20260522-062040/optim_result_trial_302_20260522-062420.json","trace_file":"/project/temp/deferiprone_single_oral_25mgkg_designcheck_20260511/validation/design_change_n403030_wtmclustT10_nomix_site403030_nondesignquota_precisionchol_basefitbootinit_preboot_20260521/runs/scenario1/bootstrap/federated/scenario1/raw_runs/run_20260522-062040/optim_trace_trial_302_20260522-062420.csv","final_file":"/project/temp/deferiprone_single_oral_25mgkg_designcheck_20260511/validation/design_change_n403030_wtmclustT10_nomix_site403030_nondesignquota_precisionchol_basefitbootinit_preboot_20260521/runs/scenario1/bootstrap/federated/scenario1/raw_runs/run_20260522-062040/final_params_trial_302_20260522-062420.csv"},{"trial":303,"execution_state":"completed","converged":true,"attempts":1,"convergence":0,"value":2190.0221,"eval_fn":23,"eval_gr":23,"log_n":23,"failed_clients_n":0,"message":"CONVERGENCE: REL_REDUCTION_OF_F <= FACTR*EPSMCH","result_file":"/project/temp/deferiprone_single_oral_25mgkg_designcheck_20260511/validation/design_change_n403030_wtmclustT10_nomix_site403030_nondesignquota_precisionchol_basefitbootinit_preboot_20260521/runs/scenario1/bootstrap/federated/scenario1/raw_runs/run_20260522-062040/optim_result_trial_303_20260522-062707.json","trace_file":"/project/temp/deferiprone_single_oral_25mgkg_designcheck_20260511/validation/design_change_n403030_wtmclustT10_nomix_site403030_nondesignquota_precisionchol_basefitbootinit_preboot_20260521/runs/scenario1/bootstrap/federated/scenario1/raw_runs/run_20260522-062040/optim_trace_trial_303_20260522-062707.csv","final_file":"/project/temp/deferiprone_single_oral_25mgkg_designcheck_20260511/validation/design_change_n403030_wtmclustT10_nomix_site403030_nondesignquota_precisionchol_basefitbootinit_preboot_20260521/runs/scenario1/bootstrap/federated/scenario1/raw_runs/run_20260522-062040/final_params_trial_303_20260522-062707.csv"},{"trial":304,"execution_state":"completed","converged":true,"attempts":1,"convergence":0,"value":2259.881,"eval_fn":23,"eval_gr":23,"log_n":23,"failed_clients_n":0,"message":"CONVERGENCE: REL_REDUCTION_OF_F <= FACTR*EPSMCH","result_file":"/project/temp/deferiprone_single_oral_25mgkg_designcheck_20260511/validation/design_change_n403030_wtmclustT10_nomix_site403030_nondesignquota_precisionchol_basefitbootinit_preboot_20260521/runs/scenario1/bootstrap/federated/scenario1/raw_runs/run_20260522-062040/optim_result_trial_304_20260522-063002.json","trace_file":"/project/temp/deferiprone_single_oral_25mgkg_designcheck_20260511/validation/design_change_n403030_wtmclustT10_nomix_site403030_nondesignquota_precisionchol_basefitbootinit_preboot_20260521/runs/scenario1/bootstrap/federated/scenario1/raw_runs/run_20260522-062040/optim_trace_trial_304_20260522-063002.csv","final_file":"/project/temp/deferiprone_single_oral_25mgkg_designcheck_20260511/validation/design_change_n403030_wtmclustT10_nomix_site403030_nondesignquota_precisionchol_basefitbootinit_preboot_20260521/runs/scenario1/bootstrap/federated/scenario1/raw_runs/run_20260522-062040/final_params_trial_304_20260522-063002.csv"},{"trial":305,"execution_state":"completed","converged":true,"attempts":1,"convergence":0,"value":2218.3251,"eval_fn":19,"eval_gr":19,"log_n":19,"failed_clients_n":0,"message":"CONVERGENCE: REL_REDUCTION_OF_F <= FACTR*EPSMCH","result_file":"/project/temp/deferiprone_single_oral_25mgkg_designcheck_20260511/validation/design_change_n403030_wtmclustT10_nomix_site403030_nondesignquota_precisionchol_basefitbootinit_preboot_20260521/runs/scenario1/bootstrap/federated/scenario1/raw_runs/run_20260522-062040/optim_result_trial_305_20260522-063256.json","trace_file":"/project/temp/deferiprone_single_oral_25mgkg_designcheck_20260511/validation/design_change_n403030_wtmclustT10_nomix_site403030_nondesignquota_precisionchol_basefitbootinit_preboot_20260521/runs/scenario1/bootstrap/federated/scenario1/raw_runs/run_20260522-062040/optim_trace_trial_305_20260522-063256.csv","final_file":"/project/temp/deferiprone_single_oral_25mgkg_designcheck_20260511/validation/design_change_n403030_wtmclustT10_nomix_site403030_nondesignquota_precisionchol_basefitbootinit_preboot_20260521/runs/scenario1/bootstrap/federated/scenario1/raw_runs/run_20260522-062040/final_params_trial_305_20260522-063256.csv"}],"info":{"run_id":"20260522-062040","log_base_dir":"/project/temp/deferiprone_single_oral_25mgkg_designcheck_20260511/validation/design_change_n403030_wtmclustT10_nomix_site403030_nondesignquota_precisionchol_basefitbootinit_preboot_20260521/runs/scenario1/bootstrap/federated","scenario":"scenario1/raw_runs","total_trials":5,"successes":5,"failures":0,"nonconverged_count":0,"nonconverged_trials":[],"convergence_missing_count":0,"seed_base":4869,"B_per_client":500,"duration_sec":888.0828256607,"host":"7823d4dc2c55","image_tag":null,"communication":{"generated_at":"2026-05-22T06:35:23Z","totals":{"requests":699,"request_bytes":779565,"response_bytes":177741,"total_bytes":957306,"retries":0},"init":{"requests":3,"request_bytes":8139,"response_bytes":1161,"total_bytes":9300,"retries":0,"median_elapsed_sec":0.36960983276},"init_round_latency":{"n_rounds":1,"median_round_wall_sec":0.37706589699,"p95_round_wall_sec":0.37706589699},"run":{"requests":0,"request_bytes":0,"response_bytes":0,"total_bytes":0,"retries":0,"median_elapsed_sec":"NA"},"run_bootstrap":{"requests":696,"request_bytes":771426,"response_bytes":176580,"total_bytes":948006,"retries":0,"median_elapsed_sec":3.6348439455},"round_latency":{"n_rounds":232,"median_round_wall_sec":3.7535033226,"p95_round_wall_sec":4.0569830775},"timing_split":{"n_rounds":232,"rounds_with_compute":232,"total_round_wall_sec":877.3086776733,"total_round_compute_wall_sec":869.7517,"total_round_comm_overhead_wall_sec":7.5569776733,"comm_overhead_ratio":0.0086138184491,"compute_ratio":0.99138618155}},"communication_files":{"csv":"/project/temp/deferiprone_single_oral_25mgkg_designcheck_20260511/validation/design_change_n403030_wtmclustT10_nomix_site403030_nondesignquota_precisionchol_basefitbootinit_preboot_20260521/runs/scenario1/bootstrap/federated/scenario1/raw_runs/run_20260522-062040/comm_metrics.csv","json":"/project/temp/deferiprone_single_oral_25mgkg_designcheck_20260511/validation/design_change_n403030_wtmclustT10_nomix_site403030_nondesignquota_precisionchol_basefitbootinit_preboot_20260521/runs/scenario1/bootstrap/federated/scenario1/raw_runs/run_20260522-062040/comm_metrics.json"},"output_files":{"bootstrap_summary_csv":"/project/temp/deferiprone_single_oral_25mgkg_designcheck_20260511/validation/design_change_n403030_wtmclustT10_nomix_site403030_nondesignquota_precisionchol_basefitbootinit_preboot_20260521/runs/scenario1/bootstrap/federated/scenario1/raw_runs/run_20260522-062040/bootstrap_summary.csv","bootstrap_summary_json":"/project/temp/deferiprone_single_oral_25mgkg_designcheck_20260511/validation/design_change_n403030_wtmclustT10_nomix_site403030_nondesignquota_precisionchol_basefitbootinit_preboot_20260521/runs/scenario1/bootstrap/federated/scenario1/raw_runs/run_20260522-062040/bootstrap_summary.json","trial_status_csv":"/project/temp/deferiprone_single_oral_25mgkg_designcheck_20260511/validation/design_change_n403030_wtmclustT10_nomix_site403030_nondesignquota_precisionchol_basefitbootinit_preboot_20260521/runs/scenario1/bootstrap/federated/scenario1/raw_runs/run_20260522-062040/trial_status.csv","failed_trials_csv":"/project/temp/deferiprone_single_oral_25mgkg_designcheck_20260511/validation/design_change_n403030_wtmclustT10_nomix_site403030_nondesignquota_precisionchol_basefitbootinit_preboot_20260521/runs/scenario1/bootstrap/federated/scenario1/raw_runs/run_20260522-062040/failed_trials.csv","trial_estimates_wide_csv":"/project/temp/deferiprone_single_oral_25mgkg_designcheck_20260511/validation/design_change_n403030_wtmclustT10_nomix_site403030_nondesignquota_precisionchol_basefitbootinit_preboot_20260521/runs/scenario1/bootstrap/federated/scenario1/raw_runs/run_20260522-062040/trial_estimates_wide.csv","trial_estimates_long_csv":"/project/temp/deferiprone_single_oral_25mgkg_designcheck_20260511/validation/design_change_n403030_wtmclustT10_nomix_site403030_nondesignquota_precisionchol_basefitbootinit_preboot_20260521/runs/scenario1/bootstrap/federated/scenario1/raw_runs/run_20260522-062040/trial_estimates_long.csv","result_json":"/project/temp/deferiprone_single_oral_25mgkg_designcheck_20260511/validation/design_change_n403030_wtmclustT10_nomix_site403030_nondesignquota_precisionchol_basefitbootinit_preboot_20260521/runs/scenario1/bootstrap/federated/scenario1/raw_runs/run_20260522-062040/result.json"}}}
[Kserver-1 exited with code 0
Aborting on container exit...
 Container defboot_design_change_n403030_wtmclu_scenario1_301_305-server-1  Stopping
 Container defboot_design_change_n403030_wtmclu_scenario1_301_305-server-1  Stopped
 Container defboot_design_change_n403030_wtmclu_scenario1_301_305-client3-1  Stopping
 Container defboot_design_change_n403030_wtmclu_scenario1_301_305-client2-1  Stopping
 Container defboot_design_change_n403030_wtmclu_scenario1_301_305-client1-1  Stopping
 Container defboot_design_change_n403030_wtmclu_scenario1_301_305-client2-1  Stopped
 Container defboot_design_change_n403030_wtmclu_scenario1_301_305-client3-1  Stopped
 Container defboot_design_change_n403030_wtmclu_scenario1_301_305-client1-1  Stopped
time="2026-05-22T15:35:33+09:00" level=warning msg="The \"SERVER_CONFIG_PATH\" variable is not set. Defaulting to a blank string."
 Container defboot_design_change_n403030_wtmclu_scenario1_301_305-server-1  Stopping
 Container defboot_design_change_n403030_wtmclu_scenario1_301_305-server-1  Stopped
 Container defboot_design_change_n403030_wtmclu_scenario1_301_305-server-1  Removing
 Container defboot_design_change_n403030_wtmclu_scenario1_301_305-server-1  Removed
 Container defboot_design_change_n403030_wtmclu_scenario1_301_305-client1-1  Stopping
 Container defboot_design_change_n403030_wtmclu_scenario1_301_305-client2-1  Stopping
 Container defboot_design_change_n403030_wtmclu_scenario1_301_305-client3-1  Stopping
 Container defboot_design_change_n403030_wtmclu_scenario1_301_305-client1-1  Stopped
 Container defboot_design_change_n403030_wtmclu_scenario1_301_305-client1-1  Removing
 Container defboot_design_change_n403030_wtmclu_scenario1_301_305-client3-1  Stopped
 Container defboot_design_change_n403030_wtmclu_scenario1_301_305-client2-1  Stopped
 Container defboot_design_change_n403030_wtmclu_scenario1_301_305-client2-1  Removing
 Container defboot_design_change_n403030_wtmclu_scenario1_301_305-client3-1  Removing
 Container defboot_design_change_n403030_wtmclu_scenario1_301_305-client1-1  Removed
 Container defboot_design_change_n403030_wtmclu_scenario1_301_305-client2-1  Removed
 Container defboot_design_change_n403030_wtmclu_scenario1_301_305-client3-1  Removed
 Network defboot_design_change_n403030_wtmclu_scenario1_301_305_site3_net  Removing
 Network defboot_design_change_n403030_wtmclu_scenario1_301_305_site1_net  Removing
 Network defboot_design_change_n403030_wtmclu_scenario1_301_305_site2_net  Removing
 Network defboot_design_change_n403030_wtmclu_scenario1_301_305_site1_net  Removed
 Network defboot_design_change_n403030_wtmclu_scenario1_301_305_site3_net  Removed
 Network defboot_design_change_n403030_wtmclu_scenario1_301_305_site2_net  Removed
