time="2026-05-22T21:18:55+09:00" level=warning msg="The \"SERVER_CONFIG_PATH\" variable is not set. Defaulting to a blank string."
Compose now can delegate build to bake for better performances
Just set COMPOSE_BAKE=true
#0 building with "default" instance using docker driver

#1 [client3 internal] load build definition from Dockerfile.app
#1 transferring dockerfile: 778B done
#1 DONE 0.0s

#2 [client1 internal] load build definition from Dockerfile.app
#2 transferring dockerfile: 778B done
#2 DONE 0.0s

#3 [client2 internal] load build definition from Dockerfile.app
#3 transferring dockerfile: 778B done
#3 DONE 0.0s

#4 [client2 internal] load metadata for docker.io/fedpoppk/base:0.1.0
#4 DONE 0.0s

#5 [client3 internal] load .dockerignore
#5 transferring context: 2B done
#5 DONE 0.0s

#6 [client1 internal] load .dockerignore
#6 transferring context: 2B done
#6 DONE 0.0s

#7 [client2 internal] load .dockerignore
#7 transferring context: 2B done
#7 DONE 0.0s

#8 [client2 1/8] FROM docker.io/fedpoppk/base:0.1.0
#8 DONE 0.0s

#9 [client3 internal] load build context
#9 transferring context: 736.51kB 0.3s done
#9 DONE 0.3s

#10 [client2 internal] load build context
#10 transferring context: 736.51kB 0.3s done
#10 DONE 0.3s

#11 [client1 internal] load build context
#11 transferring context: 736.51kB 0.3s done
#11 DONE 0.3s

#12 [client3 3/8] COPY renv.lock .Rprofile renv/activate.R ./
#12 CACHED

#13 [client3 6/8] COPY R/ R/
#13 CACHED

#14 [client3 2/8] WORKDIR /project
#14 CACHED

#15 [client3 4/8] RUN Rscript -e "options(renv.consent=TRUE, Ncpus=parallel::detectCores());                 renv::restore(prompt=FALSE)"
#15 CACHED

#16 [client3 7/8] COPY analysis/ analysis/
#16 CACHED

#17 [client3 5/8] COPY apps/ apps/
#17 CACHED

#18 [client2 8/8] RUN mkdir -p /project/configs/modes /project/data /project/artifacts /project/result
#18 CACHED

#19 [client3] exporting to image
#19 exporting layers done
#19 writing image sha256:97d098e50a73d60e862712b38ec5180880d9d197ad6e64766d9ef34ace2ae547 done
#19 naming to docker.io/library/defboot_design_change_n403030_wtmclu_scenario1_416_420-client3 0.0s done
#19 DONE 0.0s

#20 [client1] exporting to image
#20 exporting layers done
#20 writing image sha256:a334335edc366f80a60ecb91a5fce32a308a87cd52ca8015937e080ade91bab2 done
#20 naming to docker.io/library/defboot_design_change_n403030_wtmclu_scenario1_416_420-client1 0.0s done
#20 DONE 0.0s

#21 [client2] exporting to image
#21 exporting layers done
#21 writing image sha256:f5fec9555a6621c378d62ab534d9e19e8db23d6b5fb44dd8e9af3b730fb035fb done
#21 naming to docker.io/library/defboot_design_change_n403030_wtmclu_scenario1_416_420-client2 0.0s done
#21 DONE 0.0s

#22 [client2] resolving provenance for metadata file
#22 DONE 0.0s

#23 [client1] resolving provenance for metadata file
#23 DONE 0.0s

#24 [client3] resolving provenance for metadata file
#24 DONE 0.0s

#25 [server internal] load build definition from Dockerfile.app
#25 transferring dockerfile: 778B done
#25 DONE 0.0s

#4 [server internal] load metadata for docker.io/fedpoppk/base:0.1.0
#4 DONE 0.0s

#26 [server internal] load .dockerignore
#26 transferring context: 2B done
#26 DONE 0.0s

#8 [server 1/8] FROM docker.io/fedpoppk/base:0.1.0
#8 DONE 0.0s

#27 [server internal] load build context
#27 transferring context: 736.51kB 0.3s done
#27 DONE 0.4s

#14 [server 2/8] WORKDIR /project
#14 CACHED

#28 [server 6/8] COPY R/ R/
#28 CACHED

#29 [server 3/8] COPY renv.lock .Rprofile renv/activate.R ./
#29 CACHED

#30 [server 5/8] COPY apps/ apps/
#30 CACHED

#31 [server 4/8] RUN Rscript -e "options(renv.consent=TRUE, Ncpus=parallel::detectCores());                 renv::restore(prompt=FALSE)"
#31 CACHED

#32 [server 7/8] COPY analysis/ analysis/
#32 CACHED

#33 [server 8/8] RUN mkdir -p /project/configs/modes /project/data /project/artifacts /project/result
#33 CACHED

#34 [server] exporting to image
#34 exporting layers done
#34 writing image sha256:9d9d9a19cc1478b860894e62b27e50e46ea4f400260c31b349a77f13af4753da done
#34 naming to docker.io/library/defboot_design_change_n403030_wtmclu_scenario1_416_420-server 0.0s done
#34 DONE 0.0s

#35 [server] resolving provenance for metadata file
#35 DONE 0.0s
 client1  Built
 client2  Built
 client3  Built
 server  Built
 Network defboot_design_change_n403030_wtmclu_scenario1_416_420_site1_net  Creating
 Network defboot_design_change_n403030_wtmclu_scenario1_416_420_site1_net  Created
 Network defboot_design_change_n403030_wtmclu_scenario1_416_420_site2_net  Creating
 Network defboot_design_change_n403030_wtmclu_scenario1_416_420_site2_net  Created
 Network defboot_design_change_n403030_wtmclu_scenario1_416_420_site3_net  Creating
 Network defboot_design_change_n403030_wtmclu_scenario1_416_420_site3_net  Created
 Container defboot_design_change_n403030_wtmclu_scenario1_416_420-client2-1  Creating
 Container defboot_design_change_n403030_wtmclu_scenario1_416_420-client3-1  Creating
 Container defboot_design_change_n403030_wtmclu_scenario1_416_420-client1-1  Creating
 Container defboot_design_change_n403030_wtmclu_scenario1_416_420-client1-1  Created
 Container defboot_design_change_n403030_wtmclu_scenario1_416_420-client2-1  Created
 Container defboot_design_change_n403030_wtmclu_scenario1_416_420-client3-1  Created
 Container defboot_design_change_n403030_wtmclu_scenario1_416_420-server-1  Creating
 Container defboot_design_change_n403030_wtmclu_scenario1_416_420-server-1  Created
Attaching to client1-1, client2-1, client3-1, server-1
client2-1  | Running plumber API at http://0.0.0.0:8000
client2-1  | Running swagger Docs at http://127.0.0.1:8000/__docs__/
client3-1  | Running plumber API at http://0.0.0.0:8000
client3-1  | Running swagger Docs at http://127.0.0.1:8000/__docs__/
client1-1  | Running plumber API at http://0.0.0.0:8000
client1-1  | Running swagger Docs at http://127.0.0.1:8000/__docs__/
client1-1  | ℹ parameter labels from comments are typically ignored in non-interactive mode
client2-1  | ℹ parameter labels from comments are typically ignored in non-interactive mode
client2-1  | ℹ Need to run with the source intact to parse comments
client1-1  | ℹ Need to run with the source intact to parse comments
client3-1  | ℹ parameter labels from comments are typically ignored in non-interactive mode
client3-1  | ℹ Need to run with the source intact to parse comments
server-1   | [send_init] http://client1:8000 init succeeded
server-1   | [send_init] http://client3:8000 init succeeded
server-1   | [send_init] http://client2:8000 init succeeded
server-1   | {"schema":{"schema_version":"1.1.0","generated_at":"2026-05-22T12:19:03Z","config_path":"/project/configs/../temp/deferiprone_single_oral_25mgkg_designcheck_20260511/validation/design_change_n403030_wtmclustT10_nomix_site403030_nondesignquota_precisionchol_basefitbootinit_preboot_20260521/configs/resolved/scenario1_bootstrap.json","config_md5":"9d7556058a6c3cb18af9ad7ffdd7076b","seed":4869,"host":"9a1dc021514b","pid":1,"image_tag":null,"git_sha":null,"git_dirty":null},"aggregation":{"ci_method":"percentile","ci_level":0.95,"quantile_type":7,"estimates_scale":"natural"},"summary":[{"parameter":"(etaLcl,etaLvc)","median":0.070561562252,"p2.5":0.059886240398,"p97.5":0.073006043974},{"parameter":"CcPropSd","median":0.34766299864,"p2.5":0.3156117547,"p97.5":0.36407212363},{"parameter":"etaLcl","median":0.10286696712,"p2.5":0.082546127611,"p97.5":0.1142636561},{"parameter":"etaLvc","median":0.049874928947,"p2.5":0.034351893486,"p97.5":0.052974987116},{"parameter":"lcl","median":2.1862558886,"p2.5":2.1167926394,"p97.5":2.2483715277},{"parameter":"lka","median":2.2150826834,"p2.5":2.1311141742,"p97.5":2.3830562518},{"parameter":"lvc","median":2.9524110725,"p2.5":2.9108287385,"p97.5":3.0049318559},{"parameter":"rho_(etaLcl,etaLvc)","median":0.98451297263,"p2.5":0.97758596324,"p97.5":0.9853841652}],"runs":[{"tag":"trial_416_20260522-121903","value":2189.4795,"counts":[25,25],"control":{"maxit":100,"factr":1000000000,"pgtol":0,"trace":0,"method":"L-BFGS-B"},"convergence":0,"message":"CONVERGENCE: REL_REDUCTION_OF_F <= FACTR*EPSMCH","nat_par":{"lka":2.3911066914,"lcl":2.2310296587,"lvc":2.9859717847,"CcPropSd":0.35217330898,"etaLcl":0.11026777756,"etaLvc":0.049874928947,"(etaLcl,etaLvc)":0.073010764976,"rho_(etaLcl,etaLvc)":0.98451297263},"failed_clients":[],"attempt":1,"files":{"result":"/project/temp/deferiprone_single_oral_25mgkg_designcheck_20260511/validation/design_change_n403030_wtmclustT10_nomix_site403030_nondesignquota_precisionchol_basefitbootinit_preboot_20260521/runs/scenario1/bootstrap/federated/scenario1/raw_runs/run_20260522-121903/optim_result_trial_416_20260522-121903.json","trace":"/project/temp/deferiprone_single_oral_25mgkg_designcheck_20260511/validation/design_change_n403030_wtmclustT10_nomix_site403030_nondesignquota_precisionchol_basefitbootinit_preboot_20260521/runs/scenario1/bootstrap/federated/scenario1/raw_runs/run_20260522-121903/optim_trace_trial_416_20260522-121903.csv","final":"/project/temp/deferiprone_single_oral_25mgkg_designcheck_20260511/validation/design_change_n403030_wtmclustT10_nomix_site403030_nondesignquota_precisionchol_basefitbootinit_preboot_20260521/runs/scenario1/bootstrap/federated/scenario1/raw_runs/run_20260522-121903/final_params_trial_416_20260522-121903.csv"},"log_n":25,"execution_state":"completed","trial":416,"attempts":1},{"tag":"trial_417_20260522-122213","value":2203.1239,"counts":[22,22],"control":{"maxit":100,"factr":1000000000,"pgtol":0,"trace":0,"method":"L-BFGS-B"},"convergence":0,"message":"CONVERGENCE: REL_REDUCTION_OF_F <= FACTR*EPSMCH","nat_par":{"lka":2.122537445,"lcl":2.1862558886,"lvc":2.9465451624,"CcPropSd":0.34766299864,"etaLcl":0.10243658536,"etaLvc":0.050139183594,"(etaLcl,etaLvc)":0.070561562252,"rho_(etaLcl,etaLvc)":0.98458227244},"failed_clients":[],"attempt":1,"files":{"result":"/project/temp/deferiprone_single_oral_25mgkg_designcheck_20260511/validation/design_change_n403030_wtmclustT10_nomix_site403030_nondesignquota_precisionchol_basefitbootinit_preboot_20260521/runs/scenario1/bootstrap/federated/scenario1/raw_runs/run_20260522-121903/optim_result_trial_417_20260522-122213.json","trace":"/project/temp/deferiprone_single_oral_25mgkg_designcheck_20260511/validation/design_change_n403030_wtmclustT10_nomix_site403030_nondesignquota_precisionchol_basefitbootinit_preboot_20260521/runs/scenario1/bootstrap/federated/scenario1/raw_runs/run_20260522-121903/optim_trace_trial_417_20260522-122213.csv","final":"/project/temp/deferiprone_single_oral_25mgkg_designcheck_20260511/validation/design_change_n403030_wtmclustT10_nomix_site403030_nondesignquota_precisionchol_basefitbootinit_preboot_20260521/runs/scenario1/bootstrap/federated/scenario1/raw_runs/run_20260522-121903/final_params_trial_417_20260522-122213.csv"},"log_n":22,"execution_state":"completed","trial":417,"attempts":1},{"tag":"trial_418_20260522-122500","value":2138.7556,"counts":[39,39],"control":{"maxit":100,"factr":1000000000,"pgtol":0,"trace":0,"method":"L-BFGS-B"},"convergence":0,"message":"CONVERGENCE: REL_REDUCTION_OF_F <= FACTR*EPSMCH","nat_par":{"lka":2.3106022948,"lcl":2.250298402,"lvc":3.0070385304,"CcPropSd":0.319208796,"etaLcl":0.11470764261,"etaLvc":0.033043209368,"(etaLcl,etaLvc)":0.060146715038,"rho_(etaLcl,etaLvc)":0.97695514555},"failed_clients":[],"attempt":1,"files":{"result":"/project/temp/deferiprone_single_oral_25mgkg_designcheck_20260511/validation/design_change_n403030_wtmclustT10_nomix_site403030_nondesignquota_precisionchol_basefitbootinit_preboot_20260521/runs/scenario1/bootstrap/federated/scenario1/raw_runs/run_20260522-121903/optim_result_trial_418_20260522-122500.json","trace":"/project/temp/deferiprone_single_oral_25mgkg_designcheck_20260511/validation/design_change_n403030_wtmclustT10_nomix_site403030_nondesignquota_precisionchol_basefitbootinit_preboot_20260521/runs/scenario1/bootstrap/federated/scenario1/raw_runs/run_20260522-121903/optim_trace_trial_418_20260522-122500.csv","final":"/project/temp/deferiprone_single_oral_25mgkg_designcheck_20260511/validation/design_change_n403030_wtmclustT10_nomix_site403030_nondesignquota_precisionchol_basefitbootinit_preboot_20260521/runs/scenario1/bootstrap/federated/scenario1/raw_runs/run_20260522-121903/final_params_trial_418_20260522-122500.csv"},"log_n":38,"execution_state":"completed","trial":418,"attempts":1},{"tag":"trial_419_20260522-122950","value":2135.656,"counts":[29,29],"control":{"maxit":100,"factr":1000000000,"pgtol":0,"trace":0,"method":"L-BFGS-B"},"convergence":0,"message":"CONVERGENCE: REL_REDUCTION_OF_F <= FACTR*EPSMCH","nat_par":{"lka":2.2083047377,"lcl":2.1791912246,"lvc":2.9524110725,"CcPropSd":0.31521208344,"etaLcl":0.10286696712,"etaLvc":0.053290076397,"(etaLcl,etaLvc)":0.072963554954,"rho_(etaLcl,etaLvc)":0.9854732644},"failed_clients":[],"attempt":1,"files":{"result":"/project/temp/deferiprone_single_oral_25mgkg_designcheck_20260511/validation/design_change_n403030_wtmclustT10_nomix_site403030_nondesignquota_precisionchol_basefitbootinit_preboot_20260521/runs/scenario1/bootstrap/federated/scenario1/raw_runs/run_20260522-121903/optim_result_trial_419_20260522-122950.json","trace":"/project/temp/deferiprone_single_oral_25mgkg_designcheck_20260511/validation/design_change_n403030_wtmclustT10_nomix_site403030_nondesignquota_precisionchol_basefitbootinit_preboot_20260521/runs/scenario1/bootstrap/federated/scenario1/raw_runs/run_20260522-121903/optim_trace_trial_419_20260522-122950.csv","final":"/project/temp/deferiprone_single_oral_25mgkg_designcheck_20260511/validation/design_change_n403030_wtmclustT10_nomix_site403030_nondesignquota_precisionchol_basefitbootinit_preboot_20260521/runs/scenario1/bootstrap/federated/scenario1/raw_runs/run_20260522-121903/final_params_trial_419_20260522-122950.csv"},"log_n":29,"execution_state":"completed","trial":419,"attempts":1},{"tag":"trial_420_20260522-123335","value":2232.1794,"counts":[34,34],"control":{"maxit":100,"factr":1000000000,"pgtol":0,"trace":0,"method":"L-BFGS-B"},"convergence":0,"message":"CONVERGENCE: REL_REDUCTION_OF_F <= FACTR*EPSMCH","nat_par":{"lka":2.2150826834,"lcl":2.1098594632,"lvc":2.9068602469,"CcPropSd":0.36539421415,"etaLcl":0.08033607675,"etaLvc":0.046130050539,"(etaLcl,etaLvc)":0.059857298771,"rho_(etaLcl,etaLvc)":0.98326332253},"failed_clients":[],"attempt":1,"files":{"result":"/project/temp/deferiprone_single_oral_25mgkg_designcheck_20260511/validation/design_change_n403030_wtmclustT10_nomix_site403030_nondesignquota_precisionchol_basefitbootinit_preboot_20260521/runs/scenario1/bootstrap/federated/scenario1/raw_runs/run_20260522-121903/optim_result_trial_420_20260522-123335.json","trace":"/project/temp/deferiprone_single_oral_25mgkg_designcheck_20260511/validation/design_change_n403030_wtmclustT10_nomix_site403030_nondesignquota_precisionchol_basefitbootinit_preboot_20260521/runs/scenario1/bootstrap/federated/scenario1/raw_runs/run_20260522-121903/optim_trace_trial_420_20260522-123335.csv","final":"/project/temp/deferiprone_single_oral_25mgkg_designcheck_20260511/validation/design_change_n403030_wtmclustT10_nomix_site403030_nondesignquota_precisionchol_basefitbootinit_preboot_20260521/runs/scenario1/bootstrap/federated/scenario1/raw_runs/run_20260522-121903/final_params_trial_420_20260522-123335.csv"},"log_n":34,"execution_state":"completed","trial":420,"attempts":1}],"trial_status":[{"trial":416,"execution_state":"completed","converged":true,"attempts":1,"convergence":0,"value":2189.4795,"eval_fn":25,"eval_gr":25,"log_n":25,"failed_clients_n":0,"message":"CONVERGENCE: REL_REDUCTION_OF_F <= FACTR*EPSMCH","result_file":"/project/temp/deferiprone_single_oral_25mgkg_designcheck_20260511/validation/design_change_n403030_wtmclustT10_nomix_site403030_nondesignquota_precisionchol_basefitbootinit_preboot_20260521/runs/scenario1/bootstrap/federated/scenario1/raw_runs/run_20260522-121903/optim_result_trial_416_20260522-121903.json","trace_file":"/project/temp/deferiprone_single_oral_25mgkg_designcheck_20260511/validation/design_change_n403030_wtmclustT10_nomix_site403030_nondesignquota_precisionchol_basefitbootinit_preboot_20260521/runs/scenario1/bootstrap/federated/scenario1/raw_runs/run_20260522-121903/optim_trace_trial_416_20260522-121903.csv","final_file":"/project/temp/deferiprone_single_oral_25mgkg_designcheck_20260511/validation/design_change_n403030_wtmclustT10_nomix_site403030_nondesignquota_precisionchol_basefitbootinit_preboot_20260521/runs/scenario1/bootstrap/federated/scenario1/raw_runs/run_20260522-121903/final_params_trial_416_20260522-121903.csv"},{"trial":417,"execution_state":"completed","converged":true,"attempts":1,"convergence":0,"value":2203.1239,"eval_fn":22,"eval_gr":22,"log_n":22,"failed_clients_n":0,"message":"CONVERGENCE: REL_REDUCTION_OF_F <= FACTR*EPSMCH","result_file":"/project/temp/deferiprone_single_oral_25mgkg_designcheck_20260511/validation/design_change_n403030_wtmclustT10_nomix_site403030_nondesignquota_precisionchol_basefitbootinit_preboot_20260521/runs/scenario1/bootstrap/federated/scenario1/raw_runs/run_20260522-121903/optim_result_trial_417_20260522-122213.json","trace_file":"/project/temp/deferiprone_single_oral_25mgkg_designcheck_20260511/validation/design_change_n403030_wtmclustT10_nomix_site403030_nondesignquota_precisionchol_basefitbootinit_preboot_20260521/runs/scenario1/bootstrap/federated/scenario1/raw_runs/run_20260522-121903/optim_trace_trial_417_20260522-122213.csv","final_file":"/project/temp/deferiprone_single_oral_25mgkg_designcheck_20260511/validation/design_change_n403030_wtmclustT10_nomix_site403030_nondesignquota_precisionchol_basefitbootinit_preboot_20260521/runs/scenario1/bootstrap/federated/scenario1/raw_runs/run_20260522-121903/final_params_trial_417_20260522-122213.csv"},{"trial":418,"execution_state":"completed","converged":true,"attempts":1,"convergence":0,"value":2138.7556,"eval_fn":39,"eval_gr":39,"log_n":38,"failed_clients_n":0,"message":"CONVERGENCE: REL_REDUCTION_OF_F <= FACTR*EPSMCH","result_file":"/project/temp/deferiprone_single_oral_25mgkg_designcheck_20260511/validation/design_change_n403030_wtmclustT10_nomix_site403030_nondesignquota_precisionchol_basefitbootinit_preboot_20260521/runs/scenario1/bootstrap/federated/scenario1/raw_runs/run_20260522-121903/optim_result_trial_418_20260522-122500.json","trace_file":"/project/temp/deferiprone_single_oral_25mgkg_designcheck_20260511/validation/design_change_n403030_wtmclustT10_nomix_site403030_nondesignquota_precisionchol_basefitbootinit_preboot_20260521/runs/scenario1/bootstrap/federated/scenario1/raw_runs/run_20260522-121903/optim_trace_trial_418_20260522-122500.csv","final_file":"/project/temp/deferiprone_single_oral_25mgkg_designcheck_20260511/validation/design_change_n403030_wtmclustT10_nomix_site403030_nondesignquota_precisionchol_basefitbootinit_preboot_20260521/runs/scenario1/bootstrap/federated/scenario1/raw_runs/run_20260522-121903/final_params_trial_418_20260522-122500.csv"},{"trial":419,"execution_state":"completed","converged":true,"attempts":1,"convergence":0,"value":2135.656,"eval_fn":29,"eval_gr":29,"log_n":29,"failed_clients_n":0,"message":"CONVERGENCE: REL_REDUCTION_OF_F <= FACTR*EPSMCH","result_file":"/project/temp/deferiprone_single_oral_25mgkg_designcheck_20260511/validation/design_change_n403030_wtmclustT10_nomix_site403030_nondesignquota_precisionchol_basefitbootinit_preboot_20260521/runs/scenario1/bootstrap/federated/scenario1/raw_runs/run_20260522-121903/optim_result_trial_419_20260522-122950.json","trace_file":"/project/temp/deferiprone_single_oral_25mgkg_designcheck_20260511/validation/design_change_n403030_wtmclustT10_nomix_site403030_nondesignquota_precisionchol_basefitbootinit_preboot_20260521/runs/scenario1/bootstrap/federated/scenario1/raw_runs/run_20260522-121903/optim_trace_trial_419_20260522-122950.csv","final_file":"/project/temp/deferiprone_single_oral_25mgkg_designcheck_20260511/validation/design_change_n403030_wtmclustT10_nomix_site403030_nondesignquota_precisionchol_basefitbootinit_preboot_20260521/runs/scenario1/bootstrap/federated/scenario1/raw_runs/run_20260522-121903/final_params_trial_419_20260522-122950.csv"},{"trial":420,"execution_state":"completed","converged":true,"attempts":1,"convergence":0,"value":2232.1794,"eval_fn":34,"eval_gr":34,"log_n":34,"failed_clients_n":0,"message":"CONVERGENCE: REL_REDUCTION_OF_F <= FACTR*EPSMCH","result_file":"/project/temp/deferiprone_single_oral_25mgkg_designcheck_20260511/validation/design_change_n403030_wtmclustT10_nomix_site403030_nondesignquota_precisionchol_basefitbootinit_preboot_20260521/runs/scenario1/bootstrap/federated/scenario1/raw_runs/run_20260522-121903/optim_result_trial_420_20260522-123335.json","trace_file":"/project/temp/deferiprone_single_oral_25mgkg_designcheck_20260511/validation/design_change_n403030_wtmclustT10_nomix_site403030_nondesignquota_precisionchol_basefitbootinit_preboot_20260521/runs/scenario1/bootstrap/federated/scenario1/raw_runs/run_20260522-121903/optim_trace_trial_420_20260522-123335.csv","final_file":"/project/temp/deferiprone_single_oral_25mgkg_designcheck_20260511/validation/design_change_n403030_wtmclustT10_nomix_site403030_nondesignquota_precisionchol_basefitbootinit_preboot_20260521/runs/scenario1/bootstrap/federated/scenario1/raw_runs/run_20260522-121903/final_params_trial_420_20260522-123335.csv"}],"info":{"run_id":"20260522-121903","log_base_dir":"/project/temp/deferiprone_single_oral_25mgkg_designcheck_20260511/validation/design_change_n403030_wtmclustT10_nomix_site403030_nondesignquota_precisionchol_basefitbootinit_preboot_20260521/runs/scenario1/bootstrap/federated","scenario":"scenario1/raw_runs","total_trials":5,"successes":5,"failures":0,"nonconverged_count":0,"nonconverged_trials":[],"convergence_missing_count":0,"seed_base":4869,"B_per_client":500,"duration_sec":1139.3318371773,"host":"9a1dc021514b","image_tag":null,"communication":{"generated_at":"2026-05-22T12:37:57Z","totals":{"requests":891,"request_bytes":992277,"response_bytes":226253,"total_bytes":1218530,"retries":0},"init":{"requests":3,"request_bytes":8139,"response_bytes":1161,"total_bytes":9300,"retries":0,"median_elapsed_sec":0.36530709267},"init_round_latency":{"n_rounds":1,"median_round_wall_sec":0.369358778,"p95_round_wall_sec":0.369358778},"run":{"requests":0,"request_bytes":0,"response_bytes":0,"total_bytes":0,"retries":0,"median_elapsed_sec":"NA"},"run_bootstrap":{"requests":888,"request_bytes":984138,"response_bytes":225092,"total_bytes":1209230,"retries":0,"median_elapsed_sec":3.6631381512},"round_latency":{"n_rounds":296,"median_round_wall_sec":3.789359808,"p95_round_wall_sec":4.0622661114},"timing_split":{"n_rounds":296,"rounds_with_compute":296,"total_round_wall_sec":1127.3036735058,"total_round_compute_wall_sec":1117.537,"total_round_comm_overhead_wall_sec":9.7666735058,"comm_overhead_ratio":0.0086637467218,"compute_ratio":0.99133625328}},"communication_files":{"csv":"/project/temp/deferiprone_single_oral_25mgkg_designcheck_20260511/validation/design_change_n403030_wtmclustT10_nomix_site403030_nondesignquota_precisionchol_basefitbootinit_preboot_20260521/runs/scenario1/bootstrap/federated/scenario1/raw_runs/run_20260522-121903/comm_metrics.csv","json":"/project/temp/deferiprone_single_oral_25mgkg_designcheck_20260511/validation/design_change_n403030_wtmclustT10_nomix_site403030_nondesignquota_precisionchol_basefitbootinit_preboot_20260521/runs/scenario1/bootstrap/federated/scenario1/raw_runs/run_20260522-121903/comm_metrics.json"},"output_files":{"bootstrap_summary_csv":"/project/temp/deferiprone_single_oral_25mgkg_designcheck_20260511/validation/design_change_n403030_wtmclustT10_nomix_site403030_nondesignquota_precisionchol_basefitbootinit_preboot_20260521/runs/scenario1/bootstrap/federated/scenario1/raw_runs/run_20260522-121903/bootstrap_summary.csv","bootstrap_summary_json":"/project/temp/deferiprone_single_oral_25mgkg_designcheck_20260511/validation/design_change_n403030_wtmclustT10_nomix_site403030_nondesignquota_precisionchol_basefitbootinit_preboot_20260521/runs/scenario1/bootstrap/federated/scenario1/raw_runs/run_20260522-121903/bootstrap_summary.json","trial_status_csv":"/project/temp/deferiprone_single_oral_25mgkg_designcheck_20260511/validation/design_change_n403030_wtmclustT10_nomix_site403030_nondesignquota_precisionchol_basefitbootinit_preboot_20260521/runs/scenario1/bootstrap/federated/scenario1/raw_runs/run_20260522-121903/trial_status.csv","failed_trials_csv":"/project/temp/deferiprone_single_oral_25mgkg_designcheck_20260511/validation/design_change_n403030_wtmclustT10_nomix_site403030_nondesignquota_precisionchol_basefitbootinit_preboot_20260521/runs/scenario1/bootstrap/federated/scenario1/raw_runs/run_20260522-121903/failed_trials.csv","trial_estimates_wide_csv":"/project/temp/deferiprone_single_oral_25mgkg_designcheck_20260511/validation/design_change_n403030_wtmclustT10_nomix_site403030_nondesignquota_precisionchol_basefitbootinit_preboot_20260521/runs/scenario1/bootstrap/federated/scenario1/raw_runs/run_20260522-121903/trial_estimates_wide.csv","trial_estimates_long_csv":"/project/temp/deferiprone_single_oral_25mgkg_designcheck_20260511/validation/design_change_n403030_wtmclustT10_nomix_site403030_nondesignquota_precisionchol_basefitbootinit_preboot_20260521/runs/scenario1/bootstrap/federated/scenario1/raw_runs/run_20260522-121903/trial_estimates_long.csv","result_json":"/project/temp/deferiprone_single_oral_25mgkg_designcheck_20260511/validation/design_change_n403030_wtmclustT10_nomix_site403030_nondesignquota_precisionchol_basefitbootinit_preboot_20260521/runs/scenario1/bootstrap/federated/scenario1/raw_runs/run_20260522-121903/result.json"}}}
[Kserver-1 exited with code 0
Aborting on container exit...
 Container defboot_design_change_n403030_wtmclu_scenario1_416_420-server-1  Stopping
 Container defboot_design_change_n403030_wtmclu_scenario1_416_420-server-1  Stopped
 Container defboot_design_change_n403030_wtmclu_scenario1_416_420-client3-1  Stopping
 Container defboot_design_change_n403030_wtmclu_scenario1_416_420-client2-1  Stopping
 Container defboot_design_change_n403030_wtmclu_scenario1_416_420-client1-1  Stopping
 Container defboot_design_change_n403030_wtmclu_scenario1_416_420-client1-1  Stopped
 Container defboot_design_change_n403030_wtmclu_scenario1_416_420-client2-1  Stopped
 Container defboot_design_change_n403030_wtmclu_scenario1_416_420-client3-1  Stopped
time="2026-05-22T21:38:07+09:00" level=warning msg="The \"SERVER_CONFIG_PATH\" variable is not set. Defaulting to a blank string."
 Container defboot_design_change_n403030_wtmclu_scenario1_416_420-server-1  Stopping
 Container defboot_design_change_n403030_wtmclu_scenario1_416_420-server-1  Stopped
 Container defboot_design_change_n403030_wtmclu_scenario1_416_420-server-1  Removing
 Container defboot_design_change_n403030_wtmclu_scenario1_416_420-server-1  Removed
 Container defboot_design_change_n403030_wtmclu_scenario1_416_420-client2-1  Stopping
 Container defboot_design_change_n403030_wtmclu_scenario1_416_420-client1-1  Stopping
 Container defboot_design_change_n403030_wtmclu_scenario1_416_420-client3-1  Stopping
 Container defboot_design_change_n403030_wtmclu_scenario1_416_420-client2-1  Stopped
 Container defboot_design_change_n403030_wtmclu_scenario1_416_420-client2-1  Removing
 Container defboot_design_change_n403030_wtmclu_scenario1_416_420-client3-1  Stopped
 Container defboot_design_change_n403030_wtmclu_scenario1_416_420-client3-1  Removing
 Container defboot_design_change_n403030_wtmclu_scenario1_416_420-client1-1  Stopped
 Container defboot_design_change_n403030_wtmclu_scenario1_416_420-client1-1  Removing
 Container defboot_design_change_n403030_wtmclu_scenario1_416_420-client2-1  Removed
 Container defboot_design_change_n403030_wtmclu_scenario1_416_420-client1-1  Removed
 Container defboot_design_change_n403030_wtmclu_scenario1_416_420-client3-1  Removed
 Network defboot_design_change_n403030_wtmclu_scenario1_416_420_site1_net  Removing
 Network defboot_design_change_n403030_wtmclu_scenario1_416_420_site3_net  Removing
 Network defboot_design_change_n403030_wtmclu_scenario1_416_420_site2_net  Removing
 Network defboot_design_change_n403030_wtmclu_scenario1_416_420_site1_net  Removed
 Network defboot_design_change_n403030_wtmclu_scenario1_416_420_site2_net  Removed
 Network defboot_design_change_n403030_wtmclu_scenario1_416_420_site3_net  Removed
