time="2026-05-22T02:22:06+09:00" level=warning msg="The \"SERVER_CONFIG_PATH\" variable is not set. Defaulting to a blank string."
Compose now can delegate build to bake for better performances
Just set COMPOSE_BAKE=true
#0 building with "default" instance using docker driver

#1 [client2 internal] load build definition from Dockerfile.app
#1 transferring dockerfile: 778B done
#1 DONE 0.0s

#2 [client1 internal] load build definition from Dockerfile.app
#2 transferring dockerfile: 778B done
#2 DONE 0.0s

#3 [client3 internal] load build definition from Dockerfile.app
#3 transferring dockerfile: 778B done
#3 DONE 0.0s

#4 [client3 internal] load metadata for docker.io/fedpoppk/base:0.1.0
#4 DONE 0.0s

#5 [client2 internal] load .dockerignore
#5 transferring context: 2B done
#5 DONE 0.0s

#6 [client1 internal] load .dockerignore
#6 transferring context: 2B done
#6 DONE 0.0s

#7 [client3 1/8] FROM docker.io/fedpoppk/base:0.1.0
#7 DONE 0.0s

#8 [client3 internal] load .dockerignore
#8 transferring context: 2B done
#8 DONE 0.0s

#9 [client2 internal] load build context
#9 transferring context: 736.51kB 0.3s done
#9 DONE 0.3s

#10 [client1 internal] load build context
#10 transferring context: 736.51kB 0.3s done
#10 DONE 0.3s

#11 [client3 internal] load build context
#11 transferring context: 736.51kB 0.3s done
#11 DONE 0.3s

#12 [client1 4/8] RUN Rscript -e "options(renv.consent=TRUE, Ncpus=parallel::detectCores());                 renv::restore(prompt=FALSE)"
#12 CACHED

#13 [client1 7/8] COPY analysis/ analysis/
#13 CACHED

#14 [client1 3/8] COPY renv.lock .Rprofile renv/activate.R ./
#14 CACHED

#15 [client1 6/8] COPY R/ R/
#15 CACHED

#16 [client1 2/8] WORKDIR /project
#16 CACHED

#17 [client1 5/8] COPY apps/ apps/
#17 CACHED

#18 [client2 8/8] RUN mkdir -p /project/configs/modes /project/data /project/artifacts /project/result
#18 CACHED

#19 [client1] exporting to image
#19 exporting layers done
#19 writing image sha256:d0400f094f6ff5e7c475554d09555f3eb099519a6c0f7840ba63189b3a71ddd6 done
#19 naming to docker.io/library/defboot_design_change_n403030_wtmclu_scenario1_46_50-client1 0.0s done
#19 DONE 0.0s

#20 [client2] exporting to image
#20 exporting layers done
#20 writing image sha256:80f660a367a75824cfb0c8d3b8f3c03556350d1940fe1ff2c0d8d9c48e2aeefe done
#20 naming to docker.io/library/defboot_design_change_n403030_wtmclu_scenario1_46_50-client2 0.0s done
#20 DONE 0.0s

#21 [client3] exporting to image
#21 exporting layers done
#21 writing image sha256:70690e4115ef2675a1bdf7a68c2e25846d2ea55891441699841804e5554adf1f done
#21 naming to docker.io/library/defboot_design_change_n403030_wtmclu_scenario1_46_50-client3 0.0s done
#21 DONE 0.1s

#22 [client3] resolving provenance for metadata file
#22 DONE 0.0s

#23 [client1] resolving provenance for metadata file
#23 DONE 0.0s

#24 [client2] resolving provenance for metadata file
#24 DONE 0.0s

#25 [server internal] load build definition from Dockerfile.app
#25 transferring dockerfile: 778B done
#25 DONE 0.0s

#4 [server internal] load metadata for docker.io/fedpoppk/base:0.1.0
#4 DONE 0.0s

#26 [server internal] load .dockerignore
#26 transferring context: 2B done
#26 DONE 0.0s

#7 [server 1/8] FROM docker.io/fedpoppk/base:0.1.0
#7 DONE 0.0s

#27 [server internal] load build context
#27 transferring context: 736.51kB 0.3s done
#27 DONE 0.3s

#28 [server 3/8] COPY renv.lock .Rprofile renv/activate.R ./
#28 CACHED

#29 [server 4/8] RUN Rscript -e "options(renv.consent=TRUE, Ncpus=parallel::detectCores());                 renv::restore(prompt=FALSE)"
#29 CACHED

#30 [server 7/8] COPY analysis/ analysis/
#30 CACHED

#16 [server 2/8] WORKDIR /project
#16 CACHED

#31 [server 5/8] COPY apps/ apps/
#31 CACHED

#32 [server 6/8] COPY R/ R/
#32 CACHED

#33 [server 8/8] RUN mkdir -p /project/configs/modes /project/data /project/artifacts /project/result
#33 CACHED

#34 [server] exporting to image
#34 exporting layers done
#34 writing image sha256:0f539c99a7f0e0ef2499cdd97dab98cc4c66c86827924944a5e12fec8772e860 done
#34 naming to docker.io/library/defboot_design_change_n403030_wtmclu_scenario1_46_50-server 0.0s done
#34 DONE 0.0s

#35 [server] resolving provenance for metadata file
#35 DONE 0.0s
 client1  Built
 client2  Built
 client3  Built
 server  Built
 Network defboot_design_change_n403030_wtmclu_scenario1_46_50_site1_net  Creating
 Network defboot_design_change_n403030_wtmclu_scenario1_46_50_site1_net  Created
 Network defboot_design_change_n403030_wtmclu_scenario1_46_50_site2_net  Creating
 Network defboot_design_change_n403030_wtmclu_scenario1_46_50_site2_net  Created
 Network defboot_design_change_n403030_wtmclu_scenario1_46_50_site3_net  Creating
 Network defboot_design_change_n403030_wtmclu_scenario1_46_50_site3_net  Created
 Container defboot_design_change_n403030_wtmclu_scenario1_46_50-client1-1  Creating
 Container defboot_design_change_n403030_wtmclu_scenario1_46_50-client3-1  Creating
 Container defboot_design_change_n403030_wtmclu_scenario1_46_50-client2-1  Creating
 Container defboot_design_change_n403030_wtmclu_scenario1_46_50-client2-1  Created
 Container defboot_design_change_n403030_wtmclu_scenario1_46_50-client3-1  Created
 Container defboot_design_change_n403030_wtmclu_scenario1_46_50-client1-1  Created
 Container defboot_design_change_n403030_wtmclu_scenario1_46_50-server-1  Creating
 Container defboot_design_change_n403030_wtmclu_scenario1_46_50-server-1  Created
Attaching to client1-1, client2-1, client3-1, server-1
client1-1  | Running plumber API at http://0.0.0.0:8000
client1-1  | Running swagger Docs at http://127.0.0.1:8000/__docs__/
client3-1  | Running plumber API at http://0.0.0.0:8000
client3-1  | Running swagger Docs at http://127.0.0.1:8000/__docs__/
client2-1  | Running plumber API at http://0.0.0.0:8000
client2-1  | Running swagger Docs at http://127.0.0.1:8000/__docs__/
client1-1  | ℹ parameter labels from comments are typically ignored in non-interactive mode
client1-1  | ℹ Need to run with the source intact to parse comments
client2-1  | ℹ parameter labels from comments are typically ignored in non-interactive mode
client2-1  | ℹ Need to run with the source intact to parse comments
client3-1  | ℹ parameter labels from comments are typically ignored in non-interactive mode
client3-1  | ℹ Need to run with the source intact to parse comments
server-1   | [send_init] http://client1:8000 init succeeded
server-1   | [send_init] http://client3:8000 init succeeded
server-1   | [send_init] http://client2:8000 init succeeded
server-1   | {"schema":{"schema_version":"1.1.0","generated_at":"2026-05-21T17:22:15Z","config_path":"/project/configs/../temp/deferiprone_single_oral_25mgkg_designcheck_20260511/validation/design_change_n403030_wtmclustT10_nomix_site403030_nondesignquota_precisionchol_basefitbootinit_preboot_20260521/configs/resolved/scenario1_bootstrap.json","config_md5":"9d7556058a6c3cb18af9ad7ffdd7076b","seed":4869,"host":"2be655a6f1be","pid":1,"image_tag":null,"git_sha":null,"git_dirty":null},"aggregation":{"ci_method":"percentile","ci_level":0.95,"quantile_type":7,"estimates_scale":"natural"},"summary":[{"parameter":"(etaLcl,etaLvc)","median":0.058005016114,"p2.5":0.053422268603,"p97.5":0.069802261477},{"parameter":"CcPropSd","median":0.35854151801,"p2.5":0.32632365794,"p97.5":0.37204262999},{"parameter":"etaLcl","median":0.1105271104,"p2.5":0.086063644861,"p97.5":0.12414064543},{"parameter":"etaLvc","median":0.03598831833,"p2.5":0.028365207231,"p97.5":0.04297043728},{"parameter":"lcl","median":2.1866694471,"p2.5":2.1676105671,"p97.5":2.2511733829},{"parameter":"lka","median":2.3140968478,"p2.5":1.9709818592,"p97.5":2.4068005351},{"parameter":"lvc","median":2.9546214685,"p2.5":2.9369110651,"p97.5":3.0619050374},{"parameter":"rho_(etaLcl,etaLvc)","median":0.97875031948,"p2.5":0.9731847208,"p97.5":0.98209513062}],"runs":[{"tag":"trial_046_20260521-172215","value":2169.9331,"counts":[18,18],"control":{"maxit":100,"factr":1000000000,"pgtol":0,"trace":0,"method":"L-BFGS-B"},"convergence":0,"message":"CONVERGENCE: REL_REDUCTION_OF_F <= FACTR*EPSMCH","nat_par":{"lka":2.1651544326,"lcl":2.1800507003,"lvc":2.9546214685,"CcPropSd":0.34192788287,"etaLcl":0.084782429417,"etaLvc":0.035131056616,"(etaLcl,etaLvc)":0.053387764645,"rho_(etaLcl,etaLvc)":0.97823501234},"failed_clients":[],"attempt":1,"files":{"result":"/project/temp/deferiprone_single_oral_25mgkg_designcheck_20260511/validation/design_change_n403030_wtmclustT10_nomix_site403030_nondesignquota_precisionchol_basefitbootinit_preboot_20260521/runs/scenario1/bootstrap/federated/scenario1/raw_runs/run_20260521-172215/optim_result_trial_046_20260521-172215.json","trace":"/project/temp/deferiprone_single_oral_25mgkg_designcheck_20260511/validation/design_change_n403030_wtmclustT10_nomix_site403030_nondesignquota_precisionchol_basefitbootinit_preboot_20260521/runs/scenario1/bootstrap/federated/scenario1/raw_runs/run_20260521-172215/optim_trace_trial_046_20260521-172215.csv","final":"/project/temp/deferiprone_single_oral_25mgkg_designcheck_20260511/validation/design_change_n403030_wtmclustT10_nomix_site403030_nondesignquota_precisionchol_basefitbootinit_preboot_20260521/runs/scenario1/bootstrap/federated/scenario1/raw_runs/run_20260521-172215/final_params_trial_046_20260521-172215.csv"},"log_n":18,"execution_state":"completed","trial":46,"attempts":1},{"tag":"trial_047_20260521-172431","value":2220.3581,"counts":[40,40],"control":{"maxit":100,"factr":1000000000,"pgtol":0,"trace":0,"method":"L-BFGS-B"},"convergence":0,"message":"CONVERGENCE: REL_REDUCTION_OF_F <= FACTR*EPSMCH","nat_par":{"lka":1.9494071288,"lcl":2.1662283301,"lvc":2.9358190326,"CcPropSd":0.36319538435,"etaLcl":0.097594583858,"etaLvc":0.03598831833,"(etaLcl,etaLvc)":0.058005016114,"rho_(etaLcl,etaLvc)":0.97875031948},"failed_clients":[],"attempt":1,"files":{"result":"/project/temp/deferiprone_single_oral_25mgkg_designcheck_20260511/validation/design_change_n403030_wtmclustT10_nomix_site403030_nondesignquota_precisionchol_basefitbootinit_preboot_20260521/runs/scenario1/bootstrap/federated/scenario1/raw_runs/run_20260521-172215/optim_result_trial_047_20260521-172431.json","trace":"/project/temp/deferiprone_single_oral_25mgkg_designcheck_20260511/validation/design_change_n403030_wtmclustT10_nomix_site403030_nondesignquota_precisionchol_basefitbootinit_preboot_20260521/runs/scenario1/bootstrap/federated/scenario1/raw_runs/run_20260521-172215/optim_trace_trial_047_20260521-172431.csv","final":"/project/temp/deferiprone_single_oral_25mgkg_designcheck_20260511/validation/design_change_n403030_wtmclustT10_nomix_site403030_nondesignquota_precisionchol_basefitbootinit_preboot_20260521/runs/scenario1/bootstrap/federated/scenario1/raw_runs/run_20260521-172215/final_params_trial_047_20260521-172431.csv"},"log_n":40,"execution_state":"completed","trial":47,"attempts":1},{"tag":"trial_048_20260521-172934","value":2243.7502,"counts":[23,23],"control":{"maxit":100,"factr":1000000000,"pgtol":0,"trace":0,"method":"L-BFGS-B"},"convergence":0,"message":"CONVERGENCE: REL_REDUCTION_OF_F <= FACTR*EPSMCH","nat_par":{"lka":2.3325016186,"lcl":2.2118655246,"lvc":2.9915975189,"CcPropSd":0.37302565729,"etaLcl":0.12495327242,"etaLvc":0.038977681767,"(etaLcl,etaLvc)":0.068416851242,"rho_(etaLcl,etaLvc)":0.98035024739},"failed_clients":[],"attempt":1,"files":{"result":"/project/temp/deferiprone_single_oral_25mgkg_designcheck_20260511/validation/design_change_n403030_wtmclustT10_nomix_site403030_nondesignquota_precisionchol_basefitbootinit_preboot_20260521/runs/scenario1/bootstrap/federated/scenario1/raw_runs/run_20260521-172215/optim_result_trial_048_20260521-172934.json","trace":"/project/temp/deferiprone_single_oral_25mgkg_designcheck_20260511/validation/design_change_n403030_wtmclustT10_nomix_site403030_nondesignquota_precisionchol_basefitbootinit_preboot_20260521/runs/scenario1/bootstrap/federated/scenario1/raw_runs/run_20260521-172215/optim_trace_trial_048_20260521-172934.csv","final":"/project/temp/deferiprone_single_oral_25mgkg_designcheck_20260511/validation/design_change_n403030_wtmclustT10_nomix_site403030_nondesignquota_precisionchol_basefitbootinit_preboot_20260521/runs/scenario1/bootstrap/federated/scenario1/raw_runs/run_20260521-172215/final_params_trial_048_20260521-172934.csv"},"log_n":23,"execution_state":"completed","trial":48,"attempts":1},{"tag":"trial_049_20260521-173230","value":2189.1102,"counts":[21,21],"control":{"maxit":100,"factr":1000000000,"pgtol":0,"trace":0,"method":"L-BFGS-B"},"convergence":0,"message":"CONVERGENCE: REL_REDUCTION_OF_F <= FACTR*EPSMCH","nat_par":{"lka":2.3140968478,"lcl":2.2555409228,"lvc":3.0697169839,"CcPropSd":0.35854151801,"etaLcl":0.1105271104,"etaLvc":0.027613446188,"(etaLcl,etaLvc)":0.053732804231,"rho_(etaLcl,etaLvc)":0.97262357729},"failed_clients":[],"attempt":1,"files":{"result":"/project/temp/deferiprone_single_oral_25mgkg_designcheck_20260511/validation/design_change_n403030_wtmclustT10_nomix_site403030_nondesignquota_precisionchol_basefitbootinit_preboot_20260521/runs/scenario1/bootstrap/federated/scenario1/raw_runs/run_20260521-172215/optim_result_trial_049_20260521-173230.json","trace":"/project/temp/deferiprone_single_oral_25mgkg_designcheck_20260511/validation/design_change_n403030_wtmclustT10_nomix_site403030_nondesignquota_precisionchol_basefitbootinit_preboot_20260521/runs/scenario1/bootstrap/federated/scenario1/raw_runs/run_20260521-172215/optim_trace_trial_049_20260521-173230.csv","final":"/project/temp/deferiprone_single_oral_25mgkg_designcheck_20260511/validation/design_change_n403030_wtmclustT10_nomix_site403030_nondesignquota_precisionchol_basefitbootinit_preboot_20260521/runs/scenario1/bootstrap/federated/scenario1/raw_runs/run_20260521-172215/final_params_trial_049_20260521-173230.csv"},"log_n":21,"execution_state":"completed","trial":49,"attempts":1},{"tag":"trial_050_20260521-173511","value":2184.2546,"counts":[18,18],"control":{"maxit":100,"factr":1000000000,"pgtol":0,"trace":0,"method":"L-BFGS-B"},"convergence":0,"message":"CONVERGENCE: REL_REDUCTION_OF_F <= FACTR*EPSMCH","nat_par":{"lka":2.4150559703,"lcl":2.1866694471,"lvc":2.9467393579,"CcPropSd":0.32458985517,"etaLcl":0.1168270025,"etaLvc":0.043414076781,"(etaLcl,etaLvc)":0.069956195947,"rho_(etaLcl,etaLvc)":0.98228900654},"failed_clients":[],"attempt":1,"files":{"result":"/project/temp/deferiprone_single_oral_25mgkg_designcheck_20260511/validation/design_change_n403030_wtmclustT10_nomix_site403030_nondesignquota_precisionchol_basefitbootinit_preboot_20260521/runs/scenario1/bootstrap/federated/scenario1/raw_runs/run_20260521-172215/optim_result_trial_050_20260521-173511.json","trace":"/project/temp/deferiprone_single_oral_25mgkg_designcheck_20260511/validation/design_change_n403030_wtmclustT10_nomix_site403030_nondesignquota_precisionchol_basefitbootinit_preboot_20260521/runs/scenario1/bootstrap/federated/scenario1/raw_runs/run_20260521-172215/optim_trace_trial_050_20260521-173511.csv","final":"/project/temp/deferiprone_single_oral_25mgkg_designcheck_20260511/validation/design_change_n403030_wtmclustT10_nomix_site403030_nondesignquota_precisionchol_basefitbootinit_preboot_20260521/runs/scenario1/bootstrap/federated/scenario1/raw_runs/run_20260521-172215/final_params_trial_050_20260521-173511.csv"},"log_n":18,"execution_state":"completed","trial":50,"attempts":1}],"trial_status":[{"trial":46,"execution_state":"completed","converged":true,"attempts":1,"convergence":0,"value":2169.9331,"eval_fn":18,"eval_gr":18,"log_n":18,"failed_clients_n":0,"message":"CONVERGENCE: REL_REDUCTION_OF_F <= FACTR*EPSMCH","result_file":"/project/temp/deferiprone_single_oral_25mgkg_designcheck_20260511/validation/design_change_n403030_wtmclustT10_nomix_site403030_nondesignquota_precisionchol_basefitbootinit_preboot_20260521/runs/scenario1/bootstrap/federated/scenario1/raw_runs/run_20260521-172215/optim_result_trial_046_20260521-172215.json","trace_file":"/project/temp/deferiprone_single_oral_25mgkg_designcheck_20260511/validation/design_change_n403030_wtmclustT10_nomix_site403030_nondesignquota_precisionchol_basefitbootinit_preboot_20260521/runs/scenario1/bootstrap/federated/scenario1/raw_runs/run_20260521-172215/optim_trace_trial_046_20260521-172215.csv","final_file":"/project/temp/deferiprone_single_oral_25mgkg_designcheck_20260511/validation/design_change_n403030_wtmclustT10_nomix_site403030_nondesignquota_precisionchol_basefitbootinit_preboot_20260521/runs/scenario1/bootstrap/federated/scenario1/raw_runs/run_20260521-172215/final_params_trial_046_20260521-172215.csv"},{"trial":47,"execution_state":"completed","converged":true,"attempts":1,"convergence":0,"value":2220.3581,"eval_fn":40,"eval_gr":40,"log_n":40,"failed_clients_n":0,"message":"CONVERGENCE: REL_REDUCTION_OF_F <= FACTR*EPSMCH","result_file":"/project/temp/deferiprone_single_oral_25mgkg_designcheck_20260511/validation/design_change_n403030_wtmclustT10_nomix_site403030_nondesignquota_precisionchol_basefitbootinit_preboot_20260521/runs/scenario1/bootstrap/federated/scenario1/raw_runs/run_20260521-172215/optim_result_trial_047_20260521-172431.json","trace_file":"/project/temp/deferiprone_single_oral_25mgkg_designcheck_20260511/validation/design_change_n403030_wtmclustT10_nomix_site403030_nondesignquota_precisionchol_basefitbootinit_preboot_20260521/runs/scenario1/bootstrap/federated/scenario1/raw_runs/run_20260521-172215/optim_trace_trial_047_20260521-172431.csv","final_file":"/project/temp/deferiprone_single_oral_25mgkg_designcheck_20260511/validation/design_change_n403030_wtmclustT10_nomix_site403030_nondesignquota_precisionchol_basefitbootinit_preboot_20260521/runs/scenario1/bootstrap/federated/scenario1/raw_runs/run_20260521-172215/final_params_trial_047_20260521-172431.csv"},{"trial":48,"execution_state":"completed","converged":true,"attempts":1,"convergence":0,"value":2243.7502,"eval_fn":23,"eval_gr":23,"log_n":23,"failed_clients_n":0,"message":"CONVERGENCE: REL_REDUCTION_OF_F <= FACTR*EPSMCH","result_file":"/project/temp/deferiprone_single_oral_25mgkg_designcheck_20260511/validation/design_change_n403030_wtmclustT10_nomix_site403030_nondesignquota_precisionchol_basefitbootinit_preboot_20260521/runs/scenario1/bootstrap/federated/scenario1/raw_runs/run_20260521-172215/optim_result_trial_048_20260521-172934.json","trace_file":"/project/temp/deferiprone_single_oral_25mgkg_designcheck_20260511/validation/design_change_n403030_wtmclustT10_nomix_site403030_nondesignquota_precisionchol_basefitbootinit_preboot_20260521/runs/scenario1/bootstrap/federated/scenario1/raw_runs/run_20260521-172215/optim_trace_trial_048_20260521-172934.csv","final_file":"/project/temp/deferiprone_single_oral_25mgkg_designcheck_20260511/validation/design_change_n403030_wtmclustT10_nomix_site403030_nondesignquota_precisionchol_basefitbootinit_preboot_20260521/runs/scenario1/bootstrap/federated/scenario1/raw_runs/run_20260521-172215/final_params_trial_048_20260521-172934.csv"},{"trial":49,"execution_state":"completed","converged":true,"attempts":1,"convergence":0,"value":2189.1102,"eval_fn":21,"eval_gr":21,"log_n":21,"failed_clients_n":0,"message":"CONVERGENCE: REL_REDUCTION_OF_F <= FACTR*EPSMCH","result_file":"/project/temp/deferiprone_single_oral_25mgkg_designcheck_20260511/validation/design_change_n403030_wtmclustT10_nomix_site403030_nondesignquota_precisionchol_basefitbootinit_preboot_20260521/runs/scenario1/bootstrap/federated/scenario1/raw_runs/run_20260521-172215/optim_result_trial_049_20260521-173230.json","trace_file":"/project/temp/deferiprone_single_oral_25mgkg_designcheck_20260511/validation/design_change_n403030_wtmclustT10_nomix_site403030_nondesignquota_precisionchol_basefitbootinit_preboot_20260521/runs/scenario1/bootstrap/federated/scenario1/raw_runs/run_20260521-172215/optim_trace_trial_049_20260521-173230.csv","final_file":"/project/temp/deferiprone_single_oral_25mgkg_designcheck_20260511/validation/design_change_n403030_wtmclustT10_nomix_site403030_nondesignquota_precisionchol_basefitbootinit_preboot_20260521/runs/scenario1/bootstrap/federated/scenario1/raw_runs/run_20260521-172215/final_params_trial_049_20260521-173230.csv"},{"trial":50,"execution_state":"completed","converged":true,"attempts":1,"convergence":0,"value":2184.2546,"eval_fn":18,"eval_gr":18,"log_n":18,"failed_clients_n":0,"message":"CONVERGENCE: REL_REDUCTION_OF_F <= FACTR*EPSMCH","result_file":"/project/temp/deferiprone_single_oral_25mgkg_designcheck_20260511/validation/design_change_n403030_wtmclustT10_nomix_site403030_nondesignquota_precisionchol_basefitbootinit_preboot_20260521/runs/scenario1/bootstrap/federated/scenario1/raw_runs/run_20260521-172215/optim_result_trial_050_20260521-173511.json","trace_file":"/project/temp/deferiprone_single_oral_25mgkg_designcheck_20260511/validation/design_change_n403030_wtmclustT10_nomix_site403030_nondesignquota_precisionchol_basefitbootinit_preboot_20260521/runs/scenario1/bootstrap/federated/scenario1/raw_runs/run_20260521-172215/optim_trace_trial_050_20260521-173511.csv","final_file":"/project/temp/deferiprone_single_oral_25mgkg_designcheck_20260511/validation/design_change_n403030_wtmclustT10_nomix_site403030_nondesignquota_precisionchol_basefitbootinit_preboot_20260521/runs/scenario1/bootstrap/federated/scenario1/raw_runs/run_20260521-172215/final_params_trial_050_20260521-173511.csv"}],"info":{"run_id":"20260521-172215","log_base_dir":"/project/temp/deferiprone_single_oral_25mgkg_designcheck_20260511/validation/design_change_n403030_wtmclustT10_nomix_site403030_nondesignquota_precisionchol_basefitbootinit_preboot_20260521/runs/scenario1/bootstrap/federated","scenario":"scenario1/raw_runs","total_trials":5,"successes":5,"failures":0,"nonconverged_count":0,"nonconverged_trials":[],"convergence_missing_count":0,"seed_base":4869,"B_per_client":500,"duration_sec":921.8215363026,"host":"2be655a6f1be","image_tag":null,"communication":{"generated_at":"2026-05-21T17:37:31Z","totals":{"requests":723,"request_bytes":805419,"response_bytes":183516,"total_bytes":988935,"retries":0},"init":{"requests":3,"request_bytes":8139,"response_bytes":1161,"total_bytes":9300,"retries":0,"median_elapsed_sec":0.36703753471},"init_round_latency":{"n_rounds":1,"median_round_wall_sec":0.37429976463,"p95_round_wall_sec":0.37429976463},"run":{"requests":0,"request_bytes":0,"response_bytes":0,"total_bytes":0,"retries":0,"median_elapsed_sec":"NA"},"run_bootstrap":{"requests":720,"request_bytes":797280,"response_bytes":182355,"total_bytes":979635,"retries":0,"median_elapsed_sec":3.6531146765},"round_latency":{"n_rounds":240,"median_round_wall_sec":3.7762058973,"p95_round_wall_sec":4.0667515397},"timing_split":{"n_rounds":240,"rounds_with_compute":240,"total_round_wall_sec":910.8701591492,"total_round_compute_wall_sec":902.853,"total_round_comm_overhead_wall_sec":8.0171591492,"comm_overhead_ratio":0.0088016486967,"compute_ratio":0.9911983513}},"communication_files":{"csv":"/project/temp/deferiprone_single_oral_25mgkg_designcheck_20260511/validation/design_change_n403030_wtmclustT10_nomix_site403030_nondesignquota_precisionchol_basefitbootinit_preboot_20260521/runs/scenario1/bootstrap/federated/scenario1/raw_runs/run_20260521-172215/comm_metrics.csv","json":"/project/temp/deferiprone_single_oral_25mgkg_designcheck_20260511/validation/design_change_n403030_wtmclustT10_nomix_site403030_nondesignquota_precisionchol_basefitbootinit_preboot_20260521/runs/scenario1/bootstrap/federated/scenario1/raw_runs/run_20260521-172215/comm_metrics.json"},"output_files":{"bootstrap_summary_csv":"/project/temp/deferiprone_single_oral_25mgkg_designcheck_20260511/validation/design_change_n403030_wtmclustT10_nomix_site403030_nondesignquota_precisionchol_basefitbootinit_preboot_20260521/runs/scenario1/bootstrap/federated/scenario1/raw_runs/run_20260521-172215/bootstrap_summary.csv","bootstrap_summary_json":"/project/temp/deferiprone_single_oral_25mgkg_designcheck_20260511/validation/design_change_n403030_wtmclustT10_nomix_site403030_nondesignquota_precisionchol_basefitbootinit_preboot_20260521/runs/scenario1/bootstrap/federated/scenario1/raw_runs/run_20260521-172215/bootstrap_summary.json","trial_status_csv":"/project/temp/deferiprone_single_oral_25mgkg_designcheck_20260511/validation/design_change_n403030_wtmclustT10_nomix_site403030_nondesignquota_precisionchol_basefitbootinit_preboot_20260521/runs/scenario1/bootstrap/federated/scenario1/raw_runs/run_20260521-172215/trial_status.csv","failed_trials_csv":"/project/temp/deferiprone_single_oral_25mgkg_designcheck_20260511/validation/design_change_n403030_wtmclustT10_nomix_site403030_nondesignquota_precisionchol_basefitbootinit_preboot_20260521/runs/scenario1/bootstrap/federated/scenario1/raw_runs/run_20260521-172215/failed_trials.csv","trial_estimates_wide_csv":"/project/temp/deferiprone_single_oral_25mgkg_designcheck_20260511/validation/design_change_n403030_wtmclustT10_nomix_site403030_nondesignquota_precisionchol_basefitbootinit_preboot_20260521/runs/scenario1/bootstrap/federated/scenario1/raw_runs/run_20260521-172215/trial_estimates_wide.csv","trial_estimates_long_csv":"/project/temp/deferiprone_single_oral_25mgkg_designcheck_20260511/validation/design_change_n403030_wtmclustT10_nomix_site403030_nondesignquota_precisionchol_basefitbootinit_preboot_20260521/runs/scenario1/bootstrap/federated/scenario1/raw_runs/run_20260521-172215/trial_estimates_long.csv","result_json":"/project/temp/deferiprone_single_oral_25mgkg_designcheck_20260511/validation/design_change_n403030_wtmclustT10_nomix_site403030_nondesignquota_precisionchol_basefitbootinit_preboot_20260521/runs/scenario1/bootstrap/federated/scenario1/raw_runs/run_20260521-172215/result.json"}}}
[Kserver-1 exited with code 0
Aborting on container exit...
 Container defboot_design_change_n403030_wtmclu_scenario1_46_50-server-1  Stopping
 Container defboot_design_change_n403030_wtmclu_scenario1_46_50-server-1  Stopped
 Container defboot_design_change_n403030_wtmclu_scenario1_46_50-client3-1  Stopping
 Container defboot_design_change_n403030_wtmclu_scenario1_46_50-client1-1  Stopping
 Container defboot_design_change_n403030_wtmclu_scenario1_46_50-client2-1  Stopping
 Container defboot_design_change_n403030_wtmclu_scenario1_46_50-client1-1  Stopped
 Container defboot_design_change_n403030_wtmclu_scenario1_46_50-client2-1  Stopped
 Container defboot_design_change_n403030_wtmclu_scenario1_46_50-client3-1  Stopped
time="2026-05-22T02:37:41+09:00" level=warning msg="The \"SERVER_CONFIG_PATH\" variable is not set. Defaulting to a blank string."
 Container defboot_design_change_n403030_wtmclu_scenario1_46_50-server-1  Stopping
 Container defboot_design_change_n403030_wtmclu_scenario1_46_50-server-1  Stopped
 Container defboot_design_change_n403030_wtmclu_scenario1_46_50-server-1  Removing
 Container defboot_design_change_n403030_wtmclu_scenario1_46_50-server-1  Removed
 Container defboot_design_change_n403030_wtmclu_scenario1_46_50-client3-1  Stopping
 Container defboot_design_change_n403030_wtmclu_scenario1_46_50-client1-1  Stopping
 Container defboot_design_change_n403030_wtmclu_scenario1_46_50-client2-1  Stopping
 Container defboot_design_change_n403030_wtmclu_scenario1_46_50-client3-1  Stopped
 Container defboot_design_change_n403030_wtmclu_scenario1_46_50-client3-1  Removing
 Container defboot_design_change_n403030_wtmclu_scenario1_46_50-client2-1  Stopped
 Container defboot_design_change_n403030_wtmclu_scenario1_46_50-client2-1  Removing
 Container defboot_design_change_n403030_wtmclu_scenario1_46_50-client1-1  Stopped
 Container defboot_design_change_n403030_wtmclu_scenario1_46_50-client1-1  Removing
 Container defboot_design_change_n403030_wtmclu_scenario1_46_50-client3-1  Removed
 Container defboot_design_change_n403030_wtmclu_scenario1_46_50-client1-1  Removed
 Container defboot_design_change_n403030_wtmclu_scenario1_46_50-client2-1  Removed
 Network defboot_design_change_n403030_wtmclu_scenario1_46_50_site1_net  Removing
 Network defboot_design_change_n403030_wtmclu_scenario1_46_50_site3_net  Removing
 Network defboot_design_change_n403030_wtmclu_scenario1_46_50_site2_net  Removing
 Network defboot_design_change_n403030_wtmclu_scenario1_46_50_site1_net  Removed
 Network defboot_design_change_n403030_wtmclu_scenario1_46_50_site3_net  Removed
 Network defboot_design_change_n403030_wtmclu_scenario1_46_50_site2_net  Removed
