time="2026-05-22T00:51:25+09:00" level=warning msg="The \"SERVER_CONFIG_PATH\" variable is not set. Defaulting to a blank string."
Compose now can delegate build to bake for better performances
Just set COMPOSE_BAKE=true
#0 building with "default" instance using docker driver

#1 [client3 internal] load build definition from Dockerfile.app
#1 transferring dockerfile: 778B done
#1 DONE 0.0s

#2 [client2 internal] load build definition from Dockerfile.app
#2 transferring dockerfile: 778B done
#2 DONE 0.0s

#3 [client1 internal] load build definition from Dockerfile.app
#3 transferring dockerfile: 778B done
#3 DONE 0.0s

#4 [client1 internal] load metadata for docker.io/fedpoppk/base:0.1.0
#4 DONE 0.0s

#5 [client3 internal] load .dockerignore
#5 transferring context: 2B done
#5 DONE 0.0s

#6 [client1 1/8] FROM docker.io/fedpoppk/base:0.1.0
#6 DONE 0.0s

#7 [client2 internal] load .dockerignore
#7 transferring context: 2B done
#7 DONE 0.0s

#8 [client1 internal] load .dockerignore
#8 transferring context: 2B done
#8 DONE 0.0s

#9 [client3 internal] load build context
#9 transferring context: 736.51kB 0.3s done
#9 DONE 0.3s

#10 [client2 internal] load build context
#10 transferring context: 736.51kB 0.3s done
#10 DONE 0.3s

#11 [client1 internal] load build context
#11 transferring context: 736.51kB 0.3s done
#11 DONE 0.3s

#12 [client2 4/8] RUN Rscript -e "options(renv.consent=TRUE, Ncpus=parallel::detectCores());                 renv::restore(prompt=FALSE)"
#12 CACHED

#13 [client2 5/8] COPY apps/ apps/
#13 CACHED

#14 [client2 7/8] COPY analysis/ analysis/
#14 CACHED

#15 [client2 6/8] COPY R/ R/
#15 CACHED

#16 [client2 3/8] COPY renv.lock .Rprofile renv/activate.R ./
#16 CACHED

#17 [client2 2/8] WORKDIR /project
#17 CACHED

#18 [client3 8/8] RUN mkdir -p /project/configs/modes /project/data /project/artifacts /project/result
#18 CACHED

#19 [client2] exporting to image
#19 exporting layers done
#19 writing image sha256:890f1f51ce8a30ddb66ac9b985abdc18ab1974417952c5c190a03bf42e37c20e done
#19 naming to docker.io/library/defboot_design_change_n403030_wtmclu_scenario1_16_20-client2 0.0s done
#19 DONE 0.0s

#20 [client3] exporting to image
#20 exporting layers done
#20 writing image sha256:8f10c861cec0f5780a8b51d14b45748511b4ee02f315d8b0751b473b6580cbf6 done
#20 naming to docker.io/library/defboot_design_change_n403030_wtmclu_scenario1_16_20-client3 0.0s done
#20 DONE 0.0s

#21 [client1] exporting to image
#21 exporting layers done
#21 writing image sha256:ce388c8d39964cd791f8d401c605161260cc382915acc1521ef98ecf28d3876a done
#21 naming to docker.io/library/defboot_design_change_n403030_wtmclu_scenario1_16_20-client1 0.0s done
#21 DONE 0.1s

#22 [client2] resolving provenance for metadata file
#22 DONE 0.0s

#23 [client3] resolving provenance for metadata file
#23 DONE 0.0s

#24 [client1] resolving provenance for metadata file
#24 DONE 0.0s

#25 [server internal] load build definition from Dockerfile.app
#25 transferring dockerfile: 778B done
#25 DONE 0.0s

#4 [server internal] load metadata for docker.io/fedpoppk/base:0.1.0
#4 DONE 0.0s

#26 [server internal] load .dockerignore
#26 transferring context: 2B done
#26 DONE 0.0s

#6 [server 1/8] FROM docker.io/fedpoppk/base:0.1.0
#6 DONE 0.0s

#27 [server internal] load build context
#27 transferring context: 736.51kB 0.3s done
#27 DONE 0.3s

#28 [server 4/8] RUN Rscript -e "options(renv.consent=TRUE, Ncpus=parallel::detectCores());                 renv::restore(prompt=FALSE)"
#28 CACHED

#29 [server 6/8] COPY R/ R/
#29 CACHED

#30 [server 7/8] COPY analysis/ analysis/
#30 CACHED

#31 [server 5/8] COPY apps/ apps/
#31 CACHED

#32 [server 3/8] COPY renv.lock .Rprofile renv/activate.R ./
#32 CACHED

#17 [server 2/8] WORKDIR /project
#17 CACHED

#33 [server 8/8] RUN mkdir -p /project/configs/modes /project/data /project/artifacts /project/result
#33 CACHED

#34 [server] exporting to image
#34 exporting layers done
#34 writing image sha256:f8a7e1f72c6e403a65ecbd476437fe24b00919285bf23096bae17a275458dec0 done
#34 naming to docker.io/library/defboot_design_change_n403030_wtmclu_scenario1_16_20-server 0.0s done
#34 DONE 0.0s

#35 [server] resolving provenance for metadata file
#35 DONE 0.0s
 client1  Built
 client2  Built
 client3  Built
 server  Built
 Network defboot_design_change_n403030_wtmclu_scenario1_16_20_site3_net  Creating
 Network defboot_design_change_n403030_wtmclu_scenario1_16_20_site3_net  Created
 Network defboot_design_change_n403030_wtmclu_scenario1_16_20_site2_net  Creating
 Network defboot_design_change_n403030_wtmclu_scenario1_16_20_site2_net  Created
 Network defboot_design_change_n403030_wtmclu_scenario1_16_20_site1_net  Creating
 Network defboot_design_change_n403030_wtmclu_scenario1_16_20_site1_net  Created
 Container defboot_design_change_n403030_wtmclu_scenario1_16_20-client3-1  Creating
 Container defboot_design_change_n403030_wtmclu_scenario1_16_20-client2-1  Creating
 Container defboot_design_change_n403030_wtmclu_scenario1_16_20-client1-1  Creating
 Container defboot_design_change_n403030_wtmclu_scenario1_16_20-client2-1  Created
 Container defboot_design_change_n403030_wtmclu_scenario1_16_20-client3-1  Created
 Container defboot_design_change_n403030_wtmclu_scenario1_16_20-client1-1  Created
 Container defboot_design_change_n403030_wtmclu_scenario1_16_20-server-1  Creating
 Container defboot_design_change_n403030_wtmclu_scenario1_16_20-server-1  Created
Attaching to client1-1, client2-1, client3-1, server-1
client3-1  | Running plumber API at http://0.0.0.0:8000
client3-1  | Running swagger Docs at http://127.0.0.1:8000/__docs__/
client2-1  | Running plumber API at http://0.0.0.0:8000
client2-1  | Running swagger Docs at http://127.0.0.1:8000/__docs__/
client1-1  | Running plumber API at http://0.0.0.0:8000
client1-1  | Running swagger Docs at http://127.0.0.1:8000/__docs__/
client1-1  | ℹ parameter labels from comments are typically ignored in non-interactive mode
client1-1  | ℹ Need to run with the source intact to parse comments
client2-1  | ℹ parameter labels from comments are typically ignored in non-interactive mode
client2-1  | ℹ Need to run with the source intact to parse comments
client3-1  | ℹ parameter labels from comments are typically ignored in non-interactive mode
client3-1  | ℹ Need to run with the source intact to parse comments
server-1   | [send_init] http://client1:8000 init succeeded
server-1   | [send_init] http://client2:8000 init succeeded
server-1   | [send_init] http://client3:8000 init succeeded
server-1   | {"schema":{"schema_version":"1.1.0","generated_at":"2026-05-21T15:51:34Z","config_path":"/project/configs/../temp/deferiprone_single_oral_25mgkg_designcheck_20260511/validation/design_change_n403030_wtmclustT10_nomix_site403030_nondesignquota_precisionchol_basefitbootinit_preboot_20260521/configs/resolved/scenario1_bootstrap.json","config_md5":"9d7556058a6c3cb18af9ad7ffdd7076b","seed":4869,"host":"264859e655a6","pid":1,"image_tag":null,"git_sha":null,"git_dirty":null},"aggregation":{"ci_method":"percentile","ci_level":0.95,"quantile_type":7,"estimates_scale":"natural"},"summary":[{"parameter":"(etaLcl,etaLvc)","median":0.063817685482,"p2.5":0.037947126065,"p97.5":0.075543103153},{"parameter":"CcPropSd","median":0.33590179121,"p2.5":0.31944788893,"p97.5":0.36585283976},{"parameter":"etaLcl","median":0.10539194975,"p2.5":0.082815147198,"p97.5":0.12722701684},{"parameter":"etaLvc","median":0.037839152044,"p2.5":0.018707439764,"p97.5":0.050468800895},{"parameter":"lcl","median":2.1577814373,"p2.5":2.1277464452,"p97.5":2.1866847388},{"parameter":"lka","median":2.3218883415,"p2.5":2.0302917209,"p97.5":2.435633451},{"parameter":"lvc","median":2.9620317912,"p2.5":2.919571177,"p97.5":2.9933286453},{"parameter":"rho_(etaLcl,etaLvc)","median":0.9797462309,"p2.5":0.95888816552,"p97.5":0.98461909121}],"runs":[{"tag":"trial_016_20260521-155134","value":2176.9155,"counts":[23,23],"control":{"maxit":100,"factr":1000000000,"pgtol":0,"trace":0,"method":"L-BFGS-B"},"convergence":0,"message":"CONVERGENCE: REL_REDUCTION_OF_F <= FACTR*EPSMCH","nat_par":{"lka":2.4399946599,"lcl":2.1577814373,"lvc":2.9727209684,"CcPropSd":0.32062928683,"etaLcl":0.08215505095,"etaLvc":0.017090667079,"(etaLcl,etaLvc)":0.035854761674,"rho_(etaLcl,etaLvc)":0.95686396211},"failed_clients":[],"attempt":1,"files":{"result":"/project/temp/deferiprone_single_oral_25mgkg_designcheck_20260511/validation/design_change_n403030_wtmclustT10_nomix_site403030_nondesignquota_precisionchol_basefitbootinit_preboot_20260521/runs/scenario1/bootstrap/federated/scenario1/raw_runs/run_20260521-155134/optim_result_trial_016_20260521-155134.json","trace":"/project/temp/deferiprone_single_oral_25mgkg_designcheck_20260511/validation/design_change_n403030_wtmclustT10_nomix_site403030_nondesignquota_precisionchol_basefitbootinit_preboot_20260521/runs/scenario1/bootstrap/federated/scenario1/raw_runs/run_20260521-155134/optim_trace_trial_016_20260521-155134.csv","final":"/project/temp/deferiprone_single_oral_25mgkg_designcheck_20260511/validation/design_change_n403030_wtmclustT10_nomix_site403030_nondesignquota_precisionchol_basefitbootinit_preboot_20260521/runs/scenario1/bootstrap/federated/scenario1/raw_runs/run_20260521-155134/final_params_trial_016_20260521-155134.csv"},"log_n":23,"execution_state":"completed","trial":16,"attempts":1},{"tag":"trial_017_20260521-155428","value":2200.858,"counts":[32,32],"control":{"maxit":100,"factr":1000000000,"pgtol":0,"trace":0,"method":"L-BFGS-B"},"convergence":0,"message":"CONVERGENCE: REL_REDUCTION_OF_F <= FACTR*EPSMCH","nat_par":{"lka":2.0018883306,"lcl":2.1815388097,"lvc":2.9443047752,"CcPropSd":0.33590179121,"etaLcl":0.12826184082,"etaLvc":0.033258393931,"(etaLcl,etaLvc)":0.063817685482,"rho_(etaLcl,etaLvc)":0.97710599626},"failed_clients":[],"attempt":1,"files":{"result":"/project/temp/deferiprone_single_oral_25mgkg_designcheck_20260511/validation/design_change_n403030_wtmclustT10_nomix_site403030_nondesignquota_precisionchol_basefitbootinit_preboot_20260521/runs/scenario1/bootstrap/federated/scenario1/raw_runs/run_20260521-155134/optim_result_trial_017_20260521-155428.json","trace":"/project/temp/deferiprone_single_oral_25mgkg_designcheck_20260511/validation/design_change_n403030_wtmclustT10_nomix_site403030_nondesignquota_precisionchol_basefitbootinit_preboot_20260521/runs/scenario1/bootstrap/federated/scenario1/raw_runs/run_20260521-155134/optim_trace_trial_017_20260521-155428.csv","final":"/project/temp/deferiprone_single_oral_25mgkg_designcheck_20260511/validation/design_change_n403030_wtmclustT10_nomix_site403030_nondesignquota_precisionchol_basefitbootinit_preboot_20260521/runs/scenario1/bootstrap/federated/scenario1/raw_runs/run_20260521-155134/final_params_trial_017_20260521-155428.csv"},"log_n":32,"execution_state":"completed","trial":17,"attempts":1},{"tag":"trial_018_20260521-155829","value":2188.8638,"counts":[26,26],"control":{"maxit":100,"factr":1000000000,"pgtol":0,"trace":0,"method":"L-BFGS-B"},"convergence":0,"message":"CONVERGENCE: REL_REDUCTION_OF_F <= FACTR*EPSMCH","nat_par":{"lka":2.2859222335,"lcl":2.1267216543,"lvc":2.9168229995,"CcPropSd":0.31931662249,"etaLcl":0.10539194975,"etaLvc":0.040347441734,"(etaLcl,etaLvc)":0.063969006108,"rho_(etaLcl,etaLvc)":0.98097486999},"failed_clients":[],"attempt":1,"files":{"result":"/project/temp/deferiprone_single_oral_25mgkg_designcheck_20260511/validation/design_change_n403030_wtmclustT10_nomix_site403030_nondesignquota_precisionchol_basefitbootinit_preboot_20260521/runs/scenario1/bootstrap/federated/scenario1/raw_runs/run_20260521-155134/optim_result_trial_018_20260521-155829.json","trace":"/project/temp/deferiprone_single_oral_25mgkg_designcheck_20260511/validation/design_change_n403030_wtmclustT10_nomix_site403030_nondesignquota_precisionchol_basefitbootinit_preboot_20260521/runs/scenario1/bootstrap/federated/scenario1/raw_runs/run_20260521-155134/optim_trace_trial_018_20260521-155829.csv","final":"/project/temp/deferiprone_single_oral_25mgkg_designcheck_20260511/validation/design_change_n403030_wtmclustT10_nomix_site403030_nondesignquota_precisionchol_basefitbootinit_preboot_20260521/runs/scenario1/bootstrap/federated/scenario1/raw_runs/run_20260521-155134/final_params_trial_018_20260521-155829.csv"},"log_n":25,"execution_state":"completed","trial":18,"attempts":1},{"tag":"trial_019_20260521-160140","value":2235.1206,"counts":[20,20],"control":{"maxit":100,"factr":1000000000,"pgtol":0,"trace":0,"method":"L-BFGS-B"},"convergence":0,"message":"CONVERGENCE: REL_REDUCTION_OF_F <= FACTR*EPSMCH","nat_par":{"lka":2.3963825714,"lcl":2.1872565088,"lvc":2.9620317912,"CcPropSd":0.36719087428,"etaLcl":0.11791360096,"etaLvc":0.051593396357,"(etaLcl,etaLvc)":0.076829113935,"rho_(etaLcl,etaLvc)":0.98502400468},"failed_clients":[],"attempt":1,"files":{"result":"/project/temp/deferiprone_single_oral_25mgkg_designcheck_20260511/validation/design_change_n403030_wtmclustT10_nomix_site403030_nondesignquota_precisionchol_basefitbootinit_preboot_20260521/runs/scenario1/bootstrap/federated/scenario1/raw_runs/run_20260521-155134/optim_result_trial_019_20260521-160140.json","trace":"/project/temp/deferiprone_single_oral_25mgkg_designcheck_20260511/validation/design_change_n403030_wtmclustT10_nomix_site403030_nondesignquota_precisionchol_basefitbootinit_preboot_20260521/runs/scenario1/bootstrap/federated/scenario1/raw_runs/run_20260521-155134/optim_trace_trial_019_20260521-160140.csv","final":"/project/temp/deferiprone_single_oral_25mgkg_designcheck_20260511/validation/design_change_n403030_wtmclustT10_nomix_site403030_nondesignquota_precisionchol_basefitbootinit_preboot_20260521/runs/scenario1/bootstrap/federated/scenario1/raw_runs/run_20260521-155134/final_params_trial_019_20260521-160140.csv"},"log_n":20,"execution_state":"completed","trial":19,"attempts":1},{"tag":"trial_020_20260521-160414","value":2218.4341,"counts":[26,26],"control":{"maxit":100,"factr":1000000000,"pgtol":0,"trace":0,"method":"L-BFGS-B"},"convergence":0,"message":"CONVERGENCE: REL_REDUCTION_OF_F <= FACTR*EPSMCH","nat_par":{"lka":2.3218883415,"lcl":2.1369695635,"lvc":2.9956183872,"CcPropSd":0.35381052901,"etaLcl":0.088756013433,"etaLvc":0.037839152044,"(etaLcl,etaLvc)":0.056778405586,"rho_(etaLcl,etaLvc)":0.9797462309},"failed_clients":[],"attempt":1,"files":{"result":"/project/temp/deferiprone_single_oral_25mgkg_designcheck_20260511/validation/design_change_n403030_wtmclustT10_nomix_site403030_nondesignquota_precisionchol_basefitbootinit_preboot_20260521/runs/scenario1/bootstrap/federated/scenario1/raw_runs/run_20260521-155134/optim_result_trial_020_20260521-160414.json","trace":"/project/temp/deferiprone_single_oral_25mgkg_designcheck_20260511/validation/design_change_n403030_wtmclustT10_nomix_site403030_nondesignquota_precisionchol_basefitbootinit_preboot_20260521/runs/scenario1/bootstrap/federated/scenario1/raw_runs/run_20260521-155134/optim_trace_trial_020_20260521-160414.csv","final":"/project/temp/deferiprone_single_oral_25mgkg_designcheck_20260511/validation/design_change_n403030_wtmclustT10_nomix_site403030_nondesignquota_precisionchol_basefitbootinit_preboot_20260521/runs/scenario1/bootstrap/federated/scenario1/raw_runs/run_20260521-155134/final_params_trial_020_20260521-160414.csv"},"log_n":26,"execution_state":"completed","trial":20,"attempts":1}],"trial_status":[{"trial":16,"execution_state":"completed","converged":true,"attempts":1,"convergence":0,"value":2176.9155,"eval_fn":23,"eval_gr":23,"log_n":23,"failed_clients_n":0,"message":"CONVERGENCE: REL_REDUCTION_OF_F <= FACTR*EPSMCH","result_file":"/project/temp/deferiprone_single_oral_25mgkg_designcheck_20260511/validation/design_change_n403030_wtmclustT10_nomix_site403030_nondesignquota_precisionchol_basefitbootinit_preboot_20260521/runs/scenario1/bootstrap/federated/scenario1/raw_runs/run_20260521-155134/optim_result_trial_016_20260521-155134.json","trace_file":"/project/temp/deferiprone_single_oral_25mgkg_designcheck_20260511/validation/design_change_n403030_wtmclustT10_nomix_site403030_nondesignquota_precisionchol_basefitbootinit_preboot_20260521/runs/scenario1/bootstrap/federated/scenario1/raw_runs/run_20260521-155134/optim_trace_trial_016_20260521-155134.csv","final_file":"/project/temp/deferiprone_single_oral_25mgkg_designcheck_20260511/validation/design_change_n403030_wtmclustT10_nomix_site403030_nondesignquota_precisionchol_basefitbootinit_preboot_20260521/runs/scenario1/bootstrap/federated/scenario1/raw_runs/run_20260521-155134/final_params_trial_016_20260521-155134.csv"},{"trial":17,"execution_state":"completed","converged":true,"attempts":1,"convergence":0,"value":2200.858,"eval_fn":32,"eval_gr":32,"log_n":32,"failed_clients_n":0,"message":"CONVERGENCE: REL_REDUCTION_OF_F <= FACTR*EPSMCH","result_file":"/project/temp/deferiprone_single_oral_25mgkg_designcheck_20260511/validation/design_change_n403030_wtmclustT10_nomix_site403030_nondesignquota_precisionchol_basefitbootinit_preboot_20260521/runs/scenario1/bootstrap/federated/scenario1/raw_runs/run_20260521-155134/optim_result_trial_017_20260521-155428.json","trace_file":"/project/temp/deferiprone_single_oral_25mgkg_designcheck_20260511/validation/design_change_n403030_wtmclustT10_nomix_site403030_nondesignquota_precisionchol_basefitbootinit_preboot_20260521/runs/scenario1/bootstrap/federated/scenario1/raw_runs/run_20260521-155134/optim_trace_trial_017_20260521-155428.csv","final_file":"/project/temp/deferiprone_single_oral_25mgkg_designcheck_20260511/validation/design_change_n403030_wtmclustT10_nomix_site403030_nondesignquota_precisionchol_basefitbootinit_preboot_20260521/runs/scenario1/bootstrap/federated/scenario1/raw_runs/run_20260521-155134/final_params_trial_017_20260521-155428.csv"},{"trial":18,"execution_state":"completed","converged":true,"attempts":1,"convergence":0,"value":2188.8638,"eval_fn":26,"eval_gr":26,"log_n":25,"failed_clients_n":0,"message":"CONVERGENCE: REL_REDUCTION_OF_F <= FACTR*EPSMCH","result_file":"/project/temp/deferiprone_single_oral_25mgkg_designcheck_20260511/validation/design_change_n403030_wtmclustT10_nomix_site403030_nondesignquota_precisionchol_basefitbootinit_preboot_20260521/runs/scenario1/bootstrap/federated/scenario1/raw_runs/run_20260521-155134/optim_result_trial_018_20260521-155829.json","trace_file":"/project/temp/deferiprone_single_oral_25mgkg_designcheck_20260511/validation/design_change_n403030_wtmclustT10_nomix_site403030_nondesignquota_precisionchol_basefitbootinit_preboot_20260521/runs/scenario1/bootstrap/federated/scenario1/raw_runs/run_20260521-155134/optim_trace_trial_018_20260521-155829.csv","final_file":"/project/temp/deferiprone_single_oral_25mgkg_designcheck_20260511/validation/design_change_n403030_wtmclustT10_nomix_site403030_nondesignquota_precisionchol_basefitbootinit_preboot_20260521/runs/scenario1/bootstrap/federated/scenario1/raw_runs/run_20260521-155134/final_params_trial_018_20260521-155829.csv"},{"trial":19,"execution_state":"completed","converged":true,"attempts":1,"convergence":0,"value":2235.1206,"eval_fn":20,"eval_gr":20,"log_n":20,"failed_clients_n":0,"message":"CONVERGENCE: REL_REDUCTION_OF_F <= FACTR*EPSMCH","result_file":"/project/temp/deferiprone_single_oral_25mgkg_designcheck_20260511/validation/design_change_n403030_wtmclustT10_nomix_site403030_nondesignquota_precisionchol_basefitbootinit_preboot_20260521/runs/scenario1/bootstrap/federated/scenario1/raw_runs/run_20260521-155134/optim_result_trial_019_20260521-160140.json","trace_file":"/project/temp/deferiprone_single_oral_25mgkg_designcheck_20260511/validation/design_change_n403030_wtmclustT10_nomix_site403030_nondesignquota_precisionchol_basefitbootinit_preboot_20260521/runs/scenario1/bootstrap/federated/scenario1/raw_runs/run_20260521-155134/optim_trace_trial_019_20260521-160140.csv","final_file":"/project/temp/deferiprone_single_oral_25mgkg_designcheck_20260511/validation/design_change_n403030_wtmclustT10_nomix_site403030_nondesignquota_precisionchol_basefitbootinit_preboot_20260521/runs/scenario1/bootstrap/federated/scenario1/raw_runs/run_20260521-155134/final_params_trial_019_20260521-160140.csv"},{"trial":20,"execution_state":"completed","converged":true,"attempts":1,"convergence":0,"value":2218.4341,"eval_fn":26,"eval_gr":26,"log_n":26,"failed_clients_n":0,"message":"CONVERGENCE: REL_REDUCTION_OF_F <= FACTR*EPSMCH","result_file":"/project/temp/deferiprone_single_oral_25mgkg_designcheck_20260511/validation/design_change_n403030_wtmclustT10_nomix_site403030_nondesignquota_precisionchol_basefitbootinit_preboot_20260521/runs/scenario1/bootstrap/federated/scenario1/raw_runs/run_20260521-155134/optim_result_trial_020_20260521-160414.json","trace_file":"/project/temp/deferiprone_single_oral_25mgkg_designcheck_20260511/validation/design_change_n403030_wtmclustT10_nomix_site403030_nondesignquota_precisionchol_basefitbootinit_preboot_20260521/runs/scenario1/bootstrap/federated/scenario1/raw_runs/run_20260521-155134/optim_trace_trial_020_20260521-160414.csv","final_file":"/project/temp/deferiprone_single_oral_25mgkg_designcheck_20260511/validation/design_change_n403030_wtmclustT10_nomix_site403030_nondesignquota_precisionchol_basefitbootinit_preboot_20260521/runs/scenario1/bootstrap/federated/scenario1/raw_runs/run_20260521-155134/final_params_trial_020_20260521-160414.csv"}],"info":{"run_id":"20260521-155134","log_base_dir":"/project/temp/deferiprone_single_oral_25mgkg_designcheck_20260511/validation/design_change_n403030_wtmclustT10_nomix_site403030_nondesignquota_precisionchol_basefitbootinit_preboot_20260521/runs/scenario1/bootstrap/federated","scenario":"scenario1/raw_runs","total_trials":5,"successes":5,"failures":0,"nonconverged_count":0,"nonconverged_trials":[],"convergence_missing_count":0,"seed_base":4869,"B_per_client":500,"duration_sec":963.9421811104,"host":"264859e655a6","image_tag":null,"communication":{"generated_at":"2026-05-21T16:07:32Z","totals":{"requests":759,"request_bytes":845397,"response_bytes":192783,"total_bytes":1038180,"retries":0},"init":{"requests":3,"request_bytes":8139,"response_bytes":1161,"total_bytes":9300,"retries":0,"median_elapsed_sec":0.36318016052},"init_round_latency":{"n_rounds":1,"median_round_wall_sec":0.36496353149,"p95_round_wall_sec":0.36496353149},"run":{"requests":0,"request_bytes":0,"response_bytes":0,"total_bytes":0,"retries":0,"median_elapsed_sec":"NA"},"run_bootstrap":{"requests":756,"request_bytes":837258,"response_bytes":191622,"total_bytes":1028880,"retries":0,"median_elapsed_sec":3.6442848444},"round_latency":{"n_rounds":252,"median_round_wall_sec":3.7694041729,"p95_round_wall_sec":4.0076717496},"timing_split":{"n_rounds":252,"rounds_with_compute":252,"total_round_wall_sec":952.7884614468,"total_round_compute_wall_sec":944.5489,"total_round_comm_overhead_wall_sec":8.2395614468,"comm_overhead_ratio":0.0086478392426,"compute_ratio":0.99135216076}},"communication_files":{"csv":"/project/temp/deferiprone_single_oral_25mgkg_designcheck_20260511/validation/design_change_n403030_wtmclustT10_nomix_site403030_nondesignquota_precisionchol_basefitbootinit_preboot_20260521/runs/scenario1/bootstrap/federated/scenario1/raw_runs/run_20260521-155134/comm_metrics.csv","json":"/project/temp/deferiprone_single_oral_25mgkg_designcheck_20260511/validation/design_change_n403030_wtmclustT10_nomix_site403030_nondesignquota_precisionchol_basefitbootinit_preboot_20260521/runs/scenario1/bootstrap/federated/scenario1/raw_runs/run_20260521-155134/comm_metrics.json"},"output_files":{"bootstrap_summary_csv":"/project/temp/deferiprone_single_oral_25mgkg_designcheck_20260511/validation/design_change_n403030_wtmclustT10_nomix_site403030_nondesignquota_precisionchol_basefitbootinit_preboot_20260521/runs/scenario1/bootstrap/federated/scenario1/raw_runs/run_20260521-155134/bootstrap_summary.csv","bootstrap_summary_json":"/project/temp/deferiprone_single_oral_25mgkg_designcheck_20260511/validation/design_change_n403030_wtmclustT10_nomix_site403030_nondesignquota_precisionchol_basefitbootinit_preboot_20260521/runs/scenario1/bootstrap/federated/scenario1/raw_runs/run_20260521-155134/bootstrap_summary.json","trial_status_csv":"/project/temp/deferiprone_single_oral_25mgkg_designcheck_20260511/validation/design_change_n403030_wtmclustT10_nomix_site403030_nondesignquota_precisionchol_basefitbootinit_preboot_20260521/runs/scenario1/bootstrap/federated/scenario1/raw_runs/run_20260521-155134/trial_status.csv","failed_trials_csv":"/project/temp/deferiprone_single_oral_25mgkg_designcheck_20260511/validation/design_change_n403030_wtmclustT10_nomix_site403030_nondesignquota_precisionchol_basefitbootinit_preboot_20260521/runs/scenario1/bootstrap/federated/scenario1/raw_runs/run_20260521-155134/failed_trials.csv","trial_estimates_wide_csv":"/project/temp/deferiprone_single_oral_25mgkg_designcheck_20260511/validation/design_change_n403030_wtmclustT10_nomix_site403030_nondesignquota_precisionchol_basefitbootinit_preboot_20260521/runs/scenario1/bootstrap/federated/scenario1/raw_runs/run_20260521-155134/trial_estimates_wide.csv","trial_estimates_long_csv":"/project/temp/deferiprone_single_oral_25mgkg_designcheck_20260511/validation/design_change_n403030_wtmclustT10_nomix_site403030_nondesignquota_precisionchol_basefitbootinit_preboot_20260521/runs/scenario1/bootstrap/federated/scenario1/raw_runs/run_20260521-155134/trial_estimates_long.csv","result_json":"/project/temp/deferiprone_single_oral_25mgkg_designcheck_20260511/validation/design_change_n403030_wtmclustT10_nomix_site403030_nondesignquota_precisionchol_basefitbootinit_preboot_20260521/runs/scenario1/bootstrap/federated/scenario1/raw_runs/run_20260521-155134/result.json"}}}
[Kserver-1 exited with code 0
Aborting on container exit...
 Container defboot_design_change_n403030_wtmclu_scenario1_16_20-server-1  Stopping
 Container defboot_design_change_n403030_wtmclu_scenario1_16_20-server-1  Stopped
 Container defboot_design_change_n403030_wtmclu_scenario1_16_20-client2-1  Stopping
 Container defboot_design_change_n403030_wtmclu_scenario1_16_20-client3-1  Stopping
 Container defboot_design_change_n403030_wtmclu_scenario1_16_20-client1-1  Stopping
 Container defboot_design_change_n403030_wtmclu_scenario1_16_20-client2-1  Stopped
 Container defboot_design_change_n403030_wtmclu_scenario1_16_20-client1-1  Stopped
 Container defboot_design_change_n403030_wtmclu_scenario1_16_20-client3-1  Stopped
time="2026-05-22T01:07:43+09:00" level=warning msg="The \"SERVER_CONFIG_PATH\" variable is not set. Defaulting to a blank string."
 Container defboot_design_change_n403030_wtmclu_scenario1_16_20-server-1  Stopping
 Container defboot_design_change_n403030_wtmclu_scenario1_16_20-server-1  Stopped
 Container defboot_design_change_n403030_wtmclu_scenario1_16_20-server-1  Removing
 Container defboot_design_change_n403030_wtmclu_scenario1_16_20-server-1  Removed
 Container defboot_design_change_n403030_wtmclu_scenario1_16_20-client1-1  Stopping
 Container defboot_design_change_n403030_wtmclu_scenario1_16_20-client3-1  Stopping
 Container defboot_design_change_n403030_wtmclu_scenario1_16_20-client2-1  Stopping
 Container defboot_design_change_n403030_wtmclu_scenario1_16_20-client1-1  Stopped
 Container defboot_design_change_n403030_wtmclu_scenario1_16_20-client1-1  Removing
 Container defboot_design_change_n403030_wtmclu_scenario1_16_20-client2-1  Stopped
 Container defboot_design_change_n403030_wtmclu_scenario1_16_20-client2-1  Removing
 Container defboot_design_change_n403030_wtmclu_scenario1_16_20-client3-1  Stopped
 Container defboot_design_change_n403030_wtmclu_scenario1_16_20-client3-1  Removing
 Container defboot_design_change_n403030_wtmclu_scenario1_16_20-client1-1  Removed
 Container defboot_design_change_n403030_wtmclu_scenario1_16_20-client2-1  Removed
 Container defboot_design_change_n403030_wtmclu_scenario1_16_20-client3-1  Removed
 Network defboot_design_change_n403030_wtmclu_scenario1_16_20_site2_net  Removing
 Network defboot_design_change_n403030_wtmclu_scenario1_16_20_site3_net  Removing
 Network defboot_design_change_n403030_wtmclu_scenario1_16_20_site1_net  Removing
 Network defboot_design_change_n403030_wtmclu_scenario1_16_20_site3_net  Removed
 Network defboot_design_change_n403030_wtmclu_scenario1_16_20_site2_net  Removed
 Network defboot_design_change_n403030_wtmclu_scenario1_16_20_site1_net  Removed
