time="2026-05-22T14:36:31+09:00" level=warning msg="The \"SERVER_CONFIG_PATH\" variable is not set. Defaulting to a blank string."
Compose now can delegate build to bake for better performances
Just set COMPOSE_BAKE=true
#0 building with "default" instance using docker driver

#1 [client3 internal] load build definition from Dockerfile.app
#1 transferring dockerfile: 778B done
#1 DONE 0.0s

#2 [client2 internal] load build definition from Dockerfile.app
#2 transferring dockerfile: 778B done
#2 DONE 0.0s

#3 [client1 internal] load build definition from Dockerfile.app
#3 transferring dockerfile: 778B done
#3 DONE 0.0s

#4 [client1 internal] load metadata for docker.io/fedpoppk/base:0.1.0
#4 DONE 0.0s

#5 [client3 internal] load .dockerignore
#5 transferring context: 2B done
#5 DONE 0.0s

#6 [client2 internal] load .dockerignore
#6 transferring context: 2B done
#6 DONE 0.0s

#7 [client1 internal] load .dockerignore
#7 transferring context: 2B done
#7 DONE 0.0s

#8 [client1 1/8] FROM docker.io/fedpoppk/base:0.1.0
#8 DONE 0.0s

#9 [client3 internal] load build context
#9 ...

#10 [client1 internal] load build context
#10 transferring context: 736.51kB 0.3s done
#10 DONE 0.3s

#9 [client3 internal] load build context
#9 transferring context: 736.51kB 0.3s done
#9 DONE 0.3s

#11 [client2 internal] load build context
#11 transferring context: 736.51kB 0.3s done
#11 DONE 0.3s

#12 [client1 7/8] COPY analysis/ analysis/
#12 CACHED

#13 [client1 6/8] COPY R/ R/
#13 CACHED

#14 [client1 3/8] COPY renv.lock .Rprofile renv/activate.R ./
#14 CACHED

#15 [client1 4/8] RUN Rscript -e "options(renv.consent=TRUE, Ncpus=parallel::detectCores());                 renv::restore(prompt=FALSE)"
#15 CACHED

#16 [client1 2/8] WORKDIR /project
#16 CACHED

#17 [client1 5/8] COPY apps/ apps/
#17 CACHED

#18 [client3 8/8] RUN mkdir -p /project/configs/modes /project/data /project/artifacts /project/result
#18 CACHED

#19 [client1] exporting to image
#19 exporting layers done
#19 writing image sha256:2147ee5acc2e88470a227fdf3235640acbbbae0497c48a5f6bf33aaf906b1e92 done
#19 naming to docker.io/library/defboot_design_change_n403030_wtmclu_scenario1_286_290-client1 0.0s done
#19 DONE 0.0s

#20 [client2] exporting to image
#20 exporting layers done
#20 writing image sha256:11aa1a638064689f790f8e386c855edd78fd39772cae977c59859acd0031e71a done
#20 naming to docker.io/library/defboot_design_change_n403030_wtmclu_scenario1_286_290-client2 0.0s done
#20 DONE 0.0s

#21 [client3] exporting to image
#21 exporting layers done
#21 writing image sha256:cf70936ca89d63b9c0a72e818dd456d162cc22a9692de119ea0f6cb4abaee6a7 done
#21 naming to docker.io/library/defboot_design_change_n403030_wtmclu_scenario1_286_290-client3 0.0s done
#21 DONE 0.1s

#22 [client1] resolving provenance for metadata file
#22 DONE 0.0s

#23 [client2] resolving provenance for metadata file
#23 DONE 0.0s

#24 [client3] resolving provenance for metadata file
#24 DONE 0.0s

#25 [server internal] load build definition from Dockerfile.app
#25 transferring dockerfile: 778B done
#25 DONE 0.0s

#4 [server internal] load metadata for docker.io/fedpoppk/base:0.1.0
#4 DONE 0.0s

#26 [server internal] load .dockerignore
#26 transferring context: 2B done
#26 DONE 0.0s

#8 [server 1/8] FROM docker.io/fedpoppk/base:0.1.0
#8 DONE 0.0s

#27 [server internal] load build context
#27 transferring context: 736.51kB 0.3s done
#27 DONE 0.3s

#28 [server 6/8] COPY R/ R/
#28 CACHED

#29 [server 4/8] RUN Rscript -e "options(renv.consent=TRUE, Ncpus=parallel::detectCores());                 renv::restore(prompt=FALSE)"
#29 CACHED

#30 [server 7/8] COPY analysis/ analysis/
#30 CACHED

#16 [server 2/8] WORKDIR /project
#16 CACHED

#31 [server 3/8] COPY renv.lock .Rprofile renv/activate.R ./
#31 CACHED

#32 [server 5/8] COPY apps/ apps/
#32 CACHED

#33 [server 8/8] RUN mkdir -p /project/configs/modes /project/data /project/artifacts /project/result
#33 CACHED

#34 [server] exporting to image
#34 exporting layers done
#34 writing image sha256:4c615b0e2b05e64337886d7d17ca8e70a1dd03ed4d06a023f61942a82c9ee883 done
#34 naming to docker.io/library/defboot_design_change_n403030_wtmclu_scenario1_286_290-server 0.0s done
#34 DONE 0.1s

#35 [server] resolving provenance for metadata file
#35 DONE 0.0s
 client1  Built
 client2  Built
 client3  Built
 server  Built
 Network defboot_design_change_n403030_wtmclu_scenario1_286_290_site3_net  Creating
 Network defboot_design_change_n403030_wtmclu_scenario1_286_290_site3_net  Created
 Network defboot_design_change_n403030_wtmclu_scenario1_286_290_site1_net  Creating
 Network defboot_design_change_n403030_wtmclu_scenario1_286_290_site1_net  Created
 Network defboot_design_change_n403030_wtmclu_scenario1_286_290_site2_net  Creating
 Network defboot_design_change_n403030_wtmclu_scenario1_286_290_site2_net  Created
 Container defboot_design_change_n403030_wtmclu_scenario1_286_290-client3-1  Creating
 Container defboot_design_change_n403030_wtmclu_scenario1_286_290-client2-1  Creating
 Container defboot_design_change_n403030_wtmclu_scenario1_286_290-client1-1  Creating
 Container defboot_design_change_n403030_wtmclu_scenario1_286_290-client3-1  Created
 Container defboot_design_change_n403030_wtmclu_scenario1_286_290-client2-1  Created
 Container defboot_design_change_n403030_wtmclu_scenario1_286_290-client1-1  Created
 Container defboot_design_change_n403030_wtmclu_scenario1_286_290-server-1  Creating
 Container defboot_design_change_n403030_wtmclu_scenario1_286_290-server-1  Created
Attaching to client1-1, client2-1, client3-1, server-1
client2-1  | Running plumber API at http://0.0.0.0:8000
client2-1  | Running swagger Docs at http://127.0.0.1:8000/__docs__/
client1-1  | Running plumber API at http://0.0.0.0:8000
client1-1  | Running swagger Docs at http://127.0.0.1:8000/__docs__/
client3-1  | Running plumber API at http://0.0.0.0:8000
client3-1  | Running swagger Docs at http://127.0.0.1:8000/__docs__/
client1-1  | ℹ parameter labels from comments are typically ignored in non-interactive mode
client2-1  | ℹ parameter labels from comments are typically ignored in non-interactive mode
client1-1  | ℹ Need to run with the source intact to parse comments
client2-1  | ℹ Need to run with the source intact to parse comments
client3-1  | ℹ parameter labels from comments are typically ignored in non-interactive mode
client3-1  | ℹ Need to run with the source intact to parse comments
server-1   | [send_init] http://client3:8000 init succeeded
server-1   | [send_init] http://client1:8000 init succeeded
server-1   | [send_init] http://client2:8000 init succeeded
server-1   | {"schema":{"schema_version":"1.1.0","generated_at":"2026-05-22T05:36:39Z","config_path":"/project/configs/../temp/deferiprone_single_oral_25mgkg_designcheck_20260511/validation/design_change_n403030_wtmclustT10_nomix_site403030_nondesignquota_precisionchol_basefitbootinit_preboot_20260521/configs/resolved/scenario1_bootstrap.json","config_md5":"9d7556058a6c3cb18af9ad7ffdd7076b","seed":4869,"host":"5c267268b9b1","pid":1,"image_tag":null,"git_sha":null,"git_dirty":null},"aggregation":{"ci_method":"percentile","ci_level":0.95,"quantile_type":7,"estimates_scale":"natural"},"summary":[{"parameter":"(etaLcl,etaLvc)","median":0.068687311288,"p2.5":0.045979985715,"p97.5":0.081318270354},{"parameter":"CcPropSd","median":0.35484575809,"p2.5":0.31891466615,"p97.5":0.36843875614},{"parameter":"etaLcl","median":0.11745860364,"p2.5":0.096970427691,"p97.5":0.14042170036},{"parameter":"etaLvc","median":0.041371037327,"p2.5":0.023276753386,"p97.5":0.048891265351},{"parameter":"lcl","median":2.1703181716,"p2.5":2.1270073192,"p97.5":2.2108115921},{"parameter":"lka","median":2.3066953081,"p2.5":2.1795381033,"p97.5":2.3699446095},{"parameter":"lvc","median":2.9563760706,"p2.5":2.920877743,"p97.5":2.9973622536},{"parameter":"rho_(etaLcl,etaLvc)","median":0.98144453617,"p2.5":0.96663799905,"p97.5":0.98421350196}],"runs":[{"tag":"trial_286_20260522-053639","value":2225.0744,"counts":[23,23],"control":{"maxit":100,"factr":1000000000,"pgtol":0,"trace":0,"method":"L-BFGS-B"},"convergence":0,"message":"CONVERGENCE: REL_REDUCTION_OF_F <= FACTR*EPSMCH","nat_par":{"lka":2.3239072457,"lcl":2.1703181716,"lvc":3.0013236526,"CcPropSd":0.35701438883,"etaLcl":0.11745860364,"etaLvc":0.040523382779,"(etaLcl,etaLvc)":0.067685490153,"rho_(etaLcl,etaLvc)":0.98107072249},"failed_clients":[],"attempt":1,"files":{"result":"/project/temp/deferiprone_single_oral_25mgkg_designcheck_20260511/validation/design_change_n403030_wtmclustT10_nomix_site403030_nondesignquota_precisionchol_basefitbootinit_preboot_20260521/runs/scenario1/bootstrap/federated/scenario1/raw_runs/run_20260522-053639/optim_result_trial_286_20260522-053639.json","trace":"/project/temp/deferiprone_single_oral_25mgkg_designcheck_20260511/validation/design_change_n403030_wtmclustT10_nomix_site403030_nondesignquota_precisionchol_basefitbootinit_preboot_20260521/runs/scenario1/bootstrap/federated/scenario1/raw_runs/run_20260522-053639/optim_trace_trial_286_20260522-053639.csv","final":"/project/temp/deferiprone_single_oral_25mgkg_designcheck_20260511/validation/design_change_n403030_wtmclustT10_nomix_site403030_nondesignquota_precisionchol_basefitbootinit_preboot_20260521/runs/scenario1/bootstrap/federated/scenario1/raw_runs/run_20260522-053639/final_params_trial_286_20260522-053639.csv"},"log_n":23,"execution_state":"completed","trial":286,"attempts":1},{"tag":"trial_287_20260522-053932","value":2167.7696,"counts":[39,39],"control":{"maxit":100,"factr":1000000000,"pgtol":0,"trace":0,"method":"L-BFGS-B"},"convergence":0,"message":"CONVERGENCE: REL_REDUCTION_OF_F <= FACTR*EPSMCH","nat_par":{"lka":2.3066953081,"lcl":2.1808481979,"lvc":2.9617096622,"CcPropSd":0.31553196663,"etaLcl":0.1109145938,"etaLvc":0.0440618274,"(etaLcl,etaLvc)":0.068687311288,"rho_(etaLcl,etaLvc)":0.98254153328},"failed_clients":[],"attempt":1,"files":{"result":"/project/temp/deferiprone_single_oral_25mgkg_designcheck_20260511/validation/design_change_n403030_wtmclustT10_nomix_site403030_nondesignquota_precisionchol_basefitbootinit_preboot_20260521/runs/scenario1/bootstrap/federated/scenario1/raw_runs/run_20260522-053639/optim_result_trial_287_20260522-053932.json","trace":"/project/temp/deferiprone_single_oral_25mgkg_designcheck_20260511/validation/design_change_n403030_wtmclustT10_nomix_site403030_nondesignquota_precisionchol_basefitbootinit_preboot_20260521/runs/scenario1/bootstrap/federated/scenario1/raw_runs/run_20260522-053639/optim_trace_trial_287_20260522-053932.csv","final":"/project/temp/deferiprone_single_oral_25mgkg_designcheck_20260511/validation/design_change_n403030_wtmclustT10_nomix_site403030_nondesignquota_precisionchol_basefitbootinit_preboot_20260521/runs/scenario1/bootstrap/federated/scenario1/raw_runs/run_20260522-053639/final_params_trial_287_20260522-053932.csv"},"log_n":38,"execution_state":"completed","trial":287,"attempts":1},{"tag":"trial_288_20260522-054421","value":2231.1671,"counts":[22,22],"control":{"maxit":100,"factr":1000000000,"pgtol":0,"trace":0,"method":"L-BFGS-B"},"convergence":0,"message":"CONVERGENCE: REL_REDUCTION_OF_F <= FACTR*EPSMCH","nat_par":{"lka":2.1779872631,"lcl":2.2141408581,"lvc":2.9563760706,"CcPropSd":0.36970813028,"etaLcl":0.12321243835,"etaLvc":0.041371037327,"(etaLcl,etaLvc)":0.070071472332,"rho_(etaLcl,etaLvc)":0.98144453617},"failed_clients":[],"attempt":1,"files":{"result":"/project/temp/deferiprone_single_oral_25mgkg_designcheck_20260511/validation/design_change_n403030_wtmclustT10_nomix_site403030_nondesignquota_precisionchol_basefitbootinit_preboot_20260521/runs/scenario1/bootstrap/federated/scenario1/raw_runs/run_20260522-053639/optim_result_trial_288_20260522-054421.json","trace":"/project/temp/deferiprone_single_oral_25mgkg_designcheck_20260511/validation/design_change_n403030_wtmclustT10_nomix_site403030_nondesignquota_precisionchol_basefitbootinit_preboot_20260521/runs/scenario1/bootstrap/federated/scenario1/raw_runs/run_20260522-053639/optim_trace_trial_288_20260522-054421.csv","final":"/project/temp/deferiprone_single_oral_25mgkg_designcheck_20260511/validation/design_change_n403030_wtmclustT10_nomix_site403030_nondesignquota_precisionchol_basefitbootinit_preboot_20260521/runs/scenario1/bootstrap/federated/scenario1/raw_runs/run_20260522-053639/final_params_trial_288_20260522-054421.csv"},"log_n":22,"execution_state":"completed","trial":288,"attempts":1},{"tag":"trial_289_20260522-054709","value":2253.1324,"counts":[15,15],"control":{"maxit":100,"factr":1000000000,"pgtol":0,"trace":0,"method":"L-BFGS-B"},"convergence":0,"message":"CONVERGENCE: REL_REDUCTION_OF_F <= FACTR*EPSMCH","nat_par":{"lka":2.3750598722,"lcl":2.1232407022,"lvc":2.9200641464,"CcPropSd":0.35484575809,"etaLcl":0.14233384058,"etaLvc":0.049427869567,"(etaLcl,etaLvc)":0.082567914578,"rho_(etaLcl,etaLvc)":0.98439927626},"failed_clients":[],"attempt":1,"files":{"result":"/project/temp/deferiprone_single_oral_25mgkg_designcheck_20260511/validation/design_change_n403030_wtmclustT10_nomix_site403030_nondesignquota_precisionchol_basefitbootinit_preboot_20260521/runs/scenario1/bootstrap/federated/scenario1/raw_runs/run_20260522-053639/optim_result_trial_289_20260522-054709.json","trace":"/project/temp/deferiprone_single_oral_25mgkg_designcheck_20260511/validation/design_change_n403030_wtmclustT10_nomix_site403030_nondesignquota_precisionchol_basefitbootinit_preboot_20260521/runs/scenario1/bootstrap/federated/scenario1/raw_runs/run_20260522-053639/optim_trace_trial_289_20260522-054709.csv","final":"/project/temp/deferiprone_single_oral_25mgkg_designcheck_20260511/validation/design_change_n403030_wtmclustT10_nomix_site403030_nondesignquota_precisionchol_basefitbootinit_preboot_20260521/runs/scenario1/bootstrap/federated/scenario1/raw_runs/run_20260522-053639/final_params_trial_289_20260522-054709.csv"},"log_n":15,"execution_state":"completed","trial":289,"attempts":1},{"tag":"trial_290_20260522-054903","value":2225.2208,"counts":[20,20],"control":{"maxit":100,"factr":1000000000,"pgtol":0,"trace":0,"method":"L-BFGS-B"},"convergence":0,"message":"CONVERGENCE: REL_REDUCTION_OF_F <= FACTR*EPSMCH","nat_par":{"lka":2.1934956648,"lcl":2.160906872,"lvc":2.9282001122,"CcPropSd":0.34935896182,"etaLcl":0.095421075902,"etaLvc":0.021360461232,"(etaLcl,etaLvc)":0.043568263,"rho_(etaLcl,etaLvc)":0.96503436312},"failed_clients":[],"attempt":1,"files":{"result":"/project/temp/deferiprone_single_oral_25mgkg_designcheck_20260511/validation/design_change_n403030_wtmclustT10_nomix_site403030_nondesignquota_precisionchol_basefitbootinit_preboot_20260521/runs/scenario1/bootstrap/federated/scenario1/raw_runs/run_20260522-053639/optim_result_trial_290_20260522-054903.json","trace":"/project/temp/deferiprone_single_oral_25mgkg_designcheck_20260511/validation/design_change_n403030_wtmclustT10_nomix_site403030_nondesignquota_precisionchol_basefitbootinit_preboot_20260521/runs/scenario1/bootstrap/federated/scenario1/raw_runs/run_20260522-053639/optim_trace_trial_290_20260522-054903.csv","final":"/project/temp/deferiprone_single_oral_25mgkg_designcheck_20260511/validation/design_change_n403030_wtmclustT10_nomix_site403030_nondesignquota_precisionchol_basefitbootinit_preboot_20260521/runs/scenario1/bootstrap/federated/scenario1/raw_runs/run_20260522-053639/final_params_trial_290_20260522-054903.csv"},"log_n":20,"execution_state":"completed","trial":290,"attempts":1}],"trial_status":[{"trial":286,"execution_state":"completed","converged":true,"attempts":1,"convergence":0,"value":2225.0744,"eval_fn":23,"eval_gr":23,"log_n":23,"failed_clients_n":0,"message":"CONVERGENCE: REL_REDUCTION_OF_F <= FACTR*EPSMCH","result_file":"/project/temp/deferiprone_single_oral_25mgkg_designcheck_20260511/validation/design_change_n403030_wtmclustT10_nomix_site403030_nondesignquota_precisionchol_basefitbootinit_preboot_20260521/runs/scenario1/bootstrap/federated/scenario1/raw_runs/run_20260522-053639/optim_result_trial_286_20260522-053639.json","trace_file":"/project/temp/deferiprone_single_oral_25mgkg_designcheck_20260511/validation/design_change_n403030_wtmclustT10_nomix_site403030_nondesignquota_precisionchol_basefitbootinit_preboot_20260521/runs/scenario1/bootstrap/federated/scenario1/raw_runs/run_20260522-053639/optim_trace_trial_286_20260522-053639.csv","final_file":"/project/temp/deferiprone_single_oral_25mgkg_designcheck_20260511/validation/design_change_n403030_wtmclustT10_nomix_site403030_nondesignquota_precisionchol_basefitbootinit_preboot_20260521/runs/scenario1/bootstrap/federated/scenario1/raw_runs/run_20260522-053639/final_params_trial_286_20260522-053639.csv"},{"trial":287,"execution_state":"completed","converged":true,"attempts":1,"convergence":0,"value":2167.7696,"eval_fn":39,"eval_gr":39,"log_n":38,"failed_clients_n":0,"message":"CONVERGENCE: REL_REDUCTION_OF_F <= FACTR*EPSMCH","result_file":"/project/temp/deferiprone_single_oral_25mgkg_designcheck_20260511/validation/design_change_n403030_wtmclustT10_nomix_site403030_nondesignquota_precisionchol_basefitbootinit_preboot_20260521/runs/scenario1/bootstrap/federated/scenario1/raw_runs/run_20260522-053639/optim_result_trial_287_20260522-053932.json","trace_file":"/project/temp/deferiprone_single_oral_25mgkg_designcheck_20260511/validation/design_change_n403030_wtmclustT10_nomix_site403030_nondesignquota_precisionchol_basefitbootinit_preboot_20260521/runs/scenario1/bootstrap/federated/scenario1/raw_runs/run_20260522-053639/optim_trace_trial_287_20260522-053932.csv","final_file":"/project/temp/deferiprone_single_oral_25mgkg_designcheck_20260511/validation/design_change_n403030_wtmclustT10_nomix_site403030_nondesignquota_precisionchol_basefitbootinit_preboot_20260521/runs/scenario1/bootstrap/federated/scenario1/raw_runs/run_20260522-053639/final_params_trial_287_20260522-053932.csv"},{"trial":288,"execution_state":"completed","converged":true,"attempts":1,"convergence":0,"value":2231.1671,"eval_fn":22,"eval_gr":22,"log_n":22,"failed_clients_n":0,"message":"CONVERGENCE: REL_REDUCTION_OF_F <= FACTR*EPSMCH","result_file":"/project/temp/deferiprone_single_oral_25mgkg_designcheck_20260511/validation/design_change_n403030_wtmclustT10_nomix_site403030_nondesignquota_precisionchol_basefitbootinit_preboot_20260521/runs/scenario1/bootstrap/federated/scenario1/raw_runs/run_20260522-053639/optim_result_trial_288_20260522-054421.json","trace_file":"/project/temp/deferiprone_single_oral_25mgkg_designcheck_20260511/validation/design_change_n403030_wtmclustT10_nomix_site403030_nondesignquota_precisionchol_basefitbootinit_preboot_20260521/runs/scenario1/bootstrap/federated/scenario1/raw_runs/run_20260522-053639/optim_trace_trial_288_20260522-054421.csv","final_file":"/project/temp/deferiprone_single_oral_25mgkg_designcheck_20260511/validation/design_change_n403030_wtmclustT10_nomix_site403030_nondesignquota_precisionchol_basefitbootinit_preboot_20260521/runs/scenario1/bootstrap/federated/scenario1/raw_runs/run_20260522-053639/final_params_trial_288_20260522-054421.csv"},{"trial":289,"execution_state":"completed","converged":true,"attempts":1,"convergence":0,"value":2253.1324,"eval_fn":15,"eval_gr":15,"log_n":15,"failed_clients_n":0,"message":"CONVERGENCE: REL_REDUCTION_OF_F <= FACTR*EPSMCH","result_file":"/project/temp/deferiprone_single_oral_25mgkg_designcheck_20260511/validation/design_change_n403030_wtmclustT10_nomix_site403030_nondesignquota_precisionchol_basefitbootinit_preboot_20260521/runs/scenario1/bootstrap/federated/scenario1/raw_runs/run_20260522-053639/optim_result_trial_289_20260522-054709.json","trace_file":"/project/temp/deferiprone_single_oral_25mgkg_designcheck_20260511/validation/design_change_n403030_wtmclustT10_nomix_site403030_nondesignquota_precisionchol_basefitbootinit_preboot_20260521/runs/scenario1/bootstrap/federated/scenario1/raw_runs/run_20260522-053639/optim_trace_trial_289_20260522-054709.csv","final_file":"/project/temp/deferiprone_single_oral_25mgkg_designcheck_20260511/validation/design_change_n403030_wtmclustT10_nomix_site403030_nondesignquota_precisionchol_basefitbootinit_preboot_20260521/runs/scenario1/bootstrap/federated/scenario1/raw_runs/run_20260522-053639/final_params_trial_289_20260522-054709.csv"},{"trial":290,"execution_state":"completed","converged":true,"attempts":1,"convergence":0,"value":2225.2208,"eval_fn":20,"eval_gr":20,"log_n":20,"failed_clients_n":0,"message":"CONVERGENCE: REL_REDUCTION_OF_F <= FACTR*EPSMCH","result_file":"/project/temp/deferiprone_single_oral_25mgkg_designcheck_20260511/validation/design_change_n403030_wtmclustT10_nomix_site403030_nondesignquota_precisionchol_basefitbootinit_preboot_20260521/runs/scenario1/bootstrap/federated/scenario1/raw_runs/run_20260522-053639/optim_result_trial_290_20260522-054903.json","trace_file":"/project/temp/deferiprone_single_oral_25mgkg_designcheck_20260511/validation/design_change_n403030_wtmclustT10_nomix_site403030_nondesignquota_precisionchol_basefitbootinit_preboot_20260521/runs/scenario1/bootstrap/federated/scenario1/raw_runs/run_20260522-053639/optim_trace_trial_290_20260522-054903.csv","final_file":"/project/temp/deferiprone_single_oral_25mgkg_designcheck_20260511/validation/design_change_n403030_wtmclustT10_nomix_site403030_nondesignquota_precisionchol_basefitbootinit_preboot_20260521/runs/scenario1/bootstrap/federated/scenario1/raw_runs/run_20260522-053639/final_params_trial_290_20260522-054903.csv"}],"info":{"run_id":"20260522-053639","log_base_dir":"/project/temp/deferiprone_single_oral_25mgkg_designcheck_20260511/validation/design_change_n403030_wtmclustT10_nomix_site403030_nondesignquota_precisionchol_basefitbootinit_preboot_20260521/runs/scenario1/bootstrap/federated","scenario":"scenario1/raw_runs","total_trials":5,"successes":5,"failures":0,"nonconverged_count":0,"nonconverged_trials":[],"convergence_missing_count":0,"seed_base":4869,"B_per_client":500,"duration_sec":903.4896979332,"host":"5c267268b9b1","image_tag":null,"communication":{"generated_at":"2026-05-22T05:51:37Z","totals":{"requests":711,"request_bytes":792945,"response_bytes":180317,"total_bytes":973262,"retries":0},"init":{"requests":3,"request_bytes":8139,"response_bytes":1161,"total_bytes":9300,"retries":0,"median_elapsed_sec":0.36378598213},"init_round_latency":{"n_rounds":1,"median_round_wall_sec":0.3647313118,"p95_round_wall_sec":0.3647313118},"run":{"requests":0,"request_bytes":0,"response_bytes":0,"total_bytes":0,"retries":0,"median_elapsed_sec":"NA"},"run_bootstrap":{"requests":708,"request_bytes":784806,"response_bytes":179156,"total_bytes":963962,"retries":0,"median_elapsed_sec":3.6484594345},"round_latency":{"n_rounds":236,"median_round_wall_sec":3.7612485886,"p95_round_wall_sec":4.0334719419},"timing_split":{"n_rounds":236,"rounds_with_compute":236,"total_round_wall_sec":892.6646518707,"total_round_compute_wall_sec":885.0514,"total_round_comm_overhead_wall_sec":7.6132518707,"comm_overhead_ratio":0.0085286807927,"compute_ratio":0.99147131921}},"communication_files":{"csv":"/project/temp/deferiprone_single_oral_25mgkg_designcheck_20260511/validation/design_change_n403030_wtmclustT10_nomix_site403030_nondesignquota_precisionchol_basefitbootinit_preboot_20260521/runs/scenario1/bootstrap/federated/scenario1/raw_runs/run_20260522-053639/comm_metrics.csv","json":"/project/temp/deferiprone_single_oral_25mgkg_designcheck_20260511/validation/design_change_n403030_wtmclustT10_nomix_site403030_nondesignquota_precisionchol_basefitbootinit_preboot_20260521/runs/scenario1/bootstrap/federated/scenario1/raw_runs/run_20260522-053639/comm_metrics.json"},"output_files":{"bootstrap_summary_csv":"/project/temp/deferiprone_single_oral_25mgkg_designcheck_20260511/validation/design_change_n403030_wtmclustT10_nomix_site403030_nondesignquota_precisionchol_basefitbootinit_preboot_20260521/runs/scenario1/bootstrap/federated/scenario1/raw_runs/run_20260522-053639/bootstrap_summary.csv","bootstrap_summary_json":"/project/temp/deferiprone_single_oral_25mgkg_designcheck_20260511/validation/design_change_n403030_wtmclustT10_nomix_site403030_nondesignquota_precisionchol_basefitbootinit_preboot_20260521/runs/scenario1/bootstrap/federated/scenario1/raw_runs/run_20260522-053639/bootstrap_summary.json","trial_status_csv":"/project/temp/deferiprone_single_oral_25mgkg_designcheck_20260511/validation/design_change_n403030_wtmclustT10_nomix_site403030_nondesignquota_precisionchol_basefitbootinit_preboot_20260521/runs/scenario1/bootstrap/federated/scenario1/raw_runs/run_20260522-053639/trial_status.csv","failed_trials_csv":"/project/temp/deferiprone_single_oral_25mgkg_designcheck_20260511/validation/design_change_n403030_wtmclustT10_nomix_site403030_nondesignquota_precisionchol_basefitbootinit_preboot_20260521/runs/scenario1/bootstrap/federated/scenario1/raw_runs/run_20260522-053639/failed_trials.csv","trial_estimates_wide_csv":"/project/temp/deferiprone_single_oral_25mgkg_designcheck_20260511/validation/design_change_n403030_wtmclustT10_nomix_site403030_nondesignquota_precisionchol_basefitbootinit_preboot_20260521/runs/scenario1/bootstrap/federated/scenario1/raw_runs/run_20260522-053639/trial_estimates_wide.csv","trial_estimates_long_csv":"/project/temp/deferiprone_single_oral_25mgkg_designcheck_20260511/validation/design_change_n403030_wtmclustT10_nomix_site403030_nondesignquota_precisionchol_basefitbootinit_preboot_20260521/runs/scenario1/bootstrap/federated/scenario1/raw_runs/run_20260522-053639/trial_estimates_long.csv","result_json":"/project/temp/deferiprone_single_oral_25mgkg_designcheck_20260511/validation/design_change_n403030_wtmclustT10_nomix_site403030_nondesignquota_precisionchol_basefitbootinit_preboot_20260521/runs/scenario1/bootstrap/federated/scenario1/raw_runs/run_20260522-053639/result.json"}}}
[Kserver-1 exited with code 0
Aborting on container exit...
 Container defboot_design_change_n403030_wtmclu_scenario1_286_290-server-1  Stopping
 Container defboot_design_change_n403030_wtmclu_scenario1_286_290-server-1  Stopped
 Container defboot_design_change_n403030_wtmclu_scenario1_286_290-client1-1  Stopping
 Container defboot_design_change_n403030_wtmclu_scenario1_286_290-client3-1  Stopping
 Container defboot_design_change_n403030_wtmclu_scenario1_286_290-client2-1  Stopping
 Container defboot_design_change_n403030_wtmclu_scenario1_286_290-client2-1  Stopped
 Container defboot_design_change_n403030_wtmclu_scenario1_286_290-client1-1  Stopped
 Container defboot_design_change_n403030_wtmclu_scenario1_286_290-client3-1  Stopped
time="2026-05-22T14:51:48+09:00" level=warning msg="The \"SERVER_CONFIG_PATH\" variable is not set. Defaulting to a blank string."
 Container defboot_design_change_n403030_wtmclu_scenario1_286_290-server-1  Stopping
 Container defboot_design_change_n403030_wtmclu_scenario1_286_290-server-1  Stopped
 Container defboot_design_change_n403030_wtmclu_scenario1_286_290-server-1  Removing
 Container defboot_design_change_n403030_wtmclu_scenario1_286_290-server-1  Removed
 Container defboot_design_change_n403030_wtmclu_scenario1_286_290-client1-1  Stopping
 Container defboot_design_change_n403030_wtmclu_scenario1_286_290-client3-1  Stopping
 Container defboot_design_change_n403030_wtmclu_scenario1_286_290-client2-1  Stopping
 Container defboot_design_change_n403030_wtmclu_scenario1_286_290-client1-1  Stopped
 Container defboot_design_change_n403030_wtmclu_scenario1_286_290-client1-1  Removing
 Container defboot_design_change_n403030_wtmclu_scenario1_286_290-client2-1  Stopped
 Container defboot_design_change_n403030_wtmclu_scenario1_286_290-client2-1  Removing
 Container defboot_design_change_n403030_wtmclu_scenario1_286_290-client3-1  Stopped
 Container defboot_design_change_n403030_wtmclu_scenario1_286_290-client3-1  Removing
 Container defboot_design_change_n403030_wtmclu_scenario1_286_290-client1-1  Removed
 Container defboot_design_change_n403030_wtmclu_scenario1_286_290-client2-1  Removed
 Container defboot_design_change_n403030_wtmclu_scenario1_286_290-client3-1  Removed
 Network defboot_design_change_n403030_wtmclu_scenario1_286_290_site3_net  Removing
 Network defboot_design_change_n403030_wtmclu_scenario1_286_290_site2_net  Removing
 Network defboot_design_change_n403030_wtmclu_scenario1_286_290_site1_net  Removing
 Network defboot_design_change_n403030_wtmclu_scenario1_286_290_site3_net  Removed
 Network defboot_design_change_n403030_wtmclu_scenario1_286_290_site2_net  Removed
 Network defboot_design_change_n403030_wtmclu_scenario1_286_290_site1_net  Removed
