time="2026-05-22T22:23:47+09:00" level=warning msg="The \"SERVER_CONFIG_PATH\" variable is not set. Defaulting to a blank string."
Compose now can delegate build to bake for better performances
Just set COMPOSE_BAKE=true
#0 building with "default" instance using docker driver

#1 [client3 internal] load build definition from Dockerfile.app
#1 transferring dockerfile: 778B done
#1 DONE 0.0s

#2 [client1 internal] load build definition from Dockerfile.app
#2 transferring dockerfile: 778B done
#2 DONE 0.0s

#3 [client2 internal] load build definition from Dockerfile.app
#3 transferring dockerfile: 778B done
#3 DONE 0.0s

#4 [client2 internal] load metadata for docker.io/fedpoppk/base:0.1.0
#4 DONE 0.0s

#5 [client3 internal] load .dockerignore
#5 transferring context: 2B done
#5 DONE 0.0s

#6 [client1 internal] load .dockerignore
#6 transferring context: 2B done
#6 DONE 0.0s

#7 [client2 internal] load .dockerignore
#7 transferring context: 2B done
#7 DONE 0.0s

#8 [client2 1/8] FROM docker.io/fedpoppk/base:0.1.0
#8 DONE 0.0s

#9 [client3 internal] load build context
#9 transferring context: 736.51kB 0.3s done
#9 DONE 0.3s

#10 [client2 internal] load build context
#10 transferring context: 736.51kB 0.3s done
#10 DONE 0.3s

#11 [client1 internal] load build context
#11 transferring context: 736.51kB 0.3s done
#11 DONE 0.3s

#12 [client2 5/8] COPY apps/ apps/
#12 CACHED

#13 [client2 2/8] WORKDIR /project
#13 CACHED

#14 [client2 4/8] RUN Rscript -e "options(renv.consent=TRUE, Ncpus=parallel::detectCores());                 renv::restore(prompt=FALSE)"
#14 CACHED

#15 [client2 6/8] COPY R/ R/
#15 CACHED

#16 [client2 7/8] COPY analysis/ analysis/
#16 CACHED

#17 [client2 3/8] COPY renv.lock .Rprofile renv/activate.R ./
#17 CACHED

#18 [client1 8/8] RUN mkdir -p /project/configs/modes /project/data /project/artifacts /project/result
#18 CACHED

#19 [client2] exporting to image
#19 exporting layers done
#19 writing image sha256:707e16ab0b312bbd1ea7bb5ad86049b83dbe98c17049900bd57fe25d9e9001b4 done
#19 naming to docker.io/library/defboot_design_change_n403030_wtmclu_scenario1_436_440-client2 0.0s done
#19 DONE 0.0s

#20 [client1] exporting to image
#20 exporting layers done
#20 writing image sha256:fdcb733a4f7d8946bd69bd44240f4b8e2dbb27230adf73b7f3d5c975becdf283 done
#20 naming to docker.io/library/defboot_design_change_n403030_wtmclu_scenario1_436_440-client1 0.0s done
#20 DONE 0.0s

#21 [client3] exporting to image
#21 exporting layers done
#21 writing image sha256:29c52e2a1120a80d0e85c8afa8f14851baed1cedf6f5f45aad1a1a31bf4cb480 done
#21 naming to docker.io/library/defboot_design_change_n403030_wtmclu_scenario1_436_440-client3 0.0s done
#21 DONE 0.1s

#22 [client2] resolving provenance for metadata file
#22 DONE 0.0s

#23 [client1] resolving provenance for metadata file
#23 DONE 0.0s

#24 [client3] resolving provenance for metadata file
#24 DONE 0.0s

#25 [server internal] load build definition from Dockerfile.app
#25 transferring dockerfile: 778B done
#25 DONE 0.0s

#4 [server internal] load metadata for docker.io/fedpoppk/base:0.1.0
#4 DONE 0.0s

#26 [server internal] load .dockerignore
#26 transferring context: 2B done
#26 DONE 0.0s

#8 [server 1/8] FROM docker.io/fedpoppk/base:0.1.0
#8 DONE 0.0s

#27 [server internal] load build context
#27 transferring context: 736.51kB 0.4s done
#27 DONE 0.4s

#28 [server 4/8] RUN Rscript -e "options(renv.consent=TRUE, Ncpus=parallel::detectCores());                 renv::restore(prompt=FALSE)"
#28 CACHED

#29 [server 3/8] COPY renv.lock .Rprofile renv/activate.R ./
#29 CACHED

#30 [server 5/8] COPY apps/ apps/
#30 CACHED

#31 [server 7/8] COPY analysis/ analysis/
#31 CACHED

#32 [server 6/8] COPY R/ R/
#32 CACHED

#13 [server 2/8] WORKDIR /project
#13 CACHED

#33 [server 8/8] RUN mkdir -p /project/configs/modes /project/data /project/artifacts /project/result
#33 CACHED

#34 [server] exporting to image
#34 exporting layers done
#34 writing image sha256:33cc1942ac41785db75ef3999f3cad57d11d96dfa28876c2eafa8439a6f38c71 done
#34 naming to docker.io/library/defboot_design_change_n403030_wtmclu_scenario1_436_440-server 0.0s done
#34 DONE 0.0s

#35 [server] resolving provenance for metadata file
#35 DONE 0.0s
 client1  Built
 client2  Built
 client3  Built
 server  Built
 Network defboot_design_change_n403030_wtmclu_scenario1_436_440_site2_net  Creating
 Network defboot_design_change_n403030_wtmclu_scenario1_436_440_site2_net  Created
 Network defboot_design_change_n403030_wtmclu_scenario1_436_440_site3_net  Creating
 Network defboot_design_change_n403030_wtmclu_scenario1_436_440_site3_net  Created
 Network defboot_design_change_n403030_wtmclu_scenario1_436_440_site1_net  Creating
 Network defboot_design_change_n403030_wtmclu_scenario1_436_440_site1_net  Created
 Container defboot_design_change_n403030_wtmclu_scenario1_436_440-client2-1  Creating
 Container defboot_design_change_n403030_wtmclu_scenario1_436_440-client1-1  Creating
 Container defboot_design_change_n403030_wtmclu_scenario1_436_440-client3-1  Creating
 Container defboot_design_change_n403030_wtmclu_scenario1_436_440-client3-1  Created
 Container defboot_design_change_n403030_wtmclu_scenario1_436_440-client2-1  Created
 Container defboot_design_change_n403030_wtmclu_scenario1_436_440-client1-1  Created
 Container defboot_design_change_n403030_wtmclu_scenario1_436_440-server-1  Creating
 Container defboot_design_change_n403030_wtmclu_scenario1_436_440-server-1  Created
Attaching to client1-1, client2-1, client3-1, server-1
client1-1  | Running plumber API at http://0.0.0.0:8000
client1-1  | Running swagger Docs at http://127.0.0.1:8000/__docs__/
client3-1  | Running plumber API at http://0.0.0.0:8000
client3-1  | Running swagger Docs at http://127.0.0.1:8000/__docs__/
client2-1  | Running plumber API at http://0.0.0.0:8000
client2-1  | Running swagger Docs at http://127.0.0.1:8000/__docs__/
client1-1  | ℹ parameter labels from comments are typically ignored in non-interactive mode
client1-1  | ℹ Need to run with the source intact to parse comments
client2-1  | ℹ parameter labels from comments are typically ignored in non-interactive mode
client2-1  | ℹ Need to run with the source intact to parse comments
client3-1  | ℹ parameter labels from comments are typically ignored in non-interactive mode
client3-1  | ℹ Need to run with the source intact to parse comments
server-1   | [send_init] http://client2:8000 init succeeded
server-1   | [send_init] http://client1:8000 init succeeded
server-1   | [send_init] http://client3:8000 init succeeded
server-1   | {"schema":{"schema_version":"1.1.0","generated_at":"2026-05-22T13:23:56Z","config_path":"/project/configs/../temp/deferiprone_single_oral_25mgkg_designcheck_20260511/validation/design_change_n403030_wtmclustT10_nomix_site403030_nondesignquota_precisionchol_basefitbootinit_preboot_20260521/configs/resolved/scenario1_bootstrap.json","config_md5":"9d7556058a6c3cb18af9ad7ffdd7076b","seed":4869,"host":"23a694c2e65b","pid":1,"image_tag":null,"git_sha":null,"git_dirty":null},"aggregation":{"ci_method":"percentile","ci_level":0.95,"quantile_type":7,"estimates_scale":"natural"},"summary":[{"parameter":"(etaLcl,etaLvc)","median":0.069423950338,"p2.5":0.058011872155,"p97.5":0.079301164218},{"parameter":"CcPropSd","median":0.33996731802,"p2.5":0.32501595979,"p97.5":0.39964539389},{"parameter":"etaLcl","median":0.11191012989,"p2.5":0.095275578734,"p97.5":0.1246667608},{"parameter":"etaLvc","median":0.051730097518,"p2.5":0.030570854059,"p97.5":0.057021821728},{"parameter":"lcl","median":2.1832471053,"p2.5":2.1256771842,"p97.5":2.2069390683},{"parameter":"lka","median":2.3626254409,"p2.5":2.2336093676,"p97.5":2.3871169108},{"parameter":"lvc","median":2.9849695713,"p2.5":2.9457912761,"p97.5":2.9966592007},{"parameter":"rho_(etaLcl,etaLvc)","median":0.98506419982,"p2.5":0.97497847195,"p97.5":0.98639348456}],"runs":[{"tag":"trial_436_20260522-132356","value":2177.8421,"counts":[25,25],"control":{"maxit":100,"factr":1000000000,"pgtol":0,"trace":0,"method":"L-BFGS-B"},"convergence":0,"message":"CONVERGENCE: REL_REDUCTION_OF_F <= FACTR*EPSMCH","nat_par":{"lka":2.3626254409,"lcl":2.1897852187,"lvc":2.9655398329,"CcPropSd":0.33870488122,"etaLcl":0.096284401302,"etaLvc":0.039780517278,"(etaLcl,etaLvc)":0.060694991164,"rho_(etaLcl,etaLvc)":0.98070789685},"failed_clients":[],"attempt":1,"files":{"result":"/project/temp/deferiprone_single_oral_25mgkg_designcheck_20260511/validation/design_change_n403030_wtmclustT10_nomix_site403030_nondesignquota_precisionchol_basefitbootinit_preboot_20260521/runs/scenario1/bootstrap/federated/scenario1/raw_runs/run_20260522-132356/optim_result_trial_436_20260522-132356.json","trace":"/project/temp/deferiprone_single_oral_25mgkg_designcheck_20260511/validation/design_change_n403030_wtmclustT10_nomix_site403030_nondesignquota_precisionchol_basefitbootinit_preboot_20260521/runs/scenario1/bootstrap/federated/scenario1/raw_runs/run_20260522-132356/optim_trace_trial_436_20260522-132356.csv","final":"/project/temp/deferiprone_single_oral_25mgkg_designcheck_20260511/validation/design_change_n403030_wtmclustT10_nomix_site403030_nondesignquota_precisionchol_basefitbootinit_preboot_20260521/runs/scenario1/bootstrap/federated/scenario1/raw_runs/run_20260522-132356/final_params_trial_436_20260522-132356.csv"},"log_n":25,"execution_state":"completed","trial":436,"attempts":1},{"tag":"trial_437_20260522-132706","value":2226.6127,"counts":[19,19],"control":{"maxit":100,"factr":1000000000,"pgtol":0,"trace":0,"method":"L-BFGS-B"},"convergence":0,"message":"CONVERGENCE: REL_REDUCTION_OF_F <= FACTR*EPSMCH","nat_par":{"lka":2.3893176813,"lcl":2.121215458,"lvc":2.9435969921,"CcPropSd":0.32349496852,"etaLcl":0.11874469827,"etaLvc":0.029547558145,"(etaLcl,etaLvc)":0.05771374782,"rho_(etaLcl,etaLvc)":0.97434186918},"failed_clients":[],"attempt":1,"files":{"result":"/project/temp/deferiprone_single_oral_25mgkg_designcheck_20260511/validation/design_change_n403030_wtmclustT10_nomix_site403030_nondesignquota_precisionchol_basefitbootinit_preboot_20260521/runs/scenario1/bootstrap/federated/scenario1/raw_runs/run_20260522-132356/optim_result_trial_437_20260522-132706.json","trace":"/project/temp/deferiprone_single_oral_25mgkg_designcheck_20260511/validation/design_change_n403030_wtmclustT10_nomix_site403030_nondesignquota_precisionchol_basefitbootinit_preboot_20260521/runs/scenario1/bootstrap/federated/scenario1/raw_runs/run_20260522-132356/optim_trace_trial_437_20260522-132706.csv","final":"/project/temp/deferiprone_single_oral_25mgkg_designcheck_20260511/validation/design_change_n403030_wtmclustT10_nomix_site403030_nondesignquota_precisionchol_basefitbootinit_preboot_20260521/runs/scenario1/bootstrap/federated/scenario1/raw_runs/run_20260522-132356/final_params_trial_437_20260522-132706.csv"},"log_n":19,"execution_state":"completed","trial":437,"attempts":1},{"tag":"trial_438_20260522-132931","value":2231.1604,"counts":[38,38],"control":{"maxit":100,"factr":1000000000,"pgtol":0,"trace":0,"method":"L-BFGS-B"},"convergence":0,"message":"CONVERGENCE: REL_REDUCTION_OF_F <= FACTR*EPSMCH","nat_par":{"lka":2.3673099768,"lcl":2.1658327196,"lvc":2.9977316684,"CcPropSd":0.3697366379,"etaLcl":0.11191012989,"etaLvc":0.057559478977,"(etaLcl,etaLvc)":0.079177776286,"rho_(etaLcl,etaLvc)":0.98652972043},"failed_clients":[],"attempt":1,"files":{"result":"/project/temp/deferiprone_single_oral_25mgkg_designcheck_20260511/validation/design_change_n403030_wtmclustT10_nomix_site403030_nondesignquota_precisionchol_basefitbootinit_preboot_20260521/runs/scenario1/bootstrap/federated/scenario1/raw_runs/run_20260522-132356/optim_result_trial_438_20260522-132931.json","trace":"/project/temp/deferiprone_single_oral_25mgkg_designcheck_20260511/validation/design_change_n403030_wtmclustT10_nomix_site403030_nondesignquota_precisionchol_basefitbootinit_preboot_20260521/runs/scenario1/bootstrap/federated/scenario1/raw_runs/run_20260522-132356/optim_trace_trial_438_20260522-132931.csv","final":"/project/temp/deferiprone_single_oral_25mgkg_designcheck_20260511/validation/design_change_n403030_wtmclustT10_nomix_site403030_nondesignquota_precisionchol_basefitbootinit_preboot_20260521/runs/scenario1/bootstrap/federated/scenario1/raw_runs/run_20260522-132356/final_params_trial_438_20260522-132931.csv"},"log_n":38,"execution_state":"completed","trial":438,"attempts":1},{"tag":"trial_439_20260522-133418","value":2189.7591,"counts":[34,34],"control":{"maxit":100,"factr":1000000000,"pgtol":0,"trace":0,"method":"L-BFGS-B"},"convergence":0,"message":"CONVERGENCE: REL_REDUCTION_OF_F <= FACTR*EPSMCH","nat_par":{"lka":2.2782053566,"lcl":2.2088450516,"lvc":2.9870069918,"CcPropSd":0.33996731802,"etaLcl":0.12532476775,"etaLvc":0.051730097518,"(etaLcl,etaLvc)":0.079314873988,"rho_(etaLcl,etaLvc)":0.98506419982},"failed_clients":[],"attempt":1,"files":{"result":"/project/temp/deferiprone_single_oral_25mgkg_designcheck_20260511/validation/design_change_n403030_wtmclustT10_nomix_site403030_nondesignquota_precisionchol_basefitbootinit_preboot_20260521/runs/scenario1/bootstrap/federated/scenario1/raw_runs/run_20260522-132356/optim_result_trial_439_20260522-133418.json","trace":"/project/temp/deferiprone_single_oral_25mgkg_designcheck_20260511/validation/design_change_n403030_wtmclustT10_nomix_site403030_nondesignquota_precisionchol_basefitbootinit_preboot_20260521/runs/scenario1/bootstrap/federated/scenario1/raw_runs/run_20260522-132356/optim_trace_trial_439_20260522-133418.csv","final":"/project/temp/deferiprone_single_oral_25mgkg_designcheck_20260511/validation/design_change_n403030_wtmclustT10_nomix_site403030_nondesignquota_precisionchol_basefitbootinit_preboot_20260521/runs/scenario1/bootstrap/federated/scenario1/raw_runs/run_20260522-132356/final_params_trial_439_20260522-133418.csv"},"log_n":34,"execution_state":"completed","trial":439,"attempts":1},{"tag":"trial_440_20260522-133839","value":2263.5896,"counts":[27,27],"control":{"maxit":100,"factr":1000000000,"pgtol":0,"trace":0,"method":"L-BFGS-B"},"convergence":0,"message":"CONVERGENCE: REL_REDUCTION_OF_F <= FACTR*EPSMCH","nat_par":{"lka":2.2286542577,"lcl":2.1832471053,"lvc":2.9849695713,"CcPropSd":0.402968589,"etaLcl":0.095163487337,"etaLvc":0.052182906481,"(etaLcl,etaLvc)":0.069423950338,"rho_(etaLcl,etaLvc)":0.98516736176},"failed_clients":[],"attempt":1,"files":{"result":"/project/temp/deferiprone_single_oral_25mgkg_designcheck_20260511/validation/design_change_n403030_wtmclustT10_nomix_site403030_nondesignquota_precisionchol_basefitbootinit_preboot_20260521/runs/scenario1/bootstrap/federated/scenario1/raw_runs/run_20260522-132356/optim_result_trial_440_20260522-133839.json","trace":"/project/temp/deferiprone_single_oral_25mgkg_designcheck_20260511/validation/design_change_n403030_wtmclustT10_nomix_site403030_nondesignquota_precisionchol_basefitbootinit_preboot_20260521/runs/scenario1/bootstrap/federated/scenario1/raw_runs/run_20260522-132356/optim_trace_trial_440_20260522-133839.csv","final":"/project/temp/deferiprone_single_oral_25mgkg_designcheck_20260511/validation/design_change_n403030_wtmclustT10_nomix_site403030_nondesignquota_precisionchol_basefitbootinit_preboot_20260521/runs/scenario1/bootstrap/federated/scenario1/raw_runs/run_20260522-132356/final_params_trial_440_20260522-133839.csv"},"log_n":27,"execution_state":"completed","trial":440,"attempts":1}],"trial_status":[{"trial":436,"execution_state":"completed","converged":true,"attempts":1,"convergence":0,"value":2177.8421,"eval_fn":25,"eval_gr":25,"log_n":25,"failed_clients_n":0,"message":"CONVERGENCE: REL_REDUCTION_OF_F <= FACTR*EPSMCH","result_file":"/project/temp/deferiprone_single_oral_25mgkg_designcheck_20260511/validation/design_change_n403030_wtmclustT10_nomix_site403030_nondesignquota_precisionchol_basefitbootinit_preboot_20260521/runs/scenario1/bootstrap/federated/scenario1/raw_runs/run_20260522-132356/optim_result_trial_436_20260522-132356.json","trace_file":"/project/temp/deferiprone_single_oral_25mgkg_designcheck_20260511/validation/design_change_n403030_wtmclustT10_nomix_site403030_nondesignquota_precisionchol_basefitbootinit_preboot_20260521/runs/scenario1/bootstrap/federated/scenario1/raw_runs/run_20260522-132356/optim_trace_trial_436_20260522-132356.csv","final_file":"/project/temp/deferiprone_single_oral_25mgkg_designcheck_20260511/validation/design_change_n403030_wtmclustT10_nomix_site403030_nondesignquota_precisionchol_basefitbootinit_preboot_20260521/runs/scenario1/bootstrap/federated/scenario1/raw_runs/run_20260522-132356/final_params_trial_436_20260522-132356.csv"},{"trial":437,"execution_state":"completed","converged":true,"attempts":1,"convergence":0,"value":2226.6127,"eval_fn":19,"eval_gr":19,"log_n":19,"failed_clients_n":0,"message":"CONVERGENCE: REL_REDUCTION_OF_F <= FACTR*EPSMCH","result_file":"/project/temp/deferiprone_single_oral_25mgkg_designcheck_20260511/validation/design_change_n403030_wtmclustT10_nomix_site403030_nondesignquota_precisionchol_basefitbootinit_preboot_20260521/runs/scenario1/bootstrap/federated/scenario1/raw_runs/run_20260522-132356/optim_result_trial_437_20260522-132706.json","trace_file":"/project/temp/deferiprone_single_oral_25mgkg_designcheck_20260511/validation/design_change_n403030_wtmclustT10_nomix_site403030_nondesignquota_precisionchol_basefitbootinit_preboot_20260521/runs/scenario1/bootstrap/federated/scenario1/raw_runs/run_20260522-132356/optim_trace_trial_437_20260522-132706.csv","final_file":"/project/temp/deferiprone_single_oral_25mgkg_designcheck_20260511/validation/design_change_n403030_wtmclustT10_nomix_site403030_nondesignquota_precisionchol_basefitbootinit_preboot_20260521/runs/scenario1/bootstrap/federated/scenario1/raw_runs/run_20260522-132356/final_params_trial_437_20260522-132706.csv"},{"trial":438,"execution_state":"completed","converged":true,"attempts":1,"convergence":0,"value":2231.1604,"eval_fn":38,"eval_gr":38,"log_n":38,"failed_clients_n":0,"message":"CONVERGENCE: REL_REDUCTION_OF_F <= FACTR*EPSMCH","result_file":"/project/temp/deferiprone_single_oral_25mgkg_designcheck_20260511/validation/design_change_n403030_wtmclustT10_nomix_site403030_nondesignquota_precisionchol_basefitbootinit_preboot_20260521/runs/scenario1/bootstrap/federated/scenario1/raw_runs/run_20260522-132356/optim_result_trial_438_20260522-132931.json","trace_file":"/project/temp/deferiprone_single_oral_25mgkg_designcheck_20260511/validation/design_change_n403030_wtmclustT10_nomix_site403030_nondesignquota_precisionchol_basefitbootinit_preboot_20260521/runs/scenario1/bootstrap/federated/scenario1/raw_runs/run_20260522-132356/optim_trace_trial_438_20260522-132931.csv","final_file":"/project/temp/deferiprone_single_oral_25mgkg_designcheck_20260511/validation/design_change_n403030_wtmclustT10_nomix_site403030_nondesignquota_precisionchol_basefitbootinit_preboot_20260521/runs/scenario1/bootstrap/federated/scenario1/raw_runs/run_20260522-132356/final_params_trial_438_20260522-132931.csv"},{"trial":439,"execution_state":"completed","converged":true,"attempts":1,"convergence":0,"value":2189.7591,"eval_fn":34,"eval_gr":34,"log_n":34,"failed_clients_n":0,"message":"CONVERGENCE: REL_REDUCTION_OF_F <= FACTR*EPSMCH","result_file":"/project/temp/deferiprone_single_oral_25mgkg_designcheck_20260511/validation/design_change_n403030_wtmclustT10_nomix_site403030_nondesignquota_precisionchol_basefitbootinit_preboot_20260521/runs/scenario1/bootstrap/federated/scenario1/raw_runs/run_20260522-132356/optim_result_trial_439_20260522-133418.json","trace_file":"/project/temp/deferiprone_single_oral_25mgkg_designcheck_20260511/validation/design_change_n403030_wtmclustT10_nomix_site403030_nondesignquota_precisionchol_basefitbootinit_preboot_20260521/runs/scenario1/bootstrap/federated/scenario1/raw_runs/run_20260522-132356/optim_trace_trial_439_20260522-133418.csv","final_file":"/project/temp/deferiprone_single_oral_25mgkg_designcheck_20260511/validation/design_change_n403030_wtmclustT10_nomix_site403030_nondesignquota_precisionchol_basefitbootinit_preboot_20260521/runs/scenario1/bootstrap/federated/scenario1/raw_runs/run_20260522-132356/final_params_trial_439_20260522-133418.csv"},{"trial":440,"execution_state":"completed","converged":true,"attempts":1,"convergence":0,"value":2263.5896,"eval_fn":27,"eval_gr":27,"log_n":27,"failed_clients_n":0,"message":"CONVERGENCE: REL_REDUCTION_OF_F <= FACTR*EPSMCH","result_file":"/project/temp/deferiprone_single_oral_25mgkg_designcheck_20260511/validation/design_change_n403030_wtmclustT10_nomix_site403030_nondesignquota_precisionchol_basefitbootinit_preboot_20260521/runs/scenario1/bootstrap/federated/scenario1/raw_runs/run_20260522-132356/optim_result_trial_440_20260522-133839.json","trace_file":"/project/temp/deferiprone_single_oral_25mgkg_designcheck_20260511/validation/design_change_n403030_wtmclustT10_nomix_site403030_nondesignquota_precisionchol_basefitbootinit_preboot_20260521/runs/scenario1/bootstrap/federated/scenario1/raw_runs/run_20260522-132356/optim_trace_trial_440_20260522-133839.csv","final_file":"/project/temp/deferiprone_single_oral_25mgkg_designcheck_20260511/validation/design_change_n403030_wtmclustT10_nomix_site403030_nondesignquota_precisionchol_basefitbootinit_preboot_20260521/runs/scenario1/bootstrap/federated/scenario1/raw_runs/run_20260522-132356/final_params_trial_440_20260522-133839.csv"}],"info":{"run_id":"20260522-132356","log_base_dir":"/project/temp/deferiprone_single_oral_25mgkg_designcheck_20260511/validation/design_change_n403030_wtmclustT10_nomix_site403030_nondesignquota_precisionchol_basefitbootinit_preboot_20260521/runs/scenario1/bootstrap/federated","scenario":"scenario1/raw_runs","total_trials":5,"successes":5,"failures":0,"nonconverged_count":0,"nonconverged_trials":[],"convergence_missing_count":0,"seed_base":4869,"B_per_client":500,"duration_sec":1096.6442747116,"host":"23a694c2e65b","image_tag":null,"communication":{"generated_at":"2026-05-22T13:42:07Z","totals":{"requests":861,"request_bytes":959451,"response_bytes":218387,"total_bytes":1177838,"retries":0},"init":{"requests":3,"request_bytes":8139,"response_bytes":1161,"total_bytes":9300,"retries":0,"median_elapsed_sec":0.36245274544},"init_round_latency":{"n_rounds":1,"median_round_wall_sec":0.36578941345,"p95_round_wall_sec":0.36578941345},"run":{"requests":0,"request_bytes":0,"response_bytes":0,"total_bytes":0,"retries":0,"median_elapsed_sec":"NA"},"run_bootstrap":{"requests":858,"request_bytes":951312,"response_bytes":217226,"total_bytes":1168538,"retries":0,"median_elapsed_sec":3.6571474075},"round_latency":{"n_rounds":286,"median_round_wall_sec":3.7615346909,"p95_round_wall_sec":4.0743582249},"timing_split":{"n_rounds":286,"rounds_with_compute":286,"total_round_wall_sec":1084.8226132393,"total_round_compute_wall_sec":1075.3702,"total_round_comm_overhead_wall_sec":9.4524132393,"comm_overhead_ratio":0.0087133261456,"compute_ratio":0.99128667385}},"communication_files":{"csv":"/project/temp/deferiprone_single_oral_25mgkg_designcheck_20260511/validation/design_change_n403030_wtmclustT10_nomix_site403030_nondesignquota_precisionchol_basefitbootinit_preboot_20260521/runs/scenario1/bootstrap/federated/scenario1/raw_runs/run_20260522-132356/comm_metrics.csv","json":"/project/temp/deferiprone_single_oral_25mgkg_designcheck_20260511/validation/design_change_n403030_wtmclustT10_nomix_site403030_nondesignquota_precisionchol_basefitbootinit_preboot_20260521/runs/scenario1/bootstrap/federated/scenario1/raw_runs/run_20260522-132356/comm_metrics.json"},"output_files":{"bootstrap_summary_csv":"/project/temp/deferiprone_single_oral_25mgkg_designcheck_20260511/validation/design_change_n403030_wtmclustT10_nomix_site403030_nondesignquota_precisionchol_basefitbootinit_preboot_20260521/runs/scenario1/bootstrap/federated/scenario1/raw_runs/run_20260522-132356/bootstrap_summary.csv","bootstrap_summary_json":"/project/temp/deferiprone_single_oral_25mgkg_designcheck_20260511/validation/design_change_n403030_wtmclustT10_nomix_site403030_nondesignquota_precisionchol_basefitbootinit_preboot_20260521/runs/scenario1/bootstrap/federated/scenario1/raw_runs/run_20260522-132356/bootstrap_summary.json","trial_status_csv":"/project/temp/deferiprone_single_oral_25mgkg_designcheck_20260511/validation/design_change_n403030_wtmclustT10_nomix_site403030_nondesignquota_precisionchol_basefitbootinit_preboot_20260521/runs/scenario1/bootstrap/federated/scenario1/raw_runs/run_20260522-132356/trial_status.csv","failed_trials_csv":"/project/temp/deferiprone_single_oral_25mgkg_designcheck_20260511/validation/design_change_n403030_wtmclustT10_nomix_site403030_nondesignquota_precisionchol_basefitbootinit_preboot_20260521/runs/scenario1/bootstrap/federated/scenario1/raw_runs/run_20260522-132356/failed_trials.csv","trial_estimates_wide_csv":"/project/temp/deferiprone_single_oral_25mgkg_designcheck_20260511/validation/design_change_n403030_wtmclustT10_nomix_site403030_nondesignquota_precisionchol_basefitbootinit_preboot_20260521/runs/scenario1/bootstrap/federated/scenario1/raw_runs/run_20260522-132356/trial_estimates_wide.csv","trial_estimates_long_csv":"/project/temp/deferiprone_single_oral_25mgkg_designcheck_20260511/validation/design_change_n403030_wtmclustT10_nomix_site403030_nondesignquota_precisionchol_basefitbootinit_preboot_20260521/runs/scenario1/bootstrap/federated/scenario1/raw_runs/run_20260522-132356/trial_estimates_long.csv","result_json":"/project/temp/deferiprone_single_oral_25mgkg_designcheck_20260511/validation/design_change_n403030_wtmclustT10_nomix_site403030_nondesignquota_precisionchol_basefitbootinit_preboot_20260521/runs/scenario1/bootstrap/federated/scenario1/raw_runs/run_20260522-132356/result.json"}}}
[Kserver-1 exited with code 0
Aborting on container exit...
 Container defboot_design_change_n403030_wtmclu_scenario1_436_440-server-1  Stopping
 Container defboot_design_change_n403030_wtmclu_scenario1_436_440-server-1  Stopped
 Container defboot_design_change_n403030_wtmclu_scenario1_436_440-client2-1  Stopping
 Container defboot_design_change_n403030_wtmclu_scenario1_436_440-client3-1  Stopping
 Container defboot_design_change_n403030_wtmclu_scenario1_436_440-client1-1  Stopping
 Container defboot_design_change_n403030_wtmclu_scenario1_436_440-client2-1  Stopped
 Container defboot_design_change_n403030_wtmclu_scenario1_436_440-client3-1  Stopped
 Container defboot_design_change_n403030_wtmclu_scenario1_436_440-client1-1  Stopped
time="2026-05-22T22:42:18+09:00" level=warning msg="The \"SERVER_CONFIG_PATH\" variable is not set. Defaulting to a blank string."
 Container defboot_design_change_n403030_wtmclu_scenario1_436_440-server-1  Stopping
 Container defboot_design_change_n403030_wtmclu_scenario1_436_440-server-1  Stopped
 Container defboot_design_change_n403030_wtmclu_scenario1_436_440-server-1  Removing
 Container defboot_design_change_n403030_wtmclu_scenario1_436_440-server-1  Removed
 Container defboot_design_change_n403030_wtmclu_scenario1_436_440-client3-1  Stopping
 Container defboot_design_change_n403030_wtmclu_scenario1_436_440-client1-1  Stopping
 Container defboot_design_change_n403030_wtmclu_scenario1_436_440-client2-1  Stopping
 Container defboot_design_change_n403030_wtmclu_scenario1_436_440-client3-1  Stopped
 Container defboot_design_change_n403030_wtmclu_scenario1_436_440-client3-1  Removing
 Container defboot_design_change_n403030_wtmclu_scenario1_436_440-client1-1  Stopped
 Container defboot_design_change_n403030_wtmclu_scenario1_436_440-client1-1  Removing
 Container defboot_design_change_n403030_wtmclu_scenario1_436_440-client2-1  Stopped
 Container defboot_design_change_n403030_wtmclu_scenario1_436_440-client2-1  Removing
 Container defboot_design_change_n403030_wtmclu_scenario1_436_440-client1-1  Removed
 Container defboot_design_change_n403030_wtmclu_scenario1_436_440-client3-1  Removed
 Container defboot_design_change_n403030_wtmclu_scenario1_436_440-client2-1  Removed
 Network defboot_design_change_n403030_wtmclu_scenario1_436_440_site2_net  Removing
 Network defboot_design_change_n403030_wtmclu_scenario1_436_440_site3_net  Removing
 Network defboot_design_change_n403030_wtmclu_scenario1_436_440_site1_net  Removing
 Network defboot_design_change_n403030_wtmclu_scenario1_436_440_site3_net  Removed
 Network defboot_design_change_n403030_wtmclu_scenario1_436_440_site1_net  Removed
 Network defboot_design_change_n403030_wtmclu_scenario1_436_440_site2_net  Removed
