time="2026-05-22T15:48:35+09:00" level=warning msg="The \"SERVER_CONFIG_PATH\" variable is not set. Defaulting to a blank string."
Compose now can delegate build to bake for better performances
Just set COMPOSE_BAKE=true
#0 building with "default" instance using docker driver

#1 [client1 internal] load build definition from Dockerfile.app
#1 transferring dockerfile: 778B done
#1 DONE 0.0s

#2 [client2 internal] load build definition from Dockerfile.app
#2 transferring dockerfile: 778B done
#2 DONE 0.0s

#3 [client3 internal] load build definition from Dockerfile.app
#3 transferring dockerfile: 778B done
#3 DONE 0.0s

#4 [client3 internal] load metadata for docker.io/fedpoppk/base:0.1.0
#4 DONE 0.0s

#5 [client1 internal] load .dockerignore
#5 transferring context: 2B done
#5 DONE 0.0s

#6 [client2 internal] load .dockerignore
#6 transferring context: 2B done
#6 DONE 0.0s

#7 [client3 internal] load .dockerignore
#7 transferring context: 2B done
#7 DONE 0.0s

#8 [client3 1/8] FROM docker.io/fedpoppk/base:0.1.0
#8 DONE 0.0s

#9 [client1 internal] load build context
#9 transferring context: 736.51kB 0.3s done
#9 DONE 0.3s

#10 [client3 internal] load build context
#10 transferring context: 736.51kB 0.3s done
#10 DONE 0.3s

#11 [client2 internal] load build context
#11 transferring context: 736.51kB 0.3s done
#11 DONE 0.3s

#12 [client1 4/8] RUN Rscript -e "options(renv.consent=TRUE, Ncpus=parallel::detectCores());                 renv::restore(prompt=FALSE)"
#12 CACHED

#13 [client1 3/8] COPY renv.lock .Rprofile renv/activate.R ./
#13 CACHED

#14 [client1 5/8] COPY apps/ apps/
#14 CACHED

#15 [client1 7/8] COPY analysis/ analysis/
#15 CACHED

#16 [client1 6/8] COPY R/ R/
#16 CACHED

#17 [client1 2/8] WORKDIR /project
#17 CACHED

#18 [client2 8/8] RUN mkdir -p /project/configs/modes /project/data /project/artifacts /project/result
#18 CACHED

#19 [client1] exporting to image
#19 exporting layers done
#19 writing image sha256:295390a772d84c1c1eb37262d0a5083f5cfe4406d76c5876f9daa8d5bf2e6095 done
#19 naming to docker.io/library/defboot_design_change_n403030_wtmclu_scenario1_311_315-client1 0.0s done
#19 DONE 0.0s

#20 [client2] exporting to image
#20 exporting layers done
#20 writing image sha256:69af9d08d506ac39465c55aeb8bddfa1d5d258e5058066f9a47bbf93d3d4b4b7 done
#20 naming to docker.io/library/defboot_design_change_n403030_wtmclu_scenario1_311_315-client2 0.0s done
#20 DONE 0.0s

#21 [client3] exporting to image
#21 exporting layers done
#21 writing image sha256:63436c0a9f9d5545a42a5106525632a328aa0787f9e81a9ab3131a2470379ff0 done
#21 naming to docker.io/library/defboot_design_change_n403030_wtmclu_scenario1_311_315-client3 0.1s done
#21 DONE 0.1s

#22 [client1] resolving provenance for metadata file
#22 DONE 0.0s

#23 [client2] resolving provenance for metadata file
#23 DONE 0.0s

#24 [client3] resolving provenance for metadata file
#24 DONE 0.0s

#25 [server internal] load build definition from Dockerfile.app
#25 transferring dockerfile: 778B done
#25 DONE 0.0s

#4 [server internal] load metadata for docker.io/fedpoppk/base:0.1.0
#4 DONE 0.0s

#26 [server internal] load .dockerignore
#26 transferring context: 2B done
#26 DONE 0.0s

#8 [server 1/8] FROM docker.io/fedpoppk/base:0.1.0
#8 DONE 0.0s

#27 [server internal] load build context
#27 transferring context: 736.51kB 0.4s done
#27 DONE 0.4s

#28 [server 7/8] COPY analysis/ analysis/
#28 CACHED

#29 [server 3/8] COPY renv.lock .Rprofile renv/activate.R ./
#29 CACHED

#30 [server 4/8] RUN Rscript -e "options(renv.consent=TRUE, Ncpus=parallel::detectCores());                 renv::restore(prompt=FALSE)"
#30 CACHED

#31 [server 6/8] COPY R/ R/
#31 CACHED

#17 [server 2/8] WORKDIR /project
#17 CACHED

#32 [server 5/8] COPY apps/ apps/
#32 CACHED

#33 [server 8/8] RUN mkdir -p /project/configs/modes /project/data /project/artifacts /project/result
#33 CACHED

#34 [server] exporting to image
#34 exporting layers done
#34 writing image sha256:f276da9afcd2fa3ae5399346f12b6936419c095e563e1072e8428cd67301819a done
#34 naming to docker.io/library/defboot_design_change_n403030_wtmclu_scenario1_311_315-server 0.0s done
#34 DONE 0.0s

#35 [server] resolving provenance for metadata file
#35 DONE 0.0s
 client1  Built
 client2  Built
 client3  Built
 server  Built
 Network defboot_design_change_n403030_wtmclu_scenario1_311_315_site2_net  Creating
 Network defboot_design_change_n403030_wtmclu_scenario1_311_315_site2_net  Created
 Network defboot_design_change_n403030_wtmclu_scenario1_311_315_site3_net  Creating
 Network defboot_design_change_n403030_wtmclu_scenario1_311_315_site3_net  Created
 Network defboot_design_change_n403030_wtmclu_scenario1_311_315_site1_net  Creating
 Network defboot_design_change_n403030_wtmclu_scenario1_311_315_site1_net  Created
 Container defboot_design_change_n403030_wtmclu_scenario1_311_315-client1-1  Creating
 Container defboot_design_change_n403030_wtmclu_scenario1_311_315-client3-1  Creating
 Container defboot_design_change_n403030_wtmclu_scenario1_311_315-client2-1  Creating
 Container defboot_design_change_n403030_wtmclu_scenario1_311_315-client2-1  Created
 Container defboot_design_change_n403030_wtmclu_scenario1_311_315-client1-1  Created
 Container defboot_design_change_n403030_wtmclu_scenario1_311_315-client3-1  Created
 Container defboot_design_change_n403030_wtmclu_scenario1_311_315-server-1  Creating
 Container defboot_design_change_n403030_wtmclu_scenario1_311_315-server-1  Created
Attaching to client1-1, client2-1, client3-1, server-1
client2-1  | Running plumber API at http://0.0.0.0:8000
client3-1  | Running plumber API at http://0.0.0.0:8000
client2-1  | Running swagger Docs at http://127.0.0.1:8000/__docs__/
client3-1  | Running swagger Docs at http://127.0.0.1:8000/__docs__/
client1-1  | Running plumber API at http://0.0.0.0:8000
client1-1  | Running swagger Docs at http://127.0.0.1:8000/__docs__/
client1-1  | ℹ parameter labels from comments are typically ignored in non-interactive mode
client1-1  | ℹ Need to run with the source intact to parse comments
client2-1  | ℹ parameter labels from comments are typically ignored in non-interactive mode
client2-1  | ℹ Need to run with the source intact to parse comments
client3-1  | ℹ parameter labels from comments are typically ignored in non-interactive mode
client3-1  | ℹ Need to run with the source intact to parse comments
server-1   | [send_init] http://client1:8000 init succeeded
server-1   | [send_init] http://client2:8000 init succeeded
server-1   | [send_init] http://client3:8000 init succeeded
server-1   | {"schema":{"schema_version":"1.1.0","generated_at":"2026-05-22T06:48:44Z","config_path":"/project/configs/../temp/deferiprone_single_oral_25mgkg_designcheck_20260511/validation/design_change_n403030_wtmclustT10_nomix_site403030_nondesignquota_precisionchol_basefitbootinit_preboot_20260521/configs/resolved/scenario1_bootstrap.json","config_md5":"9d7556058a6c3cb18af9ad7ffdd7076b","seed":4869,"host":"b105b949b05f","pid":1,"image_tag":null,"git_sha":null,"git_dirty":null},"aggregation":{"ci_method":"percentile","ci_level":0.95,"quantile_type":7,"estimates_scale":"natural"},"summary":[{"parameter":"(etaLcl,etaLvc)","median":0.06829066115,"p2.5":0.060769725972,"p97.5":0.074624622194},{"parameter":"CcPropSd","median":0.36461112553,"p2.5":0.33761243752,"p97.5":0.36866531667},{"parameter":"etaLcl","median":0.11191016662,"p2.5":0.10079132748,"p97.5":0.12678270568},{"parameter":"etaLvc","median":0.044248724493,"p2.5":0.034411801154,"p97.5":0.046046520626},{"parameter":"lcl","median":2.1436279527,"p2.5":2.1119587019,"p97.5":2.2223579518},{"parameter":"lka","median":2.1042022095,"p2.5":2.0051654986,"p97.5":2.3058271325},{"parameter":"lvc","median":2.9627807938,"p2.5":2.9159071873,"p97.5":2.9955651467},{"parameter":"rho_(etaLcl,etaLvc)","median":0.98259764994,"p2.5":0.97780265189,"p97.5":0.98327626999}],"runs":[{"tag":"trial_311_20260522-064844","value":2221.6065,"counts":[17,17],"control":{"maxit":100,"factr":1000000000,"pgtol":0,"trace":0,"method":"L-BFGS-B"},"convergence":0,"message":"CONVERGENCE: REL_REDUCTION_OF_F <= FACTR*EPSMCH","nat_par":{"lka":2.1042022095,"lcl":2.112061748,"lvc":2.9196440009,"CcPropSd":0.33533320212,"etaLcl":0.11191016662,"etaLvc":0.033963526644,"(etaLcl,etaLvc)":0.060266972545,"rho_(etaLcl,etaLvc)":0.97754827742},"failed_clients":[],"attempt":1,"files":{"result":"/project/temp/deferiprone_single_oral_25mgkg_designcheck_20260511/validation/design_change_n403030_wtmclustT10_nomix_site403030_nondesignquota_precisionchol_basefitbootinit_preboot_20260521/runs/scenario1/bootstrap/federated/scenario1/raw_runs/run_20260522-064844/optim_result_trial_311_20260522-064844.json","trace":"/project/temp/deferiprone_single_oral_25mgkg_designcheck_20260511/validation/design_change_n403030_wtmclustT10_nomix_site403030_nondesignquota_precisionchol_basefitbootinit_preboot_20260521/runs/scenario1/bootstrap/federated/scenario1/raw_runs/run_20260522-064844/optim_trace_trial_311_20260522-064844.csv","final":"/project/temp/deferiprone_single_oral_25mgkg_designcheck_20260511/validation/design_change_n403030_wtmclustT10_nomix_site403030_nondesignquota_precisionchol_basefitbootinit_preboot_20260521/runs/scenario1/bootstrap/federated/scenario1/raw_runs/run_20260522-064844/final_params_trial_311_20260522-064844.csv"},"log_n":17,"execution_state":"completed","trial":311,"attempts":1},{"tag":"trial_312_20260522-065053","value":2211.9704,"counts":[23,23],"control":{"maxit":100,"factr":1000000000,"pgtol":0,"trace":0,"method":"L-BFGS-B"},"convergence":0,"message":"CONVERGENCE: REL_REDUCTION_OF_F <= FACTR*EPSMCH","nat_par":{"lka":1.999510726,"lcl":2.2277381442,"lvc":2.9982691459,"CcPropSd":0.36898251214,"etaLcl":0.10977417644,"etaLvc":0.045434532323,"(etaLcl,etaLvc)":0.069425206832,"rho_(etaLcl,etaLvc)":0.98304649135},"failed_clients":[],"attempt":1,"files":{"result":"/project/temp/deferiprone_single_oral_25mgkg_designcheck_20260511/validation/design_change_n403030_wtmclustT10_nomix_site403030_nondesignquota_precisionchol_basefitbootinit_preboot_20260521/runs/scenario1/bootstrap/federated/scenario1/raw_runs/run_20260522-064844/optim_result_trial_312_20260522-065053.json","trace":"/project/temp/deferiprone_single_oral_25mgkg_designcheck_20260511/validation/design_change_n403030_wtmclustT10_nomix_site403030_nondesignquota_precisionchol_basefitbootinit_preboot_20260521/runs/scenario1/bootstrap/federated/scenario1/raw_runs/run_20260522-064844/optim_trace_trial_312_20260522-065053.csv","final":"/project/temp/deferiprone_single_oral_25mgkg_designcheck_20260511/validation/design_change_n403030_wtmclustT10_nomix_site403030_nondesignquota_precisionchol_basefitbootinit_preboot_20260521/runs/scenario1/bootstrap/federated/scenario1/raw_runs/run_20260522-064844/final_params_trial_312_20260522-065053.csv"},"log_n":23,"execution_state":"completed","trial":312,"attempts":1},{"tag":"trial_313_20260522-065346","value":2275.404,"counts":[15,15],"control":{"maxit":100,"factr":1000000000,"pgtol":0,"trace":0,"method":"L-BFGS-B"},"convergence":0,"message":"CONVERGENCE: REL_REDUCTION_OF_F <= FACTR*EPSMCH","nat_par":{"lka":2.3094174121,"lcl":2.1119472523,"lvc":2.9627807938,"CcPropSd":0.36461112553,"etaLcl":0.12683855793,"etaLvc":0.046114519327,"(etaLcl,etaLvc)":0.075202335012,"rho_(etaLcl,etaLvc)":0.98330180095},"failed_clients":[],"attempt":1,"files":{"result":"/project/temp/deferiprone_single_oral_25mgkg_designcheck_20260511/validation/design_change_n403030_wtmclustT10_nomix_site403030_nondesignquota_precisionchol_basefitbootinit_preboot_20260521/runs/scenario1/bootstrap/federated/scenario1/raw_runs/run_20260522-064844/optim_result_trial_313_20260522-065346.json","trace":"/project/temp/deferiprone_single_oral_25mgkg_designcheck_20260511/validation/design_change_n403030_wtmclustT10_nomix_site403030_nondesignquota_precisionchol_basefitbootinit_preboot_20260521/runs/scenario1/bootstrap/federated/scenario1/raw_runs/run_20260522-064844/optim_trace_trial_313_20260522-065346.csv","final":"/project/temp/deferiprone_single_oral_25mgkg_designcheck_20260511/validation/design_change_n403030_wtmclustT10_nomix_site403030_nondesignquota_precisionchol_basefitbootinit_preboot_20260521/runs/scenario1/bootstrap/federated/scenario1/raw_runs/run_20260522-064844/final_params_trial_313_20260522-065346.csv"},"log_n":15,"execution_state":"completed","trial":313,"attempts":1},{"tag":"trial_314_20260522-065539","value":2237.8699,"counts":[20,20],"control":{"maxit":100,"factr":1000000000,"pgtol":0,"trace":0,"method":"L-BFGS-B"},"convergence":0,"message":"CONVERGENCE: REL_REDUCTION_OF_F <= FACTR*EPSMCH","nat_par":{"lka":2.056058452,"lcl":2.1436279527,"lvc":2.9154919858,"CcPropSd":0.36581055739,"etaLcl":0.099793233147,"etaLvc":0.044248724493,"(etaLcl,etaLvc)":0.065294506819,"rho_(etaLcl,etaLvc)":0.98259764994},"failed_clients":[],"attempt":1,"files":{"result":"/project/temp/deferiprone_single_oral_25mgkg_designcheck_20260511/validation/design_change_n403030_wtmclustT10_nomix_site403030_nondesignquota_precisionchol_basefitbootinit_preboot_20260521/runs/scenario1/bootstrap/federated/scenario1/raw_runs/run_20260522-064844/optim_result_trial_314_20260522-065539.json","trace":"/project/temp/deferiprone_single_oral_25mgkg_designcheck_20260511/validation/design_change_n403030_wtmclustT10_nomix_site403030_nondesignquota_precisionchol_basefitbootinit_preboot_20260521/runs/scenario1/bootstrap/federated/scenario1/raw_runs/run_20260522-064844/optim_trace_trial_314_20260522-065539.csv","final":"/project/temp/deferiprone_single_oral_25mgkg_designcheck_20260511/validation/design_change_n403030_wtmclustT10_nomix_site403030_nondesignquota_precisionchol_basefitbootinit_preboot_20260521/runs/scenario1/bootstrap/federated/scenario1/raw_runs/run_20260522-064844/final_params_trial_314_20260522-065539.csv"},"log_n":20,"execution_state":"completed","trial":314,"attempts":1},{"tag":"trial_315_20260522-065811","value":2248.8551,"counts":[27,27],"control":{"maxit":100,"factr":1000000000,"pgtol":0,"trace":0,"method":"L-BFGS-B"},"convergence":0,"message":"CONVERGENCE: REL_REDUCTION_OF_F <= FACTR*EPSMCH","nat_par":{"lka":2.2735146166,"lcl":2.1739362202,"lvc":2.9712291544,"CcPropSd":0.35812555606,"etaLcl":0.12628003548,"etaLvc":0.038446271743,"(etaLcl,etaLvc)":0.06829066115,"rho_(etaLcl,etaLvc)":0.9800920221},"failed_clients":[],"attempt":1,"files":{"result":"/project/temp/deferiprone_single_oral_25mgkg_designcheck_20260511/validation/design_change_n403030_wtmclustT10_nomix_site403030_nondesignquota_precisionchol_basefitbootinit_preboot_20260521/runs/scenario1/bootstrap/federated/scenario1/raw_runs/run_20260522-064844/optim_result_trial_315_20260522-065811.json","trace":"/project/temp/deferiprone_single_oral_25mgkg_designcheck_20260511/validation/design_change_n403030_wtmclustT10_nomix_site403030_nondesignquota_precisionchol_basefitbootinit_preboot_20260521/runs/scenario1/bootstrap/federated/scenario1/raw_runs/run_20260522-064844/optim_trace_trial_315_20260522-065811.csv","final":"/project/temp/deferiprone_single_oral_25mgkg_designcheck_20260511/validation/design_change_n403030_wtmclustT10_nomix_site403030_nondesignquota_precisionchol_basefitbootinit_preboot_20260521/runs/scenario1/bootstrap/federated/scenario1/raw_runs/run_20260522-064844/final_params_trial_315_20260522-065811.csv"},"log_n":27,"execution_state":"completed","trial":315,"attempts":1}],"trial_status":[{"trial":311,"execution_state":"completed","converged":true,"attempts":1,"convergence":0,"value":2221.6065,"eval_fn":17,"eval_gr":17,"log_n":17,"failed_clients_n":0,"message":"CONVERGENCE: REL_REDUCTION_OF_F <= FACTR*EPSMCH","result_file":"/project/temp/deferiprone_single_oral_25mgkg_designcheck_20260511/validation/design_change_n403030_wtmclustT10_nomix_site403030_nondesignquota_precisionchol_basefitbootinit_preboot_20260521/runs/scenario1/bootstrap/federated/scenario1/raw_runs/run_20260522-064844/optim_result_trial_311_20260522-064844.json","trace_file":"/project/temp/deferiprone_single_oral_25mgkg_designcheck_20260511/validation/design_change_n403030_wtmclustT10_nomix_site403030_nondesignquota_precisionchol_basefitbootinit_preboot_20260521/runs/scenario1/bootstrap/federated/scenario1/raw_runs/run_20260522-064844/optim_trace_trial_311_20260522-064844.csv","final_file":"/project/temp/deferiprone_single_oral_25mgkg_designcheck_20260511/validation/design_change_n403030_wtmclustT10_nomix_site403030_nondesignquota_precisionchol_basefitbootinit_preboot_20260521/runs/scenario1/bootstrap/federated/scenario1/raw_runs/run_20260522-064844/final_params_trial_311_20260522-064844.csv"},{"trial":312,"execution_state":"completed","converged":true,"attempts":1,"convergence":0,"value":2211.9704,"eval_fn":23,"eval_gr":23,"log_n":23,"failed_clients_n":0,"message":"CONVERGENCE: REL_REDUCTION_OF_F <= FACTR*EPSMCH","result_file":"/project/temp/deferiprone_single_oral_25mgkg_designcheck_20260511/validation/design_change_n403030_wtmclustT10_nomix_site403030_nondesignquota_precisionchol_basefitbootinit_preboot_20260521/runs/scenario1/bootstrap/federated/scenario1/raw_runs/run_20260522-064844/optim_result_trial_312_20260522-065053.json","trace_file":"/project/temp/deferiprone_single_oral_25mgkg_designcheck_20260511/validation/design_change_n403030_wtmclustT10_nomix_site403030_nondesignquota_precisionchol_basefitbootinit_preboot_20260521/runs/scenario1/bootstrap/federated/scenario1/raw_runs/run_20260522-064844/optim_trace_trial_312_20260522-065053.csv","final_file":"/project/temp/deferiprone_single_oral_25mgkg_designcheck_20260511/validation/design_change_n403030_wtmclustT10_nomix_site403030_nondesignquota_precisionchol_basefitbootinit_preboot_20260521/runs/scenario1/bootstrap/federated/scenario1/raw_runs/run_20260522-064844/final_params_trial_312_20260522-065053.csv"},{"trial":313,"execution_state":"completed","converged":true,"attempts":1,"convergence":0,"value":2275.404,"eval_fn":15,"eval_gr":15,"log_n":15,"failed_clients_n":0,"message":"CONVERGENCE: REL_REDUCTION_OF_F <= FACTR*EPSMCH","result_file":"/project/temp/deferiprone_single_oral_25mgkg_designcheck_20260511/validation/design_change_n403030_wtmclustT10_nomix_site403030_nondesignquota_precisionchol_basefitbootinit_preboot_20260521/runs/scenario1/bootstrap/federated/scenario1/raw_runs/run_20260522-064844/optim_result_trial_313_20260522-065346.json","trace_file":"/project/temp/deferiprone_single_oral_25mgkg_designcheck_20260511/validation/design_change_n403030_wtmclustT10_nomix_site403030_nondesignquota_precisionchol_basefitbootinit_preboot_20260521/runs/scenario1/bootstrap/federated/scenario1/raw_runs/run_20260522-064844/optim_trace_trial_313_20260522-065346.csv","final_file":"/project/temp/deferiprone_single_oral_25mgkg_designcheck_20260511/validation/design_change_n403030_wtmclustT10_nomix_site403030_nondesignquota_precisionchol_basefitbootinit_preboot_20260521/runs/scenario1/bootstrap/federated/scenario1/raw_runs/run_20260522-064844/final_params_trial_313_20260522-065346.csv"},{"trial":314,"execution_state":"completed","converged":true,"attempts":1,"convergence":0,"value":2237.8699,"eval_fn":20,"eval_gr":20,"log_n":20,"failed_clients_n":0,"message":"CONVERGENCE: REL_REDUCTION_OF_F <= FACTR*EPSMCH","result_file":"/project/temp/deferiprone_single_oral_25mgkg_designcheck_20260511/validation/design_change_n403030_wtmclustT10_nomix_site403030_nondesignquota_precisionchol_basefitbootinit_preboot_20260521/runs/scenario1/bootstrap/federated/scenario1/raw_runs/run_20260522-064844/optim_result_trial_314_20260522-065539.json","trace_file":"/project/temp/deferiprone_single_oral_25mgkg_designcheck_20260511/validation/design_change_n403030_wtmclustT10_nomix_site403030_nondesignquota_precisionchol_basefitbootinit_preboot_20260521/runs/scenario1/bootstrap/federated/scenario1/raw_runs/run_20260522-064844/optim_trace_trial_314_20260522-065539.csv","final_file":"/project/temp/deferiprone_single_oral_25mgkg_designcheck_20260511/validation/design_change_n403030_wtmclustT10_nomix_site403030_nondesignquota_precisionchol_basefitbootinit_preboot_20260521/runs/scenario1/bootstrap/federated/scenario1/raw_runs/run_20260522-064844/final_params_trial_314_20260522-065539.csv"},{"trial":315,"execution_state":"completed","converged":true,"attempts":1,"convergence":0,"value":2248.8551,"eval_fn":27,"eval_gr":27,"log_n":27,"failed_clients_n":0,"message":"CONVERGENCE: REL_REDUCTION_OF_F <= FACTR*EPSMCH","result_file":"/project/temp/deferiprone_single_oral_25mgkg_designcheck_20260511/validation/design_change_n403030_wtmclustT10_nomix_site403030_nondesignquota_precisionchol_basefitbootinit_preboot_20260521/runs/scenario1/bootstrap/federated/scenario1/raw_runs/run_20260522-064844/optim_result_trial_315_20260522-065811.json","trace_file":"/project/temp/deferiprone_single_oral_25mgkg_designcheck_20260511/validation/design_change_n403030_wtmclustT10_nomix_site403030_nondesignquota_precisionchol_basefitbootinit_preboot_20260521/runs/scenario1/bootstrap/federated/scenario1/raw_runs/run_20260522-064844/optim_trace_trial_315_20260522-065811.csv","final_file":"/project/temp/deferiprone_single_oral_25mgkg_designcheck_20260511/validation/design_change_n403030_wtmclustT10_nomix_site403030_nondesignquota_precisionchol_basefitbootinit_preboot_20260521/runs/scenario1/bootstrap/federated/scenario1/raw_runs/run_20260522-064844/final_params_trial_315_20260522-065811.csv"}],"info":{"run_id":"20260522-064844","log_base_dir":"/project/temp/deferiprone_single_oral_25mgkg_designcheck_20260511/validation/design_change_n403030_wtmclustT10_nomix_site403030_nondesignquota_precisionchol_basefitbootinit_preboot_20260521/runs/scenario1/bootstrap/federated","scenario":"scenario1/raw_runs","total_trials":5,"successes":5,"failures":0,"nonconverged_count":0,"nonconverged_trials":[],"convergence_missing_count":0,"seed_base":4869,"B_per_client":500,"duration_sec":780.20677948,"host":"b105b949b05f","image_tag":null,"communication":{"generated_at":"2026-05-22T07:01:38Z","totals":{"requests":615,"request_bytes":686451,"response_bytes":156190,"total_bytes":842641,"retries":0},"init":{"requests":3,"request_bytes":8139,"response_bytes":1161,"total_bytes":9300,"retries":0,"median_elapsed_sec":0.36412382126},"init_round_latency":{"n_rounds":1,"median_round_wall_sec":0.36909532547,"p95_round_wall_sec":0.36909532547},"run":{"requests":0,"request_bytes":0,"response_bytes":0,"total_bytes":0,"retries":0,"median_elapsed_sec":"NA"},"run_bootstrap":{"requests":612,"request_bytes":678312,"response_bytes":155029,"total_bytes":833341,"retries":0,"median_elapsed_sec":3.6377738714},"round_latency":{"n_rounds":204,"median_round_wall_sec":3.7474296093,"p95_round_wall_sec":4.0261424541},"timing_split":{"n_rounds":204,"rounds_with_compute":204,"total_round_wall_sec":769.9493136406,"total_round_compute_wall_sec":763.1748,"total_round_comm_overhead_wall_sec":6.7745136406,"comm_overhead_ratio":0.0087986488468,"compute_ratio":0.99120135115}},"communication_files":{"csv":"/project/temp/deferiprone_single_oral_25mgkg_designcheck_20260511/validation/design_change_n403030_wtmclustT10_nomix_site403030_nondesignquota_precisionchol_basefitbootinit_preboot_20260521/runs/scenario1/bootstrap/federated/scenario1/raw_runs/run_20260522-064844/comm_metrics.csv","json":"/project/temp/deferiprone_single_oral_25mgkg_designcheck_20260511/validation/design_change_n403030_wtmclustT10_nomix_site403030_nondesignquota_precisionchol_basefitbootinit_preboot_20260521/runs/scenario1/bootstrap/federated/scenario1/raw_runs/run_20260522-064844/comm_metrics.json"},"output_files":{"bootstrap_summary_csv":"/project/temp/deferiprone_single_oral_25mgkg_designcheck_20260511/validation/design_change_n403030_wtmclustT10_nomix_site403030_nondesignquota_precisionchol_basefitbootinit_preboot_20260521/runs/scenario1/bootstrap/federated/scenario1/raw_runs/run_20260522-064844/bootstrap_summary.csv","bootstrap_summary_json":"/project/temp/deferiprone_single_oral_25mgkg_designcheck_20260511/validation/design_change_n403030_wtmclustT10_nomix_site403030_nondesignquota_precisionchol_basefitbootinit_preboot_20260521/runs/scenario1/bootstrap/federated/scenario1/raw_runs/run_20260522-064844/bootstrap_summary.json","trial_status_csv":"/project/temp/deferiprone_single_oral_25mgkg_designcheck_20260511/validation/design_change_n403030_wtmclustT10_nomix_site403030_nondesignquota_precisionchol_basefitbootinit_preboot_20260521/runs/scenario1/bootstrap/federated/scenario1/raw_runs/run_20260522-064844/trial_status.csv","failed_trials_csv":"/project/temp/deferiprone_single_oral_25mgkg_designcheck_20260511/validation/design_change_n403030_wtmclustT10_nomix_site403030_nondesignquota_precisionchol_basefitbootinit_preboot_20260521/runs/scenario1/bootstrap/federated/scenario1/raw_runs/run_20260522-064844/failed_trials.csv","trial_estimates_wide_csv":"/project/temp/deferiprone_single_oral_25mgkg_designcheck_20260511/validation/design_change_n403030_wtmclustT10_nomix_site403030_nondesignquota_precisionchol_basefitbootinit_preboot_20260521/runs/scenario1/bootstrap/federated/scenario1/raw_runs/run_20260522-064844/trial_estimates_wide.csv","trial_estimates_long_csv":"/project/temp/deferiprone_single_oral_25mgkg_designcheck_20260511/validation/design_change_n403030_wtmclustT10_nomix_site403030_nondesignquota_precisionchol_basefitbootinit_preboot_20260521/runs/scenario1/bootstrap/federated/scenario1/raw_runs/run_20260522-064844/trial_estimates_long.csv","result_json":"/project/temp/deferiprone_single_oral_25mgkg_designcheck_20260511/validation/design_change_n403030_wtmclustT10_nomix_site403030_nondesignquota_precisionchol_basefitbootinit_preboot_20260521/runs/scenario1/bootstrap/federated/scenario1/raw_runs/run_20260522-064844/result.json"}}}
[Kserver-1 exited with code 0
Aborting on container exit...
 Container defboot_design_change_n403030_wtmclu_scenario1_311_315-server-1  Stopping
 Container defboot_design_change_n403030_wtmclu_scenario1_311_315-server-1  Stopped
 Container defboot_design_change_n403030_wtmclu_scenario1_311_315-client1-1  Stopping
 Container defboot_design_change_n403030_wtmclu_scenario1_311_315-client3-1  Stopping
 Container defboot_design_change_n403030_wtmclu_scenario1_311_315-client2-1  Stopping
 Container defboot_design_change_n403030_wtmclu_scenario1_311_315-client1-1  Stopped
 Container defboot_design_change_n403030_wtmclu_scenario1_311_315-client2-1  Stopped
 Container defboot_design_change_n403030_wtmclu_scenario1_311_315-client3-1  Stopped
time="2026-05-22T16:01:49+09:00" level=warning msg="The \"SERVER_CONFIG_PATH\" variable is not set. Defaulting to a blank string."
 Container defboot_design_change_n403030_wtmclu_scenario1_311_315-server-1  Stopping
 Container defboot_design_change_n403030_wtmclu_scenario1_311_315-server-1  Stopped
 Container defboot_design_change_n403030_wtmclu_scenario1_311_315-server-1  Removing
 Container defboot_design_change_n403030_wtmclu_scenario1_311_315-server-1  Removed
 Container defboot_design_change_n403030_wtmclu_scenario1_311_315-client1-1  Stopping
 Container defboot_design_change_n403030_wtmclu_scenario1_311_315-client2-1  Stopping
 Container defboot_design_change_n403030_wtmclu_scenario1_311_315-client3-1  Stopping
 Container defboot_design_change_n403030_wtmclu_scenario1_311_315-client1-1  Stopped
 Container defboot_design_change_n403030_wtmclu_scenario1_311_315-client1-1  Removing
 Container defboot_design_change_n403030_wtmclu_scenario1_311_315-client2-1  Stopped
 Container defboot_design_change_n403030_wtmclu_scenario1_311_315-client2-1  Removing
 Container defboot_design_change_n403030_wtmclu_scenario1_311_315-client3-1  Stopped
 Container defboot_design_change_n403030_wtmclu_scenario1_311_315-client3-1  Removing
 Container defboot_design_change_n403030_wtmclu_scenario1_311_315-client2-1  Removed
 Container defboot_design_change_n403030_wtmclu_scenario1_311_315-client3-1  Removed
 Container defboot_design_change_n403030_wtmclu_scenario1_311_315-client1-1  Removed
 Network defboot_design_change_n403030_wtmclu_scenario1_311_315_site2_net  Removing
 Network defboot_design_change_n403030_wtmclu_scenario1_311_315_site1_net  Removing
 Network defboot_design_change_n403030_wtmclu_scenario1_311_315_site3_net  Removing
 Network defboot_design_change_n403030_wtmclu_scenario1_311_315_site1_net  Removed
 Network defboot_design_change_n403030_wtmclu_scenario1_311_315_site3_net  Removed
 Network defboot_design_change_n403030_wtmclu_scenario1_311_315_site2_net  Removed
