time="2026-05-23T00:57:11+09:00" level=warning msg="The \"SERVER_CONFIG_PATH\" variable is not set. Defaulting to a blank string."
Compose now can delegate build to bake for better performances
Just set COMPOSE_BAKE=true
#0 building with "default" instance using docker driver

#1 [client2 internal] load build definition from Dockerfile.app
#1 transferring dockerfile: 778B done
#1 DONE 0.0s

#2 [client1 internal] load build definition from Dockerfile.app
#2 transferring dockerfile: 778B done
#2 DONE 0.0s

#3 [client3 internal] load build definition from Dockerfile.app
#3 transferring dockerfile: 778B done
#3 DONE 0.0s

#4 [client3 internal] load metadata for docker.io/fedpoppk/base:0.1.0
#4 DONE 0.0s

#5 [client2 internal] load .dockerignore
#5 transferring context: 2B done
#5 DONE 0.0s

#6 [client1 internal] load .dockerignore
#6 transferring context: 2B done
#6 DONE 0.0s

#7 [client3 internal] load .dockerignore
#7 transferring context: 2B done
#7 DONE 0.0s

#8 [client3 1/8] FROM docker.io/fedpoppk/base:0.1.0
#8 DONE 0.0s

#9 [client2 internal] load build context
#9 transferring context: 736.51kB 0.3s done
#9 DONE 0.3s

#10 [client3 internal] load build context
#10 transferring context: 736.51kB 0.3s done
#10 DONE 0.3s

#11 [client1 internal] load build context
#11 transferring context: 736.51kB 0.3s done
#11 DONE 0.3s

#12 [client2 5/8] COPY apps/ apps/
#12 CACHED

#13 [client2 7/8] COPY analysis/ analysis/
#13 CACHED

#14 [client2 2/8] WORKDIR /project
#14 CACHED

#15 [client2 4/8] RUN Rscript -e "options(renv.consent=TRUE, Ncpus=parallel::detectCores());                 renv::restore(prompt=FALSE)"
#15 CACHED

#16 [client2 6/8] COPY R/ R/
#16 CACHED

#17 [client2 3/8] COPY renv.lock .Rprofile renv/activate.R ./
#17 CACHED

#18 [client3 8/8] RUN mkdir -p /project/configs/modes /project/data /project/artifacts /project/result
#18 CACHED

#19 [client1] exporting to image
#19 exporting layers done
#19 writing image sha256:c7da1eff3b3dfc9823a022f816ca0c5b9a46bac6757a18c9aa4fb58b4c3720ce done
#19 naming to docker.io/library/defboot_design_change_n403030_wtmclu_scenario1_486_490-client1 0.0s done
#19 DONE 0.0s

#20 [client2] exporting to image
#20 exporting layers done
#20 writing image sha256:f665256f3d69c14855141ad1ec01ae29ab2f27b81a83b587ca66ec7ab2268c41 done
#20 naming to docker.io/library/defboot_design_change_n403030_wtmclu_scenario1_486_490-client2 0.0s done
#20 DONE 0.0s

#21 [client3] exporting to image
#21 exporting layers done
#21 writing image sha256:4eaf33ea0776eb3ad9707e41e86ef8e6e10a2c51241471278731d754485ab855 done
#21 naming to docker.io/library/defboot_design_change_n403030_wtmclu_scenario1_486_490-client3 0.0s done
#21 DONE 0.1s

#22 [client1] resolving provenance for metadata file
#22 DONE 0.0s

#23 [client2] resolving provenance for metadata file
#23 DONE 0.0s

#24 [client3] resolving provenance for metadata file
#24 DONE 0.0s

#25 [server internal] load build definition from Dockerfile.app
#25 transferring dockerfile: 778B done
#25 DONE 0.0s

#4 [server internal] load metadata for docker.io/fedpoppk/base:0.1.0
#4 DONE 0.0s

#26 [server internal] load .dockerignore
#26 transferring context: 2B done
#26 DONE 0.0s

#8 [server 1/8] FROM docker.io/fedpoppk/base:0.1.0
#8 DONE 0.0s

#27 [server internal] load build context
#27 transferring context: 736.51kB 0.3s done
#27 DONE 0.3s

#28 [server 6/8] COPY R/ R/
#28 CACHED

#29 [server 4/8] RUN Rscript -e "options(renv.consent=TRUE, Ncpus=parallel::detectCores());                 renv::restore(prompt=FALSE)"
#29 CACHED

#30 [server 3/8] COPY renv.lock .Rprofile renv/activate.R ./
#30 CACHED

#31 [server 7/8] COPY analysis/ analysis/
#31 CACHED

#14 [server 2/8] WORKDIR /project
#14 CACHED

#32 [server 5/8] COPY apps/ apps/
#32 CACHED

#33 [server 8/8] RUN mkdir -p /project/configs/modes /project/data /project/artifacts /project/result
#33 CACHED

#34 [server] exporting to image
#34 exporting layers done
#34 writing image sha256:bf948e80751a07351f503873078db99c7070b183277e36f9305c7bd4a8fab1c6 done
#34 naming to docker.io/library/defboot_design_change_n403030_wtmclu_scenario1_486_490-server 0.0s done
#34 DONE 0.0s

#35 [server] resolving provenance for metadata file
#35 DONE 0.0s
 client1  Built
 client2  Built
 client3  Built
 server  Built
 Network defboot_design_change_n403030_wtmclu_scenario1_486_490_site2_net  Creating
 Network defboot_design_change_n403030_wtmclu_scenario1_486_490_site2_net  Created
 Network defboot_design_change_n403030_wtmclu_scenario1_486_490_site3_net  Creating
 Network defboot_design_change_n403030_wtmclu_scenario1_486_490_site3_net  Created
 Network defboot_design_change_n403030_wtmclu_scenario1_486_490_site1_net  Creating
 Network defboot_design_change_n403030_wtmclu_scenario1_486_490_site1_net  Created
 Container defboot_design_change_n403030_wtmclu_scenario1_486_490-client2-1  Creating
 Container defboot_design_change_n403030_wtmclu_scenario1_486_490-client3-1  Creating
 Container defboot_design_change_n403030_wtmclu_scenario1_486_490-client1-1  Creating
 Container defboot_design_change_n403030_wtmclu_scenario1_486_490-client3-1  Created
 Container defboot_design_change_n403030_wtmclu_scenario1_486_490-client1-1  Created
 Container defboot_design_change_n403030_wtmclu_scenario1_486_490-client2-1  Created
 Container defboot_design_change_n403030_wtmclu_scenario1_486_490-server-1  Creating
 Container defboot_design_change_n403030_wtmclu_scenario1_486_490-server-1  Created
Attaching to client1-1, client2-1, client3-1, server-1
client1-1  | Running plumber API at http://0.0.0.0:8000
client1-1  | Running swagger Docs at http://127.0.0.1:8000/__docs__/
client2-1  | Running plumber API at http://0.0.0.0:8000
client2-1  | Running swagger Docs at http://127.0.0.1:8000/__docs__/
client3-1  | Running plumber API at http://0.0.0.0:8000
client3-1  | Running swagger Docs at http://127.0.0.1:8000/__docs__/
client1-1  | ℹ parameter labels from comments are typically ignored in non-interactive mode
client2-1  | ℹ parameter labels from comments are typically ignored in non-interactive mode
client1-1  | ℹ Need to run with the source intact to parse comments
client2-1  | ℹ Need to run with the source intact to parse comments
client3-1  | ℹ parameter labels from comments are typically ignored in non-interactive mode
client3-1  | ℹ Need to run with the source intact to parse comments
server-1   | [send_init] http://client2:8000 init succeeded
server-1   | [send_init] http://client1:8000 init succeeded
server-1   | [send_init] http://client3:8000 init succeeded
server-1   | {"schema":{"schema_version":"1.1.0","generated_at":"2026-05-22T15:57:19Z","config_path":"/project/configs/../temp/deferiprone_single_oral_25mgkg_designcheck_20260511/validation/design_change_n403030_wtmclustT10_nomix_site403030_nondesignquota_precisionchol_basefitbootinit_preboot_20260521/configs/resolved/scenario1_bootstrap.json","config_md5":"9d7556058a6c3cb18af9ad7ffdd7076b","seed":4869,"host":"64590d40772c","pid":1,"image_tag":null,"git_sha":null,"git_dirty":null},"aggregation":{"ci_method":"percentile","ci_level":0.95,"quantile_type":7,"estimates_scale":"natural"},"summary":[{"parameter":"(etaLcl,etaLvc)","median":0.056532281542,"p2.5":0.046874041278,"p97.5":0.065796341554},{"parameter":"CcPropSd","median":0.35566379147,"p2.5":0.34205472262,"p97.5":0.39288210286},{"parameter":"etaLcl","median":0.11111827837,"p2.5":0.087366688805,"p97.5":0.1339781029},{"parameter":"etaLvc","median":0.033421613203,"p2.5":0.025398375606,"p97.5":0.038145941842},{"parameter":"lcl","median":2.1719609472,"p2.5":2.1278333426,"p97.5":2.1893197775},{"parameter":"lka","median":2.1975634215,"p2.5":2.1571253546,"p97.5":2.2711127638},{"parameter":"lvc","median":2.9368180815,"p2.5":2.876794468,"p97.5":2.9770922228},{"parameter":"rho_(etaLcl,etaLvc)","median":0.97722290754,"p2.5":0.97023688545,"p97.5":0.97990677907}],"runs":[{"tag":"trial_486_20260522-155719","value":2233.5415,"counts":[17,17],"control":{"maxit":100,"factr":1000000000,"pgtol":0,"trace":0,"method":"L-BFGS-B"},"convergence":0,"message":"CONVERGENCE: REL_REDUCTION_OF_F <= FACTR*EPSMCH","nat_par":{"lka":2.1547972311,"lcl":2.1719609472,"lvc":2.9009049219,"CcPropSd":0.370150261,"etaLcl":0.086982833965,"etaLvc":0.034805527991,"(etaLcl,etaLvc)":0.053814355159,"rho_(etaLcl,etaLvc)":0.97804142756},"failed_clients":[],"attempt":1,"files":{"result":"/project/temp/deferiprone_single_oral_25mgkg_designcheck_20260511/validation/design_change_n403030_wtmclustT10_nomix_site403030_nondesignquota_precisionchol_basefitbootinit_preboot_20260521/runs/scenario1/bootstrap/federated/scenario1/raw_runs/run_20260522-155719/optim_result_trial_486_20260522-155719.json","trace":"/project/temp/deferiprone_single_oral_25mgkg_designcheck_20260511/validation/design_change_n403030_wtmclustT10_nomix_site403030_nondesignquota_precisionchol_basefitbootinit_preboot_20260521/runs/scenario1/bootstrap/federated/scenario1/raw_runs/run_20260522-155719/optim_trace_trial_486_20260522-155719.csv","final":"/project/temp/deferiprone_single_oral_25mgkg_designcheck_20260511/validation/design_change_n403030_wtmclustT10_nomix_site403030_nondesignquota_precisionchol_basefitbootinit_preboot_20260521/runs/scenario1/bootstrap/federated/scenario1/raw_runs/run_20260522-155719/final_params_trial_486_20260522-155719.csv"},"log_n":17,"execution_state":"completed","trial":486,"attempts":1},{"tag":"trial_487_20260522-155927","value":2268.4623,"counts":[20,20],"control":{"maxit":100,"factr":1000000000,"pgtol":0,"trace":0,"method":"L-BFGS-B"},"convergence":0,"message":"CONVERGENCE: REL_REDUCTION_OF_F <= FACTR*EPSMCH","nat_par":{"lka":2.1780784669,"lcl":2.1910626496,"lvc":2.9780473892,"CcPropSd":0.39540786307,"etaLcl":0.11209835673,"etaLvc":0.030008178733,"(etaLcl,etaLvc)":0.056532281542,"rho_(etaLcl,etaLvc)":0.97471370185},"failed_clients":[],"attempt":1,"files":{"result":"/project/temp/deferiprone_single_oral_25mgkg_designcheck_20260511/validation/design_change_n403030_wtmclustT10_nomix_site403030_nondesignquota_precisionchol_basefitbootinit_preboot_20260521/runs/scenario1/bootstrap/federated/scenario1/raw_runs/run_20260522-155719/optim_result_trial_487_20260522-155927.json","trace":"/project/temp/deferiprone_single_oral_25mgkg_designcheck_20260511/validation/design_change_n403030_wtmclustT10_nomix_site403030_nondesignquota_precisionchol_basefitbootinit_preboot_20260521/runs/scenario1/bootstrap/federated/scenario1/raw_runs/run_20260522-155719/optim_trace_trial_487_20260522-155927.csv","final":"/project/temp/deferiprone_single_oral_25mgkg_designcheck_20260511/validation/design_change_n403030_wtmclustT10_nomix_site403030_nondesignquota_precisionchol_basefitbootinit_preboot_20260521/runs/scenario1/bootstrap/federated/scenario1/raw_runs/run_20260522-155719/final_params_trial_487_20260522-155927.csv"},"log_n":20,"execution_state":"completed","trial":487,"attempts":1},{"tag":"trial_488_20260522-160159","value":2220.2329,"counts":[55,55],"control":{"maxit":100,"factr":1000000000,"pgtol":0,"trace":0,"method":"L-BFGS-B"},"convergence":0,"message":"CONVERGENCE: REL_REDUCTION_OF_F <= FACTR*EPSMCH","nat_par":{"lka":2.1975634215,"lcl":2.1254162456,"lvc":2.8741155287,"CcPropSd":0.34098976699,"etaLcl":0.090821382369,"etaLvc":0.024886175258,"(etaLcl,etaLvc)":0.046102895291,"rho_(etaLcl,etaLvc)":0.96973946141},"failed_clients":[],"attempt":1,"files":{"result":"/project/temp/deferiprone_single_oral_25mgkg_designcheck_20260511/validation/design_change_n403030_wtmclustT10_nomix_site403030_nondesignquota_precisionchol_basefitbootinit_preboot_20260521/runs/scenario1/bootstrap/federated/scenario1/raw_runs/run_20260522-155719/optim_result_trial_488_20260522-160159.json","trace":"/project/temp/deferiprone_single_oral_25mgkg_designcheck_20260511/validation/design_change_n403030_wtmclustT10_nomix_site403030_nondesignquota_precisionchol_basefitbootinit_preboot_20260521/runs/scenario1/bootstrap/federated/scenario1/raw_runs/run_20260522-155719/optim_trace_trial_488_20260522-160159.csv","final":"/project/temp/deferiprone_single_oral_25mgkg_designcheck_20260511/validation/design_change_n403030_wtmclustT10_nomix_site403030_nondesignquota_precisionchol_basefitbootinit_preboot_20260521/runs/scenario1/bootstrap/federated/scenario1/raw_runs/run_20260522-155719/final_params_trial_488_20260522-160159.csv"},"log_n":54,"execution_state":"completed","trial":488,"attempts":1},{"tag":"trial_489_20260522-160851","value":2256.7555,"counts":[20,20],"control":{"maxit":100,"factr":1000000000,"pgtol":0,"trace":0,"method":"L-BFGS-B"},"convergence":0,"message":"CONVERGENCE: REL_REDUCTION_OF_F <= FACTR*EPSMCH","nat_par":{"lka":2.2753033743,"lcl":2.1495872157,"lvc":2.9368180815,"CcPropSd":0.35163932327,"etaLcl":0.13640918581,"etaLvc":0.033421613203,"(etaLcl,etaLvc)":0.065982558526,"rho_(etaLcl,etaLvc)":0.97722290754},"failed_clients":[],"attempt":1,"files":{"result":"/project/temp/deferiprone_single_oral_25mgkg_designcheck_20260511/validation/design_change_n403030_wtmclustT10_nomix_site403030_nondesignquota_precisionchol_basefitbootinit_preboot_20260521/runs/scenario1/bootstrap/federated/scenario1/raw_runs/run_20260522-155719/optim_result_trial_489_20260522-160851.json","trace":"/project/temp/deferiprone_single_oral_25mgkg_designcheck_20260511/validation/design_change_n403030_wtmclustT10_nomix_site403030_nondesignquota_precisionchol_basefitbootinit_preboot_20260521/runs/scenario1/bootstrap/federated/scenario1/raw_runs/run_20260522-155719/optim_trace_trial_489_20260522-160851.csv","final":"/project/temp/deferiprone_single_oral_25mgkg_designcheck_20260511/validation/design_change_n403030_wtmclustT10_nomix_site403030_nondesignquota_precisionchol_basefitbootinit_preboot_20260521/runs/scenario1/bootstrap/federated/scenario1/raw_runs/run_20260522-155719/final_params_trial_489_20260522-160851.csv"},"log_n":20,"execution_state":"completed","trial":489,"attempts":1},{"tag":"trial_490_20260522-161125","value":2217.0587,"counts":[20,20],"control":{"maxit":100,"factr":1000000000,"pgtol":0,"trace":0,"method":"L-BFGS-B"},"convergence":0,"message":"CONVERGENCE: REL_REDUCTION_OF_F <= FACTR*EPSMCH","nat_par":{"lka":2.2333972695,"lcl":2.1736339285,"lvc":2.9684957254,"CcPropSd":0.35566379147,"etaLcl":0.11111827837,"etaLvc":0.038517098937,"(etaLcl,etaLvc)":0.064120388812,"rho_(etaLcl,etaLvc)":0.98011404035},"failed_clients":[],"attempt":1,"files":{"result":"/project/temp/deferiprone_single_oral_25mgkg_designcheck_20260511/validation/design_change_n403030_wtmclustT10_nomix_site403030_nondesignquota_precisionchol_basefitbootinit_preboot_20260521/runs/scenario1/bootstrap/federated/scenario1/raw_runs/run_20260522-155719/optim_result_trial_490_20260522-161125.json","trace":"/project/temp/deferiprone_single_oral_25mgkg_designcheck_20260511/validation/design_change_n403030_wtmclustT10_nomix_site403030_nondesignquota_precisionchol_basefitbootinit_preboot_20260521/runs/scenario1/bootstrap/federated/scenario1/raw_runs/run_20260522-155719/optim_trace_trial_490_20260522-161125.csv","final":"/project/temp/deferiprone_single_oral_25mgkg_designcheck_20260511/validation/design_change_n403030_wtmclustT10_nomix_site403030_nondesignquota_precisionchol_basefitbootinit_preboot_20260521/runs/scenario1/bootstrap/federated/scenario1/raw_runs/run_20260522-155719/final_params_trial_490_20260522-161125.csv"},"log_n":20,"execution_state":"completed","trial":490,"attempts":1}],"trial_status":[{"trial":486,"execution_state":"completed","converged":true,"attempts":1,"convergence":0,"value":2233.5415,"eval_fn":17,"eval_gr":17,"log_n":17,"failed_clients_n":0,"message":"CONVERGENCE: REL_REDUCTION_OF_F <= FACTR*EPSMCH","result_file":"/project/temp/deferiprone_single_oral_25mgkg_designcheck_20260511/validation/design_change_n403030_wtmclustT10_nomix_site403030_nondesignquota_precisionchol_basefitbootinit_preboot_20260521/runs/scenario1/bootstrap/federated/scenario1/raw_runs/run_20260522-155719/optim_result_trial_486_20260522-155719.json","trace_file":"/project/temp/deferiprone_single_oral_25mgkg_designcheck_20260511/validation/design_change_n403030_wtmclustT10_nomix_site403030_nondesignquota_precisionchol_basefitbootinit_preboot_20260521/runs/scenario1/bootstrap/federated/scenario1/raw_runs/run_20260522-155719/optim_trace_trial_486_20260522-155719.csv","final_file":"/project/temp/deferiprone_single_oral_25mgkg_designcheck_20260511/validation/design_change_n403030_wtmclustT10_nomix_site403030_nondesignquota_precisionchol_basefitbootinit_preboot_20260521/runs/scenario1/bootstrap/federated/scenario1/raw_runs/run_20260522-155719/final_params_trial_486_20260522-155719.csv"},{"trial":487,"execution_state":"completed","converged":true,"attempts":1,"convergence":0,"value":2268.4623,"eval_fn":20,"eval_gr":20,"log_n":20,"failed_clients_n":0,"message":"CONVERGENCE: REL_REDUCTION_OF_F <= FACTR*EPSMCH","result_file":"/project/temp/deferiprone_single_oral_25mgkg_designcheck_20260511/validation/design_change_n403030_wtmclustT10_nomix_site403030_nondesignquota_precisionchol_basefitbootinit_preboot_20260521/runs/scenario1/bootstrap/federated/scenario1/raw_runs/run_20260522-155719/optim_result_trial_487_20260522-155927.json","trace_file":"/project/temp/deferiprone_single_oral_25mgkg_designcheck_20260511/validation/design_change_n403030_wtmclustT10_nomix_site403030_nondesignquota_precisionchol_basefitbootinit_preboot_20260521/runs/scenario1/bootstrap/federated/scenario1/raw_runs/run_20260522-155719/optim_trace_trial_487_20260522-155927.csv","final_file":"/project/temp/deferiprone_single_oral_25mgkg_designcheck_20260511/validation/design_change_n403030_wtmclustT10_nomix_site403030_nondesignquota_precisionchol_basefitbootinit_preboot_20260521/runs/scenario1/bootstrap/federated/scenario1/raw_runs/run_20260522-155719/final_params_trial_487_20260522-155927.csv"},{"trial":488,"execution_state":"completed","converged":true,"attempts":1,"convergence":0,"value":2220.2329,"eval_fn":55,"eval_gr":55,"log_n":54,"failed_clients_n":0,"message":"CONVERGENCE: REL_REDUCTION_OF_F <= FACTR*EPSMCH","result_file":"/project/temp/deferiprone_single_oral_25mgkg_designcheck_20260511/validation/design_change_n403030_wtmclustT10_nomix_site403030_nondesignquota_precisionchol_basefitbootinit_preboot_20260521/runs/scenario1/bootstrap/federated/scenario1/raw_runs/run_20260522-155719/optim_result_trial_488_20260522-160159.json","trace_file":"/project/temp/deferiprone_single_oral_25mgkg_designcheck_20260511/validation/design_change_n403030_wtmclustT10_nomix_site403030_nondesignquota_precisionchol_basefitbootinit_preboot_20260521/runs/scenario1/bootstrap/federated/scenario1/raw_runs/run_20260522-155719/optim_trace_trial_488_20260522-160159.csv","final_file":"/project/temp/deferiprone_single_oral_25mgkg_designcheck_20260511/validation/design_change_n403030_wtmclustT10_nomix_site403030_nondesignquota_precisionchol_basefitbootinit_preboot_20260521/runs/scenario1/bootstrap/federated/scenario1/raw_runs/run_20260522-155719/final_params_trial_488_20260522-160159.csv"},{"trial":489,"execution_state":"completed","converged":true,"attempts":1,"convergence":0,"value":2256.7555,"eval_fn":20,"eval_gr":20,"log_n":20,"failed_clients_n":0,"message":"CONVERGENCE: REL_REDUCTION_OF_F <= FACTR*EPSMCH","result_file":"/project/temp/deferiprone_single_oral_25mgkg_designcheck_20260511/validation/design_change_n403030_wtmclustT10_nomix_site403030_nondesignquota_precisionchol_basefitbootinit_preboot_20260521/runs/scenario1/bootstrap/federated/scenario1/raw_runs/run_20260522-155719/optim_result_trial_489_20260522-160851.json","trace_file":"/project/temp/deferiprone_single_oral_25mgkg_designcheck_20260511/validation/design_change_n403030_wtmclustT10_nomix_site403030_nondesignquota_precisionchol_basefitbootinit_preboot_20260521/runs/scenario1/bootstrap/federated/scenario1/raw_runs/run_20260522-155719/optim_trace_trial_489_20260522-160851.csv","final_file":"/project/temp/deferiprone_single_oral_25mgkg_designcheck_20260511/validation/design_change_n403030_wtmclustT10_nomix_site403030_nondesignquota_precisionchol_basefitbootinit_preboot_20260521/runs/scenario1/bootstrap/federated/scenario1/raw_runs/run_20260522-155719/final_params_trial_489_20260522-160851.csv"},{"trial":490,"execution_state":"completed","converged":true,"attempts":1,"convergence":0,"value":2217.0587,"eval_fn":20,"eval_gr":20,"log_n":20,"failed_clients_n":0,"message":"CONVERGENCE: REL_REDUCTION_OF_F <= FACTR*EPSMCH","result_file":"/project/temp/deferiprone_single_oral_25mgkg_designcheck_20260511/validation/design_change_n403030_wtmclustT10_nomix_site403030_nondesignquota_precisionchol_basefitbootinit_preboot_20260521/runs/scenario1/bootstrap/federated/scenario1/raw_runs/run_20260522-155719/optim_result_trial_490_20260522-161125.json","trace_file":"/project/temp/deferiprone_single_oral_25mgkg_designcheck_20260511/validation/design_change_n403030_wtmclustT10_nomix_site403030_nondesignquota_precisionchol_basefitbootinit_preboot_20260521/runs/scenario1/bootstrap/federated/scenario1/raw_runs/run_20260522-155719/optim_trace_trial_490_20260522-161125.csv","final_file":"/project/temp/deferiprone_single_oral_25mgkg_designcheck_20260511/validation/design_change_n403030_wtmclustT10_nomix_site403030_nondesignquota_precisionchol_basefitbootinit_preboot_20260521/runs/scenario1/bootstrap/federated/scenario1/raw_runs/run_20260522-155719/final_params_trial_490_20260522-161125.csv"}],"info":{"run_id":"20260522-155719","log_base_dir":"/project/temp/deferiprone_single_oral_25mgkg_designcheck_20260511/validation/design_change_n403030_wtmclustT10_nomix_site403030_nondesignquota_precisionchol_basefitbootinit_preboot_20260521/runs/scenario1/bootstrap/federated","scenario":"scenario1/raw_runs","total_trials":5,"successes":5,"failures":0,"nonconverged_count":0,"nonconverged_trials":[],"convergence_missing_count":0,"seed_base":4869,"B_per_client":500,"duration_sec":1005.9781501293,"host":"64590d40772c","image_tag":null,"communication":{"generated_at":"2026-05-22T16:13:59Z","totals":{"requests":789,"request_bytes":879351,"response_bytes":200214,"total_bytes":1079565,"retries":0},"init":{"requests":3,"request_bytes":8139,"response_bytes":1161,"total_bytes":9300,"retries":0,"median_elapsed_sec":0.36439085007},"init_round_latency":{"n_rounds":1,"median_round_wall_sec":0.3654665947,"p95_round_wall_sec":0.3654665947},"run":{"requests":0,"request_bytes":0,"response_bytes":0,"total_bytes":0,"retries":0,"median_elapsed_sec":"NA"},"run_bootstrap":{"requests":786,"request_bytes":871212,"response_bytes":199053,"total_bytes":1070265,"retries":0,"median_elapsed_sec":3.6538130045},"round_latency":{"n_rounds":262,"median_round_wall_sec":3.7820466757,"p95_round_wall_sec":4.0806876898},"timing_split":{"n_rounds":262,"rounds_with_compute":262,"total_round_wall_sec":994.6027889252,"total_round_compute_wall_sec":985.8291,"total_round_comm_overhead_wall_sec":8.7736889252,"comm_overhead_ratio":0.0088212993397,"compute_ratio":0.99117870066}},"communication_files":{"csv":"/project/temp/deferiprone_single_oral_25mgkg_designcheck_20260511/validation/design_change_n403030_wtmclustT10_nomix_site403030_nondesignquota_precisionchol_basefitbootinit_preboot_20260521/runs/scenario1/bootstrap/federated/scenario1/raw_runs/run_20260522-155719/comm_metrics.csv","json":"/project/temp/deferiprone_single_oral_25mgkg_designcheck_20260511/validation/design_change_n403030_wtmclustT10_nomix_site403030_nondesignquota_precisionchol_basefitbootinit_preboot_20260521/runs/scenario1/bootstrap/federated/scenario1/raw_runs/run_20260522-155719/comm_metrics.json"},"output_files":{"bootstrap_summary_csv":"/project/temp/deferiprone_single_oral_25mgkg_designcheck_20260511/validation/design_change_n403030_wtmclustT10_nomix_site403030_nondesignquota_precisionchol_basefitbootinit_preboot_20260521/runs/scenario1/bootstrap/federated/scenario1/raw_runs/run_20260522-155719/bootstrap_summary.csv","bootstrap_summary_json":"/project/temp/deferiprone_single_oral_25mgkg_designcheck_20260511/validation/design_change_n403030_wtmclustT10_nomix_site403030_nondesignquota_precisionchol_basefitbootinit_preboot_20260521/runs/scenario1/bootstrap/federated/scenario1/raw_runs/run_20260522-155719/bootstrap_summary.json","trial_status_csv":"/project/temp/deferiprone_single_oral_25mgkg_designcheck_20260511/validation/design_change_n403030_wtmclustT10_nomix_site403030_nondesignquota_precisionchol_basefitbootinit_preboot_20260521/runs/scenario1/bootstrap/federated/scenario1/raw_runs/run_20260522-155719/trial_status.csv","failed_trials_csv":"/project/temp/deferiprone_single_oral_25mgkg_designcheck_20260511/validation/design_change_n403030_wtmclustT10_nomix_site403030_nondesignquota_precisionchol_basefitbootinit_preboot_20260521/runs/scenario1/bootstrap/federated/scenario1/raw_runs/run_20260522-155719/failed_trials.csv","trial_estimates_wide_csv":"/project/temp/deferiprone_single_oral_25mgkg_designcheck_20260511/validation/design_change_n403030_wtmclustT10_nomix_site403030_nondesignquota_precisionchol_basefitbootinit_preboot_20260521/runs/scenario1/bootstrap/federated/scenario1/raw_runs/run_20260522-155719/trial_estimates_wide.csv","trial_estimates_long_csv":"/project/temp/deferiprone_single_oral_25mgkg_designcheck_20260511/validation/design_change_n403030_wtmclustT10_nomix_site403030_nondesignquota_precisionchol_basefitbootinit_preboot_20260521/runs/scenario1/bootstrap/federated/scenario1/raw_runs/run_20260522-155719/trial_estimates_long.csv","result_json":"/project/temp/deferiprone_single_oral_25mgkg_designcheck_20260511/validation/design_change_n403030_wtmclustT10_nomix_site403030_nondesignquota_precisionchol_basefitbootinit_preboot_20260521/runs/scenario1/bootstrap/federated/scenario1/raw_runs/run_20260522-155719/result.json"}}}
[Kserver-1 exited with code 0
Aborting on container exit...
 Container defboot_design_change_n403030_wtmclu_scenario1_486_490-server-1  Stopping
 Container defboot_design_change_n403030_wtmclu_scenario1_486_490-server-1  Stopped
 Container defboot_design_change_n403030_wtmclu_scenario1_486_490-client3-1  Stopping
 Container defboot_design_change_n403030_wtmclu_scenario1_486_490-client2-1  Stopping
 Container defboot_design_change_n403030_wtmclu_scenario1_486_490-client1-1  Stopping
 Container defboot_design_change_n403030_wtmclu_scenario1_486_490-client3-1  Stopped
 Container defboot_design_change_n403030_wtmclu_scenario1_486_490-client2-1  Stopped
 Container defboot_design_change_n403030_wtmclu_scenario1_486_490-client1-1  Stopped
time="2026-05-23T01:14:10+09:00" level=warning msg="The \"SERVER_CONFIG_PATH\" variable is not set. Defaulting to a blank string."
 Container defboot_design_change_n403030_wtmclu_scenario1_486_490-server-1  Stopping
 Container defboot_design_change_n403030_wtmclu_scenario1_486_490-server-1  Stopped
 Container defboot_design_change_n403030_wtmclu_scenario1_486_490-server-1  Removing
 Container defboot_design_change_n403030_wtmclu_scenario1_486_490-server-1  Removed
 Container defboot_design_change_n403030_wtmclu_scenario1_486_490-client3-1  Stopping
 Container defboot_design_change_n403030_wtmclu_scenario1_486_490-client1-1  Stopping
 Container defboot_design_change_n403030_wtmclu_scenario1_486_490-client2-1  Stopping
 Container defboot_design_change_n403030_wtmclu_scenario1_486_490-client3-1  Stopped
 Container defboot_design_change_n403030_wtmclu_scenario1_486_490-client3-1  Removing
 Container defboot_design_change_n403030_wtmclu_scenario1_486_490-client2-1  Stopped
 Container defboot_design_change_n403030_wtmclu_scenario1_486_490-client2-1  Removing
 Container defboot_design_change_n403030_wtmclu_scenario1_486_490-client1-1  Stopped
 Container defboot_design_change_n403030_wtmclu_scenario1_486_490-client1-1  Removing
 Container defboot_design_change_n403030_wtmclu_scenario1_486_490-client3-1  Removed
 Container defboot_design_change_n403030_wtmclu_scenario1_486_490-client2-1  Removed
 Container defboot_design_change_n403030_wtmclu_scenario1_486_490-client1-1  Removed
 Network defboot_design_change_n403030_wtmclu_scenario1_486_490_site2_net  Removing
 Network defboot_design_change_n403030_wtmclu_scenario1_486_490_site1_net  Removing
 Network defboot_design_change_n403030_wtmclu_scenario1_486_490_site3_net  Removing
 Network defboot_design_change_n403030_wtmclu_scenario1_486_490_site2_net  Removed
 Network defboot_design_change_n403030_wtmclu_scenario1_486_490_site1_net  Removed
 Network defboot_design_change_n403030_wtmclu_scenario1_486_490_site3_net  Removed
