time="2026-05-23T00:01:57+09:00" level=warning msg="The \"SERVER_CONFIG_PATH\" variable is not set. Defaulting to a blank string."
Compose now can delegate build to bake for better performances
Just set COMPOSE_BAKE=true
#0 building with "default" instance using docker driver

#1 [client3 internal] load build definition from Dockerfile.app
#1 transferring dockerfile: 778B done
#1 DONE 0.0s

#2 [client1 internal] load build definition from Dockerfile.app
#2 transferring dockerfile: 778B done
#2 DONE 0.0s

#3 [client2 internal] load build definition from Dockerfile.app
#3 transferring dockerfile: 778B done
#3 DONE 0.0s

#4 [client2 internal] load metadata for docker.io/fedpoppk/base:0.1.0
#4 DONE 0.0s

#5 [client3 internal] load .dockerignore
#5 transferring context: 2B done
#5 DONE 0.0s

#6 [client1 internal] load .dockerignore
#6 transferring context: 2B done
#6 DONE 0.0s

#7 [client2 internal] load .dockerignore
#7 transferring context: 2B done
#7 DONE 0.0s

#8 [client2 1/8] FROM docker.io/fedpoppk/base:0.1.0
#8 DONE 0.0s

#9 [client3 internal] load build context
#9 transferring context: 736.51kB 0.3s done
#9 DONE 0.3s

#10 [client1 internal] load build context
#10 transferring context: 736.51kB 0.3s done
#10 DONE 0.3s

#11 [client2 internal] load build context
#11 transferring context: 736.51kB 0.3s done
#11 DONE 0.3s

#12 [client1 2/8] WORKDIR /project
#12 CACHED

#13 [client1 3/8] COPY renv.lock .Rprofile renv/activate.R ./
#13 CACHED

#14 [client1 5/8] COPY apps/ apps/
#14 CACHED

#15 [client1 7/8] COPY analysis/ analysis/
#15 CACHED

#16 [client1 4/8] RUN Rscript -e "options(renv.consent=TRUE, Ncpus=parallel::detectCores());                 renv::restore(prompt=FALSE)"
#16 CACHED

#17 [client1 6/8] COPY R/ R/
#17 CACHED

#18 [client2 8/8] RUN mkdir -p /project/configs/modes /project/data /project/artifacts /project/result
#18 CACHED

#19 [client1] exporting to image
#19 exporting layers done
#19 writing image sha256:0655567d1b671cdf24c7e45a1fb9b01ebdb09f81b6aa112978a602e0be4aebdd done
#19 naming to docker.io/library/defboot_design_change_n403030_wtmclu_scenario1_466_470-client1 0.0s done
#19 DONE 0.0s

#20 [client3] exporting to image
#20 exporting layers done
#20 writing image sha256:0ccde4c56692f2fa7d9b2f0f96f349ddcd539a0b888d70f2019514a8d3f61f48 done
#20 naming to docker.io/library/defboot_design_change_n403030_wtmclu_scenario1_466_470-client3 0.0s done
#20 DONE 0.1s

#21 [client2] exporting to image
#21 exporting layers done
#21 writing image sha256:b097bb7893a3d1147a3921550274c2ad0d8e596896cfb838d3956b3c8f6d7d96 done
#21 naming to docker.io/library/defboot_design_change_n403030_wtmclu_scenario1_466_470-client2 0.0s done
#21 DONE 0.1s

#22 [client1] resolving provenance for metadata file
#22 DONE 0.0s

#23 [client2] resolving provenance for metadata file
#23 DONE 0.0s

#24 [client3] resolving provenance for metadata file
#24 DONE 0.0s

#25 [server internal] load build definition from Dockerfile.app
#25 transferring dockerfile: 778B done
#25 DONE 0.0s

#4 [server internal] load metadata for docker.io/fedpoppk/base:0.1.0
#4 DONE 0.0s

#26 [server internal] load .dockerignore
#26 transferring context: 2B done
#26 DONE 0.0s

#8 [server 1/8] FROM docker.io/fedpoppk/base:0.1.0
#8 DONE 0.0s

#27 [server internal] load build context
#27 transferring context: 736.51kB 0.3s done
#27 DONE 0.3s

#28 [server 3/8] COPY renv.lock .Rprofile renv/activate.R ./
#28 CACHED

#29 [server 4/8] RUN Rscript -e "options(renv.consent=TRUE, Ncpus=parallel::detectCores());                 renv::restore(prompt=FALSE)"
#29 CACHED

#30 [server 5/8] COPY apps/ apps/
#30 CACHED

#12 [server 2/8] WORKDIR /project
#12 CACHED

#31 [server 6/8] COPY R/ R/
#31 CACHED

#32 [server 7/8] COPY analysis/ analysis/
#32 CACHED

#33 [server 8/8] RUN mkdir -p /project/configs/modes /project/data /project/artifacts /project/result
#33 CACHED

#34 [server] exporting to image
#34 exporting layers done
#34 writing image sha256:8f485af26270a5530be47f41e356a0cd1687af102d9d041099494f591e9dfceb done
#34 naming to docker.io/library/defboot_design_change_n403030_wtmclu_scenario1_466_470-server 0.0s done
#34 DONE 0.0s

#35 [server] resolving provenance for metadata file
#35 DONE 0.0s
 client1  Built
 client2  Built
 client3  Built
 server  Built
 Network defboot_design_change_n403030_wtmclu_scenario1_466_470_site3_net  Creating
 Network defboot_design_change_n403030_wtmclu_scenario1_466_470_site3_net  Created
 Network defboot_design_change_n403030_wtmclu_scenario1_466_470_site2_net  Creating
 Network defboot_design_change_n403030_wtmclu_scenario1_466_470_site2_net  Created
 Network defboot_design_change_n403030_wtmclu_scenario1_466_470_site1_net  Creating
 Network defboot_design_change_n403030_wtmclu_scenario1_466_470_site1_net  Created
 Container defboot_design_change_n403030_wtmclu_scenario1_466_470-client2-1  Creating
 Container defboot_design_change_n403030_wtmclu_scenario1_466_470-client3-1  Creating
 Container defboot_design_change_n403030_wtmclu_scenario1_466_470-client1-1  Creating
 Container defboot_design_change_n403030_wtmclu_scenario1_466_470-client2-1  Created
 Container defboot_design_change_n403030_wtmclu_scenario1_466_470-client1-1  Created
 Container defboot_design_change_n403030_wtmclu_scenario1_466_470-client3-1  Created
 Container defboot_design_change_n403030_wtmclu_scenario1_466_470-server-1  Creating
 Container defboot_design_change_n403030_wtmclu_scenario1_466_470-server-1  Created
Attaching to client1-1, client2-1, client3-1, server-1
client3-1  | Running plumber API at http://0.0.0.0:8000
client3-1  | Running swagger Docs at http://127.0.0.1:8000/__docs__/
client1-1  | Running plumber API at http://0.0.0.0:8000
client1-1  | Running swagger Docs at http://127.0.0.1:8000/__docs__/
client2-1  | Running plumber API at http://0.0.0.0:8000
client2-1  | Running swagger Docs at http://127.0.0.1:8000/__docs__/
client1-1  | ℹ parameter labels from comments are typically ignored in non-interactive mode
client3-1  | ℹ parameter labels from comments are typically ignored in non-interactive mode
client2-1  | ℹ parameter labels from comments are typically ignored in non-interactive mode
client1-1  | ℹ Need to run with the source intact to parse comments
client3-1  | ℹ Need to run with the source intact to parse comments
client2-1  | ℹ Need to run with the source intact to parse comments
server-1   | [send_init] http://client3:8000 init succeeded
server-1   | [send_init] http://client2:8000 init succeeded
server-1   | [send_init] http://client1:8000 init succeeded
server-1   | {"schema":{"schema_version":"1.1.0","generated_at":"2026-05-22T15:02:06Z","config_path":"/project/configs/../temp/deferiprone_single_oral_25mgkg_designcheck_20260511/validation/design_change_n403030_wtmclustT10_nomix_site403030_nondesignquota_precisionchol_basefitbootinit_preboot_20260521/configs/resolved/scenario1_bootstrap.json","config_md5":"9d7556058a6c3cb18af9ad7ffdd7076b","seed":4869,"host":"9063449e3ba1","pid":1,"image_tag":null,"git_sha":null,"git_dirty":null},"aggregation":{"ci_method":"percentile","ci_level":0.95,"quantile_type":7,"estimates_scale":"natural"},"summary":[{"parameter":"(etaLcl,etaLvc)","median":0.064072091928,"p2.5":0.049144300223,"p97.5":0.065549735782},{"parameter":"CcPropSd","median":0.35038170991,"p2.5":0.33137771069,"p97.5":0.38103267858},{"parameter":"etaLcl","median":0.098373562695,"p2.5":0.086905135007,"p97.5":0.1294970081},{"parameter":"etaLvc","median":0.040660892779,"p2.5":0.025868701688,"p97.5":0.046028673903},{"parameter":"lcl","median":2.162103274,"p2.5":2.1169407064,"p97.5":2.1976912186},{"parameter":"lka","median":2.2079641839,"p2.5":2.0338199045,"p97.5":2.3360337463},{"parameter":"lvc","median":2.9259425169,"p2.5":2.8717468627,"p97.5":2.9559898419},{"parameter":"rho_(etaLcl,etaLvc)","median":0.98109805097,"p2.5":0.97066819646,"p97.5":0.98323995033}],"runs":[{"tag":"trial_466_20260522-150206","value":2193.4347,"counts":[20,20],"control":{"maxit":100,"factr":1000000000,"pgtol":0,"trace":0,"method":"L-BFGS-B"},"convergence":0,"message":"CONVERGENCE: REL_REDUCTION_OF_F <= FACTR*EPSMCH","nat_par":{"lka":2.2079641839,"lcl":2.1334196943,"lvc":2.8928009209,"CcPropSd":0.34871082062,"etaLcl":0.085898629831,"etaLvc":0.040660892779,"(etaLcl,etaLvc)":0.057982106089,"rho_(etaLcl,etaLvc)":0.98109805097},"failed_clients":[],"attempt":1,"files":{"result":"/project/temp/deferiprone_single_oral_25mgkg_designcheck_20260511/validation/design_change_n403030_wtmclustT10_nomix_site403030_nondesignquota_precisionchol_basefitbootinit_preboot_20260521/runs/scenario1/bootstrap/federated/scenario1/raw_runs/run_20260522-150206/optim_result_trial_466_20260522-150206.json","trace":"/project/temp/deferiprone_single_oral_25mgkg_designcheck_20260511/validation/design_change_n403030_wtmclustT10_nomix_site403030_nondesignquota_precisionchol_basefitbootinit_preboot_20260521/runs/scenario1/bootstrap/federated/scenario1/raw_runs/run_20260522-150206/optim_trace_trial_466_20260522-150206.csv","final":"/project/temp/deferiprone_single_oral_25mgkg_designcheck_20260511/validation/design_change_n403030_wtmclustT10_nomix_site403030_nondesignquota_precisionchol_basefitbootinit_preboot_20260521/runs/scenario1/bootstrap/federated/scenario1/raw_runs/run_20260522-150206/final_params_trial_466_20260522-150206.csv"},"log_n":20,"execution_state":"completed","trial":466,"attempts":1},{"tag":"trial_467_20260522-150439","value":2191.5067,"counts":[27,27],"control":{"maxit":100,"factr":1000000000,"pgtol":0,"trace":0,"method":"L-BFGS-B"},"convergence":0,"message":"CONVERGENCE: REL_REDUCTION_OF_F <= FACTR*EPSMCH","nat_par":{"lka":2.3462008663,"lcl":2.2016269925,"lvc":2.9259425169,"CcPropSd":0.35685201508,"etaLcl":0.10017090025,"etaLvc":0.042506328187,"(etaLcl,etaLvc)":0.064072091928,"rho_(etaLcl,etaLvc)":0.98190917884},"failed_clients":[],"attempt":1,"files":{"result":"/project/temp/deferiprone_single_oral_25mgkg_designcheck_20260511/validation/design_change_n403030_wtmclustT10_nomix_site403030_nondesignquota_precisionchol_basefitbootinit_preboot_20260521/runs/scenario1/bootstrap/federated/scenario1/raw_runs/run_20260522-150206/optim_result_trial_467_20260522-150439.json","trace":"/project/temp/deferiprone_single_oral_25mgkg_designcheck_20260511/validation/design_change_n403030_wtmclustT10_nomix_site403030_nondesignquota_precisionchol_basefitbootinit_preboot_20260521/runs/scenario1/bootstrap/federated/scenario1/raw_runs/run_20260522-150206/optim_trace_trial_467_20260522-150439.csv","final":"/project/temp/deferiprone_single_oral_25mgkg_designcheck_20260511/validation/design_change_n403030_wtmclustT10_nomix_site403030_nondesignquota_precisionchol_basefitbootinit_preboot_20260521/runs/scenario1/bootstrap/federated/scenario1/raw_runs/run_20260522-150206/final_params_trial_467_20260522-150439.csv"},"log_n":27,"execution_state":"completed","trial":467,"attempts":1},{"tag":"trial_468_20260522-150803","value":2197.7273,"counts":[20,20],"control":{"maxit":100,"factr":1000000000,"pgtol":0,"trace":0,"method":"L-BFGS-B"},"convergence":0,"message":"CONVERGENCE: REL_REDUCTION_OF_F <= FACTR*EPSMCH","nat_par":{"lka":2.0327041634,"lcl":2.162103274,"lvc":2.9413242793,"CcPropSd":0.35038170991,"etaLcl":0.098373562695,"etaLvc":0.025062641628,"(etaLcl,etaLvc)":0.048162321794,"rho_(etaLcl,etaLvc)":0.96996216224},"failed_clients":[],"attempt":1,"files":{"result":"/project/temp/deferiprone_single_oral_25mgkg_designcheck_20260511/validation/design_change_n403030_wtmclustT10_nomix_site403030_nondesignquota_precisionchol_basefitbootinit_preboot_20260521/runs/scenario1/bootstrap/federated/scenario1/raw_runs/run_20260522-150206/optim_result_trial_468_20260522-150803.json","trace":"/project/temp/deferiprone_single_oral_25mgkg_designcheck_20260511/validation/design_change_n403030_wtmclustT10_nomix_site403030_nondesignquota_precisionchol_basefitbootinit_preboot_20260521/runs/scenario1/bootstrap/federated/scenario1/raw_runs/run_20260522-150206/optim_trace_trial_468_20260522-150803.csv","final":"/project/temp/deferiprone_single_oral_25mgkg_designcheck_20260511/validation/design_change_n403030_wtmclustT10_nomix_site403030_nondesignquota_precisionchol_basefitbootinit_preboot_20260521/runs/scenario1/bootstrap/federated/scenario1/raw_runs/run_20260522-150206/final_params_trial_468_20260522-150803.csv"},"log_n":20,"execution_state":"completed","trial":468,"attempts":1},{"tag":"trial_469_20260522-151035","value":2225.4299,"counts":[20,20],"control":{"maxit":100,"factr":1000000000,"pgtol":0,"trace":0,"method":"L-BFGS-B"},"convergence":0,"message":"CONVERGENCE: REL_REDUCTION_OF_F <= FACTR*EPSMCH","nat_par":{"lka":2.0438615752,"lcl":2.1151097077,"lvc":2.8694075229,"CcPropSd":0.32945180959,"etaLcl":0.13275546452,"etaLvc":0.033123242235,"(etaLcl,etaLvc)":0.064788390467,"rho_(etaLcl,etaLvc)":0.97702250448},"failed_clients":[],"attempt":1,"files":{"result":"/project/temp/deferiprone_single_oral_25mgkg_designcheck_20260511/validation/design_change_n403030_wtmclustT10_nomix_site403030_nondesignquota_precisionchol_basefitbootinit_preboot_20260521/runs/scenario1/bootstrap/federated/scenario1/raw_runs/run_20260522-150206/optim_result_trial_469_20260522-151035.json","trace":"/project/temp/deferiprone_single_oral_25mgkg_designcheck_20260511/validation/design_change_n403030_wtmclustT10_nomix_site403030_nondesignquota_precisionchol_basefitbootinit_preboot_20260521/runs/scenario1/bootstrap/federated/scenario1/raw_runs/run_20260522-150206/optim_trace_trial_469_20260522-151035.csv","final":"/project/temp/deferiprone_single_oral_25mgkg_designcheck_20260511/validation/design_change_n403030_wtmclustT10_nomix_site403030_nondesignquota_precisionchol_basefitbootinit_preboot_20260521/runs/scenario1/bootstrap/federated/scenario1/raw_runs/run_20260522-150206/final_params_trial_469_20260522-151035.csv"},"log_n":20,"execution_state":"completed","trial":469,"attempts":1},{"tag":"trial_470_20260522-151308","value":2256.3704,"counts":[24,24],"control":{"maxit":100,"factr":1000000000,"pgtol":0,"trace":0,"method":"L-BFGS-B"},"convergence":0,"message":"CONVERGENCE: REL_REDUCTION_OF_F <= FACTR*EPSMCH","nat_par":{"lka":2.2445296657,"lcl":2.1622692539,"lvc":2.9576193489,"CcPropSd":0.38371941897,"etaLcl":0.095963681596,"etaLvc":0.046420045649,"(etaLcl,etaLvc)":0.065634329705,"rho_(etaLcl,etaLvc)":0.98338781383},"failed_clients":[],"attempt":1,"files":{"result":"/project/temp/deferiprone_single_oral_25mgkg_designcheck_20260511/validation/design_change_n403030_wtmclustT10_nomix_site403030_nondesignquota_precisionchol_basefitbootinit_preboot_20260521/runs/scenario1/bootstrap/federated/scenario1/raw_runs/run_20260522-150206/optim_result_trial_470_20260522-151308.json","trace":"/project/temp/deferiprone_single_oral_25mgkg_designcheck_20260511/validation/design_change_n403030_wtmclustT10_nomix_site403030_nondesignquota_precisionchol_basefitbootinit_preboot_20260521/runs/scenario1/bootstrap/federated/scenario1/raw_runs/run_20260522-150206/optim_trace_trial_470_20260522-151308.csv","final":"/project/temp/deferiprone_single_oral_25mgkg_designcheck_20260511/validation/design_change_n403030_wtmclustT10_nomix_site403030_nondesignquota_precisionchol_basefitbootinit_preboot_20260521/runs/scenario1/bootstrap/federated/scenario1/raw_runs/run_20260522-150206/final_params_trial_470_20260522-151308.csv"},"log_n":24,"execution_state":"completed","trial":470,"attempts":1}],"trial_status":[{"trial":466,"execution_state":"completed","converged":true,"attempts":1,"convergence":0,"value":2193.4347,"eval_fn":20,"eval_gr":20,"log_n":20,"failed_clients_n":0,"message":"CONVERGENCE: REL_REDUCTION_OF_F <= FACTR*EPSMCH","result_file":"/project/temp/deferiprone_single_oral_25mgkg_designcheck_20260511/validation/design_change_n403030_wtmclustT10_nomix_site403030_nondesignquota_precisionchol_basefitbootinit_preboot_20260521/runs/scenario1/bootstrap/federated/scenario1/raw_runs/run_20260522-150206/optim_result_trial_466_20260522-150206.json","trace_file":"/project/temp/deferiprone_single_oral_25mgkg_designcheck_20260511/validation/design_change_n403030_wtmclustT10_nomix_site403030_nondesignquota_precisionchol_basefitbootinit_preboot_20260521/runs/scenario1/bootstrap/federated/scenario1/raw_runs/run_20260522-150206/optim_trace_trial_466_20260522-150206.csv","final_file":"/project/temp/deferiprone_single_oral_25mgkg_designcheck_20260511/validation/design_change_n403030_wtmclustT10_nomix_site403030_nondesignquota_precisionchol_basefitbootinit_preboot_20260521/runs/scenario1/bootstrap/federated/scenario1/raw_runs/run_20260522-150206/final_params_trial_466_20260522-150206.csv"},{"trial":467,"execution_state":"completed","converged":true,"attempts":1,"convergence":0,"value":2191.5067,"eval_fn":27,"eval_gr":27,"log_n":27,"failed_clients_n":0,"message":"CONVERGENCE: REL_REDUCTION_OF_F <= FACTR*EPSMCH","result_file":"/project/temp/deferiprone_single_oral_25mgkg_designcheck_20260511/validation/design_change_n403030_wtmclustT10_nomix_site403030_nondesignquota_precisionchol_basefitbootinit_preboot_20260521/runs/scenario1/bootstrap/federated/scenario1/raw_runs/run_20260522-150206/optim_result_trial_467_20260522-150439.json","trace_file":"/project/temp/deferiprone_single_oral_25mgkg_designcheck_20260511/validation/design_change_n403030_wtmclustT10_nomix_site403030_nondesignquota_precisionchol_basefitbootinit_preboot_20260521/runs/scenario1/bootstrap/federated/scenario1/raw_runs/run_20260522-150206/optim_trace_trial_467_20260522-150439.csv","final_file":"/project/temp/deferiprone_single_oral_25mgkg_designcheck_20260511/validation/design_change_n403030_wtmclustT10_nomix_site403030_nondesignquota_precisionchol_basefitbootinit_preboot_20260521/runs/scenario1/bootstrap/federated/scenario1/raw_runs/run_20260522-150206/final_params_trial_467_20260522-150439.csv"},{"trial":468,"execution_state":"completed","converged":true,"attempts":1,"convergence":0,"value":2197.7273,"eval_fn":20,"eval_gr":20,"log_n":20,"failed_clients_n":0,"message":"CONVERGENCE: REL_REDUCTION_OF_F <= FACTR*EPSMCH","result_file":"/project/temp/deferiprone_single_oral_25mgkg_designcheck_20260511/validation/design_change_n403030_wtmclustT10_nomix_site403030_nondesignquota_precisionchol_basefitbootinit_preboot_20260521/runs/scenario1/bootstrap/federated/scenario1/raw_runs/run_20260522-150206/optim_result_trial_468_20260522-150803.json","trace_file":"/project/temp/deferiprone_single_oral_25mgkg_designcheck_20260511/validation/design_change_n403030_wtmclustT10_nomix_site403030_nondesignquota_precisionchol_basefitbootinit_preboot_20260521/runs/scenario1/bootstrap/federated/scenario1/raw_runs/run_20260522-150206/optim_trace_trial_468_20260522-150803.csv","final_file":"/project/temp/deferiprone_single_oral_25mgkg_designcheck_20260511/validation/design_change_n403030_wtmclustT10_nomix_site403030_nondesignquota_precisionchol_basefitbootinit_preboot_20260521/runs/scenario1/bootstrap/federated/scenario1/raw_runs/run_20260522-150206/final_params_trial_468_20260522-150803.csv"},{"trial":469,"execution_state":"completed","converged":true,"attempts":1,"convergence":0,"value":2225.4299,"eval_fn":20,"eval_gr":20,"log_n":20,"failed_clients_n":0,"message":"CONVERGENCE: REL_REDUCTION_OF_F <= FACTR*EPSMCH","result_file":"/project/temp/deferiprone_single_oral_25mgkg_designcheck_20260511/validation/design_change_n403030_wtmclustT10_nomix_site403030_nondesignquota_precisionchol_basefitbootinit_preboot_20260521/runs/scenario1/bootstrap/federated/scenario1/raw_runs/run_20260522-150206/optim_result_trial_469_20260522-151035.json","trace_file":"/project/temp/deferiprone_single_oral_25mgkg_designcheck_20260511/validation/design_change_n403030_wtmclustT10_nomix_site403030_nondesignquota_precisionchol_basefitbootinit_preboot_20260521/runs/scenario1/bootstrap/federated/scenario1/raw_runs/run_20260522-150206/optim_trace_trial_469_20260522-151035.csv","final_file":"/project/temp/deferiprone_single_oral_25mgkg_designcheck_20260511/validation/design_change_n403030_wtmclustT10_nomix_site403030_nondesignquota_precisionchol_basefitbootinit_preboot_20260521/runs/scenario1/bootstrap/federated/scenario1/raw_runs/run_20260522-150206/final_params_trial_469_20260522-151035.csv"},{"trial":470,"execution_state":"completed","converged":true,"attempts":1,"convergence":0,"value":2256.3704,"eval_fn":24,"eval_gr":24,"log_n":24,"failed_clients_n":0,"message":"CONVERGENCE: REL_REDUCTION_OF_F <= FACTR*EPSMCH","result_file":"/project/temp/deferiprone_single_oral_25mgkg_designcheck_20260511/validation/design_change_n403030_wtmclustT10_nomix_site403030_nondesignquota_precisionchol_basefitbootinit_preboot_20260521/runs/scenario1/bootstrap/federated/scenario1/raw_runs/run_20260522-150206/optim_result_trial_470_20260522-151308.json","trace_file":"/project/temp/deferiprone_single_oral_25mgkg_designcheck_20260511/validation/design_change_n403030_wtmclustT10_nomix_site403030_nondesignquota_precisionchol_basefitbootinit_preboot_20260521/runs/scenario1/bootstrap/federated/scenario1/raw_runs/run_20260522-150206/optim_trace_trial_470_20260522-151308.csv","final_file":"/project/temp/deferiprone_single_oral_25mgkg_designcheck_20260511/validation/design_change_n403030_wtmclustT10_nomix_site403030_nondesignquota_precisionchol_basefitbootinit_preboot_20260521/runs/scenario1/bootstrap/federated/scenario1/raw_runs/run_20260522-150206/final_params_trial_470_20260522-151308.csv"}],"info":{"run_id":"20260522-150206","log_base_dir":"/project/temp/deferiprone_single_oral_25mgkg_designcheck_20260511/validation/design_change_n403030_wtmclustT10_nomix_site403030_nondesignquota_precisionchol_basefitbootinit_preboot_20260521/runs/scenario1/bootstrap/federated","scenario":"scenario1/raw_runs","total_trials":5,"successes":5,"failures":0,"nonconverged_count":0,"nonconverged_trials":[],"convergence_missing_count":0,"seed_base":4869,"B_per_client":500,"duration_sec":852.1033215523,"host":"9063449e3ba1","image_tag":null,"communication":{"generated_at":"2026-05-22T15:16:12Z","totals":{"requests":669,"request_bytes":746229,"response_bytes":170122,"total_bytes":916351,"retries":0},"init":{"requests":3,"request_bytes":8139,"response_bytes":1161,"total_bytes":9300,"retries":0,"median_elapsed_sec":0.36644816399},"init_round_latency":{"n_rounds":1,"median_round_wall_sec":0.36971211433,"p95_round_wall_sec":0.36971211433},"run":{"requests":0,"request_bytes":0,"response_bytes":0,"total_bytes":0,"retries":0,"median_elapsed_sec":"NA"},"run_bootstrap":{"requests":666,"request_bytes":738090,"response_bytes":168961,"total_bytes":907051,"retries":0,"median_elapsed_sec":3.652716279},"round_latency":{"n_rounds":222,"median_round_wall_sec":3.7674000263,"p95_round_wall_sec":4.0430146098},"timing_split":{"n_rounds":222,"rounds_with_compute":222,"total_round_wall_sec":841.5889835358,"total_round_compute_wall_sec":834.2812,"total_round_comm_overhead_wall_sec":7.3077835358,"comm_overhead_ratio":0.0086833165342,"compute_ratio":0.99131668347}},"communication_files":{"csv":"/project/temp/deferiprone_single_oral_25mgkg_designcheck_20260511/validation/design_change_n403030_wtmclustT10_nomix_site403030_nondesignquota_precisionchol_basefitbootinit_preboot_20260521/runs/scenario1/bootstrap/federated/scenario1/raw_runs/run_20260522-150206/comm_metrics.csv","json":"/project/temp/deferiprone_single_oral_25mgkg_designcheck_20260511/validation/design_change_n403030_wtmclustT10_nomix_site403030_nondesignquota_precisionchol_basefitbootinit_preboot_20260521/runs/scenario1/bootstrap/federated/scenario1/raw_runs/run_20260522-150206/comm_metrics.json"},"output_files":{"bootstrap_summary_csv":"/project/temp/deferiprone_single_oral_25mgkg_designcheck_20260511/validation/design_change_n403030_wtmclustT10_nomix_site403030_nondesignquota_precisionchol_basefitbootinit_preboot_20260521/runs/scenario1/bootstrap/federated/scenario1/raw_runs/run_20260522-150206/bootstrap_summary.csv","bootstrap_summary_json":"/project/temp/deferiprone_single_oral_25mgkg_designcheck_20260511/validation/design_change_n403030_wtmclustT10_nomix_site403030_nondesignquota_precisionchol_basefitbootinit_preboot_20260521/runs/scenario1/bootstrap/federated/scenario1/raw_runs/run_20260522-150206/bootstrap_summary.json","trial_status_csv":"/project/temp/deferiprone_single_oral_25mgkg_designcheck_20260511/validation/design_change_n403030_wtmclustT10_nomix_site403030_nondesignquota_precisionchol_basefitbootinit_preboot_20260521/runs/scenario1/bootstrap/federated/scenario1/raw_runs/run_20260522-150206/trial_status.csv","failed_trials_csv":"/project/temp/deferiprone_single_oral_25mgkg_designcheck_20260511/validation/design_change_n403030_wtmclustT10_nomix_site403030_nondesignquota_precisionchol_basefitbootinit_preboot_20260521/runs/scenario1/bootstrap/federated/scenario1/raw_runs/run_20260522-150206/failed_trials.csv","trial_estimates_wide_csv":"/project/temp/deferiprone_single_oral_25mgkg_designcheck_20260511/validation/design_change_n403030_wtmclustT10_nomix_site403030_nondesignquota_precisionchol_basefitbootinit_preboot_20260521/runs/scenario1/bootstrap/federated/scenario1/raw_runs/run_20260522-150206/trial_estimates_wide.csv","trial_estimates_long_csv":"/project/temp/deferiprone_single_oral_25mgkg_designcheck_20260511/validation/design_change_n403030_wtmclustT10_nomix_site403030_nondesignquota_precisionchol_basefitbootinit_preboot_20260521/runs/scenario1/bootstrap/federated/scenario1/raw_runs/run_20260522-150206/trial_estimates_long.csv","result_json":"/project/temp/deferiprone_single_oral_25mgkg_designcheck_20260511/validation/design_change_n403030_wtmclustT10_nomix_site403030_nondesignquota_precisionchol_basefitbootinit_preboot_20260521/runs/scenario1/bootstrap/federated/scenario1/raw_runs/run_20260522-150206/result.json"}}}
[Kserver-1 exited with code 0
Aborting on container exit...
 Container defboot_design_change_n403030_wtmclu_scenario1_466_470-server-1  Stopping
 Container defboot_design_change_n403030_wtmclu_scenario1_466_470-server-1  Stopped
 Container defboot_design_change_n403030_wtmclu_scenario1_466_470-client1-1  Stopping
 Container defboot_design_change_n403030_wtmclu_scenario1_466_470-client2-1  Stopping
 Container defboot_design_change_n403030_wtmclu_scenario1_466_470-client3-1  Stopping
 Container defboot_design_change_n403030_wtmclu_scenario1_466_470-client2-1  Stopped
 Container defboot_design_change_n403030_wtmclu_scenario1_466_470-client1-1  Stopped
 Container defboot_design_change_n403030_wtmclu_scenario1_466_470-client3-1  Stopped
time="2026-05-23T00:16:23+09:00" level=warning msg="The \"SERVER_CONFIG_PATH\" variable is not set. Defaulting to a blank string."
 Container defboot_design_change_n403030_wtmclu_scenario1_466_470-server-1  Stopping
 Container defboot_design_change_n403030_wtmclu_scenario1_466_470-server-1  Stopped
 Container defboot_design_change_n403030_wtmclu_scenario1_466_470-server-1  Removing
 Container defboot_design_change_n403030_wtmclu_scenario1_466_470-server-1  Removed
 Container defboot_design_change_n403030_wtmclu_scenario1_466_470-client1-1  Stopping
 Container defboot_design_change_n403030_wtmclu_scenario1_466_470-client2-1  Stopping
 Container defboot_design_change_n403030_wtmclu_scenario1_466_470-client3-1  Stopping
 Container defboot_design_change_n403030_wtmclu_scenario1_466_470-client1-1  Stopped
 Container defboot_design_change_n403030_wtmclu_scenario1_466_470-client1-1  Removing
 Container defboot_design_change_n403030_wtmclu_scenario1_466_470-client2-1  Stopped
 Container defboot_design_change_n403030_wtmclu_scenario1_466_470-client2-1  Removing
 Container defboot_design_change_n403030_wtmclu_scenario1_466_470-client3-1  Stopped
 Container defboot_design_change_n403030_wtmclu_scenario1_466_470-client3-1  Removing
 Container defboot_design_change_n403030_wtmclu_scenario1_466_470-client2-1  Removed
 Container defboot_design_change_n403030_wtmclu_scenario1_466_470-client3-1  Removed
 Container defboot_design_change_n403030_wtmclu_scenario1_466_470-client1-1  Removed
 Network defboot_design_change_n403030_wtmclu_scenario1_466_470_site3_net  Removing
 Network defboot_design_change_n403030_wtmclu_scenario1_466_470_site1_net  Removing
 Network defboot_design_change_n403030_wtmclu_scenario1_466_470_site2_net  Removing
 Network defboot_design_change_n403030_wtmclu_scenario1_466_470_site3_net  Removed
 Network defboot_design_change_n403030_wtmclu_scenario1_466_470_site1_net  Removed
 Network defboot_design_change_n403030_wtmclu_scenario1_466_470_site2_net  Removed
