time="2026-05-22T12:34:36+09:00" level=warning msg="The \"SERVER_CONFIG_PATH\" variable is not set. Defaulting to a blank string."
Compose now can delegate build to bake for better performances
Just set COMPOSE_BAKE=true
#0 building with "default" instance using docker driver

#1 [client2 internal] load build definition from Dockerfile.app
#1 transferring dockerfile: 778B done
#1 DONE 0.0s

#2 [client1 internal] load build definition from Dockerfile.app
#2 transferring dockerfile: 778B done
#2 DONE 0.0s

#3 [client3 internal] load build definition from Dockerfile.app
#3 transferring dockerfile: 778B done
#3 DONE 0.0s

#4 [client3 internal] load metadata for docker.io/fedpoppk/base:0.1.0
#4 DONE 0.0s

#5 [client2 internal] load .dockerignore
#5 transferring context: 2B done
#5 DONE 0.0s

#6 [client1 internal] load .dockerignore
#6 transferring context: 2B done
#6 DONE 0.0s

#7 [client3 internal] load .dockerignore
#7 transferring context: 2B done
#7 DONE 0.0s

#8 [client1 1/8] FROM docker.io/fedpoppk/base:0.1.0
#8 DONE 0.0s

#9 [client2 internal] load build context
#9 transferring context: 736.51kB 0.3s done
#9 DONE 0.3s

#10 [client1 internal] load build context
#10 transferring context: 736.51kB 0.3s done
#10 DONE 0.3s

#11 [client3 internal] load build context
#11 transferring context: 736.51kB 0.3s done
#11 DONE 0.3s

#12 [client2 3/8] COPY renv.lock .Rprofile renv/activate.R ./
#12 CACHED

#13 [client2 5/8] COPY apps/ apps/
#13 CACHED

#14 [client2 7/8] COPY analysis/ analysis/
#14 CACHED

#15 [client2 2/8] WORKDIR /project
#15 CACHED

#16 [client2 4/8] RUN Rscript -e "options(renv.consent=TRUE, Ncpus=parallel::detectCores());                 renv::restore(prompt=FALSE)"
#16 CACHED

#17 [client2 6/8] COPY R/ R/
#17 CACHED

#18 [client3 8/8] RUN mkdir -p /project/configs/modes /project/data /project/artifacts /project/result
#18 CACHED

#19 [client1] exporting to image
#19 exporting layers done
#19 writing image sha256:9639fd86cb47b71b1d761a1b968d95432d96871a683bd743e8ecf7d2800177ad done
#19 naming to docker.io/library/defboot_design_change_n403030_wtmclu_scenario1_246_250-client1 0.0s done
#19 DONE 0.0s

#20 [client2] exporting to image
#20 exporting layers done
#20 writing image sha256:6acfa23621aa7fa43313a6e94c25b739b55ca0e057cc65c07ba9455a1c05527f done
#20 naming to docker.io/library/defboot_design_change_n403030_wtmclu_scenario1_246_250-client2 0.0s done
#20 DONE 0.1s

#21 [client1] resolving provenance for metadata file
#21 DONE 0.0s

#22 [client3] exporting to image
#22 exporting layers done
#22 writing image sha256:37482657bdcfebe0ae6789c7ae2224db03e125fc10bfb9aa3c95144e9a50b4bc done
#22 naming to docker.io/library/defboot_design_change_n403030_wtmclu_scenario1_246_250-client3 0.1s done
#22 DONE 0.1s

#23 [client2] resolving provenance for metadata file
#23 DONE 0.0s

#24 [client3] resolving provenance for metadata file
#24 DONE 0.0s

#25 [server internal] load build definition from Dockerfile.app
#25 transferring dockerfile: 778B done
#25 DONE 0.0s

#4 [server internal] load metadata for docker.io/fedpoppk/base:0.1.0
#4 DONE 0.0s

#26 [server internal] load .dockerignore
#26 transferring context: 2B done
#26 DONE 0.0s

#8 [server 1/8] FROM docker.io/fedpoppk/base:0.1.0
#8 DONE 0.0s

#27 [server internal] load build context
#27 transferring context: 736.51kB 0.3s done
#27 DONE 0.3s

#15 [server 2/8] WORKDIR /project
#15 CACHED

#28 [server 6/8] COPY R/ R/
#28 CACHED

#29 [server 7/8] COPY analysis/ analysis/
#29 CACHED

#30 [server 3/8] COPY renv.lock .Rprofile renv/activate.R ./
#30 CACHED

#31 [server 5/8] COPY apps/ apps/
#31 CACHED

#32 [server 4/8] RUN Rscript -e "options(renv.consent=TRUE, Ncpus=parallel::detectCores());                 renv::restore(prompt=FALSE)"
#32 CACHED

#33 [server 8/8] RUN mkdir -p /project/configs/modes /project/data /project/artifacts /project/result
#33 CACHED

#34 [server] exporting to image
#34 exporting layers done
#34 writing image sha256:515cd21c8c607577a05457831ba3a323edb1c12d2ec1666b88cbb63fc32c4c28 done
#34 naming to docker.io/library/defboot_design_change_n403030_wtmclu_scenario1_246_250-server 0.0s done
#34 DONE 0.0s

#35 [server] resolving provenance for metadata file
#35 DONE 0.0s
 client1  Built
 client2  Built
 client3  Built
 server  Built
 Network defboot_design_change_n403030_wtmclu_scenario1_246_250_site1_net  Creating
 Network defboot_design_change_n403030_wtmclu_scenario1_246_250_site1_net  Created
 Network defboot_design_change_n403030_wtmclu_scenario1_246_250_site2_net  Creating
 Network defboot_design_change_n403030_wtmclu_scenario1_246_250_site2_net  Created
 Network defboot_design_change_n403030_wtmclu_scenario1_246_250_site3_net  Creating
 Network defboot_design_change_n403030_wtmclu_scenario1_246_250_site3_net  Created
 Container defboot_design_change_n403030_wtmclu_scenario1_246_250-client3-1  Creating
 Container defboot_design_change_n403030_wtmclu_scenario1_246_250-client2-1  Creating
 Container defboot_design_change_n403030_wtmclu_scenario1_246_250-client1-1  Creating
 Container defboot_design_change_n403030_wtmclu_scenario1_246_250-client1-1  Created
 Container defboot_design_change_n403030_wtmclu_scenario1_246_250-client3-1  Created
 Container defboot_design_change_n403030_wtmclu_scenario1_246_250-client2-1  Created
 Container defboot_design_change_n403030_wtmclu_scenario1_246_250-server-1  Creating
 Container defboot_design_change_n403030_wtmclu_scenario1_246_250-server-1  Created
Attaching to client1-1, client2-1, client3-1, server-1
client2-1  | Running plumber API at http://0.0.0.0:8000
client2-1  | Running swagger Docs at http://127.0.0.1:8000/__docs__/
client3-1  | Running plumber API at http://0.0.0.0:8000
client3-1  | Running swagger Docs at http://127.0.0.1:8000/__docs__/
client1-1  | Running plumber API at http://0.0.0.0:8000
client1-1  | Running swagger Docs at http://127.0.0.1:8000/__docs__/
client1-1  | ℹ parameter labels from comments are typically ignored in non-interactive mode
client2-1  | ℹ parameter labels from comments are typically ignored in non-interactive mode
client3-1  | ℹ parameter labels from comments are typically ignored in non-interactive mode
client1-1  | ℹ Need to run with the source intact to parse comments
client3-1  | ℹ Need to run with the source intact to parse comments
client2-1  | ℹ Need to run with the source intact to parse comments
server-1   | [send_init] http://client1:8000 init succeeded
server-1   | [send_init] http://client3:8000 init succeeded
server-1   | [send_init] http://client2:8000 init succeeded
server-1   | {"schema":{"schema_version":"1.1.0","generated_at":"2026-05-22T03:34:45Z","config_path":"/project/configs/../temp/deferiprone_single_oral_25mgkg_designcheck_20260511/validation/design_change_n403030_wtmclustT10_nomix_site403030_nondesignquota_precisionchol_basefitbootinit_preboot_20260521/configs/resolved/scenario1_bootstrap.json","config_md5":"9d7556058a6c3cb18af9ad7ffdd7076b","seed":4869,"host":"809de4bf380b","pid":1,"image_tag":null,"git_sha":null,"git_dirty":null},"aggregation":{"ci_method":"percentile","ci_level":0.95,"quantile_type":7,"estimates_scale":"natural"},"summary":[{"parameter":"(etaLcl,etaLvc)","median":0.051735700038,"p2.5":0.046353606082,"p97.5":0.084667339073},{"parameter":"CcPropSd","median":0.35152633336,"p2.5":0.33188242148,"p97.5":0.37099236086},{"parameter":"etaLcl","median":0.10186921681,"p2.5":0.079107270861,"p97.5":0.13957677777},{"parameter":"etaLvc","median":0.035785695302,"p2.5":0.022931470117,"p97.5":0.054617306564},{"parameter":"lcl","median":2.1878124941,"p2.5":2.1208386667,"p97.5":2.2659044963},{"parameter":"lka","median":2.2233825724,"p2.5":2.0897383843,"p97.5":2.4275130957},{"parameter":"lvc","median":2.9835766612,"p2.5":2.9211785293,"p97.5":3.0269041559},{"parameter":"rho_(etaLcl,etaLvc)","median":0.97860182615,"p2.5":0.96716464669,"p97.5":0.98577627426}],"runs":[{"tag":"trial_246_20260522-033445","value":2195.4099,"counts":[23,23],"control":{"maxit":100,"factr":1000000000,"pgtol":0,"trace":0,"method":"L-BFGS-B"},"convergence":0,"message":"CONVERGENCE: REL_REDUCTION_OF_F <= FACTR*EPSMCH","nat_par":{"lka":2.4118031124,"lcl":2.271719956,"lvc":3.0123758616,"CcPropSd":0.36815748844,"etaLcl":0.14011637168,"etaLvc":0.044366730256,"(etaLcl,etaLvc)":0.077478852253,"rho_(etaLcl,etaLvc)":0.98267526749},"failed_clients":[],"attempt":1,"files":{"result":"/project/temp/deferiprone_single_oral_25mgkg_designcheck_20260511/validation/design_change_n403030_wtmclustT10_nomix_site403030_nondesignquota_precisionchol_basefitbootinit_preboot_20260521/runs/scenario1/bootstrap/federated/scenario1/raw_runs/run_20260522-033445/optim_result_trial_246_20260522-033445.json","trace":"/project/temp/deferiprone_single_oral_25mgkg_designcheck_20260511/validation/design_change_n403030_wtmclustT10_nomix_site403030_nondesignquota_precisionchol_basefitbootinit_preboot_20260521/runs/scenario1/bootstrap/federated/scenario1/raw_runs/run_20260522-033445/optim_trace_trial_246_20260522-033445.csv","final":"/project/temp/deferiprone_single_oral_25mgkg_designcheck_20260511/validation/design_change_n403030_wtmclustT10_nomix_site403030_nondesignquota_precisionchol_basefitbootinit_preboot_20260521/runs/scenario1/bootstrap/federated/scenario1/raw_runs/run_20260522-033445/final_params_trial_246_20260522-033445.csv"},"log_n":23,"execution_state":"completed","trial":246,"attempts":1},{"tag":"trial_247_20260522-033739","value":2189.8714,"counts":[23,23],"control":{"maxit":100,"factr":1000000000,"pgtol":0,"trace":0,"method":"L-BFGS-B"},"convergence":0,"message":"CONVERGENCE: REL_REDUCTION_OF_F <= FACTR*EPSMCH","nat_par":{"lka":2.0865838039,"lcl":2.1163779558,"lvc":2.9173805572,"CcPropSd":0.35152633336,"etaLcl":0.078101460691,"etaLvc":0.035785695302,"(etaLcl,etaLvc)":0.051735700038,"rho_(etaLcl,etaLvc)":0.97860182615},"failed_clients":[],"attempt":1,"files":{"result":"/project/temp/deferiprone_single_oral_25mgkg_designcheck_20260511/validation/design_change_n403030_wtmclustT10_nomix_site403030_nondesignquota_precisionchol_basefitbootinit_preboot_20260521/runs/scenario1/bootstrap/federated/scenario1/raw_runs/run_20260522-033445/optim_result_trial_247_20260522-033739.json","trace":"/project/temp/deferiprone_single_oral_25mgkg_designcheck_20260511/validation/design_change_n403030_wtmclustT10_nomix_site403030_nondesignquota_precisionchol_basefitbootinit_preboot_20260521/runs/scenario1/bootstrap/federated/scenario1/raw_runs/run_20260522-033445/optim_trace_trial_247_20260522-033739.csv","final":"/project/temp/deferiprone_single_oral_25mgkg_designcheck_20260511/validation/design_change_n403030_wtmclustT10_nomix_site403030_nondesignquota_precisionchol_basefitbootinit_preboot_20260521/runs/scenario1/bootstrap/federated/scenario1/raw_runs/run_20260522-033445/final_params_trial_247_20260522-033739.csv"},"log_n":23,"execution_state":"completed","trial":247,"attempts":1},{"tag":"trial_248_20260522-034034","value":2209.7519,"counts":[20,20],"control":{"maxit":100,"factr":1000000000,"pgtol":0,"trace":0,"method":"L-BFGS-B"},"convergence":0,"message":"CONVERGENCE: REL_REDUCTION_OF_F <= FACTR*EPSMCH","nat_par":{"lka":2.1181296087,"lcl":2.1609850651,"lvc":2.955360278,"CcPropSd":0.34752890957,"etaLcl":0.088159562389,"etaLvc":0.028219856099,"(etaLcl,etaLvc)":0.048539255572,"rho_(etaLcl,etaLvc)":0.97315272067},"failed_clients":[],"attempt":1,"files":{"result":"/project/temp/deferiprone_single_oral_25mgkg_designcheck_20260511/validation/design_change_n403030_wtmclustT10_nomix_site403030_nondesignquota_precisionchol_basefitbootinit_preboot_20260521/runs/scenario1/bootstrap/federated/scenario1/raw_runs/run_20260522-033445/optim_result_trial_248_20260522-034034.json","trace":"/project/temp/deferiprone_single_oral_25mgkg_designcheck_20260511/validation/design_change_n403030_wtmclustT10_nomix_site403030_nondesignquota_precisionchol_basefitbootinit_preboot_20260521/runs/scenario1/bootstrap/federated/scenario1/raw_runs/run_20260522-033445/optim_trace_trial_248_20260522-034034.csv","final":"/project/temp/deferiprone_single_oral_25mgkg_designcheck_20260511/validation/design_change_n403030_wtmclustT10_nomix_site403030_nondesignquota_precisionchol_basefitbootinit_preboot_20260521/runs/scenario1/bootstrap/federated/scenario1/raw_runs/run_20260522-033445/final_params_trial_248_20260522-034034.csv"},"log_n":20,"execution_state":"completed","trial":248,"attempts":1},{"tag":"trial_249_20260522-034305","value":2226.8279,"counts":[38,38],"control":{"maxit":100,"factr":1000000000,"pgtol":0,"trace":0,"method":"L-BFGS-B"},"convergence":0,"message":"CONVERGENCE: REL_REDUCTION_OF_F <= FACTR*EPSMCH","nat_par":{"lka":2.2233825724,"lcl":2.2135653592,"lvc":3.0285184108,"CcPropSd":0.37130734669,"etaLcl":0.10186921681,"etaLvc":0.022343871675,"(etaLcl,etaLvc)":0.046110756138,"rho_(etaLcl,etaLvc)":0.96649930514},"failed_clients":[],"attempt":1,"files":{"result":"/project/temp/deferiprone_single_oral_25mgkg_designcheck_20260511/validation/design_change_n403030_wtmclustT10_nomix_site403030_nondesignquota_precisionchol_basefitbootinit_preboot_20260521/runs/scenario1/bootstrap/federated/scenario1/raw_runs/run_20260522-033445/optim_result_trial_249_20260522-034305.json","trace":"/project/temp/deferiprone_single_oral_25mgkg_designcheck_20260511/validation/design_change_n403030_wtmclustT10_nomix_site403030_nondesignquota_precisionchol_basefitbootinit_preboot_20260521/runs/scenario1/bootstrap/federated/scenario1/raw_runs/run_20260522-033445/optim_trace_trial_249_20260522-034305.csv","final":"/project/temp/deferiprone_single_oral_25mgkg_designcheck_20260511/validation/design_change_n403030_wtmclustT10_nomix_site403030_nondesignquota_precisionchol_basefitbootinit_preboot_20260521/runs/scenario1/bootstrap/federated/scenario1/raw_runs/run_20260522-033445/final_params_trial_249_20260522-034305.csv"},"log_n":38,"execution_state":"completed","trial":249,"attempts":1},{"tag":"trial_250_20260522-034755","value":2191.3485,"counts":[21,21],"control":{"maxit":100,"factr":1000000000,"pgtol":0,"trace":0,"method":"L-BFGS-B"},"convergence":0,"message":"CONVERGENCE: REL_REDUCTION_OF_F <= FACTR*EPSMCH","nat_par":{"lka":2.4292586494,"lcl":2.1878124941,"lvc":2.9835766612,"CcPropSd":0.3301439228,"etaLcl":0.13472043261,"etaLvc":0.055756259487,"(etaLcl,etaLvc)":0.085466059831,"rho_(etaLcl,etaLvc)":0.98612083057},"failed_clients":[],"attempt":1,"files":{"result":"/project/temp/deferiprone_single_oral_25mgkg_designcheck_20260511/validation/design_change_n403030_wtmclustT10_nomix_site403030_nondesignquota_precisionchol_basefitbootinit_preboot_20260521/runs/scenario1/bootstrap/federated/scenario1/raw_runs/run_20260522-033445/optim_result_trial_250_20260522-034755.json","trace":"/project/temp/deferiprone_single_oral_25mgkg_designcheck_20260511/validation/design_change_n403030_wtmclustT10_nomix_site403030_nondesignquota_precisionchol_basefitbootinit_preboot_20260521/runs/scenario1/bootstrap/federated/scenario1/raw_runs/run_20260522-033445/optim_trace_trial_250_20260522-034755.csv","final":"/project/temp/deferiprone_single_oral_25mgkg_designcheck_20260511/validation/design_change_n403030_wtmclustT10_nomix_site403030_nondesignquota_precisionchol_basefitbootinit_preboot_20260521/runs/scenario1/bootstrap/federated/scenario1/raw_runs/run_20260522-033445/final_params_trial_250_20260522-034755.csv"},"log_n":21,"execution_state":"completed","trial":250,"attempts":1}],"trial_status":[{"trial":246,"execution_state":"completed","converged":true,"attempts":1,"convergence":0,"value":2195.4099,"eval_fn":23,"eval_gr":23,"log_n":23,"failed_clients_n":0,"message":"CONVERGENCE: REL_REDUCTION_OF_F <= FACTR*EPSMCH","result_file":"/project/temp/deferiprone_single_oral_25mgkg_designcheck_20260511/validation/design_change_n403030_wtmclustT10_nomix_site403030_nondesignquota_precisionchol_basefitbootinit_preboot_20260521/runs/scenario1/bootstrap/federated/scenario1/raw_runs/run_20260522-033445/optim_result_trial_246_20260522-033445.json","trace_file":"/project/temp/deferiprone_single_oral_25mgkg_designcheck_20260511/validation/design_change_n403030_wtmclustT10_nomix_site403030_nondesignquota_precisionchol_basefitbootinit_preboot_20260521/runs/scenario1/bootstrap/federated/scenario1/raw_runs/run_20260522-033445/optim_trace_trial_246_20260522-033445.csv","final_file":"/project/temp/deferiprone_single_oral_25mgkg_designcheck_20260511/validation/design_change_n403030_wtmclustT10_nomix_site403030_nondesignquota_precisionchol_basefitbootinit_preboot_20260521/runs/scenario1/bootstrap/federated/scenario1/raw_runs/run_20260522-033445/final_params_trial_246_20260522-033445.csv"},{"trial":247,"execution_state":"completed","converged":true,"attempts":1,"convergence":0,"value":2189.8714,"eval_fn":23,"eval_gr":23,"log_n":23,"failed_clients_n":0,"message":"CONVERGENCE: REL_REDUCTION_OF_F <= FACTR*EPSMCH","result_file":"/project/temp/deferiprone_single_oral_25mgkg_designcheck_20260511/validation/design_change_n403030_wtmclustT10_nomix_site403030_nondesignquota_precisionchol_basefitbootinit_preboot_20260521/runs/scenario1/bootstrap/federated/scenario1/raw_runs/run_20260522-033445/optim_result_trial_247_20260522-033739.json","trace_file":"/project/temp/deferiprone_single_oral_25mgkg_designcheck_20260511/validation/design_change_n403030_wtmclustT10_nomix_site403030_nondesignquota_precisionchol_basefitbootinit_preboot_20260521/runs/scenario1/bootstrap/federated/scenario1/raw_runs/run_20260522-033445/optim_trace_trial_247_20260522-033739.csv","final_file":"/project/temp/deferiprone_single_oral_25mgkg_designcheck_20260511/validation/design_change_n403030_wtmclustT10_nomix_site403030_nondesignquota_precisionchol_basefitbootinit_preboot_20260521/runs/scenario1/bootstrap/federated/scenario1/raw_runs/run_20260522-033445/final_params_trial_247_20260522-033739.csv"},{"trial":248,"execution_state":"completed","converged":true,"attempts":1,"convergence":0,"value":2209.7519,"eval_fn":20,"eval_gr":20,"log_n":20,"failed_clients_n":0,"message":"CONVERGENCE: REL_REDUCTION_OF_F <= FACTR*EPSMCH","result_file":"/project/temp/deferiprone_single_oral_25mgkg_designcheck_20260511/validation/design_change_n403030_wtmclustT10_nomix_site403030_nondesignquota_precisionchol_basefitbootinit_preboot_20260521/runs/scenario1/bootstrap/federated/scenario1/raw_runs/run_20260522-033445/optim_result_trial_248_20260522-034034.json","trace_file":"/project/temp/deferiprone_single_oral_25mgkg_designcheck_20260511/validation/design_change_n403030_wtmclustT10_nomix_site403030_nondesignquota_precisionchol_basefitbootinit_preboot_20260521/runs/scenario1/bootstrap/federated/scenario1/raw_runs/run_20260522-033445/optim_trace_trial_248_20260522-034034.csv","final_file":"/project/temp/deferiprone_single_oral_25mgkg_designcheck_20260511/validation/design_change_n403030_wtmclustT10_nomix_site403030_nondesignquota_precisionchol_basefitbootinit_preboot_20260521/runs/scenario1/bootstrap/federated/scenario1/raw_runs/run_20260522-033445/final_params_trial_248_20260522-034034.csv"},{"trial":249,"execution_state":"completed","converged":true,"attempts":1,"convergence":0,"value":2226.8279,"eval_fn":38,"eval_gr":38,"log_n":38,"failed_clients_n":0,"message":"CONVERGENCE: REL_REDUCTION_OF_F <= FACTR*EPSMCH","result_file":"/project/temp/deferiprone_single_oral_25mgkg_designcheck_20260511/validation/design_change_n403030_wtmclustT10_nomix_site403030_nondesignquota_precisionchol_basefitbootinit_preboot_20260521/runs/scenario1/bootstrap/federated/scenario1/raw_runs/run_20260522-033445/optim_result_trial_249_20260522-034305.json","trace_file":"/project/temp/deferiprone_single_oral_25mgkg_designcheck_20260511/validation/design_change_n403030_wtmclustT10_nomix_site403030_nondesignquota_precisionchol_basefitbootinit_preboot_20260521/runs/scenario1/bootstrap/federated/scenario1/raw_runs/run_20260522-033445/optim_trace_trial_249_20260522-034305.csv","final_file":"/project/temp/deferiprone_single_oral_25mgkg_designcheck_20260511/validation/design_change_n403030_wtmclustT10_nomix_site403030_nondesignquota_precisionchol_basefitbootinit_preboot_20260521/runs/scenario1/bootstrap/federated/scenario1/raw_runs/run_20260522-033445/final_params_trial_249_20260522-034305.csv"},{"trial":250,"execution_state":"completed","converged":true,"attempts":1,"convergence":0,"value":2191.3485,"eval_fn":21,"eval_gr":21,"log_n":21,"failed_clients_n":0,"message":"CONVERGENCE: REL_REDUCTION_OF_F <= FACTR*EPSMCH","result_file":"/project/temp/deferiprone_single_oral_25mgkg_designcheck_20260511/validation/design_change_n403030_wtmclustT10_nomix_site403030_nondesignquota_precisionchol_basefitbootinit_preboot_20260521/runs/scenario1/bootstrap/federated/scenario1/raw_runs/run_20260522-033445/optim_result_trial_250_20260522-034755.json","trace_file":"/project/temp/deferiprone_single_oral_25mgkg_designcheck_20260511/validation/design_change_n403030_wtmclustT10_nomix_site403030_nondesignquota_precisionchol_basefitbootinit_preboot_20260521/runs/scenario1/bootstrap/federated/scenario1/raw_runs/run_20260522-033445/optim_trace_trial_250_20260522-034755.csv","final_file":"/project/temp/deferiprone_single_oral_25mgkg_designcheck_20260511/validation/design_change_n403030_wtmclustT10_nomix_site403030_nondesignquota_precisionchol_basefitbootinit_preboot_20260521/runs/scenario1/bootstrap/federated/scenario1/raw_runs/run_20260522-033445/final_params_trial_250_20260522-034755.csv"}],"info":{"run_id":"20260522-033445","log_base_dir":"/project/temp/deferiprone_single_oral_25mgkg_designcheck_20260511/validation/design_change_n403030_wtmclustT10_nomix_site403030_nondesignquota_precisionchol_basefitbootinit_preboot_20260521/runs/scenario1/bootstrap/federated","scenario":"scenario1/raw_runs","total_trials":5,"successes":5,"failures":0,"nonconverged_count":0,"nonconverged_trials":[],"convergence_missing_count":0,"seed_base":4869,"B_per_client":500,"duration_sec":957.3232562542,"host":"809de4bf380b","image_tag":null,"communication":{"generated_at":"2026-05-22T03:50:36Z","totals":{"requests":753,"request_bytes":839643,"response_bytes":191558,"total_bytes":1031201,"retries":0},"init":{"requests":3,"request_bytes":8139,"response_bytes":1161,"total_bytes":9300,"retries":0,"median_elapsed_sec":0.36844277382},"init_round_latency":{"n_rounds":1,"median_round_wall_sec":0.37068200111,"p95_round_wall_sec":0.37068200111},"run":{"requests":0,"request_bytes":0,"response_bytes":0,"total_bytes":0,"retries":0,"median_elapsed_sec":"NA"},"run_bootstrap":{"requests":750,"request_bytes":831504,"response_bytes":190397,"total_bytes":1021901,"retries":0,"median_elapsed_sec":3.6482954025},"round_latency":{"n_rounds":250,"median_round_wall_sec":3.7620151043,"p95_round_wall_sec":4.0570745945},"timing_split":{"n_rounds":250,"rounds_with_compute":250,"total_round_wall_sec":946.2181482315,"total_round_compute_wall_sec":938.0345,"total_round_comm_overhead_wall_sec":8.1836482315,"comm_overhead_ratio":0.0086487965241,"compute_ratio":0.99135120348}},"communication_files":{"csv":"/project/temp/deferiprone_single_oral_25mgkg_designcheck_20260511/validation/design_change_n403030_wtmclustT10_nomix_site403030_nondesignquota_precisionchol_basefitbootinit_preboot_20260521/runs/scenario1/bootstrap/federated/scenario1/raw_runs/run_20260522-033445/comm_metrics.csv","json":"/project/temp/deferiprone_single_oral_25mgkg_designcheck_20260511/validation/design_change_n403030_wtmclustT10_nomix_site403030_nondesignquota_precisionchol_basefitbootinit_preboot_20260521/runs/scenario1/bootstrap/federated/scenario1/raw_runs/run_20260522-033445/comm_metrics.json"},"output_files":{"bootstrap_summary_csv":"/project/temp/deferiprone_single_oral_25mgkg_designcheck_20260511/validation/design_change_n403030_wtmclustT10_nomix_site403030_nondesignquota_precisionchol_basefitbootinit_preboot_20260521/runs/scenario1/bootstrap/federated/scenario1/raw_runs/run_20260522-033445/bootstrap_summary.csv","bootstrap_summary_json":"/project/temp/deferiprone_single_oral_25mgkg_designcheck_20260511/validation/design_change_n403030_wtmclustT10_nomix_site403030_nondesignquota_precisionchol_basefitbootinit_preboot_20260521/runs/scenario1/bootstrap/federated/scenario1/raw_runs/run_20260522-033445/bootstrap_summary.json","trial_status_csv":"/project/temp/deferiprone_single_oral_25mgkg_designcheck_20260511/validation/design_change_n403030_wtmclustT10_nomix_site403030_nondesignquota_precisionchol_basefitbootinit_preboot_20260521/runs/scenario1/bootstrap/federated/scenario1/raw_runs/run_20260522-033445/trial_status.csv","failed_trials_csv":"/project/temp/deferiprone_single_oral_25mgkg_designcheck_20260511/validation/design_change_n403030_wtmclustT10_nomix_site403030_nondesignquota_precisionchol_basefitbootinit_preboot_20260521/runs/scenario1/bootstrap/federated/scenario1/raw_runs/run_20260522-033445/failed_trials.csv","trial_estimates_wide_csv":"/project/temp/deferiprone_single_oral_25mgkg_designcheck_20260511/validation/design_change_n403030_wtmclustT10_nomix_site403030_nondesignquota_precisionchol_basefitbootinit_preboot_20260521/runs/scenario1/bootstrap/federated/scenario1/raw_runs/run_20260522-033445/trial_estimates_wide.csv","trial_estimates_long_csv":"/project/temp/deferiprone_single_oral_25mgkg_designcheck_20260511/validation/design_change_n403030_wtmclustT10_nomix_site403030_nondesignquota_precisionchol_basefitbootinit_preboot_20260521/runs/scenario1/bootstrap/federated/scenario1/raw_runs/run_20260522-033445/trial_estimates_long.csv","result_json":"/project/temp/deferiprone_single_oral_25mgkg_designcheck_20260511/validation/design_change_n403030_wtmclustT10_nomix_site403030_nondesignquota_precisionchol_basefitbootinit_preboot_20260521/runs/scenario1/bootstrap/federated/scenario1/raw_runs/run_20260522-033445/result.json"}}}
[Kserver-1 exited with code 0
Aborting on container exit...
 Container defboot_design_change_n403030_wtmclu_scenario1_246_250-server-1  Stopping
 Container defboot_design_change_n403030_wtmclu_scenario1_246_250-server-1  Stopped
 Container defboot_design_change_n403030_wtmclu_scenario1_246_250-client3-1  Stopping
 Container defboot_design_change_n403030_wtmclu_scenario1_246_250-client1-1  Stopping
 Container defboot_design_change_n403030_wtmclu_scenario1_246_250-client2-1  Stopping
 Container defboot_design_change_n403030_wtmclu_scenario1_246_250-client1-1  Stopped
 Container defboot_design_change_n403030_wtmclu_scenario1_246_250-client3-1  Stopped
 Container defboot_design_change_n403030_wtmclu_scenario1_246_250-client2-1  Stopped
time="2026-05-22T12:50:47+09:00" level=warning msg="The \"SERVER_CONFIG_PATH\" variable is not set. Defaulting to a blank string."
 Container defboot_design_change_n403030_wtmclu_scenario1_246_250-server-1  Stopping
 Container defboot_design_change_n403030_wtmclu_scenario1_246_250-server-1  Stopped
 Container defboot_design_change_n403030_wtmclu_scenario1_246_250-server-1  Removing
 Container defboot_design_change_n403030_wtmclu_scenario1_246_250-server-1  Removed
 Container defboot_design_change_n403030_wtmclu_scenario1_246_250-client1-1  Stopping
 Container defboot_design_change_n403030_wtmclu_scenario1_246_250-client2-1  Stopping
 Container defboot_design_change_n403030_wtmclu_scenario1_246_250-client3-1  Stopping
 Container defboot_design_change_n403030_wtmclu_scenario1_246_250-client1-1  Stopped
 Container defboot_design_change_n403030_wtmclu_scenario1_246_250-client1-1  Removing
 Container defboot_design_change_n403030_wtmclu_scenario1_246_250-client2-1  Stopped
 Container defboot_design_change_n403030_wtmclu_scenario1_246_250-client2-1  Removing
 Container defboot_design_change_n403030_wtmclu_scenario1_246_250-client3-1  Stopped
 Container defboot_design_change_n403030_wtmclu_scenario1_246_250-client3-1  Removing
 Container defboot_design_change_n403030_wtmclu_scenario1_246_250-client1-1  Removed
 Container defboot_design_change_n403030_wtmclu_scenario1_246_250-client2-1  Removed
 Container defboot_design_change_n403030_wtmclu_scenario1_246_250-client3-1  Removed
 Network defboot_design_change_n403030_wtmclu_scenario1_246_250_site2_net  Removing
 Network defboot_design_change_n403030_wtmclu_scenario1_246_250_site3_net  Removing
 Network defboot_design_change_n403030_wtmclu_scenario1_246_250_site1_net  Removing
 Network defboot_design_change_n403030_wtmclu_scenario1_246_250_site1_net  Removed
 Network defboot_design_change_n403030_wtmclu_scenario1_246_250_site2_net  Removed
 Network defboot_design_change_n403030_wtmclu_scenario1_246_250_site3_net  Removed
