time="2026-05-22T22:54:47+09:00" level=warning msg="The \"SERVER_CONFIG_PATH\" variable is not set. Defaulting to a blank string."
Compose now can delegate build to bake for better performances
Just set COMPOSE_BAKE=true
#0 building with "default" instance using docker driver

#1 [client1 internal] load build definition from Dockerfile.app
#1 transferring dockerfile: 778B done
#1 DONE 0.0s

#2 [client2 internal] load build definition from Dockerfile.app
#2 transferring dockerfile: 778B done
#2 DONE 0.0s

#3 [client3 internal] load build definition from Dockerfile.app
#3 transferring dockerfile: 778B done
#3 DONE 0.0s

#4 [client3 internal] load metadata for docker.io/fedpoppk/base:0.1.0
#4 DONE 0.0s

#5 [client1 internal] load .dockerignore
#5 transferring context: 2B done
#5 DONE 0.0s

#6 [client2 internal] load .dockerignore
#6 transferring context: 2B done
#6 DONE 0.0s

#7 [client2 1/8] FROM docker.io/fedpoppk/base:0.1.0
#7 DONE 0.0s

#8 [client3 internal] load .dockerignore
#8 transferring context: 2B done
#8 DONE 0.0s

#9 [client3 internal] load build context
#9 ...

#10 [client1 internal] load build context
#10 transferring context: 736.51kB 0.3s done
#10 DONE 0.3s

#9 [client3 internal] load build context
#9 transferring context: 736.51kB 0.3s done
#9 DONE 0.3s

#11 [client2 internal] load build context
#11 transferring context: 736.51kB 0.3s done
#11 DONE 0.3s

#12 [client1 5/8] COPY apps/ apps/
#12 CACHED

#13 [client1 3/8] COPY renv.lock .Rprofile renv/activate.R ./
#13 CACHED

#14 [client1 4/8] RUN Rscript -e "options(renv.consent=TRUE, Ncpus=parallel::detectCores());                 renv::restore(prompt=FALSE)"
#14 CACHED

#15 [client1 7/8] COPY analysis/ analysis/
#15 CACHED

#16 [client1 2/8] WORKDIR /project
#16 CACHED

#17 [client1 6/8] COPY R/ R/
#17 CACHED

#18 [client2 8/8] RUN mkdir -p /project/configs/modes /project/data /project/artifacts /project/result
#18 CACHED

#19 [client1] exporting to image
#19 exporting layers done
#19 writing image sha256:058939abcdf6e7db78f295cf95e983aeed42f4ebd35dc5ba0186b9b96a855b1e done
#19 naming to docker.io/library/defboot_design_change_n403030_wtmclu_scenario1_446_450-client1 0.0s done
#19 DONE 0.0s

#20 [client2] exporting to image
#20 exporting layers done
#20 writing image sha256:604be95ef7a90d1cde553c07e786ec3ca80c7386839ee2f6542445d3d074b510 done
#20 naming to docker.io/library/defboot_design_change_n403030_wtmclu_scenario1_446_450-client2 0.0s done
#20 DONE 0.0s

#21 [client3] exporting to image
#21 exporting layers done
#21 writing image sha256:18470ab69267e4b78efc5d37b6a7036cf1de7e357824310de3a93de486eb6926 done
#21 naming to docker.io/library/defboot_design_change_n403030_wtmclu_scenario1_446_450-client3 0.0s done
#21 DONE 0.1s

#22 [client1] resolving provenance for metadata file
#22 DONE 0.0s

#23 [client2] resolving provenance for metadata file
#23 DONE 0.0s

#24 [client3] resolving provenance for metadata file
#24 DONE 0.0s

#25 [server internal] load build definition from Dockerfile.app
#25 transferring dockerfile: 778B done
#25 DONE 0.0s

#4 [server internal] load metadata for docker.io/fedpoppk/base:0.1.0
#4 DONE 0.0s

#26 [server internal] load .dockerignore
#26 transferring context: 2B done
#26 DONE 0.0s

#7 [server 1/8] FROM docker.io/fedpoppk/base:0.1.0
#7 DONE 0.0s

#27 [server internal] load build context
#27 transferring context: 736.51kB 0.3s done
#27 DONE 0.3s

#16 [server 2/8] WORKDIR /project
#16 CACHED

#28 [server 6/8] COPY R/ R/
#28 CACHED

#29 [server 7/8] COPY analysis/ analysis/
#29 CACHED

#30 [server 3/8] COPY renv.lock .Rprofile renv/activate.R ./
#30 CACHED

#31 [server 4/8] RUN Rscript -e "options(renv.consent=TRUE, Ncpus=parallel::detectCores());                 renv::restore(prompt=FALSE)"
#31 CACHED

#32 [server 5/8] COPY apps/ apps/
#32 CACHED

#33 [server 8/8] RUN mkdir -p /project/configs/modes /project/data /project/artifacts /project/result
#33 CACHED

#34 [server] exporting to image
#34 exporting layers done
#34 writing image sha256:4513e0d30a00eb4d6913161668d595b594d2d06ba57caba7de48e384f5dccac9 done
#34 naming to docker.io/library/defboot_design_change_n403030_wtmclu_scenario1_446_450-server 0.0s done
#34 DONE 0.0s

#35 [server] resolving provenance for metadata file
#35 DONE 0.0s
 client1  Built
 client2  Built
 client3  Built
 server  Built
 Network defboot_design_change_n403030_wtmclu_scenario1_446_450_site3_net  Creating
 Network defboot_design_change_n403030_wtmclu_scenario1_446_450_site3_net  Created
 Network defboot_design_change_n403030_wtmclu_scenario1_446_450_site1_net  Creating
 Network defboot_design_change_n403030_wtmclu_scenario1_446_450_site1_net  Created
 Network defboot_design_change_n403030_wtmclu_scenario1_446_450_site2_net  Creating
 Network defboot_design_change_n403030_wtmclu_scenario1_446_450_site2_net  Created
 Container defboot_design_change_n403030_wtmclu_scenario1_446_450-client3-1  Creating
 Container defboot_design_change_n403030_wtmclu_scenario1_446_450-client2-1  Creating
 Container defboot_design_change_n403030_wtmclu_scenario1_446_450-client1-1  Creating
 Container defboot_design_change_n403030_wtmclu_scenario1_446_450-client2-1  Created
 Container defboot_design_change_n403030_wtmclu_scenario1_446_450-client3-1  Created
 Container defboot_design_change_n403030_wtmclu_scenario1_446_450-client1-1  Created
 Container defboot_design_change_n403030_wtmclu_scenario1_446_450-server-1  Creating
 Container defboot_design_change_n403030_wtmclu_scenario1_446_450-server-1  Created
Attaching to client1-1, client2-1, client3-1, server-1
client1-1  | Running plumber API at http://0.0.0.0:8000
client1-1  | Running swagger Docs at http://127.0.0.1:8000/__docs__/
client2-1  | Running plumber API at http://0.0.0.0:8000
client3-1  | Running plumber API at http://0.0.0.0:8000
client2-1  | Running swagger Docs at http://127.0.0.1:8000/__docs__/
client3-1  | Running swagger Docs at http://127.0.0.1:8000/__docs__/
client1-1  | ℹ parameter labels from comments are typically ignored in non-interactive mode
client1-1  | ℹ Need to run with the source intact to parse comments
client2-1  | ℹ parameter labels from comments are typically ignored in non-interactive mode
client3-1  | ℹ parameter labels from comments are typically ignored in non-interactive mode
client2-1  | ℹ Need to run with the source intact to parse comments
client3-1  | ℹ Need to run with the source intact to parse comments
server-1   | [send_init] http://client1:8000 init succeeded
server-1   | [send_init] http://client3:8000 init succeeded
server-1   | [send_init] http://client2:8000 init succeeded
server-1   | {"schema":{"schema_version":"1.1.0","generated_at":"2026-05-22T13:54:56Z","config_path":"/project/configs/../temp/deferiprone_single_oral_25mgkg_designcheck_20260511/validation/design_change_n403030_wtmclustT10_nomix_site403030_nondesignquota_precisionchol_basefitbootinit_preboot_20260521/configs/resolved/scenario1_bootstrap.json","config_md5":"9d7556058a6c3cb18af9ad7ffdd7076b","seed":4869,"host":"6af72e1ad0c9","pid":1,"image_tag":null,"git_sha":null,"git_dirty":null},"aggregation":{"ci_method":"percentile","ci_level":0.95,"quantile_type":7,"estimates_scale":"natural"},"summary":[{"parameter":"(etaLcl,etaLvc)","median":0.057036843555,"p2.5":0.043065397502,"p97.5":0.069737959422},{"parameter":"CcPropSd","median":0.3656445455,"p2.5":0.33140909827,"p97.5":0.38569477597},{"parameter":"etaLcl","median":0.098004025388,"p2.5":0.071123240247,"p97.5":0.11401466269},{"parameter":"etaLvc","median":0.032961380292,"p2.5":0.026467144018,"p97.5":0.051916693627},{"parameter":"lcl","median":2.1559019277,"p2.5":2.1199929523,"p97.5":2.2146919463},{"parameter":"lka","median":2.3168791304,"p2.5":2.0256850278,"p97.5":2.4279317226},{"parameter":"lvc","median":2.9692291053,"p2.5":2.9194415521,"p97.5":2.9963564034},{"parameter":"rho_(etaLcl,etaLvc)","median":0.97689575206,"p2.5":0.9713744502,"p97.5":0.9850630193}],"runs":[{"tag":"trial_446_20260522-135456","value":2229.302,"counts":[23,23],"control":{"maxit":100,"factr":1000000000,"pgtol":0,"trace":0,"method":"L-BFGS-B"},"convergence":0,"message":"CONVERGENCE: REL_REDUCTION_OF_F <= FACTR*EPSMCH","nat_par":{"lka":2.4385547866,"lcl":2.1515031835,"lvc":2.9721714291,"CcPropSd":0.3735763393,"etaLcl":0.075092449941,"etaLvc":0.044852618647,"(etaLcl,etaLvc)":0.057036843555,"rho_(etaLcl,etaLvc)":0.98279614604},"failed_clients":[],"attempt":1,"files":{"result":"/project/temp/deferiprone_single_oral_25mgkg_designcheck_20260511/validation/design_change_n403030_wtmclustT10_nomix_site403030_nondesignquota_precisionchol_basefitbootinit_preboot_20260521/runs/scenario1/bootstrap/federated/scenario1/raw_runs/run_20260522-135456/optim_result_trial_446_20260522-135456.json","trace":"/project/temp/deferiprone_single_oral_25mgkg_designcheck_20260511/validation/design_change_n403030_wtmclustT10_nomix_site403030_nondesignquota_precisionchol_basefitbootinit_preboot_20260521/runs/scenario1/bootstrap/federated/scenario1/raw_runs/run_20260522-135456/optim_trace_trial_446_20260522-135456.csv","final":"/project/temp/deferiprone_single_oral_25mgkg_designcheck_20260511/validation/design_change_n403030_wtmclustT10_nomix_site403030_nondesignquota_precisionchol_basefitbootinit_preboot_20260521/runs/scenario1/bootstrap/federated/scenario1/raw_runs/run_20260522-135456/final_params_trial_446_20260522-135456.csv"},"log_n":23,"execution_state":"completed","trial":446,"attempts":1},{"tag":"trial_447_20260522-135750","value":2233.29,"counts":[28,28],"control":{"maxit":100,"factr":1000000000,"pgtol":0,"trace":0,"method":"L-BFGS-B"},"convergence":0,"message":"CONVERGENCE: REL_REDUCTION_OF_F <= FACTR*EPSMCH","nat_par":{"lka":2.3323241464,"lcl":2.1559019277,"lvc":2.9990436228,"CcPropSd":0.38704126893,"etaLcl":0.070682216948,"etaLvc":0.026023045994,"(etaLcl,etaLvc)":0.041642510683,"rho_(etaLcl,etaLvc)":0.97096317673},"failed_clients":[],"attempt":1,"files":{"result":"/project/temp/deferiprone_single_oral_25mgkg_designcheck_20260511/validation/design_change_n403030_wtmclustT10_nomix_site403030_nondesignquota_precisionchol_basefitbootinit_preboot_20260521/runs/scenario1/bootstrap/federated/scenario1/raw_runs/run_20260522-135456/optim_result_trial_447_20260522-135750.json","trace":"/project/temp/deferiprone_single_oral_25mgkg_designcheck_20260511/validation/design_change_n403030_wtmclustT10_nomix_site403030_nondesignquota_precisionchol_basefitbootinit_preboot_20260521/runs/scenario1/bootstrap/federated/scenario1/raw_runs/run_20260522-135456/optim_trace_trial_447_20260522-135750.csv","final":"/project/temp/deferiprone_single_oral_25mgkg_designcheck_20260511/validation/design_change_n403030_wtmclustT10_nomix_site403030_nondesignquota_precisionchol_basefitbootinit_preboot_20260521/runs/scenario1/bootstrap/federated/scenario1/raw_runs/run_20260522-135456/final_params_trial_447_20260522-135750.csv"},"log_n":28,"execution_state":"completed","trial":447,"attempts":1},{"tag":"trial_448_20260522-140123","value":2198.5893,"counts":[36,36],"control":{"maxit":100,"factr":1000000000,"pgtol":0,"trace":0,"method":"L-BFGS-B"},"convergence":0,"message":"CONVERGENCE: REL_REDUCTION_OF_F <= FACTR*EPSMCH","nat_par":{"lka":2.2505585269,"lcl":2.1611746788,"lvc":2.9148018787,"CcPropSd":0.33064706062,"etaLcl":0.1077741542,"etaLvc":0.030464026238,"(etaLcl,etaLvc)":0.055871378875,"rho_(etaLcl,etaLvc)":0.97507591149},"failed_clients":[],"attempt":1,"files":{"result":"/project/temp/deferiprone_single_oral_25mgkg_designcheck_20260511/validation/design_change_n403030_wtmclustT10_nomix_site403030_nondesignquota_precisionchol_basefitbootinit_preboot_20260521/runs/scenario1/bootstrap/federated/scenario1/raw_runs/run_20260522-135456/optim_result_trial_448_20260522-140123.json","trace":"/project/temp/deferiprone_single_oral_25mgkg_designcheck_20260511/validation/design_change_n403030_wtmclustT10_nomix_site403030_nondesignquota_precisionchol_basefitbootinit_preboot_20260521/runs/scenario1/bootstrap/federated/scenario1/raw_runs/run_20260522-135456/optim_trace_trial_448_20260522-140123.csv","final":"/project/temp/deferiprone_single_oral_25mgkg_designcheck_20260511/validation/design_change_n403030_wtmclustT10_nomix_site403030_nondesignquota_precisionchol_basefitbootinit_preboot_20260521/runs/scenario1/bootstrap/federated/scenario1/raw_runs/run_20260522-135456/final_params_trial_448_20260522-140123.csv"},"log_n":36,"execution_state":"completed","trial":448,"attempts":1},{"tag":"trial_449_20260522-140557","value":2221.0657,"counts":[22,22],"control":{"maxit":100,"factr":1000000000,"pgtol":0,"trace":0,"method":"L-BFGS-B"},"convergence":0,"message":"CONVERGENCE: REL_REDUCTION_OF_F <= FACTR*EPSMCH","nat_par":{"lka":2.3168791304,"lcl":2.1164918155,"lvc":2.9692291053,"CcPropSd":0.33826743716,"etaLcl":0.098004025388,"etaLvc":0.052701590847,"(etaLcl,etaLvc)":0.070812327171,"rho_(etaLcl,etaLvc)":0.9853148941},"failed_clients":[],"attempt":1,"files":{"result":"/project/temp/deferiprone_single_oral_25mgkg_designcheck_20260511/validation/design_change_n403030_wtmclustT10_nomix_site403030_nondesignquota_precisionchol_basefitbootinit_preboot_20260521/runs/scenario1/bootstrap/federated/scenario1/raw_runs/run_20260522-135456/optim_result_trial_449_20260522-140557.json","trace":"/project/temp/deferiprone_single_oral_25mgkg_designcheck_20260511/validation/design_change_n403030_wtmclustT10_nomix_site403030_nondesignquota_precisionchol_basefitbootinit_preboot_20260521/runs/scenario1/bootstrap/federated/scenario1/raw_runs/run_20260522-135456/optim_trace_trial_449_20260522-140557.csv","final":"/project/temp/deferiprone_single_oral_25mgkg_designcheck_20260511/validation/design_change_n403030_wtmclustT10_nomix_site403030_nondesignquota_precisionchol_basefitbootinit_preboot_20260521/runs/scenario1/bootstrap/federated/scenario1/raw_runs/run_20260522-135456/final_params_trial_449_20260522-140557.csv"},"log_n":22,"execution_state":"completed","trial":449,"attempts":1},{"tag":"trial_450_20260522-140847","value":2201.841,"counts":[22,22],"control":{"maxit":100,"factr":1000000000,"pgtol":0,"trace":0,"method":"L-BFGS-B"},"convergence":0,"message":"CONVERGENCE: REL_REDUCTION_OF_F <= FACTR*EPSMCH","nat_par":{"lka":2.0006990835,"lcl":2.2206383093,"lvc":2.9611986122,"CcPropSd":0.3656445455,"etaLcl":0.11470805253,"etaLvc":0.032961380292,"(etaLcl,etaLvc)":0.060068649689,"rho_(etaLcl,etaLvc)":0.97689575206},"failed_clients":[],"attempt":1,"files":{"result":"/project/temp/deferiprone_single_oral_25mgkg_designcheck_20260511/validation/design_change_n403030_wtmclustT10_nomix_site403030_nondesignquota_precisionchol_basefitbootinit_preboot_20260521/runs/scenario1/bootstrap/federated/scenario1/raw_runs/run_20260522-135456/optim_result_trial_450_20260522-140847.json","trace":"/project/temp/deferiprone_single_oral_25mgkg_designcheck_20260511/validation/design_change_n403030_wtmclustT10_nomix_site403030_nondesignquota_precisionchol_basefitbootinit_preboot_20260521/runs/scenario1/bootstrap/federated/scenario1/raw_runs/run_20260522-135456/optim_trace_trial_450_20260522-140847.csv","final":"/project/temp/deferiprone_single_oral_25mgkg_designcheck_20260511/validation/design_change_n403030_wtmclustT10_nomix_site403030_nondesignquota_precisionchol_basefitbootinit_preboot_20260521/runs/scenario1/bootstrap/federated/scenario1/raw_runs/run_20260522-135456/final_params_trial_450_20260522-140847.csv"},"log_n":22,"execution_state":"completed","trial":450,"attempts":1}],"trial_status":[{"trial":446,"execution_state":"completed","converged":true,"attempts":1,"convergence":0,"value":2229.302,"eval_fn":23,"eval_gr":23,"log_n":23,"failed_clients_n":0,"message":"CONVERGENCE: REL_REDUCTION_OF_F <= FACTR*EPSMCH","result_file":"/project/temp/deferiprone_single_oral_25mgkg_designcheck_20260511/validation/design_change_n403030_wtmclustT10_nomix_site403030_nondesignquota_precisionchol_basefitbootinit_preboot_20260521/runs/scenario1/bootstrap/federated/scenario1/raw_runs/run_20260522-135456/optim_result_trial_446_20260522-135456.json","trace_file":"/project/temp/deferiprone_single_oral_25mgkg_designcheck_20260511/validation/design_change_n403030_wtmclustT10_nomix_site403030_nondesignquota_precisionchol_basefitbootinit_preboot_20260521/runs/scenario1/bootstrap/federated/scenario1/raw_runs/run_20260522-135456/optim_trace_trial_446_20260522-135456.csv","final_file":"/project/temp/deferiprone_single_oral_25mgkg_designcheck_20260511/validation/design_change_n403030_wtmclustT10_nomix_site403030_nondesignquota_precisionchol_basefitbootinit_preboot_20260521/runs/scenario1/bootstrap/federated/scenario1/raw_runs/run_20260522-135456/final_params_trial_446_20260522-135456.csv"},{"trial":447,"execution_state":"completed","converged":true,"attempts":1,"convergence":0,"value":2233.29,"eval_fn":28,"eval_gr":28,"log_n":28,"failed_clients_n":0,"message":"CONVERGENCE: REL_REDUCTION_OF_F <= FACTR*EPSMCH","result_file":"/project/temp/deferiprone_single_oral_25mgkg_designcheck_20260511/validation/design_change_n403030_wtmclustT10_nomix_site403030_nondesignquota_precisionchol_basefitbootinit_preboot_20260521/runs/scenario1/bootstrap/federated/scenario1/raw_runs/run_20260522-135456/optim_result_trial_447_20260522-135750.json","trace_file":"/project/temp/deferiprone_single_oral_25mgkg_designcheck_20260511/validation/design_change_n403030_wtmclustT10_nomix_site403030_nondesignquota_precisionchol_basefitbootinit_preboot_20260521/runs/scenario1/bootstrap/federated/scenario1/raw_runs/run_20260522-135456/optim_trace_trial_447_20260522-135750.csv","final_file":"/project/temp/deferiprone_single_oral_25mgkg_designcheck_20260511/validation/design_change_n403030_wtmclustT10_nomix_site403030_nondesignquota_precisionchol_basefitbootinit_preboot_20260521/runs/scenario1/bootstrap/federated/scenario1/raw_runs/run_20260522-135456/final_params_trial_447_20260522-135750.csv"},{"trial":448,"execution_state":"completed","converged":true,"attempts":1,"convergence":0,"value":2198.5893,"eval_fn":36,"eval_gr":36,"log_n":36,"failed_clients_n":0,"message":"CONVERGENCE: REL_REDUCTION_OF_F <= FACTR*EPSMCH","result_file":"/project/temp/deferiprone_single_oral_25mgkg_designcheck_20260511/validation/design_change_n403030_wtmclustT10_nomix_site403030_nondesignquota_precisionchol_basefitbootinit_preboot_20260521/runs/scenario1/bootstrap/federated/scenario1/raw_runs/run_20260522-135456/optim_result_trial_448_20260522-140123.json","trace_file":"/project/temp/deferiprone_single_oral_25mgkg_designcheck_20260511/validation/design_change_n403030_wtmclustT10_nomix_site403030_nondesignquota_precisionchol_basefitbootinit_preboot_20260521/runs/scenario1/bootstrap/federated/scenario1/raw_runs/run_20260522-135456/optim_trace_trial_448_20260522-140123.csv","final_file":"/project/temp/deferiprone_single_oral_25mgkg_designcheck_20260511/validation/design_change_n403030_wtmclustT10_nomix_site403030_nondesignquota_precisionchol_basefitbootinit_preboot_20260521/runs/scenario1/bootstrap/federated/scenario1/raw_runs/run_20260522-135456/final_params_trial_448_20260522-140123.csv"},{"trial":449,"execution_state":"completed","converged":true,"attempts":1,"convergence":0,"value":2221.0657,"eval_fn":22,"eval_gr":22,"log_n":22,"failed_clients_n":0,"message":"CONVERGENCE: REL_REDUCTION_OF_F <= FACTR*EPSMCH","result_file":"/project/temp/deferiprone_single_oral_25mgkg_designcheck_20260511/validation/design_change_n403030_wtmclustT10_nomix_site403030_nondesignquota_precisionchol_basefitbootinit_preboot_20260521/runs/scenario1/bootstrap/federated/scenario1/raw_runs/run_20260522-135456/optim_result_trial_449_20260522-140557.json","trace_file":"/project/temp/deferiprone_single_oral_25mgkg_designcheck_20260511/validation/design_change_n403030_wtmclustT10_nomix_site403030_nondesignquota_precisionchol_basefitbootinit_preboot_20260521/runs/scenario1/bootstrap/federated/scenario1/raw_runs/run_20260522-135456/optim_trace_trial_449_20260522-140557.csv","final_file":"/project/temp/deferiprone_single_oral_25mgkg_designcheck_20260511/validation/design_change_n403030_wtmclustT10_nomix_site403030_nondesignquota_precisionchol_basefitbootinit_preboot_20260521/runs/scenario1/bootstrap/federated/scenario1/raw_runs/run_20260522-135456/final_params_trial_449_20260522-140557.csv"},{"trial":450,"execution_state":"completed","converged":true,"attempts":1,"convergence":0,"value":2201.841,"eval_fn":22,"eval_gr":22,"log_n":22,"failed_clients_n":0,"message":"CONVERGENCE: REL_REDUCTION_OF_F <= FACTR*EPSMCH","result_file":"/project/temp/deferiprone_single_oral_25mgkg_designcheck_20260511/validation/design_change_n403030_wtmclustT10_nomix_site403030_nondesignquota_precisionchol_basefitbootinit_preboot_20260521/runs/scenario1/bootstrap/federated/scenario1/raw_runs/run_20260522-135456/optim_result_trial_450_20260522-140847.json","trace_file":"/project/temp/deferiprone_single_oral_25mgkg_designcheck_20260511/validation/design_change_n403030_wtmclustT10_nomix_site403030_nondesignquota_precisionchol_basefitbootinit_preboot_20260521/runs/scenario1/bootstrap/federated/scenario1/raw_runs/run_20260522-135456/optim_trace_trial_450_20260522-140847.csv","final_file":"/project/temp/deferiprone_single_oral_25mgkg_designcheck_20260511/validation/design_change_n403030_wtmclustT10_nomix_site403030_nondesignquota_precisionchol_basefitbootinit_preboot_20260521/runs/scenario1/bootstrap/federated/scenario1/raw_runs/run_20260522-135456/final_params_trial_450_20260522-140847.csv"}],"info":{"run_id":"20260522-135456","log_base_dir":"/project/temp/deferiprone_single_oral_25mgkg_designcheck_20260511/validation/design_change_n403030_wtmclustT10_nomix_site403030_nondesignquota_precisionchol_basefitbootinit_preboot_20260521/runs/scenario1/bootstrap/federated","scenario":"scenario1/raw_runs","total_trials":5,"successes":5,"failures":0,"nonconverged_count":0,"nonconverged_trials":[],"convergence_missing_count":0,"seed_base":4869,"B_per_client":500,"duration_sec":1006.05123806,"host":"6af72e1ad0c9","image_tag":null,"communication":{"generated_at":"2026-05-22T14:11:36Z","totals":{"requests":789,"request_bytes":879531,"response_bytes":200237,"total_bytes":1079768,"retries":0},"init":{"requests":3,"request_bytes":8139,"response_bytes":1161,"total_bytes":9300,"retries":0,"median_elapsed_sec":0.36609148979},"init_round_latency":{"n_rounds":1,"median_round_wall_sec":0.36927866936,"p95_round_wall_sec":0.36927866936},"run":{"requests":0,"request_bytes":0,"response_bytes":0,"total_bytes":0,"retries":0,"median_elapsed_sec":"NA"},"run_bootstrap":{"requests":786,"request_bytes":871392,"response_bytes":199076,"total_bytes":1070468,"retries":0,"median_elapsed_sec":3.6622800827},"round_latency":{"n_rounds":262,"median_round_wall_sec":3.7731381655,"p95_round_wall_sec":4.0590487361},"timing_split":{"n_rounds":262,"rounds_with_compute":262,"total_round_wall_sec":994.6557357311,"total_round_compute_wall_sec":985.9789,"total_round_comm_overhead_wall_sec":8.6768357311,"comm_overhead_ratio":0.0087234561863,"compute_ratio":0.99127654381}},"communication_files":{"csv":"/project/temp/deferiprone_single_oral_25mgkg_designcheck_20260511/validation/design_change_n403030_wtmclustT10_nomix_site403030_nondesignquota_precisionchol_basefitbootinit_preboot_20260521/runs/scenario1/bootstrap/federated/scenario1/raw_runs/run_20260522-135456/comm_metrics.csv","json":"/project/temp/deferiprone_single_oral_25mgkg_designcheck_20260511/validation/design_change_n403030_wtmclustT10_nomix_site403030_nondesignquota_precisionchol_basefitbootinit_preboot_20260521/runs/scenario1/bootstrap/federated/scenario1/raw_runs/run_20260522-135456/comm_metrics.json"},"output_files":{"bootstrap_summary_csv":"/project/temp/deferiprone_single_oral_25mgkg_designcheck_20260511/validation/design_change_n403030_wtmclustT10_nomix_site403030_nondesignquota_precisionchol_basefitbootinit_preboot_20260521/runs/scenario1/bootstrap/federated/scenario1/raw_runs/run_20260522-135456/bootstrap_summary.csv","bootstrap_summary_json":"/project/temp/deferiprone_single_oral_25mgkg_designcheck_20260511/validation/design_change_n403030_wtmclustT10_nomix_site403030_nondesignquota_precisionchol_basefitbootinit_preboot_20260521/runs/scenario1/bootstrap/federated/scenario1/raw_runs/run_20260522-135456/bootstrap_summary.json","trial_status_csv":"/project/temp/deferiprone_single_oral_25mgkg_designcheck_20260511/validation/design_change_n403030_wtmclustT10_nomix_site403030_nondesignquota_precisionchol_basefitbootinit_preboot_20260521/runs/scenario1/bootstrap/federated/scenario1/raw_runs/run_20260522-135456/trial_status.csv","failed_trials_csv":"/project/temp/deferiprone_single_oral_25mgkg_designcheck_20260511/validation/design_change_n403030_wtmclustT10_nomix_site403030_nondesignquota_precisionchol_basefitbootinit_preboot_20260521/runs/scenario1/bootstrap/federated/scenario1/raw_runs/run_20260522-135456/failed_trials.csv","trial_estimates_wide_csv":"/project/temp/deferiprone_single_oral_25mgkg_designcheck_20260511/validation/design_change_n403030_wtmclustT10_nomix_site403030_nondesignquota_precisionchol_basefitbootinit_preboot_20260521/runs/scenario1/bootstrap/federated/scenario1/raw_runs/run_20260522-135456/trial_estimates_wide.csv","trial_estimates_long_csv":"/project/temp/deferiprone_single_oral_25mgkg_designcheck_20260511/validation/design_change_n403030_wtmclustT10_nomix_site403030_nondesignquota_precisionchol_basefitbootinit_preboot_20260521/runs/scenario1/bootstrap/federated/scenario1/raw_runs/run_20260522-135456/trial_estimates_long.csv","result_json":"/project/temp/deferiprone_single_oral_25mgkg_designcheck_20260511/validation/design_change_n403030_wtmclustT10_nomix_site403030_nondesignquota_precisionchol_basefitbootinit_preboot_20260521/runs/scenario1/bootstrap/federated/scenario1/raw_runs/run_20260522-135456/result.json"}}}
[Kserver-1 exited with code 0
Aborting on container exit...
 Container defboot_design_change_n403030_wtmclu_scenario1_446_450-server-1  Stopping
 Container defboot_design_change_n403030_wtmclu_scenario1_446_450-server-1  Stopped
 Container defboot_design_change_n403030_wtmclu_scenario1_446_450-client1-1  Stopping
 Container defboot_design_change_n403030_wtmclu_scenario1_446_450-client3-1  Stopping
 Container defboot_design_change_n403030_wtmclu_scenario1_446_450-client2-1  Stopping
 Container defboot_design_change_n403030_wtmclu_scenario1_446_450-client2-1  Stopped
 Container defboot_design_change_n403030_wtmclu_scenario1_446_450-client1-1  Stopped
 Container defboot_design_change_n403030_wtmclu_scenario1_446_450-client3-1  Stopped
time="2026-05-22T23:11:47+09:00" level=warning msg="The \"SERVER_CONFIG_PATH\" variable is not set. Defaulting to a blank string."
 Container defboot_design_change_n403030_wtmclu_scenario1_446_450-server-1  Stopping
 Container defboot_design_change_n403030_wtmclu_scenario1_446_450-server-1  Stopped
 Container defboot_design_change_n403030_wtmclu_scenario1_446_450-server-1  Removing
 Container defboot_design_change_n403030_wtmclu_scenario1_446_450-server-1  Removed
 Container defboot_design_change_n403030_wtmclu_scenario1_446_450-client3-1  Stopping
 Container defboot_design_change_n403030_wtmclu_scenario1_446_450-client1-1  Stopping
 Container defboot_design_change_n403030_wtmclu_scenario1_446_450-client2-1  Stopping
 Container defboot_design_change_n403030_wtmclu_scenario1_446_450-client1-1  Stopped
 Container defboot_design_change_n403030_wtmclu_scenario1_446_450-client1-1  Removing
 Container defboot_design_change_n403030_wtmclu_scenario1_446_450-client3-1  Stopped
 Container defboot_design_change_n403030_wtmclu_scenario1_446_450-client3-1  Removing
 Container defboot_design_change_n403030_wtmclu_scenario1_446_450-client2-1  Stopped
 Container defboot_design_change_n403030_wtmclu_scenario1_446_450-client2-1  Removing
 Container defboot_design_change_n403030_wtmclu_scenario1_446_450-client1-1  Removed
 Container defboot_design_change_n403030_wtmclu_scenario1_446_450-client2-1  Removed
 Container defboot_design_change_n403030_wtmclu_scenario1_446_450-client3-1  Removed
 Network defboot_design_change_n403030_wtmclu_scenario1_446_450_site1_net  Removing
 Network defboot_design_change_n403030_wtmclu_scenario1_446_450_site3_net  Removing
 Network defboot_design_change_n403030_wtmclu_scenario1_446_450_site2_net  Removing
 Network defboot_design_change_n403030_wtmclu_scenario1_446_450_site1_net  Removed
 Network defboot_design_change_n403030_wtmclu_scenario1_446_450_site3_net  Removed
 Network defboot_design_change_n403030_wtmclu_scenario1_446_450_site2_net  Removed
