time="2026-05-22T11:02:19+09:00" level=warning msg="The \"SERVER_CONFIG_PATH\" variable is not set. Defaulting to a blank string."
Compose now can delegate build to bake for better performances
Just set COMPOSE_BAKE=true
#0 building with "default" instance using docker driver

#1 [client1 internal] load build definition from Dockerfile.app
#1 transferring dockerfile: 778B done
#1 DONE 0.0s

#2 [client2 internal] load build definition from Dockerfile.app
#2 transferring dockerfile: 778B done
#2 DONE 0.0s

#3 [client3 internal] load build definition from Dockerfile.app
#3 transferring dockerfile: 778B done
#3 DONE 0.0s

#4 [client3 internal] load metadata for docker.io/fedpoppk/base:0.1.0
#4 DONE 0.0s

#5 [client1 internal] load .dockerignore
#5 transferring context: 2B done
#5 DONE 0.0s

#6 [client2 internal] load .dockerignore
#6 transferring context: 2B done
#6 DONE 0.0s

#7 [client3 internal] load .dockerignore
#7 transferring context: 2B done
#7 DONE 0.0s

#8 [client3 1/8] FROM docker.io/fedpoppk/base:0.1.0
#8 DONE 0.0s

#9 [client2 internal] load build context
#9 transferring context: 736.51kB 0.3s done
#9 DONE 0.3s

#10 [client1 internal] load build context
#10 transferring context: 736.51kB 0.3s done
#10 DONE 0.3s

#11 [client3 internal] load build context
#11 transferring context: 736.51kB 0.3s done
#11 DONE 0.3s

#12 [client1 7/8] COPY analysis/ analysis/
#12 CACHED

#13 [client1 2/8] WORKDIR /project
#13 CACHED

#14 [client1 6/8] COPY R/ R/
#14 CACHED

#15 [client1 5/8] COPY apps/ apps/
#15 CACHED

#16 [client1 3/8] COPY renv.lock .Rprofile renv/activate.R ./
#16 CACHED

#17 [client1 4/8] RUN Rscript -e "options(renv.consent=TRUE, Ncpus=parallel::detectCores());                 renv::restore(prompt=FALSE)"
#17 CACHED

#18 [client3 8/8] RUN mkdir -p /project/configs/modes /project/data /project/artifacts /project/result
#18 CACHED

#19 [client1] exporting to image
#19 exporting layers done
#19 writing image sha256:972b8602101c01832715c0d3cf0fa2ded24d3fd5a641ca8705c35b24bae0b6bc done
#19 naming to docker.io/library/defboot_design_change_n403030_wtmclu_scenario1_216_220-client1 0.0s done
#19 DONE 0.0s

#20 [client3] exporting to image
#20 exporting layers done
#20 writing image sha256:ce0d42d88f58bde135ace280aa448809dfadbed1e9d2cb48988444f84140e33d done
#20 naming to docker.io/library/defboot_design_change_n403030_wtmclu_scenario1_216_220-client3 0.0s done
#20 DONE 0.1s

#21 [client2] exporting to image
#21 exporting layers done
#21 writing image sha256:439ed09cdff6571865444298bf6237ce3f04e7e059a255bdc2ceb3cf18512eb5 done
#21 naming to docker.io/library/defboot_design_change_n403030_wtmclu_scenario1_216_220-client2 0.0s done
#21 DONE 0.1s

#22 [client1] resolving provenance for metadata file
#22 DONE 0.0s

#23 [client3] resolving provenance for metadata file
#23 DONE 0.0s

#24 [client2] resolving provenance for metadata file
#24 DONE 0.0s

#25 [server internal] load build definition from Dockerfile.app
#25 transferring dockerfile: 778B done
#25 DONE 0.0s

#4 [server internal] load metadata for docker.io/fedpoppk/base:0.1.0
#4 DONE 0.0s

#26 [server internal] load .dockerignore
#26 transferring context: 2B done
#26 DONE 0.0s

#8 [server 1/8] FROM docker.io/fedpoppk/base:0.1.0
#8 DONE 0.0s

#27 [server internal] load build context
#27 transferring context: 736.51kB 0.3s done
#27 DONE 0.4s

#28 [server 6/8] COPY R/ R/
#28 CACHED

#13 [server 2/8] WORKDIR /project
#13 CACHED

#29 [server 4/8] RUN Rscript -e "options(renv.consent=TRUE, Ncpus=parallel::detectCores());                 renv::restore(prompt=FALSE)"
#29 CACHED

#30 [server 5/8] COPY apps/ apps/
#30 CACHED

#31 [server 3/8] COPY renv.lock .Rprofile renv/activate.R ./
#31 CACHED

#32 [server 7/8] COPY analysis/ analysis/
#32 CACHED

#33 [server 8/8] RUN mkdir -p /project/configs/modes /project/data /project/artifacts /project/result
#33 CACHED

#34 [server] exporting to image
#34 exporting layers done
#34 writing image sha256:c48b8d6cce2cfca1c674fb84541fc66867ffe23e016f6260527411e79a95bd48 done
#34 naming to docker.io/library/defboot_design_change_n403030_wtmclu_scenario1_216_220-server 0.0s done
#34 DONE 0.0s

#35 [server] resolving provenance for metadata file
#35 DONE 0.0s
 client1  Built
 client2  Built
 client3  Built
 server  Built
 Network defboot_design_change_n403030_wtmclu_scenario1_216_220_site3_net  Creating
 Network defboot_design_change_n403030_wtmclu_scenario1_216_220_site3_net  Created
 Network defboot_design_change_n403030_wtmclu_scenario1_216_220_site1_net  Creating
 Network defboot_design_change_n403030_wtmclu_scenario1_216_220_site1_net  Created
 Network defboot_design_change_n403030_wtmclu_scenario1_216_220_site2_net  Creating
 Network defboot_design_change_n403030_wtmclu_scenario1_216_220_site2_net  Created
 Container defboot_design_change_n403030_wtmclu_scenario1_216_220-client2-1  Creating
 Container defboot_design_change_n403030_wtmclu_scenario1_216_220-client1-1  Creating
 Container defboot_design_change_n403030_wtmclu_scenario1_216_220-client3-1  Creating
 Container defboot_design_change_n403030_wtmclu_scenario1_216_220-client1-1  Created
 Container defboot_design_change_n403030_wtmclu_scenario1_216_220-client3-1  Created
 Container defboot_design_change_n403030_wtmclu_scenario1_216_220-client2-1  Created
 Container defboot_design_change_n403030_wtmclu_scenario1_216_220-server-1  Creating
 Container defboot_design_change_n403030_wtmclu_scenario1_216_220-server-1  Created
Attaching to client1-1, client2-1, client3-1, server-1
client1-1  | Running plumber API at http://0.0.0.0:8000
client1-1  | Running swagger Docs at http://127.0.0.1:8000/__docs__/
client3-1  | Running plumber API at http://0.0.0.0:8000
client3-1  | Running swagger Docs at http://127.0.0.1:8000/__docs__/
client2-1  | Running plumber API at http://0.0.0.0:8000
client2-1  | Running swagger Docs at http://127.0.0.1:8000/__docs__/
client1-1  | ℹ parameter labels from comments are typically ignored in non-interactive mode
client1-1  | ℹ Need to run with the source intact to parse comments
client3-1  | ℹ parameter labels from comments are typically ignored in non-interactive mode
client2-1  | ℹ parameter labels from comments are typically ignored in non-interactive mode
client3-1  | ℹ Need to run with the source intact to parse comments
client2-1  | ℹ Need to run with the source intact to parse comments
server-1   | [send_init] http://client1:8000 init succeeded
server-1   | [send_init] http://client3:8000 init succeeded
server-1   | [send_init] http://client2:8000 init succeeded
server-1   | {"schema":{"schema_version":"1.1.0","generated_at":"2026-05-22T02:02:28Z","config_path":"/project/configs/../temp/deferiprone_single_oral_25mgkg_designcheck_20260511/validation/design_change_n403030_wtmclustT10_nomix_site403030_nondesignquota_precisionchol_basefitbootinit_preboot_20260521/configs/resolved/scenario1_bootstrap.json","config_md5":"9d7556058a6c3cb18af9ad7ffdd7076b","seed":4869,"host":"5b34f497182d","pid":1,"image_tag":null,"git_sha":null,"git_dirty":null},"aggregation":{"ci_method":"percentile","ci_level":0.95,"quantile_type":7,"estimates_scale":"natural"},"summary":[{"parameter":"(etaLcl,etaLvc)","median":0.064988270367,"p2.5":0.051019894183,"p97.5":0.076581109433},{"parameter":"CcPropSd","median":0.35909381657,"p2.5":0.3258379216,"p97.5":0.37202280386},{"parameter":"etaLcl","median":0.1100199413,"p2.5":0.085958479136,"p97.5":0.13863322636},{"parameter":"etaLvc","median":0.039762840302,"p2.5":0.030103368406,"p97.5":0.044177263687},{"parameter":"lcl","median":2.1566972697,"p2.5":2.121420963,"p97.5":2.2217772412},{"parameter":"lka","median":2.3513407301,"p2.5":2.0624590697,"p97.5":2.7173829871},{"parameter":"lvc","median":2.9670233239,"p2.5":2.9091229535,"p97.5":3.0141320189},{"parameter":"rho_(etaLcl,etaLvc)","median":0.98071452391,"p2.5":0.97476388695,"p97.5":0.98258301019}],"runs":[{"tag":"trial_216_20260522-020228","value":2198.3539,"counts":[24,24],"control":{"maxit":100,"factr":1000000000,"pgtol":0,"trace":0,"method":"L-BFGS-B"},"convergence":0,"message":"CONVERGENCE: REL_REDUCTION_OF_F <= FACTR*EPSMCH","nat_par":{"lka":2.3513407301,"lcl":2.2106800048,"lvc":2.9797148698,"CcPropSd":0.34569165116,"etaLcl":0.098446023819,"etaLvc":0.029888451805,"(etaLcl,etaLvc)":0.052866187749,"rho_(etaLcl,etaLvc)":0.97460176655},"failed_clients":[],"attempt":1,"files":{"result":"/project/temp/deferiprone_single_oral_25mgkg_designcheck_20260511/validation/design_change_n403030_wtmclustT10_nomix_site403030_nondesignquota_precisionchol_basefitbootinit_preboot_20260521/runs/scenario1/bootstrap/federated/scenario1/raw_runs/run_20260522-020228/optim_result_trial_216_20260522-020228.json","trace":"/project/temp/deferiprone_single_oral_25mgkg_designcheck_20260511/validation/design_change_n403030_wtmclustT10_nomix_site403030_nondesignquota_precisionchol_basefitbootinit_preboot_20260521/runs/scenario1/bootstrap/federated/scenario1/raw_runs/run_20260522-020228/optim_trace_trial_216_20260522-020228.csv","final":"/project/temp/deferiprone_single_oral_25mgkg_designcheck_20260511/validation/design_change_n403030_wtmclustT10_nomix_site403030_nondesignquota_precisionchol_basefitbootinit_preboot_20260521/runs/scenario1/bootstrap/federated/scenario1/raw_runs/run_20260522-020228/final_params_trial_216_20260522-020228.csv"},"log_n":24,"execution_state":"completed","trial":216,"attempts":1},{"tag":"trial_217_20260522-020530","value":2238.4281,"counts":[16,16],"control":{"maxit":100,"factr":1000000000,"pgtol":0,"trace":0,"method":"L-BFGS-B"},"convergence":0,"message":"CONVERGENCE: REL_REDUCTION_OF_F <= FACTR*EPSMCH","nat_par":{"lka":2.7366024586,"lcl":2.2230102675,"lvc":3.0179561466,"CcPropSd":0.37209845622,"etaLcl":0.14176634543,"etaLvc":0.043863989879,"(etaLcl,etaLvc)":0.077475684204,"rho_(etaLcl,etaLvc)":0.98248240621},"failed_clients":[],"attempt":1,"files":{"result":"/project/temp/deferiprone_single_oral_25mgkg_designcheck_20260511/validation/design_change_n403030_wtmclustT10_nomix_site403030_nondesignquota_precisionchol_basefitbootinit_preboot_20260521/runs/scenario1/bootstrap/federated/scenario1/raw_runs/run_20260522-020228/optim_result_trial_217_20260522-020530.json","trace":"/project/temp/deferiprone_single_oral_25mgkg_designcheck_20260511/validation/design_change_n403030_wtmclustT10_nomix_site403030_nondesignquota_precisionchol_basefitbootinit_preboot_20260521/runs/scenario1/bootstrap/federated/scenario1/raw_runs/run_20260522-020228/optim_trace_trial_217_20260522-020530.csv","final":"/project/temp/deferiprone_single_oral_25mgkg_designcheck_20260511/validation/design_change_n403030_wtmclustT10_nomix_site403030_nondesignquota_precisionchol_basefitbootinit_preboot_20260521/runs/scenario1/bootstrap/federated/scenario1/raw_runs/run_20260522-020228/final_params_trial_217_20260522-020530.csv"},"log_n":16,"execution_state":"completed","trial":217,"attempts":1},{"tag":"trial_218_20260522-020732","value":2194.5718,"counts":[23,23],"control":{"maxit":100,"factr":1000000000,"pgtol":0,"trace":0,"method":"L-BFGS-B"},"convergence":0,"message":"CONVERGENCE: REL_REDUCTION_OF_F <= FACTR*EPSMCH","nat_par":{"lka":2.5444077435,"lcl":2.1527062644,"lvc":2.9670233239,"CcPropSd":0.32363195165,"etaLcl":0.11043515476,"etaLvc":0.039762840302,"(etaLcl,etaLvc)":0.064988270367,"rho_(etaLcl,etaLvc)":0.98071452391},"failed_clients":[],"attempt":1,"files":{"result":"/project/temp/deferiprone_single_oral_25mgkg_designcheck_20260511/validation/design_change_n403030_wtmclustT10_nomix_site403030_nondesignquota_precisionchol_basefitbootinit_preboot_20260521/runs/scenario1/bootstrap/federated/scenario1/raw_runs/run_20260522-020228/optim_result_trial_218_20260522-020732.json","trace":"/project/temp/deferiprone_single_oral_25mgkg_designcheck_20260511/validation/design_change_n403030_wtmclustT10_nomix_site403030_nondesignquota_precisionchol_basefitbootinit_preboot_20260521/runs/scenario1/bootstrap/federated/scenario1/raw_runs/run_20260522-020228/optim_trace_trial_218_20260522-020732.csv","final":"/project/temp/deferiprone_single_oral_25mgkg_designcheck_20260511/validation/design_change_n403030_wtmclustT10_nomix_site403030_nondesignquota_precisionchol_basefitbootinit_preboot_20260521/runs/scenario1/bootstrap/federated/scenario1/raw_runs/run_20260522-020228/final_params_trial_218_20260522-020732.csv"},"log_n":23,"execution_state":"completed","trial":218,"attempts":1},{"tag":"trial_219_20260522-021027","value":2228.722,"counts":[25,25],"control":{"maxit":100,"factr":1000000000,"pgtol":0,"trace":0,"method":"L-BFGS-B"},"convergence":0,"message":"CONVERGENCE: REL_REDUCTION_OF_F <= FACTR*EPSMCH","nat_par":{"lka":2.058876049,"lcl":2.1179448184,"lvc":2.9048218297,"CcPropSd":0.35909381657,"etaLcl":0.084570974172,"etaLvc":0.032037617813,"(etaLcl,etaLvc)":0.050814750453,"rho_(etaLcl,etaLvc)":0.97622297054},"failed_clients":[],"attempt":1,"files":{"result":"/project/temp/deferiprone_single_oral_25mgkg_designcheck_20260511/validation/design_change_n403030_wtmclustT10_nomix_site403030_nondesignquota_precisionchol_basefitbootinit_preboot_20260521/runs/scenario1/bootstrap/federated/scenario1/raw_runs/run_20260522-020228/optim_result_trial_219_20260522-021027.json","trace":"/project/temp/deferiprone_single_oral_25mgkg_designcheck_20260511/validation/design_change_n403030_wtmclustT10_nomix_site403030_nondesignquota_precisionchol_basefitbootinit_preboot_20260521/runs/scenario1/bootstrap/federated/scenario1/raw_runs/run_20260522-020228/optim_trace_trial_219_20260522-021027.csv","final":"/project/temp/deferiprone_single_oral_25mgkg_designcheck_20260511/validation/design_change_n403030_wtmclustT10_nomix_site403030_nondesignquota_precisionchol_basefitbootinit_preboot_20260521/runs/scenario1/bootstrap/federated/scenario1/raw_runs/run_20260522-020228/final_params_trial_219_20260522-021027.csv"},"log_n":25,"execution_state":"completed","trial":219,"attempts":1},{"tag":"trial_220_20260522-021338","value":2238.6813,"counts":[41,41],"control":{"maxit":100,"factr":1000000000,"pgtol":0,"trace":0,"method":"L-BFGS-B"},"convergence":0,"message":"CONVERGENCE: REL_REDUCTION_OF_F <= FACTR*EPSMCH","nat_par":{"lka":2.0947062561,"lcl":2.1566972697,"lvc":2.9478330678,"CcPropSd":0.3713419326,"etaLcl":0.1100199413,"etaLvc":0.044212071888,"(etaLcl,etaLvc)":0.068529936495,"rho_(etaLcl,etaLvc)":0.98259418841},"failed_clients":[],"attempt":1,"files":{"result":"/project/temp/deferiprone_single_oral_25mgkg_designcheck_20260511/validation/design_change_n403030_wtmclustT10_nomix_site403030_nondesignquota_precisionchol_basefitbootinit_preboot_20260521/runs/scenario1/bootstrap/federated/scenario1/raw_runs/run_20260522-020228/optim_result_trial_220_20260522-021338.json","trace":"/project/temp/deferiprone_single_oral_25mgkg_designcheck_20260511/validation/design_change_n403030_wtmclustT10_nomix_site403030_nondesignquota_precisionchol_basefitbootinit_preboot_20260521/runs/scenario1/bootstrap/federated/scenario1/raw_runs/run_20260522-020228/optim_trace_trial_220_20260522-021338.csv","final":"/project/temp/deferiprone_single_oral_25mgkg_designcheck_20260511/validation/design_change_n403030_wtmclustT10_nomix_site403030_nondesignquota_precisionchol_basefitbootinit_preboot_20260521/runs/scenario1/bootstrap/federated/scenario1/raw_runs/run_20260522-020228/final_params_trial_220_20260522-021338.csv"},"log_n":41,"execution_state":"completed","trial":220,"attempts":1}],"trial_status":[{"trial":216,"execution_state":"completed","converged":true,"attempts":1,"convergence":0,"value":2198.3539,"eval_fn":24,"eval_gr":24,"log_n":24,"failed_clients_n":0,"message":"CONVERGENCE: REL_REDUCTION_OF_F <= FACTR*EPSMCH","result_file":"/project/temp/deferiprone_single_oral_25mgkg_designcheck_20260511/validation/design_change_n403030_wtmclustT10_nomix_site403030_nondesignquota_precisionchol_basefitbootinit_preboot_20260521/runs/scenario1/bootstrap/federated/scenario1/raw_runs/run_20260522-020228/optim_result_trial_216_20260522-020228.json","trace_file":"/project/temp/deferiprone_single_oral_25mgkg_designcheck_20260511/validation/design_change_n403030_wtmclustT10_nomix_site403030_nondesignquota_precisionchol_basefitbootinit_preboot_20260521/runs/scenario1/bootstrap/federated/scenario1/raw_runs/run_20260522-020228/optim_trace_trial_216_20260522-020228.csv","final_file":"/project/temp/deferiprone_single_oral_25mgkg_designcheck_20260511/validation/design_change_n403030_wtmclustT10_nomix_site403030_nondesignquota_precisionchol_basefitbootinit_preboot_20260521/runs/scenario1/bootstrap/federated/scenario1/raw_runs/run_20260522-020228/final_params_trial_216_20260522-020228.csv"},{"trial":217,"execution_state":"completed","converged":true,"attempts":1,"convergence":0,"value":2238.4281,"eval_fn":16,"eval_gr":16,"log_n":16,"failed_clients_n":0,"message":"CONVERGENCE: REL_REDUCTION_OF_F <= FACTR*EPSMCH","result_file":"/project/temp/deferiprone_single_oral_25mgkg_designcheck_20260511/validation/design_change_n403030_wtmclustT10_nomix_site403030_nondesignquota_precisionchol_basefitbootinit_preboot_20260521/runs/scenario1/bootstrap/federated/scenario1/raw_runs/run_20260522-020228/optim_result_trial_217_20260522-020530.json","trace_file":"/project/temp/deferiprone_single_oral_25mgkg_designcheck_20260511/validation/design_change_n403030_wtmclustT10_nomix_site403030_nondesignquota_precisionchol_basefitbootinit_preboot_20260521/runs/scenario1/bootstrap/federated/scenario1/raw_runs/run_20260522-020228/optim_trace_trial_217_20260522-020530.csv","final_file":"/project/temp/deferiprone_single_oral_25mgkg_designcheck_20260511/validation/design_change_n403030_wtmclustT10_nomix_site403030_nondesignquota_precisionchol_basefitbootinit_preboot_20260521/runs/scenario1/bootstrap/federated/scenario1/raw_runs/run_20260522-020228/final_params_trial_217_20260522-020530.csv"},{"trial":218,"execution_state":"completed","converged":true,"attempts":1,"convergence":0,"value":2194.5718,"eval_fn":23,"eval_gr":23,"log_n":23,"failed_clients_n":0,"message":"CONVERGENCE: REL_REDUCTION_OF_F <= FACTR*EPSMCH","result_file":"/project/temp/deferiprone_single_oral_25mgkg_designcheck_20260511/validation/design_change_n403030_wtmclustT10_nomix_site403030_nondesignquota_precisionchol_basefitbootinit_preboot_20260521/runs/scenario1/bootstrap/federated/scenario1/raw_runs/run_20260522-020228/optim_result_trial_218_20260522-020732.json","trace_file":"/project/temp/deferiprone_single_oral_25mgkg_designcheck_20260511/validation/design_change_n403030_wtmclustT10_nomix_site403030_nondesignquota_precisionchol_basefitbootinit_preboot_20260521/runs/scenario1/bootstrap/federated/scenario1/raw_runs/run_20260522-020228/optim_trace_trial_218_20260522-020732.csv","final_file":"/project/temp/deferiprone_single_oral_25mgkg_designcheck_20260511/validation/design_change_n403030_wtmclustT10_nomix_site403030_nondesignquota_precisionchol_basefitbootinit_preboot_20260521/runs/scenario1/bootstrap/federated/scenario1/raw_runs/run_20260522-020228/final_params_trial_218_20260522-020732.csv"},{"trial":219,"execution_state":"completed","converged":true,"attempts":1,"convergence":0,"value":2228.722,"eval_fn":25,"eval_gr":25,"log_n":25,"failed_clients_n":0,"message":"CONVERGENCE: REL_REDUCTION_OF_F <= FACTR*EPSMCH","result_file":"/project/temp/deferiprone_single_oral_25mgkg_designcheck_20260511/validation/design_change_n403030_wtmclustT10_nomix_site403030_nondesignquota_precisionchol_basefitbootinit_preboot_20260521/runs/scenario1/bootstrap/federated/scenario1/raw_runs/run_20260522-020228/optim_result_trial_219_20260522-021027.json","trace_file":"/project/temp/deferiprone_single_oral_25mgkg_designcheck_20260511/validation/design_change_n403030_wtmclustT10_nomix_site403030_nondesignquota_precisionchol_basefitbootinit_preboot_20260521/runs/scenario1/bootstrap/federated/scenario1/raw_runs/run_20260522-020228/optim_trace_trial_219_20260522-021027.csv","final_file":"/project/temp/deferiprone_single_oral_25mgkg_designcheck_20260511/validation/design_change_n403030_wtmclustT10_nomix_site403030_nondesignquota_precisionchol_basefitbootinit_preboot_20260521/runs/scenario1/bootstrap/federated/scenario1/raw_runs/run_20260522-020228/final_params_trial_219_20260522-021027.csv"},{"trial":220,"execution_state":"completed","converged":true,"attempts":1,"convergence":0,"value":2238.6813,"eval_fn":41,"eval_gr":41,"log_n":41,"failed_clients_n":0,"message":"CONVERGENCE: REL_REDUCTION_OF_F <= FACTR*EPSMCH","result_file":"/project/temp/deferiprone_single_oral_25mgkg_designcheck_20260511/validation/design_change_n403030_wtmclustT10_nomix_site403030_nondesignquota_precisionchol_basefitbootinit_preboot_20260521/runs/scenario1/bootstrap/federated/scenario1/raw_runs/run_20260522-020228/optim_result_trial_220_20260522-021338.json","trace_file":"/project/temp/deferiprone_single_oral_25mgkg_designcheck_20260511/validation/design_change_n403030_wtmclustT10_nomix_site403030_nondesignquota_precisionchol_basefitbootinit_preboot_20260521/runs/scenario1/bootstrap/federated/scenario1/raw_runs/run_20260522-020228/optim_trace_trial_220_20260522-021338.csv","final_file":"/project/temp/deferiprone_single_oral_25mgkg_designcheck_20260511/validation/design_change_n403030_wtmclustT10_nomix_site403030_nondesignquota_precisionchol_basefitbootinit_preboot_20260521/runs/scenario1/bootstrap/federated/scenario1/raw_runs/run_20260522-020228/final_params_trial_220_20260522-021338.csv"}],"info":{"run_id":"20260522-020228","log_base_dir":"/project/temp/deferiprone_single_oral_25mgkg_designcheck_20260511/validation/design_change_n403030_wtmclustT10_nomix_site403030_nondesignquota_precisionchol_basefitbootinit_preboot_20260521/runs/scenario1/bootstrap/federated","scenario":"scenario1/raw_runs","total_trials":5,"successes":5,"failures":0,"nonconverged_count":0,"nonconverged_trials":[],"convergence_missing_count":0,"seed_base":4869,"B_per_client":500,"duration_sec":989.8035368919,"host":"5b34f497182d","image_tag":null,"communication":{"generated_at":"2026-05-22T02:18:52Z","totals":{"requests":777,"request_bytes":866253,"response_bytes":197104,"total_bytes":1063357,"retries":0},"init":{"requests":3,"request_bytes":8139,"response_bytes":1161,"total_bytes":9300,"retries":0,"median_elapsed_sec":0.37196230888},"init_round_latency":{"n_rounds":1,"median_round_wall_sec":0.37832856178,"p95_round_wall_sec":0.37832856178},"run":{"requests":0,"request_bytes":0,"response_bytes":0,"total_bytes":0,"retries":0,"median_elapsed_sec":"NA"},"run_bootstrap":{"requests":774,"request_bytes":858114,"response_bytes":195943,"total_bytes":1054057,"retries":0,"median_elapsed_sec":3.6492654085},"round_latency":{"n_rounds":258,"median_round_wall_sec":3.7677909136,"p95_round_wall_sec":4.0345446229},"timing_split":{"n_rounds":258,"rounds_with_compute":258,"total_round_wall_sec":978.5039477348,"total_round_compute_wall_sec":969.9623,"total_round_comm_overhead_wall_sec":8.5416477348,"comm_overhead_ratio":0.008729293075,"compute_ratio":0.99127070692}},"communication_files":{"csv":"/project/temp/deferiprone_single_oral_25mgkg_designcheck_20260511/validation/design_change_n403030_wtmclustT10_nomix_site403030_nondesignquota_precisionchol_basefitbootinit_preboot_20260521/runs/scenario1/bootstrap/federated/scenario1/raw_runs/run_20260522-020228/comm_metrics.csv","json":"/project/temp/deferiprone_single_oral_25mgkg_designcheck_20260511/validation/design_change_n403030_wtmclustT10_nomix_site403030_nondesignquota_precisionchol_basefitbootinit_preboot_20260521/runs/scenario1/bootstrap/federated/scenario1/raw_runs/run_20260522-020228/comm_metrics.json"},"output_files":{"bootstrap_summary_csv":"/project/temp/deferiprone_single_oral_25mgkg_designcheck_20260511/validation/design_change_n403030_wtmclustT10_nomix_site403030_nondesignquota_precisionchol_basefitbootinit_preboot_20260521/runs/scenario1/bootstrap/federated/scenario1/raw_runs/run_20260522-020228/bootstrap_summary.csv","bootstrap_summary_json":"/project/temp/deferiprone_single_oral_25mgkg_designcheck_20260511/validation/design_change_n403030_wtmclustT10_nomix_site403030_nondesignquota_precisionchol_basefitbootinit_preboot_20260521/runs/scenario1/bootstrap/federated/scenario1/raw_runs/run_20260522-020228/bootstrap_summary.json","trial_status_csv":"/project/temp/deferiprone_single_oral_25mgkg_designcheck_20260511/validation/design_change_n403030_wtmclustT10_nomix_site403030_nondesignquota_precisionchol_basefitbootinit_preboot_20260521/runs/scenario1/bootstrap/federated/scenario1/raw_runs/run_20260522-020228/trial_status.csv","failed_trials_csv":"/project/temp/deferiprone_single_oral_25mgkg_designcheck_20260511/validation/design_change_n403030_wtmclustT10_nomix_site403030_nondesignquota_precisionchol_basefitbootinit_preboot_20260521/runs/scenario1/bootstrap/federated/scenario1/raw_runs/run_20260522-020228/failed_trials.csv","trial_estimates_wide_csv":"/project/temp/deferiprone_single_oral_25mgkg_designcheck_20260511/validation/design_change_n403030_wtmclustT10_nomix_site403030_nondesignquota_precisionchol_basefitbootinit_preboot_20260521/runs/scenario1/bootstrap/federated/scenario1/raw_runs/run_20260522-020228/trial_estimates_wide.csv","trial_estimates_long_csv":"/project/temp/deferiprone_single_oral_25mgkg_designcheck_20260511/validation/design_change_n403030_wtmclustT10_nomix_site403030_nondesignquota_precisionchol_basefitbootinit_preboot_20260521/runs/scenario1/bootstrap/federated/scenario1/raw_runs/run_20260522-020228/trial_estimates_long.csv","result_json":"/project/temp/deferiprone_single_oral_25mgkg_designcheck_20260511/validation/design_change_n403030_wtmclustT10_nomix_site403030_nondesignquota_precisionchol_basefitbootinit_preboot_20260521/runs/scenario1/bootstrap/federated/scenario1/raw_runs/run_20260522-020228/result.json"}}}
[Kserver-1 exited with code 0
Aborting on container exit...
 Container defboot_design_change_n403030_wtmclu_scenario1_216_220-server-1  Stopping
 Container defboot_design_change_n403030_wtmclu_scenario1_216_220-server-1  Stopped
 Container defboot_design_change_n403030_wtmclu_scenario1_216_220-client2-1  Stopping
 Container defboot_design_change_n403030_wtmclu_scenario1_216_220-client3-1  Stopping
 Container defboot_design_change_n403030_wtmclu_scenario1_216_220-client1-1  Stopping
 Container defboot_design_change_n403030_wtmclu_scenario1_216_220-client2-1  Stopped
 Container defboot_design_change_n403030_wtmclu_scenario1_216_220-client3-1  Stopped
 Container defboot_design_change_n403030_wtmclu_scenario1_216_220-client1-1  Stopped
time="2026-05-22T11:19:03+09:00" level=warning msg="The \"SERVER_CONFIG_PATH\" variable is not set. Defaulting to a blank string."
 Container defboot_design_change_n403030_wtmclu_scenario1_216_220-server-1  Stopping
 Container defboot_design_change_n403030_wtmclu_scenario1_216_220-server-1  Stopped
 Container defboot_design_change_n403030_wtmclu_scenario1_216_220-server-1  Removing
 Container defboot_design_change_n403030_wtmclu_scenario1_216_220-server-1  Removed
 Container defboot_design_change_n403030_wtmclu_scenario1_216_220-client1-1  Stopping
 Container defboot_design_change_n403030_wtmclu_scenario1_216_220-client2-1  Stopping
 Container defboot_design_change_n403030_wtmclu_scenario1_216_220-client3-1  Stopping
 Container defboot_design_change_n403030_wtmclu_scenario1_216_220-client3-1  Stopped
 Container defboot_design_change_n403030_wtmclu_scenario1_216_220-client3-1  Removing
 Container defboot_design_change_n403030_wtmclu_scenario1_216_220-client2-1  Stopped
 Container defboot_design_change_n403030_wtmclu_scenario1_216_220-client2-1  Removing
 Container defboot_design_change_n403030_wtmclu_scenario1_216_220-client1-1  Stopped
 Container defboot_design_change_n403030_wtmclu_scenario1_216_220-client1-1  Removing
 Container defboot_design_change_n403030_wtmclu_scenario1_216_220-client1-1  Removed
 Container defboot_design_change_n403030_wtmclu_scenario1_216_220-client3-1  Removed
 Container defboot_design_change_n403030_wtmclu_scenario1_216_220-client2-1  Removed
 Network defboot_design_change_n403030_wtmclu_scenario1_216_220_site1_net  Removing
 Network defboot_design_change_n403030_wtmclu_scenario1_216_220_site2_net  Removing
 Network defboot_design_change_n403030_wtmclu_scenario1_216_220_site3_net  Removing
 Network defboot_design_change_n403030_wtmclu_scenario1_216_220_site1_net  Removed
 Network defboot_design_change_n403030_wtmclu_scenario1_216_220_site2_net  Removed
 Network defboot_design_change_n403030_wtmclu_scenario1_216_220_site3_net  Removed
