time="2026-05-22T03:04:33+09:00" level=warning msg="The \"SERVER_CONFIG_PATH\" variable is not set. Defaulting to a blank string."
Compose now can delegate build to bake for better performances
Just set COMPOSE_BAKE=true
#0 building with "default" instance using docker driver

#1 [client1 internal] load build definition from Dockerfile.app
#1 transferring dockerfile: 778B done
#1 DONE 0.0s

#2 [client3 internal] load build definition from Dockerfile.app
#2 transferring dockerfile: 778B done
#2 DONE 0.0s

#3 [client2 internal] load build definition from Dockerfile.app
#3 transferring dockerfile: 778B done
#3 DONE 0.0s

#4 [client2 internal] load metadata for docker.io/fedpoppk/base:0.1.0
#4 DONE 0.0s

#5 [client1 internal] load .dockerignore
#5 transferring context: 2B done
#5 DONE 0.0s

#6 [client3 internal] load .dockerignore
#6 transferring context: 2B done
#6 DONE 0.0s

#7 [client2 1/8] FROM docker.io/fedpoppk/base:0.1.0
#7 DONE 0.0s

#8 [client2 internal] load .dockerignore
#8 transferring context: 2B done
#8 DONE 0.0s

#9 [client1 internal] load build context
#9 transferring context: 736.51kB 0.3s done
#9 DONE 0.3s

#10 [client2 internal] load build context
#10 transferring context: 736.51kB 0.3s done
#10 DONE 0.3s

#11 [client3 internal] load build context
#11 transferring context: 736.51kB 0.3s done
#11 DONE 0.3s

#12 [client2 4/8] RUN Rscript -e "options(renv.consent=TRUE, Ncpus=parallel::detectCores());                 renv::restore(prompt=FALSE)"
#12 CACHED

#13 [client2 5/8] COPY apps/ apps/
#13 CACHED

#14 [client2 6/8] COPY R/ R/
#14 CACHED

#15 [client2 3/8] COPY renv.lock .Rprofile renv/activate.R ./
#15 CACHED

#16 [client2 7/8] COPY analysis/ analysis/
#16 CACHED

#17 [client2 2/8] WORKDIR /project
#17 CACHED

#18 [client1 8/8] RUN mkdir -p /project/configs/modes /project/data /project/artifacts /project/result
#18 CACHED

#19 [client2] exporting to image
#19 exporting layers done
#19 writing image sha256:1cd8d54b5922d7146b7aab22e86a98ac5ac0e3cbd756425e4f7da69026b9939a done
#19 naming to docker.io/library/defboot_design_change_n403030_wtmclu_scenario1_61_65-client2 0.0s done
#19 DONE 0.0s

#20 [client1] exporting to image
#20 exporting layers done
#20 writing image sha256:285367634e769ce73406188ef1fb284035a903307af2508c2a32fd86e243e879 done
#20 naming to docker.io/library/defboot_design_change_n403030_wtmclu_scenario1_61_65-client1 0.0s done
#20 DONE 0.0s

#21 [client3] exporting to image
#21 exporting layers done
#21 writing image sha256:6fdda96b9609b33393a97bbd07834b74a30e400c01c9afcde2248b07c0fa42b7 done
#21 naming to docker.io/library/defboot_design_change_n403030_wtmclu_scenario1_61_65-client3 0.0s done
#21 DONE 0.1s

#22 [client2] resolving provenance for metadata file
#22 DONE 0.0s

#23 [client3] resolving provenance for metadata file
#23 DONE 0.0s

#24 [client1] resolving provenance for metadata file
#24 DONE 0.0s

#25 [server internal] load build definition from Dockerfile.app
#25 transferring dockerfile: 778B done
#25 DONE 0.0s

#4 [server internal] load metadata for docker.io/fedpoppk/base:0.1.0
#4 DONE 0.0s

#26 [server internal] load .dockerignore
#26 transferring context: 2B done
#26 DONE 0.0s

#7 [server 1/8] FROM docker.io/fedpoppk/base:0.1.0
#7 DONE 0.0s

#27 [server internal] load build context
#27 transferring context: 736.51kB 0.3s done
#27 DONE 0.3s

#28 [server 4/8] RUN Rscript -e "options(renv.consent=TRUE, Ncpus=parallel::detectCores());                 renv::restore(prompt=FALSE)"
#28 CACHED

#29 [server 5/8] COPY apps/ apps/
#29 CACHED

#30 [server 6/8] COPY R/ R/
#30 CACHED

#17 [server 2/8] WORKDIR /project
#17 CACHED

#31 [server 7/8] COPY analysis/ analysis/
#31 CACHED

#32 [server 3/8] COPY renv.lock .Rprofile renv/activate.R ./
#32 CACHED

#33 [server 8/8] RUN mkdir -p /project/configs/modes /project/data /project/artifacts /project/result
#33 CACHED

#34 [server] exporting to image
#34 exporting layers done
#34 writing image sha256:943a5de4677f4d9b989992745ce146583614a162812cb9c793aea681c9d5b665 done
#34 naming to docker.io/library/defboot_design_change_n403030_wtmclu_scenario1_61_65-server 0.0s done
#34 DONE 0.0s

#35 [server] resolving provenance for metadata file
#35 DONE 0.0s
 client1  Built
 client2  Built
 client3  Built
 server  Built
 Network defboot_design_change_n403030_wtmclu_scenario1_61_65_site1_net  Creating
 Network defboot_design_change_n403030_wtmclu_scenario1_61_65_site1_net  Created
 Network defboot_design_change_n403030_wtmclu_scenario1_61_65_site2_net  Creating
 Network defboot_design_change_n403030_wtmclu_scenario1_61_65_site2_net  Created
 Network defboot_design_change_n403030_wtmclu_scenario1_61_65_site3_net  Creating
 Network defboot_design_change_n403030_wtmclu_scenario1_61_65_site3_net  Created
 Container defboot_design_change_n403030_wtmclu_scenario1_61_65-client1-1  Creating
 Container defboot_design_change_n403030_wtmclu_scenario1_61_65-client3-1  Creating
 Container defboot_design_change_n403030_wtmclu_scenario1_61_65-client2-1  Creating
 Container defboot_design_change_n403030_wtmclu_scenario1_61_65-client3-1  Created
 Container defboot_design_change_n403030_wtmclu_scenario1_61_65-client1-1  Created
 Container defboot_design_change_n403030_wtmclu_scenario1_61_65-client2-1  Created
 Container defboot_design_change_n403030_wtmclu_scenario1_61_65-server-1  Creating
 Container defboot_design_change_n403030_wtmclu_scenario1_61_65-server-1  Created
Attaching to client1-1, client2-1, client3-1, server-1
client2-1  | Running plumber API at http://0.0.0.0:8000
client2-1  | Running swagger Docs at http://127.0.0.1:8000/__docs__/
client3-1  | Running plumber API at http://0.0.0.0:8000
client3-1  | Running swagger Docs at http://127.0.0.1:8000/__docs__/
client1-1  | Running plumber API at http://0.0.0.0:8000
client1-1  | Running swagger Docs at http://127.0.0.1:8000/__docs__/
client1-1  | ℹ parameter labels from comments are typically ignored in non-interactive mode
client1-1  | ℹ Need to run with the source intact to parse comments
client3-1  | ℹ parameter labels from comments are typically ignored in non-interactive mode
client2-1  | ℹ parameter labels from comments are typically ignored in non-interactive mode
client3-1  | ℹ Need to run with the source intact to parse comments
client2-1  | ℹ Need to run with the source intact to parse comments
server-1   | [send_init] http://client1:8000 init succeeded
server-1   | [send_init] http://client2:8000 init succeeded
server-1   | [send_init] http://client3:8000 init succeeded
server-1   | {"schema":{"schema_version":"1.1.0","generated_at":"2026-05-21T18:04:41Z","config_path":"/project/configs/../temp/deferiprone_single_oral_25mgkg_designcheck_20260511/validation/design_change_n403030_wtmclustT10_nomix_site403030_nondesignquota_precisionchol_basefitbootinit_preboot_20260521/configs/resolved/scenario1_bootstrap.json","config_md5":"9d7556058a6c3cb18af9ad7ffdd7076b","seed":4869,"host":"fb6080c87e22","pid":1,"image_tag":null,"git_sha":null,"git_dirty":null},"aggregation":{"ci_method":"percentile","ci_level":0.95,"quantile_type":7,"estimates_scale":"natural"},"summary":[{"parameter":"(etaLcl,etaLvc)","median":0.058363216447,"p2.5":0.041564151671,"p97.5":0.084485866207},{"parameter":"CcPropSd","median":0.36601941251,"p2.5":0.32473793291,"p97.5":0.3747153615},{"parameter":"etaLcl","median":0.11325541977,"p2.5":0.086150494109,"p97.5":0.14430443729},{"parameter":"etaLvc","median":0.033252256946,"p2.5":0.021440859536,"p97.5":0.051017232047},{"parameter":"lcl","median":2.209693413,"p2.5":2.1694313322,"p97.5":2.2560718967},{"parameter":"lka","median":2.3047042918,"p2.5":2.2492640889,"p97.5":2.4663992423},{"parameter":"lvc","median":3.0070272646,"p2.5":2.9560570409,"p97.5":3.0265802585},{"parameter":"rho_(etaLcl,etaLvc)","median":0.97707031904,"p2.5":0.9645777514,"p97.5":0.98486326907}],"runs":[{"tag":"trial_061_20260521-180441","value":2212.4399,"counts":[26,26],"control":{"maxit":100,"factr":1000000000,"pgtol":0,"trace":0,"method":"L-BFGS-B"},"convergence":0,"message":"CONVERGENCE: REL_REDUCTION_OF_F <= FACTR*EPSMCH","nat_par":{"lka":2.4827162737,"lcl":2.209693413,"lvc":3.0109866346,"CcPropSd":0.36863812638,"etaLcl":0.084944138909,"etaLvc":0.020314495511,"(etaLcl,etaLvc)":0.040016483906,"rho_(etaLcl,etaLvc)":0.96331693749},"failed_clients":[],"attempt":1,"files":{"result":"/project/temp/deferiprone_single_oral_25mgkg_designcheck_20260511/validation/design_change_n403030_wtmclustT10_nomix_site403030_nondesignquota_precisionchol_basefitbootinit_preboot_20260521/runs/scenario1/bootstrap/federated/scenario1/raw_runs/run_20260521-180441/optim_result_trial_061_20260521-180441.json","trace":"/project/temp/deferiprone_single_oral_25mgkg_designcheck_20260511/validation/design_change_n403030_wtmclustT10_nomix_site403030_nondesignquota_precisionchol_basefitbootinit_preboot_20260521/runs/scenario1/bootstrap/federated/scenario1/raw_runs/run_20260521-180441/optim_trace_trial_061_20260521-180441.csv","final":"/project/temp/deferiprone_single_oral_25mgkg_designcheck_20260511/validation/design_change_n403030_wtmclustT10_nomix_site403030_nondesignquota_precisionchol_basefitbootinit_preboot_20260521/runs/scenario1/bootstrap/federated/scenario1/raw_runs/run_20260521-180441/final_params_trial_061_20260521-180441.csv"},"log_n":26,"execution_state":"completed","trial":61,"attempts":1},{"tag":"trial_062_20260521-180758","value":2141.2246,"counts":[21,21],"control":{"maxit":100,"factr":1000000000,"pgtol":0,"trace":0,"method":"L-BFGS-B"},"convergence":0,"message":"CONVERGENCE: REL_REDUCTION_OF_F <= FACTR*EPSMCH","nat_par":{"lka":2.3195459596,"lcl":2.2267621585,"lvc":3.0070272646,"CcPropSd":0.32057695098,"etaLcl":0.097007690907,"etaLvc":0.033252256946,"(etaLcl,etaLvc)":0.055493161553,"rho_(etaLcl,etaLvc)":0.97707031904},"failed_clients":[],"attempt":1,"files":{"result":"/project/temp/deferiprone_single_oral_25mgkg_designcheck_20260511/validation/design_change_n403030_wtmclustT10_nomix_site403030_nondesignquota_precisionchol_basefitbootinit_preboot_20260521/runs/scenario1/bootstrap/federated/scenario1/raw_runs/run_20260521-180441/optim_result_trial_062_20260521-180758.json","trace":"/project/temp/deferiprone_single_oral_25mgkg_designcheck_20260511/validation/design_change_n403030_wtmclustT10_nomix_site403030_nondesignquota_precisionchol_basefitbootinit_preboot_20260521/runs/scenario1/bootstrap/federated/scenario1/raw_runs/run_20260521-180441/optim_trace_trial_062_20260521-180758.csv","final":"/project/temp/deferiprone_single_oral_25mgkg_designcheck_20260511/validation/design_change_n403030_wtmclustT10_nomix_site403030_nondesignquota_precisionchol_basefitbootinit_preboot_20260521/runs/scenario1/bootstrap/federated/scenario1/raw_runs/run_20260521-180441/final_params_trial_062_20260521-180758.csv"},"log_n":21,"execution_state":"completed","trial":62,"attempts":1},{"tag":"trial_063_20260521-181037","value":2229.9435,"counts":[16,16],"control":{"maxit":100,"factr":1000000000,"pgtol":0,"trace":0,"method":"L-BFGS-B"},"convergence":0,"message":"CONVERGENCE: REL_REDUCTION_OF_F <= FACTR*EPSMCH","nat_par":{"lka":2.244512854,"lcl":2.1972831418,"lvc":2.9855758484,"CcPropSd":0.36601941251,"etaLcl":0.14736964104,"etaLvc":0.051424291398,"(etaLcl,etaLvc)":0.085747236529,"rho_(etaLcl,etaLvc)":0.98499031797},"failed_clients":[],"attempt":1,"files":{"result":"/project/temp/deferiprone_single_oral_25mgkg_designcheck_20260511/validation/design_change_n403030_wtmclustT10_nomix_site403030_nondesignquota_precisionchol_basefitbootinit_preboot_20260521/runs/scenario1/bootstrap/federated/scenario1/raw_runs/run_20260521-180441/optim_result_trial_063_20260521-181037.json","trace":"/project/temp/deferiprone_single_oral_25mgkg_designcheck_20260511/validation/design_change_n403030_wtmclustT10_nomix_site403030_nondesignquota_precisionchol_basefitbootinit_preboot_20260521/runs/scenario1/bootstrap/federated/scenario1/raw_runs/run_20260521-180441/optim_trace_trial_063_20260521-181037.csv","final":"/project/temp/deferiprone_single_oral_25mgkg_designcheck_20260511/validation/design_change_n403030_wtmclustT10_nomix_site403030_nondesignquota_precisionchol_basefitbootinit_preboot_20260521/runs/scenario1/bootstrap/federated/scenario1/raw_runs/run_20260521-180441/final_params_trial_063_20260521-181037.csv"},"log_n":16,"execution_state":"completed","trial":63,"attempts":1},{"tag":"trial_064_20260521-181238","value":2257.9959,"counts":[56,56],"control":{"maxit":100,"factr":1000000000,"pgtol":0,"trace":0,"method":"L-BFGS-B"},"convergence":0,"message":"CONVERGENCE: REL_REDUCTION_OF_F <= FACTR*EPSMCH","nat_par":{"lka":2.3047042918,"lcl":2.1663366867,"lvc":2.9527771734,"CcPropSd":0.37539060985,"etaLcl":0.11671760349,"etaLvc":0.047353697889,"(etaLcl,etaLvc)":0.073133533306,"rho_(etaLcl,etaLvc)":0.98371982893},"failed_clients":[],"attempt":1,"files":{"result":"/project/temp/deferiprone_single_oral_25mgkg_designcheck_20260511/validation/design_change_n403030_wtmclustT10_nomix_site403030_nondesignquota_precisionchol_basefitbootinit_preboot_20260521/runs/scenario1/bootstrap/federated/scenario1/raw_runs/run_20260521-180441/optim_result_trial_064_20260521-181238.json","trace":"/project/temp/deferiprone_single_oral_25mgkg_designcheck_20260511/validation/design_change_n403030_wtmclustT10_nomix_site403030_nondesignquota_precisionchol_basefitbootinit_preboot_20260521/runs/scenario1/bootstrap/federated/scenario1/raw_runs/run_20260521-180441/optim_trace_trial_064_20260521-181238.csv","final":"/project/temp/deferiprone_single_oral_25mgkg_designcheck_20260511/validation/design_change_n403030_wtmclustT10_nomix_site403030_nondesignquota_precisionchol_basefitbootinit_preboot_20260521/runs/scenario1/bootstrap/federated/scenario1/raw_runs/run_20260521-180441/final_params_trial_064_20260521-181238.csv"},"log_n":55,"execution_state":"completed","trial":64,"attempts":1},{"tag":"trial_065_20260521-181938","value":2192.7322,"counts":[23,23],"control":{"maxit":100,"factr":1000000000,"pgtol":0,"trace":0,"method":"L-BFGS-B"},"convergence":0,"message":"CONVERGENCE: REL_REDUCTION_OF_F <= FACTR*EPSMCH","nat_par":{"lka":2.2920252026,"lcl":2.2593285343,"lvc":3.0283128834,"CcPropSd":0.36218677022,"etaLcl":0.11325541977,"etaLvc":0.031578135761,"(etaLcl,etaLvc)":0.058363216447,"rho_(etaLcl,etaLvc)":0.97592507657},"failed_clients":[],"attempt":1,"files":{"result":"/project/temp/deferiprone_single_oral_25mgkg_designcheck_20260511/validation/design_change_n403030_wtmclustT10_nomix_site403030_nondesignquota_precisionchol_basefitbootinit_preboot_20260521/runs/scenario1/bootstrap/federated/scenario1/raw_runs/run_20260521-180441/optim_result_trial_065_20260521-181938.json","trace":"/project/temp/deferiprone_single_oral_25mgkg_designcheck_20260511/validation/design_change_n403030_wtmclustT10_nomix_site403030_nondesignquota_precisionchol_basefitbootinit_preboot_20260521/runs/scenario1/bootstrap/federated/scenario1/raw_runs/run_20260521-180441/optim_trace_trial_065_20260521-181938.csv","final":"/project/temp/deferiprone_single_oral_25mgkg_designcheck_20260511/validation/design_change_n403030_wtmclustT10_nomix_site403030_nondesignquota_precisionchol_basefitbootinit_preboot_20260521/runs/scenario1/bootstrap/federated/scenario1/raw_runs/run_20260521-180441/final_params_trial_065_20260521-181938.csv"},"log_n":23,"execution_state":"completed","trial":65,"attempts":1}],"trial_status":[{"trial":61,"execution_state":"completed","converged":true,"attempts":1,"convergence":0,"value":2212.4399,"eval_fn":26,"eval_gr":26,"log_n":26,"failed_clients_n":0,"message":"CONVERGENCE: REL_REDUCTION_OF_F <= FACTR*EPSMCH","result_file":"/project/temp/deferiprone_single_oral_25mgkg_designcheck_20260511/validation/design_change_n403030_wtmclustT10_nomix_site403030_nondesignquota_precisionchol_basefitbootinit_preboot_20260521/runs/scenario1/bootstrap/federated/scenario1/raw_runs/run_20260521-180441/optim_result_trial_061_20260521-180441.json","trace_file":"/project/temp/deferiprone_single_oral_25mgkg_designcheck_20260511/validation/design_change_n403030_wtmclustT10_nomix_site403030_nondesignquota_precisionchol_basefitbootinit_preboot_20260521/runs/scenario1/bootstrap/federated/scenario1/raw_runs/run_20260521-180441/optim_trace_trial_061_20260521-180441.csv","final_file":"/project/temp/deferiprone_single_oral_25mgkg_designcheck_20260511/validation/design_change_n403030_wtmclustT10_nomix_site403030_nondesignquota_precisionchol_basefitbootinit_preboot_20260521/runs/scenario1/bootstrap/federated/scenario1/raw_runs/run_20260521-180441/final_params_trial_061_20260521-180441.csv"},{"trial":62,"execution_state":"completed","converged":true,"attempts":1,"convergence":0,"value":2141.2246,"eval_fn":21,"eval_gr":21,"log_n":21,"failed_clients_n":0,"message":"CONVERGENCE: REL_REDUCTION_OF_F <= FACTR*EPSMCH","result_file":"/project/temp/deferiprone_single_oral_25mgkg_designcheck_20260511/validation/design_change_n403030_wtmclustT10_nomix_site403030_nondesignquota_precisionchol_basefitbootinit_preboot_20260521/runs/scenario1/bootstrap/federated/scenario1/raw_runs/run_20260521-180441/optim_result_trial_062_20260521-180758.json","trace_file":"/project/temp/deferiprone_single_oral_25mgkg_designcheck_20260511/validation/design_change_n403030_wtmclustT10_nomix_site403030_nondesignquota_precisionchol_basefitbootinit_preboot_20260521/runs/scenario1/bootstrap/federated/scenario1/raw_runs/run_20260521-180441/optim_trace_trial_062_20260521-180758.csv","final_file":"/project/temp/deferiprone_single_oral_25mgkg_designcheck_20260511/validation/design_change_n403030_wtmclustT10_nomix_site403030_nondesignquota_precisionchol_basefitbootinit_preboot_20260521/runs/scenario1/bootstrap/federated/scenario1/raw_runs/run_20260521-180441/final_params_trial_062_20260521-180758.csv"},{"trial":63,"execution_state":"completed","converged":true,"attempts":1,"convergence":0,"value":2229.9435,"eval_fn":16,"eval_gr":16,"log_n":16,"failed_clients_n":0,"message":"CONVERGENCE: REL_REDUCTION_OF_F <= FACTR*EPSMCH","result_file":"/project/temp/deferiprone_single_oral_25mgkg_designcheck_20260511/validation/design_change_n403030_wtmclustT10_nomix_site403030_nondesignquota_precisionchol_basefitbootinit_preboot_20260521/runs/scenario1/bootstrap/federated/scenario1/raw_runs/run_20260521-180441/optim_result_trial_063_20260521-181037.json","trace_file":"/project/temp/deferiprone_single_oral_25mgkg_designcheck_20260511/validation/design_change_n403030_wtmclustT10_nomix_site403030_nondesignquota_precisionchol_basefitbootinit_preboot_20260521/runs/scenario1/bootstrap/federated/scenario1/raw_runs/run_20260521-180441/optim_trace_trial_063_20260521-181037.csv","final_file":"/project/temp/deferiprone_single_oral_25mgkg_designcheck_20260511/validation/design_change_n403030_wtmclustT10_nomix_site403030_nondesignquota_precisionchol_basefitbootinit_preboot_20260521/runs/scenario1/bootstrap/federated/scenario1/raw_runs/run_20260521-180441/final_params_trial_063_20260521-181037.csv"},{"trial":64,"execution_state":"completed","converged":true,"attempts":1,"convergence":0,"value":2257.9959,"eval_fn":56,"eval_gr":56,"log_n":55,"failed_clients_n":0,"message":"CONVERGENCE: REL_REDUCTION_OF_F <= FACTR*EPSMCH","result_file":"/project/temp/deferiprone_single_oral_25mgkg_designcheck_20260511/validation/design_change_n403030_wtmclustT10_nomix_site403030_nondesignquota_precisionchol_basefitbootinit_preboot_20260521/runs/scenario1/bootstrap/federated/scenario1/raw_runs/run_20260521-180441/optim_result_trial_064_20260521-181238.json","trace_file":"/project/temp/deferiprone_single_oral_25mgkg_designcheck_20260511/validation/design_change_n403030_wtmclustT10_nomix_site403030_nondesignquota_precisionchol_basefitbootinit_preboot_20260521/runs/scenario1/bootstrap/federated/scenario1/raw_runs/run_20260521-180441/optim_trace_trial_064_20260521-181238.csv","final_file":"/project/temp/deferiprone_single_oral_25mgkg_designcheck_20260511/validation/design_change_n403030_wtmclustT10_nomix_site403030_nondesignquota_precisionchol_basefitbootinit_preboot_20260521/runs/scenario1/bootstrap/federated/scenario1/raw_runs/run_20260521-180441/final_params_trial_064_20260521-181238.csv"},{"trial":65,"execution_state":"completed","converged":true,"attempts":1,"convergence":0,"value":2192.7322,"eval_fn":23,"eval_gr":23,"log_n":23,"failed_clients_n":0,"message":"CONVERGENCE: REL_REDUCTION_OF_F <= FACTR*EPSMCH","result_file":"/project/temp/deferiprone_single_oral_25mgkg_designcheck_20260511/validation/design_change_n403030_wtmclustT10_nomix_site403030_nondesignquota_precisionchol_basefitbootinit_preboot_20260521/runs/scenario1/bootstrap/federated/scenario1/raw_runs/run_20260521-180441/optim_result_trial_065_20260521-181938.json","trace_file":"/project/temp/deferiprone_single_oral_25mgkg_designcheck_20260511/validation/design_change_n403030_wtmclustT10_nomix_site403030_nondesignquota_precisionchol_basefitbootinit_preboot_20260521/runs/scenario1/bootstrap/federated/scenario1/raw_runs/run_20260521-180441/optim_trace_trial_065_20260521-181938.csv","final_file":"/project/temp/deferiprone_single_oral_25mgkg_designcheck_20260511/validation/design_change_n403030_wtmclustT10_nomix_site403030_nondesignquota_precisionchol_basefitbootinit_preboot_20260521/runs/scenario1/bootstrap/federated/scenario1/raw_runs/run_20260521-180441/final_params_trial_065_20260521-181938.csv"}],"info":{"run_id":"20260521-180441","log_base_dir":"/project/temp/deferiprone_single_oral_25mgkg_designcheck_20260511/validation/design_change_n403030_wtmclustT10_nomix_site403030_nondesignquota_precisionchol_basefitbootinit_preboot_20260521/runs/scenario1/bootstrap/federated","scenario":"scenario1/raw_runs","total_trials":5,"successes":5,"failures":0,"nonconverged_count":0,"nonconverged_trials":[],"convergence_missing_count":0,"seed_base":4869,"B_per_client":500,"duration_sec":1080.1544723511,"host":"fb6080c87e22","image_tag":null,"communication":{"generated_at":"2026-05-21T18:22:36Z","totals":{"requests":849,"request_bytes":945207,"response_bytes":215341,"total_bytes":1160548,"retries":0},"init":{"requests":3,"request_bytes":8139,"response_bytes":1161,"total_bytes":9300,"retries":0,"median_elapsed_sec":0.39239215851},"init_round_latency":{"n_rounds":1,"median_round_wall_sec":0.39775419235,"p95_round_wall_sec":0.39775419235},"run":{"requests":0,"request_bytes":0,"response_bytes":0,"total_bytes":0,"retries":0,"median_elapsed_sec":"NA"},"run_bootstrap":{"requests":846,"request_bytes":937068,"response_bytes":214180,"total_bytes":1151248,"retries":0,"median_elapsed_sec":3.6622931957},"round_latency":{"n_rounds":282,"median_round_wall_sec":3.7738001347,"p95_round_wall_sec":4.0246620774},"timing_split":{"n_rounds":282,"rounds_with_compute":282,"total_round_wall_sec":1068.421901226,"total_round_compute_wall_sec":1059.0955,"total_round_comm_overhead_wall_sec":9.326401226,"comm_overhead_ratio":0.0087291370715,"compute_ratio":0.99127086293}},"communication_files":{"csv":"/project/temp/deferiprone_single_oral_25mgkg_designcheck_20260511/validation/design_change_n403030_wtmclustT10_nomix_site403030_nondesignquota_precisionchol_basefitbootinit_preboot_20260521/runs/scenario1/bootstrap/federated/scenario1/raw_runs/run_20260521-180441/comm_metrics.csv","json":"/project/temp/deferiprone_single_oral_25mgkg_designcheck_20260511/validation/design_change_n403030_wtmclustT10_nomix_site403030_nondesignquota_precisionchol_basefitbootinit_preboot_20260521/runs/scenario1/bootstrap/federated/scenario1/raw_runs/run_20260521-180441/comm_metrics.json"},"output_files":{"bootstrap_summary_csv":"/project/temp/deferiprone_single_oral_25mgkg_designcheck_20260511/validation/design_change_n403030_wtmclustT10_nomix_site403030_nondesignquota_precisionchol_basefitbootinit_preboot_20260521/runs/scenario1/bootstrap/federated/scenario1/raw_runs/run_20260521-180441/bootstrap_summary.csv","bootstrap_summary_json":"/project/temp/deferiprone_single_oral_25mgkg_designcheck_20260511/validation/design_change_n403030_wtmclustT10_nomix_site403030_nondesignquota_precisionchol_basefitbootinit_preboot_20260521/runs/scenario1/bootstrap/federated/scenario1/raw_runs/run_20260521-180441/bootstrap_summary.json","trial_status_csv":"/project/temp/deferiprone_single_oral_25mgkg_designcheck_20260511/validation/design_change_n403030_wtmclustT10_nomix_site403030_nondesignquota_precisionchol_basefitbootinit_preboot_20260521/runs/scenario1/bootstrap/federated/scenario1/raw_runs/run_20260521-180441/trial_status.csv","failed_trials_csv":"/project/temp/deferiprone_single_oral_25mgkg_designcheck_20260511/validation/design_change_n403030_wtmclustT10_nomix_site403030_nondesignquota_precisionchol_basefitbootinit_preboot_20260521/runs/scenario1/bootstrap/federated/scenario1/raw_runs/run_20260521-180441/failed_trials.csv","trial_estimates_wide_csv":"/project/temp/deferiprone_single_oral_25mgkg_designcheck_20260511/validation/design_change_n403030_wtmclustT10_nomix_site403030_nondesignquota_precisionchol_basefitbootinit_preboot_20260521/runs/scenario1/bootstrap/federated/scenario1/raw_runs/run_20260521-180441/trial_estimates_wide.csv","trial_estimates_long_csv":"/project/temp/deferiprone_single_oral_25mgkg_designcheck_20260511/validation/design_change_n403030_wtmclustT10_nomix_site403030_nondesignquota_precisionchol_basefitbootinit_preboot_20260521/runs/scenario1/bootstrap/federated/scenario1/raw_runs/run_20260521-180441/trial_estimates_long.csv","result_json":"/project/temp/deferiprone_single_oral_25mgkg_designcheck_20260511/validation/design_change_n403030_wtmclustT10_nomix_site403030_nondesignquota_precisionchol_basefitbootinit_preboot_20260521/runs/scenario1/bootstrap/federated/scenario1/raw_runs/run_20260521-180441/result.json"}}}
[Kserver-1 exited with code 0
Aborting on container exit...
 Container defboot_design_change_n403030_wtmclu_scenario1_61_65-server-1  Stopping
 Container defboot_design_change_n403030_wtmclu_scenario1_61_65-server-1  Stopped
 Container defboot_design_change_n403030_wtmclu_scenario1_61_65-client2-1  Stopping
 Container defboot_design_change_n403030_wtmclu_scenario1_61_65-client1-1  Stopping
 Container defboot_design_change_n403030_wtmclu_scenario1_61_65-client3-1  Stopping
 Container defboot_design_change_n403030_wtmclu_scenario1_61_65-client1-1  Stopped
 Container defboot_design_change_n403030_wtmclu_scenario1_61_65-client2-1  Stopped
 Container defboot_design_change_n403030_wtmclu_scenario1_61_65-client3-1  Stopped
time="2026-05-22T03:22:46+09:00" level=warning msg="The \"SERVER_CONFIG_PATH\" variable is not set. Defaulting to a blank string."
 Container defboot_design_change_n403030_wtmclu_scenario1_61_65-server-1  Stopping
 Container defboot_design_change_n403030_wtmclu_scenario1_61_65-server-1  Stopped
 Container defboot_design_change_n403030_wtmclu_scenario1_61_65-server-1  Removing
 Container defboot_design_change_n403030_wtmclu_scenario1_61_65-server-1  Removed
 Container defboot_design_change_n403030_wtmclu_scenario1_61_65-client3-1  Stopping
 Container defboot_design_change_n403030_wtmclu_scenario1_61_65-client2-1  Stopping
 Container defboot_design_change_n403030_wtmclu_scenario1_61_65-client1-1  Stopping
 Container defboot_design_change_n403030_wtmclu_scenario1_61_65-client3-1  Stopped
 Container defboot_design_change_n403030_wtmclu_scenario1_61_65-client3-1  Removing
 Container defboot_design_change_n403030_wtmclu_scenario1_61_65-client2-1  Stopped
 Container defboot_design_change_n403030_wtmclu_scenario1_61_65-client2-1  Removing
 Container defboot_design_change_n403030_wtmclu_scenario1_61_65-client1-1  Stopped
 Container defboot_design_change_n403030_wtmclu_scenario1_61_65-client1-1  Removing
 Container defboot_design_change_n403030_wtmclu_scenario1_61_65-client3-1  Removed
 Container defboot_design_change_n403030_wtmclu_scenario1_61_65-client1-1  Removed
 Container defboot_design_change_n403030_wtmclu_scenario1_61_65-client2-1  Removed
 Network defboot_design_change_n403030_wtmclu_scenario1_61_65_site2_net  Removing
 Network defboot_design_change_n403030_wtmclu_scenario1_61_65_site1_net  Removing
 Network defboot_design_change_n403030_wtmclu_scenario1_61_65_site3_net  Removing
 Network defboot_design_change_n403030_wtmclu_scenario1_61_65_site2_net  Removed
 Network defboot_design_change_n403030_wtmclu_scenario1_61_65_site1_net  Removed
 Network defboot_design_change_n403030_wtmclu_scenario1_61_65_site3_net  Removed
