time="2026-05-22T06:03:54+09:00" level=warning msg="The \"SERVER_CONFIG_PATH\" variable is not set. Defaulting to a blank string."
Compose now can delegate build to bake for better performances
Just set COMPOSE_BAKE=true
#0 building with "default" instance using docker driver

#1 [client2 internal] load build definition from Dockerfile.app
#1 transferring dockerfile: 778B done
#1 DONE 0.0s

#2 [client1 internal] load build definition from Dockerfile.app
#2 transferring dockerfile: 778B done
#2 DONE 0.0s

#3 [client3 internal] load build definition from Dockerfile.app
#3 transferring dockerfile: 778B done
#3 DONE 0.0s

#4 [client3 internal] load metadata for docker.io/fedpoppk/base:0.1.0
#4 DONE 0.0s

#5 [client2 internal] load .dockerignore
#5 transferring context: 2B done
#5 DONE 0.0s

#6 [client1 internal] load .dockerignore
#6 transferring context: 2B done
#6 DONE 0.0s

#7 [client3 internal] load .dockerignore
#7 transferring context: 2B done
#7 DONE 0.0s

#8 [client3 1/8] FROM docker.io/fedpoppk/base:0.1.0
#8 DONE 0.0s

#9 [client2 internal] load build context
#9 transferring context: 736.51kB 0.3s done
#9 DONE 0.3s

#10 [client1 internal] load build context
#10 transferring context: 736.51kB 0.3s done
#10 DONE 0.3s

#11 [client3 internal] load build context
#11 transferring context: 736.51kB 0.3s done
#11 DONE 0.3s

#12 [client1 6/8] COPY R/ R/
#12 CACHED

#13 [client1 4/8] RUN Rscript -e "options(renv.consent=TRUE, Ncpus=parallel::detectCores());                 renv::restore(prompt=FALSE)"
#13 CACHED

#14 [client1 7/8] COPY analysis/ analysis/
#14 CACHED

#15 [client1 2/8] WORKDIR /project
#15 CACHED

#16 [client1 3/8] COPY renv.lock .Rprofile renv/activate.R ./
#16 CACHED

#17 [client1 5/8] COPY apps/ apps/
#17 CACHED

#18 [client2 8/8] RUN mkdir -p /project/configs/modes /project/data /project/artifacts /project/result
#18 CACHED

#19 [client1] exporting to image
#19 exporting layers done
#19 writing image sha256:ce2612724e8f1212608cb32bd0ac406c4dee7806bf9d050363aef61f35578e91 done
#19 naming to docker.io/library/defboot_design_change_n403030_wtmclu_scenario1_116_120-client1 0.0s done
#19 DONE 0.0s

#20 [client3] exporting to image
#20 exporting layers done
#20 writing image sha256:3fcdb8c5bc2e263c4d3453a040b98f31dc30f15e68a29c38173ea421856edae9 done
#20 naming to docker.io/library/defboot_design_change_n403030_wtmclu_scenario1_116_120-client3 0.0s done
#20 DONE 0.0s

#21 [client2] exporting to image
#21 exporting layers done
#21 writing image sha256:a6d768c113dcd6cc575f0dbbc4aabcb10dc1006bb8398506c18c0d3f7e48272e done
#21 naming to docker.io/library/defboot_design_change_n403030_wtmclu_scenario1_116_120-client2 0.0s done
#21 DONE 0.1s

#22 [client1] resolving provenance for metadata file
#22 DONE 0.0s

#23 [client3] resolving provenance for metadata file
#23 DONE 0.0s

#24 [client2] resolving provenance for metadata file
#24 DONE 0.0s

#25 [server internal] load build definition from Dockerfile.app
#25 transferring dockerfile: 778B done
#25 DONE 0.0s

#4 [server internal] load metadata for docker.io/fedpoppk/base:0.1.0
#4 DONE 0.0s

#26 [server internal] load .dockerignore
#26 transferring context: 2B done
#26 DONE 0.0s

#8 [server 1/8] FROM docker.io/fedpoppk/base:0.1.0
#8 DONE 0.0s

#27 [server internal] load build context
#27 transferring context: 736.51kB 0.3s done
#27 DONE 0.3s

#15 [server 2/8] WORKDIR /project
#15 CACHED

#28 [server 3/8] COPY renv.lock .Rprofile renv/activate.R ./
#28 CACHED

#29 [server 4/8] RUN Rscript -e "options(renv.consent=TRUE, Ncpus=parallel::detectCores());                 renv::restore(prompt=FALSE)"
#29 CACHED

#30 [server 6/8] COPY R/ R/
#30 CACHED

#31 [server 5/8] COPY apps/ apps/
#31 CACHED

#32 [server 7/8] COPY analysis/ analysis/
#32 CACHED

#33 [server 8/8] RUN mkdir -p /project/configs/modes /project/data /project/artifacts /project/result
#33 CACHED

#34 [server] exporting to image
#34 exporting layers done
#34 writing image sha256:6fc5d6e7a83d424fea432bb400d00f3b4eb25858f9289a89af6b4bd2ca93b6a2 done
#34 naming to docker.io/library/defboot_design_change_n403030_wtmclu_scenario1_116_120-server 0.0s done
#34 DONE 0.0s

#35 [server] resolving provenance for metadata file
#35 DONE 0.0s
 client1  Built
 client2  Built
 client3  Built
 server  Built
 Network defboot_design_change_n403030_wtmclu_scenario1_116_120_site3_net  Creating
 Network defboot_design_change_n403030_wtmclu_scenario1_116_120_site3_net  Created
 Network defboot_design_change_n403030_wtmclu_scenario1_116_120_site1_net  Creating
 Network defboot_design_change_n403030_wtmclu_scenario1_116_120_site1_net  Created
 Network defboot_design_change_n403030_wtmclu_scenario1_116_120_site2_net  Creating
 Network defboot_design_change_n403030_wtmclu_scenario1_116_120_site2_net  Created
 Container defboot_design_change_n403030_wtmclu_scenario1_116_120-client3-1  Creating
 Container defboot_design_change_n403030_wtmclu_scenario1_116_120-client2-1  Creating
 Container defboot_design_change_n403030_wtmclu_scenario1_116_120-client1-1  Creating
 Container defboot_design_change_n403030_wtmclu_scenario1_116_120-client3-1  Created
 Container defboot_design_change_n403030_wtmclu_scenario1_116_120-client2-1  Created
 Container defboot_design_change_n403030_wtmclu_scenario1_116_120-client1-1  Created
 Container defboot_design_change_n403030_wtmclu_scenario1_116_120-server-1  Creating
 Container defboot_design_change_n403030_wtmclu_scenario1_116_120-server-1  Created
Attaching to client1-1, client2-1, client3-1, server-1
client3-1  | Running plumber API at http://0.0.0.0:8000
client3-1  | Running swagger Docs at http://127.0.0.1:8000/__docs__/
client2-1  | Running plumber API at http://0.0.0.0:8000
client2-1  | Running swagger Docs at http://127.0.0.1:8000/__docs__/
client1-1  | Running plumber API at http://0.0.0.0:8000
client1-1  | Running swagger Docs at http://127.0.0.1:8000/__docs__/
client2-1  | ℹ parameter labels from comments are typically ignored in non-interactive mode
client1-1  | ℹ parameter labels from comments are typically ignored in non-interactive mode
client1-1  | ℹ Need to run with the source intact to parse comments
client2-1  | ℹ Need to run with the source intact to parse comments
client3-1  | ℹ parameter labels from comments are typically ignored in non-interactive mode
client3-1  | ℹ Need to run with the source intact to parse comments
server-1   | [send_init] http://client1:8000 init succeeded
server-1   | [send_init] http://client2:8000 init succeeded
server-1   | [send_init] http://client3:8000 init succeeded
server-1   | {"schema":{"schema_version":"1.1.0","generated_at":"2026-05-21T21:04:03Z","config_path":"/project/configs/../temp/deferiprone_single_oral_25mgkg_designcheck_20260511/validation/design_change_n403030_wtmclustT10_nomix_site403030_nondesignquota_precisionchol_basefitbootinit_preboot_20260521/configs/resolved/scenario1_bootstrap.json","config_md5":"9d7556058a6c3cb18af9ad7ffdd7076b","seed":4869,"host":"4ce9229c3053","pid":1,"image_tag":null,"git_sha":null,"git_dirty":null},"aggregation":{"ci_method":"percentile","ci_level":0.95,"quantile_type":7,"estimates_scale":"natural"},"summary":[{"parameter":"(etaLcl,etaLvc)","median":0.055973587505,"p2.5":0.048782172968,"p97.5":0.075828781218},{"parameter":"CcPropSd","median":0.34726200192,"p2.5":0.335272058,"p97.5":0.37662651545},{"parameter":"etaLcl","median":0.10457918081,"p2.5":0.085369946328,"p97.5":0.13093186377},{"parameter":"etaLvc","median":0.031461099797,"p2.5":0.029374147423,"p97.5":0.045965548327},{"parameter":"lcl","median":2.1764177977,"p2.5":2.1616123004,"p97.5":2.1979098541},{"parameter":"lka","median":2.1626204454,"p2.5":2.0101912933,"p97.5":2.3657045227},{"parameter":"lvc","median":2.9674001279,"p2.5":2.9382524465,"p97.5":2.9836807512},{"parameter":"rho_(etaLcl,etaLvc)","median":0.97582867312,"p2.5":0.97415003245,"p97.5":0.98301084628}],"runs":[{"tag":"trial_116_20260521-210403","value":2207.1146,"counts":[23,23],"control":{"maxit":100,"factr":1000000000,"pgtol":0,"trace":0,"method":"L-BFGS-B"},"convergence":0,"message":"CONVERGENCE: REL_REDUCTION_OF_F <= FACTR*EPSMCH","nat_par":{"lka":2.1279935352,"lcl":2.1751582903,"lvc":2.9382238464,"CcPropSd":0.34726200192,"etaLcl":0.10457918081,"etaLvc":0.031461099797,"(etaLcl,etaLvc)":0.055973587505,"rho_(etaLcl,etaLvc)":0.97582867312},"failed_clients":[],"attempt":1,"files":{"result":"/project/temp/deferiprone_single_oral_25mgkg_designcheck_20260511/validation/design_change_n403030_wtmclustT10_nomix_site403030_nondesignquota_precisionchol_basefitbootinit_preboot_20260521/runs/scenario1/bootstrap/federated/scenario1/raw_runs/run_20260521-210403/optim_result_trial_116_20260521-210403.json","trace":"/project/temp/deferiprone_single_oral_25mgkg_designcheck_20260511/validation/design_change_n403030_wtmclustT10_nomix_site403030_nondesignquota_precisionchol_basefitbootinit_preboot_20260521/runs/scenario1/bootstrap/federated/scenario1/raw_runs/run_20260521-210403/optim_trace_trial_116_20260521-210403.csv","final":"/project/temp/deferiprone_single_oral_25mgkg_designcheck_20260511/validation/design_change_n403030_wtmclustT10_nomix_site403030_nondesignquota_precisionchol_basefitbootinit_preboot_20260521/runs/scenario1/bootstrap/federated/scenario1/raw_runs/run_20260521-210403/final_params_trial_116_20260521-210403.csv"},"log_n":23,"execution_state":"completed","trial":116,"attempts":1},{"tag":"trial_117_20260521-210657","value":2220.068,"counts":[22,22],"control":{"maxit":100,"factr":1000000000,"pgtol":0,"trace":0,"method":"L-BFGS-B"},"convergence":0,"message":"CONVERGENCE: REL_REDUCTION_OF_F <= FACTR*EPSMCH","nat_par":{"lka":1.9971021553,"lcl":2.1601071904,"lvc":2.9385098481,"CcPropSd":0.36936773687,"etaLcl":0.084947608708,"etaLvc":0.029275858401,"(etaLcl,etaLvc)":0.048575763337,"rho_(etaLcl,etaLvc)":0.97406791005},"failed_clients":[],"attempt":1,"files":{"result":"/project/temp/deferiprone_single_oral_25mgkg_designcheck_20260511/validation/design_change_n403030_wtmclustT10_nomix_site403030_nondesignquota_precisionchol_basefitbootinit_preboot_20260521/runs/scenario1/bootstrap/federated/scenario1/raw_runs/run_20260521-210403/optim_result_trial_117_20260521-210657.json","trace":"/project/temp/deferiprone_single_oral_25mgkg_designcheck_20260511/validation/design_change_n403030_wtmclustT10_nomix_site403030_nondesignquota_precisionchol_basefitbootinit_preboot_20260521/runs/scenario1/bootstrap/federated/scenario1/raw_runs/run_20260521-210403/optim_trace_trial_117_20260521-210657.csv","final":"/project/temp/deferiprone_single_oral_25mgkg_designcheck_20260511/validation/design_change_n403030_wtmclustT10_nomix_site403030_nondesignquota_precisionchol_basefitbootinit_preboot_20260521/runs/scenario1/bootstrap/federated/scenario1/raw_runs/run_20260521-210403/final_params_trial_117_20260521-210657.csv"},"log_n":22,"execution_state":"completed","trial":117,"attempts":1},{"tag":"trial_118_20260521-210945","value":2183.5219,"counts":[24,24],"control":{"maxit":100,"factr":1000000000,"pgtol":0,"trace":0,"method":"L-BFGS-B"},"convergence":0,"message":"CONVERGENCE: REL_REDUCTION_OF_F <= FACTR*EPSMCH","nat_par":{"lka":2.1626204454,"lcl":2.199048044,"lvc":2.98373998,"CcPropSd":0.34176592222,"etaLcl":0.089170984907,"etaLvc":0.030258748626,"(etaLcl,etaLvc)":0.050639859647,"rho_(etaLcl,etaLvc)":0.97488913403},"failed_clients":[],"attempt":1,"files":{"result":"/project/temp/deferiprone_single_oral_25mgkg_designcheck_20260511/validation/design_change_n403030_wtmclustT10_nomix_site403030_nondesignquota_precisionchol_basefitbootinit_preboot_20260521/runs/scenario1/bootstrap/federated/scenario1/raw_runs/run_20260521-210403/optim_result_trial_118_20260521-210945.json","trace":"/project/temp/deferiprone_single_oral_25mgkg_designcheck_20260511/validation/design_change_n403030_wtmclustT10_nomix_site403030_nondesignquota_precisionchol_basefitbootinit_preboot_20260521/runs/scenario1/bootstrap/federated/scenario1/raw_runs/run_20260521-210403/optim_trace_trial_118_20260521-210945.csv","final":"/project/temp/deferiprone_single_oral_25mgkg_designcheck_20260511/validation/design_change_n403030_wtmclustT10_nomix_site403030_nondesignquota_precisionchol_basefitbootinit_preboot_20260521/runs/scenario1/bootstrap/federated/scenario1/raw_runs/run_20260521-210403/final_params_trial_118_20260521-210945.csv"},"log_n":24,"execution_state":"completed","trial":118,"attempts":1},{"tag":"trial_119_20260521-211247","value":2254.0115,"counts":[16,16],"control":{"maxit":100,"factr":1000000000,"pgtol":0,"trace":0,"method":"L-BFGS-B"},"convergence":0,"message":"CONVERGENCE: REL_REDUCTION_OF_F <= FACTR*EPSMCH","nat_par":{"lka":2.37180311,"lcl":2.1876661445,"lvc":2.9674001279,"CcPropSd":0.37743304641,"etaLcl":0.12972630118,"etaLvc":0.047567514195,"(etaLcl,etaLvc)":0.077281510868,"rho_(etaLcl,etaLvc)":0.98379895764},"failed_clients":[],"attempt":1,"files":{"result":"/project/temp/deferiprone_single_oral_25mgkg_designcheck_20260511/validation/design_change_n403030_wtmclustT10_nomix_site403030_nondesignquota_precisionchol_basefitbootinit_preboot_20260521/runs/scenario1/bootstrap/federated/scenario1/raw_runs/run_20260521-210403/optim_result_trial_119_20260521-211247.json","trace":"/project/temp/deferiprone_single_oral_25mgkg_designcheck_20260511/validation/design_change_n403030_wtmclustT10_nomix_site403030_nondesignquota_precisionchol_basefitbootinit_preboot_20260521/runs/scenario1/bootstrap/federated/scenario1/raw_runs/run_20260521-210403/optim_trace_trial_119_20260521-211247.csv","final":"/project/temp/deferiprone_single_oral_25mgkg_designcheck_20260511/validation/design_change_n403030_wtmclustT10_nomix_site403030_nondesignquota_precisionchol_basefitbootinit_preboot_20260521/runs/scenario1/bootstrap/federated/scenario1/raw_runs/run_20260521-210403/final_params_trial_119_20260521-211247.csv"},"log_n":16,"execution_state":"completed","trial":119,"attempts":1},{"tag":"trial_120_20260521-211449","value":2213.7049,"counts":[20,20],"control":{"maxit":100,"factr":1000000000,"pgtol":0,"trace":0,"method":"L-BFGS-B"},"convergence":0,"message":"CONVERGENCE: REL_REDUCTION_OF_F <= FACTR*EPSMCH","nat_par":{"lka":2.3108172364,"lcl":2.1764177977,"lvc":2.9831476912,"CcPropSd":0.33455051753,"etaLcl":0.13106581517,"etaLvc":0.031547855517,"(etaLcl,etaLvc)":0.062754214372,"rho_(etaLcl,etaLvc)":0.97591784409},"failed_clients":[],"attempt":1,"files":{"result":"/project/temp/deferiprone_single_oral_25mgkg_designcheck_20260511/validation/design_change_n403030_wtmclustT10_nomix_site403030_nondesignquota_precisionchol_basefitbootinit_preboot_20260521/runs/scenario1/bootstrap/federated/scenario1/raw_runs/run_20260521-210403/optim_result_trial_120_20260521-211449.json","trace":"/project/temp/deferiprone_single_oral_25mgkg_designcheck_20260511/validation/design_change_n403030_wtmclustT10_nomix_site403030_nondesignquota_precisionchol_basefitbootinit_preboot_20260521/runs/scenario1/bootstrap/federated/scenario1/raw_runs/run_20260521-210403/optim_trace_trial_120_20260521-211449.csv","final":"/project/temp/deferiprone_single_oral_25mgkg_designcheck_20260511/validation/design_change_n403030_wtmclustT10_nomix_site403030_nondesignquota_precisionchol_basefitbootinit_preboot_20260521/runs/scenario1/bootstrap/federated/scenario1/raw_runs/run_20260521-210403/final_params_trial_120_20260521-211449.csv"},"log_n":20,"execution_state":"completed","trial":120,"attempts":1}],"trial_status":[{"trial":116,"execution_state":"completed","converged":true,"attempts":1,"convergence":0,"value":2207.1146,"eval_fn":23,"eval_gr":23,"log_n":23,"failed_clients_n":0,"message":"CONVERGENCE: REL_REDUCTION_OF_F <= FACTR*EPSMCH","result_file":"/project/temp/deferiprone_single_oral_25mgkg_designcheck_20260511/validation/design_change_n403030_wtmclustT10_nomix_site403030_nondesignquota_precisionchol_basefitbootinit_preboot_20260521/runs/scenario1/bootstrap/federated/scenario1/raw_runs/run_20260521-210403/optim_result_trial_116_20260521-210403.json","trace_file":"/project/temp/deferiprone_single_oral_25mgkg_designcheck_20260511/validation/design_change_n403030_wtmclustT10_nomix_site403030_nondesignquota_precisionchol_basefitbootinit_preboot_20260521/runs/scenario1/bootstrap/federated/scenario1/raw_runs/run_20260521-210403/optim_trace_trial_116_20260521-210403.csv","final_file":"/project/temp/deferiprone_single_oral_25mgkg_designcheck_20260511/validation/design_change_n403030_wtmclustT10_nomix_site403030_nondesignquota_precisionchol_basefitbootinit_preboot_20260521/runs/scenario1/bootstrap/federated/scenario1/raw_runs/run_20260521-210403/final_params_trial_116_20260521-210403.csv"},{"trial":117,"execution_state":"completed","converged":true,"attempts":1,"convergence":0,"value":2220.068,"eval_fn":22,"eval_gr":22,"log_n":22,"failed_clients_n":0,"message":"CONVERGENCE: REL_REDUCTION_OF_F <= FACTR*EPSMCH","result_file":"/project/temp/deferiprone_single_oral_25mgkg_designcheck_20260511/validation/design_change_n403030_wtmclustT10_nomix_site403030_nondesignquota_precisionchol_basefitbootinit_preboot_20260521/runs/scenario1/bootstrap/federated/scenario1/raw_runs/run_20260521-210403/optim_result_trial_117_20260521-210657.json","trace_file":"/project/temp/deferiprone_single_oral_25mgkg_designcheck_20260511/validation/design_change_n403030_wtmclustT10_nomix_site403030_nondesignquota_precisionchol_basefitbootinit_preboot_20260521/runs/scenario1/bootstrap/federated/scenario1/raw_runs/run_20260521-210403/optim_trace_trial_117_20260521-210657.csv","final_file":"/project/temp/deferiprone_single_oral_25mgkg_designcheck_20260511/validation/design_change_n403030_wtmclustT10_nomix_site403030_nondesignquota_precisionchol_basefitbootinit_preboot_20260521/runs/scenario1/bootstrap/federated/scenario1/raw_runs/run_20260521-210403/final_params_trial_117_20260521-210657.csv"},{"trial":118,"execution_state":"completed","converged":true,"attempts":1,"convergence":0,"value":2183.5219,"eval_fn":24,"eval_gr":24,"log_n":24,"failed_clients_n":0,"message":"CONVERGENCE: REL_REDUCTION_OF_F <= FACTR*EPSMCH","result_file":"/project/temp/deferiprone_single_oral_25mgkg_designcheck_20260511/validation/design_change_n403030_wtmclustT10_nomix_site403030_nondesignquota_precisionchol_basefitbootinit_preboot_20260521/runs/scenario1/bootstrap/federated/scenario1/raw_runs/run_20260521-210403/optim_result_trial_118_20260521-210945.json","trace_file":"/project/temp/deferiprone_single_oral_25mgkg_designcheck_20260511/validation/design_change_n403030_wtmclustT10_nomix_site403030_nondesignquota_precisionchol_basefitbootinit_preboot_20260521/runs/scenario1/bootstrap/federated/scenario1/raw_runs/run_20260521-210403/optim_trace_trial_118_20260521-210945.csv","final_file":"/project/temp/deferiprone_single_oral_25mgkg_designcheck_20260511/validation/design_change_n403030_wtmclustT10_nomix_site403030_nondesignquota_precisionchol_basefitbootinit_preboot_20260521/runs/scenario1/bootstrap/federated/scenario1/raw_runs/run_20260521-210403/final_params_trial_118_20260521-210945.csv"},{"trial":119,"execution_state":"completed","converged":true,"attempts":1,"convergence":0,"value":2254.0115,"eval_fn":16,"eval_gr":16,"log_n":16,"failed_clients_n":0,"message":"CONVERGENCE: REL_REDUCTION_OF_F <= FACTR*EPSMCH","result_file":"/project/temp/deferiprone_single_oral_25mgkg_designcheck_20260511/validation/design_change_n403030_wtmclustT10_nomix_site403030_nondesignquota_precisionchol_basefitbootinit_preboot_20260521/runs/scenario1/bootstrap/federated/scenario1/raw_runs/run_20260521-210403/optim_result_trial_119_20260521-211247.json","trace_file":"/project/temp/deferiprone_single_oral_25mgkg_designcheck_20260511/validation/design_change_n403030_wtmclustT10_nomix_site403030_nondesignquota_precisionchol_basefitbootinit_preboot_20260521/runs/scenario1/bootstrap/federated/scenario1/raw_runs/run_20260521-210403/optim_trace_trial_119_20260521-211247.csv","final_file":"/project/temp/deferiprone_single_oral_25mgkg_designcheck_20260511/validation/design_change_n403030_wtmclustT10_nomix_site403030_nondesignquota_precisionchol_basefitbootinit_preboot_20260521/runs/scenario1/bootstrap/federated/scenario1/raw_runs/run_20260521-210403/final_params_trial_119_20260521-211247.csv"},{"trial":120,"execution_state":"completed","converged":true,"attempts":1,"convergence":0,"value":2213.7049,"eval_fn":20,"eval_gr":20,"log_n":20,"failed_clients_n":0,"message":"CONVERGENCE: REL_REDUCTION_OF_F <= FACTR*EPSMCH","result_file":"/project/temp/deferiprone_single_oral_25mgkg_designcheck_20260511/validation/design_change_n403030_wtmclustT10_nomix_site403030_nondesignquota_precisionchol_basefitbootinit_preboot_20260521/runs/scenario1/bootstrap/federated/scenario1/raw_runs/run_20260521-210403/optim_result_trial_120_20260521-211449.json","trace_file":"/project/temp/deferiprone_single_oral_25mgkg_designcheck_20260511/validation/design_change_n403030_wtmclustT10_nomix_site403030_nondesignquota_precisionchol_basefitbootinit_preboot_20260521/runs/scenario1/bootstrap/federated/scenario1/raw_runs/run_20260521-210403/optim_trace_trial_120_20260521-211449.csv","final_file":"/project/temp/deferiprone_single_oral_25mgkg_designcheck_20260511/validation/design_change_n403030_wtmclustT10_nomix_site403030_nondesignquota_precisionchol_basefitbootinit_preboot_20260521/runs/scenario1/bootstrap/federated/scenario1/raw_runs/run_20260521-210403/final_params_trial_120_20260521-211449.csv"}],"info":{"run_id":"20260521-210403","log_base_dir":"/project/temp/deferiprone_single_oral_25mgkg_designcheck_20260511/validation/design_change_n403030_wtmclustT10_nomix_site403030_nondesignquota_precisionchol_basefitbootinit_preboot_20260521/runs/scenario1/bootstrap/federated","scenario":"scenario1/raw_runs","total_trials":5,"successes":5,"failures":0,"nonconverged_count":0,"nonconverged_trials":[],"convergence_missing_count":0,"seed_base":4869,"B_per_client":500,"duration_sec":803.9022653103,"host":"4ce9229c3053","image_tag":null,"communication":{"generated_at":"2026-05-21T21:17:21Z","totals":{"requests":633,"request_bytes":706479,"response_bytes":160610,"total_bytes":867089,"retries":0},"init":{"requests":3,"request_bytes":8139,"response_bytes":1161,"total_bytes":9300,"retries":0,"median_elapsed_sec":0.3648545742},"init_round_latency":{"n_rounds":1,"median_round_wall_sec":0.36824989319,"p95_round_wall_sec":0.36824989319},"run":{"requests":0,"request_bytes":0,"response_bytes":0,"total_bytes":0,"retries":0,"median_elapsed_sec":"NA"},"run_bootstrap":{"requests":630,"request_bytes":698340,"response_bytes":159449,"total_bytes":857789,"retries":0,"median_elapsed_sec":3.6323070526},"round_latency":{"n_rounds":210,"median_round_wall_sec":3.7726247311,"p95_round_wall_sec":4.0147450924},"timing_split":{"n_rounds":210,"rounds_with_compute":210,"total_round_wall_sec":793.561989069,"total_round_compute_wall_sec":786.6915,"total_round_comm_overhead_wall_sec":6.870489069,"comm_overhead_ratio":0.0086577849791,"compute_ratio":0.99134221502}},"communication_files":{"csv":"/project/temp/deferiprone_single_oral_25mgkg_designcheck_20260511/validation/design_change_n403030_wtmclustT10_nomix_site403030_nondesignquota_precisionchol_basefitbootinit_preboot_20260521/runs/scenario1/bootstrap/federated/scenario1/raw_runs/run_20260521-210403/comm_metrics.csv","json":"/project/temp/deferiprone_single_oral_25mgkg_designcheck_20260511/validation/design_change_n403030_wtmclustT10_nomix_site403030_nondesignquota_precisionchol_basefitbootinit_preboot_20260521/runs/scenario1/bootstrap/federated/scenario1/raw_runs/run_20260521-210403/comm_metrics.json"},"output_files":{"bootstrap_summary_csv":"/project/temp/deferiprone_single_oral_25mgkg_designcheck_20260511/validation/design_change_n403030_wtmclustT10_nomix_site403030_nondesignquota_precisionchol_basefitbootinit_preboot_20260521/runs/scenario1/bootstrap/federated/scenario1/raw_runs/run_20260521-210403/bootstrap_summary.csv","bootstrap_summary_json":"/project/temp/deferiprone_single_oral_25mgkg_designcheck_20260511/validation/design_change_n403030_wtmclustT10_nomix_site403030_nondesignquota_precisionchol_basefitbootinit_preboot_20260521/runs/scenario1/bootstrap/federated/scenario1/raw_runs/run_20260521-210403/bootstrap_summary.json","trial_status_csv":"/project/temp/deferiprone_single_oral_25mgkg_designcheck_20260511/validation/design_change_n403030_wtmclustT10_nomix_site403030_nondesignquota_precisionchol_basefitbootinit_preboot_20260521/runs/scenario1/bootstrap/federated/scenario1/raw_runs/run_20260521-210403/trial_status.csv","failed_trials_csv":"/project/temp/deferiprone_single_oral_25mgkg_designcheck_20260511/validation/design_change_n403030_wtmclustT10_nomix_site403030_nondesignquota_precisionchol_basefitbootinit_preboot_20260521/runs/scenario1/bootstrap/federated/scenario1/raw_runs/run_20260521-210403/failed_trials.csv","trial_estimates_wide_csv":"/project/temp/deferiprone_single_oral_25mgkg_designcheck_20260511/validation/design_change_n403030_wtmclustT10_nomix_site403030_nondesignquota_precisionchol_basefitbootinit_preboot_20260521/runs/scenario1/bootstrap/federated/scenario1/raw_runs/run_20260521-210403/trial_estimates_wide.csv","trial_estimates_long_csv":"/project/temp/deferiprone_single_oral_25mgkg_designcheck_20260511/validation/design_change_n403030_wtmclustT10_nomix_site403030_nondesignquota_precisionchol_basefitbootinit_preboot_20260521/runs/scenario1/bootstrap/federated/scenario1/raw_runs/run_20260521-210403/trial_estimates_long.csv","result_json":"/project/temp/deferiprone_single_oral_25mgkg_designcheck_20260511/validation/design_change_n403030_wtmclustT10_nomix_site403030_nondesignquota_precisionchol_basefitbootinit_preboot_20260521/runs/scenario1/bootstrap/federated/scenario1/raw_runs/run_20260521-210403/result.json"}}}
[Kserver-1 exited with code 0
Aborting on container exit...
 Container defboot_design_change_n403030_wtmclu_scenario1_116_120-server-1  Stopping
 Container defboot_design_change_n403030_wtmclu_scenario1_116_120-server-1  Stopped
 Container defboot_design_change_n403030_wtmclu_scenario1_116_120-client2-1  Stopping
 Container defboot_design_change_n403030_wtmclu_scenario1_116_120-client3-1  Stopping
 Container defboot_design_change_n403030_wtmclu_scenario1_116_120-client1-1  Stopping
 Container defboot_design_change_n403030_wtmclu_scenario1_116_120-client3-1  Stopped
 Container defboot_design_change_n403030_wtmclu_scenario1_116_120-client2-1  Stopped
 Container defboot_design_change_n403030_wtmclu_scenario1_116_120-client1-1  Stopped
time="2026-05-22T06:17:32+09:00" level=warning msg="The \"SERVER_CONFIG_PATH\" variable is not set. Defaulting to a blank string."
 Container defboot_design_change_n403030_wtmclu_scenario1_116_120-server-1  Stopping
 Container defboot_design_change_n403030_wtmclu_scenario1_116_120-server-1  Stopped
 Container defboot_design_change_n403030_wtmclu_scenario1_116_120-server-1  Removing
 Container defboot_design_change_n403030_wtmclu_scenario1_116_120-server-1  Removed
 Container defboot_design_change_n403030_wtmclu_scenario1_116_120-client3-1  Stopping
 Container defboot_design_change_n403030_wtmclu_scenario1_116_120-client1-1  Stopping
 Container defboot_design_change_n403030_wtmclu_scenario1_116_120-client2-1  Stopping
 Container defboot_design_change_n403030_wtmclu_scenario1_116_120-client3-1  Stopped
 Container defboot_design_change_n403030_wtmclu_scenario1_116_120-client3-1  Removing
 Container defboot_design_change_n403030_wtmclu_scenario1_116_120-client2-1  Stopped
 Container defboot_design_change_n403030_wtmclu_scenario1_116_120-client2-1  Removing
 Container defboot_design_change_n403030_wtmclu_scenario1_116_120-client1-1  Stopped
 Container defboot_design_change_n403030_wtmclu_scenario1_116_120-client1-1  Removing
 Container defboot_design_change_n403030_wtmclu_scenario1_116_120-client3-1  Removed
 Container defboot_design_change_n403030_wtmclu_scenario1_116_120-client1-1  Removed
 Container defboot_design_change_n403030_wtmclu_scenario1_116_120-client2-1  Removed
 Network defboot_design_change_n403030_wtmclu_scenario1_116_120_site3_net  Removing
 Network defboot_design_change_n403030_wtmclu_scenario1_116_120_site1_net  Removing
 Network defboot_design_change_n403030_wtmclu_scenario1_116_120_site2_net  Removing
 Network defboot_design_change_n403030_wtmclu_scenario1_116_120_site3_net  Removed
 Network defboot_design_change_n403030_wtmclu_scenario1_116_120_site1_net  Removed
 Network defboot_design_change_n403030_wtmclu_scenario1_116_120_site2_net  Removed
