time="2026-05-22T13:38:08+09:00" level=warning msg="The \"SERVER_CONFIG_PATH\" variable is not set. Defaulting to a blank string."
Compose now can delegate build to bake for better performances
Just set COMPOSE_BAKE=true
#0 building with "default" instance using docker driver

#1 [client2 internal] load build definition from Dockerfile.app
#1 transferring dockerfile: 778B done
#1 DONE 0.0s

#2 [client3 internal] load build definition from Dockerfile.app
#2 transferring dockerfile: 778B done
#2 DONE 0.0s

#3 [client1 internal] load build definition from Dockerfile.app
#3 transferring dockerfile: 778B done
#3 DONE 0.0s

#4 [client1 internal] load metadata for docker.io/fedpoppk/base:0.1.0
#4 DONE 0.0s

#5 [client3 internal] load .dockerignore
#5 transferring context: 2B done
#5 DONE 0.0s

#6 [client2 internal] load .dockerignore
#6 transferring context: 2B done
#6 DONE 0.0s

#7 [client1 internal] load .dockerignore
#7 transferring context: 2B done
#7 DONE 0.0s

#8 [client1 1/8] FROM docker.io/fedpoppk/base:0.1.0
#8 DONE 0.0s

#9 [client2 internal] load build context
#9 transferring context: 736.51kB 0.3s done
#9 DONE 0.3s

#10 [client3 internal] load build context
#10 transferring context: 736.51kB 0.3s done
#10 DONE 0.3s

#11 [client1 internal] load build context
#11 transferring context: 736.51kB 0.3s done
#11 DONE 0.3s

#12 [client2 3/8] COPY renv.lock .Rprofile renv/activate.R ./
#12 CACHED

#13 [client2 2/8] WORKDIR /project
#13 CACHED

#14 [client2 4/8] RUN Rscript -e "options(renv.consent=TRUE, Ncpus=parallel::detectCores());                 renv::restore(prompt=FALSE)"
#14 CACHED

#15 [client2 5/8] COPY apps/ apps/
#15 CACHED

#16 [client2 6/8] COPY R/ R/
#16 CACHED

#17 [client2 7/8] COPY analysis/ analysis/
#17 CACHED

#18 [client1 8/8] RUN mkdir -p /project/configs/modes /project/data /project/artifacts /project/result
#18 CACHED

#19 [client2] exporting to image
#19 exporting layers done
#19 writing image sha256:2e9f4f142e996cf426f7832dea963ae313e868f484ecc9ad797481355b033eff done
#19 naming to docker.io/library/defboot_design_change_n403030_wtmclu_scenario1_266_270-client2 0.0s done
#19 DONE 0.0s

#20 [client1] exporting to image
#20 exporting layers done
#20 writing image sha256:298ae5ac37217e9525182d52946260956b1b42098b9e1bc0c01ddc253cc96279 done
#20 naming to docker.io/library/defboot_design_change_n403030_wtmclu_scenario1_266_270-client1 0.0s done
#20 DONE 0.1s

#21 [client3] exporting to image
#21 exporting layers done
#21 writing image sha256:bc7dc44526b2657a093e8270dab0f3fd0aa4b7e1ce054e2fa249cbc98126a20b done
#21 naming to docker.io/library/defboot_design_change_n403030_wtmclu_scenario1_266_270-client3 0.1s done
#21 DONE 0.1s

#22 [client2] resolving provenance for metadata file
#22 DONE 0.0s

#23 [client3] resolving provenance for metadata file
#23 DONE 0.0s

#24 [client1] resolving provenance for metadata file
#24 DONE 0.0s

#25 [server internal] load build definition from Dockerfile.app
#25 transferring dockerfile: 778B done
#25 DONE 0.0s

#4 [server internal] load metadata for docker.io/fedpoppk/base:0.1.0
#4 DONE 0.0s

#26 [server internal] load .dockerignore
#26 transferring context: 2B done
#26 DONE 0.0s

#8 [server 1/8] FROM docker.io/fedpoppk/base:0.1.0
#8 DONE 0.0s

#27 [server internal] load build context
#27 transferring context: 736.51kB 0.3s done
#27 DONE 0.3s

#28 [server 3/8] COPY renv.lock .Rprofile renv/activate.R ./
#28 CACHED

#29 [server 6/8] COPY R/ R/
#29 CACHED

#13 [server 2/8] WORKDIR /project
#13 CACHED

#30 [server 5/8] COPY apps/ apps/
#30 CACHED

#31 [server 7/8] COPY analysis/ analysis/
#31 CACHED

#32 [server 4/8] RUN Rscript -e "options(renv.consent=TRUE, Ncpus=parallel::detectCores());                 renv::restore(prompt=FALSE)"
#32 CACHED

#33 [server 8/8] RUN mkdir -p /project/configs/modes /project/data /project/artifacts /project/result
#33 CACHED

#34 [server] exporting to image
#34 exporting layers done
#34 writing image sha256:49eebd426a259d5d4da89b9cd93abf93212c620ada6e6e7ca47c4790adb24d7b done
#34 naming to docker.io/library/defboot_design_change_n403030_wtmclu_scenario1_266_270-server 0.0s done
#34 DONE 0.0s

#35 [server] resolving provenance for metadata file
#35 DONE 0.0s
 client1  Built
 client2  Built
 client3  Built
 server  Built
 Network defboot_design_change_n403030_wtmclu_scenario1_266_270_site1_net  Creating
 Network defboot_design_change_n403030_wtmclu_scenario1_266_270_site1_net  Created
 Network defboot_design_change_n403030_wtmclu_scenario1_266_270_site2_net  Creating
 Network defboot_design_change_n403030_wtmclu_scenario1_266_270_site2_net  Created
 Network defboot_design_change_n403030_wtmclu_scenario1_266_270_site3_net  Creating
 Network defboot_design_change_n403030_wtmclu_scenario1_266_270_site3_net  Created
 Container defboot_design_change_n403030_wtmclu_scenario1_266_270-client1-1  Creating
 Container defboot_design_change_n403030_wtmclu_scenario1_266_270-client3-1  Creating
 Container defboot_design_change_n403030_wtmclu_scenario1_266_270-client2-1  Creating
 Container defboot_design_change_n403030_wtmclu_scenario1_266_270-client1-1  Created
 Container defboot_design_change_n403030_wtmclu_scenario1_266_270-client3-1  Created
 Container defboot_design_change_n403030_wtmclu_scenario1_266_270-client2-1  Created
 Container defboot_design_change_n403030_wtmclu_scenario1_266_270-server-1  Creating
 Container defboot_design_change_n403030_wtmclu_scenario1_266_270-server-1  Created
Attaching to client1-1, client2-1, client3-1, server-1
client3-1  | Running plumber API at http://0.0.0.0:8000
client3-1  | Running swagger Docs at http://127.0.0.1:8000/__docs__/
client2-1  | Running plumber API at http://0.0.0.0:8000
client2-1  | Running swagger Docs at http://127.0.0.1:8000/__docs__/
client1-1  | Running plumber API at http://0.0.0.0:8000
client1-1  | Running swagger Docs at http://127.0.0.1:8000/__docs__/
client2-1  | ℹ parameter labels from comments are typically ignored in non-interactive mode
client1-1  | ℹ parameter labels from comments are typically ignored in non-interactive mode
client1-1  | ℹ Need to run with the source intact to parse comments
client2-1  | ℹ Need to run with the source intact to parse comments
client3-1  | ℹ parameter labels from comments are typically ignored in non-interactive mode
client3-1  | ℹ Need to run with the source intact to parse comments
server-1   | [send_init] http://client1:8000 init succeeded
server-1   | [send_init] http://client3:8000 init succeeded
server-1   | [send_init] http://client2:8000 init succeeded
server-1   | {"schema":{"schema_version":"1.1.0","generated_at":"2026-05-22T04:38:17Z","config_path":"/project/configs/../temp/deferiprone_single_oral_25mgkg_designcheck_20260511/validation/design_change_n403030_wtmclustT10_nomix_site403030_nondesignquota_precisionchol_basefitbootinit_preboot_20260521/configs/resolved/scenario1_bootstrap.json","config_md5":"9d7556058a6c3cb18af9ad7ffdd7076b","seed":4869,"host":"a4258a4f4683","pid":1,"image_tag":null,"git_sha":null,"git_dirty":null},"aggregation":{"ci_method":"percentile","ci_level":0.95,"quantile_type":7,"estimates_scale":"natural"},"summary":[{"parameter":"(etaLcl,etaLvc)","median":0.065477855037,"p2.5":0.049558193125,"p97.5":0.076675038156},{"parameter":"CcPropSd","median":0.3532124464,"p2.5":0.32195781557,"p97.5":0.35566404457},{"parameter":"etaLcl","median":0.12259233614,"p2.5":0.087827859204,"p97.5":0.12986716969},{"parameter":"etaLvc","median":0.041591418718,"p2.5":0.028835047556,"p97.5":0.047058353801},{"parameter":"lcl","median":2.2102034805,"p2.5":2.1080736179,"p97.5":2.2219324576},{"parameter":"lka","median":2.3434319596,"p2.5":2.2039484921,"p97.5":2.616642317},{"parameter":"lvc","median":2.964843733,"p2.5":2.9237292738,"p97.5":3.0624458592},{"parameter":"rho_(etaLcl,etaLvc)","median":0.98154830206,"p2.5":0.97355189605,"p97.5":0.98361873657}],"runs":[{"tag":"trial_266_20260522-043817","value":2217.692,"counts":[23,23],"control":{"maxit":100,"factr":1000000000,"pgtol":0,"trace":0,"method":"L-BFGS-B"},"convergence":0,"message":"CONVERGENCE: REL_REDUCTION_OF_F <= FACTR*EPSMCH","nat_par":{"lka":2.6188268067,"lcl":2.1011580598,"lvc":2.9234582343,"CcPropSd":0.32007988056,"etaLcl":0.12259233614,"etaLvc":0.036484760534,"(etaLcl,etaLvc)":0.065477855037,"rho_(etaLcl,etaLvc)":0.97905487326},"failed_clients":[],"attempt":1,"files":{"result":"/project/temp/deferiprone_single_oral_25mgkg_designcheck_20260511/validation/design_change_n403030_wtmclustT10_nomix_site403030_nondesignquota_precisionchol_basefitbootinit_preboot_20260521/runs/scenario1/bootstrap/federated/scenario1/raw_runs/run_20260522-043817/optim_result_trial_266_20260522-043817.json","trace":"/project/temp/deferiprone_single_oral_25mgkg_designcheck_20260511/validation/design_change_n403030_wtmclustT10_nomix_site403030_nondesignquota_precisionchol_basefitbootinit_preboot_20260521/runs/scenario1/bootstrap/federated/scenario1/raw_runs/run_20260522-043817/optim_trace_trial_266_20260522-043817.csv","final":"/project/temp/deferiprone_single_oral_25mgkg_designcheck_20260511/validation/design_change_n403030_wtmclustT10_nomix_site403030_nondesignquota_precisionchol_basefitbootinit_preboot_20260521/runs/scenario1/bootstrap/federated/scenario1/raw_runs/run_20260522-043817/final_params_trial_266_20260522-043817.csv"},"log_n":23,"execution_state":"completed","trial":266,"attempts":1},{"tag":"trial_267_20260522-044111","value":2184.764,"counts":[26,26],"control":{"maxit":100,"factr":1000000000,"pgtol":0,"trace":0,"method":"L-BFGS-B"},"convergence":0,"message":"CONVERGENCE: REL_REDUCTION_OF_F <= FACTR*EPSMCH","nat_par":{"lka":2.28942407,"lcl":2.2113031429,"lvc":2.964843733,"CcPropSd":0.3532124464,"etaLcl":0.087313136912,"etaLvc":0.027985079447,"(etaLcl,etaLvc)":0.048093826157,"rho_(etaLcl,etaLvc)":0.97294045413},"failed_clients":[],"attempt":1,"files":{"result":"/project/temp/deferiprone_single_oral_25mgkg_designcheck_20260511/validation/design_change_n403030_wtmclustT10_nomix_site403030_nondesignquota_precisionchol_basefitbootinit_preboot_20260521/runs/scenario1/bootstrap/federated/scenario1/raw_runs/run_20260522-043817/optim_result_trial_267_20260522-044111.json","trace":"/project/temp/deferiprone_single_oral_25mgkg_designcheck_20260511/validation/design_change_n403030_wtmclustT10_nomix_site403030_nondesignquota_precisionchol_basefitbootinit_preboot_20260521/runs/scenario1/bootstrap/federated/scenario1/raw_runs/run_20260522-043817/optim_trace_trial_267_20260522-044111.csv","final":"/project/temp/deferiprone_single_oral_25mgkg_designcheck_20260511/validation/design_change_n403030_wtmclustT10_nomix_site403030_nondesignquota_precisionchol_basefitbootinit_preboot_20260521/runs/scenario1/bootstrap/federated/scenario1/raw_runs/run_20260522-043817/final_params_trial_267_20260522-044111.csv"},"log_n":26,"execution_state":"completed","trial":267,"attempts":1},{"tag":"trial_268_20260522-044428","value":2172.6425,"counts":[24,24],"control":{"maxit":100,"factr":1000000000,"pgtol":0,"trace":0,"method":"L-BFGS-B"},"convergence":0,"message":"CONVERGENCE: REL_REDUCTION_OF_F <= FACTR*EPSMCH","nat_par":{"lka":2.3434319596,"lcl":2.2231134926,"lvc":3.0700221226,"CcPropSd":0.35497565019,"etaLcl":0.09246035983,"etaLvc":0.044096759848,"(etaLcl,etaLvc)":0.062737495832,"rho_(etaLcl,etaLvc)":0.98253052202},"failed_clients":[],"attempt":1,"files":{"result":"/project/temp/deferiprone_single_oral_25mgkg_designcheck_20260511/validation/design_change_n403030_wtmclustT10_nomix_site403030_nondesignquota_precisionchol_basefitbootinit_preboot_20260521/runs/scenario1/bootstrap/federated/scenario1/raw_runs/run_20260522-043817/optim_result_trial_268_20260522-044428.json","trace":"/project/temp/deferiprone_single_oral_25mgkg_designcheck_20260511/validation/design_change_n403030_wtmclustT10_nomix_site403030_nondesignquota_precisionchol_basefitbootinit_preboot_20260521/runs/scenario1/bootstrap/federated/scenario1/raw_runs/run_20260522-043817/optim_trace_trial_268_20260522-044428.csv","final":"/project/temp/deferiprone_single_oral_25mgkg_designcheck_20260511/validation/design_change_n403030_wtmclustT10_nomix_site403030_nondesignquota_precisionchol_basefitbootinit_preboot_20260521/runs/scenario1/bootstrap/federated/scenario1/raw_runs/run_20260522-043817/final_params_trial_268_20260522-044428.csv"},"log_n":24,"execution_state":"completed","trial":268,"attempts":1},{"tag":"trial_269_20260522-044730","value":2227.6086,"counts":[11,11],"control":{"maxit":100,"factr":1000000000,"pgtol":0,"trace":0,"method":"L-BFGS-B"},"convergence":0,"message":"CONVERGENCE: REL_REDUCTION_OF_F <= FACTR*EPSMCH","nat_par":{"lka":2.1944512056,"lcl":2.1703136405,"lvc":2.9261686293,"CcPropSd":0.35574053284,"etaLcl":0.130266979,"etaLvc":0.047387419796,"(etaLcl,etaLvc)":0.077290991376,"rho_(etaLcl,etaLvc)":0.9837396493},"failed_clients":[],"attempt":1,"files":{"result":"/project/temp/deferiprone_single_oral_25mgkg_designcheck_20260511/validation/design_change_n403030_wtmclustT10_nomix_site403030_nondesignquota_precisionchol_basefitbootinit_preboot_20260521/runs/scenario1/bootstrap/federated/scenario1/raw_runs/run_20260522-043817/optim_result_trial_269_20260522-044730.json","trace":"/project/temp/deferiprone_single_oral_25mgkg_designcheck_20260511/validation/design_change_n403030_wtmclustT10_nomix_site403030_nondesignquota_precisionchol_basefitbootinit_preboot_20260521/runs/scenario1/bootstrap/federated/scenario1/raw_runs/run_20260522-043817/optim_trace_trial_269_20260522-044730.csv","final":"/project/temp/deferiprone_single_oral_25mgkg_designcheck_20260511/validation/design_change_n403030_wtmclustT10_nomix_site403030_nondesignquota_precisionchol_basefitbootinit_preboot_20260521/runs/scenario1/bootstrap/federated/scenario1/raw_runs/run_20260522-043817/final_params_trial_269_20260522-044730.csv"},"log_n":11,"execution_state":"completed","trial":269,"attempts":1},{"tag":"trial_270_20260522-044854","value":2189.271,"counts":[20,20],"control":{"maxit":100,"factr":1000000000,"pgtol":0,"trace":0,"method":"L-BFGS-B"},"convergence":0,"message":"CONVERGENCE: REL_REDUCTION_OF_F <= FACTR*EPSMCH","nat_par":{"lka":2.596981909,"lcl":2.2102034805,"lvc":2.9942594885,"CcPropSd":0.33885923066,"etaLcl":0.1262688859,"etaLvc":0.041591418718,"(etaLcl,etaLvc)":0.071131459173,"rho_(etaLcl,etaLvc)":0.98154830206},"failed_clients":[],"attempt":1,"files":{"result":"/project/temp/deferiprone_single_oral_25mgkg_designcheck_20260511/validation/design_change_n403030_wtmclustT10_nomix_site403030_nondesignquota_precisionchol_basefitbootinit_preboot_20260521/runs/scenario1/bootstrap/federated/scenario1/raw_runs/run_20260522-043817/optim_result_trial_270_20260522-044854.json","trace":"/project/temp/deferiprone_single_oral_25mgkg_designcheck_20260511/validation/design_change_n403030_wtmclustT10_nomix_site403030_nondesignquota_precisionchol_basefitbootinit_preboot_20260521/runs/scenario1/bootstrap/federated/scenario1/raw_runs/run_20260522-043817/optim_trace_trial_270_20260522-044854.csv","final":"/project/temp/deferiprone_single_oral_25mgkg_designcheck_20260511/validation/design_change_n403030_wtmclustT10_nomix_site403030_nondesignquota_precisionchol_basefitbootinit_preboot_20260521/runs/scenario1/bootstrap/federated/scenario1/raw_runs/run_20260522-043817/final_params_trial_270_20260522-044854.csv"},"log_n":20,"execution_state":"completed","trial":270,"attempts":1}],"trial_status":[{"trial":266,"execution_state":"completed","converged":true,"attempts":1,"convergence":0,"value":2217.692,"eval_fn":23,"eval_gr":23,"log_n":23,"failed_clients_n":0,"message":"CONVERGENCE: REL_REDUCTION_OF_F <= FACTR*EPSMCH","result_file":"/project/temp/deferiprone_single_oral_25mgkg_designcheck_20260511/validation/design_change_n403030_wtmclustT10_nomix_site403030_nondesignquota_precisionchol_basefitbootinit_preboot_20260521/runs/scenario1/bootstrap/federated/scenario1/raw_runs/run_20260522-043817/optim_result_trial_266_20260522-043817.json","trace_file":"/project/temp/deferiprone_single_oral_25mgkg_designcheck_20260511/validation/design_change_n403030_wtmclustT10_nomix_site403030_nondesignquota_precisionchol_basefitbootinit_preboot_20260521/runs/scenario1/bootstrap/federated/scenario1/raw_runs/run_20260522-043817/optim_trace_trial_266_20260522-043817.csv","final_file":"/project/temp/deferiprone_single_oral_25mgkg_designcheck_20260511/validation/design_change_n403030_wtmclustT10_nomix_site403030_nondesignquota_precisionchol_basefitbootinit_preboot_20260521/runs/scenario1/bootstrap/federated/scenario1/raw_runs/run_20260522-043817/final_params_trial_266_20260522-043817.csv"},{"trial":267,"execution_state":"completed","converged":true,"attempts":1,"convergence":0,"value":2184.764,"eval_fn":26,"eval_gr":26,"log_n":26,"failed_clients_n":0,"message":"CONVERGENCE: REL_REDUCTION_OF_F <= FACTR*EPSMCH","result_file":"/project/temp/deferiprone_single_oral_25mgkg_designcheck_20260511/validation/design_change_n403030_wtmclustT10_nomix_site403030_nondesignquota_precisionchol_basefitbootinit_preboot_20260521/runs/scenario1/bootstrap/federated/scenario1/raw_runs/run_20260522-043817/optim_result_trial_267_20260522-044111.json","trace_file":"/project/temp/deferiprone_single_oral_25mgkg_designcheck_20260511/validation/design_change_n403030_wtmclustT10_nomix_site403030_nondesignquota_precisionchol_basefitbootinit_preboot_20260521/runs/scenario1/bootstrap/federated/scenario1/raw_runs/run_20260522-043817/optim_trace_trial_267_20260522-044111.csv","final_file":"/project/temp/deferiprone_single_oral_25mgkg_designcheck_20260511/validation/design_change_n403030_wtmclustT10_nomix_site403030_nondesignquota_precisionchol_basefitbootinit_preboot_20260521/runs/scenario1/bootstrap/federated/scenario1/raw_runs/run_20260522-043817/final_params_trial_267_20260522-044111.csv"},{"trial":268,"execution_state":"completed","converged":true,"attempts":1,"convergence":0,"value":2172.6425,"eval_fn":24,"eval_gr":24,"log_n":24,"failed_clients_n":0,"message":"CONVERGENCE: REL_REDUCTION_OF_F <= FACTR*EPSMCH","result_file":"/project/temp/deferiprone_single_oral_25mgkg_designcheck_20260511/validation/design_change_n403030_wtmclustT10_nomix_site403030_nondesignquota_precisionchol_basefitbootinit_preboot_20260521/runs/scenario1/bootstrap/federated/scenario1/raw_runs/run_20260522-043817/optim_result_trial_268_20260522-044428.json","trace_file":"/project/temp/deferiprone_single_oral_25mgkg_designcheck_20260511/validation/design_change_n403030_wtmclustT10_nomix_site403030_nondesignquota_precisionchol_basefitbootinit_preboot_20260521/runs/scenario1/bootstrap/federated/scenario1/raw_runs/run_20260522-043817/optim_trace_trial_268_20260522-044428.csv","final_file":"/project/temp/deferiprone_single_oral_25mgkg_designcheck_20260511/validation/design_change_n403030_wtmclustT10_nomix_site403030_nondesignquota_precisionchol_basefitbootinit_preboot_20260521/runs/scenario1/bootstrap/federated/scenario1/raw_runs/run_20260522-043817/final_params_trial_268_20260522-044428.csv"},{"trial":269,"execution_state":"completed","converged":true,"attempts":1,"convergence":0,"value":2227.6086,"eval_fn":11,"eval_gr":11,"log_n":11,"failed_clients_n":0,"message":"CONVERGENCE: REL_REDUCTION_OF_F <= FACTR*EPSMCH","result_file":"/project/temp/deferiprone_single_oral_25mgkg_designcheck_20260511/validation/design_change_n403030_wtmclustT10_nomix_site403030_nondesignquota_precisionchol_basefitbootinit_preboot_20260521/runs/scenario1/bootstrap/federated/scenario1/raw_runs/run_20260522-043817/optim_result_trial_269_20260522-044730.json","trace_file":"/project/temp/deferiprone_single_oral_25mgkg_designcheck_20260511/validation/design_change_n403030_wtmclustT10_nomix_site403030_nondesignquota_precisionchol_basefitbootinit_preboot_20260521/runs/scenario1/bootstrap/federated/scenario1/raw_runs/run_20260522-043817/optim_trace_trial_269_20260522-044730.csv","final_file":"/project/temp/deferiprone_single_oral_25mgkg_designcheck_20260511/validation/design_change_n403030_wtmclustT10_nomix_site403030_nondesignquota_precisionchol_basefitbootinit_preboot_20260521/runs/scenario1/bootstrap/federated/scenario1/raw_runs/run_20260522-043817/final_params_trial_269_20260522-044730.csv"},{"trial":270,"execution_state":"completed","converged":true,"attempts":1,"convergence":0,"value":2189.271,"eval_fn":20,"eval_gr":20,"log_n":20,"failed_clients_n":0,"message":"CONVERGENCE: REL_REDUCTION_OF_F <= FACTR*EPSMCH","result_file":"/project/temp/deferiprone_single_oral_25mgkg_designcheck_20260511/validation/design_change_n403030_wtmclustT10_nomix_site403030_nondesignquota_precisionchol_basefitbootinit_preboot_20260521/runs/scenario1/bootstrap/federated/scenario1/raw_runs/run_20260522-043817/optim_result_trial_270_20260522-044854.json","trace_file":"/project/temp/deferiprone_single_oral_25mgkg_designcheck_20260511/validation/design_change_n403030_wtmclustT10_nomix_site403030_nondesignquota_precisionchol_basefitbootinit_preboot_20260521/runs/scenario1/bootstrap/federated/scenario1/raw_runs/run_20260522-043817/optim_trace_trial_270_20260522-044854.csv","final_file":"/project/temp/deferiprone_single_oral_25mgkg_designcheck_20260511/validation/design_change_n403030_wtmclustT10_nomix_site403030_nondesignquota_precisionchol_basefitbootinit_preboot_20260521/runs/scenario1/bootstrap/federated/scenario1/raw_runs/run_20260522-043817/final_params_trial_270_20260522-044854.csv"}],"info":{"run_id":"20260522-043817","log_base_dir":"/project/temp/deferiprone_single_oral_25mgkg_designcheck_20260511/validation/design_change_n403030_wtmclustT10_nomix_site403030_nondesignquota_precisionchol_basefitbootinit_preboot_20260521/runs/scenario1/bootstrap/federated","scenario":"scenario1/raw_runs","total_trials":5,"successes":5,"failures":0,"nonconverged_count":0,"nonconverged_trials":[],"convergence_missing_count":0,"seed_base":4869,"B_per_client":500,"duration_sec":796.6761724949,"host":"a4258a4f4683","image_tag":null,"communication":{"generated_at":"2026-05-22T04:51:28Z","totals":{"requests":627,"request_bytes":699759,"response_bytes":159644,"total_bytes":859403,"retries":0},"init":{"requests":3,"request_bytes":8139,"response_bytes":1161,"total_bytes":9300,"retries":0,"median_elapsed_sec":0.36529350281},"init_round_latency":{"n_rounds":1,"median_round_wall_sec":0.36900615692,"p95_round_wall_sec":0.36900615692},"run":{"requests":0,"request_bytes":0,"response_bytes":0,"total_bytes":0,"retries":0,"median_elapsed_sec":"NA"},"run_bootstrap":{"requests":624,"request_bytes":691620,"response_bytes":158483,"total_bytes":850103,"retries":0,"median_elapsed_sec":3.6436419487},"round_latency":{"n_rounds":208,"median_round_wall_sec":3.7622623444,"p95_round_wall_sec":4.0169660568},"timing_split":{"n_rounds":208,"rounds_with_compute":208,"total_round_wall_sec":786.4242641926,"total_round_compute_wall_sec":779.6473,"total_round_comm_overhead_wall_sec":6.7769641926,"comm_overhead_ratio":0.0086174403578,"compute_ratio":0.99138255964}},"communication_files":{"csv":"/project/temp/deferiprone_single_oral_25mgkg_designcheck_20260511/validation/design_change_n403030_wtmclustT10_nomix_site403030_nondesignquota_precisionchol_basefitbootinit_preboot_20260521/runs/scenario1/bootstrap/federated/scenario1/raw_runs/run_20260522-043817/comm_metrics.csv","json":"/project/temp/deferiprone_single_oral_25mgkg_designcheck_20260511/validation/design_change_n403030_wtmclustT10_nomix_site403030_nondesignquota_precisionchol_basefitbootinit_preboot_20260521/runs/scenario1/bootstrap/federated/scenario1/raw_runs/run_20260522-043817/comm_metrics.json"},"output_files":{"bootstrap_summary_csv":"/project/temp/deferiprone_single_oral_25mgkg_designcheck_20260511/validation/design_change_n403030_wtmclustT10_nomix_site403030_nondesignquota_precisionchol_basefitbootinit_preboot_20260521/runs/scenario1/bootstrap/federated/scenario1/raw_runs/run_20260522-043817/bootstrap_summary.csv","bootstrap_summary_json":"/project/temp/deferiprone_single_oral_25mgkg_designcheck_20260511/validation/design_change_n403030_wtmclustT10_nomix_site403030_nondesignquota_precisionchol_basefitbootinit_preboot_20260521/runs/scenario1/bootstrap/federated/scenario1/raw_runs/run_20260522-043817/bootstrap_summary.json","trial_status_csv":"/project/temp/deferiprone_single_oral_25mgkg_designcheck_20260511/validation/design_change_n403030_wtmclustT10_nomix_site403030_nondesignquota_precisionchol_basefitbootinit_preboot_20260521/runs/scenario1/bootstrap/federated/scenario1/raw_runs/run_20260522-043817/trial_status.csv","failed_trials_csv":"/project/temp/deferiprone_single_oral_25mgkg_designcheck_20260511/validation/design_change_n403030_wtmclustT10_nomix_site403030_nondesignquota_precisionchol_basefitbootinit_preboot_20260521/runs/scenario1/bootstrap/federated/scenario1/raw_runs/run_20260522-043817/failed_trials.csv","trial_estimates_wide_csv":"/project/temp/deferiprone_single_oral_25mgkg_designcheck_20260511/validation/design_change_n403030_wtmclustT10_nomix_site403030_nondesignquota_precisionchol_basefitbootinit_preboot_20260521/runs/scenario1/bootstrap/federated/scenario1/raw_runs/run_20260522-043817/trial_estimates_wide.csv","trial_estimates_long_csv":"/project/temp/deferiprone_single_oral_25mgkg_designcheck_20260511/validation/design_change_n403030_wtmclustT10_nomix_site403030_nondesignquota_precisionchol_basefitbootinit_preboot_20260521/runs/scenario1/bootstrap/federated/scenario1/raw_runs/run_20260522-043817/trial_estimates_long.csv","result_json":"/project/temp/deferiprone_single_oral_25mgkg_designcheck_20260511/validation/design_change_n403030_wtmclustT10_nomix_site403030_nondesignquota_precisionchol_basefitbootinit_preboot_20260521/runs/scenario1/bootstrap/federated/scenario1/raw_runs/run_20260522-043817/result.json"}}}
[Kserver-1 exited with code 0
Aborting on container exit...
 Container defboot_design_change_n403030_wtmclu_scenario1_266_270-server-1  Stopping
 Container defboot_design_change_n403030_wtmclu_scenario1_266_270-server-1  Stopped
 Container defboot_design_change_n403030_wtmclu_scenario1_266_270-client3-1  Stopping
 Container defboot_design_change_n403030_wtmclu_scenario1_266_270-client2-1  Stopping
 Container defboot_design_change_n403030_wtmclu_scenario1_266_270-client1-1  Stopping
 Container defboot_design_change_n403030_wtmclu_scenario1_266_270-client3-1  Stopped
 Container defboot_design_change_n403030_wtmclu_scenario1_266_270-client1-1  Stopped
 Container defboot_design_change_n403030_wtmclu_scenario1_266_270-client2-1  Stopped
time="2026-05-22T13:51:38+09:00" level=warning msg="The \"SERVER_CONFIG_PATH\" variable is not set. Defaulting to a blank string."
 Container defboot_design_change_n403030_wtmclu_scenario1_266_270-server-1  Stopping
 Container defboot_design_change_n403030_wtmclu_scenario1_266_270-server-1  Stopped
 Container defboot_design_change_n403030_wtmclu_scenario1_266_270-server-1  Removing
 Container defboot_design_change_n403030_wtmclu_scenario1_266_270-server-1  Removed
 Container defboot_design_change_n403030_wtmclu_scenario1_266_270-client2-1  Stopping
 Container defboot_design_change_n403030_wtmclu_scenario1_266_270-client3-1  Stopping
 Container defboot_design_change_n403030_wtmclu_scenario1_266_270-client1-1  Stopping
 Container defboot_design_change_n403030_wtmclu_scenario1_266_270-client2-1  Stopped
 Container defboot_design_change_n403030_wtmclu_scenario1_266_270-client2-1  Removing
 Container defboot_design_change_n403030_wtmclu_scenario1_266_270-client3-1  Stopped
 Container defboot_design_change_n403030_wtmclu_scenario1_266_270-client3-1  Removing
 Container defboot_design_change_n403030_wtmclu_scenario1_266_270-client1-1  Stopped
 Container defboot_design_change_n403030_wtmclu_scenario1_266_270-client1-1  Removing
 Container defboot_design_change_n403030_wtmclu_scenario1_266_270-client2-1  Removed
 Container defboot_design_change_n403030_wtmclu_scenario1_266_270-client3-1  Removed
 Container defboot_design_change_n403030_wtmclu_scenario1_266_270-client1-1  Removed
 Network defboot_design_change_n403030_wtmclu_scenario1_266_270_site1_net  Removing
 Network defboot_design_change_n403030_wtmclu_scenario1_266_270_site2_net  Removing
 Network defboot_design_change_n403030_wtmclu_scenario1_266_270_site3_net  Removing
 Network defboot_design_change_n403030_wtmclu_scenario1_266_270_site1_net  Removed
 Network defboot_design_change_n403030_wtmclu_scenario1_266_270_site3_net  Removed
 Network defboot_design_change_n403030_wtmclu_scenario1_266_270_site2_net  Removed
