time="2026-05-22T06:49:01+09:00" level=warning msg="The \"SERVER_CONFIG_PATH\" variable is not set. Defaulting to a blank string."
Compose now can delegate build to bake for better performances
Just set COMPOSE_BAKE=true
#0 building with "default" instance using docker driver

#1 [client3 internal] load build definition from Dockerfile.app
#1 transferring dockerfile: 778B done
#1 DONE 0.0s

#2 [client2 internal] load build definition from Dockerfile.app
#2 transferring dockerfile: 778B done
#2 DONE 0.0s

#3 [client1 internal] load build definition from Dockerfile.app
#3 transferring dockerfile: 778B done
#3 DONE 0.0s

#4 [client1 internal] load metadata for docker.io/fedpoppk/base:0.1.0
#4 DONE 0.0s

#5 [client3 internal] load .dockerignore
#5 transferring context: 2B done
#5 DONE 0.0s

#6 [client2 internal] load .dockerignore
#6 transferring context: 2B done
#6 DONE 0.0s

#7 [client1 internal] load .dockerignore
#7 transferring context: 2B done
#7 DONE 0.0s

#8 [client2 1/8] FROM docker.io/fedpoppk/base:0.1.0
#8 DONE 0.0s

#9 [client3 internal] load build context
#9 transferring context: 736.51kB 0.3s done
#9 DONE 0.3s

#10 [client2 internal] load build context
#10 transferring context: 736.51kB 0.3s done
#10 DONE 0.3s

#11 [client1 internal] load build context
#11 transferring context: 736.51kB 0.3s done
#11 DONE 0.3s

#12 [client3 2/8] WORKDIR /project
#12 CACHED

#13 [client3 4/8] RUN Rscript -e "options(renv.consent=TRUE, Ncpus=parallel::detectCores());                 renv::restore(prompt=FALSE)"
#13 CACHED

#14 [client3 3/8] COPY renv.lock .Rprofile renv/activate.R ./
#14 CACHED

#15 [client3 7/8] COPY analysis/ analysis/
#15 CACHED

#16 [client3 5/8] COPY apps/ apps/
#16 CACHED

#17 [client3 6/8] COPY R/ R/
#17 CACHED

#18 [client1 8/8] RUN mkdir -p /project/configs/modes /project/data /project/artifacts /project/result
#18 CACHED

#19 [client3] exporting to image
#19 exporting layers done
#19 writing image sha256:08305f140aeb3da5612504a5c815b79501f86cd30c9516c5ce74df5d7759fa88 done
#19 naming to docker.io/library/defboot_design_change_n403030_wtmclu_scenario1_131_135-client3 0.0s done
#19 DONE 0.0s

#20 [client1] exporting to image
#20 exporting layers done
#20 writing image sha256:05ed39ca9ea475aae4987e54c06895bdcdde93e899d77a832d3724050d6dc7fb done
#20 naming to docker.io/library/defboot_design_change_n403030_wtmclu_scenario1_131_135-client1 0.0s done
#20 DONE 0.0s

#21 [client2] exporting to image
#21 exporting layers done
#21 writing image sha256:84b658378205e19d91f13ecc495e150ddf4eb8da37608212fbad6fafa63413fc done
#21 naming to docker.io/library/defboot_design_change_n403030_wtmclu_scenario1_131_135-client2 0.0s done
#21 DONE 0.0s

#22 [client2] resolving provenance for metadata file
#22 DONE 0.0s

#23 [client1] resolving provenance for metadata file
#23 DONE 0.0s

#24 [client3] resolving provenance for metadata file
#24 DONE 0.0s

#25 [server internal] load build definition from Dockerfile.app
#25 transferring dockerfile: 778B done
#25 DONE 0.0s

#4 [server internal] load metadata for docker.io/fedpoppk/base:0.1.0
#4 DONE 0.0s

#26 [server internal] load .dockerignore
#26 transferring context: 2B done
#26 DONE 0.0s

#8 [server 1/8] FROM docker.io/fedpoppk/base:0.1.0
#8 DONE 0.0s

#27 [server internal] load build context
#27 transferring context: 736.51kB 0.3s done
#27 DONE 0.4s

#28 [server 3/8] COPY renv.lock .Rprofile renv/activate.R ./
#28 CACHED

#29 [server 5/8] COPY apps/ apps/
#29 CACHED

#12 [server 2/8] WORKDIR /project
#12 CACHED

#30 [server 7/8] COPY analysis/ analysis/
#30 CACHED

#31 [server 6/8] COPY R/ R/
#31 CACHED

#32 [server 4/8] RUN Rscript -e "options(renv.consent=TRUE, Ncpus=parallel::detectCores());                 renv::restore(prompt=FALSE)"
#32 CACHED

#33 [server 8/8] RUN mkdir -p /project/configs/modes /project/data /project/artifacts /project/result
#33 CACHED

#34 [server] exporting to image
#34 exporting layers done
#34 writing image sha256:b97ba0146211c76a2b03f996c453b14e2b71fb85c13234910014e86df6bb8a0c done
#34 naming to docker.io/library/defboot_design_change_n403030_wtmclu_scenario1_131_135-server 0.0s done
#34 DONE 0.0s

#35 [server] resolving provenance for metadata file
#35 DONE 0.0s
 client1  Built
 client2  Built
 client3  Built
 server  Built
 Network defboot_design_change_n403030_wtmclu_scenario1_131_135_site2_net  Creating
 Network defboot_design_change_n403030_wtmclu_scenario1_131_135_site2_net  Created
 Network defboot_design_change_n403030_wtmclu_scenario1_131_135_site3_net  Creating
 Network defboot_design_change_n403030_wtmclu_scenario1_131_135_site3_net  Created
 Network defboot_design_change_n403030_wtmclu_scenario1_131_135_site1_net  Creating
 Network defboot_design_change_n403030_wtmclu_scenario1_131_135_site1_net  Created
 Container defboot_design_change_n403030_wtmclu_scenario1_131_135-client1-1  Creating
 Container defboot_design_change_n403030_wtmclu_scenario1_131_135-client2-1  Creating
 Container defboot_design_change_n403030_wtmclu_scenario1_131_135-client3-1  Creating
 Container defboot_design_change_n403030_wtmclu_scenario1_131_135-client2-1  Created
 Container defboot_design_change_n403030_wtmclu_scenario1_131_135-client3-1  Created
 Container defboot_design_change_n403030_wtmclu_scenario1_131_135-client1-1  Created
 Container defboot_design_change_n403030_wtmclu_scenario1_131_135-server-1  Creating
 Container defboot_design_change_n403030_wtmclu_scenario1_131_135-server-1  Created
Attaching to client1-1, client2-1, client3-1, server-1
client3-1  | Running plumber API at http://0.0.0.0:8000
client3-1  | Running swagger Docs at http://127.0.0.1:8000/__docs__/
client2-1  | Running plumber API at http://0.0.0.0:8000
client2-1  | Running swagger Docs at http://127.0.0.1:8000/__docs__/
client1-1  | Running plumber API at http://0.0.0.0:8000
client1-1  | Running swagger Docs at http://127.0.0.1:8000/__docs__/
client2-1  | ℹ parameter labels from comments are typically ignored in non-interactive mode
client1-1  | ℹ parameter labels from comments are typically ignored in non-interactive mode
client2-1  | ℹ Need to run with the source intact to parse comments
client1-1  | ℹ Need to run with the source intact to parse comments
client3-1  | ℹ parameter labels from comments are typically ignored in non-interactive mode
client3-1  | ℹ Need to run with the source intact to parse comments
server-1   | [send_init] http://client2:8000 init succeeded
server-1   | [send_init] http://client1:8000 init succeeded
server-1   | [send_init] http://client3:8000 init succeeded
server-1   | {"schema":{"schema_version":"1.1.0","generated_at":"2026-05-21T21:49:10Z","config_path":"/project/configs/../temp/deferiprone_single_oral_25mgkg_designcheck_20260511/validation/design_change_n403030_wtmclustT10_nomix_site403030_nondesignquota_precisionchol_basefitbootinit_preboot_20260521/configs/resolved/scenario1_bootstrap.json","config_md5":"9d7556058a6c3cb18af9ad7ffdd7076b","seed":4869,"host":"2b7643174d41","pid":1,"image_tag":null,"git_sha":null,"git_dirty":null},"aggregation":{"ci_method":"percentile","ci_level":0.95,"quantile_type":7,"estimates_scale":"natural"},"summary":[{"parameter":"(etaLcl,etaLvc)","median":0.065406199004,"p2.5":0.043569097527,"p97.5":0.078567510295},{"parameter":"CcPropSd","median":0.35031098133,"p2.5":0.33164370468,"p97.5":0.36299020376},{"parameter":"etaLcl","median":0.10308414768,"p2.5":0.096593864332,"p97.5":0.13246668135},{"parameter":"etaLvc","median":0.043024070054,"p2.5":0.02120846409,"p97.5":0.048851833954},{"parameter":"lcl","median":2.213039918,"p2.5":2.1650261441,"p97.5":2.2541185687},{"parameter":"lka","median":2.3586398451,"p2.5":2.1960949052,"p97.5":2.372241783},{"parameter":"lvc","median":2.9732809689,"p2.5":2.955210389,"p97.5":3.0238923132},{"parameter":"rho_(etaLcl,etaLvc)","median":0.98212603352,"p2.5":0.96401988339,"p97.5":0.98420046024}],"runs":[{"tag":"trial_131_20260521-214910","value":2192.7293,"counts":[18,18],"control":{"maxit":100,"factr":1000000000,"pgtol":0,"trace":0,"method":"L-BFGS-B"},"convergence":0,"message":"CONVERGENCE: REL_REDUCTION_OF_F <= FACTR*EPSMCH","nat_par":{"lka":2.1838693669,"lcl":2.213039918,"lvc":2.9732809689,"CcPropSd":0.34678163905,"etaLcl":0.09654897724,"etaLvc":0.033244362333,"(etaLcl,etaLvc)":0.05535492781,"rho_(etaLcl,etaLvc)":0.97706497737},"failed_clients":[],"attempt":1,"files":{"result":"/project/temp/deferiprone_single_oral_25mgkg_designcheck_20260511/validation/design_change_n403030_wtmclustT10_nomix_site403030_nondesignquota_precisionchol_basefitbootinit_preboot_20260521/runs/scenario1/bootstrap/federated/scenario1/raw_runs/run_20260521-214910/optim_result_trial_131_20260521-214910.json","trace":"/project/temp/deferiprone_single_oral_25mgkg_designcheck_20260511/validation/design_change_n403030_wtmclustT10_nomix_site403030_nondesignquota_precisionchol_basefitbootinit_preboot_20260521/runs/scenario1/bootstrap/federated/scenario1/raw_runs/run_20260521-214910/optim_trace_trial_131_20260521-214910.csv","final":"/project/temp/deferiprone_single_oral_25mgkg_designcheck_20260511/validation/design_change_n403030_wtmclustT10_nomix_site403030_nondesignquota_precisionchol_basefitbootinit_preboot_20260521/runs/scenario1/bootstrap/federated/scenario1/raw_runs/run_20260521-214910/final_params_trial_131_20260521-214910.csv"},"log_n":18,"execution_state":"completed","trial":131,"attempts":1},{"tag":"trial_132_20260521-215126","value":2239.3637,"counts":[15,15],"control":{"maxit":100,"factr":1000000000,"pgtol":0,"trace":0,"method":"L-BFGS-B"},"convergence":0,"message":"CONVERGENCE: REL_REDUCTION_OF_F <= FACTR*EPSMCH","nat_par":{"lka":2.3727324448,"lcl":2.1632242968,"lvc":2.9639271224,"CcPropSd":0.35031098133,"etaLcl":0.13495296255,"etaLvc":0.048091842351,"(etaLcl,etaLvc)":0.079270446067,"rho_(etaLcl,etaLvc)":0.98397572243},"failed_clients":[],"attempt":1,"files":{"result":"/project/temp/deferiprone_single_oral_25mgkg_designcheck_20260511/validation/design_change_n403030_wtmclustT10_nomix_site403030_nondesignquota_precisionchol_basefitbootinit_preboot_20260521/runs/scenario1/bootstrap/federated/scenario1/raw_runs/run_20260521-214910/optim_result_trial_132_20260521-215126.json","trace":"/project/temp/deferiprone_single_oral_25mgkg_designcheck_20260511/validation/design_change_n403030_wtmclustT10_nomix_site403030_nondesignquota_precisionchol_basefitbootinit_preboot_20260521/runs/scenario1/bootstrap/federated/scenario1/raw_runs/run_20260521-214910/optim_trace_trial_132_20260521-215126.csv","final":"/project/temp/deferiprone_single_oral_25mgkg_designcheck_20260511/validation/design_change_n403030_wtmclustT10_nomix_site403030_nondesignquota_precisionchol_basefitbootinit_preboot_20260521/runs/scenario1/bootstrap/federated/scenario1/raw_runs/run_20260521-214910/final_params_trial_132_20260521-215126.csv"},"log_n":15,"execution_state":"completed","trial":132,"attempts":1},{"tag":"trial_133_20260521-215319","value":2189.443,"counts":[38,38],"control":{"maxit":100,"factr":1000000000,"pgtol":0,"trace":0,"method":"L-BFGS-B"},"convergence":0,"message":"CONVERGENCE: REL_REDUCTION_OF_F <= FACTR*EPSMCH","nat_par":{"lka":2.3586398451,"lcl":2.2563733252,"lvc":3.0279000314,"CcPropSd":0.36336617268,"etaLcl":0.11009015054,"etaLvc":0.048936277466,"(etaLcl,etaLvc)":0.072241088346,"rho_(etaLcl,etaLvc)":0.98422543111},"failed_clients":[],"attempt":1,"files":{"result":"/project/temp/deferiprone_single_oral_25mgkg_designcheck_20260511/validation/design_change_n403030_wtmclustT10_nomix_site403030_nondesignquota_precisionchol_basefitbootinit_preboot_20260521/runs/scenario1/bootstrap/federated/scenario1/raw_runs/run_20260521-214910/optim_result_trial_133_20260521-215319.json","trace":"/project/temp/deferiprone_single_oral_25mgkg_designcheck_20260511/validation/design_change_n403030_wtmclustT10_nomix_site403030_nondesignquota_precisionchol_basefitbootinit_preboot_20260521/runs/scenario1/bootstrap/federated/scenario1/raw_runs/run_20260521-214910/optim_trace_trial_133_20260521-215319.csv","final":"/project/temp/deferiprone_single_oral_25mgkg_designcheck_20260511/validation/design_change_n403030_wtmclustT10_nomix_site403030_nondesignquota_precisionchol_basefitbootinit_preboot_20260521/runs/scenario1/bootstrap/federated/scenario1/raw_runs/run_20260521-214910/final_params_trial_133_20260521-215319.csv"},"log_n":38,"execution_state":"completed","trial":133,"attempts":1},{"tag":"trial_134_20260521-215809","value":2240.1952,"counts":[30,30],"control":{"maxit":100,"factr":1000000000,"pgtol":0,"trace":0,"method":"L-BFGS-B"},"convergence":0,"message":"CONVERGENCE: REL_REDUCTION_OF_F <= FACTR*EPSMCH","nat_par":{"lka":2.3678258268,"lcl":2.1812427694,"lvc":2.954241863,"CcPropSd":0.35960648351,"etaLcl":0.096997848165,"etaLvc":0.019871142063,"(etaLcl,etaLvc)":0.042259560829,"rho_(etaLcl,etaLvc)":0.9625704285},"failed_clients":[],"attempt":1,"files":{"result":"/project/temp/deferiprone_single_oral_25mgkg_designcheck_20260511/validation/design_change_n403030_wtmclustT10_nomix_site403030_nondesignquota_precisionchol_basefitbootinit_preboot_20260521/runs/scenario1/bootstrap/federated/scenario1/raw_runs/run_20260521-214910/optim_result_trial_134_20260521-215809.json","trace":"/project/temp/deferiprone_single_oral_25mgkg_designcheck_20260511/validation/design_change_n403030_wtmclustT10_nomix_site403030_nondesignquota_precisionchol_basefitbootinit_preboot_20260521/runs/scenario1/bootstrap/federated/scenario1/raw_runs/run_20260521-214910/optim_trace_trial_134_20260521-215809.csv","final":"/project/temp/deferiprone_single_oral_25mgkg_designcheck_20260511/validation/design_change_n403030_wtmclustT10_nomix_site403030_nondesignquota_precisionchol_basefitbootinit_preboot_20260521/runs/scenario1/bootstrap/federated/scenario1/raw_runs/run_20260521-214910/final_params_trial_134_20260521-215809.csv"},"log_n":30,"execution_state":"completed","trial":134,"attempts":1},{"tag":"trial_135_20260521-220157","value":2148.5437,"counts":[28,28],"control":{"maxit":100,"factr":1000000000,"pgtol":0,"trace":0,"method":"L-BFGS-B"},"convergence":0,"message":"CONVERGENCE: REL_REDUCTION_OF_F <= FACTR*EPSMCH","nat_par":{"lka":2.3061247499,"lcl":2.2338257597,"lvc":2.9878228494,"CcPropSd":0.32996171198,"etaLcl":0.10308414768,"etaLvc":0.043024070054,"(etaLcl,etaLvc)":0.065406199004,"rho_(etaLcl,etaLvc)":0.98212603352},"failed_clients":[],"attempt":1,"files":{"result":"/project/temp/deferiprone_single_oral_25mgkg_designcheck_20260511/validation/design_change_n403030_wtmclustT10_nomix_site403030_nondesignquota_precisionchol_basefitbootinit_preboot_20260521/runs/scenario1/bootstrap/federated/scenario1/raw_runs/run_20260521-214910/optim_result_trial_135_20260521-220157.json","trace":"/project/temp/deferiprone_single_oral_25mgkg_designcheck_20260511/validation/design_change_n403030_wtmclustT10_nomix_site403030_nondesignquota_precisionchol_basefitbootinit_preboot_20260521/runs/scenario1/bootstrap/federated/scenario1/raw_runs/run_20260521-214910/optim_trace_trial_135_20260521-220157.csv","final":"/project/temp/deferiprone_single_oral_25mgkg_designcheck_20260511/validation/design_change_n403030_wtmclustT10_nomix_site403030_nondesignquota_precisionchol_basefitbootinit_preboot_20260521/runs/scenario1/bootstrap/federated/scenario1/raw_runs/run_20260521-214910/final_params_trial_135_20260521-220157.csv"},"log_n":28,"execution_state":"completed","trial":135,"attempts":1}],"trial_status":[{"trial":131,"execution_state":"completed","converged":true,"attempts":1,"convergence":0,"value":2192.7293,"eval_fn":18,"eval_gr":18,"log_n":18,"failed_clients_n":0,"message":"CONVERGENCE: REL_REDUCTION_OF_F <= FACTR*EPSMCH","result_file":"/project/temp/deferiprone_single_oral_25mgkg_designcheck_20260511/validation/design_change_n403030_wtmclustT10_nomix_site403030_nondesignquota_precisionchol_basefitbootinit_preboot_20260521/runs/scenario1/bootstrap/federated/scenario1/raw_runs/run_20260521-214910/optim_result_trial_131_20260521-214910.json","trace_file":"/project/temp/deferiprone_single_oral_25mgkg_designcheck_20260511/validation/design_change_n403030_wtmclustT10_nomix_site403030_nondesignquota_precisionchol_basefitbootinit_preboot_20260521/runs/scenario1/bootstrap/federated/scenario1/raw_runs/run_20260521-214910/optim_trace_trial_131_20260521-214910.csv","final_file":"/project/temp/deferiprone_single_oral_25mgkg_designcheck_20260511/validation/design_change_n403030_wtmclustT10_nomix_site403030_nondesignquota_precisionchol_basefitbootinit_preboot_20260521/runs/scenario1/bootstrap/federated/scenario1/raw_runs/run_20260521-214910/final_params_trial_131_20260521-214910.csv"},{"trial":132,"execution_state":"completed","converged":true,"attempts":1,"convergence":0,"value":2239.3637,"eval_fn":15,"eval_gr":15,"log_n":15,"failed_clients_n":0,"message":"CONVERGENCE: REL_REDUCTION_OF_F <= FACTR*EPSMCH","result_file":"/project/temp/deferiprone_single_oral_25mgkg_designcheck_20260511/validation/design_change_n403030_wtmclustT10_nomix_site403030_nondesignquota_precisionchol_basefitbootinit_preboot_20260521/runs/scenario1/bootstrap/federated/scenario1/raw_runs/run_20260521-214910/optim_result_trial_132_20260521-215126.json","trace_file":"/project/temp/deferiprone_single_oral_25mgkg_designcheck_20260511/validation/design_change_n403030_wtmclustT10_nomix_site403030_nondesignquota_precisionchol_basefitbootinit_preboot_20260521/runs/scenario1/bootstrap/federated/scenario1/raw_runs/run_20260521-214910/optim_trace_trial_132_20260521-215126.csv","final_file":"/project/temp/deferiprone_single_oral_25mgkg_designcheck_20260511/validation/design_change_n403030_wtmclustT10_nomix_site403030_nondesignquota_precisionchol_basefitbootinit_preboot_20260521/runs/scenario1/bootstrap/federated/scenario1/raw_runs/run_20260521-214910/final_params_trial_132_20260521-215126.csv"},{"trial":133,"execution_state":"completed","converged":true,"attempts":1,"convergence":0,"value":2189.443,"eval_fn":38,"eval_gr":38,"log_n":38,"failed_clients_n":0,"message":"CONVERGENCE: REL_REDUCTION_OF_F <= FACTR*EPSMCH","result_file":"/project/temp/deferiprone_single_oral_25mgkg_designcheck_20260511/validation/design_change_n403030_wtmclustT10_nomix_site403030_nondesignquota_precisionchol_basefitbootinit_preboot_20260521/runs/scenario1/bootstrap/federated/scenario1/raw_runs/run_20260521-214910/optim_result_trial_133_20260521-215319.json","trace_file":"/project/temp/deferiprone_single_oral_25mgkg_designcheck_20260511/validation/design_change_n403030_wtmclustT10_nomix_site403030_nondesignquota_precisionchol_basefitbootinit_preboot_20260521/runs/scenario1/bootstrap/federated/scenario1/raw_runs/run_20260521-214910/optim_trace_trial_133_20260521-215319.csv","final_file":"/project/temp/deferiprone_single_oral_25mgkg_designcheck_20260511/validation/design_change_n403030_wtmclustT10_nomix_site403030_nondesignquota_precisionchol_basefitbootinit_preboot_20260521/runs/scenario1/bootstrap/federated/scenario1/raw_runs/run_20260521-214910/final_params_trial_133_20260521-215319.csv"},{"trial":134,"execution_state":"completed","converged":true,"attempts":1,"convergence":0,"value":2240.1952,"eval_fn":30,"eval_gr":30,"log_n":30,"failed_clients_n":0,"message":"CONVERGENCE: REL_REDUCTION_OF_F <= FACTR*EPSMCH","result_file":"/project/temp/deferiprone_single_oral_25mgkg_designcheck_20260511/validation/design_change_n403030_wtmclustT10_nomix_site403030_nondesignquota_precisionchol_basefitbootinit_preboot_20260521/runs/scenario1/bootstrap/federated/scenario1/raw_runs/run_20260521-214910/optim_result_trial_134_20260521-215809.json","trace_file":"/project/temp/deferiprone_single_oral_25mgkg_designcheck_20260511/validation/design_change_n403030_wtmclustT10_nomix_site403030_nondesignquota_precisionchol_basefitbootinit_preboot_20260521/runs/scenario1/bootstrap/federated/scenario1/raw_runs/run_20260521-214910/optim_trace_trial_134_20260521-215809.csv","final_file":"/project/temp/deferiprone_single_oral_25mgkg_designcheck_20260511/validation/design_change_n403030_wtmclustT10_nomix_site403030_nondesignquota_precisionchol_basefitbootinit_preboot_20260521/runs/scenario1/bootstrap/federated/scenario1/raw_runs/run_20260521-214910/final_params_trial_134_20260521-215809.csv"},{"trial":135,"execution_state":"completed","converged":true,"attempts":1,"convergence":0,"value":2148.5437,"eval_fn":28,"eval_gr":28,"log_n":28,"failed_clients_n":0,"message":"CONVERGENCE: REL_REDUCTION_OF_F <= FACTR*EPSMCH","result_file":"/project/temp/deferiprone_single_oral_25mgkg_designcheck_20260511/validation/design_change_n403030_wtmclustT10_nomix_site403030_nondesignquota_precisionchol_basefitbootinit_preboot_20260521/runs/scenario1/bootstrap/federated/scenario1/raw_runs/run_20260521-214910/optim_result_trial_135_20260521-220157.json","trace_file":"/project/temp/deferiprone_single_oral_25mgkg_designcheck_20260511/validation/design_change_n403030_wtmclustT10_nomix_site403030_nondesignquota_precisionchol_basefitbootinit_preboot_20260521/runs/scenario1/bootstrap/federated/scenario1/raw_runs/run_20260521-214910/optim_trace_trial_135_20260521-220157.csv","final_file":"/project/temp/deferiprone_single_oral_25mgkg_designcheck_20260511/validation/design_change_n403030_wtmclustT10_nomix_site403030_nondesignquota_precisionchol_basefitbootinit_preboot_20260521/runs/scenario1/bootstrap/federated/scenario1/raw_runs/run_20260521-214910/final_params_trial_135_20260521-220157.csv"}],"info":{"run_id":"20260521-214910","log_base_dir":"/project/temp/deferiprone_single_oral_25mgkg_designcheck_20260511/validation/design_change_n403030_wtmclustT10_nomix_site403030_nondesignquota_precisionchol_basefitbootinit_preboot_20260521/runs/scenario1/bootstrap/federated","scenario":"scenario1/raw_runs","total_trials":5,"successes":5,"failures":0,"nonconverged_count":0,"nonconverged_trials":[],"convergence_missing_count":0,"seed_base":4869,"B_per_client":500,"duration_sec":988.5174734592,"host":"2b7643174d41","image_tag":null,"communication":{"generated_at":"2026-05-21T22:05:33Z","totals":{"requests":777,"request_bytes":865875,"response_bytes":196905,"total_bytes":1062780,"retries":0},"init":{"requests":3,"request_bytes":8139,"response_bytes":1161,"total_bytes":9300,"retries":0,"median_elapsed_sec":0.36421298981},"init_round_latency":{"n_rounds":1,"median_round_wall_sec":0.36917638779,"p95_round_wall_sec":0.36917638779},"run":{"requests":0,"request_bytes":0,"response_bytes":0,"total_bytes":0,"retries":0,"median_elapsed_sec":"NA"},"run_bootstrap":{"requests":774,"request_bytes":857736,"response_bytes":195744,"total_bytes":1053480,"retries":0,"median_elapsed_sec":3.6506924629},"round_latency":{"n_rounds":258,"median_round_wall_sec":3.7692291737,"p95_round_wall_sec":4.0534323215},"timing_split":{"n_rounds":258,"rounds_with_compute":258,"total_round_wall_sec":977.3070375919,"total_round_compute_wall_sec":968.9773,"total_round_comm_overhead_wall_sec":8.3297375919,"comm_overhead_ratio":0.0085231531868,"compute_ratio":0.99147684681}},"communication_files":{"csv":"/project/temp/deferiprone_single_oral_25mgkg_designcheck_20260511/validation/design_change_n403030_wtmclustT10_nomix_site403030_nondesignquota_precisionchol_basefitbootinit_preboot_20260521/runs/scenario1/bootstrap/federated/scenario1/raw_runs/run_20260521-214910/comm_metrics.csv","json":"/project/temp/deferiprone_single_oral_25mgkg_designcheck_20260511/validation/design_change_n403030_wtmclustT10_nomix_site403030_nondesignquota_precisionchol_basefitbootinit_preboot_20260521/runs/scenario1/bootstrap/federated/scenario1/raw_runs/run_20260521-214910/comm_metrics.json"},"output_files":{"bootstrap_summary_csv":"/project/temp/deferiprone_single_oral_25mgkg_designcheck_20260511/validation/design_change_n403030_wtmclustT10_nomix_site403030_nondesignquota_precisionchol_basefitbootinit_preboot_20260521/runs/scenario1/bootstrap/federated/scenario1/raw_runs/run_20260521-214910/bootstrap_summary.csv","bootstrap_summary_json":"/project/temp/deferiprone_single_oral_25mgkg_designcheck_20260511/validation/design_change_n403030_wtmclustT10_nomix_site403030_nondesignquota_precisionchol_basefitbootinit_preboot_20260521/runs/scenario1/bootstrap/federated/scenario1/raw_runs/run_20260521-214910/bootstrap_summary.json","trial_status_csv":"/project/temp/deferiprone_single_oral_25mgkg_designcheck_20260511/validation/design_change_n403030_wtmclustT10_nomix_site403030_nondesignquota_precisionchol_basefitbootinit_preboot_20260521/runs/scenario1/bootstrap/federated/scenario1/raw_runs/run_20260521-214910/trial_status.csv","failed_trials_csv":"/project/temp/deferiprone_single_oral_25mgkg_designcheck_20260511/validation/design_change_n403030_wtmclustT10_nomix_site403030_nondesignquota_precisionchol_basefitbootinit_preboot_20260521/runs/scenario1/bootstrap/federated/scenario1/raw_runs/run_20260521-214910/failed_trials.csv","trial_estimates_wide_csv":"/project/temp/deferiprone_single_oral_25mgkg_designcheck_20260511/validation/design_change_n403030_wtmclustT10_nomix_site403030_nondesignquota_precisionchol_basefitbootinit_preboot_20260521/runs/scenario1/bootstrap/federated/scenario1/raw_runs/run_20260521-214910/trial_estimates_wide.csv","trial_estimates_long_csv":"/project/temp/deferiprone_single_oral_25mgkg_designcheck_20260511/validation/design_change_n403030_wtmclustT10_nomix_site403030_nondesignquota_precisionchol_basefitbootinit_preboot_20260521/runs/scenario1/bootstrap/federated/scenario1/raw_runs/run_20260521-214910/trial_estimates_long.csv","result_json":"/project/temp/deferiprone_single_oral_25mgkg_designcheck_20260511/validation/design_change_n403030_wtmclustT10_nomix_site403030_nondesignquota_precisionchol_basefitbootinit_preboot_20260521/runs/scenario1/bootstrap/federated/scenario1/raw_runs/run_20260521-214910/result.json"}}}
[Kserver-1 exited with code 0
Aborting on container exit...
 Container defboot_design_change_n403030_wtmclu_scenario1_131_135-server-1  Stopping
 Container defboot_design_change_n403030_wtmclu_scenario1_131_135-server-1  Stopped
 Container defboot_design_change_n403030_wtmclu_scenario1_131_135-client1-1  Stopping
 Container defboot_design_change_n403030_wtmclu_scenario1_131_135-client2-1  Stopping
 Container defboot_design_change_n403030_wtmclu_scenario1_131_135-client3-1  Stopping
 Container defboot_design_change_n403030_wtmclu_scenario1_131_135-client2-1  Stopped
 Container defboot_design_change_n403030_wtmclu_scenario1_131_135-client1-1  Stopped
 Container defboot_design_change_n403030_wtmclu_scenario1_131_135-client3-1  Stopped
time="2026-05-22T07:05:43+09:00" level=warning msg="The \"SERVER_CONFIG_PATH\" variable is not set. Defaulting to a blank string."
 Container defboot_design_change_n403030_wtmclu_scenario1_131_135-server-1  Stopping
 Container defboot_design_change_n403030_wtmclu_scenario1_131_135-server-1  Stopped
 Container defboot_design_change_n403030_wtmclu_scenario1_131_135-server-1  Removing
 Container defboot_design_change_n403030_wtmclu_scenario1_131_135-server-1  Removed
 Container defboot_design_change_n403030_wtmclu_scenario1_131_135-client1-1  Stopping
 Container defboot_design_change_n403030_wtmclu_scenario1_131_135-client3-1  Stopping
 Container defboot_design_change_n403030_wtmclu_scenario1_131_135-client2-1  Stopping
 Container defboot_design_change_n403030_wtmclu_scenario1_131_135-client1-1  Stopped
 Container defboot_design_change_n403030_wtmclu_scenario1_131_135-client1-1  Removing
 Container defboot_design_change_n403030_wtmclu_scenario1_131_135-client3-1  Stopped
 Container defboot_design_change_n403030_wtmclu_scenario1_131_135-client3-1  Removing
 Container defboot_design_change_n403030_wtmclu_scenario1_131_135-client2-1  Stopped
 Container defboot_design_change_n403030_wtmclu_scenario1_131_135-client2-1  Removing
 Container defboot_design_change_n403030_wtmclu_scenario1_131_135-client1-1  Removed
 Container defboot_design_change_n403030_wtmclu_scenario1_131_135-client3-1  Removed
 Container defboot_design_change_n403030_wtmclu_scenario1_131_135-client2-1  Removed
 Network defboot_design_change_n403030_wtmclu_scenario1_131_135_site2_net  Removing
 Network defboot_design_change_n403030_wtmclu_scenario1_131_135_site1_net  Removing
 Network defboot_design_change_n403030_wtmclu_scenario1_131_135_site3_net  Removing
 Network defboot_design_change_n403030_wtmclu_scenario1_131_135_site2_net  Removed
 Network defboot_design_change_n403030_wtmclu_scenario1_131_135_site1_net  Removed
 Network defboot_design_change_n403030_wtmclu_scenario1_131_135_site3_net  Removed
