time="2026-05-22T18:22:13+09:00" level=warning msg="The \"SERVER_CONFIG_PATH\" variable is not set. Defaulting to a blank string."
Compose now can delegate build to bake for better performances
Just set COMPOSE_BAKE=true
#0 building with "default" instance using docker driver

#1 [client3 internal] load build definition from Dockerfile.app
#1 transferring dockerfile: 778B done
#1 DONE 0.0s

#2 [client2 internal] load build definition from Dockerfile.app
#2 transferring dockerfile: 778B done
#2 DONE 0.0s

#3 [client1 internal] load build definition from Dockerfile.app
#3 transferring dockerfile: 778B done
#3 DONE 0.0s

#4 [client1 internal] load metadata for docker.io/fedpoppk/base:0.1.0
#4 DONE 0.0s

#5 [client3 internal] load .dockerignore
#5 transferring context: 2B done
#5 DONE 0.0s

#6 [client2 internal] load .dockerignore
#6 transferring context: 2B done
#6 DONE 0.0s

#7 [client1 internal] load .dockerignore
#7 transferring context: 2B done
#7 DONE 0.0s

#8 [client1 1/8] FROM docker.io/fedpoppk/base:0.1.0
#8 DONE 0.0s

#9 [client3 internal] load build context
#9 transferring context: 736.51kB 0.3s done
#9 DONE 0.3s

#10 [client1 internal] load build context
#10 transferring context: 736.51kB 0.3s done
#10 DONE 0.3s

#11 [client2 internal] load build context
#11 transferring context: 736.51kB 0.3s done
#11 DONE 0.3s

#12 [client3 4/8] RUN Rscript -e "options(renv.consent=TRUE, Ncpus=parallel::detectCores());                 renv::restore(prompt=FALSE)"
#12 CACHED

#13 [client3 5/8] COPY apps/ apps/
#13 CACHED

#14 [client3 6/8] COPY R/ R/
#14 CACHED

#15 [client3 7/8] COPY analysis/ analysis/
#15 CACHED

#16 [client3 3/8] COPY renv.lock .Rprofile renv/activate.R ./
#16 CACHED

#17 [client3 2/8] WORKDIR /project
#17 CACHED

#18 [client3 8/8] RUN mkdir -p /project/configs/modes /project/data /project/artifacts /project/result
#18 CACHED

#19 [client2] exporting to image
#19 exporting layers done
#19 writing image sha256:428d58792d05c7568ca415d67518bf6298b912910250736b9de5b7e5e93e2030 done
#19 naming to docker.io/library/defboot_design_change_n403030_wtmclu_scenario1_361_365-client2 0.0s done
#19 DONE 0.0s

#20 [client1] exporting to image
#20 exporting layers done
#20 writing image sha256:5099879349d3a0fc8894edde8208c78282daafe9dd8327ff554ee3947fc71ab0 done
#20 naming to docker.io/library/defboot_design_change_n403030_wtmclu_scenario1_361_365-client1 0.1s done
#20 DONE 0.1s

#21 [client3] exporting to image
#21 exporting layers done
#21 writing image sha256:a91e81fe935be55802de3c5726eabe241afb3fd6c2deb44058125411f6b62d22 done
#21 naming to docker.io/library/defboot_design_change_n403030_wtmclu_scenario1_361_365-client3 0.1s done
#21 DONE 0.1s

#22 [client2] resolving provenance for metadata file
#22 DONE 0.0s

#23 [client1] resolving provenance for metadata file
#23 DONE 0.0s

#24 [client3] resolving provenance for metadata file
#24 DONE 0.0s

#25 [server internal] load build definition from Dockerfile.app
#25 transferring dockerfile: 778B done
#25 DONE 0.0s

#4 [server internal] load metadata for docker.io/fedpoppk/base:0.1.0
#4 DONE 0.0s

#26 [server internal] load .dockerignore
#26 transferring context: 2B done
#26 DONE 0.0s

#8 [server 1/8] FROM docker.io/fedpoppk/base:0.1.0
#8 DONE 0.0s

#27 [server internal] load build context
#27 transferring context: 736.51kB 0.3s done
#27 DONE 0.4s

#28 [server 6/8] COPY R/ R/
#28 CACHED

#29 [server 5/8] COPY apps/ apps/
#29 CACHED

#30 [server 4/8] RUN Rscript -e "options(renv.consent=TRUE, Ncpus=parallel::detectCores());                 renv::restore(prompt=FALSE)"
#30 CACHED

#17 [server 2/8] WORKDIR /project
#17 CACHED

#31 [server 3/8] COPY renv.lock .Rprofile renv/activate.R ./
#31 CACHED

#32 [server 7/8] COPY analysis/ analysis/
#32 CACHED

#33 [server 8/8] RUN mkdir -p /project/configs/modes /project/data /project/artifacts /project/result
#33 CACHED

#34 [server] exporting to image
#34 exporting layers done
#34 writing image sha256:bd81e8ef65c27be0326572b76bfd6f5f3035eee33dbfd3024e96c9479973ae70 done
#34 naming to docker.io/library/defboot_design_change_n403030_wtmclu_scenario1_361_365-server 0.0s done
#34 DONE 0.0s

#35 [server] resolving provenance for metadata file
#35 DONE 0.0s
 client1  Built
 client2  Built
 client3  Built
 server  Built
 Network defboot_design_change_n403030_wtmclu_scenario1_361_365_site3_net  Creating
 Network defboot_design_change_n403030_wtmclu_scenario1_361_365_site3_net  Created
 Network defboot_design_change_n403030_wtmclu_scenario1_361_365_site2_net  Creating
 Network defboot_design_change_n403030_wtmclu_scenario1_361_365_site2_net  Created
 Network defboot_design_change_n403030_wtmclu_scenario1_361_365_site1_net  Creating
 Network defboot_design_change_n403030_wtmclu_scenario1_361_365_site1_net  Created
 Container defboot_design_change_n403030_wtmclu_scenario1_361_365-client2-1  Creating
 Container defboot_design_change_n403030_wtmclu_scenario1_361_365-client3-1  Creating
 Container defboot_design_change_n403030_wtmclu_scenario1_361_365-client1-1  Creating
 Container defboot_design_change_n403030_wtmclu_scenario1_361_365-client2-1  Created
 Container defboot_design_change_n403030_wtmclu_scenario1_361_365-client3-1  Created
 Container defboot_design_change_n403030_wtmclu_scenario1_361_365-client1-1  Created
 Container defboot_design_change_n403030_wtmclu_scenario1_361_365-server-1  Creating
 Container defboot_design_change_n403030_wtmclu_scenario1_361_365-server-1  Created
Attaching to client1-1, client2-1, client3-1, server-1
client3-1  | Running plumber API at http://0.0.0.0:8000
client3-1  | Running swagger Docs at http://127.0.0.1:8000/__docs__/
client2-1  | Running plumber API at http://0.0.0.0:8000
client1-1  | Running plumber API at http://0.0.0.0:8000
client2-1  | Running swagger Docs at http://127.0.0.1:8000/__docs__/
client1-1  | Running swagger Docs at http://127.0.0.1:8000/__docs__/
client3-1  | ℹ parameter labels from comments are typically ignored in non-interactive mode
client1-1  | ℹ parameter labels from comments are typically ignored in non-interactive mode
client2-1  | ℹ parameter labels from comments are typically ignored in non-interactive mode
client1-1  | ℹ Need to run with the source intact to parse comments
client3-1  | ℹ Need to run with the source intact to parse comments
client2-1  | ℹ Need to run with the source intact to parse comments
server-1   | [send_init] http://client1:8000 init succeeded
server-1   | [send_init] http://client2:8000 init succeeded
server-1   | [send_init] http://client3:8000 init succeeded
server-1   | {"schema":{"schema_version":"1.1.0","generated_at":"2026-05-22T09:22:22Z","config_path":"/project/configs/../temp/deferiprone_single_oral_25mgkg_designcheck_20260511/validation/design_change_n403030_wtmclustT10_nomix_site403030_nondesignquota_precisionchol_basefitbootinit_preboot_20260521/configs/resolved/scenario1_bootstrap.json","config_md5":"9d7556058a6c3cb18af9ad7ffdd7076b","seed":4869,"host":"2ed6e894b748","pid":1,"image_tag":null,"git_sha":null,"git_dirty":null},"aggregation":{"ci_method":"percentile","ci_level":0.95,"quantile_type":7,"estimates_scale":"natural"},"summary":[{"parameter":"(etaLcl,etaLvc)","median":0.062600171578,"p2.5":0.042975882859,"p97.5":0.071029264716},{"parameter":"CcPropSd","median":0.35979344995,"p2.5":0.34910975397,"p97.5":0.39620659288},{"parameter":"etaLcl","median":0.095751668955,"p2.5":0.094502274669,"p97.5":0.1365209075},{"parameter":"etaLvc","median":0.036662324027,"p2.5":0.021181890989,"p97.5":0.042081189559},{"parameter":"lcl","median":2.184611553,"p2.5":2.1250793169,"p97.5":2.2013097737},{"parameter":"lka","median":2.2805826796,"p2.5":2.0431914362,"p97.5":2.5771704208},{"parameter":"lvc","median":2.968294742,"p2.5":2.9328398222,"p97.5":2.9761165021},{"parameter":"rho_(etaLcl,etaLvc)","median":0.97912193636,"p2.5":0.96365625983,"p97.5":0.98171570837}],"runs":[{"tag":"trial_361_20260522-092222","value":2297.327,"counts":[17,17],"control":{"maxit":100,"factr":1000000000,"pgtol":0,"trace":0,"method":"L-BFGS-B"},"convergence":0,"message":"CONVERGENCE: REL_REDUCTION_OF_F <= FACTR*EPSMCH","nat_par":{"lka":2.0412957854,"lcl":2.1224111661,"lvc":2.930903817,"CcPropSd":0.39966889778,"etaLcl":0.095476836747,"etaLvc":0.036662324027,"(etaLcl,etaLvc)":0.057928967426,"rho_(etaLcl,etaLvc)":0.97912193636},"failed_clients":[],"attempt":1,"files":{"result":"/project/temp/deferiprone_single_oral_25mgkg_designcheck_20260511/validation/design_change_n403030_wtmclustT10_nomix_site403030_nondesignquota_precisionchol_basefitbootinit_preboot_20260521/runs/scenario1/bootstrap/federated/scenario1/raw_runs/run_20260522-092222/optim_result_trial_361_20260522-092222.json","trace":"/project/temp/deferiprone_single_oral_25mgkg_designcheck_20260511/validation/design_change_n403030_wtmclustT10_nomix_site403030_nondesignquota_precisionchol_basefitbootinit_preboot_20260521/runs/scenario1/bootstrap/federated/scenario1/raw_runs/run_20260522-092222/optim_trace_trial_361_20260522-092222.csv","final":"/project/temp/deferiprone_single_oral_25mgkg_designcheck_20260511/validation/design_change_n403030_wtmclustT10_nomix_site403030_nondesignquota_precisionchol_basefitbootinit_preboot_20260521/runs/scenario1/bootstrap/federated/scenario1/raw_runs/run_20260522-092222/final_params_trial_361_20260522-092222.csv"},"log_n":17,"execution_state":"completed","trial":361,"attempts":1},{"tag":"trial_362_20260522-092431","value":2197.8995,"counts":[20,20],"control":{"maxit":100,"factr":1000000000,"pgtol":0,"trace":0,"method":"L-BFGS-B"},"convergence":0,"message":"CONVERGENCE: REL_REDUCTION_OF_F <= FACTR*EPSMCH","nat_par":{"lka":2.2805826796,"lcl":2.184611553,"lvc":2.9744900962,"CcPropSd":0.35006329311,"etaLcl":0.095751668955,"etaLvc":0.042451123133,"(etaLcl,etaLvc)":0.062600171578,"rho_(etaLcl,etaLvc)":0.98187850993},"failed_clients":[],"attempt":1,"files":{"result":"/project/temp/deferiprone_single_oral_25mgkg_designcheck_20260511/validation/design_change_n403030_wtmclustT10_nomix_site403030_nondesignquota_precisionchol_basefitbootinit_preboot_20260521/runs/scenario1/bootstrap/federated/scenario1/raw_runs/run_20260522-092222/optim_result_trial_362_20260522-092431.json","trace":"/project/temp/deferiprone_single_oral_25mgkg_designcheck_20260511/validation/design_change_n403030_wtmclustT10_nomix_site403030_nondesignquota_precisionchol_basefitbootinit_preboot_20260521/runs/scenario1/bootstrap/federated/scenario1/raw_runs/run_20260522-092222/optim_trace_trial_362_20260522-092431.csv","final":"/project/temp/deferiprone_single_oral_25mgkg_designcheck_20260511/validation/design_change_n403030_wtmclustT10_nomix_site403030_nondesignquota_precisionchol_basefitbootinit_preboot_20260521/runs/scenario1/bootstrap/federated/scenario1/raw_runs/run_20260522-092222/final_params_trial_362_20260522-092431.csv"},"log_n":20,"execution_state":"completed","trial":362,"attempts":1},{"tag":"trial_363_20260522-092702","value":2183.5184,"counts":[21,21],"control":{"maxit":100,"factr":1000000000,"pgtol":0,"trace":0,"method":"L-BFGS-B"},"convergence":0,"message":"CONVERGENCE: REL_REDUCTION_OF_F <= FACTR*EPSMCH","nat_par":{"lka":2.2910952404,"lcl":2.2018621598,"lvc":2.9502638694,"CcPropSd":0.34900380518,"etaLcl":0.094393989994,"etaLvc":0.019540168292,"(etaLcl,etaLvc)":0.041314429018,"rho_(etaLcl,etaLvc)":0.96197864924},"failed_clients":[],"attempt":1,"files":{"result":"/project/temp/deferiprone_single_oral_25mgkg_designcheck_20260511/validation/design_change_n403030_wtmclustT10_nomix_site403030_nondesignquota_precisionchol_basefitbootinit_preboot_20260521/runs/scenario1/bootstrap/federated/scenario1/raw_runs/run_20260522-092222/optim_result_trial_363_20260522-092702.json","trace":"/project/temp/deferiprone_single_oral_25mgkg_designcheck_20260511/validation/design_change_n403030_wtmclustT10_nomix_site403030_nondesignquota_precisionchol_basefitbootinit_preboot_20260521/runs/scenario1/bootstrap/federated/scenario1/raw_runs/run_20260522-092222/optim_trace_trial_363_20260522-092702.csv","final":"/project/temp/deferiprone_single_oral_25mgkg_designcheck_20260511/validation/design_change_n403030_wtmclustT10_nomix_site403030_nondesignquota_precisionchol_basefitbootinit_preboot_20260521/runs/scenario1/bootstrap/federated/scenario1/raw_runs/run_20260522-092222/final_params_trial_363_20260522-092702.csv"},"log_n":21,"execution_state":"completed","trial":363,"attempts":1},{"tag":"trial_364_20260522-092942","value":2262.6157,"counts":[24,24],"control":{"maxit":100,"factr":1000000000,"pgtol":0,"trace":0,"method":"L-BFGS-B"},"convergence":0,"message":"CONVERGENCE: REL_REDUCTION_OF_F <= FACTR*EPSMCH","nat_par":{"lka":2.608956552,"lcl":2.1490926744,"lvc":2.968294742,"CcPropSd":0.36504584873,"etaLcl":0.13819471538,"etaLvc":0.038751787388,"(etaLcl,etaLvc)":0.071734596077,"rho_(etaLcl,etaLvc)":0.98025049434},"failed_clients":[],"attempt":1,"files":{"result":"/project/temp/deferiprone_single_oral_25mgkg_designcheck_20260511/validation/design_change_n403030_wtmclustT10_nomix_site403030_nondesignquota_precisionchol_basefitbootinit_preboot_20260521/runs/scenario1/bootstrap/federated/scenario1/raw_runs/run_20260522-092222/optim_result_trial_364_20260522-092942.json","trace":"/project/temp/deferiprone_single_oral_25mgkg_designcheck_20260511/validation/design_change_n403030_wtmclustT10_nomix_site403030_nondesignquota_precisionchol_basefitbootinit_preboot_20260521/runs/scenario1/bootstrap/federated/scenario1/raw_runs/run_20260522-092222/optim_trace_trial_364_20260522-092942.csv","final":"/project/temp/deferiprone_single_oral_25mgkg_designcheck_20260511/validation/design_change_n403030_wtmclustT10_nomix_site403030_nondesignquota_precisionchol_basefitbootinit_preboot_20260521/runs/scenario1/bootstrap/federated/scenario1/raw_runs/run_20260522-092222/final_params_trial_364_20260522-092942.csv"},"log_n":24,"execution_state":"completed","trial":364,"attempts":1},{"tag":"trial_365_20260522-093246","value":2210.517,"counts":[22,22],"control":{"maxit":100,"factr":1000000000,"pgtol":0,"trace":0,"method":"L-BFGS-B"},"convergence":0,"message":"CONVERGENCE: REL_REDUCTION_OF_F <= FACTR*EPSMCH","nat_par":{"lka":2.060252293,"lcl":2.1963382995,"lvc":2.9762972138,"CcPropSd":0.35979344995,"etaLcl":0.1214566366,"etaLvc":0.035957395263,"(etaLcl,etaLvc)":0.064681282464,"rho_(etaLcl,etaLvc)":0.97875475512},"failed_clients":[],"attempt":1,"files":{"result":"/project/temp/deferiprone_single_oral_25mgkg_designcheck_20260511/validation/design_change_n403030_wtmclustT10_nomix_site403030_nondesignquota_precisionchol_basefitbootinit_preboot_20260521/runs/scenario1/bootstrap/federated/scenario1/raw_runs/run_20260522-092222/optim_result_trial_365_20260522-093246.json","trace":"/project/temp/deferiprone_single_oral_25mgkg_designcheck_20260511/validation/design_change_n403030_wtmclustT10_nomix_site403030_nondesignquota_precisionchol_basefitbootinit_preboot_20260521/runs/scenario1/bootstrap/federated/scenario1/raw_runs/run_20260522-092222/optim_trace_trial_365_20260522-093246.csv","final":"/project/temp/deferiprone_single_oral_25mgkg_designcheck_20260511/validation/design_change_n403030_wtmclustT10_nomix_site403030_nondesignquota_precisionchol_basefitbootinit_preboot_20260521/runs/scenario1/bootstrap/federated/scenario1/raw_runs/run_20260522-092222/final_params_trial_365_20260522-093246.csv"},"log_n":22,"execution_state":"completed","trial":365,"attempts":1}],"trial_status":[{"trial":361,"execution_state":"completed","converged":true,"attempts":1,"convergence":0,"value":2297.327,"eval_fn":17,"eval_gr":17,"log_n":17,"failed_clients_n":0,"message":"CONVERGENCE: REL_REDUCTION_OF_F <= FACTR*EPSMCH","result_file":"/project/temp/deferiprone_single_oral_25mgkg_designcheck_20260511/validation/design_change_n403030_wtmclustT10_nomix_site403030_nondesignquota_precisionchol_basefitbootinit_preboot_20260521/runs/scenario1/bootstrap/federated/scenario1/raw_runs/run_20260522-092222/optim_result_trial_361_20260522-092222.json","trace_file":"/project/temp/deferiprone_single_oral_25mgkg_designcheck_20260511/validation/design_change_n403030_wtmclustT10_nomix_site403030_nondesignquota_precisionchol_basefitbootinit_preboot_20260521/runs/scenario1/bootstrap/federated/scenario1/raw_runs/run_20260522-092222/optim_trace_trial_361_20260522-092222.csv","final_file":"/project/temp/deferiprone_single_oral_25mgkg_designcheck_20260511/validation/design_change_n403030_wtmclustT10_nomix_site403030_nondesignquota_precisionchol_basefitbootinit_preboot_20260521/runs/scenario1/bootstrap/federated/scenario1/raw_runs/run_20260522-092222/final_params_trial_361_20260522-092222.csv"},{"trial":362,"execution_state":"completed","converged":true,"attempts":1,"convergence":0,"value":2197.8995,"eval_fn":20,"eval_gr":20,"log_n":20,"failed_clients_n":0,"message":"CONVERGENCE: REL_REDUCTION_OF_F <= FACTR*EPSMCH","result_file":"/project/temp/deferiprone_single_oral_25mgkg_designcheck_20260511/validation/design_change_n403030_wtmclustT10_nomix_site403030_nondesignquota_precisionchol_basefitbootinit_preboot_20260521/runs/scenario1/bootstrap/federated/scenario1/raw_runs/run_20260522-092222/optim_result_trial_362_20260522-092431.json","trace_file":"/project/temp/deferiprone_single_oral_25mgkg_designcheck_20260511/validation/design_change_n403030_wtmclustT10_nomix_site403030_nondesignquota_precisionchol_basefitbootinit_preboot_20260521/runs/scenario1/bootstrap/federated/scenario1/raw_runs/run_20260522-092222/optim_trace_trial_362_20260522-092431.csv","final_file":"/project/temp/deferiprone_single_oral_25mgkg_designcheck_20260511/validation/design_change_n403030_wtmclustT10_nomix_site403030_nondesignquota_precisionchol_basefitbootinit_preboot_20260521/runs/scenario1/bootstrap/federated/scenario1/raw_runs/run_20260522-092222/final_params_trial_362_20260522-092431.csv"},{"trial":363,"execution_state":"completed","converged":true,"attempts":1,"convergence":0,"value":2183.5184,"eval_fn":21,"eval_gr":21,"log_n":21,"failed_clients_n":0,"message":"CONVERGENCE: REL_REDUCTION_OF_F <= FACTR*EPSMCH","result_file":"/project/temp/deferiprone_single_oral_25mgkg_designcheck_20260511/validation/design_change_n403030_wtmclustT10_nomix_site403030_nondesignquota_precisionchol_basefitbootinit_preboot_20260521/runs/scenario1/bootstrap/federated/scenario1/raw_runs/run_20260522-092222/optim_result_trial_363_20260522-092702.json","trace_file":"/project/temp/deferiprone_single_oral_25mgkg_designcheck_20260511/validation/design_change_n403030_wtmclustT10_nomix_site403030_nondesignquota_precisionchol_basefitbootinit_preboot_20260521/runs/scenario1/bootstrap/federated/scenario1/raw_runs/run_20260522-092222/optim_trace_trial_363_20260522-092702.csv","final_file":"/project/temp/deferiprone_single_oral_25mgkg_designcheck_20260511/validation/design_change_n403030_wtmclustT10_nomix_site403030_nondesignquota_precisionchol_basefitbootinit_preboot_20260521/runs/scenario1/bootstrap/federated/scenario1/raw_runs/run_20260522-092222/final_params_trial_363_20260522-092702.csv"},{"trial":364,"execution_state":"completed","converged":true,"attempts":1,"convergence":0,"value":2262.6157,"eval_fn":24,"eval_gr":24,"log_n":24,"failed_clients_n":0,"message":"CONVERGENCE: REL_REDUCTION_OF_F <= FACTR*EPSMCH","result_file":"/project/temp/deferiprone_single_oral_25mgkg_designcheck_20260511/validation/design_change_n403030_wtmclustT10_nomix_site403030_nondesignquota_precisionchol_basefitbootinit_preboot_20260521/runs/scenario1/bootstrap/federated/scenario1/raw_runs/run_20260522-092222/optim_result_trial_364_20260522-092942.json","trace_file":"/project/temp/deferiprone_single_oral_25mgkg_designcheck_20260511/validation/design_change_n403030_wtmclustT10_nomix_site403030_nondesignquota_precisionchol_basefitbootinit_preboot_20260521/runs/scenario1/bootstrap/federated/scenario1/raw_runs/run_20260522-092222/optim_trace_trial_364_20260522-092942.csv","final_file":"/project/temp/deferiprone_single_oral_25mgkg_designcheck_20260511/validation/design_change_n403030_wtmclustT10_nomix_site403030_nondesignquota_precisionchol_basefitbootinit_preboot_20260521/runs/scenario1/bootstrap/federated/scenario1/raw_runs/run_20260522-092222/final_params_trial_364_20260522-092942.csv"},{"trial":365,"execution_state":"completed","converged":true,"attempts":1,"convergence":0,"value":2210.517,"eval_fn":22,"eval_gr":22,"log_n":22,"failed_clients_n":0,"message":"CONVERGENCE: REL_REDUCTION_OF_F <= FACTR*EPSMCH","result_file":"/project/temp/deferiprone_single_oral_25mgkg_designcheck_20260511/validation/design_change_n403030_wtmclustT10_nomix_site403030_nondesignquota_precisionchol_basefitbootinit_preboot_20260521/runs/scenario1/bootstrap/federated/scenario1/raw_runs/run_20260522-092222/optim_result_trial_365_20260522-093246.json","trace_file":"/project/temp/deferiprone_single_oral_25mgkg_designcheck_20260511/validation/design_change_n403030_wtmclustT10_nomix_site403030_nondesignquota_precisionchol_basefitbootinit_preboot_20260521/runs/scenario1/bootstrap/federated/scenario1/raw_runs/run_20260522-092222/optim_trace_trial_365_20260522-093246.csv","final_file":"/project/temp/deferiprone_single_oral_25mgkg_designcheck_20260511/validation/design_change_n403030_wtmclustT10_nomix_site403030_nondesignquota_precisionchol_basefitbootinit_preboot_20260521/runs/scenario1/bootstrap/federated/scenario1/raw_runs/run_20260522-092222/final_params_trial_365_20260522-093246.csv"}],"info":{"run_id":"20260522-092222","log_base_dir":"/project/temp/deferiprone_single_oral_25mgkg_designcheck_20260511/validation/design_change_n403030_wtmclustT10_nomix_site403030_nondesignquota_precisionchol_basefitbootinit_preboot_20260521/runs/scenario1/bootstrap/federated","scenario":"scenario1/raw_runs","total_trials":5,"successes":5,"failures":0,"nonconverged_count":0,"nonconverged_trials":[],"convergence_missing_count":0,"seed_base":4869,"B_per_client":500,"duration_sec":797.1872513294,"host":"2ed6e894b748","image_tag":null,"communication":{"generated_at":"2026-05-22T09:35:33Z","totals":{"requests":627,"request_bytes":699855,"response_bytes":159089,"total_bytes":858944,"retries":0},"init":{"requests":3,"request_bytes":8139,"response_bytes":1161,"total_bytes":9300,"retries":0,"median_elapsed_sec":0.36960482597},"init_round_latency":{"n_rounds":1,"median_round_wall_sec":0.37291026115,"p95_round_wall_sec":0.37291026115},"run":{"requests":0,"request_bytes":0,"response_bytes":0,"total_bytes":0,"retries":0,"median_elapsed_sec":"NA"},"run_bootstrap":{"requests":624,"request_bytes":691716,"response_bytes":157928,"total_bytes":849644,"retries":0,"median_elapsed_sec":3.6368708611},"round_latency":{"n_rounds":208,"median_round_wall_sec":3.7587953806,"p95_round_wall_sec":4.0188413143},"timing_split":{"n_rounds":208,"rounds_with_compute":208,"total_round_wall_sec":786.9780962467,"total_round_compute_wall_sec":780.1215,"total_round_comm_overhead_wall_sec":6.8565962467,"comm_overhead_ratio":0.0087125630045,"compute_ratio":0.991287437}},"communication_files":{"csv":"/project/temp/deferiprone_single_oral_25mgkg_designcheck_20260511/validation/design_change_n403030_wtmclustT10_nomix_site403030_nondesignquota_precisionchol_basefitbootinit_preboot_20260521/runs/scenario1/bootstrap/federated/scenario1/raw_runs/run_20260522-092222/comm_metrics.csv","json":"/project/temp/deferiprone_single_oral_25mgkg_designcheck_20260511/validation/design_change_n403030_wtmclustT10_nomix_site403030_nondesignquota_precisionchol_basefitbootinit_preboot_20260521/runs/scenario1/bootstrap/federated/scenario1/raw_runs/run_20260522-092222/comm_metrics.json"},"output_files":{"bootstrap_summary_csv":"/project/temp/deferiprone_single_oral_25mgkg_designcheck_20260511/validation/design_change_n403030_wtmclustT10_nomix_site403030_nondesignquota_precisionchol_basefitbootinit_preboot_20260521/runs/scenario1/bootstrap/federated/scenario1/raw_runs/run_20260522-092222/bootstrap_summary.csv","bootstrap_summary_json":"/project/temp/deferiprone_single_oral_25mgkg_designcheck_20260511/validation/design_change_n403030_wtmclustT10_nomix_site403030_nondesignquota_precisionchol_basefitbootinit_preboot_20260521/runs/scenario1/bootstrap/federated/scenario1/raw_runs/run_20260522-092222/bootstrap_summary.json","trial_status_csv":"/project/temp/deferiprone_single_oral_25mgkg_designcheck_20260511/validation/design_change_n403030_wtmclustT10_nomix_site403030_nondesignquota_precisionchol_basefitbootinit_preboot_20260521/runs/scenario1/bootstrap/federated/scenario1/raw_runs/run_20260522-092222/trial_status.csv","failed_trials_csv":"/project/temp/deferiprone_single_oral_25mgkg_designcheck_20260511/validation/design_change_n403030_wtmclustT10_nomix_site403030_nondesignquota_precisionchol_basefitbootinit_preboot_20260521/runs/scenario1/bootstrap/federated/scenario1/raw_runs/run_20260522-092222/failed_trials.csv","trial_estimates_wide_csv":"/project/temp/deferiprone_single_oral_25mgkg_designcheck_20260511/validation/design_change_n403030_wtmclustT10_nomix_site403030_nondesignquota_precisionchol_basefitbootinit_preboot_20260521/runs/scenario1/bootstrap/federated/scenario1/raw_runs/run_20260522-092222/trial_estimates_wide.csv","trial_estimates_long_csv":"/project/temp/deferiprone_single_oral_25mgkg_designcheck_20260511/validation/design_change_n403030_wtmclustT10_nomix_site403030_nondesignquota_precisionchol_basefitbootinit_preboot_20260521/runs/scenario1/bootstrap/federated/scenario1/raw_runs/run_20260522-092222/trial_estimates_long.csv","result_json":"/project/temp/deferiprone_single_oral_25mgkg_designcheck_20260511/validation/design_change_n403030_wtmclustT10_nomix_site403030_nondesignquota_precisionchol_basefitbootinit_preboot_20260521/runs/scenario1/bootstrap/federated/scenario1/raw_runs/run_20260522-092222/result.json"}}}
[Kserver-1 exited with code 0
Aborting on container exit...
 Container defboot_design_change_n403030_wtmclu_scenario1_361_365-server-1  Stopping
 Container defboot_design_change_n403030_wtmclu_scenario1_361_365-server-1  Stopped
 Container defboot_design_change_n403030_wtmclu_scenario1_361_365-client2-1  Stopping
 Container defboot_design_change_n403030_wtmclu_scenario1_361_365-client3-1  Stopping
 Container defboot_design_change_n403030_wtmclu_scenario1_361_365-client1-1  Stopping
 Container defboot_design_change_n403030_wtmclu_scenario1_361_365-client3-1  Stopped
 Container defboot_design_change_n403030_wtmclu_scenario1_361_365-client2-1  Stopped
 Container defboot_design_change_n403030_wtmclu_scenario1_361_365-client1-1  Stopped
time="2026-05-22T18:35:44+09:00" level=warning msg="The \"SERVER_CONFIG_PATH\" variable is not set. Defaulting to a blank string."
 Container defboot_design_change_n403030_wtmclu_scenario1_361_365-server-1  Stopping
 Container defboot_design_change_n403030_wtmclu_scenario1_361_365-server-1  Stopped
 Container defboot_design_change_n403030_wtmclu_scenario1_361_365-server-1  Removing
 Container defboot_design_change_n403030_wtmclu_scenario1_361_365-server-1  Removed
 Container defboot_design_change_n403030_wtmclu_scenario1_361_365-client2-1  Stopping
 Container defboot_design_change_n403030_wtmclu_scenario1_361_365-client3-1  Stopping
 Container defboot_design_change_n403030_wtmclu_scenario1_361_365-client1-1  Stopping
 Container defboot_design_change_n403030_wtmclu_scenario1_361_365-client2-1  Stopped
 Container defboot_design_change_n403030_wtmclu_scenario1_361_365-client2-1  Removing
 Container defboot_design_change_n403030_wtmclu_scenario1_361_365-client3-1  Stopped
 Container defboot_design_change_n403030_wtmclu_scenario1_361_365-client3-1  Removing
 Container defboot_design_change_n403030_wtmclu_scenario1_361_365-client1-1  Stopped
 Container defboot_design_change_n403030_wtmclu_scenario1_361_365-client1-1  Removing
 Container defboot_design_change_n403030_wtmclu_scenario1_361_365-client1-1  Removed
 Container defboot_design_change_n403030_wtmclu_scenario1_361_365-client2-1  Removed
 Container defboot_design_change_n403030_wtmclu_scenario1_361_365-client3-1  Removed
 Network defboot_design_change_n403030_wtmclu_scenario1_361_365_site2_net  Removing
 Network defboot_design_change_n403030_wtmclu_scenario1_361_365_site1_net  Removing
 Network defboot_design_change_n403030_wtmclu_scenario1_361_365_site3_net  Removing
 Network defboot_design_change_n403030_wtmclu_scenario1_361_365_site2_net  Removed
 Network defboot_design_change_n403030_wtmclu_scenario1_361_365_site1_net  Removed
 Network defboot_design_change_n403030_wtmclu_scenario1_361_365_site3_net  Removed
