time="2026-05-22T23:11:48+09:00" level=warning msg="The \"SERVER_CONFIG_PATH\" variable is not set. Defaulting to a blank string."
Compose now can delegate build to bake for better performances
Just set COMPOSE_BAKE=true
#0 building with "default" instance using docker driver

#1 [client2 internal] load build definition from Dockerfile.app
#1 transferring dockerfile: 778B done
#1 DONE 0.0s

#2 [client3 internal] load build definition from Dockerfile.app
#2 transferring dockerfile: 778B done
#2 DONE 0.0s

#3 [client1 internal] load build definition from Dockerfile.app
#3 transferring dockerfile: 778B done
#3 DONE 0.0s

#4 [client1 internal] load metadata for docker.io/fedpoppk/base:0.1.0
#4 DONE 0.0s

#5 [client2 internal] load .dockerignore
#5 transferring context: 2B done
#5 DONE 0.0s

#6 [client3 internal] load .dockerignore
#6 transferring context: 2B done
#6 DONE 0.0s

#7 [client1 internal] load .dockerignore
#7 transferring context: 2B done
#7 DONE 0.0s

#8 [client1 1/8] FROM docker.io/fedpoppk/base:0.1.0
#8 DONE 0.0s

#9 [client2 internal] load build context
#9 transferring context: 736.51kB 0.3s done
#9 DONE 0.3s

#10 [client3 internal] load build context
#10 transferring context: 736.51kB 0.3s done
#10 DONE 0.3s

#11 [client1 internal] load build context
#11 transferring context: 736.51kB 0.3s done
#11 DONE 0.3s

#12 [client3 2/8] WORKDIR /project
#12 CACHED

#13 [client3 4/8] RUN Rscript -e "options(renv.consent=TRUE, Ncpus=parallel::detectCores());                 renv::restore(prompt=FALSE)"
#13 CACHED

#14 [client3 5/8] COPY apps/ apps/
#14 CACHED

#15 [client3 7/8] COPY analysis/ analysis/
#15 CACHED

#16 [client3 3/8] COPY renv.lock .Rprofile renv/activate.R ./
#16 CACHED

#17 [client3 6/8] COPY R/ R/
#17 CACHED

#18 [client1 8/8] RUN mkdir -p /project/configs/modes /project/data /project/artifacts /project/result
#18 CACHED

#19 [client3] exporting to image
#19 exporting layers done
#19 writing image sha256:663fcc0ba734ae0c9641f051dae9fb5b2048b3c5ab0d3029a0019722f8e297aa done
#19 naming to docker.io/library/defboot_design_change_n403030_wtmclu_scenario1_451_455-client3 0.0s done
#19 DONE 0.0s

#20 [client1] exporting to image
#20 exporting layers done
#20 writing image sha256:e6122b203d7979ae249d00203b0cb8857b4d21da689b22592a7187b30ea4e8b8 done
#20 naming to docker.io/library/defboot_design_change_n403030_wtmclu_scenario1_451_455-client1 0.0s done
#20 DONE 0.0s

#21 [client2] exporting to image
#21 exporting layers done
#21 writing image sha256:2bacc49dea9e88ef1271514930216d2b5389a706d5e25ff3e01bd3c81a760d4a done
#21 naming to docker.io/library/defboot_design_change_n403030_wtmclu_scenario1_451_455-client2 0.0s done
#21 DONE 0.1s

#22 [client3] resolving provenance for metadata file
#22 DONE 0.0s

#23 [client1] resolving provenance for metadata file
#23 DONE 0.0s

#24 [client2] resolving provenance for metadata file
#24 DONE 0.0s

#25 [server internal] load build definition from Dockerfile.app
#25 transferring dockerfile: 778B done
#25 DONE 0.0s

#4 [server internal] load metadata for docker.io/fedpoppk/base:0.1.0
#4 DONE 0.0s

#26 [server internal] load .dockerignore
#26 transferring context: 2B done
#26 DONE 0.0s

#8 [server 1/8] FROM docker.io/fedpoppk/base:0.1.0
#8 DONE 0.0s

#27 [server internal] load build context
#27 transferring context: 736.51kB 0.4s done
#27 DONE 0.4s

#28 [server 3/8] COPY renv.lock .Rprofile renv/activate.R ./
#28 CACHED

#12 [server 2/8] WORKDIR /project
#12 CACHED

#29 [server 4/8] RUN Rscript -e "options(renv.consent=TRUE, Ncpus=parallel::detectCores());                 renv::restore(prompt=FALSE)"
#29 CACHED

#30 [server 6/8] COPY R/ R/
#30 CACHED

#31 [server 7/8] COPY analysis/ analysis/
#31 CACHED

#32 [server 5/8] COPY apps/ apps/
#32 CACHED

#33 [server 8/8] RUN mkdir -p /project/configs/modes /project/data /project/artifacts /project/result
#33 CACHED

#34 [server] exporting to image
#34 exporting layers done
#34 writing image sha256:4fe7bf10faa05ba3c1cd67300c5244a83bb7d009663150a45f926911da614e49 done
#34 naming to docker.io/library/defboot_design_change_n403030_wtmclu_scenario1_451_455-server 0.0s done
#34 DONE 0.0s

#35 [server] resolving provenance for metadata file
#35 DONE 0.0s
 client1  Built
 client2  Built
 client3  Built
 server  Built
 Network defboot_design_change_n403030_wtmclu_scenario1_451_455_site1_net  Creating
 Network defboot_design_change_n403030_wtmclu_scenario1_451_455_site1_net  Created
 Network defboot_design_change_n403030_wtmclu_scenario1_451_455_site2_net  Creating
 Network defboot_design_change_n403030_wtmclu_scenario1_451_455_site2_net  Created
 Network defboot_design_change_n403030_wtmclu_scenario1_451_455_site3_net  Creating
 Network defboot_design_change_n403030_wtmclu_scenario1_451_455_site3_net  Created
 Container defboot_design_change_n403030_wtmclu_scenario1_451_455-client3-1  Creating
 Container defboot_design_change_n403030_wtmclu_scenario1_451_455-client1-1  Creating
 Container defboot_design_change_n403030_wtmclu_scenario1_451_455-client2-1  Creating
 Container defboot_design_change_n403030_wtmclu_scenario1_451_455-client3-1  Created
 Container defboot_design_change_n403030_wtmclu_scenario1_451_455-client2-1  Created
 Container defboot_design_change_n403030_wtmclu_scenario1_451_455-client1-1  Created
 Container defboot_design_change_n403030_wtmclu_scenario1_451_455-server-1  Creating
 Container defboot_design_change_n403030_wtmclu_scenario1_451_455-server-1  Created
Attaching to client1-1, client2-1, client3-1, server-1
client3-1  | Running plumber API at http://0.0.0.0:8000
client3-1  | Running swagger Docs at http://127.0.0.1:8000/__docs__/
client2-1  | Running plumber API at http://0.0.0.0:8000
client2-1  | Running swagger Docs at http://127.0.0.1:8000/__docs__/
client1-1  | Running plumber API at http://0.0.0.0:8000
client1-1  | Running swagger Docs at http://127.0.0.1:8000/__docs__/
client3-1  | ℹ parameter labels from comments are typically ignored in non-interactive mode
client2-1  | ℹ parameter labels from comments are typically ignored in non-interactive mode
client1-1  | ℹ parameter labels from comments are typically ignored in non-interactive mode
client3-1  | ℹ Need to run with the source intact to parse comments
client2-1  | ℹ Need to run with the source intact to parse comments
client1-1  | ℹ Need to run with the source intact to parse comments
server-1   | [send_init] http://client2:8000 init succeeded
server-1   | [send_init] http://client3:8000 init succeeded
server-1   | [send_init] http://client1:8000 init succeeded
server-1   | {"schema":{"schema_version":"1.1.0","generated_at":"2026-05-22T14:11:56Z","config_path":"/project/configs/../temp/deferiprone_single_oral_25mgkg_designcheck_20260511/validation/design_change_n403030_wtmclustT10_nomix_site403030_nondesignquota_precisionchol_basefitbootinit_preboot_20260521/configs/resolved/scenario1_bootstrap.json","config_md5":"9d7556058a6c3cb18af9ad7ffdd7076b","seed":4869,"host":"481ffe75811a","pid":1,"image_tag":null,"git_sha":null,"git_dirty":null},"aggregation":{"ci_method":"percentile","ci_level":0.95,"quantile_type":7,"estimates_scale":"natural"},"summary":[{"parameter":"(etaLcl,etaLvc)","median":0.075155834922,"p2.5":0.043521464067,"p97.5":0.078537345508},{"parameter":"CcPropSd","median":0.36063517979,"p2.5":0.35329770315,"p97.5":0.3815997431},{"parameter":"etaLcl","median":0.12015115973,"p2.5":0.090734721119,"p97.5":0.13880367792},{"parameter":"etaLvc","median":0.045623389238,"p2.5":0.022716673213,"p97.5":0.048287847338},{"parameter":"lcl","median":2.1709332949,"p2.5":2.1307744308,"p97.5":2.208005566},{"parameter":"lka","median":2.2479303978,"p2.5":2.1887057898,"p97.5":2.4377255698},{"parameter":"lvc","median":2.9617598612,"p2.5":2.9299417182,"p97.5":2.9951835282},{"parameter":"rho_(etaLcl,etaLvc)","median":0.98313325682,"p2.5":0.96545942142,"p97.5":0.9840228421}],"runs":[{"tag":"trial_451_20260522-141156","value":2210.5124,"counts":[37,37],"control":{"maxit":100,"factr":1000000000,"pgtol":0,"trace":0,"method":"L-BFGS-B"},"convergence":0,"message":"CONVERGENCE: REL_REDUCTION_OF_F <= FACTR*EPSMCH","nat_par":{"lka":2.2981932485,"lcl":2.210103233,"lvc":2.9972557454,"CcPropSd":0.36063517979,"etaLcl":0.090619238815,"etaLvc":0.020487863677,"(etaLcl,etaLvc)":0.041520686525,"rho_(etaLcl,etaLvc)":0.96362039433},"failed_clients":[],"attempt":1,"files":{"result":"/project/temp/deferiprone_single_oral_25mgkg_designcheck_20260511/validation/design_change_n403030_wtmclustT10_nomix_site403030_nondesignquota_precisionchol_basefitbootinit_preboot_20260521/runs/scenario1/bootstrap/federated/scenario1/raw_runs/run_20260522-141156/optim_result_trial_451_20260522-141156.json","trace":"/project/temp/deferiprone_single_oral_25mgkg_designcheck_20260511/validation/design_change_n403030_wtmclustT10_nomix_site403030_nondesignquota_precisionchol_basefitbootinit_preboot_20260521/runs/scenario1/bootstrap/federated/scenario1/raw_runs/run_20260522-141156/optim_trace_trial_451_20260522-141156.csv","final":"/project/temp/deferiprone_single_oral_25mgkg_designcheck_20260511/validation/design_change_n403030_wtmclustT10_nomix_site403030_nondesignquota_precisionchol_basefitbootinit_preboot_20260521/runs/scenario1/bootstrap/federated/scenario1/raw_runs/run_20260522-141156/final_params_trial_451_20260522-141156.csv"},"log_n":37,"execution_state":"completed","trial":451,"attempts":1},{"tag":"trial_452_20260522-141636","value":2254.5267,"counts":[23,23],"control":{"maxit":100,"factr":1000000000,"pgtol":0,"trace":0,"method":"L-BFGS-B"},"convergence":0,"message":"CONVERGENCE: REL_REDUCTION_OF_F <= FACTR*EPSMCH","nat_par":{"lka":2.453229161,"lcl":2.1709332949,"lvc":2.9765335736,"CcPropSd":0.3834521284,"etaLcl":0.12015115973,"etaLvc":0.048541549573,"(etaLcl,etaLvc)":0.075155834922,"rho_(etaLcl,etaLvc)":0.98410605121},"failed_clients":[],"attempt":1,"files":{"result":"/project/temp/deferiprone_single_oral_25mgkg_designcheck_20260511/validation/design_change_n403030_wtmclustT10_nomix_site403030_nondesignquota_precisionchol_basefitbootinit_preboot_20260521/runs/scenario1/bootstrap/federated/scenario1/raw_runs/run_20260522-141156/optim_result_trial_452_20260522-141636.json","trace":"/project/temp/deferiprone_single_oral_25mgkg_designcheck_20260511/validation/design_change_n403030_wtmclustT10_nomix_site403030_nondesignquota_precisionchol_basefitbootinit_preboot_20260521/runs/scenario1/bootstrap/federated/scenario1/raw_runs/run_20260522-141156/optim_trace_trial_452_20260522-141636.csv","final":"/project/temp/deferiprone_single_oral_25mgkg_designcheck_20260511/validation/design_change_n403030_wtmclustT10_nomix_site403030_nondesignquota_precisionchol_basefitbootinit_preboot_20260521/runs/scenario1/bootstrap/federated/scenario1/raw_runs/run_20260522-141156/final_params_trial_452_20260522-141636.csv"},"log_n":23,"execution_state":"completed","trial":452,"attempts":1},{"tag":"trial_453_20260522-141932","value":2251.5117,"counts":[19,19],"control":{"maxit":100,"factr":1000000000,"pgtol":0,"trace":0,"method":"L-BFGS-B"},"convergence":0,"message":"CONVERGENCE: REL_REDUCTION_OF_F <= FACTR*EPSMCH","nat_par":{"lka":2.2479303978,"lcl":2.1670119521,"lvc":2.9297678291,"CcPropSd":0.3649282754,"etaLcl":0.13139011928,"etaLvc":0.045623389238,"(etaLcl,etaLvc)":0.076118025329,"rho_(etaLcl,etaLvc)":0.98313325682},"failed_clients":[],"attempt":1,"files":{"result":"/project/temp/deferiprone_single_oral_25mgkg_designcheck_20260511/validation/design_change_n403030_wtmclustT10_nomix_site403030_nondesignquota_precisionchol_basefitbootinit_preboot_20260521/runs/scenario1/bootstrap/federated/scenario1/raw_runs/run_20260522-141156/optim_result_trial_453_20260522-141932.json","trace":"/project/temp/deferiprone_single_oral_25mgkg_designcheck_20260511/validation/design_change_n403030_wtmclustT10_nomix_site403030_nondesignquota_precisionchol_basefitbootinit_preboot_20260521/runs/scenario1/bootstrap/federated/scenario1/raw_runs/run_20260522-141156/optim_trace_trial_453_20260522-141932.csv","final":"/project/temp/deferiprone_single_oral_25mgkg_designcheck_20260511/validation/design_change_n403030_wtmclustT10_nomix_site403030_nondesignquota_precisionchol_basefitbootinit_preboot_20260521/runs/scenario1/bootstrap/federated/scenario1/raw_runs/run_20260522-141156/final_params_trial_453_20260522-141932.csv"},"log_n":19,"execution_state":"completed","trial":453,"attempts":1},{"tag":"trial_454_20260522-142159","value":2236.0815,"counts":[21,21],"control":{"maxit":100,"factr":1000000000,"pgtol":0,"trace":0,"method":"L-BFGS-B"},"convergence":0,"message":"CONVERGENCE: REL_REDUCTION_OF_F <= FACTR*EPSMCH","nat_par":{"lka":2.2366723864,"lcl":2.1267480395,"lvc":2.9617598612,"CcPropSd":0.36006459786,"etaLcl":0.091774061857,"etaLvc":0.042775959034,"(etaLcl,etaLvc)":0.061528461944,"rho_(etaLcl,etaLvc)":0.98201066524},"failed_clients":[],"attempt":1,"files":{"result":"/project/temp/deferiprone_single_oral_25mgkg_designcheck_20260511/validation/design_change_n403030_wtmclustT10_nomix_site403030_nondesignquota_precisionchol_basefitbootinit_preboot_20260521/runs/scenario1/bootstrap/federated/scenario1/raw_runs/run_20260522-141156/optim_result_trial_454_20260522-142159.json","trace":"/project/temp/deferiprone_single_oral_25mgkg_designcheck_20260511/validation/design_change_n403030_wtmclustT10_nomix_site403030_nondesignquota_precisionchol_basefitbootinit_preboot_20260521/runs/scenario1/bootstrap/federated/scenario1/raw_runs/run_20260522-141156/optim_trace_trial_454_20260522-142159.csv","final":"/project/temp/deferiprone_single_oral_25mgkg_designcheck_20260511/validation/design_change_n403030_wtmclustT10_nomix_site403030_nondesignquota_precisionchol_basefitbootinit_preboot_20260521/runs/scenario1/bootstrap/federated/scenario1/raw_runs/run_20260522-141156/final_params_trial_454_20260522-142159.csv"},"log_n":21,"execution_state":"completed","trial":454,"attempts":1},{"tag":"trial_455_20260522-142439","value":2214.2836,"counts":[17,17],"control":{"maxit":100,"factr":1000000000,"pgtol":0,"trace":0,"method":"L-BFGS-B"},"convergence":0,"message":"CONVERGENCE: REL_REDUCTION_OF_F <= FACTR*EPSMCH","nat_par":{"lka":2.183376168,"lcl":2.1891265625,"lvc":2.9315067205,"CcPropSd":0.35254582596,"etaLcl":0.13962740666,"etaLvc":0.046004527218,"(etaLcl,etaLvc)":0.078806158861,"rho_(etaLcl,etaLvc)":0.98327396013},"failed_clients":[],"attempt":1,"files":{"result":"/project/temp/deferiprone_single_oral_25mgkg_designcheck_20260511/validation/design_change_n403030_wtmclustT10_nomix_site403030_nondesignquota_precisionchol_basefitbootinit_preboot_20260521/runs/scenario1/bootstrap/federated/scenario1/raw_runs/run_20260522-141156/optim_result_trial_455_20260522-142439.json","trace":"/project/temp/deferiprone_single_oral_25mgkg_designcheck_20260511/validation/design_change_n403030_wtmclustT10_nomix_site403030_nondesignquota_precisionchol_basefitbootinit_preboot_20260521/runs/scenario1/bootstrap/federated/scenario1/raw_runs/run_20260522-141156/optim_trace_trial_455_20260522-142439.csv","final":"/project/temp/deferiprone_single_oral_25mgkg_designcheck_20260511/validation/design_change_n403030_wtmclustT10_nomix_site403030_nondesignquota_precisionchol_basefitbootinit_preboot_20260521/runs/scenario1/bootstrap/federated/scenario1/raw_runs/run_20260522-141156/final_params_trial_455_20260522-142439.csv"},"log_n":17,"execution_state":"completed","trial":455,"attempts":1}],"trial_status":[{"trial":451,"execution_state":"completed","converged":true,"attempts":1,"convergence":0,"value":2210.5124,"eval_fn":37,"eval_gr":37,"log_n":37,"failed_clients_n":0,"message":"CONVERGENCE: REL_REDUCTION_OF_F <= FACTR*EPSMCH","result_file":"/project/temp/deferiprone_single_oral_25mgkg_designcheck_20260511/validation/design_change_n403030_wtmclustT10_nomix_site403030_nondesignquota_precisionchol_basefitbootinit_preboot_20260521/runs/scenario1/bootstrap/federated/scenario1/raw_runs/run_20260522-141156/optim_result_trial_451_20260522-141156.json","trace_file":"/project/temp/deferiprone_single_oral_25mgkg_designcheck_20260511/validation/design_change_n403030_wtmclustT10_nomix_site403030_nondesignquota_precisionchol_basefitbootinit_preboot_20260521/runs/scenario1/bootstrap/federated/scenario1/raw_runs/run_20260522-141156/optim_trace_trial_451_20260522-141156.csv","final_file":"/project/temp/deferiprone_single_oral_25mgkg_designcheck_20260511/validation/design_change_n403030_wtmclustT10_nomix_site403030_nondesignquota_precisionchol_basefitbootinit_preboot_20260521/runs/scenario1/bootstrap/federated/scenario1/raw_runs/run_20260522-141156/final_params_trial_451_20260522-141156.csv"},{"trial":452,"execution_state":"completed","converged":true,"attempts":1,"convergence":0,"value":2254.5267,"eval_fn":23,"eval_gr":23,"log_n":23,"failed_clients_n":0,"message":"CONVERGENCE: REL_REDUCTION_OF_F <= FACTR*EPSMCH","result_file":"/project/temp/deferiprone_single_oral_25mgkg_designcheck_20260511/validation/design_change_n403030_wtmclustT10_nomix_site403030_nondesignquota_precisionchol_basefitbootinit_preboot_20260521/runs/scenario1/bootstrap/federated/scenario1/raw_runs/run_20260522-141156/optim_result_trial_452_20260522-141636.json","trace_file":"/project/temp/deferiprone_single_oral_25mgkg_designcheck_20260511/validation/design_change_n403030_wtmclustT10_nomix_site403030_nondesignquota_precisionchol_basefitbootinit_preboot_20260521/runs/scenario1/bootstrap/federated/scenario1/raw_runs/run_20260522-141156/optim_trace_trial_452_20260522-141636.csv","final_file":"/project/temp/deferiprone_single_oral_25mgkg_designcheck_20260511/validation/design_change_n403030_wtmclustT10_nomix_site403030_nondesignquota_precisionchol_basefitbootinit_preboot_20260521/runs/scenario1/bootstrap/federated/scenario1/raw_runs/run_20260522-141156/final_params_trial_452_20260522-141636.csv"},{"trial":453,"execution_state":"completed","converged":true,"attempts":1,"convergence":0,"value":2251.5117,"eval_fn":19,"eval_gr":19,"log_n":19,"failed_clients_n":0,"message":"CONVERGENCE: REL_REDUCTION_OF_F <= FACTR*EPSMCH","result_file":"/project/temp/deferiprone_single_oral_25mgkg_designcheck_20260511/validation/design_change_n403030_wtmclustT10_nomix_site403030_nondesignquota_precisionchol_basefitbootinit_preboot_20260521/runs/scenario1/bootstrap/federated/scenario1/raw_runs/run_20260522-141156/optim_result_trial_453_20260522-141932.json","trace_file":"/project/temp/deferiprone_single_oral_25mgkg_designcheck_20260511/validation/design_change_n403030_wtmclustT10_nomix_site403030_nondesignquota_precisionchol_basefitbootinit_preboot_20260521/runs/scenario1/bootstrap/federated/scenario1/raw_runs/run_20260522-141156/optim_trace_trial_453_20260522-141932.csv","final_file":"/project/temp/deferiprone_single_oral_25mgkg_designcheck_20260511/validation/design_change_n403030_wtmclustT10_nomix_site403030_nondesignquota_precisionchol_basefitbootinit_preboot_20260521/runs/scenario1/bootstrap/federated/scenario1/raw_runs/run_20260522-141156/final_params_trial_453_20260522-141932.csv"},{"trial":454,"execution_state":"completed","converged":true,"attempts":1,"convergence":0,"value":2236.0815,"eval_fn":21,"eval_gr":21,"log_n":21,"failed_clients_n":0,"message":"CONVERGENCE: REL_REDUCTION_OF_F <= FACTR*EPSMCH","result_file":"/project/temp/deferiprone_single_oral_25mgkg_designcheck_20260511/validation/design_change_n403030_wtmclustT10_nomix_site403030_nondesignquota_precisionchol_basefitbootinit_preboot_20260521/runs/scenario1/bootstrap/federated/scenario1/raw_runs/run_20260522-141156/optim_result_trial_454_20260522-142159.json","trace_file":"/project/temp/deferiprone_single_oral_25mgkg_designcheck_20260511/validation/design_change_n403030_wtmclustT10_nomix_site403030_nondesignquota_precisionchol_basefitbootinit_preboot_20260521/runs/scenario1/bootstrap/federated/scenario1/raw_runs/run_20260522-141156/optim_trace_trial_454_20260522-142159.csv","final_file":"/project/temp/deferiprone_single_oral_25mgkg_designcheck_20260511/validation/design_change_n403030_wtmclustT10_nomix_site403030_nondesignquota_precisionchol_basefitbootinit_preboot_20260521/runs/scenario1/bootstrap/federated/scenario1/raw_runs/run_20260522-141156/final_params_trial_454_20260522-142159.csv"},{"trial":455,"execution_state":"completed","converged":true,"attempts":1,"convergence":0,"value":2214.2836,"eval_fn":17,"eval_gr":17,"log_n":17,"failed_clients_n":0,"message":"CONVERGENCE: REL_REDUCTION_OF_F <= FACTR*EPSMCH","result_file":"/project/temp/deferiprone_single_oral_25mgkg_designcheck_20260511/validation/design_change_n403030_wtmclustT10_nomix_site403030_nondesignquota_precisionchol_basefitbootinit_preboot_20260521/runs/scenario1/bootstrap/federated/scenario1/raw_runs/run_20260522-141156/optim_result_trial_455_20260522-142439.json","trace_file":"/project/temp/deferiprone_single_oral_25mgkg_designcheck_20260511/validation/design_change_n403030_wtmclustT10_nomix_site403030_nondesignquota_precisionchol_basefitbootinit_preboot_20260521/runs/scenario1/bootstrap/federated/scenario1/raw_runs/run_20260522-141156/optim_trace_trial_455_20260522-142439.csv","final_file":"/project/temp/deferiprone_single_oral_25mgkg_designcheck_20260511/validation/design_change_n403030_wtmclustT10_nomix_site403030_nondesignquota_precisionchol_basefitbootinit_preboot_20260521/runs/scenario1/bootstrap/federated/scenario1/raw_runs/run_20260522-141156/final_params_trial_455_20260522-142439.csv"}],"info":{"run_id":"20260522-141156","log_base_dir":"/project/temp/deferiprone_single_oral_25mgkg_designcheck_20260511/validation/design_change_n403030_wtmclustT10_nomix_site403030_nondesignquota_precisionchol_basefitbootinit_preboot_20260521/runs/scenario1/bootstrap/federated","scenario":"scenario1/raw_runs","total_trials":5,"successes":5,"failures":0,"nonconverged_count":0,"nonconverged_trials":[],"convergence_missing_count":0,"seed_base":4869,"B_per_client":500,"duration_sec":900.2837767601,"host":"481ffe75811a","image_tag":null,"communication":{"generated_at":"2026-05-22T14:26:51Z","totals":{"requests":705,"request_bytes":786249,"response_bytes":178949,"total_bytes":965198,"retries":0},"init":{"requests":3,"request_bytes":8139,"response_bytes":1161,"total_bytes":9300,"retries":0,"median_elapsed_sec":0.36710906029},"init_round_latency":{"n_rounds":1,"median_round_wall_sec":0.36895918846,"p95_round_wall_sec":0.36895918846},"run":{"requests":0,"request_bytes":0,"response_bytes":0,"total_bytes":0,"retries":0,"median_elapsed_sec":"NA"},"run_bootstrap":{"requests":702,"request_bytes":778110,"response_bytes":177788,"total_bytes":955898,"retries":0,"median_elapsed_sec":3.6636545658},"round_latency":{"n_rounds":234,"median_round_wall_sec":3.7797063589,"p95_round_wall_sec":4.0584136128},"timing_split":{"n_rounds":234,"rounds_with_compute":234,"total_round_wall_sec":889.4899964333,"total_round_compute_wall_sec":881.6142,"total_round_comm_overhead_wall_sec":7.8757964333,"comm_overhead_ratio":0.0088542833139,"compute_ratio":0.99114571669}},"communication_files":{"csv":"/project/temp/deferiprone_single_oral_25mgkg_designcheck_20260511/validation/design_change_n403030_wtmclustT10_nomix_site403030_nondesignquota_precisionchol_basefitbootinit_preboot_20260521/runs/scenario1/bootstrap/federated/scenario1/raw_runs/run_20260522-141156/comm_metrics.csv","json":"/project/temp/deferiprone_single_oral_25mgkg_designcheck_20260511/validation/design_change_n403030_wtmclustT10_nomix_site403030_nondesignquota_precisionchol_basefitbootinit_preboot_20260521/runs/scenario1/bootstrap/federated/scenario1/raw_runs/run_20260522-141156/comm_metrics.json"},"output_files":{"bootstrap_summary_csv":"/project/temp/deferiprone_single_oral_25mgkg_designcheck_20260511/validation/design_change_n403030_wtmclustT10_nomix_site403030_nondesignquota_precisionchol_basefitbootinit_preboot_20260521/runs/scenario1/bootstrap/federated/scenario1/raw_runs/run_20260522-141156/bootstrap_summary.csv","bootstrap_summary_json":"/project/temp/deferiprone_single_oral_25mgkg_designcheck_20260511/validation/design_change_n403030_wtmclustT10_nomix_site403030_nondesignquota_precisionchol_basefitbootinit_preboot_20260521/runs/scenario1/bootstrap/federated/scenario1/raw_runs/run_20260522-141156/bootstrap_summary.json","trial_status_csv":"/project/temp/deferiprone_single_oral_25mgkg_designcheck_20260511/validation/design_change_n403030_wtmclustT10_nomix_site403030_nondesignquota_precisionchol_basefitbootinit_preboot_20260521/runs/scenario1/bootstrap/federated/scenario1/raw_runs/run_20260522-141156/trial_status.csv","failed_trials_csv":"/project/temp/deferiprone_single_oral_25mgkg_designcheck_20260511/validation/design_change_n403030_wtmclustT10_nomix_site403030_nondesignquota_precisionchol_basefitbootinit_preboot_20260521/runs/scenario1/bootstrap/federated/scenario1/raw_runs/run_20260522-141156/failed_trials.csv","trial_estimates_wide_csv":"/project/temp/deferiprone_single_oral_25mgkg_designcheck_20260511/validation/design_change_n403030_wtmclustT10_nomix_site403030_nondesignquota_precisionchol_basefitbootinit_preboot_20260521/runs/scenario1/bootstrap/federated/scenario1/raw_runs/run_20260522-141156/trial_estimates_wide.csv","trial_estimates_long_csv":"/project/temp/deferiprone_single_oral_25mgkg_designcheck_20260511/validation/design_change_n403030_wtmclustT10_nomix_site403030_nondesignquota_precisionchol_basefitbootinit_preboot_20260521/runs/scenario1/bootstrap/federated/scenario1/raw_runs/run_20260522-141156/trial_estimates_long.csv","result_json":"/project/temp/deferiprone_single_oral_25mgkg_designcheck_20260511/validation/design_change_n403030_wtmclustT10_nomix_site403030_nondesignquota_precisionchol_basefitbootinit_preboot_20260521/runs/scenario1/bootstrap/federated/scenario1/raw_runs/run_20260522-141156/result.json"}}}
[Kserver-1 exited with code 0
Aborting on container exit...
 Container defboot_design_change_n403030_wtmclu_scenario1_451_455-server-1  Stopping
 Container defboot_design_change_n403030_wtmclu_scenario1_451_455-server-1  Stopped
 Container defboot_design_change_n403030_wtmclu_scenario1_451_455-client1-1  Stopping
 Container defboot_design_change_n403030_wtmclu_scenario1_451_455-client2-1  Stopping
 Container defboot_design_change_n403030_wtmclu_scenario1_451_455-client3-1  Stopping
 Container defboot_design_change_n403030_wtmclu_scenario1_451_455-client2-1  Stopped
 Container defboot_design_change_n403030_wtmclu_scenario1_451_455-client3-1  Stopped
 Container defboot_design_change_n403030_wtmclu_scenario1_451_455-client1-1  Stopped
time="2026-05-22T23:27:02+09:00" level=warning msg="The \"SERVER_CONFIG_PATH\" variable is not set. Defaulting to a blank string."
 Container defboot_design_change_n403030_wtmclu_scenario1_451_455-server-1  Stopping
 Container defboot_design_change_n403030_wtmclu_scenario1_451_455-server-1  Stopped
 Container defboot_design_change_n403030_wtmclu_scenario1_451_455-server-1  Removing
 Container defboot_design_change_n403030_wtmclu_scenario1_451_455-server-1  Removed
 Container defboot_design_change_n403030_wtmclu_scenario1_451_455-client3-1  Stopping
 Container defboot_design_change_n403030_wtmclu_scenario1_451_455-client1-1  Stopping
 Container defboot_design_change_n403030_wtmclu_scenario1_451_455-client2-1  Stopping
 Container defboot_design_change_n403030_wtmclu_scenario1_451_455-client3-1  Stopped
 Container defboot_design_change_n403030_wtmclu_scenario1_451_455-client3-1  Removing
 Container defboot_design_change_n403030_wtmclu_scenario1_451_455-client1-1  Stopped
 Container defboot_design_change_n403030_wtmclu_scenario1_451_455-client1-1  Removing
 Container defboot_design_change_n403030_wtmclu_scenario1_451_455-client2-1  Stopped
 Container defboot_design_change_n403030_wtmclu_scenario1_451_455-client2-1  Removing
 Container defboot_design_change_n403030_wtmclu_scenario1_451_455-client3-1  Removed
 Container defboot_design_change_n403030_wtmclu_scenario1_451_455-client1-1  Removed
 Container defboot_design_change_n403030_wtmclu_scenario1_451_455-client2-1  Removed
 Network defboot_design_change_n403030_wtmclu_scenario1_451_455_site1_net  Removing
 Network defboot_design_change_n403030_wtmclu_scenario1_451_455_site2_net  Removing
 Network defboot_design_change_n403030_wtmclu_scenario1_451_455_site3_net  Removing
 Network defboot_design_change_n403030_wtmclu_scenario1_451_455_site1_net  Removed
 Network defboot_design_change_n403030_wtmclu_scenario1_451_455_site2_net  Removed
 Network defboot_design_change_n403030_wtmclu_scenario1_451_455_site3_net  Removed
