time="2026-05-22T01:38:35+09:00" level=warning msg="The \"SERVER_CONFIG_PATH\" variable is not set. Defaulting to a blank string."
Compose now can delegate build to bake for better performances
Just set COMPOSE_BAKE=true
#0 building with "default" instance using docker driver

#1 [client3 internal] load build definition from Dockerfile.app
#1 transferring dockerfile: 778B done
#1 DONE 0.0s

#2 [client1 internal] load build definition from Dockerfile.app
#2 transferring dockerfile: 778B done
#2 DONE 0.0s

#3 [client2 internal] load build definition from Dockerfile.app
#3 transferring dockerfile: 778B done
#3 DONE 0.0s

#4 [client2 internal] load metadata for docker.io/fedpoppk/base:0.1.0
#4 DONE 0.0s

#5 [client3 internal] load .dockerignore
#5 transferring context: 2B done
#5 DONE 0.0s

#6 [client1 internal] load .dockerignore
#6 transferring context: 2B done
#6 DONE 0.0s

#7 [client2 internal] load .dockerignore
#7 transferring context: 2B done
#7 DONE 0.0s

#8 [client2 1/8] FROM docker.io/fedpoppk/base:0.1.0
#8 DONE 0.0s

#9 [client3 internal] load build context
#9 transferring context: 736.51kB 0.3s done
#9 DONE 0.3s

#10 [client2 internal] load build context
#10 transferring context: 736.51kB 0.3s done
#10 DONE 0.3s

#11 [client1 internal] load build context
#11 transferring context: 736.51kB 0.3s done
#11 DONE 0.3s

#12 [client3 7/8] COPY analysis/ analysis/
#12 CACHED

#13 [client3 3/8] COPY renv.lock .Rprofile renv/activate.R ./
#13 CACHED

#14 [client3 6/8] COPY R/ R/
#14 CACHED

#15 [client3 4/8] RUN Rscript -e "options(renv.consent=TRUE, Ncpus=parallel::detectCores());                 renv::restore(prompt=FALSE)"
#15 CACHED

#16 [client3 2/8] WORKDIR /project
#16 CACHED

#17 [client3 5/8] COPY apps/ apps/
#17 CACHED

#18 [client2 8/8] RUN mkdir -p /project/configs/modes /project/data /project/artifacts /project/result
#18 CACHED

#19 [client1] exporting to image
#19 exporting layers done
#19 writing image sha256:43869d483ea766cd65ef892d07848c27b990570c1e9e639be02ace7cb4c6f8af done
#19 naming to docker.io/library/defboot_design_change_n403030_wtmclu_scenario1_31_35-client1 0.0s done
#19 DONE 0.0s

#20 [client3] exporting to image
#20 exporting layers done
#20 writing image sha256:82d85d47c977905b7324d5b3d28def51795219b10bad2f03a2d180cd2580ff0f done
#20 naming to docker.io/library/defboot_design_change_n403030_wtmclu_scenario1_31_35-client3 0.0s done
#20 DONE 0.1s

#21 [client1] resolving provenance for metadata file
#21 DONE 0.0s

#22 [client2] exporting to image
#22 exporting layers done
#22 writing image sha256:a0c853cc8142453270f3aad09ec06efc33aea90f4c1c0e4d7be94bacda52a015 done
#22 naming to docker.io/library/defboot_design_change_n403030_wtmclu_scenario1_31_35-client2 0.1s done
#22 DONE 0.1s

#23 [client3] resolving provenance for metadata file
#23 DONE 0.0s

#24 [client2] resolving provenance for metadata file
#24 DONE 0.0s

#25 [server internal] load build definition from Dockerfile.app
#25 transferring dockerfile: 778B done
#25 DONE 0.0s

#4 [server internal] load metadata for docker.io/fedpoppk/base:0.1.0
#4 DONE 0.0s

#26 [server internal] load .dockerignore
#26 transferring context: 2B done
#26 DONE 0.0s

#8 [server 1/8] FROM docker.io/fedpoppk/base:0.1.0
#8 DONE 0.0s

#27 [server internal] load build context
#27 transferring context: 736.51kB 0.3s done
#27 DONE 0.4s

#28 [server 4/8] RUN Rscript -e "options(renv.consent=TRUE, Ncpus=parallel::detectCores());                 renv::restore(prompt=FALSE)"
#28 CACHED

#29 [server 3/8] COPY renv.lock .Rprofile renv/activate.R ./
#29 CACHED

#30 [server 6/8] COPY R/ R/
#30 CACHED

#16 [server 2/8] WORKDIR /project
#16 CACHED

#31 [server 7/8] COPY analysis/ analysis/
#31 CACHED

#32 [server 5/8] COPY apps/ apps/
#32 CACHED

#33 [server 8/8] RUN mkdir -p /project/configs/modes /project/data /project/artifacts /project/result
#33 CACHED

#34 [server] exporting to image
#34 exporting layers done
#34 writing image sha256:2a202740e71d08a754ec0320814baddbeae251039693044c9a67534e94c6c8f8 done
#34 naming to docker.io/library/defboot_design_change_n403030_wtmclu_scenario1_31_35-server 0.0s done
#34 DONE 0.0s

#35 [server] resolving provenance for metadata file
#35 DONE 0.0s
 client1  Built
 client2  Built
 client3  Built
 server  Built
 Network defboot_design_change_n403030_wtmclu_scenario1_31_35_site1_net  Creating
 Network defboot_design_change_n403030_wtmclu_scenario1_31_35_site1_net  Created
 Network defboot_design_change_n403030_wtmclu_scenario1_31_35_site2_net  Creating
 Network defboot_design_change_n403030_wtmclu_scenario1_31_35_site2_net  Created
 Network defboot_design_change_n403030_wtmclu_scenario1_31_35_site3_net  Creating
 Network defboot_design_change_n403030_wtmclu_scenario1_31_35_site3_net  Created
 Container defboot_design_change_n403030_wtmclu_scenario1_31_35-client1-1  Creating
 Container defboot_design_change_n403030_wtmclu_scenario1_31_35-client2-1  Creating
 Container defboot_design_change_n403030_wtmclu_scenario1_31_35-client3-1  Creating
 Container defboot_design_change_n403030_wtmclu_scenario1_31_35-client3-1  Created
 Container defboot_design_change_n403030_wtmclu_scenario1_31_35-client2-1  Created
 Container defboot_design_change_n403030_wtmclu_scenario1_31_35-client1-1  Created
 Container defboot_design_change_n403030_wtmclu_scenario1_31_35-server-1  Creating
 Container defboot_design_change_n403030_wtmclu_scenario1_31_35-server-1  Created
Attaching to client1-1, client2-1, client3-1, server-1
client2-1  | Running plumber API at http://0.0.0.0:8000
client2-1  | Running swagger Docs at http://127.0.0.1:8000/__docs__/
client1-1  | Running plumber API at http://0.0.0.0:8000
client1-1  | Running swagger Docs at http://127.0.0.1:8000/__docs__/
client3-1  | Running plumber API at http://0.0.0.0:8000
client3-1  | Running swagger Docs at http://127.0.0.1:8000/__docs__/
client1-1  | ℹ parameter labels from comments are typically ignored in non-interactive mode
client1-1  | ℹ Need to run with the source intact to parse comments
client2-1  | ℹ parameter labels from comments are typically ignored in non-interactive mode
client3-1  | ℹ parameter labels from comments are typically ignored in non-interactive mode
client2-1  | ℹ Need to run with the source intact to parse comments
client3-1  | ℹ Need to run with the source intact to parse comments
server-1   | [send_init] http://client1:8000 init succeeded
server-1   | [send_init] http://client3:8000 init succeeded
server-1   | [send_init] http://client2:8000 init succeeded
server-1   | {"schema":{"schema_version":"1.1.0","generated_at":"2026-05-21T16:38:44Z","config_path":"/project/configs/../temp/deferiprone_single_oral_25mgkg_designcheck_20260511/validation/design_change_n403030_wtmclustT10_nomix_site403030_nondesignquota_precisionchol_basefitbootinit_preboot_20260521/configs/resolved/scenario1_bootstrap.json","config_md5":"9d7556058a6c3cb18af9ad7ffdd7076b","seed":4869,"host":"4c6d8d510a4b","pid":1,"image_tag":null,"git_sha":null,"git_dirty":null},"aggregation":{"ci_method":"percentile","ci_level":0.95,"quantile_type":7,"estimates_scale":"natural"},"summary":[{"parameter":"(etaLcl,etaLvc)","median":0.069091559034,"p2.5":0.059467013638,"p97.5":0.077964951594},{"parameter":"CcPropSd","median":0.3376387714,"p2.5":0.3316333847,"p97.5":0.37038108476},{"parameter":"etaLcl","median":0.1187941982,"p2.5":0.094927975285,"p97.5":0.12927124656},{"parameter":"etaLvc","median":0.041705582118,"p2.5":0.03415425049,"p97.5":0.048554728275},{"parameter":"lcl","median":2.1611250517,"p2.5":2.1247721436,"p97.5":2.2069684092},{"parameter":"lka","median":2.3160133957,"p2.5":2.2420055122,"p97.5":2.6291339214},{"parameter":"lvc","median":2.9384289002,"p2.5":2.8991553692,"p97.5":3.0210784292},{"parameter":"rho_(etaLcl,etaLvc)","median":0.98159035758,"p2.5":0.97762065843,"p97.5":0.9841110872}],"runs":[{"tag":"trial_031_20260521-163844","value":2286.466,"counts":[18,18],"control":{"maxit":100,"factr":1000000000,"pgtol":0,"trace":0,"method":"L-BFGS-B"},"convergence":0,"message":"CONVERGENCE: REL_REDUCTION_OF_F <= FACTR*EPSMCH","nat_par":{"lka":2.3044760431,"lcl":2.1225038358,"lvc":2.9384289002,"CcPropSd":0.37038887813,"etaLcl":0.1270756711,"etaLvc":0.045474709505,"(etaLcl,etaLvc)":0.074731268589,"rho_(etaLcl,etaLvc)":0.98307393605},"failed_clients":[],"attempt":1,"files":{"result":"/project/temp/deferiprone_single_oral_25mgkg_designcheck_20260511/validation/design_change_n403030_wtmclustT10_nomix_site403030_nondesignquota_precisionchol_basefitbootinit_preboot_20260521/runs/scenario1/bootstrap/federated/scenario1/raw_runs/run_20260521-163844/optim_result_trial_031_20260521-163844.json","trace":"/project/temp/deferiprone_single_oral_25mgkg_designcheck_20260511/validation/design_change_n403030_wtmclustT10_nomix_site403030_nondesignquota_precisionchol_basefitbootinit_preboot_20260521/runs/scenario1/bootstrap/federated/scenario1/raw_runs/run_20260521-163844/optim_trace_trial_031_20260521-163844.csv","final":"/project/temp/deferiprone_single_oral_25mgkg_designcheck_20260511/validation/design_change_n403030_wtmclustT10_nomix_site403030_nondesignquota_precisionchol_basefitbootinit_preboot_20260521/runs/scenario1/bootstrap/federated/scenario1/raw_runs/run_20260521-163844/final_params_trial_031_20260521-163844.csv"},"log_n":18,"execution_state":"completed","trial":31,"attempts":1},{"tag":"trial_032_20260521-164100","value":2177.1331,"counts":[23,23],"control":{"maxit":100,"factr":1000000000,"pgtol":0,"trace":0,"method":"L-BFGS-B"},"convergence":0,"message":"CONVERGENCE: REL_REDUCTION_OF_F <= FACTR*EPSMCH","nat_par":{"lka":2.6636456,"lcl":2.2037963936,"lvc":3.024530419,"CcPropSd":0.33434927949,"etaLcl":0.12951519939,"etaLvc":0.048896952583,"(etaLcl,etaLvc)":0.078324249706,"rho_(etaLcl,etaLvc)":0.98422632621},"failed_clients":[],"attempt":1,"files":{"result":"/project/temp/deferiprone_single_oral_25mgkg_designcheck_20260511/validation/design_change_n403030_wtmclustT10_nomix_site403030_nondesignquota_precisionchol_basefitbootinit_preboot_20260521/runs/scenario1/bootstrap/federated/scenario1/raw_runs/run_20260521-163844/optim_result_trial_032_20260521-164100.json","trace":"/project/temp/deferiprone_single_oral_25mgkg_designcheck_20260511/validation/design_change_n403030_wtmclustT10_nomix_site403030_nondesignquota_precisionchol_basefitbootinit_preboot_20260521/runs/scenario1/bootstrap/federated/scenario1/raw_runs/run_20260521-163844/optim_trace_trial_032_20260521-164100.csv","final":"/project/temp/deferiprone_single_oral_25mgkg_designcheck_20260511/validation/design_change_n403030_wtmclustT10_nomix_site403030_nondesignquota_precisionchol_basefitbootinit_preboot_20260521/runs/scenario1/bootstrap/federated/scenario1/raw_runs/run_20260521-163844/final_params_trial_032_20260521-164100.csv"},"log_n":23,"execution_state":"completed","trial":32,"attempts":1},{"tag":"trial_033_20260521-164354","value":2184.1369,"counts":[24,24],"control":{"maxit":100,"factr":1000000000,"pgtol":0,"trace":0,"method":"L-BFGS-B"},"convergence":0,"message":"CONVERGENCE: REL_REDUCTION_OF_F <= FACTR*EPSMCH","nat_par":{"lka":2.3185288133,"lcl":2.2073208554,"lvc":2.9900105208,"CcPropSd":0.3376387714,"etaLcl":0.092877223805,"etaLvc":0.0394785663,"(etaLcl,etaLvc)":0.059375794847,"rho_(etaLcl,etaLvc)":0.98055991964},"failed_clients":[],"attempt":1,"files":{"result":"/project/temp/deferiprone_single_oral_25mgkg_designcheck_20260511/validation/design_change_n403030_wtmclustT10_nomix_site403030_nondesignquota_precisionchol_basefitbootinit_preboot_20260521/runs/scenario1/bootstrap/federated/scenario1/raw_runs/run_20260521-163844/optim_result_trial_033_20260521-164354.json","trace":"/project/temp/deferiprone_single_oral_25mgkg_designcheck_20260511/validation/design_change_n403030_wtmclustT10_nomix_site403030_nondesignquota_precisionchol_basefitbootinit_preboot_20260521/runs/scenario1/bootstrap/federated/scenario1/raw_runs/run_20260521-163844/optim_trace_trial_033_20260521-164354.csv","final":"/project/temp/deferiprone_single_oral_25mgkg_designcheck_20260511/validation/design_change_n403030_wtmclustT10_nomix_site403030_nondesignquota_precisionchol_basefitbootinit_preboot_20260521/runs/scenario1/bootstrap/federated/scenario1/raw_runs/run_20260521-163844/final_params_trial_033_20260521-164354.csv"},"log_n":24,"execution_state":"completed","trial":33,"attempts":1},{"tag":"trial_034_20260521-164655","value":2255.5185,"counts":[35,35],"control":{"maxit":100,"factr":1000000000,"pgtol":0,"trace":0,"method":"L-BFGS-B"},"convergence":0,"message":"CONVERGENCE: REL_REDUCTION_OF_F <= FACTR*EPSMCH","nat_par":{"lka":2.3160133957,"lcl":2.1451869143,"lvc":2.8959007763,"CcPropSd":0.37031094444,"etaLcl":0.1187941982,"etaLvc":0.041705582118,"(etaLcl,etaLvc)":0.069091559034,"rho_(etaLcl,etaLvc)":0.98159035758},"failed_clients":[],"attempt":1,"files":{"result":"/project/temp/deferiprone_single_oral_25mgkg_designcheck_20260511/validation/design_change_n403030_wtmclustT10_nomix_site403030_nondesignquota_precisionchol_basefitbootinit_preboot_20260521/runs/scenario1/bootstrap/federated/scenario1/raw_runs/run_20260521-163844/optim_result_trial_034_20260521-164655.json","trace":"/project/temp/deferiprone_single_oral_25mgkg_designcheck_20260511/validation/design_change_n403030_wtmclustT10_nomix_site403030_nondesignquota_precisionchol_basefitbootinit_preboot_20260521/runs/scenario1/bootstrap/federated/scenario1/raw_runs/run_20260521-163844/optim_trace_trial_034_20260521-164655.csv","final":"/project/temp/deferiprone_single_oral_25mgkg_designcheck_20260511/validation/design_change_n403030_wtmclustT10_nomix_site403030_nondesignquota_precisionchol_basefitbootinit_preboot_20260521/runs/scenario1/bootstrap/federated/scenario1/raw_runs/run_20260521-163844/final_params_trial_034_20260521-164655.csv"},"log_n":34,"execution_state":"completed","trial":34,"attempts":1},{"tag":"trial_035_20260521-165116","value":2199.5666,"counts":[25,25],"control":{"maxit":100,"factr":1000000000,"pgtol":0,"trace":0,"method":"L-BFGS-B"},"convergence":0,"message":"CONVERGENCE: REL_REDUCTION_OF_F <= FACTR*EPSMCH","nat_par":{"lka":2.2350643421,"lcl":2.1611250517,"lvc":2.9284467052,"CcPropSd":0.33133161861,"etaLcl":0.1133847386,"etaLvc":0.033562659845,"(etaLcl,etaLvc)":0.060287982759,"rho_(etaLcl,etaLvc)":0.97729407385},"failed_clients":[],"attempt":1,"files":{"result":"/project/temp/deferiprone_single_oral_25mgkg_designcheck_20260511/validation/design_change_n403030_wtmclustT10_nomix_site403030_nondesignquota_precisionchol_basefitbootinit_preboot_20260521/runs/scenario1/bootstrap/federated/scenario1/raw_runs/run_20260521-163844/optim_result_trial_035_20260521-165116.json","trace":"/project/temp/deferiprone_single_oral_25mgkg_designcheck_20260511/validation/design_change_n403030_wtmclustT10_nomix_site403030_nondesignquota_precisionchol_basefitbootinit_preboot_20260521/runs/scenario1/bootstrap/federated/scenario1/raw_runs/run_20260521-163844/optim_trace_trial_035_20260521-165116.csv","final":"/project/temp/deferiprone_single_oral_25mgkg_designcheck_20260511/validation/design_change_n403030_wtmclustT10_nomix_site403030_nondesignquota_precisionchol_basefitbootinit_preboot_20260521/runs/scenario1/bootstrap/federated/scenario1/raw_runs/run_20260521-163844/final_params_trial_035_20260521-165116.csv"},"log_n":25,"execution_state":"completed","trial":35,"attempts":1}],"trial_status":[{"trial":31,"execution_state":"completed","converged":true,"attempts":1,"convergence":0,"value":2286.466,"eval_fn":18,"eval_gr":18,"log_n":18,"failed_clients_n":0,"message":"CONVERGENCE: REL_REDUCTION_OF_F <= FACTR*EPSMCH","result_file":"/project/temp/deferiprone_single_oral_25mgkg_designcheck_20260511/validation/design_change_n403030_wtmclustT10_nomix_site403030_nondesignquota_precisionchol_basefitbootinit_preboot_20260521/runs/scenario1/bootstrap/federated/scenario1/raw_runs/run_20260521-163844/optim_result_trial_031_20260521-163844.json","trace_file":"/project/temp/deferiprone_single_oral_25mgkg_designcheck_20260511/validation/design_change_n403030_wtmclustT10_nomix_site403030_nondesignquota_precisionchol_basefitbootinit_preboot_20260521/runs/scenario1/bootstrap/federated/scenario1/raw_runs/run_20260521-163844/optim_trace_trial_031_20260521-163844.csv","final_file":"/project/temp/deferiprone_single_oral_25mgkg_designcheck_20260511/validation/design_change_n403030_wtmclustT10_nomix_site403030_nondesignquota_precisionchol_basefitbootinit_preboot_20260521/runs/scenario1/bootstrap/federated/scenario1/raw_runs/run_20260521-163844/final_params_trial_031_20260521-163844.csv"},{"trial":32,"execution_state":"completed","converged":true,"attempts":1,"convergence":0,"value":2177.1331,"eval_fn":23,"eval_gr":23,"log_n":23,"failed_clients_n":0,"message":"CONVERGENCE: REL_REDUCTION_OF_F <= FACTR*EPSMCH","result_file":"/project/temp/deferiprone_single_oral_25mgkg_designcheck_20260511/validation/design_change_n403030_wtmclustT10_nomix_site403030_nondesignquota_precisionchol_basefitbootinit_preboot_20260521/runs/scenario1/bootstrap/federated/scenario1/raw_runs/run_20260521-163844/optim_result_trial_032_20260521-164100.json","trace_file":"/project/temp/deferiprone_single_oral_25mgkg_designcheck_20260511/validation/design_change_n403030_wtmclustT10_nomix_site403030_nondesignquota_precisionchol_basefitbootinit_preboot_20260521/runs/scenario1/bootstrap/federated/scenario1/raw_runs/run_20260521-163844/optim_trace_trial_032_20260521-164100.csv","final_file":"/project/temp/deferiprone_single_oral_25mgkg_designcheck_20260511/validation/design_change_n403030_wtmclustT10_nomix_site403030_nondesignquota_precisionchol_basefitbootinit_preboot_20260521/runs/scenario1/bootstrap/federated/scenario1/raw_runs/run_20260521-163844/final_params_trial_032_20260521-164100.csv"},{"trial":33,"execution_state":"completed","converged":true,"attempts":1,"convergence":0,"value":2184.1369,"eval_fn":24,"eval_gr":24,"log_n":24,"failed_clients_n":0,"message":"CONVERGENCE: REL_REDUCTION_OF_F <= FACTR*EPSMCH","result_file":"/project/temp/deferiprone_single_oral_25mgkg_designcheck_20260511/validation/design_change_n403030_wtmclustT10_nomix_site403030_nondesignquota_precisionchol_basefitbootinit_preboot_20260521/runs/scenario1/bootstrap/federated/scenario1/raw_runs/run_20260521-163844/optim_result_trial_033_20260521-164354.json","trace_file":"/project/temp/deferiprone_single_oral_25mgkg_designcheck_20260511/validation/design_change_n403030_wtmclustT10_nomix_site403030_nondesignquota_precisionchol_basefitbootinit_preboot_20260521/runs/scenario1/bootstrap/federated/scenario1/raw_runs/run_20260521-163844/optim_trace_trial_033_20260521-164354.csv","final_file":"/project/temp/deferiprone_single_oral_25mgkg_designcheck_20260511/validation/design_change_n403030_wtmclustT10_nomix_site403030_nondesignquota_precisionchol_basefitbootinit_preboot_20260521/runs/scenario1/bootstrap/federated/scenario1/raw_runs/run_20260521-163844/final_params_trial_033_20260521-164354.csv"},{"trial":34,"execution_state":"completed","converged":true,"attempts":1,"convergence":0,"value":2255.5185,"eval_fn":35,"eval_gr":35,"log_n":34,"failed_clients_n":0,"message":"CONVERGENCE: REL_REDUCTION_OF_F <= FACTR*EPSMCH","result_file":"/project/temp/deferiprone_single_oral_25mgkg_designcheck_20260511/validation/design_change_n403030_wtmclustT10_nomix_site403030_nondesignquota_precisionchol_basefitbootinit_preboot_20260521/runs/scenario1/bootstrap/federated/scenario1/raw_runs/run_20260521-163844/optim_result_trial_034_20260521-164655.json","trace_file":"/project/temp/deferiprone_single_oral_25mgkg_designcheck_20260511/validation/design_change_n403030_wtmclustT10_nomix_site403030_nondesignquota_precisionchol_basefitbootinit_preboot_20260521/runs/scenario1/bootstrap/federated/scenario1/raw_runs/run_20260521-163844/optim_trace_trial_034_20260521-164655.csv","final_file":"/project/temp/deferiprone_single_oral_25mgkg_designcheck_20260511/validation/design_change_n403030_wtmclustT10_nomix_site403030_nondesignquota_precisionchol_basefitbootinit_preboot_20260521/runs/scenario1/bootstrap/federated/scenario1/raw_runs/run_20260521-163844/final_params_trial_034_20260521-164655.csv"},{"trial":35,"execution_state":"completed","converged":true,"attempts":1,"convergence":0,"value":2199.5666,"eval_fn":25,"eval_gr":25,"log_n":25,"failed_clients_n":0,"message":"CONVERGENCE: REL_REDUCTION_OF_F <= FACTR*EPSMCH","result_file":"/project/temp/deferiprone_single_oral_25mgkg_designcheck_20260511/validation/design_change_n403030_wtmclustT10_nomix_site403030_nondesignquota_precisionchol_basefitbootinit_preboot_20260521/runs/scenario1/bootstrap/federated/scenario1/raw_runs/run_20260521-163844/optim_result_trial_035_20260521-165116.json","trace_file":"/project/temp/deferiprone_single_oral_25mgkg_designcheck_20260511/validation/design_change_n403030_wtmclustT10_nomix_site403030_nondesignquota_precisionchol_basefitbootinit_preboot_20260521/runs/scenario1/bootstrap/federated/scenario1/raw_runs/run_20260521-163844/optim_trace_trial_035_20260521-165116.csv","final_file":"/project/temp/deferiprone_single_oral_25mgkg_designcheck_20260511/validation/design_change_n403030_wtmclustT10_nomix_site403030_nondesignquota_precisionchol_basefitbootinit_preboot_20260521/runs/scenario1/bootstrap/federated/scenario1/raw_runs/run_20260521-163844/final_params_trial_035_20260521-165116.csv"}],"info":{"run_id":"20260521-163844","log_base_dir":"/project/temp/deferiprone_single_oral_25mgkg_designcheck_20260511/validation/design_change_n403030_wtmclustT10_nomix_site403030_nondesignquota_precisionchol_basefitbootinit_preboot_20260521/runs/scenario1/bootstrap/federated","scenario":"scenario1/raw_runs","total_trials":5,"successes":5,"failures":0,"nonconverged_count":0,"nonconverged_trials":[],"convergence_missing_count":0,"seed_base":4869,"B_per_client":500,"duration_sec":949.6064651012,"host":"4c6d8d510a4b","image_tag":null,"communication":{"generated_at":"2026-05-21T16:54:28Z","totals":{"requests":747,"request_bytes":832167,"response_bytes":189588,"total_bytes":1021755,"retries":0},"init":{"requests":3,"request_bytes":8139,"response_bytes":1161,"total_bytes":9300,"retries":0,"median_elapsed_sec":0.37129640579},"init_round_latency":{"n_rounds":1,"median_round_wall_sec":0.38419222832,"p95_round_wall_sec":0.38419222832},"run":{"requests":0,"request_bytes":0,"response_bytes":0,"total_bytes":0,"retries":0,"median_elapsed_sec":"NA"},"run_bootstrap":{"requests":744,"request_bytes":824028,"response_bytes":188427,"total_bytes":1012455,"retries":0,"median_elapsed_sec":3.65752244},"round_latency":{"n_rounds":248,"median_round_wall_sec":3.7719684839,"p95_round_wall_sec":4.0601450443},"timing_split":{"n_rounds":248,"rounds_with_compute":248,"total_round_wall_sec":938.5450229645,"total_round_compute_wall_sec":930.5784,"total_round_comm_overhead_wall_sec":7.9666229645,"comm_overhead_ratio":0.0084882693633,"compute_ratio":0.99151173064}},"communication_files":{"csv":"/project/temp/deferiprone_single_oral_25mgkg_designcheck_20260511/validation/design_change_n403030_wtmclustT10_nomix_site403030_nondesignquota_precisionchol_basefitbootinit_preboot_20260521/runs/scenario1/bootstrap/federated/scenario1/raw_runs/run_20260521-163844/comm_metrics.csv","json":"/project/temp/deferiprone_single_oral_25mgkg_designcheck_20260511/validation/design_change_n403030_wtmclustT10_nomix_site403030_nondesignquota_precisionchol_basefitbootinit_preboot_20260521/runs/scenario1/bootstrap/federated/scenario1/raw_runs/run_20260521-163844/comm_metrics.json"},"output_files":{"bootstrap_summary_csv":"/project/temp/deferiprone_single_oral_25mgkg_designcheck_20260511/validation/design_change_n403030_wtmclustT10_nomix_site403030_nondesignquota_precisionchol_basefitbootinit_preboot_20260521/runs/scenario1/bootstrap/federated/scenario1/raw_runs/run_20260521-163844/bootstrap_summary.csv","bootstrap_summary_json":"/project/temp/deferiprone_single_oral_25mgkg_designcheck_20260511/validation/design_change_n403030_wtmclustT10_nomix_site403030_nondesignquota_precisionchol_basefitbootinit_preboot_20260521/runs/scenario1/bootstrap/federated/scenario1/raw_runs/run_20260521-163844/bootstrap_summary.json","trial_status_csv":"/project/temp/deferiprone_single_oral_25mgkg_designcheck_20260511/validation/design_change_n403030_wtmclustT10_nomix_site403030_nondesignquota_precisionchol_basefitbootinit_preboot_20260521/runs/scenario1/bootstrap/federated/scenario1/raw_runs/run_20260521-163844/trial_status.csv","failed_trials_csv":"/project/temp/deferiprone_single_oral_25mgkg_designcheck_20260511/validation/design_change_n403030_wtmclustT10_nomix_site403030_nondesignquota_precisionchol_basefitbootinit_preboot_20260521/runs/scenario1/bootstrap/federated/scenario1/raw_runs/run_20260521-163844/failed_trials.csv","trial_estimates_wide_csv":"/project/temp/deferiprone_single_oral_25mgkg_designcheck_20260511/validation/design_change_n403030_wtmclustT10_nomix_site403030_nondesignquota_precisionchol_basefitbootinit_preboot_20260521/runs/scenario1/bootstrap/federated/scenario1/raw_runs/run_20260521-163844/trial_estimates_wide.csv","trial_estimates_long_csv":"/project/temp/deferiprone_single_oral_25mgkg_designcheck_20260511/validation/design_change_n403030_wtmclustT10_nomix_site403030_nondesignquota_precisionchol_basefitbootinit_preboot_20260521/runs/scenario1/bootstrap/federated/scenario1/raw_runs/run_20260521-163844/trial_estimates_long.csv","result_json":"/project/temp/deferiprone_single_oral_25mgkg_designcheck_20260511/validation/design_change_n403030_wtmclustT10_nomix_site403030_nondesignquota_precisionchol_basefitbootinit_preboot_20260521/runs/scenario1/bootstrap/federated/scenario1/raw_runs/run_20260521-163844/result.json"}}}
[Kserver-1 exited with code 0
Aborting on container exit...
 Container defboot_design_change_n403030_wtmclu_scenario1_31_35-server-1  Stopping
 Container defboot_design_change_n403030_wtmclu_scenario1_31_35-server-1  Stopped
 Container defboot_design_change_n403030_wtmclu_scenario1_31_35-client1-1  Stopping
 Container defboot_design_change_n403030_wtmclu_scenario1_31_35-client2-1  Stopping
 Container defboot_design_change_n403030_wtmclu_scenario1_31_35-client3-1  Stopping
 Container defboot_design_change_n403030_wtmclu_scenario1_31_35-client2-1  Stopped
 Container defboot_design_change_n403030_wtmclu_scenario1_31_35-client3-1  Stopped
 Container defboot_design_change_n403030_wtmclu_scenario1_31_35-client1-1  Stopped
time="2026-05-22T01:54:38+09:00" level=warning msg="The \"SERVER_CONFIG_PATH\" variable is not set. Defaulting to a blank string."
 Container defboot_design_change_n403030_wtmclu_scenario1_31_35-server-1  Stopping
 Container defboot_design_change_n403030_wtmclu_scenario1_31_35-server-1  Stopped
 Container defboot_design_change_n403030_wtmclu_scenario1_31_35-server-1  Removing
 Container defboot_design_change_n403030_wtmclu_scenario1_31_35-server-1  Removed
 Container defboot_design_change_n403030_wtmclu_scenario1_31_35-client2-1  Stopping
 Container defboot_design_change_n403030_wtmclu_scenario1_31_35-client3-1  Stopping
 Container defboot_design_change_n403030_wtmclu_scenario1_31_35-client1-1  Stopping
 Container defboot_design_change_n403030_wtmclu_scenario1_31_35-client2-1  Stopped
 Container defboot_design_change_n403030_wtmclu_scenario1_31_35-client2-1  Removing
 Container defboot_design_change_n403030_wtmclu_scenario1_31_35-client3-1  Stopped
 Container defboot_design_change_n403030_wtmclu_scenario1_31_35-client3-1  Removing
 Container defboot_design_change_n403030_wtmclu_scenario1_31_35-client1-1  Stopped
 Container defboot_design_change_n403030_wtmclu_scenario1_31_35-client1-1  Removing
 Container defboot_design_change_n403030_wtmclu_scenario1_31_35-client2-1  Removed
 Container defboot_design_change_n403030_wtmclu_scenario1_31_35-client3-1  Removed
 Container defboot_design_change_n403030_wtmclu_scenario1_31_35-client1-1  Removed
 Network defboot_design_change_n403030_wtmclu_scenario1_31_35_site2_net  Removing
 Network defboot_design_change_n403030_wtmclu_scenario1_31_35_site1_net  Removing
 Network defboot_design_change_n403030_wtmclu_scenario1_31_35_site3_net  Removing
 Network defboot_design_change_n403030_wtmclu_scenario1_31_35_site2_net  Removed
 Network defboot_design_change_n403030_wtmclu_scenario1_31_35_site1_net  Removed
 Network defboot_design_change_n403030_wtmclu_scenario1_31_35_site3_net  Removed
