time="2026-05-22T02:37:42+09:00" level=warning msg="The \"SERVER_CONFIG_PATH\" variable is not set. Defaulting to a blank string."
Compose now can delegate build to bake for better performances
Just set COMPOSE_BAKE=true
#0 building with "default" instance using docker driver

#1 [client3 internal] load build definition from Dockerfile.app
#1 transferring dockerfile: 778B done
#1 DONE 0.0s

#2 [client1 internal] load build definition from Dockerfile.app
#2 transferring dockerfile: 778B done
#2 DONE 0.0s

#3 [client2 internal] load build definition from Dockerfile.app
#3 transferring dockerfile: 778B done
#3 DONE 0.0s

#4 [client2 internal] load metadata for docker.io/fedpoppk/base:0.1.0
#4 DONE 0.0s

#5 [client3 internal] load .dockerignore
#5 transferring context: 2B done
#5 DONE 0.0s

#6 [client1 internal] load .dockerignore
#6 transferring context: 2B done
#6 DONE 0.0s

#7 [client2 internal] load .dockerignore
#7 transferring context: 2B done
#7 DONE 0.0s

#8 [client2 1/8] FROM docker.io/fedpoppk/base:0.1.0
#8 DONE 0.0s

#9 [client3 internal] load build context
#9 transferring context: 736.51kB 0.3s done
#9 DONE 0.3s

#10 [client2 internal] load build context
#10 transferring context: 736.51kB 0.3s done
#10 DONE 0.3s

#11 [client1 internal] load build context
#11 transferring context: 736.51kB 0.3s done
#11 DONE 0.3s

#12 [client3 6/8] COPY R/ R/
#12 CACHED

#13 [client3 7/8] COPY analysis/ analysis/
#13 CACHED

#14 [client3 3/8] COPY renv.lock .Rprofile renv/activate.R ./
#14 CACHED

#15 [client3 5/8] COPY apps/ apps/
#15 CACHED

#16 [client3 2/8] WORKDIR /project
#16 CACHED

#17 [client3 4/8] RUN Rscript -e "options(renv.consent=TRUE, Ncpus=parallel::detectCores());                 renv::restore(prompt=FALSE)"
#17 CACHED

#18 [client1 8/8] RUN mkdir -p /project/configs/modes /project/data /project/artifacts /project/result
#18 CACHED

#19 [client3] exporting to image
#19 exporting layers done
#19 writing image sha256:a7ec107dc113a2e16c3b341477d919a8fa9b8a78a59c6b7136bf8be091376cd4 done
#19 naming to docker.io/library/defboot_design_change_n403030_wtmclu_scenario1_51_55-client3 0.0s done
#19 DONE 0.0s

#20 [client1] exporting to image
#20 exporting layers done
#20 writing image sha256:f8677438de5a96eb925640683a78218b25f2f31e0c8ea934aea14ad05439c816 done
#20 naming to docker.io/library/defboot_design_change_n403030_wtmclu_scenario1_51_55-client1 0.0s done
#20 DONE 0.0s

#21 [client2] exporting to image
#21 exporting layers done
#21 writing image sha256:31d4be218b836ade2d6d38a99d1d20c0da0f4941bc5e5147ff73f09333824bad done
#21 naming to docker.io/library/defboot_design_change_n403030_wtmclu_scenario1_51_55-client2 0.1s done
#21 DONE 0.1s

#22 [client3] resolving provenance for metadata file
#22 DONE 0.0s

#23 [client1] resolving provenance for metadata file
#23 DONE 0.0s

#24 [client2] resolving provenance for metadata file
#24 DONE 0.0s

#25 [server internal] load build definition from Dockerfile.app
#25 transferring dockerfile: 778B done
#25 DONE 0.0s

#4 [server internal] load metadata for docker.io/fedpoppk/base:0.1.0
#4 DONE 0.0s

#26 [server internal] load .dockerignore
#26 transferring context: 2B done
#26 DONE 0.0s

#8 [server 1/8] FROM docker.io/fedpoppk/base:0.1.0
#8 DONE 0.0s

#27 [server internal] load build context
#27 transferring context: 736.51kB 0.3s done
#27 DONE 0.4s

#16 [server 2/8] WORKDIR /project
#16 CACHED

#28 [server 4/8] RUN Rscript -e "options(renv.consent=TRUE, Ncpus=parallel::detectCores());                 renv::restore(prompt=FALSE)"
#28 CACHED

#29 [server 6/8] COPY R/ R/
#29 CACHED

#30 [server 7/8] COPY analysis/ analysis/
#30 CACHED

#31 [server 3/8] COPY renv.lock .Rprofile renv/activate.R ./
#31 CACHED

#32 [server 5/8] COPY apps/ apps/
#32 CACHED

#33 [server 8/8] RUN mkdir -p /project/configs/modes /project/data /project/artifacts /project/result
#33 CACHED

#34 [server] exporting to image
#34 exporting layers done
#34 writing image sha256:244bb1017ec5fa320763cb75ede77c084e63353a21ba58606f2589afd7cf253c done
#34 naming to docker.io/library/defboot_design_change_n403030_wtmclu_scenario1_51_55-server 0.0s done
#34 DONE 0.0s

#35 [server] resolving provenance for metadata file
#35 DONE 0.0s
 client1  Built
 client2  Built
 client3  Built
 server  Built
 Network defboot_design_change_n403030_wtmclu_scenario1_51_55_site3_net  Creating
 Network defboot_design_change_n403030_wtmclu_scenario1_51_55_site3_net  Created
 Network defboot_design_change_n403030_wtmclu_scenario1_51_55_site1_net  Creating
 Network defboot_design_change_n403030_wtmclu_scenario1_51_55_site1_net  Created
 Network defboot_design_change_n403030_wtmclu_scenario1_51_55_site2_net  Creating
 Network defboot_design_change_n403030_wtmclu_scenario1_51_55_site2_net  Created
 Container defboot_design_change_n403030_wtmclu_scenario1_51_55-client3-1  Creating
 Container defboot_design_change_n403030_wtmclu_scenario1_51_55-client1-1  Creating
 Container defboot_design_change_n403030_wtmclu_scenario1_51_55-client2-1  Creating
 Container defboot_design_change_n403030_wtmclu_scenario1_51_55-client3-1  Created
 Container defboot_design_change_n403030_wtmclu_scenario1_51_55-client2-1  Created
 Container defboot_design_change_n403030_wtmclu_scenario1_51_55-client1-1  Created
 Container defboot_design_change_n403030_wtmclu_scenario1_51_55-server-1  Creating
 Container defboot_design_change_n403030_wtmclu_scenario1_51_55-server-1  Created
Attaching to client1-1, client2-1, client3-1, server-1
client3-1  | Running plumber API at http://0.0.0.0:8000
client3-1  | Running swagger Docs at http://127.0.0.1:8000/__docs__/
client1-1  | Running plumber API at http://0.0.0.0:8000
client1-1  | Running swagger Docs at http://127.0.0.1:8000/__docs__/
client2-1  | Running plumber API at http://0.0.0.0:8000
client2-1  | Running swagger Docs at http://127.0.0.1:8000/__docs__/
client1-1  | ℹ parameter labels from comments are typically ignored in non-interactive mode
client3-1  | ℹ parameter labels from comments are typically ignored in non-interactive mode
client2-1  | ℹ parameter labels from comments are typically ignored in non-interactive mode
client1-1  | ℹ Need to run with the source intact to parse comments
client3-1  | ℹ Need to run with the source intact to parse comments
client2-1  | ℹ Need to run with the source intact to parse comments
server-1   | [send_init] http://client1:8000 init succeeded
server-1   | [send_init] http://client2:8000 init succeeded
server-1   | [send_init] http://client3:8000 init succeeded
server-1   | {"schema":{"schema_version":"1.1.0","generated_at":"2026-05-21T17:37:51Z","config_path":"/project/configs/../temp/deferiprone_single_oral_25mgkg_designcheck_20260511/validation/design_change_n403030_wtmclustT10_nomix_site403030_nondesignquota_precisionchol_basefitbootinit_preboot_20260521/configs/resolved/scenario1_bootstrap.json","config_md5":"9d7556058a6c3cb18af9ad7ffdd7076b","seed":4869,"host":"16e092906dc7","pid":1,"image_tag":null,"git_sha":null,"git_dirty":null},"aggregation":{"ci_method":"percentile","ci_level":0.95,"quantile_type":7,"estimates_scale":"natural"},"summary":[{"parameter":"(etaLcl,etaLvc)","median":0.054784379499,"p2.5":0.046760776787,"p97.5":0.075036874233},{"parameter":"CcPropSd","median":0.33655291717,"p2.5":0.3247352478,"p97.5":0.37160286907},{"parameter":"etaLcl","median":0.10009816584,"p2.5":0.081655347683,"p97.5":0.1254032451},{"parameter":"etaLvc","median":0.032846321857,"p2.5":0.027023150111,"p97.5":0.046442664013},{"parameter":"lcl","median":2.1571967456,"p2.5":2.1411941318,"p97.5":2.1781411938},{"parameter":"lka","median":2.1682737859,"p2.5":2.1004485108,"p97.5":2.3431670791},{"parameter":"lvc","median":2.9393505149,"p2.5":2.9264832239,"p97.5":2.9536984817},{"parameter":"rho_(etaLcl,etaLvc)","median":0.97677640599,"p2.5":0.97195140375,"p97.5":0.98339756215}],"runs":[{"tag":"trial_051_20260521-173751","value":2180.1672,"counts":[12,12],"control":{"maxit":100,"factr":1000000000,"pgtol":0,"trace":0,"method":"L-BFGS-B"},"convergence":0,"message":"CONVERGENCE: REL_REDUCTION_OF_F <= FACTR*EPSMCH","nat_par":{"lka":2.1291029657,"lcl":2.1782961363,"lvc":2.9544871712,"CcPropSd":0.32699842418,"etaLcl":0.12821061088,"etaLvc":0.046930804239,"(etaLcl,etaLvc)":0.076296115949,"rho_(etaLcl,etaLvc)":0.98358397992},"failed_clients":[],"attempt":1,"files":{"result":"/project/temp/deferiprone_single_oral_25mgkg_designcheck_20260511/validation/design_change_n403030_wtmclustT10_nomix_site403030_nondesignquota_precisionchol_basefitbootinit_preboot_20260521/runs/scenario1/bootstrap/federated/scenario1/raw_runs/run_20260521-173751/optim_result_trial_051_20260521-173751.json","trace":"/project/temp/deferiprone_single_oral_25mgkg_designcheck_20260511/validation/design_change_n403030_wtmclustT10_nomix_site403030_nondesignquota_precisionchol_basefitbootinit_preboot_20260521/runs/scenario1/bootstrap/federated/scenario1/raw_runs/run_20260521-173751/optim_trace_trial_051_20260521-173751.csv","final":"/project/temp/deferiprone_single_oral_25mgkg_designcheck_20260511/validation/design_change_n403030_wtmclustT10_nomix_site403030_nondesignquota_precisionchol_basefitbootinit_preboot_20260521/runs/scenario1/bootstrap/federated/scenario1/raw_runs/run_20260521-173751/final_params_trial_051_20260521-173751.csv"},"log_n":12,"execution_state":"completed","trial":51,"attempts":1},{"tag":"trial_052_20260521-173924","value":2189.3893,"counts":[21,21],"control":{"maxit":100,"factr":1000000000,"pgtol":0,"trace":0,"method":"L-BFGS-B"},"convergence":0,"message":"CONVERGENCE: REL_REDUCTION_OF_F <= FACTR*EPSMCH","nat_par":{"lka":2.2958444597,"lcl":2.1403705116,"lvc":2.9393505149,"CcPropSd":0.33655291717,"etaLcl":0.10013695301,"etaLvc":0.042049401973,"(etaLcl,etaLvc)":0.06370369879,"rho_(etaLcl,etaLvc)":0.98171980219},"failed_clients":[],"attempt":1,"files":{"result":"/project/temp/deferiprone_single_oral_25mgkg_designcheck_20260511/validation/design_change_n403030_wtmclustT10_nomix_site403030_nondesignquota_precisionchol_basefitbootinit_preboot_20260521/runs/scenario1/bootstrap/federated/scenario1/raw_runs/run_20260521-173751/optim_result_trial_052_20260521-173924.json","trace":"/project/temp/deferiprone_single_oral_25mgkg_designcheck_20260511/validation/design_change_n403030_wtmclustT10_nomix_site403030_nondesignquota_precisionchol_basefitbootinit_preboot_20260521/runs/scenario1/bootstrap/federated/scenario1/raw_runs/run_20260521-173751/optim_trace_trial_052_20260521-173924.csv","final":"/project/temp/deferiprone_single_oral_25mgkg_designcheck_20260511/validation/design_change_n403030_wtmclustT10_nomix_site403030_nondesignquota_precisionchol_basefitbootinit_preboot_20260521/runs/scenario1/bootstrap/federated/scenario1/raw_runs/run_20260521-173751/final_params_trial_052_20260521-173924.csv"},"log_n":21,"execution_state":"completed","trial":52,"attempts":1},{"tag":"trial_053_20260521-174202","value":2176.8264,"counts":[16,16],"control":{"maxit":100,"factr":1000000000,"pgtol":0,"trace":0,"method":"L-BFGS-B"},"convergence":0,"message":"CONVERGENCE: REL_REDUCTION_OF_F <= FACTR*EPSMCH","nat_par":{"lka":2.348425148,"lcl":2.1571967456,"lvc":2.9264175691,"CcPropSd":0.34105986254,"etaLcl":0.081193750382,"etaLvc":0.032846321857,"(etaLcl,etaLvc)":0.050442875298,"rho_(etaLcl,etaLvc)":0.97677640599},"failed_clients":[],"attempt":1,"files":{"result":"/project/temp/deferiprone_single_oral_25mgkg_designcheck_20260511/validation/design_change_n403030_wtmclustT10_nomix_site403030_nondesignquota_precisionchol_basefitbootinit_preboot_20260521/runs/scenario1/bootstrap/federated/scenario1/raw_runs/run_20260521-173751/optim_result_trial_053_20260521-174202.json","trace":"/project/temp/deferiprone_single_oral_25mgkg_designcheck_20260511/validation/design_change_n403030_wtmclustT10_nomix_site403030_nondesignquota_precisionchol_basefitbootinit_preboot_20260521/runs/scenario1/bootstrap/federated/scenario1/raw_runs/run_20260521-173751/optim_trace_trial_053_20260521-174202.csv","final":"/project/temp/deferiprone_single_oral_25mgkg_designcheck_20260511/validation/design_change_n403030_wtmclustT10_nomix_site403030_nondesignquota_precisionchol_basefitbootinit_preboot_20260521/runs/scenario1/bootstrap/federated/scenario1/raw_runs/run_20260521-173751/final_params_trial_053_20260521-174202.csv"},"log_n":16,"execution_state":"completed","trial":53,"attempts":1},{"tag":"trial_054_20260521-174404","value":2175.2235,"counts":[21,21],"control":{"maxit":100,"factr":1000000000,"pgtol":0,"trace":0,"method":"L-BFGS-B"},"convergence":0,"message":"CONVERGENCE: REL_REDUCTION_OF_F <= FACTR*EPSMCH","nat_par":{"lka":2.0972646825,"lcl":2.1486067136,"lvc":2.9270741169,"CcPropSd":0.32448378375,"etaLcl":0.085809723396,"etaLvc":0.026527202308,"(etaLcl,etaLvc)":0.04635165473,"rho_(etaLcl,etaLvc)":0.97151892963},"failed_clients":[],"attempt":1,"files":{"result":"/project/temp/deferiprone_single_oral_25mgkg_designcheck_20260511/validation/design_change_n403030_wtmclustT10_nomix_site403030_nondesignquota_precisionchol_basefitbootinit_preboot_20260521/runs/scenario1/bootstrap/federated/scenario1/raw_runs/run_20260521-173751/optim_result_trial_054_20260521-174404.json","trace":"/project/temp/deferiprone_single_oral_25mgkg_designcheck_20260511/validation/design_change_n403030_wtmclustT10_nomix_site403030_nondesignquota_precisionchol_basefitbootinit_preboot_20260521/runs/scenario1/bootstrap/federated/scenario1/raw_runs/run_20260521-173751/optim_trace_trial_054_20260521-174404.csv","final":"/project/temp/deferiprone_single_oral_25mgkg_designcheck_20260511/validation/design_change_n403030_wtmclustT10_nomix_site403030_nondesignquota_precisionchol_basefitbootinit_preboot_20260521/runs/scenario1/bootstrap/federated/scenario1/raw_runs/run_20260521-173751/final_params_trial_054_20260521-174404.csv"},"log_n":21,"execution_state":"completed","trial":54,"attempts":1},{"tag":"trial_055_20260521-174643","value":2235.6102,"counts":[16,16],"control":{"maxit":100,"factr":1000000000,"pgtol":0,"trace":0,"method":"L-BFGS-B"},"convergence":0,"message":"CONVERGENCE: REL_REDUCTION_OF_F <= FACTR*EPSMCH","nat_par":{"lka":2.1682737859,"lcl":2.1767467104,"lvc":2.9466002767,"CcPropSd":0.37499653646,"etaLcl":0.10009816584,"etaLvc":0.031486680342,"(etaLcl,etaLvc)":0.054784379499,"rho_(etaLcl,etaLvc)":0.97584367076},"failed_clients":[],"attempt":1,"files":{"result":"/project/temp/deferiprone_single_oral_25mgkg_designcheck_20260511/validation/design_change_n403030_wtmclustT10_nomix_site403030_nondesignquota_precisionchol_basefitbootinit_preboot_20260521/runs/scenario1/bootstrap/federated/scenario1/raw_runs/run_20260521-173751/optim_result_trial_055_20260521-174643.json","trace":"/project/temp/deferiprone_single_oral_25mgkg_designcheck_20260511/validation/design_change_n403030_wtmclustT10_nomix_site403030_nondesignquota_precisionchol_basefitbootinit_preboot_20260521/runs/scenario1/bootstrap/federated/scenario1/raw_runs/run_20260521-173751/optim_trace_trial_055_20260521-174643.csv","final":"/project/temp/deferiprone_single_oral_25mgkg_designcheck_20260511/validation/design_change_n403030_wtmclustT10_nomix_site403030_nondesignquota_precisionchol_basefitbootinit_preboot_20260521/runs/scenario1/bootstrap/federated/scenario1/raw_runs/run_20260521-173751/final_params_trial_055_20260521-174643.csv"},"log_n":16,"execution_state":"completed","trial":55,"attempts":1}],"trial_status":[{"trial":51,"execution_state":"completed","converged":true,"attempts":1,"convergence":0,"value":2180.1672,"eval_fn":12,"eval_gr":12,"log_n":12,"failed_clients_n":0,"message":"CONVERGENCE: REL_REDUCTION_OF_F <= FACTR*EPSMCH","result_file":"/project/temp/deferiprone_single_oral_25mgkg_designcheck_20260511/validation/design_change_n403030_wtmclustT10_nomix_site403030_nondesignquota_precisionchol_basefitbootinit_preboot_20260521/runs/scenario1/bootstrap/federated/scenario1/raw_runs/run_20260521-173751/optim_result_trial_051_20260521-173751.json","trace_file":"/project/temp/deferiprone_single_oral_25mgkg_designcheck_20260511/validation/design_change_n403030_wtmclustT10_nomix_site403030_nondesignquota_precisionchol_basefitbootinit_preboot_20260521/runs/scenario1/bootstrap/federated/scenario1/raw_runs/run_20260521-173751/optim_trace_trial_051_20260521-173751.csv","final_file":"/project/temp/deferiprone_single_oral_25mgkg_designcheck_20260511/validation/design_change_n403030_wtmclustT10_nomix_site403030_nondesignquota_precisionchol_basefitbootinit_preboot_20260521/runs/scenario1/bootstrap/federated/scenario1/raw_runs/run_20260521-173751/final_params_trial_051_20260521-173751.csv"},{"trial":52,"execution_state":"completed","converged":true,"attempts":1,"convergence":0,"value":2189.3893,"eval_fn":21,"eval_gr":21,"log_n":21,"failed_clients_n":0,"message":"CONVERGENCE: REL_REDUCTION_OF_F <= FACTR*EPSMCH","result_file":"/project/temp/deferiprone_single_oral_25mgkg_designcheck_20260511/validation/design_change_n403030_wtmclustT10_nomix_site403030_nondesignquota_precisionchol_basefitbootinit_preboot_20260521/runs/scenario1/bootstrap/federated/scenario1/raw_runs/run_20260521-173751/optim_result_trial_052_20260521-173924.json","trace_file":"/project/temp/deferiprone_single_oral_25mgkg_designcheck_20260511/validation/design_change_n403030_wtmclustT10_nomix_site403030_nondesignquota_precisionchol_basefitbootinit_preboot_20260521/runs/scenario1/bootstrap/federated/scenario1/raw_runs/run_20260521-173751/optim_trace_trial_052_20260521-173924.csv","final_file":"/project/temp/deferiprone_single_oral_25mgkg_designcheck_20260511/validation/design_change_n403030_wtmclustT10_nomix_site403030_nondesignquota_precisionchol_basefitbootinit_preboot_20260521/runs/scenario1/bootstrap/federated/scenario1/raw_runs/run_20260521-173751/final_params_trial_052_20260521-173924.csv"},{"trial":53,"execution_state":"completed","converged":true,"attempts":1,"convergence":0,"value":2176.8264,"eval_fn":16,"eval_gr":16,"log_n":16,"failed_clients_n":0,"message":"CONVERGENCE: REL_REDUCTION_OF_F <= FACTR*EPSMCH","result_file":"/project/temp/deferiprone_single_oral_25mgkg_designcheck_20260511/validation/design_change_n403030_wtmclustT10_nomix_site403030_nondesignquota_precisionchol_basefitbootinit_preboot_20260521/runs/scenario1/bootstrap/federated/scenario1/raw_runs/run_20260521-173751/optim_result_trial_053_20260521-174202.json","trace_file":"/project/temp/deferiprone_single_oral_25mgkg_designcheck_20260511/validation/design_change_n403030_wtmclustT10_nomix_site403030_nondesignquota_precisionchol_basefitbootinit_preboot_20260521/runs/scenario1/bootstrap/federated/scenario1/raw_runs/run_20260521-173751/optim_trace_trial_053_20260521-174202.csv","final_file":"/project/temp/deferiprone_single_oral_25mgkg_designcheck_20260511/validation/design_change_n403030_wtmclustT10_nomix_site403030_nondesignquota_precisionchol_basefitbootinit_preboot_20260521/runs/scenario1/bootstrap/federated/scenario1/raw_runs/run_20260521-173751/final_params_trial_053_20260521-174202.csv"},{"trial":54,"execution_state":"completed","converged":true,"attempts":1,"convergence":0,"value":2175.2235,"eval_fn":21,"eval_gr":21,"log_n":21,"failed_clients_n":0,"message":"CONVERGENCE: REL_REDUCTION_OF_F <= FACTR*EPSMCH","result_file":"/project/temp/deferiprone_single_oral_25mgkg_designcheck_20260511/validation/design_change_n403030_wtmclustT10_nomix_site403030_nondesignquota_precisionchol_basefitbootinit_preboot_20260521/runs/scenario1/bootstrap/federated/scenario1/raw_runs/run_20260521-173751/optim_result_trial_054_20260521-174404.json","trace_file":"/project/temp/deferiprone_single_oral_25mgkg_designcheck_20260511/validation/design_change_n403030_wtmclustT10_nomix_site403030_nondesignquota_precisionchol_basefitbootinit_preboot_20260521/runs/scenario1/bootstrap/federated/scenario1/raw_runs/run_20260521-173751/optim_trace_trial_054_20260521-174404.csv","final_file":"/project/temp/deferiprone_single_oral_25mgkg_designcheck_20260511/validation/design_change_n403030_wtmclustT10_nomix_site403030_nondesignquota_precisionchol_basefitbootinit_preboot_20260521/runs/scenario1/bootstrap/federated/scenario1/raw_runs/run_20260521-173751/final_params_trial_054_20260521-174404.csv"},{"trial":55,"execution_state":"completed","converged":true,"attempts":1,"convergence":0,"value":2235.6102,"eval_fn":16,"eval_gr":16,"log_n":16,"failed_clients_n":0,"message":"CONVERGENCE: REL_REDUCTION_OF_F <= FACTR*EPSMCH","result_file":"/project/temp/deferiprone_single_oral_25mgkg_designcheck_20260511/validation/design_change_n403030_wtmclustT10_nomix_site403030_nondesignquota_precisionchol_basefitbootinit_preboot_20260521/runs/scenario1/bootstrap/federated/scenario1/raw_runs/run_20260521-173751/optim_result_trial_055_20260521-174643.json","trace_file":"/project/temp/deferiprone_single_oral_25mgkg_designcheck_20260511/validation/design_change_n403030_wtmclustT10_nomix_site403030_nondesignquota_precisionchol_basefitbootinit_preboot_20260521/runs/scenario1/bootstrap/federated/scenario1/raw_runs/run_20260521-173751/optim_trace_trial_055_20260521-174643.csv","final_file":"/project/temp/deferiprone_single_oral_25mgkg_designcheck_20260511/validation/design_change_n403030_wtmclustT10_nomix_site403030_nondesignquota_precisionchol_basefitbootinit_preboot_20260521/runs/scenario1/bootstrap/federated/scenario1/raw_runs/run_20260521-173751/final_params_trial_055_20260521-174643.csv"}],"info":{"run_id":"20260521-173751","log_base_dir":"/project/temp/deferiprone_single_oral_25mgkg_designcheck_20260511/validation/design_change_n403030_wtmclustT10_nomix_site403030_nondesignquota_precisionchol_basefitbootinit_preboot_20260521/runs/scenario1/bootstrap/federated","scenario":"scenario1/raw_runs","total_trials":5,"successes":5,"failures":0,"nonconverged_count":0,"nonconverged_trials":[],"convergence_missing_count":0,"seed_base":4869,"B_per_client":500,"duration_sec":659.0755016804,"host":"16e092906dc7","image_tag":null,"communication":{"generated_at":"2026-05-21T17:48:44Z","totals":{"requests":519,"request_bytes":579471,"response_bytes":131645,"total_bytes":711116,"retries":0},"init":{"requests":3,"request_bytes":8139,"response_bytes":1161,"total_bytes":9300,"retries":0,"median_elapsed_sec":0.36327719688},"init_round_latency":{"n_rounds":1,"median_round_wall_sec":0.36577153206,"p95_round_wall_sec":0.36577153206},"run":{"requests":0,"request_bytes":0,"response_bytes":0,"total_bytes":0,"retries":0,"median_elapsed_sec":"NA"},"run_bootstrap":{"requests":516,"request_bytes":571332,"response_bytes":130484,"total_bytes":701816,"retries":0,"median_elapsed_sec":3.6300510168},"round_latency":{"n_rounds":172,"median_round_wall_sec":3.7539249659,"p95_round_wall_sec":4.0482033014},"timing_split":{"n_rounds":172,"rounds_with_compute":172,"total_round_wall_sec":649.5038118362,"total_round_compute_wall_sec":643.8365,"total_round_comm_overhead_wall_sec":5.6673118362,"comm_overhead_ratio":0.0087256021181,"compute_ratio":0.99127439788}},"communication_files":{"csv":"/project/temp/deferiprone_single_oral_25mgkg_designcheck_20260511/validation/design_change_n403030_wtmclustT10_nomix_site403030_nondesignquota_precisionchol_basefitbootinit_preboot_20260521/runs/scenario1/bootstrap/federated/scenario1/raw_runs/run_20260521-173751/comm_metrics.csv","json":"/project/temp/deferiprone_single_oral_25mgkg_designcheck_20260511/validation/design_change_n403030_wtmclustT10_nomix_site403030_nondesignquota_precisionchol_basefitbootinit_preboot_20260521/runs/scenario1/bootstrap/federated/scenario1/raw_runs/run_20260521-173751/comm_metrics.json"},"output_files":{"bootstrap_summary_csv":"/project/temp/deferiprone_single_oral_25mgkg_designcheck_20260511/validation/design_change_n403030_wtmclustT10_nomix_site403030_nondesignquota_precisionchol_basefitbootinit_preboot_20260521/runs/scenario1/bootstrap/federated/scenario1/raw_runs/run_20260521-173751/bootstrap_summary.csv","bootstrap_summary_json":"/project/temp/deferiprone_single_oral_25mgkg_designcheck_20260511/validation/design_change_n403030_wtmclustT10_nomix_site403030_nondesignquota_precisionchol_basefitbootinit_preboot_20260521/runs/scenario1/bootstrap/federated/scenario1/raw_runs/run_20260521-173751/bootstrap_summary.json","trial_status_csv":"/project/temp/deferiprone_single_oral_25mgkg_designcheck_20260511/validation/design_change_n403030_wtmclustT10_nomix_site403030_nondesignquota_precisionchol_basefitbootinit_preboot_20260521/runs/scenario1/bootstrap/federated/scenario1/raw_runs/run_20260521-173751/trial_status.csv","failed_trials_csv":"/project/temp/deferiprone_single_oral_25mgkg_designcheck_20260511/validation/design_change_n403030_wtmclustT10_nomix_site403030_nondesignquota_precisionchol_basefitbootinit_preboot_20260521/runs/scenario1/bootstrap/federated/scenario1/raw_runs/run_20260521-173751/failed_trials.csv","trial_estimates_wide_csv":"/project/temp/deferiprone_single_oral_25mgkg_designcheck_20260511/validation/design_change_n403030_wtmclustT10_nomix_site403030_nondesignquota_precisionchol_basefitbootinit_preboot_20260521/runs/scenario1/bootstrap/federated/scenario1/raw_runs/run_20260521-173751/trial_estimates_wide.csv","trial_estimates_long_csv":"/project/temp/deferiprone_single_oral_25mgkg_designcheck_20260511/validation/design_change_n403030_wtmclustT10_nomix_site403030_nondesignquota_precisionchol_basefitbootinit_preboot_20260521/runs/scenario1/bootstrap/federated/scenario1/raw_runs/run_20260521-173751/trial_estimates_long.csv","result_json":"/project/temp/deferiprone_single_oral_25mgkg_designcheck_20260511/validation/design_change_n403030_wtmclustT10_nomix_site403030_nondesignquota_precisionchol_basefitbootinit_preboot_20260521/runs/scenario1/bootstrap/federated/scenario1/raw_runs/run_20260521-173751/result.json"}}}
[Kserver-1 exited with code 0
Aborting on container exit...
 Container defboot_design_change_n403030_wtmclu_scenario1_51_55-server-1  Stopping
 Container defboot_design_change_n403030_wtmclu_scenario1_51_55-server-1  Stopped
 Container defboot_design_change_n403030_wtmclu_scenario1_51_55-client2-1  Stopping
 Container defboot_design_change_n403030_wtmclu_scenario1_51_55-client3-1  Stopping
 Container defboot_design_change_n403030_wtmclu_scenario1_51_55-client1-1  Stopping
 Container defboot_design_change_n403030_wtmclu_scenario1_51_55-client2-1  Stopped
 Container defboot_design_change_n403030_wtmclu_scenario1_51_55-client1-1  Stopped
 Container defboot_design_change_n403030_wtmclu_scenario1_51_55-client3-1  Stopped
time="2026-05-22T02:48:55+09:00" level=warning msg="The \"SERVER_CONFIG_PATH\" variable is not set. Defaulting to a blank string."
 Container defboot_design_change_n403030_wtmclu_scenario1_51_55-server-1  Stopping
 Container defboot_design_change_n403030_wtmclu_scenario1_51_55-server-1  Stopped
 Container defboot_design_change_n403030_wtmclu_scenario1_51_55-server-1  Removing
 Container defboot_design_change_n403030_wtmclu_scenario1_51_55-server-1  Removed
 Container defboot_design_change_n403030_wtmclu_scenario1_51_55-client3-1  Stopping
 Container defboot_design_change_n403030_wtmclu_scenario1_51_55-client2-1  Stopping
 Container defboot_design_change_n403030_wtmclu_scenario1_51_55-client1-1  Stopping
 Container defboot_design_change_n403030_wtmclu_scenario1_51_55-client3-1  Stopped
 Container defboot_design_change_n403030_wtmclu_scenario1_51_55-client3-1  Removing
 Container defboot_design_change_n403030_wtmclu_scenario1_51_55-client2-1  Stopped
 Container defboot_design_change_n403030_wtmclu_scenario1_51_55-client2-1  Removing
 Container defboot_design_change_n403030_wtmclu_scenario1_51_55-client1-1  Stopped
 Container defboot_design_change_n403030_wtmclu_scenario1_51_55-client1-1  Removing
 Container defboot_design_change_n403030_wtmclu_scenario1_51_55-client3-1  Removed
 Container defboot_design_change_n403030_wtmclu_scenario1_51_55-client1-1  Removed
 Container defboot_design_change_n403030_wtmclu_scenario1_51_55-client2-1  Removed
 Network defboot_design_change_n403030_wtmclu_scenario1_51_55_site3_net  Removing
 Network defboot_design_change_n403030_wtmclu_scenario1_51_55_site1_net  Removing
 Network defboot_design_change_n403030_wtmclu_scenario1_51_55_site2_net  Removing
 Network defboot_design_change_n403030_wtmclu_scenario1_51_55_site3_net  Removed
 Network defboot_design_change_n403030_wtmclu_scenario1_51_55_site1_net  Removed
 Network defboot_design_change_n403030_wtmclu_scenario1_51_55_site2_net  Removed
