time="2026-05-22T20:48:45+09:00" level=warning msg="The \"SERVER_CONFIG_PATH\" variable is not set. Defaulting to a blank string."
Compose now can delegate build to bake for better performances
Just set COMPOSE_BAKE=true
#0 building with "default" instance using docker driver

#1 [client1 internal] load build definition from Dockerfile.app
#1 transferring dockerfile: 778B done
#1 DONE 0.0s

#2 [client2 internal] load build definition from Dockerfile.app
#2 transferring dockerfile: 778B done
#2 DONE 0.0s

#3 [client3 internal] load build definition from Dockerfile.app
#3 transferring dockerfile: 778B done
#3 DONE 0.0s

#4 [client3 internal] load metadata for docker.io/fedpoppk/base:0.1.0
#4 DONE 0.0s

#5 [client1 internal] load .dockerignore
#5 transferring context: 2B done
#5 DONE 0.0s

#6 [client2 internal] load .dockerignore
#6 transferring context: 2B done
#6 DONE 0.0s

#7 [client2 1/8] FROM docker.io/fedpoppk/base:0.1.0
#7 DONE 0.0s

#8 [client3 internal] load .dockerignore
#8 transferring context: 2B done
#8 DONE 0.0s

#9 [client3 internal] load build context
#9 transferring context: 736.51kB 0.3s done
#9 DONE 0.3s

#10 [client1 internal] load build context
#10 transferring context: 736.51kB 0.3s done
#10 DONE 0.3s

#11 [client2 internal] load build context
#11 transferring context: 736.51kB 0.3s done
#11 DONE 0.3s

#12 [client1 2/8] WORKDIR /project
#12 CACHED

#13 [client1 6/8] COPY R/ R/
#13 CACHED

#14 [client1 3/8] COPY renv.lock .Rprofile renv/activate.R ./
#14 CACHED

#15 [client1 4/8] RUN Rscript -e "options(renv.consent=TRUE, Ncpus=parallel::detectCores());                 renv::restore(prompt=FALSE)"
#15 CACHED

#16 [client1 7/8] COPY analysis/ analysis/
#16 CACHED

#17 [client1 5/8] COPY apps/ apps/
#17 CACHED

#18 [client3 8/8] RUN mkdir -p /project/configs/modes /project/data /project/artifacts /project/result
#18 CACHED

#19 [client2] exporting to image
#19 exporting layers done
#19 writing image sha256:5cec6ec2c7cb1c0d68eb02850cda405ef6de20d083ad9be2fc8c3be64a1470bc done
#19 naming to docker.io/library/defboot_design_change_n403030_wtmclu_scenario1_406_410-client2 0.0s done
#19 DONE 0.0s

#20 [client3] exporting to image
#20 exporting layers done
#20 writing image sha256:d82663136c1050fe02ce614dd14ccdd45d54a3e488de5e5a75bc9989b0a971d3 done
#20 naming to docker.io/library/defboot_design_change_n403030_wtmclu_scenario1_406_410-client3 0.0s done
#20 DONE 0.0s

#21 [client1] exporting to image
#21 exporting layers done
#21 writing image sha256:d86219f158e3f684b17df2659574cfda6a23443a17af7dba740426aa4f9020c1 done
#21 naming to docker.io/library/defboot_design_change_n403030_wtmclu_scenario1_406_410-client1 0.0s done
#21 DONE 0.0s

#22 [client2] resolving provenance for metadata file
#22 DONE 0.0s

#23 [client3] resolving provenance for metadata file
#23 DONE 0.0s

#24 [client1] resolving provenance for metadata file
#24 DONE 0.0s

#25 [server internal] load build definition from Dockerfile.app
#25 transferring dockerfile: 778B done
#25 DONE 0.0s

#4 [server internal] load metadata for docker.io/fedpoppk/base:0.1.0
#4 DONE 0.0s

#26 [server internal] load .dockerignore
#26 transferring context: 2B done
#26 DONE 0.0s

#7 [server 1/8] FROM docker.io/fedpoppk/base:0.1.0
#7 DONE 0.0s

#27 [server internal] load build context
#27 transferring context: 736.51kB 0.3s done
#27 DONE 0.3s

#12 [server 2/8] WORKDIR /project
#12 CACHED

#28 [server 5/8] COPY apps/ apps/
#28 CACHED

#29 [server 7/8] COPY analysis/ analysis/
#29 CACHED

#30 [server 4/8] RUN Rscript -e "options(renv.consent=TRUE, Ncpus=parallel::detectCores());                 renv::restore(prompt=FALSE)"
#30 CACHED

#31 [server 3/8] COPY renv.lock .Rprofile renv/activate.R ./
#31 CACHED

#32 [server 6/8] COPY R/ R/
#32 CACHED

#33 [server 8/8] RUN mkdir -p /project/configs/modes /project/data /project/artifacts /project/result
#33 CACHED

#34 [server] exporting to image
#34 exporting layers done
#34 writing image sha256:4f4f16215db9b1e3cd7acbd924ad6cf9002b6fc6f7b82bea6155ff928added72 done
#34 naming to docker.io/library/defboot_design_change_n403030_wtmclu_scenario1_406_410-server 0.0s done
#34 DONE 0.0s

#35 [server] resolving provenance for metadata file
#35 DONE 0.0s
 client1  Built
 client2  Built
 client3  Built
 server  Built
 Network defboot_design_change_n403030_wtmclu_scenario1_406_410_site2_net  Creating
 Network defboot_design_change_n403030_wtmclu_scenario1_406_410_site2_net  Created
 Network defboot_design_change_n403030_wtmclu_scenario1_406_410_site3_net  Creating
 Network defboot_design_change_n403030_wtmclu_scenario1_406_410_site3_net  Created
 Network defboot_design_change_n403030_wtmclu_scenario1_406_410_site1_net  Creating
 Network defboot_design_change_n403030_wtmclu_scenario1_406_410_site1_net  Created
 Container defboot_design_change_n403030_wtmclu_scenario1_406_410-client3-1  Creating
 Container defboot_design_change_n403030_wtmclu_scenario1_406_410-client2-1  Creating
 Container defboot_design_change_n403030_wtmclu_scenario1_406_410-client1-1  Creating
 Container defboot_design_change_n403030_wtmclu_scenario1_406_410-client3-1  Created
 Container defboot_design_change_n403030_wtmclu_scenario1_406_410-client1-1  Created
 Container defboot_design_change_n403030_wtmclu_scenario1_406_410-client2-1  Created
 Container defboot_design_change_n403030_wtmclu_scenario1_406_410-server-1  Creating
 Container defboot_design_change_n403030_wtmclu_scenario1_406_410-server-1  Created
Attaching to client1-1, client2-1, client3-1, server-1
client1-1  | Running plumber API at http://0.0.0.0:8000
client1-1  | Running swagger Docs at http://127.0.0.1:8000/__docs__/
client2-1  | Running plumber API at http://0.0.0.0:8000
client2-1  | Running swagger Docs at http://127.0.0.1:8000/__docs__/
client3-1  | Running plumber API at http://0.0.0.0:8000
client3-1  | Running swagger Docs at http://127.0.0.1:8000/__docs__/
client1-1  | ℹ parameter labels from comments are typically ignored in non-interactive mode
client1-1  | ℹ Need to run with the source intact to parse comments
client2-1  | ℹ parameter labels from comments are typically ignored in non-interactive mode
client2-1  | ℹ Need to run with the source intact to parse comments
client3-1  | ℹ parameter labels from comments are typically ignored in non-interactive mode
client3-1  | ℹ Need to run with the source intact to parse comments
server-1   | [send_init] http://client1:8000 init succeeded
server-1   | [send_init] http://client2:8000 init succeeded
server-1   | [send_init] http://client3:8000 init succeeded
server-1   | {"schema":{"schema_version":"1.1.0","generated_at":"2026-05-22T11:48:53Z","config_path":"/project/configs/../temp/deferiprone_single_oral_25mgkg_designcheck_20260511/validation/design_change_n403030_wtmclustT10_nomix_site403030_nondesignquota_precisionchol_basefitbootinit_preboot_20260521/configs/resolved/scenario1_bootstrap.json","config_md5":"9d7556058a6c3cb18af9ad7ffdd7076b","seed":4869,"host":"cffdf0382e82","pid":1,"image_tag":null,"git_sha":null,"git_dirty":null},"aggregation":{"ci_method":"percentile","ci_level":0.95,"quantile_type":7,"estimates_scale":"natural"},"summary":[{"parameter":"(etaLcl,etaLvc)","median":0.064093843504,"p2.5":0.05786294575,"p97.5":0.071201891774},{"parameter":"CcPropSd","median":0.34925020673,"p2.5":0.32339330385,"p97.5":0.37350914414},{"parameter":"etaLcl","median":0.11461603446,"p2.5":0.098232837805,"p97.5":0.13256476409},{"parameter":"etaLvc","median":0.039769122491,"p2.5":0.030404684249,"p97.5":0.044308458142},{"parameter":"lcl","median":2.2171845185,"p2.5":2.1248149321,"p97.5":2.2286429662},{"parameter":"lka","median":2.3691692458,"p2.5":2.1434620894,"p97.5":2.5143984806},{"parameter":"lvc","median":2.9950562651,"p2.5":2.9347744497,"p97.5":3.0499734973},{"parameter":"rho_(etaLcl,etaLvc)","median":0.98070735573,"p2.5":0.97502209438,"p97.5":0.98261360459}],"runs":[{"tag":"trial_406_20260522-114853","value":2208.6821,"counts":[32,32],"control":{"maxit":100,"factr":1000000000,"pgtol":0,"trace":0,"method":"L-BFGS-B"},"convergence":0,"message":"CONVERGENCE: REL_REDUCTION_OF_F <= FACTR*EPSMCH","nat_par":{"lka":2.5021908736,"lcl":2.1677255305,"lvc":2.9743752831,"CcPropSd":0.32281697702,"etaLcl":0.13167798563,"etaLvc":0.040773322117,"(etaLcl,etaLvc)":0.071895243424,"rho_(etaLcl,etaLvc)":0.98119544242},"failed_clients":[],"attempt":1,"files":{"result":"/project/temp/deferiprone_single_oral_25mgkg_designcheck_20260511/validation/design_change_n403030_wtmclustT10_nomix_site403030_nondesignquota_precisionchol_basefitbootinit_preboot_20260521/runs/scenario1/bootstrap/federated/scenario1/raw_runs/run_20260522-114853/optim_result_trial_406_20260522-114853.json","trace":"/project/temp/deferiprone_single_oral_25mgkg_designcheck_20260511/validation/design_change_n403030_wtmclustT10_nomix_site403030_nondesignquota_precisionchol_basefitbootinit_preboot_20260521/runs/scenario1/bootstrap/federated/scenario1/raw_runs/run_20260522-114853/optim_trace_trial_406_20260522-114853.csv","final":"/project/temp/deferiprone_single_oral_25mgkg_designcheck_20260511/validation/design_change_n403030_wtmclustT10_nomix_site403030_nondesignquota_precisionchol_basefitbootinit_preboot_20260521/runs/scenario1/bootstrap/federated/scenario1/raw_runs/run_20260522-114853/final_params_trial_406_20260522-114853.csv"},"log_n":31,"execution_state":"completed","trial":406,"attempts":1},{"tag":"trial_407_20260522-115249","value":2264.9884,"counts":[20,20],"control":{"maxit":100,"factr":1000000000,"pgtol":0,"trace":0,"method":"L-BFGS-B"},"convergence":0,"message":"CONVERGENCE: REL_REDUCTION_OF_F <= FACTR*EPSMCH","nat_par":{"lka":2.2613537787,"lcl":2.1200470878,"lvc":2.9303743571,"CcPropSd":0.34925020673,"etaLcl":0.13266329503,"etaLvc":0.032469088179,"(etaLcl,etaLvc)":0.064093843504,"rho_(etaLcl,etaLvc)":0.97657562303},"failed_clients":[],"attempt":1,"files":{"result":"/project/temp/deferiprone_single_oral_25mgkg_designcheck_20260511/validation/design_change_n403030_wtmclustT10_nomix_site403030_nondesignquota_precisionchol_basefitbootinit_preboot_20260521/runs/scenario1/bootstrap/federated/scenario1/raw_runs/run_20260522-114853/optim_result_trial_407_20260522-115249.json","trace":"/project/temp/deferiprone_single_oral_25mgkg_designcheck_20260511/validation/design_change_n403030_wtmclustT10_nomix_site403030_nondesignquota_precisionchol_basefitbootinit_preboot_20260521/runs/scenario1/bootstrap/federated/scenario1/raw_runs/run_20260522-114853/optim_trace_trial_407_20260522-115249.csv","final":"/project/temp/deferiprone_single_oral_25mgkg_designcheck_20260511/validation/design_change_n403030_wtmclustT10_nomix_site403030_nondesignquota_precisionchol_basefitbootinit_preboot_20260521/runs/scenario1/bootstrap/federated/scenario1/raw_runs/run_20260522-114853/final_params_trial_407_20260522-115249.csv"},"log_n":20,"execution_state":"completed","trial":407,"attempts":1},{"tag":"trial_408_20260522-115521","value":2147.4187,"counts":[14,14],"control":{"maxit":100,"factr":1000000000,"pgtol":0,"trace":0,"method":"L-BFGS-B"},"convergence":0,"message":"CONVERGENCE: REL_REDUCTION_OF_F <= FACTR*EPSMCH","nat_par":{"lka":2.1303630128,"lcl":2.2294260501,"lvc":2.9950562651,"CcPropSd":0.32858024528,"etaLcl":0.10263133533,"etaLvc":0.039769122491,"(etaLcl,etaLvc)":0.062654522809,"rho_(etaLcl,etaLvc)":0.98070735573},"failed_clients":[],"attempt":1,"files":{"result":"/project/temp/deferiprone_single_oral_25mgkg_designcheck_20260511/validation/design_change_n403030_wtmclustT10_nomix_site403030_nondesignquota_precisionchol_basefitbootinit_preboot_20260521/runs/scenario1/bootstrap/federated/scenario1/raw_runs/run_20260522-114853/optim_result_trial_408_20260522-115521.json","trace":"/project/temp/deferiprone_single_oral_25mgkg_designcheck_20260511/validation/design_change_n403030_wtmclustT10_nomix_site403030_nondesignquota_precisionchol_basefitbootinit_preboot_20260521/runs/scenario1/bootstrap/federated/scenario1/raw_runs/run_20260522-114853/optim_trace_trial_408_20260522-115521.csv","final":"/project/temp/deferiprone_single_oral_25mgkg_designcheck_20260511/validation/design_change_n403030_wtmclustT10_nomix_site403030_nondesignquota_precisionchol_basefitbootinit_preboot_20260521/runs/scenario1/bootstrap/federated/scenario1/raw_runs/run_20260522-114853/final_params_trial_408_20260522-115521.csv"},"log_n":14,"execution_state":"completed","trial":408,"attempts":1},{"tag":"trial_409_20260522-115707","value":2221.8589,"counts":[23,23],"control":{"maxit":100,"factr":1000000000,"pgtol":0,"trace":0,"method":"L-BFGS-B"},"convergence":0,"message":"CONVERGENCE: REL_REDUCTION_OF_F <= FACTR*EPSMCH","nat_par":{"lka":2.3691692458,"lcl":2.2171845185,"lvc":3.0537811419,"CcPropSd":0.37601370529,"etaLcl":0.097744115858,"etaLvc":0.044701251033,"(etaLcl,etaLvc)":0.064961726921,"rho_(etaLcl,etaLvc)":0.98277117816},"failed_clients":[],"attempt":1,"files":{"result":"/project/temp/deferiprone_single_oral_25mgkg_designcheck_20260511/validation/design_change_n403030_wtmclustT10_nomix_site403030_nondesignquota_precisionchol_basefitbootinit_preboot_20260521/runs/scenario1/bootstrap/federated/scenario1/raw_runs/run_20260522-114853/optim_result_trial_409_20260522-115707.json","trace":"/project/temp/deferiprone_single_oral_25mgkg_designcheck_20260511/validation/design_change_n403030_wtmclustT10_nomix_site403030_nondesignquota_precisionchol_basefitbootinit_preboot_20260521/runs/scenario1/bootstrap/federated/scenario1/raw_runs/run_20260522-114853/optim_trace_trial_409_20260522-115707.csv","final":"/project/temp/deferiprone_single_oral_25mgkg_designcheck_20260511/validation/design_change_n403030_wtmclustT10_nomix_site403030_nondesignquota_precisionchol_basefitbootinit_preboot_20260521/runs/scenario1/bootstrap/federated/scenario1/raw_runs/run_20260522-114853/final_params_trial_409_20260522-115707.csv"},"log_n":23,"execution_state":"completed","trial":409,"attempts":1},{"tag":"trial_410_20260522-120003","value":2202.5772,"counts":[26,26],"control":{"maxit":100,"factr":1000000000,"pgtol":0,"trace":0,"method":"L-BFGS-B"},"convergence":0,"message":"CONVERGENCE: REL_REDUCTION_OF_F <= FACTR*EPSMCH","nat_par":{"lka":2.5157548814,"lcl":2.2215952113,"lvc":3.0157046956,"CcPropSd":0.35096809385,"etaLcl":0.11461603446,"etaLvc":0.030175306034,"(etaLcl,etaLvc)":0.057330548299,"rho_(etaLcl,etaLvc)":0.97484948009},"failed_clients":[],"attempt":1,"files":{"result":"/project/temp/deferiprone_single_oral_25mgkg_designcheck_20260511/validation/design_change_n403030_wtmclustT10_nomix_site403030_nondesignquota_precisionchol_basefitbootinit_preboot_20260521/runs/scenario1/bootstrap/federated/scenario1/raw_runs/run_20260522-114853/optim_result_trial_410_20260522-120003.json","trace":"/project/temp/deferiprone_single_oral_25mgkg_designcheck_20260511/validation/design_change_n403030_wtmclustT10_nomix_site403030_nondesignquota_precisionchol_basefitbootinit_preboot_20260521/runs/scenario1/bootstrap/federated/scenario1/raw_runs/run_20260522-114853/optim_trace_trial_410_20260522-120003.csv","final":"/project/temp/deferiprone_single_oral_25mgkg_designcheck_20260511/validation/design_change_n403030_wtmclustT10_nomix_site403030_nondesignquota_precisionchol_basefitbootinit_preboot_20260521/runs/scenario1/bootstrap/federated/scenario1/raw_runs/run_20260522-114853/final_params_trial_410_20260522-120003.csv"},"log_n":26,"execution_state":"completed","trial":410,"attempts":1}],"trial_status":[{"trial":406,"execution_state":"completed","converged":true,"attempts":1,"convergence":0,"value":2208.6821,"eval_fn":32,"eval_gr":32,"log_n":31,"failed_clients_n":0,"message":"CONVERGENCE: REL_REDUCTION_OF_F <= FACTR*EPSMCH","result_file":"/project/temp/deferiprone_single_oral_25mgkg_designcheck_20260511/validation/design_change_n403030_wtmclustT10_nomix_site403030_nondesignquota_precisionchol_basefitbootinit_preboot_20260521/runs/scenario1/bootstrap/federated/scenario1/raw_runs/run_20260522-114853/optim_result_trial_406_20260522-114853.json","trace_file":"/project/temp/deferiprone_single_oral_25mgkg_designcheck_20260511/validation/design_change_n403030_wtmclustT10_nomix_site403030_nondesignquota_precisionchol_basefitbootinit_preboot_20260521/runs/scenario1/bootstrap/federated/scenario1/raw_runs/run_20260522-114853/optim_trace_trial_406_20260522-114853.csv","final_file":"/project/temp/deferiprone_single_oral_25mgkg_designcheck_20260511/validation/design_change_n403030_wtmclustT10_nomix_site403030_nondesignquota_precisionchol_basefitbootinit_preboot_20260521/runs/scenario1/bootstrap/federated/scenario1/raw_runs/run_20260522-114853/final_params_trial_406_20260522-114853.csv"},{"trial":407,"execution_state":"completed","converged":true,"attempts":1,"convergence":0,"value":2264.9884,"eval_fn":20,"eval_gr":20,"log_n":20,"failed_clients_n":0,"message":"CONVERGENCE: REL_REDUCTION_OF_F <= FACTR*EPSMCH","result_file":"/project/temp/deferiprone_single_oral_25mgkg_designcheck_20260511/validation/design_change_n403030_wtmclustT10_nomix_site403030_nondesignquota_precisionchol_basefitbootinit_preboot_20260521/runs/scenario1/bootstrap/federated/scenario1/raw_runs/run_20260522-114853/optim_result_trial_407_20260522-115249.json","trace_file":"/project/temp/deferiprone_single_oral_25mgkg_designcheck_20260511/validation/design_change_n403030_wtmclustT10_nomix_site403030_nondesignquota_precisionchol_basefitbootinit_preboot_20260521/runs/scenario1/bootstrap/federated/scenario1/raw_runs/run_20260522-114853/optim_trace_trial_407_20260522-115249.csv","final_file":"/project/temp/deferiprone_single_oral_25mgkg_designcheck_20260511/validation/design_change_n403030_wtmclustT10_nomix_site403030_nondesignquota_precisionchol_basefitbootinit_preboot_20260521/runs/scenario1/bootstrap/federated/scenario1/raw_runs/run_20260522-114853/final_params_trial_407_20260522-115249.csv"},{"trial":408,"execution_state":"completed","converged":true,"attempts":1,"convergence":0,"value":2147.4187,"eval_fn":14,"eval_gr":14,"log_n":14,"failed_clients_n":0,"message":"CONVERGENCE: REL_REDUCTION_OF_F <= FACTR*EPSMCH","result_file":"/project/temp/deferiprone_single_oral_25mgkg_designcheck_20260511/validation/design_change_n403030_wtmclustT10_nomix_site403030_nondesignquota_precisionchol_basefitbootinit_preboot_20260521/runs/scenario1/bootstrap/federated/scenario1/raw_runs/run_20260522-114853/optim_result_trial_408_20260522-115521.json","trace_file":"/project/temp/deferiprone_single_oral_25mgkg_designcheck_20260511/validation/design_change_n403030_wtmclustT10_nomix_site403030_nondesignquota_precisionchol_basefitbootinit_preboot_20260521/runs/scenario1/bootstrap/federated/scenario1/raw_runs/run_20260522-114853/optim_trace_trial_408_20260522-115521.csv","final_file":"/project/temp/deferiprone_single_oral_25mgkg_designcheck_20260511/validation/design_change_n403030_wtmclustT10_nomix_site403030_nondesignquota_precisionchol_basefitbootinit_preboot_20260521/runs/scenario1/bootstrap/federated/scenario1/raw_runs/run_20260522-114853/final_params_trial_408_20260522-115521.csv"},{"trial":409,"execution_state":"completed","converged":true,"attempts":1,"convergence":0,"value":2221.8589,"eval_fn":23,"eval_gr":23,"log_n":23,"failed_clients_n":0,"message":"CONVERGENCE: REL_REDUCTION_OF_F <= FACTR*EPSMCH","result_file":"/project/temp/deferiprone_single_oral_25mgkg_designcheck_20260511/validation/design_change_n403030_wtmclustT10_nomix_site403030_nondesignquota_precisionchol_basefitbootinit_preboot_20260521/runs/scenario1/bootstrap/federated/scenario1/raw_runs/run_20260522-114853/optim_result_trial_409_20260522-115707.json","trace_file":"/project/temp/deferiprone_single_oral_25mgkg_designcheck_20260511/validation/design_change_n403030_wtmclustT10_nomix_site403030_nondesignquota_precisionchol_basefitbootinit_preboot_20260521/runs/scenario1/bootstrap/federated/scenario1/raw_runs/run_20260522-114853/optim_trace_trial_409_20260522-115707.csv","final_file":"/project/temp/deferiprone_single_oral_25mgkg_designcheck_20260511/validation/design_change_n403030_wtmclustT10_nomix_site403030_nondesignquota_precisionchol_basefitbootinit_preboot_20260521/runs/scenario1/bootstrap/federated/scenario1/raw_runs/run_20260522-114853/final_params_trial_409_20260522-115707.csv"},{"trial":410,"execution_state":"completed","converged":true,"attempts":1,"convergence":0,"value":2202.5772,"eval_fn":26,"eval_gr":26,"log_n":26,"failed_clients_n":0,"message":"CONVERGENCE: REL_REDUCTION_OF_F <= FACTR*EPSMCH","result_file":"/project/temp/deferiprone_single_oral_25mgkg_designcheck_20260511/validation/design_change_n403030_wtmclustT10_nomix_site403030_nondesignquota_precisionchol_basefitbootinit_preboot_20260521/runs/scenario1/bootstrap/federated/scenario1/raw_runs/run_20260522-114853/optim_result_trial_410_20260522-120003.json","trace_file":"/project/temp/deferiprone_single_oral_25mgkg_designcheck_20260511/validation/design_change_n403030_wtmclustT10_nomix_site403030_nondesignquota_precisionchol_basefitbootinit_preboot_20260521/runs/scenario1/bootstrap/federated/scenario1/raw_runs/run_20260522-114853/optim_trace_trial_410_20260522-120003.csv","final_file":"/project/temp/deferiprone_single_oral_25mgkg_designcheck_20260511/validation/design_change_n403030_wtmclustT10_nomix_site403030_nondesignquota_precisionchol_basefitbootinit_preboot_20260521/runs/scenario1/bootstrap/federated/scenario1/raw_runs/run_20260522-114853/final_params_trial_410_20260522-120003.csv"}],"info":{"run_id":"20260522-114853","log_base_dir":"/project/temp/deferiprone_single_oral_25mgkg_designcheck_20260511/validation/design_change_n403030_wtmclustT10_nomix_site403030_nondesignquota_precisionchol_basefitbootinit_preboot_20260521/runs/scenario1/bootstrap/federated","scenario":"scenario1/raw_runs","total_trials":5,"successes":5,"failures":0,"nonconverged_count":0,"nonconverged_trials":[],"convergence_missing_count":0,"seed_base":4869,"B_per_client":500,"duration_sec":875.0278832912,"host":"cffdf0382e82","image_tag":null,"communication":{"generated_at":"2026-05-22T12:03:23Z","totals":{"requests":687,"request_bytes":766257,"response_bytes":174276,"total_bytes":940533,"retries":0},"init":{"requests":3,"request_bytes":8139,"response_bytes":1161,"total_bytes":9300,"retries":0,"median_elapsed_sec":0.36508750916},"init_round_latency":{"n_rounds":1,"median_round_wall_sec":0.3696603775,"p95_round_wall_sec":0.3696603775},"run":{"requests":0,"request_bytes":0,"response_bytes":0,"total_bytes":0,"retries":0,"median_elapsed_sec":"NA"},"run_bootstrap":{"requests":684,"request_bytes":758118,"response_bytes":173115,"total_bytes":931233,"retries":0,"median_elapsed_sec":3.6511262655},"round_latency":{"n_rounds":228,"median_round_wall_sec":3.7677261829,"p95_round_wall_sec":4.059578383},"timing_split":{"n_rounds":228,"rounds_with_compute":228,"total_round_wall_sec":864.3621747494,"total_round_compute_wall_sec":856.9185,"total_round_comm_overhead_wall_sec":7.4436747494,"comm_overhead_ratio":0.0086117543859,"compute_ratio":0.99138824561}},"communication_files":{"csv":"/project/temp/deferiprone_single_oral_25mgkg_designcheck_20260511/validation/design_change_n403030_wtmclustT10_nomix_site403030_nondesignquota_precisionchol_basefitbootinit_preboot_20260521/runs/scenario1/bootstrap/federated/scenario1/raw_runs/run_20260522-114853/comm_metrics.csv","json":"/project/temp/deferiprone_single_oral_25mgkg_designcheck_20260511/validation/design_change_n403030_wtmclustT10_nomix_site403030_nondesignquota_precisionchol_basefitbootinit_preboot_20260521/runs/scenario1/bootstrap/federated/scenario1/raw_runs/run_20260522-114853/comm_metrics.json"},"output_files":{"bootstrap_summary_csv":"/project/temp/deferiprone_single_oral_25mgkg_designcheck_20260511/validation/design_change_n403030_wtmclustT10_nomix_site403030_nondesignquota_precisionchol_basefitbootinit_preboot_20260521/runs/scenario1/bootstrap/federated/scenario1/raw_runs/run_20260522-114853/bootstrap_summary.csv","bootstrap_summary_json":"/project/temp/deferiprone_single_oral_25mgkg_designcheck_20260511/validation/design_change_n403030_wtmclustT10_nomix_site403030_nondesignquota_precisionchol_basefitbootinit_preboot_20260521/runs/scenario1/bootstrap/federated/scenario1/raw_runs/run_20260522-114853/bootstrap_summary.json","trial_status_csv":"/project/temp/deferiprone_single_oral_25mgkg_designcheck_20260511/validation/design_change_n403030_wtmclustT10_nomix_site403030_nondesignquota_precisionchol_basefitbootinit_preboot_20260521/runs/scenario1/bootstrap/federated/scenario1/raw_runs/run_20260522-114853/trial_status.csv","failed_trials_csv":"/project/temp/deferiprone_single_oral_25mgkg_designcheck_20260511/validation/design_change_n403030_wtmclustT10_nomix_site403030_nondesignquota_precisionchol_basefitbootinit_preboot_20260521/runs/scenario1/bootstrap/federated/scenario1/raw_runs/run_20260522-114853/failed_trials.csv","trial_estimates_wide_csv":"/project/temp/deferiprone_single_oral_25mgkg_designcheck_20260511/validation/design_change_n403030_wtmclustT10_nomix_site403030_nondesignquota_precisionchol_basefitbootinit_preboot_20260521/runs/scenario1/bootstrap/federated/scenario1/raw_runs/run_20260522-114853/trial_estimates_wide.csv","trial_estimates_long_csv":"/project/temp/deferiprone_single_oral_25mgkg_designcheck_20260511/validation/design_change_n403030_wtmclustT10_nomix_site403030_nondesignquota_precisionchol_basefitbootinit_preboot_20260521/runs/scenario1/bootstrap/federated/scenario1/raw_runs/run_20260522-114853/trial_estimates_long.csv","result_json":"/project/temp/deferiprone_single_oral_25mgkg_designcheck_20260511/validation/design_change_n403030_wtmclustT10_nomix_site403030_nondesignquota_precisionchol_basefitbootinit_preboot_20260521/runs/scenario1/bootstrap/federated/scenario1/raw_runs/run_20260522-114853/result.json"}}}
[Kserver-1 exited with code 0
Aborting on container exit...
 Container defboot_design_change_n403030_wtmclu_scenario1_406_410-server-1  Stopping
 Container defboot_design_change_n403030_wtmclu_scenario1_406_410-server-1  Stopped
 Container defboot_design_change_n403030_wtmclu_scenario1_406_410-client2-1  Stopping
 Container defboot_design_change_n403030_wtmclu_scenario1_406_410-client3-1  Stopping
 Container defboot_design_change_n403030_wtmclu_scenario1_406_410-client1-1  Stopping
 Container defboot_design_change_n403030_wtmclu_scenario1_406_410-client3-1  Stopped
 Container defboot_design_change_n403030_wtmclu_scenario1_406_410-client1-1  Stopped
 Container defboot_design_change_n403030_wtmclu_scenario1_406_410-client2-1  Stopped
time="2026-05-22T21:03:33+09:00" level=warning msg="The \"SERVER_CONFIG_PATH\" variable is not set. Defaulting to a blank string."
 Container defboot_design_change_n403030_wtmclu_scenario1_406_410-server-1  Stopping
 Container defboot_design_change_n403030_wtmclu_scenario1_406_410-server-1  Stopped
 Container defboot_design_change_n403030_wtmclu_scenario1_406_410-server-1  Removing
 Container defboot_design_change_n403030_wtmclu_scenario1_406_410-server-1  Removed
 Container defboot_design_change_n403030_wtmclu_scenario1_406_410-client2-1  Stopping
 Container defboot_design_change_n403030_wtmclu_scenario1_406_410-client3-1  Stopping
 Container defboot_design_change_n403030_wtmclu_scenario1_406_410-client1-1  Stopping
 Container defboot_design_change_n403030_wtmclu_scenario1_406_410-client1-1  Stopped
 Container defboot_design_change_n403030_wtmclu_scenario1_406_410-client1-1  Removing
 Container defboot_design_change_n403030_wtmclu_scenario1_406_410-client2-1  Stopped
 Container defboot_design_change_n403030_wtmclu_scenario1_406_410-client2-1  Removing
 Container defboot_design_change_n403030_wtmclu_scenario1_406_410-client3-1  Stopped
 Container defboot_design_change_n403030_wtmclu_scenario1_406_410-client3-1  Removing
 Container defboot_design_change_n403030_wtmclu_scenario1_406_410-client2-1  Removed
 Container defboot_design_change_n403030_wtmclu_scenario1_406_410-client3-1  Removed
 Container defboot_design_change_n403030_wtmclu_scenario1_406_410-client1-1  Removed
 Network defboot_design_change_n403030_wtmclu_scenario1_406_410_site1_net  Removing
 Network defboot_design_change_n403030_wtmclu_scenario1_406_410_site2_net  Removing
 Network defboot_design_change_n403030_wtmclu_scenario1_406_410_site3_net  Removing
 Network defboot_design_change_n403030_wtmclu_scenario1_406_410_site1_net  Removed
 Network defboot_design_change_n403030_wtmclu_scenario1_406_410_site2_net  Removed
 Network defboot_design_change_n403030_wtmclu_scenario1_406_410_site3_net  Removed
