time="2026-05-22T13:51:39+09:00" level=warning msg="The \"SERVER_CONFIG_PATH\" variable is not set. Defaulting to a blank string."
Compose now can delegate build to bake for better performances
Just set COMPOSE_BAKE=true
#0 building with "default" instance using docker driver

#1 [client2 internal] load build definition from Dockerfile.app
#1 transferring dockerfile: 778B done
#1 DONE 0.0s

#2 [client3 internal] load build definition from Dockerfile.app
#2 transferring dockerfile: 778B done
#2 DONE 0.0s

#3 [client1 internal] load build definition from Dockerfile.app
#3 transferring dockerfile: 778B done
#3 DONE 0.0s

#4 [client1 internal] load metadata for docker.io/fedpoppk/base:0.1.0
#4 DONE 0.0s

#5 [client2 internal] load .dockerignore
#5 transferring context: 2B done
#5 DONE 0.0s

#6 [client1 internal] load .dockerignore
#6 transferring context: 2B done
#6 DONE 0.0s

#7 [client3 internal] load .dockerignore
#7 transferring context: 2B done
#7 DONE 0.0s

#8 [client3 1/8] FROM docker.io/fedpoppk/base:0.1.0
#8 DONE 0.0s

#9 [client2 internal] load build context
#9 transferring context: 736.51kB 0.3s done
#9 DONE 0.3s

#10 [client1 internal] load build context
#10 transferring context: 736.51kB 0.3s done
#10 DONE 0.3s

#11 [client3 internal] load build context
#11 transferring context: 736.51kB 0.3s done
#11 DONE 0.3s

#12 [client2 4/8] RUN Rscript -e "options(renv.consent=TRUE, Ncpus=parallel::detectCores());                 renv::restore(prompt=FALSE)"
#12 CACHED

#13 [client2 6/8] COPY R/ R/
#13 CACHED

#14 [client2 7/8] COPY analysis/ analysis/
#14 CACHED

#15 [client2 5/8] COPY apps/ apps/
#15 CACHED

#16 [client2 2/8] WORKDIR /project
#16 CACHED

#17 [client2 3/8] COPY renv.lock .Rprofile renv/activate.R ./
#17 CACHED

#18 [client3 8/8] RUN mkdir -p /project/configs/modes /project/data /project/artifacts /project/result
#18 CACHED

#19 [client2] exporting to image
#19 exporting layers done
#19 writing image sha256:8488184cea84eb054178e360f005853270512ba73a2d6d4bf2f4528eb4fa118e done
#19 naming to docker.io/library/defboot_design_change_n403030_wtmclu_scenario1_271_275-client2 0.0s done
#19 DONE 0.0s

#20 [client3] exporting to image
#20 exporting layers done
#20 writing image sha256:78817ef26f07846d3803754b1e343250d3702503818d3de92763e9eefe0484f0 done
#20 naming to docker.io/library/defboot_design_change_n403030_wtmclu_scenario1_271_275-client3 0.0s done
#20 DONE 0.0s

#21 [client1] exporting to image
#21 exporting layers done
#21 writing image sha256:10fab61ef1e3ce3c1de99267aa62cd492c642e42f52e5c636f62e095d7965d95 done
#21 naming to docker.io/library/defboot_design_change_n403030_wtmclu_scenario1_271_275-client1 0.0s done
#21 DONE 0.1s

#22 [client3] resolving provenance for metadata file
#22 DONE 0.0s

#23 [client1] resolving provenance for metadata file
#23 DONE 0.0s

#24 [client2] resolving provenance for metadata file
#24 DONE 0.0s

#25 [server internal] load build definition from Dockerfile.app
#25 transferring dockerfile: 778B done
#25 DONE 0.0s

#4 [server internal] load metadata for docker.io/fedpoppk/base:0.1.0
#4 DONE 0.0s

#26 [server internal] load .dockerignore
#26 transferring context: 2B done
#26 DONE 0.0s

#8 [server 1/8] FROM docker.io/fedpoppk/base:0.1.0
#8 DONE 0.0s

#27 [server internal] load build context
#27 transferring context: 736.51kB 0.3s done
#27 DONE 0.4s

#28 [server 5/8] COPY apps/ apps/
#28 CACHED

#29 [server 6/8] COPY R/ R/
#29 CACHED

#30 [server 3/8] COPY renv.lock .Rprofile renv/activate.R ./
#30 CACHED

#16 [server 2/8] WORKDIR /project
#16 CACHED

#31 [server 7/8] COPY analysis/ analysis/
#31 CACHED

#32 [server 4/8] RUN Rscript -e "options(renv.consent=TRUE, Ncpus=parallel::detectCores());                 renv::restore(prompt=FALSE)"
#32 CACHED

#33 [server 8/8] RUN mkdir -p /project/configs/modes /project/data /project/artifacts /project/result
#33 CACHED

#34 [server] exporting to image
#34 exporting layers done
#34 writing image sha256:4164d5659a799fb11e3ae7136e26d4137e55f9e74c6abc232163ca43c33d0db7 done
#34 naming to docker.io/library/defboot_design_change_n403030_wtmclu_scenario1_271_275-server 0.0s done
#34 DONE 0.0s

#35 [server] resolving provenance for metadata file
#35 DONE 0.0s
 client1  Built
 client2  Built
 client3  Built
 server  Built
 Network defboot_design_change_n403030_wtmclu_scenario1_271_275_site3_net  Creating
 Network defboot_design_change_n403030_wtmclu_scenario1_271_275_site3_net  Created
 Network defboot_design_change_n403030_wtmclu_scenario1_271_275_site1_net  Creating
 Network defboot_design_change_n403030_wtmclu_scenario1_271_275_site1_net  Created
 Network defboot_design_change_n403030_wtmclu_scenario1_271_275_site2_net  Creating
 Network defboot_design_change_n403030_wtmclu_scenario1_271_275_site2_net  Created
 Container defboot_design_change_n403030_wtmclu_scenario1_271_275-client3-1  Creating
 Container defboot_design_change_n403030_wtmclu_scenario1_271_275-client2-1  Creating
 Container defboot_design_change_n403030_wtmclu_scenario1_271_275-client1-1  Creating
 Container defboot_design_change_n403030_wtmclu_scenario1_271_275-client3-1  Created
 Container defboot_design_change_n403030_wtmclu_scenario1_271_275-client2-1  Created
 Container defboot_design_change_n403030_wtmclu_scenario1_271_275-client1-1  Created
 Container defboot_design_change_n403030_wtmclu_scenario1_271_275-server-1  Creating
 Container defboot_design_change_n403030_wtmclu_scenario1_271_275-server-1  Created
Attaching to client1-1, client2-1, client3-1, server-1
client3-1  | Running plumber API at http://0.0.0.0:8000
client2-1  | Running plumber API at http://0.0.0.0:8000
client3-1  | Running swagger Docs at http://127.0.0.1:8000/__docs__/
client2-1  | Running swagger Docs at http://127.0.0.1:8000/__docs__/
client1-1  | Running plumber API at http://0.0.0.0:8000
client1-1  | Running swagger Docs at http://127.0.0.1:8000/__docs__/
client1-1  | ℹ parameter labels from comments are typically ignored in non-interactive mode
client1-1  | ℹ Need to run with the source intact to parse comments
client2-1  | ℹ parameter labels from comments are typically ignored in non-interactive mode
client3-1  | ℹ parameter labels from comments are typically ignored in non-interactive mode
client2-1  | ℹ Need to run with the source intact to parse comments
client3-1  | ℹ Need to run with the source intact to parse comments
server-1   | [send_init] http://client1:8000 init succeeded
server-1   | [send_init] http://client3:8000 init succeeded
server-1   | [send_init] http://client2:8000 init succeeded
server-1   | {"schema":{"schema_version":"1.1.0","generated_at":"2026-05-22T04:51:48Z","config_path":"/project/configs/../temp/deferiprone_single_oral_25mgkg_designcheck_20260511/validation/design_change_n403030_wtmclustT10_nomix_site403030_nondesignquota_precisionchol_basefitbootinit_preboot_20260521/configs/resolved/scenario1_bootstrap.json","config_md5":"9d7556058a6c3cb18af9ad7ffdd7076b","seed":4869,"host":"e9a80d4ee98e","pid":1,"image_tag":null,"git_sha":null,"git_dirty":null},"aggregation":{"ci_method":"percentile","ci_level":0.95,"quantile_type":7,"estimates_scale":"natural"},"summary":[{"parameter":"(etaLcl,etaLvc)","median":0.056902789827,"p2.5":0.04803453466,"p97.5":0.06566685349},{"parameter":"CcPropSd","median":0.36731601003,"p2.5":0.3460075783,"p97.5":0.37678759954},{"parameter":"etaLcl","median":0.098125006866,"p2.5":0.082891367121,"p97.5":0.10401646528},{"parameter":"etaLvc","median":0.03450860285,"p2.5":0.026877284277,"p97.5":0.046050953006},{"parameter":"lcl","median":2.1746297801,"p2.5":2.1386424898,"p97.5":2.2000466211},{"parameter":"lka","median":2.2818266362,"p2.5":2.2172709915,"p97.5":2.4097126842},{"parameter":"lvc","median":2.9684292674,"p2.5":2.9377744531,"p97.5":3.0161902375},{"parameter":"rho_(etaLcl,etaLvc)","median":0.97786752003,"p2.5":0.97186923833,"p97.5":0.98323167056}],"runs":[{"tag":"trial_271_20260522-045148","value":2238.9595,"counts":[26,26],"control":{"maxit":100,"factr":1000000000,"pgtol":0,"trace":0,"method":"L-BFGS-B"},"convergence":0,"message":"CONVERGENCE: REL_REDUCTION_OF_F <= FACTR*EPSMCH","nat_par":{"lka":2.3310491277,"lcl":2.1354402048,"lvc":2.9464775937,"CcPropSd":0.36731601003,"etaLcl":0.089817686599,"etaLvc":0.026793602806,"(etaLcl,etaLvc)":0.047672362162,"rho_(etaLcl,etaLvc)":0.97178497883},"failed_clients":[],"attempt":1,"files":{"result":"/project/temp/deferiprone_single_oral_25mgkg_designcheck_20260511/validation/design_change_n403030_wtmclustT10_nomix_site403030_nondesignquota_precisionchol_basefitbootinit_preboot_20260521/runs/scenario1/bootstrap/federated/scenario1/raw_runs/run_20260522-045148/optim_result_trial_271_20260522-045148.json","trace":"/project/temp/deferiprone_single_oral_25mgkg_designcheck_20260511/validation/design_change_n403030_wtmclustT10_nomix_site403030_nondesignquota_precisionchol_basefitbootinit_preboot_20260521/runs/scenario1/bootstrap/federated/scenario1/raw_runs/run_20260522-045148/optim_trace_trial_271_20260522-045148.csv","final":"/project/temp/deferiprone_single_oral_25mgkg_designcheck_20260511/validation/design_change_n403030_wtmclustT10_nomix_site403030_nondesignquota_precisionchol_basefitbootinit_preboot_20260521/runs/scenario1/bootstrap/federated/scenario1/raw_runs/run_20260522-045148/final_params_trial_271_20260522-045148.csv"},"log_n":26,"execution_state":"completed","trial":271,"attempts":1},{"tag":"trial_272_20260522-045505","value":2226.2181,"counts":[23,23],"control":{"maxit":100,"factr":1000000000,"pgtol":0,"trace":0,"method":"L-BFGS-B"},"convergence":0,"message":"CONVERGENCE: REL_REDUCTION_OF_F <= FACTR*EPSMCH","nat_par":{"lka":2.2520894381,"lcl":2.1786697868,"lvc":3.0154244944,"CcPropSd":0.37735984334,"etaLcl":0.082121776068,"etaLvc":0.046330276586,"(etaLcl,etaLvc)":0.060654335303,"rho_(etaLcl,etaLvc)":0.98333214089},"failed_clients":[],"attempt":1,"files":{"result":"/project/temp/deferiprone_single_oral_25mgkg_designcheck_20260511/validation/design_change_n403030_wtmclustT10_nomix_site403030_nondesignquota_precisionchol_basefitbootinit_preboot_20260521/runs/scenario1/bootstrap/federated/scenario1/raw_runs/run_20260522-045148/optim_result_trial_272_20260522-045505.json","trace":"/project/temp/deferiprone_single_oral_25mgkg_designcheck_20260511/validation/design_change_n403030_wtmclustT10_nomix_site403030_nondesignquota_precisionchol_basefitbootinit_preboot_20260521/runs/scenario1/bootstrap/federated/scenario1/raw_runs/run_20260522-045148/optim_trace_trial_272_20260522-045505.csv","final":"/project/temp/deferiprone_single_oral_25mgkg_designcheck_20260511/validation/design_change_n403030_wtmclustT10_nomix_site403030_nondesignquota_precisionchol_basefitbootinit_preboot_20260521/runs/scenario1/bootstrap/federated/scenario1/raw_runs/run_20260522-045148/final_params_trial_272_20260522-045505.csv"},"log_n":23,"execution_state":"completed","trial":272,"attempts":1},{"tag":"trial_273_20260522-045759","value":2219.7383,"counts":[23,23],"control":{"maxit":100,"factr":1000000000,"pgtol":0,"trace":0,"method":"L-BFGS-B"},"convergence":0,"message":"CONVERGENCE: REL_REDUCTION_OF_F <= FACTR*EPSMCH","nat_par":{"lka":2.4184530794,"lcl":2.1674630553,"lvc":2.9684292674,"CcPropSd":0.34708174241,"etaLcl":0.10438948102,"etaLvc":0.04353704079,"(etaLcl,etaLvc)":0.066223799956,"rho_(etaLcl,etaLvc)":0.98232743757},"failed_clients":[],"attempt":1,"files":{"result":"/project/temp/deferiprone_single_oral_25mgkg_designcheck_20260511/validation/design_change_n403030_wtmclustT10_nomix_site403030_nondesignquota_precisionchol_basefitbootinit_preboot_20260521/runs/scenario1/bootstrap/federated/scenario1/raw_runs/run_20260522-045148/optim_result_trial_273_20260522-045759.json","trace":"/project/temp/deferiprone_single_oral_25mgkg_designcheck_20260511/validation/design_change_n403030_wtmclustT10_nomix_site403030_nondesignquota_precisionchol_basefitbootinit_preboot_20260521/runs/scenario1/bootstrap/federated/scenario1/raw_runs/run_20260522-045148/optim_trace_trial_273_20260522-045759.csv","final":"/project/temp/deferiprone_single_oral_25mgkg_designcheck_20260511/validation/design_change_n403030_wtmclustT10_nomix_site403030_nondesignquota_precisionchol_basefitbootinit_preboot_20260521/runs/scenario1/bootstrap/federated/scenario1/raw_runs/run_20260522-045148/final_params_trial_273_20260522-045759.csv"},"log_n":23,"execution_state":"completed","trial":273,"attempts":1},{"tag":"trial_274_20260522-050055","value":2218.1431,"counts":[20,20],"control":{"maxit":100,"factr":1000000000,"pgtol":0,"trace":0,"method":"L-BFGS-B"},"convergence":0,"message":"CONVERGENCE: REL_REDUCTION_OF_F <= FACTR*EPSMCH","nat_par":{"lka":2.2134022752,"lcl":2.1746297801,"lvc":2.9368074374,"CcPropSd":0.34588822673,"etaLcl":0.10065932364,"etaLvc":0.027630417515,"(etaLcl,etaLvc)":0.051294087143,"rho_(etaLcl,etaLvc)":0.97262757385},"failed_clients":[],"attempt":1,"files":{"result":"/project/temp/deferiprone_single_oral_25mgkg_designcheck_20260511/validation/design_change_n403030_wtmclustT10_nomix_site403030_nondesignquota_precisionchol_basefitbootinit_preboot_20260521/runs/scenario1/bootstrap/federated/scenario1/raw_runs/run_20260522-045148/optim_result_trial_274_20260522-050055.json","trace":"/project/temp/deferiprone_single_oral_25mgkg_designcheck_20260511/validation/design_change_n403030_wtmclustT10_nomix_site403030_nondesignquota_precisionchol_basefitbootinit_preboot_20260521/runs/scenario1/bootstrap/federated/scenario1/raw_runs/run_20260522-045148/optim_trace_trial_274_20260522-050055.csv","final":"/project/temp/deferiprone_single_oral_25mgkg_designcheck_20260511/validation/design_change_n403030_wtmclustT10_nomix_site403030_nondesignquota_precisionchol_basefitbootinit_preboot_20260521/runs/scenario1/bootstrap/federated/scenario1/raw_runs/run_20260522-045148/final_params_trial_274_20260522-050055.csv"},"log_n":20,"execution_state":"completed","trial":274,"attempts":1},{"tag":"trial_275_20260522-050328","value":2226.1169,"counts":[22,22],"control":{"maxit":100,"factr":1000000000,"pgtol":0,"trace":0,"method":"L-BFGS-B"},"convergence":0,"message":"CONVERGENCE: REL_REDUCTION_OF_F <= FACTR*EPSMCH","nat_par":{"lka":2.2818266362,"lcl":2.2024218249,"lvc":3.0162753201,"CcPropSd":0.37163740532,"etaLcl":0.098125006866,"etaLvc":0.03450860285,"(etaLcl,etaLvc)":0.056902789827,"rho_(etaLcl,etaLvc)":0.97786752003},"failed_clients":[],"attempt":1,"files":{"result":"/project/temp/deferiprone_single_oral_25mgkg_designcheck_20260511/validation/design_change_n403030_wtmclustT10_nomix_site403030_nondesignquota_precisionchol_basefitbootinit_preboot_20260521/runs/scenario1/bootstrap/federated/scenario1/raw_runs/run_20260522-045148/optim_result_trial_275_20260522-050328.json","trace":"/project/temp/deferiprone_single_oral_25mgkg_designcheck_20260511/validation/design_change_n403030_wtmclustT10_nomix_site403030_nondesignquota_precisionchol_basefitbootinit_preboot_20260521/runs/scenario1/bootstrap/federated/scenario1/raw_runs/run_20260522-045148/optim_trace_trial_275_20260522-050328.csv","final":"/project/temp/deferiprone_single_oral_25mgkg_designcheck_20260511/validation/design_change_n403030_wtmclustT10_nomix_site403030_nondesignquota_precisionchol_basefitbootinit_preboot_20260521/runs/scenario1/bootstrap/federated/scenario1/raw_runs/run_20260522-045148/final_params_trial_275_20260522-050328.csv"},"log_n":22,"execution_state":"completed","trial":275,"attempts":1}],"trial_status":[{"trial":271,"execution_state":"completed","converged":true,"attempts":1,"convergence":0,"value":2238.9595,"eval_fn":26,"eval_gr":26,"log_n":26,"failed_clients_n":0,"message":"CONVERGENCE: REL_REDUCTION_OF_F <= FACTR*EPSMCH","result_file":"/project/temp/deferiprone_single_oral_25mgkg_designcheck_20260511/validation/design_change_n403030_wtmclustT10_nomix_site403030_nondesignquota_precisionchol_basefitbootinit_preboot_20260521/runs/scenario1/bootstrap/federated/scenario1/raw_runs/run_20260522-045148/optim_result_trial_271_20260522-045148.json","trace_file":"/project/temp/deferiprone_single_oral_25mgkg_designcheck_20260511/validation/design_change_n403030_wtmclustT10_nomix_site403030_nondesignquota_precisionchol_basefitbootinit_preboot_20260521/runs/scenario1/bootstrap/federated/scenario1/raw_runs/run_20260522-045148/optim_trace_trial_271_20260522-045148.csv","final_file":"/project/temp/deferiprone_single_oral_25mgkg_designcheck_20260511/validation/design_change_n403030_wtmclustT10_nomix_site403030_nondesignquota_precisionchol_basefitbootinit_preboot_20260521/runs/scenario1/bootstrap/federated/scenario1/raw_runs/run_20260522-045148/final_params_trial_271_20260522-045148.csv"},{"trial":272,"execution_state":"completed","converged":true,"attempts":1,"convergence":0,"value":2226.2181,"eval_fn":23,"eval_gr":23,"log_n":23,"failed_clients_n":0,"message":"CONVERGENCE: REL_REDUCTION_OF_F <= FACTR*EPSMCH","result_file":"/project/temp/deferiprone_single_oral_25mgkg_designcheck_20260511/validation/design_change_n403030_wtmclustT10_nomix_site403030_nondesignquota_precisionchol_basefitbootinit_preboot_20260521/runs/scenario1/bootstrap/federated/scenario1/raw_runs/run_20260522-045148/optim_result_trial_272_20260522-045505.json","trace_file":"/project/temp/deferiprone_single_oral_25mgkg_designcheck_20260511/validation/design_change_n403030_wtmclustT10_nomix_site403030_nondesignquota_precisionchol_basefitbootinit_preboot_20260521/runs/scenario1/bootstrap/federated/scenario1/raw_runs/run_20260522-045148/optim_trace_trial_272_20260522-045505.csv","final_file":"/project/temp/deferiprone_single_oral_25mgkg_designcheck_20260511/validation/design_change_n403030_wtmclustT10_nomix_site403030_nondesignquota_precisionchol_basefitbootinit_preboot_20260521/runs/scenario1/bootstrap/federated/scenario1/raw_runs/run_20260522-045148/final_params_trial_272_20260522-045505.csv"},{"trial":273,"execution_state":"completed","converged":true,"attempts":1,"convergence":0,"value":2219.7383,"eval_fn":23,"eval_gr":23,"log_n":23,"failed_clients_n":0,"message":"CONVERGENCE: REL_REDUCTION_OF_F <= FACTR*EPSMCH","result_file":"/project/temp/deferiprone_single_oral_25mgkg_designcheck_20260511/validation/design_change_n403030_wtmclustT10_nomix_site403030_nondesignquota_precisionchol_basefitbootinit_preboot_20260521/runs/scenario1/bootstrap/federated/scenario1/raw_runs/run_20260522-045148/optim_result_trial_273_20260522-045759.json","trace_file":"/project/temp/deferiprone_single_oral_25mgkg_designcheck_20260511/validation/design_change_n403030_wtmclustT10_nomix_site403030_nondesignquota_precisionchol_basefitbootinit_preboot_20260521/runs/scenario1/bootstrap/federated/scenario1/raw_runs/run_20260522-045148/optim_trace_trial_273_20260522-045759.csv","final_file":"/project/temp/deferiprone_single_oral_25mgkg_designcheck_20260511/validation/design_change_n403030_wtmclustT10_nomix_site403030_nondesignquota_precisionchol_basefitbootinit_preboot_20260521/runs/scenario1/bootstrap/federated/scenario1/raw_runs/run_20260522-045148/final_params_trial_273_20260522-045759.csv"},{"trial":274,"execution_state":"completed","converged":true,"attempts":1,"convergence":0,"value":2218.1431,"eval_fn":20,"eval_gr":20,"log_n":20,"failed_clients_n":0,"message":"CONVERGENCE: REL_REDUCTION_OF_F <= FACTR*EPSMCH","result_file":"/project/temp/deferiprone_single_oral_25mgkg_designcheck_20260511/validation/design_change_n403030_wtmclustT10_nomix_site403030_nondesignquota_precisionchol_basefitbootinit_preboot_20260521/runs/scenario1/bootstrap/federated/scenario1/raw_runs/run_20260522-045148/optim_result_trial_274_20260522-050055.json","trace_file":"/project/temp/deferiprone_single_oral_25mgkg_designcheck_20260511/validation/design_change_n403030_wtmclustT10_nomix_site403030_nondesignquota_precisionchol_basefitbootinit_preboot_20260521/runs/scenario1/bootstrap/federated/scenario1/raw_runs/run_20260522-045148/optim_trace_trial_274_20260522-050055.csv","final_file":"/project/temp/deferiprone_single_oral_25mgkg_designcheck_20260511/validation/design_change_n403030_wtmclustT10_nomix_site403030_nondesignquota_precisionchol_basefitbootinit_preboot_20260521/runs/scenario1/bootstrap/federated/scenario1/raw_runs/run_20260522-045148/final_params_trial_274_20260522-050055.csv"},{"trial":275,"execution_state":"completed","converged":true,"attempts":1,"convergence":0,"value":2226.1169,"eval_fn":22,"eval_gr":22,"log_n":22,"failed_clients_n":0,"message":"CONVERGENCE: REL_REDUCTION_OF_F <= FACTR*EPSMCH","result_file":"/project/temp/deferiprone_single_oral_25mgkg_designcheck_20260511/validation/design_change_n403030_wtmclustT10_nomix_site403030_nondesignquota_precisionchol_basefitbootinit_preboot_20260521/runs/scenario1/bootstrap/federated/scenario1/raw_runs/run_20260522-045148/optim_result_trial_275_20260522-050328.json","trace_file":"/project/temp/deferiprone_single_oral_25mgkg_designcheck_20260511/validation/design_change_n403030_wtmclustT10_nomix_site403030_nondesignquota_precisionchol_basefitbootinit_preboot_20260521/runs/scenario1/bootstrap/federated/scenario1/raw_runs/run_20260522-045148/optim_trace_trial_275_20260522-050328.csv","final_file":"/project/temp/deferiprone_single_oral_25mgkg_designcheck_20260511/validation/design_change_n403030_wtmclustT10_nomix_site403030_nondesignquota_precisionchol_basefitbootinit_preboot_20260521/runs/scenario1/bootstrap/federated/scenario1/raw_runs/run_20260522-045148/final_params_trial_275_20260522-050328.csv"}],"info":{"run_id":"20260522-045148","log_base_dir":"/project/temp/deferiprone_single_oral_25mgkg_designcheck_20260511/validation/design_change_n403030_wtmclustT10_nomix_site403030_nondesignquota_precisionchol_basefitbootinit_preboot_20260521/runs/scenario1/bootstrap/federated","scenario":"scenario1/raw_runs","total_trials":5,"successes":5,"failures":0,"nonconverged_count":0,"nonconverged_trials":[],"convergence_missing_count":0,"seed_base":4869,"B_per_client":500,"duration_sec":875.0480296612,"host":"e9a80d4ee98e","image_tag":null,"communication":{"generated_at":"2026-05-22T05:06:17Z","totals":{"requests":687,"request_bytes":766455,"response_bytes":174036,"total_bytes":940491,"retries":0},"init":{"requests":3,"request_bytes":8139,"response_bytes":1161,"total_bytes":9300,"retries":0,"median_elapsed_sec":0.37061548233},"init_round_latency":{"n_rounds":1,"median_round_wall_sec":0.37507247925,"p95_round_wall_sec":0.37507247925},"run":{"requests":0,"request_bytes":0,"response_bytes":0,"total_bytes":0,"retries":0,"median_elapsed_sec":"NA"},"run_bootstrap":{"requests":684,"request_bytes":758316,"response_bytes":172875,"total_bytes":931191,"retries":0,"median_elapsed_sec":3.6586056948},"round_latency":{"n_rounds":228,"median_round_wall_sec":3.7735075951,"p95_round_wall_sec":4.0317694426},"timing_split":{"n_rounds":228,"rounds_with_compute":228,"total_round_wall_sec":864.3840632439,"total_round_compute_wall_sec":856.9583,"total_round_comm_overhead_wall_sec":7.4257632439,"comm_overhead_ratio":0.0085908146154,"compute_ratio":0.99140918538}},"communication_files":{"csv":"/project/temp/deferiprone_single_oral_25mgkg_designcheck_20260511/validation/design_change_n403030_wtmclustT10_nomix_site403030_nondesignquota_precisionchol_basefitbootinit_preboot_20260521/runs/scenario1/bootstrap/federated/scenario1/raw_runs/run_20260522-045148/comm_metrics.csv","json":"/project/temp/deferiprone_single_oral_25mgkg_designcheck_20260511/validation/design_change_n403030_wtmclustT10_nomix_site403030_nondesignquota_precisionchol_basefitbootinit_preboot_20260521/runs/scenario1/bootstrap/federated/scenario1/raw_runs/run_20260522-045148/comm_metrics.json"},"output_files":{"bootstrap_summary_csv":"/project/temp/deferiprone_single_oral_25mgkg_designcheck_20260511/validation/design_change_n403030_wtmclustT10_nomix_site403030_nondesignquota_precisionchol_basefitbootinit_preboot_20260521/runs/scenario1/bootstrap/federated/scenario1/raw_runs/run_20260522-045148/bootstrap_summary.csv","bootstrap_summary_json":"/project/temp/deferiprone_single_oral_25mgkg_designcheck_20260511/validation/design_change_n403030_wtmclustT10_nomix_site403030_nondesignquota_precisionchol_basefitbootinit_preboot_20260521/runs/scenario1/bootstrap/federated/scenario1/raw_runs/run_20260522-045148/bootstrap_summary.json","trial_status_csv":"/project/temp/deferiprone_single_oral_25mgkg_designcheck_20260511/validation/design_change_n403030_wtmclustT10_nomix_site403030_nondesignquota_precisionchol_basefitbootinit_preboot_20260521/runs/scenario1/bootstrap/federated/scenario1/raw_runs/run_20260522-045148/trial_status.csv","failed_trials_csv":"/project/temp/deferiprone_single_oral_25mgkg_designcheck_20260511/validation/design_change_n403030_wtmclustT10_nomix_site403030_nondesignquota_precisionchol_basefitbootinit_preboot_20260521/runs/scenario1/bootstrap/federated/scenario1/raw_runs/run_20260522-045148/failed_trials.csv","trial_estimates_wide_csv":"/project/temp/deferiprone_single_oral_25mgkg_designcheck_20260511/validation/design_change_n403030_wtmclustT10_nomix_site403030_nondesignquota_precisionchol_basefitbootinit_preboot_20260521/runs/scenario1/bootstrap/federated/scenario1/raw_runs/run_20260522-045148/trial_estimates_wide.csv","trial_estimates_long_csv":"/project/temp/deferiprone_single_oral_25mgkg_designcheck_20260511/validation/design_change_n403030_wtmclustT10_nomix_site403030_nondesignquota_precisionchol_basefitbootinit_preboot_20260521/runs/scenario1/bootstrap/federated/scenario1/raw_runs/run_20260522-045148/trial_estimates_long.csv","result_json":"/project/temp/deferiprone_single_oral_25mgkg_designcheck_20260511/validation/design_change_n403030_wtmclustT10_nomix_site403030_nondesignquota_precisionchol_basefitbootinit_preboot_20260521/runs/scenario1/bootstrap/federated/scenario1/raw_runs/run_20260522-045148/result.json"}}}
[Kserver-1 exited with code 0
Aborting on container exit...
 Container defboot_design_change_n403030_wtmclu_scenario1_271_275-server-1  Stopping
 Container defboot_design_change_n403030_wtmclu_scenario1_271_275-server-1  Stopped
 Container defboot_design_change_n403030_wtmclu_scenario1_271_275-client2-1  Stopping
 Container defboot_design_change_n403030_wtmclu_scenario1_271_275-client1-1  Stopping
 Container defboot_design_change_n403030_wtmclu_scenario1_271_275-client3-1  Stopping
 Container defboot_design_change_n403030_wtmclu_scenario1_271_275-client2-1  Stopped
 Container defboot_design_change_n403030_wtmclu_scenario1_271_275-client1-1  Stopped
 Container defboot_design_change_n403030_wtmclu_scenario1_271_275-client3-1  Stopped
time="2026-05-22T14:06:28+09:00" level=warning msg="The \"SERVER_CONFIG_PATH\" variable is not set. Defaulting to a blank string."
 Container defboot_design_change_n403030_wtmclu_scenario1_271_275-server-1  Stopping
 Container defboot_design_change_n403030_wtmclu_scenario1_271_275-server-1  Stopped
 Container defboot_design_change_n403030_wtmclu_scenario1_271_275-server-1  Removing
 Container defboot_design_change_n403030_wtmclu_scenario1_271_275-server-1  Removed
 Container defboot_design_change_n403030_wtmclu_scenario1_271_275-client2-1  Stopping
 Container defboot_design_change_n403030_wtmclu_scenario1_271_275-client3-1  Stopping
 Container defboot_design_change_n403030_wtmclu_scenario1_271_275-client1-1  Stopping
 Container defboot_design_change_n403030_wtmclu_scenario1_271_275-client2-1  Stopped
 Container defboot_design_change_n403030_wtmclu_scenario1_271_275-client2-1  Removing
 Container defboot_design_change_n403030_wtmclu_scenario1_271_275-client1-1  Stopped
 Container defboot_design_change_n403030_wtmclu_scenario1_271_275-client1-1  Removing
 Container defboot_design_change_n403030_wtmclu_scenario1_271_275-client3-1  Stopped
 Container defboot_design_change_n403030_wtmclu_scenario1_271_275-client3-1  Removing
 Container defboot_design_change_n403030_wtmclu_scenario1_271_275-client2-1  Removed
 Container defboot_design_change_n403030_wtmclu_scenario1_271_275-client1-1  Removed
 Container defboot_design_change_n403030_wtmclu_scenario1_271_275-client3-1  Removed
 Network defboot_design_change_n403030_wtmclu_scenario1_271_275_site2_net  Removing
 Network defboot_design_change_n403030_wtmclu_scenario1_271_275_site3_net  Removing
 Network defboot_design_change_n403030_wtmclu_scenario1_271_275_site1_net  Removing
 Network defboot_design_change_n403030_wtmclu_scenario1_271_275_site2_net  Removed
 Network defboot_design_change_n403030_wtmclu_scenario1_271_275_site3_net  Removed
 Network defboot_design_change_n403030_wtmclu_scenario1_271_275_site1_net  Removed
