time="2026-05-22T07:36:41+09:00" level=warning msg="The \"SERVER_CONFIG_PATH\" variable is not set. Defaulting to a blank string."
Compose now can delegate build to bake for better performances
Just set COMPOSE_BAKE=true
#0 building with "default" instance using docker driver

#1 [client2 internal] load build definition from Dockerfile.app
#1 transferring dockerfile: 778B done
#1 DONE 0.0s

#2 [client1 internal] load build definition from Dockerfile.app
#2 transferring dockerfile: 778B done
#2 DONE 0.0s

#3 [client3 internal] load build definition from Dockerfile.app
#3 transferring dockerfile: 778B done
#3 DONE 0.0s

#4 [client3 internal] load metadata for docker.io/fedpoppk/base:0.1.0
#4 DONE 0.0s

#5 [client2 internal] load .dockerignore
#5 transferring context: 2B done
#5 DONE 0.0s

#6 [client1 internal] load .dockerignore
#6 transferring context: 2B done
#6 DONE 0.0s

#7 [client3 internal] load .dockerignore
#7 transferring context: 2B done
#7 DONE 0.0s

#8 [client3 1/8] FROM docker.io/fedpoppk/base:0.1.0
#8 DONE 0.0s

#9 [client2 internal] load build context
#9 transferring context: 736.51kB 0.3s done
#9 DONE 0.3s

#10 [client3 internal] load build context
#10 transferring context: 736.51kB 0.3s done
#10 DONE 0.3s

#11 [client1 internal] load build context
#11 transferring context: 736.51kB 0.3s done
#11 DONE 0.3s

#12 [client3 2/8] WORKDIR /project
#12 CACHED

#13 [client3 4/8] RUN Rscript -e "options(renv.consent=TRUE, Ncpus=parallel::detectCores());                 renv::restore(prompt=FALSE)"
#13 CACHED

#14 [client3 5/8] COPY apps/ apps/
#14 CACHED

#15 [client3 3/8] COPY renv.lock .Rprofile renv/activate.R ./
#15 CACHED

#16 [client3 6/8] COPY R/ R/
#16 CACHED

#17 [client3 7/8] COPY analysis/ analysis/
#17 CACHED

#18 [client3 8/8] RUN mkdir -p /project/configs/modes /project/data /project/artifacts /project/result
#18 CACHED

#19 [client3] exporting to image
#19 exporting layers done
#19 writing image sha256:7f8156596f9993458ce4a23fda88aa874b2c8e6e326d98f3d5ddefd95576f009 done
#19 naming to docker.io/library/defboot_design_change_n403030_wtmclu_scenario1_146_150-client3 0.0s done
#19 DONE 0.0s

#20 [client1] exporting to image
#20 exporting layers done
#20 writing image sha256:4f7221535c35b1be472a683b539f74dbbaff95f231e4ea32114975696f505c1b done
#20 naming to docker.io/library/defboot_design_change_n403030_wtmclu_scenario1_146_150-client1 0.0s done
#20 DONE 0.0s

#21 [client2] exporting to image
#21 exporting layers done
#21 writing image sha256:ed38481757a423750dc5d4640f298299eb6c33e3f52a86c3eb4e7d2b541184ce done
#21 naming to docker.io/library/defboot_design_change_n403030_wtmclu_scenario1_146_150-client2 0.0s done
#21 DONE 0.1s

#22 [client3] resolving provenance for metadata file
#22 DONE 0.0s

#23 [client2] resolving provenance for metadata file
#23 DONE 0.0s

#24 [client1] resolving provenance for metadata file
#24 DONE 0.0s

#25 [server internal] load build definition from Dockerfile.app
#25 transferring dockerfile: 778B done
#25 DONE 0.0s

#4 [server internal] load metadata for docker.io/fedpoppk/base:0.1.0
#4 DONE 0.0s

#26 [server internal] load .dockerignore
#26 transferring context: 2B done
#26 DONE 0.0s

#8 [server 1/8] FROM docker.io/fedpoppk/base:0.1.0
#8 DONE 0.0s

#27 [server internal] load build context
#27 transferring context: 736.51kB 0.3s done
#27 DONE 0.3s

#28 [server 5/8] COPY apps/ apps/
#28 CACHED

#29 [server 7/8] COPY analysis/ analysis/
#29 CACHED

#12 [server 2/8] WORKDIR /project
#12 CACHED

#30 [server 6/8] COPY R/ R/
#30 CACHED

#31 [server 3/8] COPY renv.lock .Rprofile renv/activate.R ./
#31 CACHED

#32 [server 4/8] RUN Rscript -e "options(renv.consent=TRUE, Ncpus=parallel::detectCores());                 renv::restore(prompt=FALSE)"
#32 CACHED

#33 [server 8/8] RUN mkdir -p /project/configs/modes /project/data /project/artifacts /project/result
#33 CACHED

#34 [server] exporting to image
#34 exporting layers done
#34 writing image sha256:4425f63a51c904b33c7f0e555b68cf41b589eb6fefa7b3db362528eae672e15f done
#34 naming to docker.io/library/defboot_design_change_n403030_wtmclu_scenario1_146_150-server 0.0s done
#34 DONE 0.0s

#35 [server] resolving provenance for metadata file
#35 DONE 0.0s
 client1  Built
 client2  Built
 client3  Built
 server  Built
 Network defboot_design_change_n403030_wtmclu_scenario1_146_150_site2_net  Creating
 Network defboot_design_change_n403030_wtmclu_scenario1_146_150_site2_net  Created
 Network defboot_design_change_n403030_wtmclu_scenario1_146_150_site3_net  Creating
 Network defboot_design_change_n403030_wtmclu_scenario1_146_150_site3_net  Created
 Network defboot_design_change_n403030_wtmclu_scenario1_146_150_site1_net  Creating
 Network defboot_design_change_n403030_wtmclu_scenario1_146_150_site1_net  Created
 Container defboot_design_change_n403030_wtmclu_scenario1_146_150-client1-1  Creating
 Container defboot_design_change_n403030_wtmclu_scenario1_146_150-client3-1  Creating
 Container defboot_design_change_n403030_wtmclu_scenario1_146_150-client2-1  Creating
 Container defboot_design_change_n403030_wtmclu_scenario1_146_150-client3-1  Created
 Container defboot_design_change_n403030_wtmclu_scenario1_146_150-client2-1  Created
 Container defboot_design_change_n403030_wtmclu_scenario1_146_150-client1-1  Created
 Container defboot_design_change_n403030_wtmclu_scenario1_146_150-server-1  Creating
 Container defboot_design_change_n403030_wtmclu_scenario1_146_150-server-1  Created
Attaching to client1-1, client2-1, client3-1, server-1
client3-1  | Running plumber API at http://0.0.0.0:8000
client3-1  | Running swagger Docs at http://127.0.0.1:8000/__docs__/
client1-1  | Running plumber API at http://0.0.0.0:8000
client1-1  | Running swagger Docs at http://127.0.0.1:8000/__docs__/
client2-1  | Running plumber API at http://0.0.0.0:8000
client2-1  | Running swagger Docs at http://127.0.0.1:8000/__docs__/
client1-1  | ℹ parameter labels from comments are typically ignored in non-interactive mode
client1-1  | ℹ Need to run with the source intact to parse comments
client2-1  | ℹ parameter labels from comments are typically ignored in non-interactive mode
client3-1  | ℹ parameter labels from comments are typically ignored in non-interactive mode
client2-1  | ℹ Need to run with the source intact to parse comments
client3-1  | ℹ Need to run with the source intact to parse comments
server-1   | [send_init] http://client2:8000 init succeeded
server-1   | [send_init] http://client3:8000 init succeeded
server-1   | [send_init] http://client1:8000 init succeeded
server-1   | {"schema":{"schema_version":"1.1.0","generated_at":"2026-05-21T22:36:50Z","config_path":"/project/configs/../temp/deferiprone_single_oral_25mgkg_designcheck_20260511/validation/design_change_n403030_wtmclustT10_nomix_site403030_nondesignquota_precisionchol_basefitbootinit_preboot_20260521/configs/resolved/scenario1_bootstrap.json","config_md5":"9d7556058a6c3cb18af9ad7ffdd7076b","seed":4869,"host":"ff33ec76e820","pid":1,"image_tag":null,"git_sha":null,"git_dirty":null},"aggregation":{"ci_method":"percentile","ci_level":0.95,"quantile_type":7,"estimates_scale":"natural"},"summary":[{"parameter":"(etaLcl,etaLvc)","median":0.064418064742,"p2.5":0.054757775908,"p97.5":0.075161397771},{"parameter":"CcPropSd","median":0.35862237407,"p2.5":0.33437757121,"p97.5":0.37546669282},{"parameter":"etaLcl","median":0.10535119415,"p2.5":0.076794071641,"p97.5":0.11729739585},{"parameter":"etaLvc","median":0.040972279157,"p2.5":0.037164875404,"p97.5":0.050250376748},{"parameter":"lcl","median":2.1753004441,"p2.5":2.1322533038,"p97.5":2.2220898022},{"parameter":"lka","median":2.1887598355,"p2.5":2.0297250264,"p97.5":2.2910015024},{"parameter":"lvc","median":2.9845182942,"p2.5":2.9430461799,"p97.5":3.0123661085},{"parameter":"rho_(etaLcl,etaLvc)","median":0.98125749131,"p2.5":0.97938937926,"p97.5":0.98461075976}],"runs":[{"tag":"trial_146_20260521-223650","value":2205.6337,"counts":[18,18],"control":{"maxit":100,"factr":1000000000,"pgtol":0,"trace":0,"method":"L-BFGS-B"},"convergence":0,"message":"CONVERGENCE: REL_REDUCTION_OF_F <= FACTR*EPSMCH","nat_par":{"lka":2.2978155738,"lcl":2.1753004441,"lvc":2.9918293858,"CcPropSd":0.34457299301,"etaLcl":0.10857056083,"etaLvc":0.03679589707,"(etaLcl,etaLvc)":0.061891607892,"rho_(etaLcl,etaLvc)":0.97921042206},"failed_clients":[],"attempt":1,"files":{"result":"/project/temp/deferiprone_single_oral_25mgkg_designcheck_20260511/validation/design_change_n403030_wtmclustT10_nomix_site403030_nondesignquota_precisionchol_basefitbootinit_preboot_20260521/runs/scenario1/bootstrap/federated/scenario1/raw_runs/run_20260521-223650/optim_result_trial_146_20260521-223650.json","trace":"/project/temp/deferiprone_single_oral_25mgkg_designcheck_20260511/validation/design_change_n403030_wtmclustT10_nomix_site403030_nondesignquota_precisionchol_basefitbootinit_preboot_20260521/runs/scenario1/bootstrap/federated/scenario1/raw_runs/run_20260521-223650/optim_trace_trial_146_20260521-223650.csv","final":"/project/temp/deferiprone_single_oral_25mgkg_designcheck_20260511/validation/design_change_n403030_wtmclustT10_nomix_site403030_nondesignquota_precisionchol_basefitbootinit_preboot_20260521/runs/scenario1/bootstrap/federated/scenario1/raw_runs/run_20260521-223650/final_params_trial_146_20260521-223650.csv"},"log_n":18,"execution_state":"completed","trial":146,"attempts":1},{"tag":"trial_147_20260521-223907","value":2202.7368,"counts":[22,22],"control":{"maxit":100,"factr":1000000000,"pgtol":0,"trace":0,"method":"L-BFGS-B"},"convergence":0,"message":"CONVERGENCE: REL_REDUCTION_OF_F <= FACTR*EPSMCH","nat_par":{"lka":2.0156652656,"lcl":2.1589286,"lvc":2.9427310737,"CcPropSd":0.36844763716,"etaLcl":0.07474583014,"etaLvc":0.040485680403,"(etaLcl,etaLvc)":0.05396512791,"rho_(etaLcl,etaLvc)":0.98099999407},"failed_clients":[],"attempt":1,"files":{"result":"/project/temp/deferiprone_single_oral_25mgkg_designcheck_20260511/validation/design_change_n403030_wtmclustT10_nomix_site403030_nondesignquota_precisionchol_basefitbootinit_preboot_20260521/runs/scenario1/bootstrap/federated/scenario1/raw_runs/run_20260521-223650/optim_result_trial_147_20260521-223907.json","trace":"/project/temp/deferiprone_single_oral_25mgkg_designcheck_20260511/validation/design_change_n403030_wtmclustT10_nomix_site403030_nondesignquota_precisionchol_basefitbootinit_preboot_20260521/runs/scenario1/bootstrap/federated/scenario1/raw_runs/run_20260521-223650/optim_trace_trial_147_20260521-223907.csv","final":"/project/temp/deferiprone_single_oral_25mgkg_designcheck_20260511/validation/design_change_n403030_wtmclustT10_nomix_site403030_nondesignquota_precisionchol_basefitbootinit_preboot_20260521/runs/scenario1/bootstrap/federated/scenario1/raw_runs/run_20260521-223650/final_params_trial_147_20260521-223907.csv"},"log_n":22,"execution_state":"completed","trial":147,"attempts":1},{"tag":"trial_148_20260521-224152","value":2188.3969,"counts":[17,17],"control":{"maxit":100,"factr":1000000000,"pgtol":0,"trace":0,"method":"L-BFGS-B"},"convergence":0,"message":"CONVERGENCE: REL_REDUCTION_OF_F <= FACTR*EPSMCH","nat_par":{"lka":2.1887598355,"lcl":2.2022441984,"lvc":2.9845182942,"CcPropSd":0.35862237407,"etaLcl":0.095228245154,"etaLvc":0.045104723365,"(etaLcl,etaLvc)":0.064418064742,"rho_(etaLcl,etaLvc)":0.98291003971},"failed_clients":[],"attempt":1,"files":{"result":"/project/temp/deferiprone_single_oral_25mgkg_designcheck_20260511/validation/design_change_n403030_wtmclustT10_nomix_site403030_nondesignquota_precisionchol_basefitbootinit_preboot_20260521/runs/scenario1/bootstrap/federated/scenario1/raw_runs/run_20260521-223650/optim_result_trial_148_20260521-224152.json","trace":"/project/temp/deferiprone_single_oral_25mgkg_designcheck_20260511/validation/design_change_n403030_wtmclustT10_nomix_site403030_nondesignquota_precisionchol_basefitbootinit_preboot_20260521/runs/scenario1/bootstrap/federated/scenario1/raw_runs/run_20260521-223650/optim_trace_trial_148_20260521-224152.csv","final":"/project/temp/deferiprone_single_oral_25mgkg_designcheck_20260511/validation/design_change_n403030_wtmclustT10_nomix_site403030_nondesignquota_precisionchol_basefitbootinit_preboot_20260521/runs/scenario1/bootstrap/federated/scenario1/raw_runs/run_20260521-223650/final_params_trial_148_20260521-224152.csv"},"log_n":17,"execution_state":"completed","trial":148,"attempts":1},{"tag":"trial_149_20260521-224401","value":2214.9549,"counts":[23,23],"control":{"maxit":100,"factr":1000000000,"pgtol":0,"trace":0,"method":"L-BFGS-B"},"convergence":0,"message":"CONVERGENCE: REL_REDUCTION_OF_F <= FACTR*EPSMCH","nat_par":{"lka":2.156262874,"lcl":2.2242948693,"lvc":3.0146479666,"CcPropSd":0.37624658789,"etaLcl":0.11826704418,"etaLvc":0.050822116013,"(etaLcl,etaLvc)":0.076349494016,"rho_(etaLcl,etaLvc)":0.98479972866},"failed_clients":[],"attempt":1,"files":{"result":"/project/temp/deferiprone_single_oral_25mgkg_designcheck_20260511/validation/design_change_n403030_wtmclustT10_nomix_site403030_nondesignquota_precisionchol_basefitbootinit_preboot_20260521/runs/scenario1/bootstrap/federated/scenario1/raw_runs/run_20260521-223650/optim_result_trial_149_20260521-224401.json","trace":"/project/temp/deferiprone_single_oral_25mgkg_designcheck_20260511/validation/design_change_n403030_wtmclustT10_nomix_site403030_nondesignquota_precisionchol_basefitbootinit_preboot_20260521/runs/scenario1/bootstrap/federated/scenario1/raw_runs/run_20260521-223650/optim_trace_trial_149_20260521-224401.csv","final":"/project/temp/deferiprone_single_oral_25mgkg_designcheck_20260511/validation/design_change_n403030_wtmclustT10_nomix_site403030_nondesignquota_precisionchol_basefitbootinit_preboot_20260521/runs/scenario1/bootstrap/federated/scenario1/raw_runs/run_20260521-223650/final_params_trial_149_20260521-224401.csv"},"log_n":23,"execution_state":"completed","trial":149,"attempts":1},{"tag":"trial_150_20260521-224657","value":2218.1581,"counts":[14,14],"control":{"maxit":100,"factr":1000000000,"pgtol":0,"trace":0,"method":"L-BFGS-B"},"convergence":0,"message":"CONVERGENCE: REL_REDUCTION_OF_F <= FACTR*EPSMCH","nat_par":{"lka":2.2296748596,"lcl":2.129289382,"lvc":2.9458821352,"CcPropSd":0.33324474657,"etaLcl":0.10535119415,"etaLvc":0.040972279157,"(etaLcl,etaLvc)":0.06446853157,"rho_(etaLcl,etaLvc)":0.98125749131},"failed_clients":[],"attempt":1,"files":{"result":"/project/temp/deferiprone_single_oral_25mgkg_designcheck_20260511/validation/design_change_n403030_wtmclustT10_nomix_site403030_nondesignquota_precisionchol_basefitbootinit_preboot_20260521/runs/scenario1/bootstrap/federated/scenario1/raw_runs/run_20260521-223650/optim_result_trial_150_20260521-224657.json","trace":"/project/temp/deferiprone_single_oral_25mgkg_designcheck_20260511/validation/design_change_n403030_wtmclustT10_nomix_site403030_nondesignquota_precisionchol_basefitbootinit_preboot_20260521/runs/scenario1/bootstrap/federated/scenario1/raw_runs/run_20260521-223650/optim_trace_trial_150_20260521-224657.csv","final":"/project/temp/deferiprone_single_oral_25mgkg_designcheck_20260511/validation/design_change_n403030_wtmclustT10_nomix_site403030_nondesignquota_precisionchol_basefitbootinit_preboot_20260521/runs/scenario1/bootstrap/federated/scenario1/raw_runs/run_20260521-223650/final_params_trial_150_20260521-224657.csv"},"log_n":14,"execution_state":"completed","trial":150,"attempts":1}],"trial_status":[{"trial":146,"execution_state":"completed","converged":true,"attempts":1,"convergence":0,"value":2205.6337,"eval_fn":18,"eval_gr":18,"log_n":18,"failed_clients_n":0,"message":"CONVERGENCE: REL_REDUCTION_OF_F <= FACTR*EPSMCH","result_file":"/project/temp/deferiprone_single_oral_25mgkg_designcheck_20260511/validation/design_change_n403030_wtmclustT10_nomix_site403030_nondesignquota_precisionchol_basefitbootinit_preboot_20260521/runs/scenario1/bootstrap/federated/scenario1/raw_runs/run_20260521-223650/optim_result_trial_146_20260521-223650.json","trace_file":"/project/temp/deferiprone_single_oral_25mgkg_designcheck_20260511/validation/design_change_n403030_wtmclustT10_nomix_site403030_nondesignquota_precisionchol_basefitbootinit_preboot_20260521/runs/scenario1/bootstrap/federated/scenario1/raw_runs/run_20260521-223650/optim_trace_trial_146_20260521-223650.csv","final_file":"/project/temp/deferiprone_single_oral_25mgkg_designcheck_20260511/validation/design_change_n403030_wtmclustT10_nomix_site403030_nondesignquota_precisionchol_basefitbootinit_preboot_20260521/runs/scenario1/bootstrap/federated/scenario1/raw_runs/run_20260521-223650/final_params_trial_146_20260521-223650.csv"},{"trial":147,"execution_state":"completed","converged":true,"attempts":1,"convergence":0,"value":2202.7368,"eval_fn":22,"eval_gr":22,"log_n":22,"failed_clients_n":0,"message":"CONVERGENCE: REL_REDUCTION_OF_F <= FACTR*EPSMCH","result_file":"/project/temp/deferiprone_single_oral_25mgkg_designcheck_20260511/validation/design_change_n403030_wtmclustT10_nomix_site403030_nondesignquota_precisionchol_basefitbootinit_preboot_20260521/runs/scenario1/bootstrap/federated/scenario1/raw_runs/run_20260521-223650/optim_result_trial_147_20260521-223907.json","trace_file":"/project/temp/deferiprone_single_oral_25mgkg_designcheck_20260511/validation/design_change_n403030_wtmclustT10_nomix_site403030_nondesignquota_precisionchol_basefitbootinit_preboot_20260521/runs/scenario1/bootstrap/federated/scenario1/raw_runs/run_20260521-223650/optim_trace_trial_147_20260521-223907.csv","final_file":"/project/temp/deferiprone_single_oral_25mgkg_designcheck_20260511/validation/design_change_n403030_wtmclustT10_nomix_site403030_nondesignquota_precisionchol_basefitbootinit_preboot_20260521/runs/scenario1/bootstrap/federated/scenario1/raw_runs/run_20260521-223650/final_params_trial_147_20260521-223907.csv"},{"trial":148,"execution_state":"completed","converged":true,"attempts":1,"convergence":0,"value":2188.3969,"eval_fn":17,"eval_gr":17,"log_n":17,"failed_clients_n":0,"message":"CONVERGENCE: REL_REDUCTION_OF_F <= FACTR*EPSMCH","result_file":"/project/temp/deferiprone_single_oral_25mgkg_designcheck_20260511/validation/design_change_n403030_wtmclustT10_nomix_site403030_nondesignquota_precisionchol_basefitbootinit_preboot_20260521/runs/scenario1/bootstrap/federated/scenario1/raw_runs/run_20260521-223650/optim_result_trial_148_20260521-224152.json","trace_file":"/project/temp/deferiprone_single_oral_25mgkg_designcheck_20260511/validation/design_change_n403030_wtmclustT10_nomix_site403030_nondesignquota_precisionchol_basefitbootinit_preboot_20260521/runs/scenario1/bootstrap/federated/scenario1/raw_runs/run_20260521-223650/optim_trace_trial_148_20260521-224152.csv","final_file":"/project/temp/deferiprone_single_oral_25mgkg_designcheck_20260511/validation/design_change_n403030_wtmclustT10_nomix_site403030_nondesignquota_precisionchol_basefitbootinit_preboot_20260521/runs/scenario1/bootstrap/federated/scenario1/raw_runs/run_20260521-223650/final_params_trial_148_20260521-224152.csv"},{"trial":149,"execution_state":"completed","converged":true,"attempts":1,"convergence":0,"value":2214.9549,"eval_fn":23,"eval_gr":23,"log_n":23,"failed_clients_n":0,"message":"CONVERGENCE: REL_REDUCTION_OF_F <= FACTR*EPSMCH","result_file":"/project/temp/deferiprone_single_oral_25mgkg_designcheck_20260511/validation/design_change_n403030_wtmclustT10_nomix_site403030_nondesignquota_precisionchol_basefitbootinit_preboot_20260521/runs/scenario1/bootstrap/federated/scenario1/raw_runs/run_20260521-223650/optim_result_trial_149_20260521-224401.json","trace_file":"/project/temp/deferiprone_single_oral_25mgkg_designcheck_20260511/validation/design_change_n403030_wtmclustT10_nomix_site403030_nondesignquota_precisionchol_basefitbootinit_preboot_20260521/runs/scenario1/bootstrap/federated/scenario1/raw_runs/run_20260521-223650/optim_trace_trial_149_20260521-224401.csv","final_file":"/project/temp/deferiprone_single_oral_25mgkg_designcheck_20260511/validation/design_change_n403030_wtmclustT10_nomix_site403030_nondesignquota_precisionchol_basefitbootinit_preboot_20260521/runs/scenario1/bootstrap/federated/scenario1/raw_runs/run_20260521-223650/final_params_trial_149_20260521-224401.csv"},{"trial":150,"execution_state":"completed","converged":true,"attempts":1,"convergence":0,"value":2218.1581,"eval_fn":14,"eval_gr":14,"log_n":14,"failed_clients_n":0,"message":"CONVERGENCE: REL_REDUCTION_OF_F <= FACTR*EPSMCH","result_file":"/project/temp/deferiprone_single_oral_25mgkg_designcheck_20260511/validation/design_change_n403030_wtmclustT10_nomix_site403030_nondesignquota_precisionchol_basefitbootinit_preboot_20260521/runs/scenario1/bootstrap/federated/scenario1/raw_runs/run_20260521-223650/optim_result_trial_150_20260521-224657.json","trace_file":"/project/temp/deferiprone_single_oral_25mgkg_designcheck_20260511/validation/design_change_n403030_wtmclustT10_nomix_site403030_nondesignquota_precisionchol_basefitbootinit_preboot_20260521/runs/scenario1/bootstrap/federated/scenario1/raw_runs/run_20260521-223650/optim_trace_trial_150_20260521-224657.csv","final_file":"/project/temp/deferiprone_single_oral_25mgkg_designcheck_20260511/validation/design_change_n403030_wtmclustT10_nomix_site403030_nondesignquota_precisionchol_basefitbootinit_preboot_20260521/runs/scenario1/bootstrap/federated/scenario1/raw_runs/run_20260521-223650/final_params_trial_150_20260521-224657.csv"}],"info":{"run_id":"20260521-223650","log_base_dir":"/project/temp/deferiprone_single_oral_25mgkg_designcheck_20260511/validation/design_change_n403030_wtmclustT10_nomix_site403030_nondesignquota_precisionchol_basefitbootinit_preboot_20260521/runs/scenario1/bootstrap/federated","scenario":"scenario1/raw_runs","total_trials":5,"successes":5,"failures":0,"nonconverged_count":0,"nonconverged_trials":[],"convergence_missing_count":0,"seed_base":4869,"B_per_client":500,"duration_sec":719.7951042652,"host":"ff33ec76e820","image_tag":null,"communication":{"generated_at":"2026-05-21T22:48:44Z","totals":{"requests":567,"request_bytes":633315,"response_bytes":143695,"total_bytes":777010,"retries":0},"init":{"requests":3,"request_bytes":8139,"response_bytes":1161,"total_bytes":9300,"retries":0,"median_elapsed_sec":0.36879467964},"init_round_latency":{"n_rounds":1,"median_round_wall_sec":0.37249851227,"p95_round_wall_sec":0.37249851227},"run":{"requests":0,"request_bytes":0,"response_bytes":0,"total_bytes":0,"retries":0,"median_elapsed_sec":"NA"},"run_bootstrap":{"requests":564,"request_bytes":625176,"response_bytes":142534,"total_bytes":767710,"retries":0,"median_elapsed_sec":3.6374685764},"round_latency":{"n_rounds":188,"median_round_wall_sec":3.7611460686,"p95_round_wall_sec":4.0512014627},"timing_split":{"n_rounds":188,"rounds_with_compute":188,"total_round_wall_sec":709.9819819927,"total_round_compute_wall_sec":703.9501,"total_round_comm_overhead_wall_sec":6.0318819927,"comm_overhead_ratio":0.008495824043,"compute_ratio":0.99150417596}},"communication_files":{"csv":"/project/temp/deferiprone_single_oral_25mgkg_designcheck_20260511/validation/design_change_n403030_wtmclustT10_nomix_site403030_nondesignquota_precisionchol_basefitbootinit_preboot_20260521/runs/scenario1/bootstrap/federated/scenario1/raw_runs/run_20260521-223650/comm_metrics.csv","json":"/project/temp/deferiprone_single_oral_25mgkg_designcheck_20260511/validation/design_change_n403030_wtmclustT10_nomix_site403030_nondesignquota_precisionchol_basefitbootinit_preboot_20260521/runs/scenario1/bootstrap/federated/scenario1/raw_runs/run_20260521-223650/comm_metrics.json"},"output_files":{"bootstrap_summary_csv":"/project/temp/deferiprone_single_oral_25mgkg_designcheck_20260511/validation/design_change_n403030_wtmclustT10_nomix_site403030_nondesignquota_precisionchol_basefitbootinit_preboot_20260521/runs/scenario1/bootstrap/federated/scenario1/raw_runs/run_20260521-223650/bootstrap_summary.csv","bootstrap_summary_json":"/project/temp/deferiprone_single_oral_25mgkg_designcheck_20260511/validation/design_change_n403030_wtmclustT10_nomix_site403030_nondesignquota_precisionchol_basefitbootinit_preboot_20260521/runs/scenario1/bootstrap/federated/scenario1/raw_runs/run_20260521-223650/bootstrap_summary.json","trial_status_csv":"/project/temp/deferiprone_single_oral_25mgkg_designcheck_20260511/validation/design_change_n403030_wtmclustT10_nomix_site403030_nondesignquota_precisionchol_basefitbootinit_preboot_20260521/runs/scenario1/bootstrap/federated/scenario1/raw_runs/run_20260521-223650/trial_status.csv","failed_trials_csv":"/project/temp/deferiprone_single_oral_25mgkg_designcheck_20260511/validation/design_change_n403030_wtmclustT10_nomix_site403030_nondesignquota_precisionchol_basefitbootinit_preboot_20260521/runs/scenario1/bootstrap/federated/scenario1/raw_runs/run_20260521-223650/failed_trials.csv","trial_estimates_wide_csv":"/project/temp/deferiprone_single_oral_25mgkg_designcheck_20260511/validation/design_change_n403030_wtmclustT10_nomix_site403030_nondesignquota_precisionchol_basefitbootinit_preboot_20260521/runs/scenario1/bootstrap/federated/scenario1/raw_runs/run_20260521-223650/trial_estimates_wide.csv","trial_estimates_long_csv":"/project/temp/deferiprone_single_oral_25mgkg_designcheck_20260511/validation/design_change_n403030_wtmclustT10_nomix_site403030_nondesignquota_precisionchol_basefitbootinit_preboot_20260521/runs/scenario1/bootstrap/federated/scenario1/raw_runs/run_20260521-223650/trial_estimates_long.csv","result_json":"/project/temp/deferiprone_single_oral_25mgkg_designcheck_20260511/validation/design_change_n403030_wtmclustT10_nomix_site403030_nondesignquota_precisionchol_basefitbootinit_preboot_20260521/runs/scenario1/bootstrap/federated/scenario1/raw_runs/run_20260521-223650/result.json"}}}
[Kserver-1 exited with code 0
Aborting on container exit...
 Container defboot_design_change_n403030_wtmclu_scenario1_146_150-server-1  Stopping
 Container defboot_design_change_n403030_wtmclu_scenario1_146_150-server-1  Stopped
 Container defboot_design_change_n403030_wtmclu_scenario1_146_150-client3-1  Stopping
 Container defboot_design_change_n403030_wtmclu_scenario1_146_150-client2-1  Stopping
 Container defboot_design_change_n403030_wtmclu_scenario1_146_150-client1-1  Stopping
 Container defboot_design_change_n403030_wtmclu_scenario1_146_150-client1-1  Stopped
 Container defboot_design_change_n403030_wtmclu_scenario1_146_150-client3-1  Stopped
 Container defboot_design_change_n403030_wtmclu_scenario1_146_150-client2-1  Stopped
time="2026-05-22T07:48:54+09:00" level=warning msg="The \"SERVER_CONFIG_PATH\" variable is not set. Defaulting to a blank string."
 Container defboot_design_change_n403030_wtmclu_scenario1_146_150-server-1  Stopping
 Container defboot_design_change_n403030_wtmclu_scenario1_146_150-server-1  Stopped
 Container defboot_design_change_n403030_wtmclu_scenario1_146_150-server-1  Removing
 Container defboot_design_change_n403030_wtmclu_scenario1_146_150-server-1  Removed
 Container defboot_design_change_n403030_wtmclu_scenario1_146_150-client1-1  Stopping
 Container defboot_design_change_n403030_wtmclu_scenario1_146_150-client3-1  Stopping
 Container defboot_design_change_n403030_wtmclu_scenario1_146_150-client2-1  Stopping
 Container defboot_design_change_n403030_wtmclu_scenario1_146_150-client1-1  Stopped
 Container defboot_design_change_n403030_wtmclu_scenario1_146_150-client1-1  Removing
 Container defboot_design_change_n403030_wtmclu_scenario1_146_150-client2-1  Stopped
 Container defboot_design_change_n403030_wtmclu_scenario1_146_150-client2-1  Removing
 Container defboot_design_change_n403030_wtmclu_scenario1_146_150-client3-1  Stopped
 Container defboot_design_change_n403030_wtmclu_scenario1_146_150-client3-1  Removing
 Container defboot_design_change_n403030_wtmclu_scenario1_146_150-client3-1  Removed
 Container defboot_design_change_n403030_wtmclu_scenario1_146_150-client1-1  Removed
 Container defboot_design_change_n403030_wtmclu_scenario1_146_150-client2-1  Removed
 Network defboot_design_change_n403030_wtmclu_scenario1_146_150_site1_net  Removing
 Network defboot_design_change_n403030_wtmclu_scenario1_146_150_site3_net  Removing
 Network defboot_design_change_n403030_wtmclu_scenario1_146_150_site2_net  Removing
 Network defboot_design_change_n403030_wtmclu_scenario1_146_150_site1_net  Removed
 Network defboot_design_change_n403030_wtmclu_scenario1_146_150_site2_net  Removed
 Network defboot_design_change_n403030_wtmclu_scenario1_146_150_site3_net  Removed
