time="2026-05-22T00:05:59+09:00" level=warning msg="The \"SERVER_CONFIG_PATH\" variable is not set. Defaulting to a blank string."
Compose now can delegate build to bake for better performances
Just set COMPOSE_BAKE=true
#0 building with "default" instance using docker driver

#1 [client1 internal] load build definition from Dockerfile.app
#1 transferring dockerfile: 778B done
#1 DONE 0.0s

#2 [client3 internal] load build definition from Dockerfile.app
#2 transferring dockerfile: 778B done
#2 DONE 0.0s

#3 [client2 internal] load build definition from Dockerfile.app
#3 transferring dockerfile: 778B done
#3 DONE 0.0s

#4 [client2 internal] load metadata for docker.io/fedpoppk/base:0.1.0
#4 DONE 0.0s

#5 [client1 internal] load .dockerignore
#5 transferring context: 2B done
#5 DONE 0.0s

#6 [client3 internal] load .dockerignore
#6 transferring context: 2B done
#6 DONE 0.0s

#7 [client2 internal] load .dockerignore
#7 transferring context: 2B done
#7 DONE 0.0s

#8 [client2 1/8] FROM docker.io/fedpoppk/base:0.1.0
#8 DONE 0.0s

#9 [client1 internal] load build context
#9 transferring context: 736.51kB 0.3s done
#9 DONE 0.3s

#10 [client3 internal] load build context
#10 transferring context: 736.51kB 0.3s done
#10 DONE 0.3s

#11 [client2 internal] load build context
#11 transferring context: 736.51kB 0.3s done
#11 DONE 0.3s

#12 [client1 3/8] COPY renv.lock .Rprofile renv/activate.R ./
#12 CACHED

#13 [client1 2/8] WORKDIR /project
#13 CACHED

#14 [client1 6/8] COPY R/ R/
#14 CACHED

#15 [client1 5/8] COPY apps/ apps/
#15 CACHED

#16 [client1 7/8] COPY analysis/ analysis/
#16 CACHED

#17 [client1 4/8] RUN Rscript -e "options(renv.consent=TRUE, Ncpus=parallel::detectCores());                 renv::restore(prompt=FALSE)"
#17 CACHED

#18 [client3 8/8] RUN mkdir -p /project/configs/modes /project/data /project/artifacts /project/result
#18 CACHED

#19 [client3] exporting to image
#19 exporting layers done
#19 writing image sha256:664746f65e7d86a0f817e0fe2de498e077a4b52fca6856db273acc3bf9c62780 done
#19 naming to docker.io/library/defboot_design_change_n403030_wtmclu_scenario1_1_5-client3 0.0s done
#19 DONE 0.0s

#20 [client2] exporting to image
#20 exporting layers done
#20 writing image sha256:3d748ac84e2ca555b11bbba40fa1e533d49bb68584290c117d822bb8cd89c9ec done
#20 naming to docker.io/library/defboot_design_change_n403030_wtmclu_scenario1_1_5-client2 0.0s done
#20 DONE 0.0s

#21 [client1] exporting to image
#21 exporting layers done
#21 writing image sha256:91ea979e22ea6806d1fa049d8f070e25139ea653f12b160c801cfe47e2312824 done
#21 naming to docker.io/library/defboot_design_change_n403030_wtmclu_scenario1_1_5-client1 0.0s done
#21 DONE 0.1s

#22 [client3] resolving provenance for metadata file
#22 DONE 0.0s

#23 [client2] resolving provenance for metadata file
#23 DONE 0.0s

#24 [client1] resolving provenance for metadata file
#24 DONE 0.0s

#25 [server internal] load build definition from Dockerfile.app
#25 transferring dockerfile: 778B done
#25 DONE 0.0s

#4 [server internal] load metadata for docker.io/fedpoppk/base:0.1.0
#4 DONE 0.0s

#26 [server internal] load .dockerignore
#26 transferring context: 2B done
#26 DONE 0.0s

#8 [server 1/8] FROM docker.io/fedpoppk/base:0.1.0
#8 DONE 0.0s

#27 [server internal] load build context
#27 transferring context: 736.51kB 0.4s done
#27 DONE 0.4s

#28 [server 5/8] COPY apps/ apps/
#28 CACHED

#29 [server 7/8] COPY analysis/ analysis/
#29 CACHED

#13 [server 2/8] WORKDIR /project
#13 CACHED

#30 [server 4/8] RUN Rscript -e "options(renv.consent=TRUE, Ncpus=parallel::detectCores());                 renv::restore(prompt=FALSE)"
#30 CACHED

#31 [server 3/8] COPY renv.lock .Rprofile renv/activate.R ./
#31 CACHED

#32 [server 6/8] COPY R/ R/
#32 CACHED

#33 [server 8/8] RUN mkdir -p /project/configs/modes /project/data /project/artifacts /project/result
#33 CACHED

#34 [server] exporting to image
#34 exporting layers done
#34 writing image sha256:53ed2c55687e4d2f80ed2256177de2b410ee8f319b686a365ec9e897a6dcab6e done
#34 naming to docker.io/library/defboot_design_change_n403030_wtmclu_scenario1_1_5-server 0.0s done
#34 DONE 0.0s

#35 [server] resolving provenance for metadata file
#35 DONE 0.0s
 client1  Built
 client2  Built
 client3  Built
 server  Built
 Network defboot_design_change_n403030_wtmclu_scenario1_1_5_site3_net  Creating
 Network defboot_design_change_n403030_wtmclu_scenario1_1_5_site3_net  Created
 Network defboot_design_change_n403030_wtmclu_scenario1_1_5_site1_net  Creating
 Network defboot_design_change_n403030_wtmclu_scenario1_1_5_site1_net  Created
 Network defboot_design_change_n403030_wtmclu_scenario1_1_5_site2_net  Creating
 Network defboot_design_change_n403030_wtmclu_scenario1_1_5_site2_net  Created
 Container defboot_design_change_n403030_wtmclu_scenario1_1_5-client3-1  Creating
 Container defboot_design_change_n403030_wtmclu_scenario1_1_5-client1-1  Creating
 Container defboot_design_change_n403030_wtmclu_scenario1_1_5-client2-1  Creating
 Container defboot_design_change_n403030_wtmclu_scenario1_1_5-client2-1  Created
 Container defboot_design_change_n403030_wtmclu_scenario1_1_5-client1-1  Created
 Container defboot_design_change_n403030_wtmclu_scenario1_1_5-client3-1  Created
 Container defboot_design_change_n403030_wtmclu_scenario1_1_5-server-1  Creating
 Container defboot_design_change_n403030_wtmclu_scenario1_1_5-server-1  Created
Attaching to client1-1, client2-1, client3-1, server-1
client2-1  | Running plumber API at http://0.0.0.0:8000
client2-1  | Running swagger Docs at http://127.0.0.1:8000/__docs__/
client3-1  | Running plumber API at http://0.0.0.0:8000
client1-1  | Running plumber API at http://0.0.0.0:8000
client3-1  | Running swagger Docs at http://127.0.0.1:8000/__docs__/
client1-1  | Running swagger Docs at http://127.0.0.1:8000/__docs__/
client2-1  | ℹ parameter labels from comments are typically ignored in non-interactive mode
client3-1  | ℹ parameter labels from comments are typically ignored in non-interactive mode
client2-1  | ℹ Need to run with the source intact to parse comments
client3-1  | ℹ Need to run with the source intact to parse comments
client1-1  | ℹ parameter labels from comments are typically ignored in non-interactive mode
client1-1  | ℹ Need to run with the source intact to parse comments
server-1   | [send_init] http://client3:8000 init succeeded
server-1   | [send_init] http://client2:8000 init succeeded
server-1   | [send_init] http://client1:8000 init succeeded
server-1   | {"schema":{"schema_version":"1.1.0","generated_at":"2026-05-21T15:06:08Z","config_path":"/project/configs/../temp/deferiprone_single_oral_25mgkg_designcheck_20260511/validation/design_change_n403030_wtmclustT10_nomix_site403030_nondesignquota_precisionchol_basefitbootinit_preboot_20260521/configs/resolved/scenario1_bootstrap.json","config_md5":"9d7556058a6c3cb18af9ad7ffdd7076b","seed":4869,"host":"2c545cb40ffb","pid":1,"image_tag":null,"git_sha":null,"git_dirty":null},"aggregation":{"ci_method":"percentile","ci_level":0.95,"quantile_type":7,"estimates_scale":"natural"},"summary":[{"parameter":"(etaLcl,etaLvc)","median":0.06543345822,"p2.5":0.034483606741,"p97.5":0.066960455959},{"parameter":"CcPropSd","median":0.3624816261,"p2.5":0.34005707167,"p97.5":0.37127215336},{"parameter":"etaLcl","median":0.09881639313,"p2.5":0.082172560595,"p97.5":0.107962724},{"parameter":"etaLvc","median":0.042551894833,"p2.5":0.015987054722,"p97.5":0.04650454406},{"parameter":"lcl","median":2.1749032231,"p2.5":2.123187493,"p97.5":2.2190215511},{"parameter":"lka","median":2.1955340543,"p2.5":2.1383492445,"p97.5":2.3394798992},{"parameter":"lvc","median":2.9455999239,"p2.5":2.9268959385,"p97.5":2.9813174085},{"parameter":"rho_(etaLcl,etaLvc)","median":0.98193719757,"p2.5":0.95205674393,"p97.5":0.98340978528}],"runs":[{"tag":"trial_001_20260521-150608","value":2209.5202,"counts":[27,27],"control":{"maxit":100,"factr":1000000000,"pgtol":0,"trace":0,"method":"L-BFGS-B"},"convergence":0,"message":"CONVERGENCE: REL_REDUCTION_OF_F <= FACTR*EPSMCH","nat_par":{"lka":2.133600776,"lcl":2.1829974329,"lvc":2.9440784392,"CcPropSd":0.3669578518,"etaLcl":0.080772893537,"etaLvc":0.014434312669,"(etaLcl,etaLvc)":0.032422516316,"rho_(etaLcl,etaLvc)":0.9495456373},"failed_clients":[],"attempt":1,"files":{"result":"/project/temp/deferiprone_single_oral_25mgkg_designcheck_20260511/validation/design_change_n403030_wtmclustT10_nomix_site403030_nondesignquota_precisionchol_basefitbootinit_preboot_20260521/runs/scenario1/bootstrap/federated/scenario1/raw_runs/run_20260521-150608/optim_result_trial_001_20260521-150608.json","trace":"/project/temp/deferiprone_single_oral_25mgkg_designcheck_20260511/validation/design_change_n403030_wtmclustT10_nomix_site403030_nondesignquota_precisionchol_basefitbootinit_preboot_20260521/runs/scenario1/bootstrap/federated/scenario1/raw_runs/run_20260521-150608/optim_trace_trial_001_20260521-150608.csv","final":"/project/temp/deferiprone_single_oral_25mgkg_designcheck_20260511/validation/design_change_n403030_wtmclustT10_nomix_site403030_nondesignquota_precisionchol_basefitbootinit_preboot_20260521/runs/scenario1/bootstrap/federated/scenario1/raw_runs/run_20260521-150608/final_params_trial_001_20260521-150608.csv"},"log_n":27,"execution_state":"completed","trial":1,"attempts":1},{"tag":"trial_002_20260521-150933","value":2203.1876,"counts":[24,24],"control":{"maxit":100,"factr":1000000000,"pgtol":0,"trace":0,"method":"L-BFGS-B"},"convergence":0,"message":"CONVERGENCE: REL_REDUCTION_OF_F <= FACTR*EPSMCH","nat_par":{"lka":2.353061354,"lcl":2.1749032231,"lvc":2.9828251677,"CcPropSd":0.33811112619,"etaLcl":0.09881639313,"etaLvc":0.029961733198,"(etaLcl,etaLvc)":0.053033420567,"rho_(etaLcl,etaLvc)":0.97465670364},"failed_clients":[],"attempt":1,"files":{"result":"/project/temp/deferiprone_single_oral_25mgkg_designcheck_20260511/validation/design_change_n403030_wtmclustT10_nomix_site403030_nondesignquota_precisionchol_basefitbootinit_preboot_20260521/runs/scenario1/bootstrap/federated/scenario1/raw_runs/run_20260521-150608/optim_result_trial_002_20260521-150933.json","trace":"/project/temp/deferiprone_single_oral_25mgkg_designcheck_20260511/validation/design_change_n403030_wtmclustT10_nomix_site403030_nondesignquota_precisionchol_basefitbootinit_preboot_20260521/runs/scenario1/bootstrap/federated/scenario1/raw_runs/run_20260521-150608/optim_trace_trial_002_20260521-150933.csv","final":"/project/temp/deferiprone_single_oral_25mgkg_designcheck_20260511/validation/design_change_n403030_wtmclustT10_nomix_site403030_nondesignquota_precisionchol_basefitbootinit_preboot_20260521/runs/scenario1/bootstrap/federated/scenario1/raw_runs/run_20260521-150608/final_params_trial_002_20260521-150933.csv"},"log_n":24,"execution_state":"completed","trial":2,"attempts":1},{"tag":"trial_003_20260521-151235","value":2230.3791,"counts":[24,24],"control":{"maxit":100,"factr":1000000000,"pgtol":0,"trace":0,"method":"L-BFGS-B"},"convergence":0,"message":"CONVERGENCE: REL_REDUCTION_OF_F <= FACTR*EPSMCH","nat_par":{"lka":2.1810854608,"lcl":2.157534962,"lvc":2.9455999239,"CcPropSd":0.3717515202,"etaLcl":0.10402715333,"etaLvc":0.044666571022,"(etaLcl,etaLvc)":0.066990555979,"rho_(etaLcl,etaLvc)":0.98276327331},"failed_clients":[],"attempt":1,"files":{"result":"/project/temp/deferiprone_single_oral_25mgkg_designcheck_20260511/validation/design_change_n403030_wtmclustT10_nomix_site403030_nondesignquota_precisionchol_basefitbootinit_preboot_20260521/runs/scenario1/bootstrap/federated/scenario1/raw_runs/run_20260521-150608/optim_result_trial_003_20260521-151235.json","trace":"/project/temp/deferiprone_single_oral_25mgkg_designcheck_20260511/validation/design_change_n403030_wtmclustT10_nomix_site403030_nondesignquota_precisionchol_basefitbootinit_preboot_20260521/runs/scenario1/bootstrap/federated/scenario1/raw_runs/run_20260521-150608/optim_trace_trial_003_20260521-151235.csv","final":"/project/temp/deferiprone_single_oral_25mgkg_designcheck_20260511/validation/design_change_n403030_wtmclustT10_nomix_site403030_nondesignquota_precisionchol_basefitbootinit_preboot_20260521/runs/scenario1/bootstrap/federated/scenario1/raw_runs/run_20260521-150608/final_params_trial_003_20260521-151235.csv"},"log_n":24,"execution_state":"completed","trial":3,"attempts":1},{"tag":"trial_004_20260521-151538","value":2207.1721,"counts":[18,18],"control":{"maxit":100,"factr":1000000000,"pgtol":0,"trace":0,"method":"L-BFGS-B"},"convergence":0,"message":"CONVERGENCE: REL_REDUCTION_OF_F <= FACTR*EPSMCH","nat_par":{"lka":2.2172468067,"lcl":2.2230242309,"lvc":2.9677475761,"CcPropSd":0.3624816261,"etaLcl":0.10840000963,"etaLvc":0.042551894833,"(etaLcl,etaLvc)":0.066689555777,"rho_(etaLcl,etaLvc)":0.98193719757},"failed_clients":[],"attempt":1,"files":{"result":"/project/temp/deferiprone_single_oral_25mgkg_designcheck_20260511/validation/design_change_n403030_wtmclustT10_nomix_site403030_nondesignquota_precisionchol_basefitbootinit_preboot_20260521/runs/scenario1/bootstrap/federated/scenario1/raw_runs/run_20260521-150608/optim_result_trial_004_20260521-151538.json","trace":"/project/temp/deferiprone_single_oral_25mgkg_designcheck_20260511/validation/design_change_n403030_wtmclustT10_nomix_site403030_nondesignquota_precisionchol_basefitbootinit_preboot_20260521/runs/scenario1/bootstrap/federated/scenario1/raw_runs/run_20260521-150608/optim_trace_trial_004_20260521-151538.csv","final":"/project/temp/deferiprone_single_oral_25mgkg_designcheck_20260511/validation/design_change_n403030_wtmclustT10_nomix_site403030_nondesignquota_precisionchol_basefitbootinit_preboot_20260521/runs/scenario1/bootstrap/federated/scenario1/raw_runs/run_20260521-150608/final_params_trial_004_20260521-151538.csv"},"log_n":18,"execution_state":"completed","trial":4,"attempts":1},{"tag":"trial_005_20260521-151755","value":2229.0614,"counts":[24,24],"control":{"maxit":100,"factr":1000000000,"pgtol":0,"trace":0,"method":"L-BFGS-B"},"convergence":0,"message":"CONVERGENCE: REL_REDUCTION_OF_F <= FACTR*EPSMCH","nat_par":{"lka":2.1955340543,"lcl":2.1193711075,"lvc":2.9249867717,"CcPropSd":0.35757058097,"etaLcl":0.094769564124,"etaLvc":0.046708763287,"(etaLcl,etaLvc)":0.06543345822,"rho_(etaLcl,etaLvc)":0.98348161995},"failed_clients":[],"attempt":1,"files":{"result":"/project/temp/deferiprone_single_oral_25mgkg_designcheck_20260511/validation/design_change_n403030_wtmclustT10_nomix_site403030_nondesignquota_precisionchol_basefitbootinit_preboot_20260521/runs/scenario1/bootstrap/federated/scenario1/raw_runs/run_20260521-150608/optim_result_trial_005_20260521-151755.json","trace":"/project/temp/deferiprone_single_oral_25mgkg_designcheck_20260511/validation/design_change_n403030_wtmclustT10_nomix_site403030_nondesignquota_precisionchol_basefitbootinit_preboot_20260521/runs/scenario1/bootstrap/federated/scenario1/raw_runs/run_20260521-150608/optim_trace_trial_005_20260521-151755.csv","final":"/project/temp/deferiprone_single_oral_25mgkg_designcheck_20260511/validation/design_change_n403030_wtmclustT10_nomix_site403030_nondesignquota_precisionchol_basefitbootinit_preboot_20260521/runs/scenario1/bootstrap/federated/scenario1/raw_runs/run_20260521-150608/final_params_trial_005_20260521-151755.csv"},"log_n":24,"execution_state":"completed","trial":5,"attempts":1}],"trial_status":[{"trial":1,"execution_state":"completed","converged":true,"attempts":1,"convergence":0,"value":2209.5202,"eval_fn":27,"eval_gr":27,"log_n":27,"failed_clients_n":0,"message":"CONVERGENCE: REL_REDUCTION_OF_F <= FACTR*EPSMCH","result_file":"/project/temp/deferiprone_single_oral_25mgkg_designcheck_20260511/validation/design_change_n403030_wtmclustT10_nomix_site403030_nondesignquota_precisionchol_basefitbootinit_preboot_20260521/runs/scenario1/bootstrap/federated/scenario1/raw_runs/run_20260521-150608/optim_result_trial_001_20260521-150608.json","trace_file":"/project/temp/deferiprone_single_oral_25mgkg_designcheck_20260511/validation/design_change_n403030_wtmclustT10_nomix_site403030_nondesignquota_precisionchol_basefitbootinit_preboot_20260521/runs/scenario1/bootstrap/federated/scenario1/raw_runs/run_20260521-150608/optim_trace_trial_001_20260521-150608.csv","final_file":"/project/temp/deferiprone_single_oral_25mgkg_designcheck_20260511/validation/design_change_n403030_wtmclustT10_nomix_site403030_nondesignquota_precisionchol_basefitbootinit_preboot_20260521/runs/scenario1/bootstrap/federated/scenario1/raw_runs/run_20260521-150608/final_params_trial_001_20260521-150608.csv"},{"trial":2,"execution_state":"completed","converged":true,"attempts":1,"convergence":0,"value":2203.1876,"eval_fn":24,"eval_gr":24,"log_n":24,"failed_clients_n":0,"message":"CONVERGENCE: REL_REDUCTION_OF_F <= FACTR*EPSMCH","result_file":"/project/temp/deferiprone_single_oral_25mgkg_designcheck_20260511/validation/design_change_n403030_wtmclustT10_nomix_site403030_nondesignquota_precisionchol_basefitbootinit_preboot_20260521/runs/scenario1/bootstrap/federated/scenario1/raw_runs/run_20260521-150608/optim_result_trial_002_20260521-150933.json","trace_file":"/project/temp/deferiprone_single_oral_25mgkg_designcheck_20260511/validation/design_change_n403030_wtmclustT10_nomix_site403030_nondesignquota_precisionchol_basefitbootinit_preboot_20260521/runs/scenario1/bootstrap/federated/scenario1/raw_runs/run_20260521-150608/optim_trace_trial_002_20260521-150933.csv","final_file":"/project/temp/deferiprone_single_oral_25mgkg_designcheck_20260511/validation/design_change_n403030_wtmclustT10_nomix_site403030_nondesignquota_precisionchol_basefitbootinit_preboot_20260521/runs/scenario1/bootstrap/federated/scenario1/raw_runs/run_20260521-150608/final_params_trial_002_20260521-150933.csv"},{"trial":3,"execution_state":"completed","converged":true,"attempts":1,"convergence":0,"value":2230.3791,"eval_fn":24,"eval_gr":24,"log_n":24,"failed_clients_n":0,"message":"CONVERGENCE: REL_REDUCTION_OF_F <= FACTR*EPSMCH","result_file":"/project/temp/deferiprone_single_oral_25mgkg_designcheck_20260511/validation/design_change_n403030_wtmclustT10_nomix_site403030_nondesignquota_precisionchol_basefitbootinit_preboot_20260521/runs/scenario1/bootstrap/federated/scenario1/raw_runs/run_20260521-150608/optim_result_trial_003_20260521-151235.json","trace_file":"/project/temp/deferiprone_single_oral_25mgkg_designcheck_20260511/validation/design_change_n403030_wtmclustT10_nomix_site403030_nondesignquota_precisionchol_basefitbootinit_preboot_20260521/runs/scenario1/bootstrap/federated/scenario1/raw_runs/run_20260521-150608/optim_trace_trial_003_20260521-151235.csv","final_file":"/project/temp/deferiprone_single_oral_25mgkg_designcheck_20260511/validation/design_change_n403030_wtmclustT10_nomix_site403030_nondesignquota_precisionchol_basefitbootinit_preboot_20260521/runs/scenario1/bootstrap/federated/scenario1/raw_runs/run_20260521-150608/final_params_trial_003_20260521-151235.csv"},{"trial":4,"execution_state":"completed","converged":true,"attempts":1,"convergence":0,"value":2207.1721,"eval_fn":18,"eval_gr":18,"log_n":18,"failed_clients_n":0,"message":"CONVERGENCE: REL_REDUCTION_OF_F <= FACTR*EPSMCH","result_file":"/project/temp/deferiprone_single_oral_25mgkg_designcheck_20260511/validation/design_change_n403030_wtmclustT10_nomix_site403030_nondesignquota_precisionchol_basefitbootinit_preboot_20260521/runs/scenario1/bootstrap/federated/scenario1/raw_runs/run_20260521-150608/optim_result_trial_004_20260521-151538.json","trace_file":"/project/temp/deferiprone_single_oral_25mgkg_designcheck_20260511/validation/design_change_n403030_wtmclustT10_nomix_site403030_nondesignquota_precisionchol_basefitbootinit_preboot_20260521/runs/scenario1/bootstrap/federated/scenario1/raw_runs/run_20260521-150608/optim_trace_trial_004_20260521-151538.csv","final_file":"/project/temp/deferiprone_single_oral_25mgkg_designcheck_20260511/validation/design_change_n403030_wtmclustT10_nomix_site403030_nondesignquota_precisionchol_basefitbootinit_preboot_20260521/runs/scenario1/bootstrap/federated/scenario1/raw_runs/run_20260521-150608/final_params_trial_004_20260521-151538.csv"},{"trial":5,"execution_state":"completed","converged":true,"attempts":1,"convergence":0,"value":2229.0614,"eval_fn":24,"eval_gr":24,"log_n":24,"failed_clients_n":0,"message":"CONVERGENCE: REL_REDUCTION_OF_F <= FACTR*EPSMCH","result_file":"/project/temp/deferiprone_single_oral_25mgkg_designcheck_20260511/validation/design_change_n403030_wtmclustT10_nomix_site403030_nondesignquota_precisionchol_basefitbootinit_preboot_20260521/runs/scenario1/bootstrap/federated/scenario1/raw_runs/run_20260521-150608/optim_result_trial_005_20260521-151755.json","trace_file":"/project/temp/deferiprone_single_oral_25mgkg_designcheck_20260511/validation/design_change_n403030_wtmclustT10_nomix_site403030_nondesignquota_precisionchol_basefitbootinit_preboot_20260521/runs/scenario1/bootstrap/federated/scenario1/raw_runs/run_20260521-150608/optim_trace_trial_005_20260521-151755.csv","final_file":"/project/temp/deferiprone_single_oral_25mgkg_designcheck_20260511/validation/design_change_n403030_wtmclustT10_nomix_site403030_nondesignquota_precisionchol_basefitbootinit_preboot_20260521/runs/scenario1/bootstrap/federated/scenario1/raw_runs/run_20260521-150608/final_params_trial_005_20260521-151755.csv"}],"info":{"run_id":"20260521-150608","log_base_dir":"/project/temp/deferiprone_single_oral_25mgkg_designcheck_20260511/validation/design_change_n403030_wtmclustT10_nomix_site403030_nondesignquota_precisionchol_basefitbootinit_preboot_20260521/runs/scenario1/bootstrap/federated","scenario":"scenario1/raw_runs","total_trials":5,"successes":5,"failures":0,"nonconverged_count":0,"nonconverged_trials":[],"convergence_missing_count":0,"seed_base":4869,"B_per_client":500,"duration_sec":897.6832685471,"host":"2c545cb40ffb","image_tag":null,"communication":{"generated_at":"2026-05-21T15:21:00Z","totals":{"requests":705,"request_bytes":784851,"response_bytes":178591,"total_bytes":963442,"retries":0},"init":{"requests":3,"request_bytes":8139,"response_bytes":1161,"total_bytes":9300,"retries":0,"median_elapsed_sec":0.37681698799},"init_round_latency":{"n_rounds":1,"median_round_wall_sec":0.38058876991,"p95_round_wall_sec":0.38058876991},"run":{"requests":0,"request_bytes":0,"response_bytes":0,"total_bytes":0,"retries":0,"median_elapsed_sec":"NA"},"run_bootstrap":{"requests":702,"request_bytes":776712,"response_bytes":177430,"total_bytes":954142,"retries":0,"median_elapsed_sec":3.6561362743},"round_latency":{"n_rounds":234,"median_round_wall_sec":3.776106596,"p95_round_wall_sec":4.0702061892},"timing_split":{"n_rounds":234,"rounds_with_compute":234,"total_round_wall_sec":886.8656415939,"total_round_compute_wall_sec":879.2399,"total_round_comm_overhead_wall_sec":7.6257415939,"comm_overhead_ratio":0.0085985308668,"compute_ratio":0.99140146913}},"communication_files":{"csv":"/project/temp/deferiprone_single_oral_25mgkg_designcheck_20260511/validation/design_change_n403030_wtmclustT10_nomix_site403030_nondesignquota_precisionchol_basefitbootinit_preboot_20260521/runs/scenario1/bootstrap/federated/scenario1/raw_runs/run_20260521-150608/comm_metrics.csv","json":"/project/temp/deferiprone_single_oral_25mgkg_designcheck_20260511/validation/design_change_n403030_wtmclustT10_nomix_site403030_nondesignquota_precisionchol_basefitbootinit_preboot_20260521/runs/scenario1/bootstrap/federated/scenario1/raw_runs/run_20260521-150608/comm_metrics.json"},"output_files":{"bootstrap_summary_csv":"/project/temp/deferiprone_single_oral_25mgkg_designcheck_20260511/validation/design_change_n403030_wtmclustT10_nomix_site403030_nondesignquota_precisionchol_basefitbootinit_preboot_20260521/runs/scenario1/bootstrap/federated/scenario1/raw_runs/run_20260521-150608/bootstrap_summary.csv","bootstrap_summary_json":"/project/temp/deferiprone_single_oral_25mgkg_designcheck_20260511/validation/design_change_n403030_wtmclustT10_nomix_site403030_nondesignquota_precisionchol_basefitbootinit_preboot_20260521/runs/scenario1/bootstrap/federated/scenario1/raw_runs/run_20260521-150608/bootstrap_summary.json","trial_status_csv":"/project/temp/deferiprone_single_oral_25mgkg_designcheck_20260511/validation/design_change_n403030_wtmclustT10_nomix_site403030_nondesignquota_precisionchol_basefitbootinit_preboot_20260521/runs/scenario1/bootstrap/federated/scenario1/raw_runs/run_20260521-150608/trial_status.csv","failed_trials_csv":"/project/temp/deferiprone_single_oral_25mgkg_designcheck_20260511/validation/design_change_n403030_wtmclustT10_nomix_site403030_nondesignquota_precisionchol_basefitbootinit_preboot_20260521/runs/scenario1/bootstrap/federated/scenario1/raw_runs/run_20260521-150608/failed_trials.csv","trial_estimates_wide_csv":"/project/temp/deferiprone_single_oral_25mgkg_designcheck_20260511/validation/design_change_n403030_wtmclustT10_nomix_site403030_nondesignquota_precisionchol_basefitbootinit_preboot_20260521/runs/scenario1/bootstrap/federated/scenario1/raw_runs/run_20260521-150608/trial_estimates_wide.csv","trial_estimates_long_csv":"/project/temp/deferiprone_single_oral_25mgkg_designcheck_20260511/validation/design_change_n403030_wtmclustT10_nomix_site403030_nondesignquota_precisionchol_basefitbootinit_preboot_20260521/runs/scenario1/bootstrap/federated/scenario1/raw_runs/run_20260521-150608/trial_estimates_long.csv","result_json":"/project/temp/deferiprone_single_oral_25mgkg_designcheck_20260511/validation/design_change_n403030_wtmclustT10_nomix_site403030_nondesignquota_precisionchol_basefitbootinit_preboot_20260521/runs/scenario1/bootstrap/federated/scenario1/raw_runs/run_20260521-150608/result.json"}}}
[Kserver-1 exited with code 0
Aborting on container exit...
 Container defboot_design_change_n403030_wtmclu_scenario1_1_5-server-1  Stopping
 Container defboot_design_change_n403030_wtmclu_scenario1_1_5-server-1  Stopped
 Container defboot_design_change_n403030_wtmclu_scenario1_1_5-client1-1  Stopping
 Container defboot_design_change_n403030_wtmclu_scenario1_1_5-client2-1  Stopping
 Container defboot_design_change_n403030_wtmclu_scenario1_1_5-client3-1  Stopping
 Container defboot_design_change_n403030_wtmclu_scenario1_1_5-client3-1  Stopped
 Container defboot_design_change_n403030_wtmclu_scenario1_1_5-client1-1  Stopped
 Container defboot_design_change_n403030_wtmclu_scenario1_1_5-client2-1  Stopped
time="2026-05-22T00:21:10+09:00" level=warning msg="The \"SERVER_CONFIG_PATH\" variable is not set. Defaulting to a blank string."
 Container defboot_design_change_n403030_wtmclu_scenario1_1_5-server-1  Stopping
 Container defboot_design_change_n403030_wtmclu_scenario1_1_5-server-1  Stopped
 Container defboot_design_change_n403030_wtmclu_scenario1_1_5-server-1  Removing
 Container defboot_design_change_n403030_wtmclu_scenario1_1_5-server-1  Removed
 Container defboot_design_change_n403030_wtmclu_scenario1_1_5-client2-1  Stopping
 Container defboot_design_change_n403030_wtmclu_scenario1_1_5-client3-1  Stopping
 Container defboot_design_change_n403030_wtmclu_scenario1_1_5-client1-1  Stopping
 Container defboot_design_change_n403030_wtmclu_scenario1_1_5-client2-1  Stopped
 Container defboot_design_change_n403030_wtmclu_scenario1_1_5-client2-1  Removing
 Container defboot_design_change_n403030_wtmclu_scenario1_1_5-client1-1  Stopped
 Container defboot_design_change_n403030_wtmclu_scenario1_1_5-client1-1  Removing
 Container defboot_design_change_n403030_wtmclu_scenario1_1_5-client3-1  Stopped
 Container defboot_design_change_n403030_wtmclu_scenario1_1_5-client3-1  Removing
 Container defboot_design_change_n403030_wtmclu_scenario1_1_5-client2-1  Removed
 Container defboot_design_change_n403030_wtmclu_scenario1_1_5-client3-1  Removed
 Container defboot_design_change_n403030_wtmclu_scenario1_1_5-client1-1  Removed
 Network defboot_design_change_n403030_wtmclu_scenario1_1_5_site1_net  Removing
 Network defboot_design_change_n403030_wtmclu_scenario1_1_5_site3_net  Removing
 Network defboot_design_change_n403030_wtmclu_scenario1_1_5_site2_net  Removing
 Network defboot_design_change_n403030_wtmclu_scenario1_1_5_site2_net  Removed
 Network defboot_design_change_n403030_wtmclu_scenario1_1_5_site3_net  Removed
 Network defboot_design_change_n403030_wtmclu_scenario1_1_5_site1_net  Removed
