time="2026-05-22T15:35:34+09:00" level=warning msg="The \"SERVER_CONFIG_PATH\" variable is not set. Defaulting to a blank string."
Compose now can delegate build to bake for better performances
Just set COMPOSE_BAKE=true
#0 building with "default" instance using docker driver

#1 [client3 internal] load build definition from Dockerfile.app
#1 transferring dockerfile: 778B done
#1 DONE 0.0s

#2 [client1 internal] load build definition from Dockerfile.app
#2 transferring dockerfile: 778B done
#2 DONE 0.0s

#3 [client2 internal] load build definition from Dockerfile.app
#3 transferring dockerfile: 778B done
#3 DONE 0.0s

#4 [client2 internal] load metadata for docker.io/fedpoppk/base:0.1.0
#4 DONE 0.0s

#5 [client3 internal] load .dockerignore
#5 transferring context: 2B done
#5 DONE 0.0s

#6 [client1 internal] load .dockerignore
#6 transferring context: 2B done
#6 DONE 0.0s

#7 [client2 internal] load .dockerignore
#7 transferring context: 2B done
#7 DONE 0.0s

#8 [client2 1/8] FROM docker.io/fedpoppk/base:0.1.0
#8 DONE 0.0s

#9 [client3 internal] load build context
#9 transferring context: 736.51kB 0.3s done
#9 DONE 0.3s

#10 [client1 internal] load build context
#10 transferring context: 736.51kB 0.3s done
#10 DONE 0.3s

#11 [client2 internal] load build context
#11 transferring context: 736.51kB 0.3s done
#11 DONE 0.3s

#12 [client1 2/8] WORKDIR /project
#12 CACHED

#13 [client1 6/8] COPY R/ R/
#13 CACHED

#14 [client1 3/8] COPY renv.lock .Rprofile renv/activate.R ./
#14 CACHED

#15 [client1 4/8] RUN Rscript -e "options(renv.consent=TRUE, Ncpus=parallel::detectCores());                 renv::restore(prompt=FALSE)"
#15 CACHED

#16 [client1 7/8] COPY analysis/ analysis/
#16 CACHED

#17 [client1 5/8] COPY apps/ apps/
#17 CACHED

#18 [client2 8/8] RUN mkdir -p /project/configs/modes /project/data /project/artifacts /project/result
#18 CACHED

#19 [client1] exporting to image
#19 exporting layers done
#19 writing image sha256:024988a65b0fa4c2a1fa8cbc75f95e029980577329e26c5f1e7eccdc93356916 done
#19 naming to docker.io/library/defboot_design_change_n403030_wtmclu_scenario1_306_310-client1 0.0s done
#19 DONE 0.0s

#20 [client3] exporting to image
#20 exporting layers done
#20 writing image sha256:7937a62247ca7ccba899d0f7bb2f639fa12fab640bb2154c1f06794c6edf7869 done
#20 naming to docker.io/library/defboot_design_change_n403030_wtmclu_scenario1_306_310-client3 0.0s done
#20 DONE 0.0s

#21 [client2] exporting to image
#21 exporting layers done
#21 writing image sha256:f28797235d1da3acfbad2d6ffb3c98169e39d6e8b57ef720b4732ddb14567654 done
#21 naming to docker.io/library/defboot_design_change_n403030_wtmclu_scenario1_306_310-client2 0.1s done
#21 DONE 0.1s

#22 [client1] resolving provenance for metadata file
#22 DONE 0.0s

#23 [client3] resolving provenance for metadata file
#23 DONE 0.0s

#24 [client2] resolving provenance for metadata file
#24 DONE 0.0s

#25 [server internal] load build definition from Dockerfile.app
#25 transferring dockerfile: 778B done
#25 DONE 0.0s

#4 [server internal] load metadata for docker.io/fedpoppk/base:0.1.0
#4 DONE 0.0s

#26 [server internal] load .dockerignore
#26 transferring context: 2B done
#26 DONE 0.0s

#8 [server 1/8] FROM docker.io/fedpoppk/base:0.1.0
#8 DONE 0.0s

#27 [server internal] load build context
#27 transferring context: 736.51kB 0.4s done
#27 DONE 0.4s

#28 [server 5/8] COPY apps/ apps/
#28 CACHED

#29 [server 7/8] COPY analysis/ analysis/
#29 CACHED

#12 [server 2/8] WORKDIR /project
#12 CACHED

#30 [server 6/8] COPY R/ R/
#30 CACHED

#31 [server 4/8] RUN Rscript -e "options(renv.consent=TRUE, Ncpus=parallel::detectCores());                 renv::restore(prompt=FALSE)"
#31 CACHED

#32 [server 3/8] COPY renv.lock .Rprofile renv/activate.R ./
#32 CACHED

#33 [server 8/8] RUN mkdir -p /project/configs/modes /project/data /project/artifacts /project/result
#33 CACHED

#34 [server] exporting to image
#34 exporting layers done
#34 writing image sha256:95228c5ab8e670bf2e4e49c4cf0d222ee46aa2eb7634e4ebad1df4c9197849e3 done
#34 naming to docker.io/library/defboot_design_change_n403030_wtmclu_scenario1_306_310-server 0.0s done
#34 DONE 0.0s

#35 [server] resolving provenance for metadata file
#35 DONE 0.0s
 client1  Built
 client2  Built
 client3  Built
 server  Built
 Network defboot_design_change_n403030_wtmclu_scenario1_306_310_site2_net  Creating
 Network defboot_design_change_n403030_wtmclu_scenario1_306_310_site2_net  Created
 Network defboot_design_change_n403030_wtmclu_scenario1_306_310_site3_net  Creating
 Network defboot_design_change_n403030_wtmclu_scenario1_306_310_site3_net  Created
 Network defboot_design_change_n403030_wtmclu_scenario1_306_310_site1_net  Creating
 Network defboot_design_change_n403030_wtmclu_scenario1_306_310_site1_net  Created
 Container defboot_design_change_n403030_wtmclu_scenario1_306_310-client3-1  Creating
 Container defboot_design_change_n403030_wtmclu_scenario1_306_310-client2-1  Creating
 Container defboot_design_change_n403030_wtmclu_scenario1_306_310-client1-1  Creating
 Container defboot_design_change_n403030_wtmclu_scenario1_306_310-client2-1  Created
 Container defboot_design_change_n403030_wtmclu_scenario1_306_310-client3-1  Created
 Container defboot_design_change_n403030_wtmclu_scenario1_306_310-client1-1  Created
 Container defboot_design_change_n403030_wtmclu_scenario1_306_310-server-1  Creating
 Container defboot_design_change_n403030_wtmclu_scenario1_306_310-server-1  Created
Attaching to client1-1, client2-1, client3-1, server-1
client3-1  | Running plumber API at http://0.0.0.0:8000
client3-1  | Running swagger Docs at http://127.0.0.1:8000/__docs__/
client2-1  | Running plumber API at http://0.0.0.0:8000
client2-1  | Running swagger Docs at http://127.0.0.1:8000/__docs__/
client1-1  | Running plumber API at http://0.0.0.0:8000
client1-1  | Running swagger Docs at http://127.0.0.1:8000/__docs__/
client3-1  | ℹ parameter labels from comments are typically ignored in non-interactive mode
client1-1  | ℹ parameter labels from comments are typically ignored in non-interactive mode
client2-1  | ℹ parameter labels from comments are typically ignored in non-interactive mode
client1-1  | ℹ Need to run with the source intact to parse comments
client3-1  | ℹ Need to run with the source intact to parse comments
client2-1  | ℹ Need to run with the source intact to parse comments
server-1   | [send_init] http://client1:8000 init succeeded
server-1   | [send_init] http://client3:8000 init succeeded
server-1   | [send_init] http://client2:8000 init succeeded
server-1   | {"schema":{"schema_version":"1.1.0","generated_at":"2026-05-22T06:35:43Z","config_path":"/project/configs/../temp/deferiprone_single_oral_25mgkg_designcheck_20260511/validation/design_change_n403030_wtmclustT10_nomix_site403030_nondesignquota_precisionchol_basefitbootinit_preboot_20260521/configs/resolved/scenario1_bootstrap.json","config_md5":"9d7556058a6c3cb18af9ad7ffdd7076b","seed":4869,"host":"5f47cdd71220","pid":1,"image_tag":null,"git_sha":null,"git_dirty":null},"aggregation":{"ci_method":"percentile","ci_level":0.95,"quantile_type":7,"estimates_scale":"natural"},"summary":[{"parameter":"(etaLcl,etaLvc)","median":0.062082469752,"p2.5":0.050402973569,"p97.5":0.067839792461},{"parameter":"CcPropSd","median":0.33883402215,"p2.5":0.31129458515,"p97.5":0.36677246354},{"parameter":"etaLcl","median":0.098026112981,"p2.5":0.087443054266,"p97.5":0.11171222069},{"parameter":"etaLvc","median":0.041865803696,"p2.5":0.028312036302,"p97.5":0.045587901797},{"parameter":"lcl","median":2.1790823052,"p2.5":2.1108243992,"p97.5":2.201613066},{"parameter":"lka","median":2.2740201191,"p2.5":2.0763915254,"p97.5":2.3822981162},{"parameter":"lvc","median":2.9552480707,"p2.5":2.921199586,"p97.5":3.0139576857},{"parameter":"rho_(etaLcl,etaLvc)","median":0.98165080617,"p2.5":0.97324337155,"p97.5":0.98308042688}],"runs":[{"tag":"trial_306_20260522-063543","value":2193.894,"counts":[19,19],"control":{"maxit":100,"factr":1000000000,"pgtol":0,"trace":0,"method":"L-BFGS-B"},"convergence":0,"message":"CONVERGENCE: REL_REDUCTION_OF_F <= FACTR*EPSMCH","nat_par":{"lka":2.2740201191,"lcl":2.1063610536,"lvc":2.9179382959,"CcPropSd":0.30896952595,"etaLcl":0.098026112981,"etaLvc":0.028191678804,"(etaLcl,etaLvc)":0.051157105314,"rho_(etaLcl,etaLvc)":0.97313838164},"failed_clients":[],"attempt":1,"files":{"result":"/project/temp/deferiprone_single_oral_25mgkg_designcheck_20260511/validation/design_change_n403030_wtmclustT10_nomix_site403030_nondesignquota_precisionchol_basefitbootinit_preboot_20260521/runs/scenario1/bootstrap/federated/scenario1/raw_runs/run_20260522-063543/optim_result_trial_306_20260522-063543.json","trace":"/project/temp/deferiprone_single_oral_25mgkg_designcheck_20260511/validation/design_change_n403030_wtmclustT10_nomix_site403030_nondesignquota_precisionchol_basefitbootinit_preboot_20260521/runs/scenario1/bootstrap/federated/scenario1/raw_runs/run_20260522-063543/optim_trace_trial_306_20260522-063543.csv","final":"/project/temp/deferiprone_single_oral_25mgkg_designcheck_20260511/validation/design_change_n403030_wtmclustT10_nomix_site403030_nondesignquota_precisionchol_basefitbootinit_preboot_20260521/runs/scenario1/bootstrap/federated/scenario1/raw_runs/run_20260522-063543/final_params_trial_306_20260522-063543.csv"},"log_n":19,"execution_state":"completed","trial":306,"attempts":1},{"tag":"trial_307_20260522-063808","value":2181.4696,"counts":[21,21],"control":{"maxit":100,"factr":1000000000,"pgtol":0,"trace":0,"method":"L-BFGS-B"},"convergence":0,"message":"CONVERGENCE: REL_REDUCTION_OF_F <= FACTR*EPSMCH","nat_par":{"lka":2.0659044793,"lcl":2.1790823052,"lvc":2.9505511968,"CcPropSd":0.332220118,"etaLcl":0.1119858256,"etaLvc":0.041865803696,"(etaLcl,etaLvc)":0.067215320224,"rho_(etaLcl,etaLvc)":0.98165080617},"failed_clients":[],"attempt":1,"files":{"result":"/project/temp/deferiprone_single_oral_25mgkg_designcheck_20260511/validation/design_change_n403030_wtmclustT10_nomix_site403030_nondesignquota_precisionchol_basefitbootinit_preboot_20260521/runs/scenario1/bootstrap/federated/scenario1/raw_runs/run_20260522-063543/optim_result_trial_307_20260522-063808.json","trace":"/project/temp/deferiprone_single_oral_25mgkg_designcheck_20260511/validation/design_change_n403030_wtmclustT10_nomix_site403030_nondesignquota_precisionchol_basefitbootinit_preboot_20260521/runs/scenario1/bootstrap/federated/scenario1/raw_runs/run_20260522-063543/optim_trace_trial_307_20260522-063808.csv","final":"/project/temp/deferiprone_single_oral_25mgkg_designcheck_20260511/validation/design_change_n403030_wtmclustT10_nomix_site403030_nondesignquota_precisionchol_basefitbootinit_preboot_20260521/runs/scenario1/bootstrap/federated/scenario1/raw_runs/run_20260522-063543/final_params_trial_307_20260522-063808.csv"},"log_n":21,"execution_state":"completed","trial":307,"attempts":1},{"tag":"trial_308_20260522-064046","value":2203.3602,"counts":[19,19],"control":{"maxit":100,"factr":1000000000,"pgtol":0,"trace":0,"method":"L-BFGS-B"},"convergence":0,"message":"CONVERGENCE: REL_REDUCTION_OF_F <= FACTR*EPSMCH","nat_par":{"lka":2.1707749398,"lcl":2.2030498969,"lvc":3.0188706851,"CcPropSd":0.36929412973,"etaLcl":0.087074281182,"etaLvc":0.045793597222,"(etaLcl,etaLvc)":0.062082469752,"rho_(etaLcl,etaLvc)":0.98315424029},"failed_clients":[],"attempt":1,"files":{"result":"/project/temp/deferiprone_single_oral_25mgkg_designcheck_20260511/validation/design_change_n403030_wtmclustT10_nomix_site403030_nondesignquota_precisionchol_basefitbootinit_preboot_20260521/runs/scenario1/bootstrap/federated/scenario1/raw_runs/run_20260522-063543/optim_result_trial_308_20260522-064046.json","trace":"/project/temp/deferiprone_single_oral_25mgkg_designcheck_20260511/validation/design_change_n403030_wtmclustT10_nomix_site403030_nondesignquota_precisionchol_basefitbootinit_preboot_20260521/runs/scenario1/bootstrap/federated/scenario1/raw_runs/run_20260522-063543/optim_trace_trial_308_20260522-064046.csv","final":"/project/temp/deferiprone_single_oral_25mgkg_designcheck_20260511/validation/design_change_n403030_wtmclustT10_nomix_site403030_nondesignquota_precisionchol_basefitbootinit_preboot_20260521/runs/scenario1/bootstrap/federated/scenario1/raw_runs/run_20260522-063543/final_params_trial_308_20260522-064046.csv"},"log_n":19,"execution_state":"completed","trial":308,"attempts":1},{"tag":"trial_309_20260522-064309","value":2189.5915,"counts":[21,21],"control":{"maxit":100,"factr":1000000000,"pgtol":0,"trace":0,"method":"L-BFGS-B"},"convergence":0,"message":"CONVERGENCE: REL_REDUCTION_OF_F <= FACTR*EPSMCH","nat_par":{"lka":2.3050634244,"lcl":2.1509945093,"lvc":2.9697406907,"CcPropSd":0.33883402215,"etaLcl":0.090762012016,"etaLvc":0.029395253778,"(etaLcl,etaLvc)":0.050319181153,"rho_(etaLcl,etaLvc)":0.97418828081},"failed_clients":[],"attempt":1,"files":{"result":"/project/temp/deferiprone_single_oral_25mgkg_designcheck_20260511/validation/design_change_n403030_wtmclustT10_nomix_site403030_nondesignquota_precisionchol_basefitbootinit_preboot_20260521/runs/scenario1/bootstrap/federated/scenario1/raw_runs/run_20260522-063543/optim_result_trial_309_20260522-064309.json","trace":"/project/temp/deferiprone_single_oral_25mgkg_designcheck_20260511/validation/design_change_n403030_wtmclustT10_nomix_site403030_nondesignquota_precisionchol_basefitbootinit_preboot_20260521/runs/scenario1/bootstrap/federated/scenario1/raw_runs/run_20260522-063543/optim_trace_trial_309_20260522-064309.csv","final":"/project/temp/deferiprone_single_oral_25mgkg_designcheck_20260511/validation/design_change_n403030_wtmclustT10_nomix_site403030_nondesignquota_precisionchol_basefitbootinit_preboot_20260521/runs/scenario1/bootstrap/federated/scenario1/raw_runs/run_20260522-063543/final_params_trial_309_20260522-064309.csv"},"log_n":21,"execution_state":"completed","trial":309,"attempts":1},{"tag":"trial_310_20260522-064550","value":2199.2094,"counts":[20,20],"control":{"maxit":100,"factr":1000000000,"pgtol":0,"trace":0,"method":"L-BFGS-B"},"convergence":0,"message":"CONVERGENCE: REL_REDUCTION_OF_F <= FACTR*EPSMCH","nat_par":{"lka":2.3908797487,"lcl":2.1886815876,"lvc":2.9552480707,"CcPropSd":0.34407746787,"etaLcl":0.10924977656,"etaLvc":0.043736642977,"(etaLcl,etaLvc)":0.067909178265,"rho_(etaLcl,etaLvc)":0.98241610612},"failed_clients":[],"attempt":1,"files":{"result":"/project/temp/deferiprone_single_oral_25mgkg_designcheck_20260511/validation/design_change_n403030_wtmclustT10_nomix_site403030_nondesignquota_precisionchol_basefitbootinit_preboot_20260521/runs/scenario1/bootstrap/federated/scenario1/raw_runs/run_20260522-063543/optim_result_trial_310_20260522-064550.json","trace":"/project/temp/deferiprone_single_oral_25mgkg_designcheck_20260511/validation/design_change_n403030_wtmclustT10_nomix_site403030_nondesignquota_precisionchol_basefitbootinit_preboot_20260521/runs/scenario1/bootstrap/federated/scenario1/raw_runs/run_20260522-063543/optim_trace_trial_310_20260522-064550.csv","final":"/project/temp/deferiprone_single_oral_25mgkg_designcheck_20260511/validation/design_change_n403030_wtmclustT10_nomix_site403030_nondesignquota_precisionchol_basefitbootinit_preboot_20260521/runs/scenario1/bootstrap/federated/scenario1/raw_runs/run_20260522-063543/final_params_trial_310_20260522-064550.csv"},"log_n":20,"execution_state":"completed","trial":310,"attempts":1}],"trial_status":[{"trial":306,"execution_state":"completed","converged":true,"attempts":1,"convergence":0,"value":2193.894,"eval_fn":19,"eval_gr":19,"log_n":19,"failed_clients_n":0,"message":"CONVERGENCE: REL_REDUCTION_OF_F <= FACTR*EPSMCH","result_file":"/project/temp/deferiprone_single_oral_25mgkg_designcheck_20260511/validation/design_change_n403030_wtmclustT10_nomix_site403030_nondesignquota_precisionchol_basefitbootinit_preboot_20260521/runs/scenario1/bootstrap/federated/scenario1/raw_runs/run_20260522-063543/optim_result_trial_306_20260522-063543.json","trace_file":"/project/temp/deferiprone_single_oral_25mgkg_designcheck_20260511/validation/design_change_n403030_wtmclustT10_nomix_site403030_nondesignquota_precisionchol_basefitbootinit_preboot_20260521/runs/scenario1/bootstrap/federated/scenario1/raw_runs/run_20260522-063543/optim_trace_trial_306_20260522-063543.csv","final_file":"/project/temp/deferiprone_single_oral_25mgkg_designcheck_20260511/validation/design_change_n403030_wtmclustT10_nomix_site403030_nondesignquota_precisionchol_basefitbootinit_preboot_20260521/runs/scenario1/bootstrap/federated/scenario1/raw_runs/run_20260522-063543/final_params_trial_306_20260522-063543.csv"},{"trial":307,"execution_state":"completed","converged":true,"attempts":1,"convergence":0,"value":2181.4696,"eval_fn":21,"eval_gr":21,"log_n":21,"failed_clients_n":0,"message":"CONVERGENCE: REL_REDUCTION_OF_F <= FACTR*EPSMCH","result_file":"/project/temp/deferiprone_single_oral_25mgkg_designcheck_20260511/validation/design_change_n403030_wtmclustT10_nomix_site403030_nondesignquota_precisionchol_basefitbootinit_preboot_20260521/runs/scenario1/bootstrap/federated/scenario1/raw_runs/run_20260522-063543/optim_result_trial_307_20260522-063808.json","trace_file":"/project/temp/deferiprone_single_oral_25mgkg_designcheck_20260511/validation/design_change_n403030_wtmclustT10_nomix_site403030_nondesignquota_precisionchol_basefitbootinit_preboot_20260521/runs/scenario1/bootstrap/federated/scenario1/raw_runs/run_20260522-063543/optim_trace_trial_307_20260522-063808.csv","final_file":"/project/temp/deferiprone_single_oral_25mgkg_designcheck_20260511/validation/design_change_n403030_wtmclustT10_nomix_site403030_nondesignquota_precisionchol_basefitbootinit_preboot_20260521/runs/scenario1/bootstrap/federated/scenario1/raw_runs/run_20260522-063543/final_params_trial_307_20260522-063808.csv"},{"trial":308,"execution_state":"completed","converged":true,"attempts":1,"convergence":0,"value":2203.3602,"eval_fn":19,"eval_gr":19,"log_n":19,"failed_clients_n":0,"message":"CONVERGENCE: REL_REDUCTION_OF_F <= FACTR*EPSMCH","result_file":"/project/temp/deferiprone_single_oral_25mgkg_designcheck_20260511/validation/design_change_n403030_wtmclustT10_nomix_site403030_nondesignquota_precisionchol_basefitbootinit_preboot_20260521/runs/scenario1/bootstrap/federated/scenario1/raw_runs/run_20260522-063543/optim_result_trial_308_20260522-064046.json","trace_file":"/project/temp/deferiprone_single_oral_25mgkg_designcheck_20260511/validation/design_change_n403030_wtmclustT10_nomix_site403030_nondesignquota_precisionchol_basefitbootinit_preboot_20260521/runs/scenario1/bootstrap/federated/scenario1/raw_runs/run_20260522-063543/optim_trace_trial_308_20260522-064046.csv","final_file":"/project/temp/deferiprone_single_oral_25mgkg_designcheck_20260511/validation/design_change_n403030_wtmclustT10_nomix_site403030_nondesignquota_precisionchol_basefitbootinit_preboot_20260521/runs/scenario1/bootstrap/federated/scenario1/raw_runs/run_20260522-063543/final_params_trial_308_20260522-064046.csv"},{"trial":309,"execution_state":"completed","converged":true,"attempts":1,"convergence":0,"value":2189.5915,"eval_fn":21,"eval_gr":21,"log_n":21,"failed_clients_n":0,"message":"CONVERGENCE: REL_REDUCTION_OF_F <= FACTR*EPSMCH","result_file":"/project/temp/deferiprone_single_oral_25mgkg_designcheck_20260511/validation/design_change_n403030_wtmclustT10_nomix_site403030_nondesignquota_precisionchol_basefitbootinit_preboot_20260521/runs/scenario1/bootstrap/federated/scenario1/raw_runs/run_20260522-063543/optim_result_trial_309_20260522-064309.json","trace_file":"/project/temp/deferiprone_single_oral_25mgkg_designcheck_20260511/validation/design_change_n403030_wtmclustT10_nomix_site403030_nondesignquota_precisionchol_basefitbootinit_preboot_20260521/runs/scenario1/bootstrap/federated/scenario1/raw_runs/run_20260522-063543/optim_trace_trial_309_20260522-064309.csv","final_file":"/project/temp/deferiprone_single_oral_25mgkg_designcheck_20260511/validation/design_change_n403030_wtmclustT10_nomix_site403030_nondesignquota_precisionchol_basefitbootinit_preboot_20260521/runs/scenario1/bootstrap/federated/scenario1/raw_runs/run_20260522-063543/final_params_trial_309_20260522-064309.csv"},{"trial":310,"execution_state":"completed","converged":true,"attempts":1,"convergence":0,"value":2199.2094,"eval_fn":20,"eval_gr":20,"log_n":20,"failed_clients_n":0,"message":"CONVERGENCE: REL_REDUCTION_OF_F <= FACTR*EPSMCH","result_file":"/project/temp/deferiprone_single_oral_25mgkg_designcheck_20260511/validation/design_change_n403030_wtmclustT10_nomix_site403030_nondesignquota_precisionchol_basefitbootinit_preboot_20260521/runs/scenario1/bootstrap/federated/scenario1/raw_runs/run_20260522-063543/optim_result_trial_310_20260522-064550.json","trace_file":"/project/temp/deferiprone_single_oral_25mgkg_designcheck_20260511/validation/design_change_n403030_wtmclustT10_nomix_site403030_nondesignquota_precisionchol_basefitbootinit_preboot_20260521/runs/scenario1/bootstrap/federated/scenario1/raw_runs/run_20260522-063543/optim_trace_trial_310_20260522-064550.csv","final_file":"/project/temp/deferiprone_single_oral_25mgkg_designcheck_20260511/validation/design_change_n403030_wtmclustT10_nomix_site403030_nondesignquota_precisionchol_basefitbootinit_preboot_20260521/runs/scenario1/bootstrap/federated/scenario1/raw_runs/run_20260522-063543/final_params_trial_310_20260522-064550.csv"}],"info":{"run_id":"20260522-063543","log_base_dir":"/project/temp/deferiprone_single_oral_25mgkg_designcheck_20260511/validation/design_change_n403030_wtmclustT10_nomix_site403030_nondesignquota_precisionchol_basefitbootinit_preboot_20260521/runs/scenario1/bootstrap/federated","scenario":"scenario1/raw_runs","total_trials":5,"successes":5,"failures":0,"nonconverged_count":0,"nonconverged_trials":[],"convergence_missing_count":0,"seed_base":4869,"B_per_client":500,"duration_sec":765.7186024189,"host":"5f47cdd71220","image_tag":null,"communication":{"generated_at":"2026-05-22T06:48:23Z","totals":{"requests":603,"request_bytes":673143,"response_bytes":153117,"total_bytes":826260,"retries":0},"init":{"requests":3,"request_bytes":8139,"response_bytes":1161,"total_bytes":9300,"retries":0,"median_elapsed_sec":0.37532830238},"init_round_latency":{"n_rounds":1,"median_round_wall_sec":0.37733054161,"p95_round_wall_sec":0.37733054161},"run":{"requests":0,"request_bytes":0,"response_bytes":0,"total_bytes":0,"retries":0,"median_elapsed_sec":"NA"},"run_bootstrap":{"requests":600,"request_bytes":665004,"response_bytes":151956,"total_bytes":816960,"retries":0,"median_elapsed_sec":3.6378303766},"round_latency":{"n_rounds":200,"median_round_wall_sec":3.7611908913,"p95_round_wall_sec":3.9917842984},"timing_split":{"n_rounds":200,"rounds_with_compute":200,"total_round_wall_sec":755.5496203899,"total_round_compute_wall_sec":748.857,"total_round_comm_overhead_wall_sec":6.6926203899,"comm_overhead_ratio":0.0088579495103,"compute_ratio":0.99114205049}},"communication_files":{"csv":"/project/temp/deferiprone_single_oral_25mgkg_designcheck_20260511/validation/design_change_n403030_wtmclustT10_nomix_site403030_nondesignquota_precisionchol_basefitbootinit_preboot_20260521/runs/scenario1/bootstrap/federated/scenario1/raw_runs/run_20260522-063543/comm_metrics.csv","json":"/project/temp/deferiprone_single_oral_25mgkg_designcheck_20260511/validation/design_change_n403030_wtmclustT10_nomix_site403030_nondesignquota_precisionchol_basefitbootinit_preboot_20260521/runs/scenario1/bootstrap/federated/scenario1/raw_runs/run_20260522-063543/comm_metrics.json"},"output_files":{"bootstrap_summary_csv":"/project/temp/deferiprone_single_oral_25mgkg_designcheck_20260511/validation/design_change_n403030_wtmclustT10_nomix_site403030_nondesignquota_precisionchol_basefitbootinit_preboot_20260521/runs/scenario1/bootstrap/federated/scenario1/raw_runs/run_20260522-063543/bootstrap_summary.csv","bootstrap_summary_json":"/project/temp/deferiprone_single_oral_25mgkg_designcheck_20260511/validation/design_change_n403030_wtmclustT10_nomix_site403030_nondesignquota_precisionchol_basefitbootinit_preboot_20260521/runs/scenario1/bootstrap/federated/scenario1/raw_runs/run_20260522-063543/bootstrap_summary.json","trial_status_csv":"/project/temp/deferiprone_single_oral_25mgkg_designcheck_20260511/validation/design_change_n403030_wtmclustT10_nomix_site403030_nondesignquota_precisionchol_basefitbootinit_preboot_20260521/runs/scenario1/bootstrap/federated/scenario1/raw_runs/run_20260522-063543/trial_status.csv","failed_trials_csv":"/project/temp/deferiprone_single_oral_25mgkg_designcheck_20260511/validation/design_change_n403030_wtmclustT10_nomix_site403030_nondesignquota_precisionchol_basefitbootinit_preboot_20260521/runs/scenario1/bootstrap/federated/scenario1/raw_runs/run_20260522-063543/failed_trials.csv","trial_estimates_wide_csv":"/project/temp/deferiprone_single_oral_25mgkg_designcheck_20260511/validation/design_change_n403030_wtmclustT10_nomix_site403030_nondesignquota_precisionchol_basefitbootinit_preboot_20260521/runs/scenario1/bootstrap/federated/scenario1/raw_runs/run_20260522-063543/trial_estimates_wide.csv","trial_estimates_long_csv":"/project/temp/deferiprone_single_oral_25mgkg_designcheck_20260511/validation/design_change_n403030_wtmclustT10_nomix_site403030_nondesignquota_precisionchol_basefitbootinit_preboot_20260521/runs/scenario1/bootstrap/federated/scenario1/raw_runs/run_20260522-063543/trial_estimates_long.csv","result_json":"/project/temp/deferiprone_single_oral_25mgkg_designcheck_20260511/validation/design_change_n403030_wtmclustT10_nomix_site403030_nondesignquota_precisionchol_basefitbootinit_preboot_20260521/runs/scenario1/bootstrap/federated/scenario1/raw_runs/run_20260522-063543/result.json"}}}
[Kserver-1 exited with code 0
Aborting on container exit...
 Container defboot_design_change_n403030_wtmclu_scenario1_306_310-server-1  Stopping
 Container defboot_design_change_n403030_wtmclu_scenario1_306_310-server-1  Stopped
 Container defboot_design_change_n403030_wtmclu_scenario1_306_310-client1-1  Stopping
 Container defboot_design_change_n403030_wtmclu_scenario1_306_310-client2-1  Stopping
 Container defboot_design_change_n403030_wtmclu_scenario1_306_310-client3-1  Stopping
 Container defboot_design_change_n403030_wtmclu_scenario1_306_310-client1-1  Stopped
 Container defboot_design_change_n403030_wtmclu_scenario1_306_310-client2-1  Stopped
 Container defboot_design_change_n403030_wtmclu_scenario1_306_310-client3-1  Stopped
time="2026-05-22T15:48:34+09:00" level=warning msg="The \"SERVER_CONFIG_PATH\" variable is not set. Defaulting to a blank string."
 Container defboot_design_change_n403030_wtmclu_scenario1_306_310-server-1  Stopping
 Container defboot_design_change_n403030_wtmclu_scenario1_306_310-server-1  Stopped
 Container defboot_design_change_n403030_wtmclu_scenario1_306_310-server-1  Removing
 Container defboot_design_change_n403030_wtmclu_scenario1_306_310-server-1  Removed
 Container defboot_design_change_n403030_wtmclu_scenario1_306_310-client1-1  Stopping
 Container defboot_design_change_n403030_wtmclu_scenario1_306_310-client2-1  Stopping
 Container defboot_design_change_n403030_wtmclu_scenario1_306_310-client3-1  Stopping
 Container defboot_design_change_n403030_wtmclu_scenario1_306_310-client1-1  Stopped
 Container defboot_design_change_n403030_wtmclu_scenario1_306_310-client1-1  Removing
 Container defboot_design_change_n403030_wtmclu_scenario1_306_310-client3-1  Stopped
 Container defboot_design_change_n403030_wtmclu_scenario1_306_310-client3-1  Removing
 Container defboot_design_change_n403030_wtmclu_scenario1_306_310-client2-1  Stopped
 Container defboot_design_change_n403030_wtmclu_scenario1_306_310-client2-1  Removing
 Container defboot_design_change_n403030_wtmclu_scenario1_306_310-client1-1  Removed
 Container defboot_design_change_n403030_wtmclu_scenario1_306_310-client2-1  Removed
 Container defboot_design_change_n403030_wtmclu_scenario1_306_310-client3-1  Removed
 Network defboot_design_change_n403030_wtmclu_scenario1_306_310_site1_net  Removing
 Network defboot_design_change_n403030_wtmclu_scenario1_306_310_site2_net  Removing
 Network defboot_design_change_n403030_wtmclu_scenario1_306_310_site3_net  Removing
 Network defboot_design_change_n403030_wtmclu_scenario1_306_310_site3_net  Removed
 Network defboot_design_change_n403030_wtmclu_scenario1_306_310_site2_net  Removed
 Network defboot_design_change_n403030_wtmclu_scenario1_306_310_site1_net  Removed
