time="2026-05-22T22:42:19+09:00" level=warning msg="The \"SERVER_CONFIG_PATH\" variable is not set. Defaulting to a blank string."
Compose now can delegate build to bake for better performances
Just set COMPOSE_BAKE=true
#0 building with "default" instance using docker driver

#1 [client2 internal] load build definition from Dockerfile.app
#1 transferring dockerfile: 778B done
#1 DONE 0.0s

#2 [client1 internal] load build definition from Dockerfile.app
#2 transferring dockerfile: 778B done
#2 DONE 0.0s

#3 [client3 internal] load build definition from Dockerfile.app
#3 transferring dockerfile: 778B done
#3 DONE 0.0s

#4 [client3 internal] load metadata for docker.io/fedpoppk/base:0.1.0
#4 DONE 0.0s

#5 [client2 internal] load .dockerignore
#5 transferring context: 2B done
#5 DONE 0.0s

#6 [client1 internal] load .dockerignore
#6 transferring context: 2B done
#6 DONE 0.0s

#7 [client3 internal] load .dockerignore
#7 transferring context: 2B done
#7 DONE 0.0s

#8 [client3 1/8] FROM docker.io/fedpoppk/base:0.1.0
#8 DONE 0.0s

#9 [client2 internal] load build context
#9 ...

#10 [client3 internal] load build context
#10 transferring context: 736.51kB 0.3s done
#10 DONE 0.3s

#9 [client2 internal] load build context
#9 transferring context: 736.51kB 0.3s done
#9 DONE 0.3s

#11 [client1 internal] load build context
#11 transferring context: 736.51kB 0.3s done
#11 DONE 0.3s

#12 [client2 7/8] COPY analysis/ analysis/
#12 CACHED

#13 [client2 2/8] WORKDIR /project
#13 CACHED

#14 [client2 3/8] COPY renv.lock .Rprofile renv/activate.R ./
#14 CACHED

#15 [client2 6/8] COPY R/ R/
#15 CACHED

#16 [client2 4/8] RUN Rscript -e "options(renv.consent=TRUE, Ncpus=parallel::detectCores());                 renv::restore(prompt=FALSE)"
#16 CACHED

#17 [client2 5/8] COPY apps/ apps/
#17 CACHED

#18 [client3 8/8] RUN mkdir -p /project/configs/modes /project/data /project/artifacts /project/result
#18 CACHED

#19 [client2] exporting to image
#19 exporting layers done
#19 writing image sha256:5a2f58764fa8e3236d32a0a0107a0fbd31df455f3a7298ed7d448bf318209f5c done
#19 naming to docker.io/library/defboot_design_change_n403030_wtmclu_scenario1_441_445-client2 0.0s done
#19 DONE 0.0s

#20 [client1] exporting to image
#20 exporting layers done
#20 writing image sha256:7224ee7109f086a616e3a226e92debc023ce5026c1666ba64b2e691a70fb8ac0 done
#20 naming to docker.io/library/defboot_design_change_n403030_wtmclu_scenario1_441_445-client1 0.0s done
#20 DONE 0.0s

#21 [client3] exporting to image
#21 exporting layers done
#21 writing image sha256:48828e4a4cad64d0c497037b8e8037c400a0c24b441e8f3b78e95ba2985880e6 done
#21 naming to docker.io/library/defboot_design_change_n403030_wtmclu_scenario1_441_445-client3 0.0s done
#21 DONE 0.1s

#22 [client2] resolving provenance for metadata file
#22 DONE 0.0s

#23 [client1] resolving provenance for metadata file
#23 DONE 0.0s

#24 [client3] resolving provenance for metadata file
#24 DONE 0.0s

#25 [server internal] load build definition from Dockerfile.app
#25 transferring dockerfile: 778B done
#25 DONE 0.0s

#4 [server internal] load metadata for docker.io/fedpoppk/base:0.1.0
#4 DONE 0.0s

#26 [server internal] load .dockerignore
#26 transferring context: 2B done
#26 DONE 0.0s

#8 [server 1/8] FROM docker.io/fedpoppk/base:0.1.0
#8 DONE 0.0s

#27 [server internal] load build context
#27 transferring context: 736.51kB 0.3s done
#27 DONE 0.4s

#13 [server 2/8] WORKDIR /project
#13 CACHED

#28 [server 3/8] COPY renv.lock .Rprofile renv/activate.R ./
#28 CACHED

#29 [server 4/8] RUN Rscript -e "options(renv.consent=TRUE, Ncpus=parallel::detectCores());                 renv::restore(prompt=FALSE)"
#29 CACHED

#30 [server 5/8] COPY apps/ apps/
#30 CACHED

#31 [server 7/8] COPY analysis/ analysis/
#31 CACHED

#32 [server 6/8] COPY R/ R/
#32 CACHED

#33 [server 8/8] RUN mkdir -p /project/configs/modes /project/data /project/artifacts /project/result
#33 CACHED

#34 [server] exporting to image
#34 exporting layers done
#34 writing image sha256:ba7b2f9e4f7ae69f3db17f94a76252c72845799c49fc3db931c5ccce92872bc1 done
#34 naming to docker.io/library/defboot_design_change_n403030_wtmclu_scenario1_441_445-server 0.0s done
#34 DONE 0.0s

#35 [server] resolving provenance for metadata file
#35 DONE 0.0s
 client1  Built
 client2  Built
 client3  Built
 server  Built
 Network defboot_design_change_n403030_wtmclu_scenario1_441_445_site2_net  Creating
 Network defboot_design_change_n403030_wtmclu_scenario1_441_445_site2_net  Created
 Network defboot_design_change_n403030_wtmclu_scenario1_441_445_site3_net  Creating
 Network defboot_design_change_n403030_wtmclu_scenario1_441_445_site3_net  Created
 Network defboot_design_change_n403030_wtmclu_scenario1_441_445_site1_net  Creating
 Network defboot_design_change_n403030_wtmclu_scenario1_441_445_site1_net  Created
 Container defboot_design_change_n403030_wtmclu_scenario1_441_445-client1-1  Creating
 Container defboot_design_change_n403030_wtmclu_scenario1_441_445-client2-1  Creating
 Container defboot_design_change_n403030_wtmclu_scenario1_441_445-client3-1  Creating
 Container defboot_design_change_n403030_wtmclu_scenario1_441_445-client1-1  Created
 Container defboot_design_change_n403030_wtmclu_scenario1_441_445-client2-1  Created
 Container defboot_design_change_n403030_wtmclu_scenario1_441_445-client3-1  Created
 Container defboot_design_change_n403030_wtmclu_scenario1_441_445-server-1  Creating
 Container defboot_design_change_n403030_wtmclu_scenario1_441_445-server-1  Created
Attaching to client1-1, client2-1, client3-1, server-1
client3-1  | Running plumber API at http://0.0.0.0:8000
client3-1  | Running swagger Docs at http://127.0.0.1:8000/__docs__/
client1-1  | Running plumber API at http://0.0.0.0:8000
client1-1  | Running swagger Docs at http://127.0.0.1:8000/__docs__/
client2-1  | Running plumber API at http://0.0.0.0:8000
client2-1  | Running swagger Docs at http://127.0.0.1:8000/__docs__/
client2-1  | ℹ parameter labels from comments are typically ignored in non-interactive mode
client1-1  | ℹ parameter labels from comments are typically ignored in non-interactive mode
client2-1  | ℹ Need to run with the source intact to parse comments
client1-1  | ℹ Need to run with the source intact to parse comments
client3-1  | ℹ parameter labels from comments are typically ignored in non-interactive mode
client3-1  | ℹ Need to run with the source intact to parse comments
server-1   | [send_init] http://client2:8000 init succeeded
server-1   | [send_init] http://client1:8000 init succeeded
server-1   | [send_init] http://client3:8000 init succeeded
server-1   | {"schema":{"schema_version":"1.1.0","generated_at":"2026-05-22T13:42:28Z","config_path":"/project/configs/../temp/deferiprone_single_oral_25mgkg_designcheck_20260511/validation/design_change_n403030_wtmclustT10_nomix_site403030_nondesignquota_precisionchol_basefitbootinit_preboot_20260521/configs/resolved/scenario1_bootstrap.json","config_md5":"9d7556058a6c3cb18af9ad7ffdd7076b","seed":4869,"host":"1919a8e768c9","pid":1,"image_tag":null,"git_sha":null,"git_dirty":null},"aggregation":{"ci_method":"percentile","ci_level":0.95,"quantile_type":7,"estimates_scale":"natural"},"summary":[{"parameter":"(etaLcl,etaLvc)","median":0.056353081822,"p2.5":0.047129502575,"p97.5":0.076198344211},{"parameter":"CcPropSd","median":0.34140138682,"p2.5":0.32044510404,"p97.5":0.38350800846},{"parameter":"etaLcl","median":0.091207129145,"p2.5":0.073365139856,"p97.5":0.1232825994},{"parameter":"etaLvc","median":0.038962269821,"p2.5":0.031526590835,"p97.5":0.048668290201},{"parameter":"lcl","median":2.1469134002,"p2.5":2.1321130254,"p97.5":2.2352191313},{"parameter":"lka","median":2.2895782469,"p2.5":2.2504793064,"p97.5":2.3913954121},{"parameter":"lvc","median":2.9687843923,"p2.5":2.9454034312,"p97.5":3.0247842786},{"parameter":"rho_(etaLcl,etaLvc)","median":0.98030269114,"p2.5":0.97579224909,"p97.5":0.98412395518}],"runs":[{"tag":"trial_441_20260522-134228","value":2217.8566,"counts":[17,17],"control":{"maxit":100,"factr":1000000000,"pgtol":0,"trace":0,"method":"L-BFGS-B"},"convergence":0,"message":"CONVERGENCE: REL_REDUCTION_OF_F <= FACTR*EPSMCH","nat_par":{"lka":2.2890093428,"lcl":2.1469134002,"lvc":2.9688834717,"CcPropSd":0.36207382829,"etaLcl":0.072092975758,"etaLvc":0.031075067483,"(etaLcl,etaLvc)":0.046171639224,"rho_(etaLcl,etaLvc)":0.97548990015},"failed_clients":[],"attempt":1,"files":{"result":"/project/temp/deferiprone_single_oral_25mgkg_designcheck_20260511/validation/design_change_n403030_wtmclustT10_nomix_site403030_nondesignquota_precisionchol_basefitbootinit_preboot_20260521/runs/scenario1/bootstrap/federated/scenario1/raw_runs/run_20260522-134228/optim_result_trial_441_20260522-134228.json","trace":"/project/temp/deferiprone_single_oral_25mgkg_designcheck_20260511/validation/design_change_n403030_wtmclustT10_nomix_site403030_nondesignquota_precisionchol_basefitbootinit_preboot_20260521/runs/scenario1/bootstrap/federated/scenario1/raw_runs/run_20260522-134228/optim_trace_trial_441_20260522-134228.csv","final":"/project/temp/deferiprone_single_oral_25mgkg_designcheck_20260511/validation/design_change_n403030_wtmclustT10_nomix_site403030_nondesignquota_precisionchol_basefitbootinit_preboot_20260521/runs/scenario1/bootstrap/federated/scenario1/raw_runs/run_20260522-134228/final_params_trial_441_20260522-134228.csv"},"log_n":17,"execution_state":"completed","trial":441,"attempts":1},{"tag":"trial_442_20260522-134436","value":2196.1969,"counts":[21,21],"control":{"maxit":100,"factr":1000000000,"pgtol":0,"trace":0,"method":"L-BFGS-B"},"convergence":0,"message":"CONVERGENCE: REL_REDUCTION_OF_F <= FACTR*EPSMCH","nat_par":{"lka":2.2895782469,"lcl":2.1304772551,"lvc":2.9452895117,"CcPropSd":0.31929087511,"etaLcl":0.12328821248,"etaLvc":0.042418711338,"(etaLcl,etaLvc)":0.071007404455,"rho_(etaLcl,etaLvc)":0.98189291153},"failed_clients":[],"attempt":1,"files":{"result":"/project/temp/deferiprone_single_oral_25mgkg_designcheck_20260511/validation/design_change_n403030_wtmclustT10_nomix_site403030_nondesignquota_precisionchol_basefitbootinit_preboot_20260521/runs/scenario1/bootstrap/federated/scenario1/raw_runs/run_20260522-134228/optim_result_trial_442_20260522-134436.json","trace":"/project/temp/deferiprone_single_oral_25mgkg_designcheck_20260511/validation/design_change_n403030_wtmclustT10_nomix_site403030_nondesignquota_precisionchol_basefitbootinit_preboot_20260521/runs/scenario1/bootstrap/federated/scenario1/raw_runs/run_20260522-134228/optim_trace_trial_442_20260522-134436.csv","final":"/project/temp/deferiprone_single_oral_25mgkg_designcheck_20260511/validation/design_change_n403030_wtmclustT10_nomix_site403030_nondesignquota_precisionchol_basefitbootinit_preboot_20260521/runs/scenario1/bootstrap/federated/scenario1/raw_runs/run_20260522-134228/final_params_trial_442_20260522-134436.csv"},"log_n":21,"execution_state":"completed","trial":442,"attempts":1},{"tag":"trial_443_20260522-134714","value":2191.54,"counts":[18,18],"control":{"maxit":100,"factr":1000000000,"pgtol":0,"trace":0,"method":"L-BFGS-B"},"convergence":0,"message":"CONVERGENCE: REL_REDUCTION_OF_F <= FACTR*EPSMCH","nat_par":{"lka":2.2461981913,"lcl":2.1468349579,"lvc":2.9687843923,"CcPropSd":0.34140138682,"etaLcl":0.091207129145,"etaLvc":0.035590301009,"(etaLcl,etaLvc)":0.05575027273,"rho_(etaLcl,etaLvc)":0.97851338955},"failed_clients":[],"attempt":1,"files":{"result":"/project/temp/deferiprone_single_oral_25mgkg_designcheck_20260511/validation/design_change_n403030_wtmclustT10_nomix_site403030_nondesignquota_precisionchol_basefitbootinit_preboot_20260521/runs/scenario1/bootstrap/federated/scenario1/raw_runs/run_20260522-134228/optim_result_trial_443_20260522-134714.json","trace":"/project/temp/deferiprone_single_oral_25mgkg_designcheck_20260511/validation/design_change_n403030_wtmclustT10_nomix_site403030_nondesignquota_precisionchol_basefitbootinit_preboot_20260521/runs/scenario1/bootstrap/federated/scenario1/raw_runs/run_20260522-134228/optim_trace_trial_443_20260522-134714.csv","final":"/project/temp/deferiprone_single_oral_25mgkg_designcheck_20260511/validation/design_change_n403030_wtmclustT10_nomix_site403030_nondesignquota_precisionchol_basefitbootinit_preboot_20260521/runs/scenario1/bootstrap/federated/scenario1/raw_runs/run_20260522-134228/final_params_trial_443_20260522-134714.csv"},"log_n":18,"execution_state":"completed","trial":443,"attempts":1},{"tag":"trial_444_20260522-134930","value":2172.6907,"counts":[20,20],"control":{"maxit":100,"factr":1000000000,"pgtol":0,"trace":0,"method":"L-BFGS-B"},"convergence":0,"message":"CONVERGENCE: REL_REDUCTION_OF_F <= FACTR*EPSMCH","nat_par":{"lka":2.3973030664,"lcl":2.2401524121,"lvc":3.0309954794,"CcPropSd":0.33083316443,"etaLcl":0.12323208163,"etaLvc":0.049362687852,"(etaLcl,etaLvc)":0.076775115295,"rho_(etaLcl,etaLvc)":0.98437184892},"failed_clients":[],"attempt":1,"files":{"result":"/project/temp/deferiprone_single_oral_25mgkg_designcheck_20260511/validation/design_change_n403030_wtmclustT10_nomix_site403030_nondesignquota_precisionchol_basefitbootinit_preboot_20260521/runs/scenario1/bootstrap/federated/scenario1/raw_runs/run_20260522-134228/optim_result_trial_444_20260522-134930.json","trace":"/project/temp/deferiprone_single_oral_25mgkg_designcheck_20260511/validation/design_change_n403030_wtmclustT10_nomix_site403030_nondesignquota_precisionchol_basefitbootinit_preboot_20260521/runs/scenario1/bootstrap/federated/scenario1/raw_runs/run_20260522-134228/optim_trace_trial_444_20260522-134930.csv","final":"/project/temp/deferiprone_single_oral_25mgkg_designcheck_20260511/validation/design_change_n403030_wtmclustT10_nomix_site403030_nondesignquota_precisionchol_basefitbootinit_preboot_20260521/runs/scenario1/bootstrap/federated/scenario1/raw_runs/run_20260522-134228/final_params_trial_444_20260522-134930.csv"},"log_n":20,"execution_state":"completed","trial":444,"attempts":1},{"tag":"trial_445_20260522-135202","value":2226.1927,"counts":[20,20],"control":{"maxit":100,"factr":1000000000,"pgtol":0,"trace":0,"method":"L-BFGS-B"},"convergence":0,"message":"CONVERGENCE: REL_REDUCTION_OF_F <= FACTR*EPSMCH","nat_par":{"lka":2.3382265233,"lcl":2.190819604,"lvc":2.9464287073,"CcPropSd":0.38588958403,"etaLcl":0.084814616732,"etaLvc":0.038962269821,"(etaLcl,etaLvc)":0.056353081822,"rho_(etaLcl,etaLvc)":0.98030269114},"failed_clients":[],"attempt":1,"files":{"result":"/project/temp/deferiprone_single_oral_25mgkg_designcheck_20260511/validation/design_change_n403030_wtmclustT10_nomix_site403030_nondesignquota_precisionchol_basefitbootinit_preboot_20260521/runs/scenario1/bootstrap/federated/scenario1/raw_runs/run_20260522-134228/optim_result_trial_445_20260522-135202.json","trace":"/project/temp/deferiprone_single_oral_25mgkg_designcheck_20260511/validation/design_change_n403030_wtmclustT10_nomix_site403030_nondesignquota_precisionchol_basefitbootinit_preboot_20260521/runs/scenario1/bootstrap/federated/scenario1/raw_runs/run_20260522-134228/optim_trace_trial_445_20260522-135202.csv","final":"/project/temp/deferiprone_single_oral_25mgkg_designcheck_20260511/validation/design_change_n403030_wtmclustT10_nomix_site403030_nondesignquota_precisionchol_basefitbootinit_preboot_20260521/runs/scenario1/bootstrap/federated/scenario1/raw_runs/run_20260522-134228/final_params_trial_445_20260522-135202.csv"},"log_n":20,"execution_state":"completed","trial":445,"attempts":1}],"trial_status":[{"trial":441,"execution_state":"completed","converged":true,"attempts":1,"convergence":0,"value":2217.8566,"eval_fn":17,"eval_gr":17,"log_n":17,"failed_clients_n":0,"message":"CONVERGENCE: REL_REDUCTION_OF_F <= FACTR*EPSMCH","result_file":"/project/temp/deferiprone_single_oral_25mgkg_designcheck_20260511/validation/design_change_n403030_wtmclustT10_nomix_site403030_nondesignquota_precisionchol_basefitbootinit_preboot_20260521/runs/scenario1/bootstrap/federated/scenario1/raw_runs/run_20260522-134228/optim_result_trial_441_20260522-134228.json","trace_file":"/project/temp/deferiprone_single_oral_25mgkg_designcheck_20260511/validation/design_change_n403030_wtmclustT10_nomix_site403030_nondesignquota_precisionchol_basefitbootinit_preboot_20260521/runs/scenario1/bootstrap/federated/scenario1/raw_runs/run_20260522-134228/optim_trace_trial_441_20260522-134228.csv","final_file":"/project/temp/deferiprone_single_oral_25mgkg_designcheck_20260511/validation/design_change_n403030_wtmclustT10_nomix_site403030_nondesignquota_precisionchol_basefitbootinit_preboot_20260521/runs/scenario1/bootstrap/federated/scenario1/raw_runs/run_20260522-134228/final_params_trial_441_20260522-134228.csv"},{"trial":442,"execution_state":"completed","converged":true,"attempts":1,"convergence":0,"value":2196.1969,"eval_fn":21,"eval_gr":21,"log_n":21,"failed_clients_n":0,"message":"CONVERGENCE: REL_REDUCTION_OF_F <= FACTR*EPSMCH","result_file":"/project/temp/deferiprone_single_oral_25mgkg_designcheck_20260511/validation/design_change_n403030_wtmclustT10_nomix_site403030_nondesignquota_precisionchol_basefitbootinit_preboot_20260521/runs/scenario1/bootstrap/federated/scenario1/raw_runs/run_20260522-134228/optim_result_trial_442_20260522-134436.json","trace_file":"/project/temp/deferiprone_single_oral_25mgkg_designcheck_20260511/validation/design_change_n403030_wtmclustT10_nomix_site403030_nondesignquota_precisionchol_basefitbootinit_preboot_20260521/runs/scenario1/bootstrap/federated/scenario1/raw_runs/run_20260522-134228/optim_trace_trial_442_20260522-134436.csv","final_file":"/project/temp/deferiprone_single_oral_25mgkg_designcheck_20260511/validation/design_change_n403030_wtmclustT10_nomix_site403030_nondesignquota_precisionchol_basefitbootinit_preboot_20260521/runs/scenario1/bootstrap/federated/scenario1/raw_runs/run_20260522-134228/final_params_trial_442_20260522-134436.csv"},{"trial":443,"execution_state":"completed","converged":true,"attempts":1,"convergence":0,"value":2191.54,"eval_fn":18,"eval_gr":18,"log_n":18,"failed_clients_n":0,"message":"CONVERGENCE: REL_REDUCTION_OF_F <= FACTR*EPSMCH","result_file":"/project/temp/deferiprone_single_oral_25mgkg_designcheck_20260511/validation/design_change_n403030_wtmclustT10_nomix_site403030_nondesignquota_precisionchol_basefitbootinit_preboot_20260521/runs/scenario1/bootstrap/federated/scenario1/raw_runs/run_20260522-134228/optim_result_trial_443_20260522-134714.json","trace_file":"/project/temp/deferiprone_single_oral_25mgkg_designcheck_20260511/validation/design_change_n403030_wtmclustT10_nomix_site403030_nondesignquota_precisionchol_basefitbootinit_preboot_20260521/runs/scenario1/bootstrap/federated/scenario1/raw_runs/run_20260522-134228/optim_trace_trial_443_20260522-134714.csv","final_file":"/project/temp/deferiprone_single_oral_25mgkg_designcheck_20260511/validation/design_change_n403030_wtmclustT10_nomix_site403030_nondesignquota_precisionchol_basefitbootinit_preboot_20260521/runs/scenario1/bootstrap/federated/scenario1/raw_runs/run_20260522-134228/final_params_trial_443_20260522-134714.csv"},{"trial":444,"execution_state":"completed","converged":true,"attempts":1,"convergence":0,"value":2172.6907,"eval_fn":20,"eval_gr":20,"log_n":20,"failed_clients_n":0,"message":"CONVERGENCE: REL_REDUCTION_OF_F <= FACTR*EPSMCH","result_file":"/project/temp/deferiprone_single_oral_25mgkg_designcheck_20260511/validation/design_change_n403030_wtmclustT10_nomix_site403030_nondesignquota_precisionchol_basefitbootinit_preboot_20260521/runs/scenario1/bootstrap/federated/scenario1/raw_runs/run_20260522-134228/optim_result_trial_444_20260522-134930.json","trace_file":"/project/temp/deferiprone_single_oral_25mgkg_designcheck_20260511/validation/design_change_n403030_wtmclustT10_nomix_site403030_nondesignquota_precisionchol_basefitbootinit_preboot_20260521/runs/scenario1/bootstrap/federated/scenario1/raw_runs/run_20260522-134228/optim_trace_trial_444_20260522-134930.csv","final_file":"/project/temp/deferiprone_single_oral_25mgkg_designcheck_20260511/validation/design_change_n403030_wtmclustT10_nomix_site403030_nondesignquota_precisionchol_basefitbootinit_preboot_20260521/runs/scenario1/bootstrap/federated/scenario1/raw_runs/run_20260522-134228/final_params_trial_444_20260522-134930.csv"},{"trial":445,"execution_state":"completed","converged":true,"attempts":1,"convergence":0,"value":2226.1927,"eval_fn":20,"eval_gr":20,"log_n":20,"failed_clients_n":0,"message":"CONVERGENCE: REL_REDUCTION_OF_F <= FACTR*EPSMCH","result_file":"/project/temp/deferiprone_single_oral_25mgkg_designcheck_20260511/validation/design_change_n403030_wtmclustT10_nomix_site403030_nondesignquota_precisionchol_basefitbootinit_preboot_20260521/runs/scenario1/bootstrap/federated/scenario1/raw_runs/run_20260522-134228/optim_result_trial_445_20260522-135202.json","trace_file":"/project/temp/deferiprone_single_oral_25mgkg_designcheck_20260511/validation/design_change_n403030_wtmclustT10_nomix_site403030_nondesignquota_precisionchol_basefitbootinit_preboot_20260521/runs/scenario1/bootstrap/federated/scenario1/raw_runs/run_20260522-134228/optim_trace_trial_445_20260522-135202.csv","final_file":"/project/temp/deferiprone_single_oral_25mgkg_designcheck_20260511/validation/design_change_n403030_wtmclustT10_nomix_site403030_nondesignquota_precisionchol_basefitbootinit_preboot_20260521/runs/scenario1/bootstrap/federated/scenario1/raw_runs/run_20260522-134228/final_params_trial_445_20260522-135202.csv"}],"info":{"run_id":"20260522-134228","log_base_dir":"/project/temp/deferiprone_single_oral_25mgkg_designcheck_20260511/validation/design_change_n403030_wtmclustT10_nomix_site403030_nondesignquota_precisionchol_basefitbootinit_preboot_20260521/runs/scenario1/bootstrap/federated","scenario":"scenario1/raw_runs","total_trials":5,"successes":5,"failures":0,"nonconverged_count":0,"nonconverged_trials":[],"convergence_missing_count":0,"seed_base":4869,"B_per_client":500,"duration_sec":733.7938294411,"host":"1919a8e768c9","image_tag":null,"communication":{"generated_at":"2026-05-22T13:54:36Z","totals":{"requests":579,"request_bytes":646599,"response_bytes":146989,"total_bytes":793588,"retries":0},"init":{"requests":3,"request_bytes":8139,"response_bytes":1161,"total_bytes":9300,"retries":0,"median_elapsed_sec":0.36768102646},"init_round_latency":{"n_rounds":1,"median_round_wall_sec":0.37000751495,"p95_round_wall_sec":0.37000751495},"run":{"requests":0,"request_bytes":0,"response_bytes":0,"total_bytes":0,"retries":0,"median_elapsed_sec":"NA"},"run_bootstrap":{"requests":576,"request_bytes":638460,"response_bytes":145828,"total_bytes":784288,"retries":0,"median_elapsed_sec":3.6296190023},"round_latency":{"n_rounds":192,"median_round_wall_sec":3.7445607185,"p95_round_wall_sec":4.0344523191},"timing_split":{"n_rounds":192,"rounds_with_compute":192,"total_round_wall_sec":723.885269165,"total_round_compute_wall_sec":717.6543,"total_round_comm_overhead_wall_sec":6.230969165,"comm_overhead_ratio":0.0086076750425,"compute_ratio":0.99139232496}},"communication_files":{"csv":"/project/temp/deferiprone_single_oral_25mgkg_designcheck_20260511/validation/design_change_n403030_wtmclustT10_nomix_site403030_nondesignquota_precisionchol_basefitbootinit_preboot_20260521/runs/scenario1/bootstrap/federated/scenario1/raw_runs/run_20260522-134228/comm_metrics.csv","json":"/project/temp/deferiprone_single_oral_25mgkg_designcheck_20260511/validation/design_change_n403030_wtmclustT10_nomix_site403030_nondesignquota_precisionchol_basefitbootinit_preboot_20260521/runs/scenario1/bootstrap/federated/scenario1/raw_runs/run_20260522-134228/comm_metrics.json"},"output_files":{"bootstrap_summary_csv":"/project/temp/deferiprone_single_oral_25mgkg_designcheck_20260511/validation/design_change_n403030_wtmclustT10_nomix_site403030_nondesignquota_precisionchol_basefitbootinit_preboot_20260521/runs/scenario1/bootstrap/federated/scenario1/raw_runs/run_20260522-134228/bootstrap_summary.csv","bootstrap_summary_json":"/project/temp/deferiprone_single_oral_25mgkg_designcheck_20260511/validation/design_change_n403030_wtmclustT10_nomix_site403030_nondesignquota_precisionchol_basefitbootinit_preboot_20260521/runs/scenario1/bootstrap/federated/scenario1/raw_runs/run_20260522-134228/bootstrap_summary.json","trial_status_csv":"/project/temp/deferiprone_single_oral_25mgkg_designcheck_20260511/validation/design_change_n403030_wtmclustT10_nomix_site403030_nondesignquota_precisionchol_basefitbootinit_preboot_20260521/runs/scenario1/bootstrap/federated/scenario1/raw_runs/run_20260522-134228/trial_status.csv","failed_trials_csv":"/project/temp/deferiprone_single_oral_25mgkg_designcheck_20260511/validation/design_change_n403030_wtmclustT10_nomix_site403030_nondesignquota_precisionchol_basefitbootinit_preboot_20260521/runs/scenario1/bootstrap/federated/scenario1/raw_runs/run_20260522-134228/failed_trials.csv","trial_estimates_wide_csv":"/project/temp/deferiprone_single_oral_25mgkg_designcheck_20260511/validation/design_change_n403030_wtmclustT10_nomix_site403030_nondesignquota_precisionchol_basefitbootinit_preboot_20260521/runs/scenario1/bootstrap/federated/scenario1/raw_runs/run_20260522-134228/trial_estimates_wide.csv","trial_estimates_long_csv":"/project/temp/deferiprone_single_oral_25mgkg_designcheck_20260511/validation/design_change_n403030_wtmclustT10_nomix_site403030_nondesignquota_precisionchol_basefitbootinit_preboot_20260521/runs/scenario1/bootstrap/federated/scenario1/raw_runs/run_20260522-134228/trial_estimates_long.csv","result_json":"/project/temp/deferiprone_single_oral_25mgkg_designcheck_20260511/validation/design_change_n403030_wtmclustT10_nomix_site403030_nondesignquota_precisionchol_basefitbootinit_preboot_20260521/runs/scenario1/bootstrap/federated/scenario1/raw_runs/run_20260522-134228/result.json"}}}
[Kserver-1 exited with code 0
Aborting on container exit...
 Container defboot_design_change_n403030_wtmclu_scenario1_441_445-server-1  Stopping
 Container defboot_design_change_n403030_wtmclu_scenario1_441_445-server-1  Stopped
 Container defboot_design_change_n403030_wtmclu_scenario1_441_445-client2-1  Stopping
 Container defboot_design_change_n403030_wtmclu_scenario1_441_445-client3-1  Stopping
 Container defboot_design_change_n403030_wtmclu_scenario1_441_445-client1-1  Stopping
 Container defboot_design_change_n403030_wtmclu_scenario1_441_445-client3-1  Stopped
 Container defboot_design_change_n403030_wtmclu_scenario1_441_445-client2-1  Stopped
 Container defboot_design_change_n403030_wtmclu_scenario1_441_445-client1-1  Stopped
time="2026-05-22T22:54:46+09:00" level=warning msg="The \"SERVER_CONFIG_PATH\" variable is not set. Defaulting to a blank string."
 Container defboot_design_change_n403030_wtmclu_scenario1_441_445-server-1  Stopping
 Container defboot_design_change_n403030_wtmclu_scenario1_441_445-server-1  Stopped
 Container defboot_design_change_n403030_wtmclu_scenario1_441_445-server-1  Removing
 Container defboot_design_change_n403030_wtmclu_scenario1_441_445-server-1  Removed
 Container defboot_design_change_n403030_wtmclu_scenario1_441_445-client3-1  Stopping
 Container defboot_design_change_n403030_wtmclu_scenario1_441_445-client1-1  Stopping
 Container defboot_design_change_n403030_wtmclu_scenario1_441_445-client2-1  Stopping
 Container defboot_design_change_n403030_wtmclu_scenario1_441_445-client3-1  Stopped
 Container defboot_design_change_n403030_wtmclu_scenario1_441_445-client3-1  Removing
 Container defboot_design_change_n403030_wtmclu_scenario1_441_445-client1-1  Stopped
 Container defboot_design_change_n403030_wtmclu_scenario1_441_445-client1-1  Removing
 Container defboot_design_change_n403030_wtmclu_scenario1_441_445-client2-1  Stopped
 Container defboot_design_change_n403030_wtmclu_scenario1_441_445-client2-1  Removing
 Container defboot_design_change_n403030_wtmclu_scenario1_441_445-client3-1  Removed
 Container defboot_design_change_n403030_wtmclu_scenario1_441_445-client1-1  Removed
 Container defboot_design_change_n403030_wtmclu_scenario1_441_445-client2-1  Removed
 Network defboot_design_change_n403030_wtmclu_scenario1_441_445_site3_net  Removing
 Network defboot_design_change_n403030_wtmclu_scenario1_441_445_site1_net  Removing
 Network defboot_design_change_n403030_wtmclu_scenario1_441_445_site2_net  Removing
 Network defboot_design_change_n403030_wtmclu_scenario1_441_445_site3_net  Removed
 Network defboot_design_change_n403030_wtmclu_scenario1_441_445_site1_net  Removed
 Network defboot_design_change_n403030_wtmclu_scenario1_441_445_site2_net  Removed
