time="2026-05-22T12:02:19+09:00" level=warning msg="The \"SERVER_CONFIG_PATH\" variable is not set. Defaulting to a blank string."
Compose now can delegate build to bake for better performances
Just set COMPOSE_BAKE=true
#0 building with "default" instance using docker driver

#1 [client3 internal] load build definition from Dockerfile.app
#1 transferring dockerfile: 778B done
#1 DONE 0.0s

#2 [client2 internal] load build definition from Dockerfile.app
#2 transferring dockerfile: 778B done
#2 DONE 0.0s

#3 [client1 internal] load build definition from Dockerfile.app
#3 transferring dockerfile: 778B done
#3 DONE 0.0s

#4 [client1 internal] load metadata for docker.io/fedpoppk/base:0.1.0
#4 DONE 0.0s

#5 [client3 internal] load .dockerignore
#5 transferring context: 2B done
#5 DONE 0.0s

#6 [client2 internal] load .dockerignore
#6 transferring context: 2B done
#6 DONE 0.0s

#7 [client1 internal] load .dockerignore
#7 transferring context: 2B done
#7 DONE 0.0s

#8 [client1 1/8] FROM docker.io/fedpoppk/base:0.1.0
#8 DONE 0.0s

#9 [client3 internal] load build context
#9 ...

#10 [client2 internal] load build context
#10 transferring context: 736.51kB 0.3s done
#10 DONE 0.3s

#9 [client3 internal] load build context
#9 transferring context: 736.51kB 0.3s done
#9 DONE 0.3s

#11 [client1 internal] load build context
#11 transferring context: 736.51kB 0.3s done
#11 DONE 0.3s

#12 [client2 4/8] RUN Rscript -e "options(renv.consent=TRUE, Ncpus=parallel::detectCores());                 renv::restore(prompt=FALSE)"
#12 CACHED

#13 [client2 6/8] COPY R/ R/
#13 CACHED

#14 [client2 7/8] COPY analysis/ analysis/
#14 CACHED

#15 [client2 5/8] COPY apps/ apps/
#15 CACHED

#16 [client2 2/8] WORKDIR /project
#16 CACHED

#17 [client2 3/8] COPY renv.lock .Rprofile renv/activate.R ./
#17 CACHED

#18 [client3 8/8] RUN mkdir -p /project/configs/modes /project/data /project/artifacts /project/result
#18 CACHED

#19 [client1] exporting to image
#19 exporting layers done
#19 writing image sha256:1409de083555a5d9d0e250485a8c232f00834dc34c1bee7d9f96a6257e63ef2d done
#19 naming to docker.io/library/defboot_design_change_n403030_wtmclu_scenario1_236_240-client1 0.0s done
#19 DONE 0.0s

#20 [client3] exporting to image
#20 exporting layers done
#20 writing image sha256:b99b2af4ff9c01d5976b57aeea76cf5139e71a0af10d79fd8578e4374c274f0e done
#20 naming to docker.io/library/defboot_design_change_n403030_wtmclu_scenario1_236_240-client3 0.0s done
#20 DONE 0.0s

#21 [client2] exporting to image
#21 exporting layers done
#21 writing image sha256:ff237a1f8e7365141819db603308b183684b095af951a462a4101778fc6935d5 done
#21 naming to docker.io/library/defboot_design_change_n403030_wtmclu_scenario1_236_240-client2 0.0s done
#21 DONE 0.1s

#22 [client1] resolving provenance for metadata file
#22 DONE 0.0s

#23 [client3] resolving provenance for metadata file
#23 DONE 0.0s

#24 [client2] resolving provenance for metadata file
#24 DONE 0.0s

#25 [server internal] load build definition from Dockerfile.app
#25 transferring dockerfile: 778B done
#25 DONE 0.0s

#4 [server internal] load metadata for docker.io/fedpoppk/base:0.1.0
#4 DONE 0.0s

#26 [server internal] load .dockerignore
#26 transferring context: 2B done
#26 DONE 0.0s

#8 [server 1/8] FROM docker.io/fedpoppk/base:0.1.0
#8 DONE 0.0s

#27 [server internal] load build context
#27 transferring context: 736.51kB 0.3s done
#27 DONE 0.4s

#28 [server 4/8] RUN Rscript -e "options(renv.consent=TRUE, Ncpus=parallel::detectCores());                 renv::restore(prompt=FALSE)"
#28 CACHED

#16 [server 2/8] WORKDIR /project
#16 CACHED

#29 [server 3/8] COPY renv.lock .Rprofile renv/activate.R ./
#29 CACHED

#30 [server 7/8] COPY analysis/ analysis/
#30 CACHED

#31 [server 6/8] COPY R/ R/
#31 CACHED

#32 [server 5/8] COPY apps/ apps/
#32 CACHED

#33 [server 8/8] RUN mkdir -p /project/configs/modes /project/data /project/artifacts /project/result
#33 CACHED

#34 [server] exporting to image
#34 exporting layers done
#34 writing image sha256:e2ef995d2ac0421d673d08ad387cffb78cd695b927661251ea1e3da19a5c089d done
#34 naming to docker.io/library/defboot_design_change_n403030_wtmclu_scenario1_236_240-server 0.0s done
#34 DONE 0.0s

#35 [server] resolving provenance for metadata file
#35 DONE 0.0s
 client1  Built
 client2  Built
 client3  Built
 server  Built
 Network defboot_design_change_n403030_wtmclu_scenario1_236_240_site2_net  Creating
 Network defboot_design_change_n403030_wtmclu_scenario1_236_240_site2_net  Created
 Network defboot_design_change_n403030_wtmclu_scenario1_236_240_site3_net  Creating
 Network defboot_design_change_n403030_wtmclu_scenario1_236_240_site3_net  Created
 Network defboot_design_change_n403030_wtmclu_scenario1_236_240_site1_net  Creating
 Network defboot_design_change_n403030_wtmclu_scenario1_236_240_site1_net  Created
 Container defboot_design_change_n403030_wtmclu_scenario1_236_240-client1-1  Creating
 Container defboot_design_change_n403030_wtmclu_scenario1_236_240-client3-1  Creating
 Container defboot_design_change_n403030_wtmclu_scenario1_236_240-client2-1  Creating
 Container defboot_design_change_n403030_wtmclu_scenario1_236_240-client2-1  Created
 Container defboot_design_change_n403030_wtmclu_scenario1_236_240-client3-1  Created
 Container defboot_design_change_n403030_wtmclu_scenario1_236_240-client1-1  Created
 Container defboot_design_change_n403030_wtmclu_scenario1_236_240-server-1  Creating
 Container defboot_design_change_n403030_wtmclu_scenario1_236_240-server-1  Created
Attaching to client1-1, client2-1, client3-1, server-1
client2-1  | Running plumber API at http://0.0.0.0:8000
client2-1  | Running swagger Docs at http://127.0.0.1:8000/__docs__/
client3-1  | Running plumber API at http://0.0.0.0:8000
client3-1  | Running swagger Docs at http://127.0.0.1:8000/__docs__/
client1-1  | Running plumber API at http://0.0.0.0:8000
client1-1  | Running swagger Docs at http://127.0.0.1:8000/__docs__/
client1-1  | ℹ parameter labels from comments are typically ignored in non-interactive mode
client1-1  | ℹ Need to run with the source intact to parse comments
client2-1  | ℹ parameter labels from comments are typically ignored in non-interactive mode
client2-1  | ℹ Need to run with the source intact to parse comments
client3-1  | ℹ parameter labels from comments are typically ignored in non-interactive mode
client3-1  | ℹ Need to run with the source intact to parse comments
server-1   | [send_init] http://client2:8000 init succeeded
server-1   | [send_init] http://client1:8000 init succeeded
server-1   | [send_init] http://client3:8000 init succeeded
server-1   | {"schema":{"schema_version":"1.1.0","generated_at":"2026-05-22T03:02:28Z","config_path":"/project/configs/../temp/deferiprone_single_oral_25mgkg_designcheck_20260511/validation/design_change_n403030_wtmclustT10_nomix_site403030_nondesignquota_precisionchol_basefitbootinit_preboot_20260521/configs/resolved/scenario1_bootstrap.json","config_md5":"9d7556058a6c3cb18af9ad7ffdd7076b","seed":4869,"host":"d5d20e2757f0","pid":1,"image_tag":null,"git_sha":null,"git_dirty":null},"aggregation":{"ci_method":"percentile","ci_level":0.95,"quantile_type":7,"estimates_scale":"natural"},"summary":[{"parameter":"(etaLcl,etaLvc)","median":0.068479910728,"p2.5":0.048773257381,"p97.5":0.081133685023},{"parameter":"CcPropSd","median":0.34975355604,"p2.5":0.33944598531,"p97.5":0.37078289175},{"parameter":"etaLcl","median":0.09750967927,"p2.5":0.086335064458,"p97.5":0.14473366748},{"parameter":"etaLvc","median":0.039368307443,"p2.5":0.028736493144,"p97.5":0.055645623711},{"parameter":"lcl","median":2.1400296157,"p2.5":2.1286457485,"p97.5":2.1839648804},{"parameter":"lka","median":2.2465166345,"p2.5":2.1633567809,"p97.5":2.4478406656},{"parameter":"lvc","median":2.9753108434,"p2.5":2.8741616138,"p97.5":3.0072204637},{"parameter":"rho_(etaLcl,etaLvc)","median":0.98053927388,"p2.5":0.97348140403,"p97.5":0.98602958201}],"runs":[{"tag":"trial_236_20260522-030228","value":2223.2639,"counts":[39,39],"control":{"maxit":100,"factr":1000000000,"pgtol":0,"trace":0,"method":"L-BFGS-B"},"convergence":0,"message":"CONVERGENCE: REL_REDUCTION_OF_F <= FACTR*EPSMCH","nat_par":{"lka":2.448957955,"lcl":2.1323551628,"lvc":2.9861378273,"CcPropSd":0.34303561217,"etaLcl":0.09750967927,"etaLvc":0.035644649575,"(etaLcl,etaLvc)":0.057690631436,"rho_(etaLcl,etaLvc)":0.97855277691},"failed_clients":[],"attempt":1,"files":{"result":"/project/temp/deferiprone_single_oral_25mgkg_designcheck_20260511/validation/design_change_n403030_wtmclustT10_nomix_site403030_nondesignquota_precisionchol_basefitbootinit_preboot_20260521/runs/scenario1/bootstrap/federated/scenario1/raw_runs/run_20260522-030228/optim_result_trial_236_20260522-030228.json","trace":"/project/temp/deferiprone_single_oral_25mgkg_designcheck_20260511/validation/design_change_n403030_wtmclustT10_nomix_site403030_nondesignquota_precisionchol_basefitbootinit_preboot_20260521/runs/scenario1/bootstrap/federated/scenario1/raw_runs/run_20260522-030228/optim_trace_trial_236_20260522-030228.csv","final":"/project/temp/deferiprone_single_oral_25mgkg_designcheck_20260511/validation/design_change_n403030_wtmclustT10_nomix_site403030_nondesignquota_precisionchol_basefitbootinit_preboot_20260521/runs/scenario1/bootstrap/federated/scenario1/raw_runs/run_20260522-030228/final_params_trial_236_20260522-030228.csv"},"log_n":39,"execution_state":"completed","trial":236,"attempts":1},{"tag":"trial_237_20260522-030723","value":2218.7726,"counts":[21,21],"control":{"maxit":100,"factr":1000000000,"pgtol":0,"trace":0,"method":"L-BFGS-B"},"convergence":0,"message":"CONVERGENCE: REL_REDUCTION_OF_F <= FACTR*EPSMCH","nat_par":{"lka":2.1605803993,"lcl":2.1400296157,"lvc":2.8685586392,"CcPropSd":0.35357427108,"etaLcl":0.086239952185,"etaLvc":0.027968920208,"(etaLcl,etaLvc)":0.047782438042,"rho_(etaLcl,etaLvc)":0.97291791816},"failed_clients":[],"attempt":1,"files":{"result":"/project/temp/deferiprone_single_oral_25mgkg_designcheck_20260511/validation/design_change_n403030_wtmclustT10_nomix_site403030_nondesignquota_precisionchol_basefitbootinit_preboot_20260521/runs/scenario1/bootstrap/federated/scenario1/raw_runs/run_20260522-030228/optim_result_trial_237_20260522-030723.json","trace":"/project/temp/deferiprone_single_oral_25mgkg_designcheck_20260511/validation/design_change_n403030_wtmclustT10_nomix_site403030_nondesignquota_precisionchol_basefitbootinit_preboot_20260521/runs/scenario1/bootstrap/federated/scenario1/raw_runs/run_20260522-030228/optim_trace_trial_237_20260522-030723.csv","final":"/project/temp/deferiprone_single_oral_25mgkg_designcheck_20260511/validation/design_change_n403030_wtmclustT10_nomix_site403030_nondesignquota_precisionchol_basefitbootinit_preboot_20260521/runs/scenario1/bootstrap/federated/scenario1/raw_runs/run_20260522-030228/final_params_trial_237_20260522-030723.csv"},"log_n":21,"execution_state":"completed","trial":237,"attempts":1},{"tag":"trial_238_20260522-031003","value":2220.9515,"counts":[21,21],"control":{"maxit":100,"factr":1000000000,"pgtol":0,"trace":0,"method":"L-BFGS-B"},"convergence":0,"message":"CONVERGENCE: REL_REDUCTION_OF_F <= FACTR*EPSMCH","nat_par":{"lka":2.2465166345,"lcl":2.1862021272,"lvc":3.0095629788,"CcPropSd":0.34975355604,"etaLcl":0.12389381918,"etaLvc":0.039368307443,"(etaLcl,etaLvc)":0.068479910728,"rho_(etaLcl,etaLvc)":0.98053927388},"failed_clients":[],"attempt":1,"files":{"result":"/project/temp/deferiprone_single_oral_25mgkg_designcheck_20260511/validation/design_change_n403030_wtmclustT10_nomix_site403030_nondesignquota_precisionchol_basefitbootinit_preboot_20260521/runs/scenario1/bootstrap/federated/scenario1/raw_runs/run_20260522-030228/optim_result_trial_238_20260522-031003.json","trace":"/project/temp/deferiprone_single_oral_25mgkg_designcheck_20260511/validation/design_change_n403030_wtmclustT10_nomix_site403030_nondesignquota_precisionchol_basefitbootinit_preboot_20260521/runs/scenario1/bootstrap/federated/scenario1/raw_runs/run_20260522-030228/optim_trace_trial_238_20260522-031003.csv","final":"/project/temp/deferiprone_single_oral_25mgkg_designcheck_20260511/validation/design_change_n403030_wtmclustT10_nomix_site403030_nondesignquota_precisionchol_basefitbootinit_preboot_20260521/runs/scenario1/bootstrap/federated/scenario1/raw_runs/run_20260522-030228/final_params_trial_238_20260522-031003.csv"},"log_n":21,"execution_state":"completed","trial":238,"attempts":1},{"tag":"trial_239_20260522-031243","value":2236.2549,"counts":[20,20],"control":{"maxit":100,"factr":1000000000,"pgtol":0,"trace":0,"method":"L-BFGS-B"},"convergence":0,"message":"CONVERGENCE: REL_REDUCTION_OF_F <= FACTR*EPSMCH","nat_par":{"lka":2.4377850616,"lcl":2.1282335913,"lvc":2.9245883852,"CcPropSd":0.33904713788,"etaLcl":0.14704920618,"etaLvc":0.047763370063,"(etaLcl,etaLvc)":0.08245554613,"rho_(etaLcl,etaLvc)":0.98387754626},"failed_clients":[],"attempt":1,"files":{"result":"/project/temp/deferiprone_single_oral_25mgkg_designcheck_20260511/validation/design_change_n403030_wtmclustT10_nomix_site403030_nondesignquota_precisionchol_basefitbootinit_preboot_20260521/runs/scenario1/bootstrap/federated/scenario1/raw_runs/run_20260522-030228/optim_result_trial_239_20260522-031243.json","trace":"/project/temp/deferiprone_single_oral_25mgkg_designcheck_20260511/validation/design_change_n403030_wtmclustT10_nomix_site403030_nondesignquota_precisionchol_basefitbootinit_preboot_20260521/runs/scenario1/bootstrap/federated/scenario1/raw_runs/run_20260522-030228/optim_trace_trial_239_20260522-031243.csv","final":"/project/temp/deferiprone_single_oral_25mgkg_designcheck_20260511/validation/design_change_n403030_wtmclustT10_nomix_site403030_nondesignquota_precisionchol_basefitbootinit_preboot_20260521/runs/scenario1/bootstrap/federated/scenario1/raw_runs/run_20260522-030228/final_params_trial_239_20260522-031243.csv"},"log_n":20,"execution_state":"completed","trial":239,"attempts":1},{"tag":"trial_240_20260522-031516","value":2227.2888,"counts":[23,23],"control":{"maxit":100,"factr":1000000000,"pgtol":0,"trace":0,"method":"L-BFGS-B"},"convergence":0,"message":"CONVERGENCE: REL_REDUCTION_OF_F <= FACTR*EPSMCH","nat_par":{"lka":2.1883442153,"lcl":2.163829659,"lvc":2.9753108434,"CcPropSd":0.37269496072,"etaLcl":0.087191074915,"etaLvc":0.056521429672,"(etaLcl,etaLvc)":0.069236935061,"rho_(etaLcl,etaLvc)":0.9862686971},"failed_clients":[],"attempt":1,"files":{"result":"/project/temp/deferiprone_single_oral_25mgkg_designcheck_20260511/validation/design_change_n403030_wtmclustT10_nomix_site403030_nondesignquota_precisionchol_basefitbootinit_preboot_20260521/runs/scenario1/bootstrap/federated/scenario1/raw_runs/run_20260522-030228/optim_result_trial_240_20260522-031516.json","trace":"/project/temp/deferiprone_single_oral_25mgkg_designcheck_20260511/validation/design_change_n403030_wtmclustT10_nomix_site403030_nondesignquota_precisionchol_basefitbootinit_preboot_20260521/runs/scenario1/bootstrap/federated/scenario1/raw_runs/run_20260522-030228/optim_trace_trial_240_20260522-031516.csv","final":"/project/temp/deferiprone_single_oral_25mgkg_designcheck_20260511/validation/design_change_n403030_wtmclustT10_nomix_site403030_nondesignquota_precisionchol_basefitbootinit_preboot_20260521/runs/scenario1/bootstrap/federated/scenario1/raw_runs/run_20260522-030228/final_params_trial_240_20260522-031516.csv"},"log_n":23,"execution_state":"completed","trial":240,"attempts":1}],"trial_status":[{"trial":236,"execution_state":"completed","converged":true,"attempts":1,"convergence":0,"value":2223.2639,"eval_fn":39,"eval_gr":39,"log_n":39,"failed_clients_n":0,"message":"CONVERGENCE: REL_REDUCTION_OF_F <= FACTR*EPSMCH","result_file":"/project/temp/deferiprone_single_oral_25mgkg_designcheck_20260511/validation/design_change_n403030_wtmclustT10_nomix_site403030_nondesignquota_precisionchol_basefitbootinit_preboot_20260521/runs/scenario1/bootstrap/federated/scenario1/raw_runs/run_20260522-030228/optim_result_trial_236_20260522-030228.json","trace_file":"/project/temp/deferiprone_single_oral_25mgkg_designcheck_20260511/validation/design_change_n403030_wtmclustT10_nomix_site403030_nondesignquota_precisionchol_basefitbootinit_preboot_20260521/runs/scenario1/bootstrap/federated/scenario1/raw_runs/run_20260522-030228/optim_trace_trial_236_20260522-030228.csv","final_file":"/project/temp/deferiprone_single_oral_25mgkg_designcheck_20260511/validation/design_change_n403030_wtmclustT10_nomix_site403030_nondesignquota_precisionchol_basefitbootinit_preboot_20260521/runs/scenario1/bootstrap/federated/scenario1/raw_runs/run_20260522-030228/final_params_trial_236_20260522-030228.csv"},{"trial":237,"execution_state":"completed","converged":true,"attempts":1,"convergence":0,"value":2218.7726,"eval_fn":21,"eval_gr":21,"log_n":21,"failed_clients_n":0,"message":"CONVERGENCE: REL_REDUCTION_OF_F <= FACTR*EPSMCH","result_file":"/project/temp/deferiprone_single_oral_25mgkg_designcheck_20260511/validation/design_change_n403030_wtmclustT10_nomix_site403030_nondesignquota_precisionchol_basefitbootinit_preboot_20260521/runs/scenario1/bootstrap/federated/scenario1/raw_runs/run_20260522-030228/optim_result_trial_237_20260522-030723.json","trace_file":"/project/temp/deferiprone_single_oral_25mgkg_designcheck_20260511/validation/design_change_n403030_wtmclustT10_nomix_site403030_nondesignquota_precisionchol_basefitbootinit_preboot_20260521/runs/scenario1/bootstrap/federated/scenario1/raw_runs/run_20260522-030228/optim_trace_trial_237_20260522-030723.csv","final_file":"/project/temp/deferiprone_single_oral_25mgkg_designcheck_20260511/validation/design_change_n403030_wtmclustT10_nomix_site403030_nondesignquota_precisionchol_basefitbootinit_preboot_20260521/runs/scenario1/bootstrap/federated/scenario1/raw_runs/run_20260522-030228/final_params_trial_237_20260522-030723.csv"},{"trial":238,"execution_state":"completed","converged":true,"attempts":1,"convergence":0,"value":2220.9515,"eval_fn":21,"eval_gr":21,"log_n":21,"failed_clients_n":0,"message":"CONVERGENCE: REL_REDUCTION_OF_F <= FACTR*EPSMCH","result_file":"/project/temp/deferiprone_single_oral_25mgkg_designcheck_20260511/validation/design_change_n403030_wtmclustT10_nomix_site403030_nondesignquota_precisionchol_basefitbootinit_preboot_20260521/runs/scenario1/bootstrap/federated/scenario1/raw_runs/run_20260522-030228/optim_result_trial_238_20260522-031003.json","trace_file":"/project/temp/deferiprone_single_oral_25mgkg_designcheck_20260511/validation/design_change_n403030_wtmclustT10_nomix_site403030_nondesignquota_precisionchol_basefitbootinit_preboot_20260521/runs/scenario1/bootstrap/federated/scenario1/raw_runs/run_20260522-030228/optim_trace_trial_238_20260522-031003.csv","final_file":"/project/temp/deferiprone_single_oral_25mgkg_designcheck_20260511/validation/design_change_n403030_wtmclustT10_nomix_site403030_nondesignquota_precisionchol_basefitbootinit_preboot_20260521/runs/scenario1/bootstrap/federated/scenario1/raw_runs/run_20260522-030228/final_params_trial_238_20260522-031003.csv"},{"trial":239,"execution_state":"completed","converged":true,"attempts":1,"convergence":0,"value":2236.2549,"eval_fn":20,"eval_gr":20,"log_n":20,"failed_clients_n":0,"message":"CONVERGENCE: REL_REDUCTION_OF_F <= FACTR*EPSMCH","result_file":"/project/temp/deferiprone_single_oral_25mgkg_designcheck_20260511/validation/design_change_n403030_wtmclustT10_nomix_site403030_nondesignquota_precisionchol_basefitbootinit_preboot_20260521/runs/scenario1/bootstrap/federated/scenario1/raw_runs/run_20260522-030228/optim_result_trial_239_20260522-031243.json","trace_file":"/project/temp/deferiprone_single_oral_25mgkg_designcheck_20260511/validation/design_change_n403030_wtmclustT10_nomix_site403030_nondesignquota_precisionchol_basefitbootinit_preboot_20260521/runs/scenario1/bootstrap/federated/scenario1/raw_runs/run_20260522-030228/optim_trace_trial_239_20260522-031243.csv","final_file":"/project/temp/deferiprone_single_oral_25mgkg_designcheck_20260511/validation/design_change_n403030_wtmclustT10_nomix_site403030_nondesignquota_precisionchol_basefitbootinit_preboot_20260521/runs/scenario1/bootstrap/federated/scenario1/raw_runs/run_20260522-030228/final_params_trial_239_20260522-031243.csv"},{"trial":240,"execution_state":"completed","converged":true,"attempts":1,"convergence":0,"value":2227.2888,"eval_fn":23,"eval_gr":23,"log_n":23,"failed_clients_n":0,"message":"CONVERGENCE: REL_REDUCTION_OF_F <= FACTR*EPSMCH","result_file":"/project/temp/deferiprone_single_oral_25mgkg_designcheck_20260511/validation/design_change_n403030_wtmclustT10_nomix_site403030_nondesignquota_precisionchol_basefitbootinit_preboot_20260521/runs/scenario1/bootstrap/federated/scenario1/raw_runs/run_20260522-030228/optim_result_trial_240_20260522-031516.json","trace_file":"/project/temp/deferiprone_single_oral_25mgkg_designcheck_20260511/validation/design_change_n403030_wtmclustT10_nomix_site403030_nondesignquota_precisionchol_basefitbootinit_preboot_20260521/runs/scenario1/bootstrap/federated/scenario1/raw_runs/run_20260522-030228/optim_trace_trial_240_20260522-031516.csv","final_file":"/project/temp/deferiprone_single_oral_25mgkg_designcheck_20260511/validation/design_change_n403030_wtmclustT10_nomix_site403030_nondesignquota_precisionchol_basefitbootinit_preboot_20260521/runs/scenario1/bootstrap/federated/scenario1/raw_runs/run_20260522-030228/final_params_trial_240_20260522-031516.csv"}],"info":{"run_id":"20260522-030228","log_base_dir":"/project/temp/deferiprone_single_oral_25mgkg_designcheck_20260511/validation/design_change_n403030_wtmclustT10_nomix_site403030_nondesignquota_precisionchol_basefitbootinit_preboot_20260521/runs/scenario1/bootstrap/federated","scenario":"scenario1/raw_runs","total_trials":5,"successes":5,"failures":0,"nonconverged_count":0,"nonconverged_trials":[],"convergence_missing_count":0,"seed_base":4869,"B_per_client":500,"duration_sec":949.4383261204,"host":"d5d20e2757f0","image_tag":null,"communication":{"generated_at":"2026-05-22T03:18:11Z","totals":{"requests":747,"request_bytes":832821,"response_bytes":189793,"total_bytes":1022614,"retries":0},"init":{"requests":3,"request_bytes":8139,"response_bytes":1161,"total_bytes":9300,"retries":0,"median_elapsed_sec":0.3641602993},"init_round_latency":{"n_rounds":1,"median_round_wall_sec":0.37091398239,"p95_round_wall_sec":0.37091398239},"run":{"requests":0,"request_bytes":0,"response_bytes":0,"total_bytes":0,"retries":0,"median_elapsed_sec":"NA"},"run_bootstrap":{"requests":744,"request_bytes":824682,"response_bytes":188632,"total_bytes":1013314,"retries":0,"median_elapsed_sec":3.6551771164},"round_latency":{"n_rounds":248,"median_round_wall_sec":3.7630530596,"p95_round_wall_sec":4.0278405786},"timing_split":{"n_rounds":248,"rounds_with_compute":248,"total_round_wall_sec":938.4160149097,"total_round_compute_wall_sec":930.1272,"total_round_comm_overhead_wall_sec":8.2888149097,"comm_overhead_ratio":0.0088327722226,"compute_ratio":0.99116722778}},"communication_files":{"csv":"/project/temp/deferiprone_single_oral_25mgkg_designcheck_20260511/validation/design_change_n403030_wtmclustT10_nomix_site403030_nondesignquota_precisionchol_basefitbootinit_preboot_20260521/runs/scenario1/bootstrap/federated/scenario1/raw_runs/run_20260522-030228/comm_metrics.csv","json":"/project/temp/deferiprone_single_oral_25mgkg_designcheck_20260511/validation/design_change_n403030_wtmclustT10_nomix_site403030_nondesignquota_precisionchol_basefitbootinit_preboot_20260521/runs/scenario1/bootstrap/federated/scenario1/raw_runs/run_20260522-030228/comm_metrics.json"},"output_files":{"bootstrap_summary_csv":"/project/temp/deferiprone_single_oral_25mgkg_designcheck_20260511/validation/design_change_n403030_wtmclustT10_nomix_site403030_nondesignquota_precisionchol_basefitbootinit_preboot_20260521/runs/scenario1/bootstrap/federated/scenario1/raw_runs/run_20260522-030228/bootstrap_summary.csv","bootstrap_summary_json":"/project/temp/deferiprone_single_oral_25mgkg_designcheck_20260511/validation/design_change_n403030_wtmclustT10_nomix_site403030_nondesignquota_precisionchol_basefitbootinit_preboot_20260521/runs/scenario1/bootstrap/federated/scenario1/raw_runs/run_20260522-030228/bootstrap_summary.json","trial_status_csv":"/project/temp/deferiprone_single_oral_25mgkg_designcheck_20260511/validation/design_change_n403030_wtmclustT10_nomix_site403030_nondesignquota_precisionchol_basefitbootinit_preboot_20260521/runs/scenario1/bootstrap/federated/scenario1/raw_runs/run_20260522-030228/trial_status.csv","failed_trials_csv":"/project/temp/deferiprone_single_oral_25mgkg_designcheck_20260511/validation/design_change_n403030_wtmclustT10_nomix_site403030_nondesignquota_precisionchol_basefitbootinit_preboot_20260521/runs/scenario1/bootstrap/federated/scenario1/raw_runs/run_20260522-030228/failed_trials.csv","trial_estimates_wide_csv":"/project/temp/deferiprone_single_oral_25mgkg_designcheck_20260511/validation/design_change_n403030_wtmclustT10_nomix_site403030_nondesignquota_precisionchol_basefitbootinit_preboot_20260521/runs/scenario1/bootstrap/federated/scenario1/raw_runs/run_20260522-030228/trial_estimates_wide.csv","trial_estimates_long_csv":"/project/temp/deferiprone_single_oral_25mgkg_designcheck_20260511/validation/design_change_n403030_wtmclustT10_nomix_site403030_nondesignquota_precisionchol_basefitbootinit_preboot_20260521/runs/scenario1/bootstrap/federated/scenario1/raw_runs/run_20260522-030228/trial_estimates_long.csv","result_json":"/project/temp/deferiprone_single_oral_25mgkg_designcheck_20260511/validation/design_change_n403030_wtmclustT10_nomix_site403030_nondesignquota_precisionchol_basefitbootinit_preboot_20260521/runs/scenario1/bootstrap/federated/scenario1/raw_runs/run_20260522-030228/result.json"}}}
[Kserver-1 exited with code 0
Aborting on container exit...
 Container defboot_design_change_n403030_wtmclu_scenario1_236_240-server-1  Stopping
 Container defboot_design_change_n403030_wtmclu_scenario1_236_240-server-1  Stopped
 Container defboot_design_change_n403030_wtmclu_scenario1_236_240-client1-1  Stopping
 Container defboot_design_change_n403030_wtmclu_scenario1_236_240-client3-1  Stopping
 Container defboot_design_change_n403030_wtmclu_scenario1_236_240-client2-1  Stopping
 Container defboot_design_change_n403030_wtmclu_scenario1_236_240-client2-1  Stopped
 Container defboot_design_change_n403030_wtmclu_scenario1_236_240-client1-1  Stopped
 Container defboot_design_change_n403030_wtmclu_scenario1_236_240-client3-1  Stopped
time="2026-05-22T12:18:22+09:00" level=warning msg="The \"SERVER_CONFIG_PATH\" variable is not set. Defaulting to a blank string."
 Container defboot_design_change_n403030_wtmclu_scenario1_236_240-server-1  Stopping
 Container defboot_design_change_n403030_wtmclu_scenario1_236_240-server-1  Stopped
 Container defboot_design_change_n403030_wtmclu_scenario1_236_240-server-1  Removing
 Container defboot_design_change_n403030_wtmclu_scenario1_236_240-server-1  Removed
 Container defboot_design_change_n403030_wtmclu_scenario1_236_240-client1-1  Stopping
 Container defboot_design_change_n403030_wtmclu_scenario1_236_240-client3-1  Stopping
 Container defboot_design_change_n403030_wtmclu_scenario1_236_240-client2-1  Stopping
 Container defboot_design_change_n403030_wtmclu_scenario1_236_240-client1-1  Stopped
 Container defboot_design_change_n403030_wtmclu_scenario1_236_240-client1-1  Removing
 Container defboot_design_change_n403030_wtmclu_scenario1_236_240-client3-1  Stopped
 Container defboot_design_change_n403030_wtmclu_scenario1_236_240-client3-1  Removing
 Container defboot_design_change_n403030_wtmclu_scenario1_236_240-client2-1  Stopped
 Container defboot_design_change_n403030_wtmclu_scenario1_236_240-client2-1  Removing
 Container defboot_design_change_n403030_wtmclu_scenario1_236_240-client1-1  Removed
 Container defboot_design_change_n403030_wtmclu_scenario1_236_240-client2-1  Removed
 Container defboot_design_change_n403030_wtmclu_scenario1_236_240-client3-1  Removed
 Network defboot_design_change_n403030_wtmclu_scenario1_236_240_site1_net  Removing
 Network defboot_design_change_n403030_wtmclu_scenario1_236_240_site2_net  Removing
 Network defboot_design_change_n403030_wtmclu_scenario1_236_240_site3_net  Removing
 Network defboot_design_change_n403030_wtmclu_scenario1_236_240_site2_net  Removed
 Network defboot_design_change_n403030_wtmclu_scenario1_236_240_site1_net  Removed
 Network defboot_design_change_n403030_wtmclu_scenario1_236_240_site3_net  Removed
